
> opencode-vscode@0.1.0 test
> node --test tests/**/*.test.mjs

TAP version 13
# Subtest: BudgetIndicator is exported
ok 1 - BudgetIndicator is exported
  ---
  duration_ms: 4.2328
  type: 'test'
  ...
# Subtest: BudgetIndicator uses app state
ok 2 - BudgetIndicator uses app state
  ---
  duration_ms: 1.6142
  type: 'test'
  ...
# Subtest: BudgetIndicator returns null when disabled
ok 3 - BudgetIndicator returns null when disabled
  ---
  duration_ms: 1.505
  type: 'test'
  ...
# Subtest: BudgetIndicator calculates usage percentage
ok 4 - BudgetIndicator calculates usage percentage
  ---
  duration_ms: 3.0133
  type: 'test'
  ...
# Subtest: BudgetIndicator displays plan name
ok 5 - BudgetIndicator displays plan name
  ---
  duration_ms: 2.6924
  type: 'test'
  ...
# Subtest: BudgetIndicator displays daily usage
ok 6 - BudgetIndicator displays daily usage
  ---
  duration_ms: 0.8546
  type: 'test'
  ...
# Subtest: BudgetIndicator displays remaining today
ok 7 - BudgetIndicator displays remaining today
  ---
  duration_ms: 1.0041
  type: 'test'
  ...
# Subtest: BudgetIndicator shows monthly stats
ok 8 - BudgetIndicator shows monthly stats
  ---
  duration_ms: 0.6281
  type: 'test'
  ...
# Subtest: BudgetIndicator determines bar color by warning level
ok 9 - BudgetIndicator determines bar color by warning level
  ---
  duration_ms: 3.0022
  type: 'test'
  ...
# Subtest: BudgetIndicator determines text color by warning level
ok 10 - BudgetIndicator determines text color by warning level
  ---
  duration_ms: 1.3405
  type: 'test'
  ...
# Subtest: BudgetIndicator shows warning indicators
ok 11 - BudgetIndicator shows warning indicators
  ---
  duration_ms: 0.9767
  type: 'test'
  ...
# Subtest: BudgetIndicator renders progress bar
ok 12 - BudgetIndicator renders progress bar
  ---
  duration_ms: 0.3715
  type: 'test'
  ...
# Subtest: BudgetIndicator renders advice items
ok 13 - BudgetIndicator renders advice items
  ---
  duration_ms: 0.5125
  type: 'test'
  ...
# Subtest: CompactBudgetIndicator is exported
ok 14 - CompactBudgetIndicator is exported
  ---
  duration_ms: 0.4627
  type: 'test'
  ...
# Subtest: CompactBudgetIndicator has correct props interface
ok 15 - CompactBudgetIndicator has correct props interface
  ---
  duration_ms: 0.6284
  type: 'test'
  ...
# Subtest: CompactBudgetIndicator calculates usage percentage
ok 16 - CompactBudgetIndicator calculates usage percentage
  ---
  duration_ms: 0.5387
  type: 'test'
  ...
# Subtest: CompactBudgetIndicator determines bar color
ok 17 - CompactBudgetIndicator determines bar color
  ---
  duration_ms: 2.8634
  type: 'test'
  ...
# Subtest: CompactBudgetIndicator renders compact layout
ok 18 - CompactBudgetIndicator renders compact layout
  ---
  duration_ms: 0.5895
  type: 'test'
  ...
# Subtest: CompactBudgetIndicator has title attribute
ok 19 - CompactBudgetIndicator has title attribute
  ---
  duration_ms: 0.9766
  type: 'test'
  ...
# Subtest: QuotaMonitor has refresh handler
ok 20 - QuotaMonitor has refresh handler
  ---
  duration_ms: 12.6391
  type: 'test'
  ...
# Subtest: QuotaMonitor refresh sets refreshing state
ok 21 - QuotaMonitor refresh sets refreshing state
  ---
  duration_ms: 11.9933
  type: 'test'
  ...
# Subtest: QuotaMonitor refresh requests backend refresh
ok 22 - QuotaMonitor refresh requests backend refresh
  ---
  duration_ms: 0.9564
  type: 'test'
  ...
# Subtest: QuotaMonitor has refresh button
ok 23 - QuotaMonitor has refresh button
  ---
  duration_ms: 0.7789
  type: 'test'
  ...
# Subtest: QuotaMonitor manages collapsible state
ok 24 - QuotaMonitor manages collapsible state
  ---
  duration_ms: 1.5031
  type: 'test'
  ...
# Subtest: QuotaMonitor has accessible collapse toggle
ok 25 - QuotaMonitor has accessible collapse toggle
  ---
  duration_ms: 1.4466
  type: 'test'
  ...
# Subtest: QuotaMonitor shows chevron indicator
ok 26 - QuotaMonitor shows chevron indicator
  ---
  duration_ms: 4.0347
  type: 'test'
  ...
# Subtest: QuotaMonitor conditionally renders content
ok 27 - QuotaMonitor conditionally renders content
  ---
  duration_ms: 0.8326
  type: 'test'
  ...
# Subtest: QuotaMonitor copies platforms before sorting
ok 28 - QuotaMonitor copies platforms before sorting
  ---
  duration_ms: 1.0348
  type: 'test'
  ...
# Subtest: QuotaMonitor sorts platforms alphabetically
ok 29 - QuotaMonitor sorts platforms alphabetically
  ---
  duration_ms: 2.3831
  type: 'test'
  ...
# Subtest: QuotaMonitor renders provider cards
ok 30 - QuotaMonitor renders provider cards
  ---
  duration_ms: 1.3413
  type: 'test'
  ...
# Subtest: QuotaMonitor renders error badge for error status
ok 31 - QuotaMonitor renders error badge for error status
  ---
  duration_ms: 2.4441
  type: 'test'
  ...
# Subtest: QuotaMonitor renders warning badge for warning status
ok 32 - QuotaMonitor renders warning badge for warning status
  ---
  duration_ms: 2.4971
  type: 'test'
  ...
# Subtest: QuotaMonitor omits badge for OK status
ok 33 - QuotaMonitor omits badge for OK status
  ---
  duration_ms: 0.7872
  type: 'test'
  ...
# Subtest: QuotaMonitor shows empty state
ok 34 - QuotaMonitor shows empty state
  ---
  duration_ms: 0.8534
  type: 'test'
  ...
# Subtest: QuotaMonitor renders budget info section
ok 35 - QuotaMonitor renders budget info section
  ---
  duration_ms: 4.3483
  type: 'test'
  ...
# Subtest: QuotaMonitor displays daily usage stats
ok 36 - QuotaMonitor displays daily usage stats
  ---
  duration_ms: 1.6396
  type: 'test'
  ...
# Subtest: QuotaMonitor renders budget bar with scaling
ok 37 - QuotaMonitor renders budget bar with scaling
  ---
  duration_ms: 1.7865
  type: 'test'
  ...
# Subtest: QuotaMonitor renders advice items
ok 38 - QuotaMonitor renders advice items
  ---
  duration_ms: 1.696
  type: 'test'
  ...
# Subtest: QuotaPopover is exported
ok 39 - QuotaPopover is exported
  ---
  duration_ms: 6.8966
  type: 'test'
  ...
# Subtest: QuotaPopover uses app state
ok 40 - QuotaPopover uses app state
  ---
  duration_ms: 5.3451
  type: 'test'
  ...
# Subtest: QuotaPopover uses app dispatch
ok 41 - QuotaPopover uses app dispatch
  ---
  duration_ms: 1.751
  type: 'test'
  ...
# Subtest: QuotaPopover has ref for container
ok 42 - QuotaPopover has ref for container
  ---
  duration_ms: 4.7024
  type: 'test'
  ...
# Subtest: QuotaPopover returns null when closed
ok 43 - QuotaPopover returns null when closed
  ---
  duration_ms: 2.839
  type: 'test'
  ...
# Subtest: QuotaPopover renders overlay when open
ok 44 - QuotaPopover renders overlay when open
  ---
  duration_ms: 9.2914
  type: 'test'
  ...
# Subtest: QuotaPopover implements click-outside handler
ok 45 - QuotaPopover implements click-outside handler
  ---
  duration_ms: 1.7243
  type: 'test'
  ...
# Subtest: QuotaPopover checks if click is outside popover
ok 46 - QuotaPopover checks if click is outside popover
  ---
  duration_ms: 1.2157
  type: 'test'
  ...
# Subtest: QuotaPopover ignores clicks on quota button
ok 47 - QuotaPopover ignores clicks on quota button
  ---
  duration_ms: 1.9086
  type: 'test'
  ...
# Subtest: QuotaPopover closes popover on outside click
ok 48 - QuotaPopover closes popover on outside click
  ---
  duration_ms: 1.6988
  type: 'test'
  ...
# Subtest: QuotaPopover implements escape key handler
ok 49 - QuotaPopover implements escape key handler
  ---
  duration_ms: 1.3307
  type: 'test'
  ...
# Subtest: QuotaPopover closes on escape key
ok 50 - QuotaPopover closes on escape key
  ---
  duration_ms: 1.4048
  type: 'test'
  ...
# Subtest: QuotaPopover cleans up event listeners
ok 51 - QuotaPopover cleans up event listeners
  ---
  duration_ms: 1.2736
  type: 'test'
  ...
# Subtest: QuotaPopover only adds listeners when open
ok 52 - QuotaPopover only adds listeners when open
  ---
  duration_ms: 0.8625
  type: 'test'
  ...
# Subtest: QuotaPopover renders header with title
ok 53 - QuotaPopover renders header with title
  ---
  duration_ms: 0.6573
  type: 'test'
  ...
# Subtest: QuotaPopover renders close button
ok 54 - QuotaPopover renders close button
  ---
  duration_ms: 0.7613
  type: 'test'
  ...
# Subtest: QuotaPopover conditionally renders budget section
ok 55 - QuotaPopover conditionally renders budget section
  ---
  duration_ms: 6.0228
  type: 'test'
  ...
# Subtest: QuotaPopover shows daily budget header
ok 56 - QuotaPopover shows daily budget header
  ---
  duration_ms: 0.5408
  type: 'test'
  ...
# Subtest: QuotaPopover calculates budget percentage
ok 57 - QuotaPopover calculates budget percentage
  ---
  duration_ms: 1.1997
  type: 'test'
  ...
# Subtest: QuotaPopover displays budget usage stats
ok 58 - QuotaPopover displays budget usage stats
  ---
  duration_ms: 0.8137
  type: 'test'
  ...
# Subtest: QuotaPopover shows warning badges
ok 59 - QuotaPopover shows warning badges
  ---
  duration_ms: 0.917
  type: 'test'
  ...
# Subtest: QuotaPopover renders budget progress bar
ok 60 - QuotaPopover renders budget progress bar
  ---
  duration_ms: 0.9841
  type: 'test'
  ...
# Subtest: QuotaPopover renders platform cards
ok 61 - QuotaPopover renders platform cards
  ---
  duration_ms: 0.8978
  type: 'test'
  ...
# Subtest: QuotaPopover normalizes platform names
ok 62 - QuotaPopover normalizes platform names
  ---
  duration_ms: 0.6254
  type: 'test'
  ...
# Subtest: QuotaPopover displays platform account info
ok 63 - QuotaPopover displays platform account info
  ---
  duration_ms: 0.5145
  type: 'test'
  ...
# Subtest: QuotaPopover shows platform status badges
ok 64 - QuotaPopover shows platform status badges
  ---
  duration_ms: 0.8131
  type: 'test'
  ...
# Subtest: QuotaPopover renders quota items
ok 65 - QuotaPopover renders quota items
  ---
  duration_ms: 0.7539
  type: 'test'
  ...
# Subtest: QuotaPopover calculates quota percentage
ok 66 - QuotaPopover calculates quota percentage
  ---
  duration_ms: 0.7054
  type: 'test'
  ...
# Subtest: QuotaPopover displays quota labels
ok 67 - QuotaPopover displays quota labels
  ---
  duration_ms: 0.7008
  type: 'test'
  ...
# Subtest: QuotaPopover shows percent labels
ok 68 - QuotaPopover shows percent labels
  ---
  duration_ms: 2.4401
  type: 'test'
  ...
# Subtest: QuotaPopover renders progress bars for quotas
ok 69 - QuotaPopover renders progress bars for quotas
  ---
  duration_ms: 0.81
  type: 'test'
  ...
# Subtest: QuotaPopover displays usage totals
ok 70 - QuotaPopover displays usage totals
  ---
  duration_ms: 0.8809
  type: 'test'
  ...
# Subtest: QuotaPopover displays reset information
ok 71 - QuotaPopover displays reset information
  ---
  duration_ms: 0.7718
  type: 'test'
  ...
# Subtest: QuotaPopover displays notes when present
ok 72 - QuotaPopover displays notes when present
  ---
  duration_ms: 0.7425
  type: 'test'
  ...
# Subtest: QuotaPopover imports lucide-react icons
ok 73 - QuotaPopover imports lucide-react icons
  ---
  duration_ms: 2.2471
  type: 'test'
  ...
# Subtest: QuotaPopover uses getQuotaIcon helper
ok 74 - QuotaPopover uses getQuotaIcon helper
  ---
  duration_ms: 0.8442
  type: 'test'
  ...
# Subtest: QuotaPopover renders footer with timestamp
ok 75 - QuotaPopover renders footer with timestamp
  ---
  duration_ms: 1.0883
  type: 'test'
  ...
# Subtest: QuotaPopover formats last updated time
ok 76 - QuotaPopover formats last updated time
  ---
  duration_ms: 0.8585
  type: 'test'
  ...
# Subtest: QuotaPopover shows empty state when no data
ok 77 - QuotaPopover shows empty state when no data
  ---
  duration_ms: 0.7919
  type: 'test'
  ...
# Subtest: QuotaPopover uses proper spacing for quota items
ok 78 - QuotaPopover uses proper spacing for quota items
  ---
  duration_ms: 0.5843
  type: 'test'
  ...
# Subtest: QuotaPopover has proper header spacing
ok 79 - QuotaPopover has proper header spacing
  ---
  duration_ms: 0.7695
  type: 'test'
  ...
# Subtest: QuotaPopover uses proper padding
ok 80 - QuotaPopover uses proper padding
  ---
  duration_ms: 1.1872
  type: 'test'
  ...
# Subtest: QuotaPopover defines barColor function
ok 81 - QuotaPopover defines barColor function
  ---
  duration_ms: 0.9639
  type: 'test'
  ...
# Subtest: QuotaPopover uses green gradient for high percentages
ok 82 - QuotaPopover uses green gradient for high percentages
  ---
  duration_ms: 0.7576
  type: 'test'
  ...
# Subtest: QuotaPopover uses yellow gradient for medium percentages
ok 83 - QuotaPopover uses yellow gradient for medium percentages
  ---
  duration_ms: 1.3133
  type: 'test'
  ...
# Subtest: QuotaPopover uses red gradient for low percentages
ok 84 - QuotaPopover uses red gradient for low percentages
  ---
  duration_ms: 0.6748
  type: 'test'
  ...
# Subtest: QuotaPopover imports Badge component
ok 85 - QuotaPopover imports Badge component
  ---
  duration_ms: 5.5253
  type: 'test'
  ...
# Subtest: QuotaPopover uses Badge component for warnings
ok 86 - QuotaPopover uses Badge component for warnings
  ---
  duration_ms: 0.9955
  type: 'test'
  ...
# Subtest: model dropdown manages tab selection state
ok 87 - model dropdown manages tab selection state
  ---
  duration_ms: 27.922
  type: 'test'
  ...
# Subtest: model dropdown derives subscribed providers from quota platforms
ok 88 - model dropdown derives subscribed providers from quota platforms
  ---
  duration_ms: 1.6386
  type: 'test'
  ...
# Subtest: model dropdown groups and filters models based on selected tab
ok 89 - model dropdown groups and filters models based on selected tab
  ---
  duration_ms: 1.7508
  type: 'test'
  ...
# Subtest: model dropdown renders filter chips when subscriptions are present
ok 90 - model dropdown renders filter chips when subscriptions are present
  ---
  duration_ms: 1.5823
  type: 'test'
  ...
# Subtest: model dropdown shows active state on selected filter chip
ok 91 - model dropdown shows active state on selected filter chip
  ---
  duration_ms: 1.9216
  type: 'test'
  ...
# Subtest: model dropdown provides feedback when no models match filters
ok 92 - model dropdown provides feedback when no models match filters
  ---
  duration_ms: 1.5777
  type: 'test'
  ...
# Subtest: model dropdown normalizes both google and google-gemini-cli platforms to Google
ok 93 - model dropdown normalizes both google and google-gemini-cli platforms to Google
  ---
  duration_ms: 1.7857
  type: 'test'
  ...
# Subtest: model dropdown displays full model and agent names without truncation
ok 94 - model dropdown displays full model and agent names without truncation
  ---
  duration_ms: 2.607
  type: 'test'
  ...
# Subtest: agent dropdown displays full agent names without truncation
ok 95 - agent dropdown displays full agent names without truncation
  ---
  duration_ms: 2.0294
  type: 'test'
  ...
# Subtest: model dropdown sorts models by provider and then by name
ok 96 - model dropdown sorts models by provider and then by name
  ---
  duration_ms: 2.0972
  type: 'test'
  ...
# Subtest: plan detection enriches assistant messages from plan files and structured plan content
ok 97 - plan detection enriches assistant messages from plan files and structured plan content
  ---
  duration_ms: 25.4744
  type: 'test'
  ...
# Subtest: plan detection preserves safety guards and persistence behavior
ok 98 - plan detection preserves safety guards and persistence behavior
  ---
  duration_ms: 2.1837
  type: 'test'
  ...
# Subtest: plan detection avoids classifying clarification questionnaires as implementation plans
ok 99 - plan detection avoids classifying clarification questionnaires as implementation plans
  ---
  duration_ms: 4.0807
  type: 'test'
  ...
# Subtest: enrichMessageWithPlan must short-circuit clarification questionnaires before heuristic plan matching
ok 100 - enrichMessageWithPlan must short-circuit clarification questionnaires before heuristic plan matching
  ---
  duration_ms: 5.5531
  type: 'test'
  ...
# Subtest: enrichMessageWithPlan still produces a plan card for genuine plans
ok 101 - enrichMessageWithPlan still produces a plan card for genuine plans
  ---
  duration_ms: 2.2047
  type: 'test'
  ...
# Subtest: questionnaire-like content with plan keywords is not enriched as a plan
ok 102 - questionnaire-like content with plan keywords is not enriched as a plan
  ---
  duration_ms: 1.6082
  type: 'test'
  ...
# Subtest: assistant message UI renders plan buttons and core plan card affordances
ok 103 - assistant message UI renders plan buttons and core plan card affordances
  ---
  duration_ms: 0.8594
  type: 'test'
  ...
# Subtest: PlanParser exposes static parse method for markdown plans
ok 104 - PlanParser exposes static parse method for markdown plans
  ---
  duration_ms: 24.2974
  type: 'test'
  ...
# Subtest: PlanParser exposes static toMarkdown method for cleaning plans
ok 105 - PlanParser exposes static toMarkdown method for cleaning plans
  ---
  duration_ms: 0.46
  type: 'test'
  ...
# Subtest: PlanParser extracts goal from first markdown header
ok 106 - PlanParser extracts goal from first markdown header
  ---
  duration_ms: 5.9465
  type: 'test'
  ...
# Subtest: PlanParser extracts description between goal and first section
ok 107 - PlanParser extracts description between goal and first section
  ---
  duration_ms: 1.6363
  type: 'test'
  ...
# Subtest: PlanParser extracts file operations with flexible syntax
ok 108 - PlanParser extracts file operations with flexible syntax
  ---
  duration_ms: 2.4267
  type: 'test'
  ...
# Subtest: PlanParser extracts verification steps from Verification Plan section
ok 109 - PlanParser extracts verification steps from Verification Plan section
  ---
  duration_ms: 1.2055
  type: 'test'
  ...
# Subtest: PlanParser extracts checklist steps with completion status
ok 110 - PlanParser extracts checklist steps with completion status
  ---
  duration_ms: 1.8602
  type: 'test'
  ...
# Subtest: PlanParser initializes plan with required structure
ok 111 - PlanParser initializes plan with required structure
  ---
  duration_ms: 1.8283
  type: 'test'
  ...
# Subtest: PlanParser handles fallback for description when no sections found
ok 112 - PlanParser handles fallback for description when no sections found
  ---
  duration_ms: 2.2961
  type: 'test'
  ...
# Subtest: PlanParser stops description extraction before ANY new header
ok 113 - PlanParser stops description extraction before ANY new header
  ---
  duration_ms: 1.8791
  type: 'test'
  ...
# Subtest: PlanParser supports multiple file operation formats
ok 114 - PlanParser supports multiple file operation formats
  ---
  duration_ms: 1.7285
  type: 'test'
  ...
# Subtest: PlanParser handles completed and incomplete checkboxes
ok 115 - PlanParser handles completed and incomplete checkboxes
  ---
  duration_ms: 0.5173
  type: 'test'
  ...
# Subtest: PlanParser integrates with plan shell
ok 116 - PlanParser integrates with plan shell
  ---
  duration_ms: 0.3969
  type: 'test'
  ...
# Subtest: PlanParser.toMarkdown handles goal, files, and steps reconstruction
ok 117 - PlanParser.toMarkdown handles goal, files, and steps reconstruction
  ---
  duration_ms: 0.5084
  type: 'test'
  ...
# Subtest: chat provider tracks structured validation failure counters by responseType/provider/model
ok 118 - chat provider tracks structured validation failure counters by responseType/provider/model
  ---
  duration_ms: 5.5183
  type: 'test'
  ...
# Subtest: normalizeStructuredOutput forwards validation failures to telemetry
ok 119 - normalizeStructuredOutput forwards validation failures to telemetry
  ---
  duration_ms: 1.1974
  type: 'test'
  ...
# Subtest: NPM scripts: analyze-logs script exists
ok 120 - NPM scripts: analyze-logs script exists
  ---
  duration_ms: 6.1568
  type: 'test'
  ...
# Subtest: NPM scripts: analyze-logs:summary script exists
ok 121 - NPM scripts: analyze-logs:summary script exists
  ---
  duration_ms: 0.7997
  type: 'test'
  ...
# Subtest: NPM scripts: analyze-logs:flows script exists
ok 122 - NPM scripts: analyze-logs:flows script exists
  ---
  duration_ms: 1.0191
  type: 'test'
  ...
# Subtest: NPM scripts: analyze-logs:errors script exists
ok 123 - NPM scripts: analyze-logs:errors script exists
  ---
  duration_ms: 0.6092
  type: 'test'
  ...
# Subtest: NPM scripts: analyze-logs:perf script exists
ok 124 - NPM scripts: analyze-logs:perf script exists
  ---
  duration_ms: 1.7969
  type: 'test'
  ...
# Subtest: LOGGING.md: file exists and is not empty
ok 125 - LOGGING.md: file exists and is not empty
  ---
  duration_ms: 0.734
  type: 'test'
  ...
# Subtest: LOGGING.md: contains Overview section
ok 126 - LOGGING.md: contains Overview section
  ---
  duration_ms: 0.723
  type: 'test'
  ...
# Subtest: LOGGING.md: contains Features section
ok 127 - LOGGING.md: contains Features section
  ---
  duration_ms: 0.4032
  type: 'test'
  ...
# Subtest: LOGGING.md: contains Configuration section
ok 128 - LOGGING.md: contains Configuration section
  ---
  duration_ms: 1.2987
  type: 'test'
  ...
# Subtest: LOGGING.md: contains Usage section
ok 129 - LOGGING.md: contains Usage section
  ---
  duration_ms: 1.4819
  type: 'test'
  ...
# Subtest: LOGGING.md: documents Feature Flow Tracking
ok 130 - LOGGING.md: documents Feature Flow Tracking
  ---
  duration_ms: 0.7787
  type: 'test'
  ...
# Subtest: LOGGING.md: documents State Change Logging
ok 131 - LOGGING.md: documents State Change Logging
  ---
  duration_ms: 0.4289
  type: 'test'
  ...
# Subtest: LOGGING.md: documents UI Interaction Logging
ok 132 - LOGGING.md: documents UI Interaction Logging
  ---
  duration_ms: 0.4454
  type: 'test'
  ...
# Subtest: LOGGING.md: documents Performance Logging
ok 133 - LOGGING.md: documents Performance Logging
  ---
  duration_ms: 0.5188
  type: 'test'
  ...
# Subtest: LOGGING.md: documents Logging Categories
ok 134 - LOGGING.md: documents Logging Categories
  ---
  duration_ms: 0.4713
  type: 'test'
  ...
# Subtest: LOGGING.md: lists all 10 logging categories
ok 135 - LOGGING.md: lists all 10 logging categories
  ---
  duration_ms: 0.5524
  type: 'test'
  ...
# Subtest: LOGGING.md: contains Log Analysis section
ok 136 - LOGGING.md: contains Log Analysis section
  ---
  duration_ms: 0.315
  type: 'test'
  ...
# Subtest: LOGGING.md: documents CLI tool usage
ok 137 - LOGGING.md: documents CLI tool usage
  ---
  duration_ms: 0.3963
  type: 'test'
  ...
# Subtest: LOGGING.md: documents programmatic analysis
ok 138 - LOGGING.md: documents programmatic analysis
  ---
  duration_ms: 0.2839
  type: 'test'
  ...
# Subtest: LOGGING.md: contains Log Format section
ok 139 - LOGGING.md: contains Log Format section
  ---
  duration_ms: 0.2482
  type: 'test'
  ...
# Subtest: LOGGING.md: contains Debugging Tips section
ok 140 - LOGGING.md: contains Debugging Tips section
  ---
  duration_ms: 0.4748
  type: 'test'
  ...
# Subtest: LOGGING.md: contains Best Practices section
ok 141 - LOGGING.md: contains Best Practices section
  ---
  duration_ms: 0.6366
  type: 'test'
  ...
# Subtest: LOGGING.md: contains File Output section
ok 142 - LOGGING.md: contains File Output section
  ---
  duration_ms: 0.6743
  type: 'test'
  ...
# Subtest: LOGGING.md: contains Troubleshooting section
ok 143 - LOGGING.md: contains Troubleshooting section
  ---
  duration_ms: 0.5119
  type: 'test'
  ...
# Subtest: LOGGING.md: contains Examples section
ok 144 - LOGGING.md: contains Examples section
  ---
  duration_ms: 0.5986
  type: 'test'
  ...
# Subtest: LOGGING.md: includes correlation ID documentation
ok 145 - LOGGING.md: includes correlation ID documentation
  ---
  duration_ms: 0.3743
  type: 'test'
  ...
# Subtest: LOGGING.md: includes npm script examples
ok 146 - LOGGING.md: includes npm script examples
  ---
  duration_ms: 0.5178
  type: 'test'
  ...
# Subtest: LOGGING.md: includes LogQuery code examples
ok 147 - LOGGING.md: includes LogQuery code examples
  ---
  duration_ms: 0.3653
  type: 'test'
  ...
# Subtest: README.md: contains Logging section
ok 148 - README.md: contains Logging section
  ---
  duration_ms: 0.4206
  type: 'test'
  ...
# Subtest: README.md: mentions feature flow tracking
ok 149 - README.md: mentions feature flow tracking
  ---
  duration_ms: 0.3188
  type: 'test'
  ...
# Subtest: README.md: mentions correlation IDs
ok 150 - README.md: mentions correlation IDs
  ---
  duration_ms: 0.4653
  type: 'test'
  ...
# Subtest: README.md: mentions performance monitoring
ok 151 - README.md: mentions performance monitoring
  ---
  duration_ms: 0.5304
  type: 'test'
  ...
# Subtest: README.md: includes npm script examples
ok 152 - README.md: includes npm script examples
  ---
  duration_ms: 0.6206
  type: 'test'
  ...
# Subtest: README.md: links to LOGGING.md
ok 153 - README.md: links to LOGGING.md
  ---
  duration_ms: 0.7785
  type: 'test'
  ...
# Subtest: README.md: includes correlation ID debugging example
ok 154 - README.md: includes correlation ID debugging example
  ---
  duration_ms: 0.7502
  type: 'test'
  ...
# Subtest: README.md: mentions slow operation warnings
ok 155 - README.md: mentions slow operation warnings
  ---
  duration_ms: 1.1233
  type: 'test'
  ...
# Subtest: happy path lifecycle supports pending -> in_progress -> completed rank progression
ok 156 - happy path lifecycle supports pending -> in_progress -> completed rank progression
  ---
  duration_ms: 6.3306
  type: 'test'
  ...
# Subtest: failed lifecycle supports pending -> in_progress -> failed with terminal rank
ok 157 - failed lifecycle supports pending -> in_progress -> failed with terminal rank
  ---
  duration_ms: 1.8008
  type: 'test'
  ...
# Subtest: rank enforcement ignores stale or regressive updates
ok 158 - rank enforcement ignores stale or regressive updates
  ---
  duration_ms: 5.823
  type: 'test'
  ...
# Subtest: terminal states are immutable in both update and add paths
ok 159 - terminal states are immutable in both update and add paths
  ---
  duration_ms: 0.9354
  type: 'test'
  ...
# Subtest: messageHandler uses canonical normalization and ingestion for todo updates
ok 160 - messageHandler uses canonical normalization and ingestion for todo updates
  ---
  duration_ms: 6.7405
  type: 'test'
  ...
# Subtest: provider forwards todo stream events and keeps todo persistence helpers
ok 161 - provider forwards todo stream events and keeps todo persistence helpers
  ---
  duration_ms: 76.4662
  type: 'test'
  ...
# Subtest: TodoInlineSummary renders aggregate counts and latest transition label
ok 162 - TodoInlineSummary renders aggregate counts and latest transition label
  ---
  duration_ms: 4.0633
  type: 'test'
  ...
# Subtest: ChatViewProvider initializes RequestBudgeter
ok 163 - ChatViewProvider initializes RequestBudgeter
  ---
  duration_ms: 12.1946
  type: 'test'
  ...
# Subtest: ChatViewProvider checks budget before sending messages
ok 164 - ChatViewProvider checks budget before sending messages
  ---
  duration_ms: 0.7723
  type: 'test'
  ...
# Subtest: ChatViewProvider blocks requests when budget exceeded
ok 165 - ChatViewProvider blocks requests when budget exceeded
  ---
  duration_ms: 1.8062
  type: 'test'
  ...
# Subtest: ChatViewProvider includes budget reason in warning
ok 166 - ChatViewProvider includes budget reason in warning
  ---
  duration_ms: 2.5597
  type: 'test'
  ...
# Subtest: ChatViewProvider sends budget info after quota updates
ok 167 - ChatViewProvider sends budget info after quota updates
  ---
  duration_ms: 0.8242
  type: 'test'
  ...
# Subtest: ChatViewProvider sends budget info on ready flow
ok 168 - ChatViewProvider sends budget info on ready flow
  ---
  duration_ms: 0.5511
  type: 'test'
  ...
# Subtest: ChatViewProvider sends budget info after message completion
ok 169 - ChatViewProvider sends budget info after message completion
  ---
  duration_ms: 0.8619
  type: 'test'
  ...
# Subtest: ChatViewProvider.sendBudgetInfo extracts Copilot quota data
ok 170 - ChatViewProvider.sendBudgetInfo extracts Copilot quota data
  ---
  duration_ms: 1.3851
  type: 'test'
  ...
# Subtest: ChatViewProvider.sendBudgetInfo parses usedTotalDisplay
ok 171 - ChatViewProvider.sendBudgetInfo parses usedTotalDisplay
  ---
  duration_ms: 1.3256
  type: 'test'
  ...
# Subtest: ChatViewProvider.sendBudgetInfo calculates today's usage from baseline
ok 172 - ChatViewProvider.sendBudgetInfo calculates today's usage from baseline
  ---
  duration_ms: 1.6889
  type: 'test'
  ...
# Subtest: ChatViewProvider.sendBudgetInfo calculates daily allowance
ok 173 - ChatViewProvider.sendBudgetInfo calculates daily allowance
  ---
  duration_ms: 1.3836
  type: 'test'
  ...
# Subtest: ChatViewProvider.sendBudgetInfo posts budget info to webview
ok 174 - ChatViewProvider.sendBudgetInfo posts budget info to webview
  ---
  duration_ms: 1.0214
  type: 'test'
  ...
# Subtest: ChatViewProvider.sendBudgetInfo includes all required fields
ok 175 - ChatViewProvider.sendBudgetInfo includes all required fields
  ---
  duration_ms: 8.7025
  type: 'test'
  ...
# Subtest: ChatViewProvider.sendBudgetInfo calculates availableToday
ok 176 - ChatViewProvider.sendBudgetInfo calculates availableToday
  ---
  duration_ms: 1.2984
  type: 'test'
  ...
# Subtest: ChatViewProvider.sendBudgetInfo handles missing quota data gracefully
ok 177 - ChatViewProvider.sendBudgetInfo handles missing quota data gracefully
  ---
  duration_ms: 1.4676
  type: 'test'
  ...
# Subtest: ChatViewProvider.sendBudgetInfo handles missing quota item gracefully
ok 178 - ChatViewProvider.sendBudgetInfo handles missing quota item gracefully
  ---
  duration_ms: 1.4171
  type: 'test'
  ...
# Subtest: ChatViewProvider has import for RequestBudgeter
ok 179 - ChatViewProvider has import for RequestBudgeter
  ---
  duration_ms: 0.9426
  type: 'test'
  ...
# Subtest: ChatViewProvider calculates days in month for budget
ok 180 - ChatViewProvider calculates days in month for budget
  ---
  duration_ms: 2.9506
  type: 'test'
  ...
# Subtest: ChatViewProvider gets current date for budget calculations
ok 181 - ChatViewProvider gets current date for budget calculations
  ---
  duration_ms: 1.641
  type: 'test'
  ...
# Subtest: ChatViewProvider sends budget info without enabled flag
ok 182 - ChatViewProvider sends budget info without enabled flag
  ---
  duration_ms: 13.0894
  type: 'test'
  ...
# Subtest: ChatViewProvider generates budget advice inline
ok 183 - ChatViewProvider generates budget advice inline
  ---
  duration_ms: 1.8056
  type: 'test'
  ...
# Subtest: ChatViewProvider does not record request by default
ok 184 - ChatViewProvider does not record request by default
  ---
  duration_ms: 1.0059
  type: 'test'
  ...
# Subtest: Integration: Extension sends quotaData message
ok 185 - Integration: Extension sends quotaData message
  ---
  duration_ms: 4.2904
  type: 'test'
  ...
# Subtest: Integration: Extension sends budgetInfo message
ok 186 - Integration: Extension sends budgetInfo message
  ---
  duration_ms: 0.549
  type: 'test'
  ...
# Subtest: Integration: Message handler receives quotaData
ok 187 - Integration: Message handler receives quotaData
  ---
  duration_ms: 0.6859
  type: 'test'
  ...
# Subtest: Integration: Message handler receives budgetInfo
ok 188 - Integration: Message handler receives budgetInfo
  ---
  duration_ms: 0.565
  type: 'test'
  ...
# Subtest: Integration: Store reducer handles SET_QUOTA_DATA
ok 189 - Integration: Store reducer handles SET_QUOTA_DATA
  ---
  duration_ms: 0.4689
  type: 'test'
  ...
# Subtest: Integration: Store reducer handles SET_BUDGET_INFO
ok 190 - Integration: Store reducer handles SET_BUDGET_INFO
  ---
  duration_ms: 0.693
  type: 'test'
  ...
# Subtest: Integration: Flow from QuotaService to webview
ok 191 - Integration: Flow from QuotaService to webview
  ---
  duration_ms: 0.7245
  type: 'test'
  ...
# Subtest: Integration: Flow from sendBudgetInfo to webview
ok 192 - Integration: Flow from sendBudgetInfo to webview
  ---
  duration_ms: 1.0791
  type: 'test'
  ...
# Subtest: Integration: Null quota data does not crash webview
ok 193 - Integration: Null quota data does not crash webview
  ---
  duration_ms: 1.3722
  type: 'test'
  ...
# Subtest: Integration: Null budget info does not crash webview
ok 194 - Integration: Null budget info does not crash webview
  ---
  duration_ms: 1.6878
  type: 'test'
  ...
# Subtest: Integration: State updates are immutable
ok 195 - Integration: State updates are immutable
  ---
  duration_ms: 1.1527
  type: 'test'
  ...
# Subtest: Integration: Multiple quota updates are handled
ok 196 - Integration: Multiple quota updates are handled
  ---
  duration_ms: 1.3681
  type: 'test'
  ...
# Subtest: Integration: Budget and quota data can coexist
ok 197 - Integration: Budget and quota data can coexist
  ---
  duration_ms: 0.575
  type: 'test'
  ...
# Subtest: Integration: Missing Copilot platform is handled gracefully
ok 198 - Integration: Missing Copilot platform is handled gracefully
  ---
  duration_ms: 2.0216
  type: 'test'
  ...
# Subtest: Integration: Missing quota item is handled gracefully
ok 199 - Integration: Missing quota item is handled gracefully
  ---
  duration_ms: 0.6866
  type: 'test'
  ...
# Subtest: Integration: Baseline calculation handles first run
ok 200 - Integration: Baseline calculation handles first run
  ---
  duration_ms: 1.2172
  type: 'test'
  ...
# Subtest: Integration: Daily usage calculation is safe
ok 201 - Integration: Daily usage calculation is safe
  ---
  duration_ms: 0.9084
  type: 'test'
  ...
# Subtest: Integration: Days in month calculation handles leap years
ok 202 - Integration: Days in month calculation handles leap years
  ---
  duration_ms: 1.1646
  type: 'test'
  ...
# Subtest: Integration: Daily allowance calculation is safe
ok 203 - Integration: Daily allowance calculation is safe
  ---
  duration_ms: 2.4354
  type: 'test'
  ...
# Subtest: Integration: Remaining today calculation prevents negative
ok 204 - Integration: Remaining today calculation prevents negative
  ---
  duration_ms: 1.5565
  type: 'test'
  ...
# Subtest: Integration: Projected monthly usage handles division by zero
ok 205 - Integration: Projected monthly usage handles division by zero
  ---
  duration_ms: 1.1683
  type: 'test'
  ...
# Subtest: Integration: Available today calculation prevents negative
ok 206 - Integration: Available today calculation prevents negative
  ---
  duration_ms: 0.7502
  type: 'test'
  ...
# Subtest: Integration: Warning level determination is safe
ok 207 - Integration: Warning level determination is safe
  ---
  duration_ms: 2.2403
  type: 'test'
  ...
# Subtest: Integration: Advice array is always initialized
ok 208 - Integration: Advice array is always initialized
  ---
  duration_ms: 1.0714
  type: 'test'
  ...
# Subtest: Integration: Budget info object has all required fields
ok 209 - Integration: Budget info object has all required fields
  ---
  duration_ms: 6.114
  type: 'test'
  ...
# Subtest: Integration: Ready flow sends initial budget status
ok 210 - Integration: Ready flow sends initial budget status
  ---
  duration_ms: 0.6922
  type: 'test'
  ...
# Subtest: Integration: Message completion updates budget info
ok 211 - Integration: Message completion updates budget info
  ---
  duration_ms: 0.5172
  type: 'test'
  ...
# Subtest: Integration: Budget check happens before message send
ok 212 - Integration: Budget check happens before message send
  ---
  duration_ms: 0.8456
  type: 'test'
  ...
# Subtest: Integration: Budget limit enforcement is optional
ok 213 - Integration: Budget limit enforcement is optional
  ---
  duration_ms: 0.4799
  type: 'test'
  ...
# Subtest: Integration: Quota update triggers immediate webview update
ok 214 - Integration: Quota update triggers immediate webview update
  ---
  duration_ms: 0.5634
  type: 'test'
  ...
# Subtest: Integration: Multiple listeners can be attached to quota service
ok 215 - Integration: Multiple listeners can be attached to quota service
  ---
  duration_ms: 0.5893
  type: 'test'
  ...
# Subtest: Integration: Webview state updates trigger re-renders
ok 216 - Integration: Webview state updates trigger re-renders
  ---
  duration_ms: 0.4508
  type: 'test'
  ...
# Subtest: Integration: State changes are atomic
ok 217 - Integration: State changes are atomic
  ---
  duration_ms: 0.6721
  type: 'test'
  ...
# Subtest: Integration: Concurrent quota updates are handled safely
ok 218 - Integration: Concurrent quota updates are handled safely
  ---
  duration_ms: 0.8336
  type: 'test'
  ...
# Subtest: Integration: Budget and quota state independence
ok 219 - Integration: Budget and quota state independence
  ---
  duration_ms: 4.1435
  type: 'test'
  ...
# Subtest: Integration: Error handling in sendBudgetInfo
ok 220 - Integration: Error handling in sendBudgetInfo
  ---
  duration_ms: 1.0129
  type: 'test'
  ...
# Subtest: Advanced Chat Scenarios Integration Tests
    # Subtest: Complete Conversation Flow
        # Subtest: should handle full conversation with multiple turns
        ok 1 - should handle full conversation with multiple turns
          ---
          duration_ms: 5.7365
          type: 'test'
          ...
        # Subtest: should maintain conversation context
        ok 2 - should maintain conversation context
          ---
          duration_ms: 1.7546
          type: 'test'
          ...
        1..2
    ok 1 - Complete Conversation Flow
      ---
      duration_ms: 9.4743
      type: 'suite'
      ...
    # Subtest: Session Switching Mid-Conversation
        # Subtest: should switch between active conversations
        ok 1 - should switch between active conversations
          ---
          duration_ms: 2.4808
          type: 'test'
          ...
        # Subtest: should maintain current session after switch
        ok 2 - should maintain current session after switch
          ---
          duration_ms: 8.3283
          type: 'test'
          ...
        1..2
    ok 2 - Session Switching Mid-Conversation
      ---
      duration_ms: 12.1625
      type: 'suite'
      ...
    # Subtest: Error Recovery and Retry
        # Subtest: should recover from failed message
        not ok 1 - should recover from failed message
          ---
          duration_ms: 5.8023
          type: 'test'
          location: 'E:\\Projects\\vscode-opencode\\tests\\integration\\chat-advanced-scenarios.test.mjs:319:9'
          failureType: 'testCodeFailure'
          error: |-
            Expected values to be strictly equal:
            + actual - expected
            
            + Error: Network error
            +     at sendMessageWithRetry (file:///E:/Projects/vscode-opencode/tests/integration/chat-advanced-scenarios.test.mjs:329:27)
            +     at TestContext.<anonymous> (file:///E:/Projects/vscode-opencode/tests/integration/chat-advanced-scenarios.test.mjs:342:27)
            +     at async Test.run (node:internal/test_runner/test:1054:7)
            +     at async Promise.all (index 0)
            +     at async Suite.run (node:internal/test_runner/test:1442:7)
            +     at async Suite.processPendingSubtests (node:internal/test_runner/test:744:7)
            - null
            
          code: 'ERR_ASSERTION'
          name: 'AssertionError'
          expected: ~
          actual:
          error: 'Network error'
          stack: |-
            sendMessageWithRetry (file:///E:/Projects/vscode-opencode/tests/integration/chat-advanced-scenarios.test.mjs:329:27)
            TestContext.<anonymous> (file:///E:/Projects/vscode-opencode/tests/integration/chat-advanced-scenarios.test.mjs:342:27)
            async Test.run (node:internal/test_runner/test:1054:7)
            async Promise.all (index 0)
            async Suite.run (node:internal/test_runner/test:1442:7)
            async Suite.processPendingSubtests (node:internal/test_runner/test:744:7)
          operator: 'strictEqual'
          stack: |-
            TestContext.<anonymous> (file:///E:/Projects/vscode-opencode/tests/integration/chat-advanced-scenarios.test.mjs:350:20)
            async Test.run (node:internal/test_runner/test:1054:7)
            async Promise.all (index 0)
            async Suite.run (node:internal/test_runner/test:1442:7)
            async Suite.processPendingSubtests (node:internal/test_runner/test:744:7)
          ...
        # Subtest: should handle budget limit errors
        ok 2 - should handle budget limit errors
          ---
          duration_ms: 1.103
          type: 'test'
          ...
        # Subtest: should recover after budget reset
        ok 3 - should recover after budget reset
          ---
          duration_ms: 1.3779
          type: 'test'
          ...
        1..3
    not ok 3 - Error Recovery and Retry
      ---
      duration_ms: 11.5493
      type: 'suite'
      location: 'E:\\Projects\\vscode-opencode\\tests\\integration\\chat-advanced-scenarios.test.mjs:318:5'
      failureType: 'subtestsFailed'
      error: '1 subtest failed'
      code: 'ERR_TEST_FAILURE'
      ...
    # Subtest: Queue Management with Errors
        # Subtest: should continue queue execution after error
        ok 1 - should continue queue execution after error
          ---
          duration_ms: 2.3286
          type: 'test'
          ...
        # Subtest: should preserve queue on partial failure
        not ok 2 - should preserve queue on partial failure
          ---
          duration_ms: 2.8098
          type: 'test'
          location: 'E:\\Projects\\vscode-opencode\\tests\\integration\\chat-advanced-scenarios.test.mjs:405:9'
          failureType: 'testCodeFailure'
          error: |-
            Expected values to be strictly equal:
            
            false !== true
            
          code: 'ERR_ASSERTION'
          name: 'AssertionError'
          expected: true
          actual: false
          operator: 'strictEqual'
          stack: |-
            TestContext.<anonymous> (file:///E:/Projects/vscode-opencode/tests/integration/chat-advanced-scenarios.test.mjs:419:20)
            async Test.run (node:internal/test_runner/test:1054:7)
            async Suite.processPendingSubtests (node:internal/test_runner/test:744:7)
          ...
        1..2
    not ok 4 - Queue Management with Errors
      ---
      duration_ms: 5.9076
      type: 'suite'
      location: 'E:\\Projects\\vscode-opencode\\tests\\integration\\chat-advanced-scenarios.test.mjs:380:5'
      failureType: 'subtestsFailed'
      error: '1 subtest failed'
      code: 'ERR_TEST_FAILURE'
      ...
    # Subtest: Concurrent Operations
        # Subtest: should handle simultaneous messages to different sessions
        ok 1 - should handle simultaneous messages to different sessions
          ---
          duration_ms: 0.9412
          type: 'test'
          ...
        # Subtest: should handle queue execution while processing
        not ok 2 - should handle queue execution while processing
          ---
          duration_ms: 2.2555
          type: 'test'
          location: 'E:\\Projects\\vscode-opencode\\tests\\integration\\chat-advanced-scenarios.test.mjs:445:9'
          failureType: 'testCodeFailure'
          error: |-
            Expected values to be strictly equal:
            
            1 !== 0
            
          code: 'ERR_ASSERTION'
          name: 'AssertionError'
          expected: 0
          actual: 1
          operator: 'strictEqual'
          stack: |-
            TestContext.<anonymous> (file:///E:/Projects/vscode-opencode/tests/integration/chat-advanced-scenarios.test.mjs:460:20)
            Test.runInAsyncScope (node:async_hooks:214:14)
            Test.run (node:internal/test_runner/test:1047:25)
            Suite.processPendingSubtests (node:internal/test_runner/test:744:18)
            Test.postRun (node:internal/test_runner/test:1173:19)
            Test.run (node:internal/test_runner/test:1101:12)
            async Promise.all (index 0)
            async Suite.run (node:internal/test_runner/test:1442:7)
            async Suite.processPendingSubtests (node:internal/test_runner/test:744:7)
          ...
        1..2
    not ok 5 - Concurrent Operations
      ---
      duration_ms: 3.4957
      type: 'suite'
      location: 'E:\\Projects\\vscode-opencode\\tests\\integration\\chat-advanced-scenarios.test.mjs:425:5'
      failureType: 'subtestsFailed'
      error: '1 subtest failed'
      code: 'ERR_TEST_FAILURE'
      ...
    # Subtest: Compaction During Active Session
        # Subtest: should trigger compaction at threshold
        ok 1 - should trigger compaction at threshold
          ---
          duration_ms: 2.3018
          type: 'test'
          ...
        # Subtest: should preserve messages after compaction
        ok 2 - should preserve messages after compaction
          ---
          duration_ms: 1.1941
          type: 'test'
          ...
        1..2
    ok 6 - Compaction During Active Session
      ---
      duration_ms: 4.0412
      type: 'suite'
      ...
    # Subtest: Resource Cleanup
        # Subtest: should clean up deleted session resources
        ok 1 - should clean up deleted session resources
          ---
          duration_ms: 3.5337
          type: 'test'
          ...
        # Subtest: should clear queue on cleanup
        ok 2 - should clear queue on cleanup
          ---
          duration_ms: 0.7817
          type: 'test'
          ...
        1..2
    ok 7 - Resource Cleanup
      ---
      duration_ms: 5.5926
      type: 'suite'
      ...
    # Subtest: State Synchronization
        # Subtest: should sync messages across operations
        ok 1 - should sync messages across operations
          ---
          duration_ms: 0.7817
          type: 'test'
          ...
        # Subtest: should handle rapid state changes
        ok 2 - should handle rapid state changes
          ---
          duration_ms: 1.0785
          type: 'test'
          ...
        1..2
    ok 8 - State Synchronization
      ---
      duration_ms: 2.1849
      type: 'suite'
      ...
    # Subtest: Complex User Journeys
        # Subtest: should handle user switching between sessions
        ok 1 - should handle user switching between sessions
          ---
          duration_ms: 1.0901
          type: 'test'
          ...
        # Subtest: should handle queue with multiple sessions
        ok 2 - should handle queue with multiple sessions
          ---
          duration_ms: 1.0174
          type: 'test'
          ...
        1..2
    ok 9 - Complex User Journeys
      ---
      duration_ms: 2.5684
      type: 'suite'
      ...
    # Subtest: Performance and Scalability
        # Subtest: should handle large message history
        ok 1 - should handle large message history
          ---
          duration_ms: 16.183
          type: 'test'
          ...
        # Subtest: should handle rapid queue operations
        ok 2 - should handle rapid queue operations
          ---
          duration_ms: 7.7466
          type: 'test'
          ...
        # Subtest: should execute large queue efficiently
        ok 3 - should execute large queue efficiently
          ---
          duration_ms: 1.7751
          type: 'test'
          ...
        1..3
    ok 10 - Performance and Scalability
      ---
      duration_ms: 26.6091
      type: 'suite'
      ...
    # Subtest: Edge Cases
        # Subtest: should handle empty queue execution
        ok 1 - should handle empty queue execution
          ---
          duration_ms: 3.2381
          type: 'test'
          ...
        # Subtest: should handle session with no messages
        ok 2 - should handle session with no messages
          ---
          duration_ms: 1.079
          type: 'test'
          ...
        # Subtest: should handle deleting non-existent session
        ok 3 - should handle deleting non-existent session
          ---
          duration_ms: 0.4813
          type: 'test'
          ...
        # Subtest: should handle zero budget
        ok 4 - should handle zero budget
          ---
          duration_ms: 0.6757
          type: 'test'
          ...
        # Subtest: should handle very long queue
        ok 5 - should handle very long queue
          ---
          duration_ms: 27.6293
          type: 'test'
          ...
        1..5
    ok 11 - Edge Cases
      ---
      duration_ms: 33.9889
      type: 'suite'
      ...
    1..11
not ok 221 - Advanced Chat Scenarios Integration Tests
  ---
  duration_ms: 124.7503
  type: 'suite'
  location: 'E:\\Projects\\vscode-opencode\\tests\\integration\\chat-advanced-scenarios.test.mjs:190:1'
  failureType: 'subtestsFailed'
  error: '3 subtests failed'
  code: 'ERR_TEST_FAILURE'
  ...
# Note: Could not import ChatViewProvider - tests will use mock architecture
# Subtest: Complete Chat Flow Integration Tests
    # Subtest: Happy Path - Complete Message Flow
        # Subtest: should complete full chat flow: input → send → stream → response
        ok 1 - should complete full chat flow: input → send → stream → response
          ---
          duration_ms: 6.7246
          type: 'test'
          ...
        # Subtest: should handle message with file attachments
        ok 2 - should handle message with file attachments
          ---
          duration_ms: 1.2251
          type: 'test'
          ...
        # Subtest: should handle message with image attachments
        ok 3 - should handle message with image attachments
          ---
          duration_ms: 2.0241
          type: 'test'
          ...
        1..3
    ok 1 - Happy Path - Complete Message Flow
      ---
      duration_ms: 11.6634
      type: 'suite'
      ...
    # Subtest: Session Management Flow
        # Subtest: should create new session for first message
        not ok 1 - should create new session for first message
          ---
          duration_ms: 19.7443
          type: 'test'
          location: 'E:\\Projects\\vscode-opencode\\tests\\integration\\chat-flow-complete.test.mjs:462:9'
          failureType: 'testCodeFailure'
          error: |-
            The expression evaluated to a falsy value:
            
              assert.ok(session.createdAt)
            
          code: 'ERR_ASSERTION'
          name: 'AssertionError'
          expected: true
          operator: '=='
          stack: |-
            TestContext.<anonymous> (file:///E:/Projects/vscode-opencode/tests/integration/chat-flow-complete.test.mjs:469:20)
            async Test.run (node:internal/test_runner/test:1054:7)
            async Promise.all (index 0)
            async Suite.run (node:internal/test_runner/test:1442:7)
            async Suite.processPendingSubtests (node:internal/test_runner/test:744:7)
          ...
        # Subtest: should reuse existing session for subsequent messages
        ok 2 - should reuse existing session for subsequent messages
          ---
          duration_ms: 1.9897
          type: 'test'
          ...
        # Subtest: should handle session switching
        ok 3 - should handle session switching
          ---
          duration_ms: 1.7521
          type: 'test'
          ...
        1..3
    not ok 2 - Session Management Flow
      ---
      duration_ms: 24.8767
      type: 'suite'
      location: 'E:\\Projects\\vscode-opencode\\tests\\integration\\chat-flow-complete.test.mjs:461:5'
      failureType: 'subtestsFailed'
      error: '1 subtest failed'
      code: 'ERR_TEST_FAILURE'
      ...
    # Subtest: Budget Enforcement Flow
        # Subtest: should allow message when budget is sufficient
        ok 1 - should allow message when budget is sufficient
          ---
          duration_ms: 0.9372
          type: 'test'
          ...
        # Subtest: should block message when budget exceeded
        ok 2 - should block message when budget exceeded
          ---
          duration_ms: 6.2068
          type: 'test'
          ...
        # Subtest: should record request after successful send
        ok 3 - should record request after successful send
          ---
          duration_ms: 2.2389
          type: 'test'
          ...
        1..3
    ok 3 - Budget Enforcement Flow
      ---
      duration_ms: 12.6986
      type: 'suite'
      ...
    # Subtest: Error Handling Flow
        # Subtest: should handle server startup failure
        ok 1 - should handle server startup failure
          ---
          duration_ms: 1.188
          type: 'test'
          ...
        # Subtest: should handle prompt API failure
        ok 2 - should handle prompt API failure
          ---
          duration_ms: 1.0809
          type: 'test'
          ...
        # Subtest: should handle session not found error
        ok 3 - should handle session not found error
          ---
          duration_ms: 0.9044
          type: 'test'
          ...
        1..3
    ok 4 - Error Handling Flow
      ---
      duration_ms: 3.7903
      type: 'suite'
      ...
    # Subtest: Streaming Flow
        # Subtest: should handle streaming response events
        ok 1 - should handle streaming response events
          ---
          duration_ms: 1.0132
          type: 'test'
          ...
        # Subtest: should track token usage during streaming
        ok 2 - should track token usage during streaming
          ---
          duration_ms: 2.1402
          type: 'test'
          ...
        # Subtest: should handle subagent updates in stream
        ok 3 - should handle subagent updates in stream
          ---
          duration_ms: 0.668
          type: 'test'
          ...
        1..3
    ok 5 - Streaming Flow
      ---
      duration_ms: 4.3238
      type: 'suite'
      ...
    # Subtest: Queue Management Flow
        # Subtest: should queue multiple messages
        ok 1 - should queue multiple messages
          ---
          duration_ms: 0.9555
          type: 'test'
          ...
        # Subtest: should execute queue sequentially
        ok 2 - should execute queue sequentially
          ---
          duration_ms: 109.4579
          type: 'test'
          ...
        # Subtest: should handle queue execution with errors
        ok 3 - should handle queue execution with errors
          ---
          duration_ms: 1.1457
          type: 'test'
          ...
        1..3
    ok 6 - Queue Management Flow
      ---
      duration_ms: 112.2093
      type: 'suite'
      ...
    # Subtest: Compaction Flow
        # Subtest: should trigger auto-compaction at threshold
        ok 1 - should trigger auto-compaction at threshold
          ---
          duration_ms: 0.6025
          type: 'test'
          ...
        # Subtest: should not compact below threshold
        ok 2 - should not compact below threshold
          ---
          duration_ms: 0.5927
          type: 'test'
          ...
        # Subtest: should handle compaction during active stream
        ok 3 - should handle compaction during active stream
          ---
          duration_ms: 0.4066
          type: 'test'
          ...
        1..3
    ok 7 - Compaction Flow
      ---
      duration_ms: 1.9201
      type: 'suite'
      ...
    # Subtest: Message Persistence Flow
        # Subtest: should persist user message immediately
        ok 1 - should persist user message immediately
          ---
          duration_ms: 0.5906
          type: 'test'
          ...
        # Subtest: should append assistant response to history
        ok 2 - should append assistant response to history
          ---
          duration_ms: 0.4305
          type: 'test'
          ...
        1..2
    ok 8 - Message Persistence Flow
      ---
      duration_ms: 1.2222
      type: 'suite'
      ...
    # Subtest: Context Attachments Flow
        # Subtest: should attach code context to message
        ok 1 - should attach code context to message
          ---
          duration_ms: 0.9657
          type: 'test'
          ...
        # Subtest: should handle multiple context attachments
        ok 2 - should handle multiple context attachments
          ---
          duration_ms: 1.3683
          type: 'test'
          ...
        1..2
    ok 9 - Context Attachments Flow
      ---
      duration_ms: 2.8557
      type: 'suite'
      ...
    # Subtest: Performance and Timing
        # Subtest: should measure complete flow duration
        ok 1 - should measure complete flow duration
          ---
          duration_ms: 191.8771
          type: 'test'
          ...
        # Subtest: should log performance metrics
        ok 2 - should log performance metrics
          ---
          duration_ms: 3.1052
          type: 'test'
          ...
        1..2
    ok 10 - Performance and Timing
      ---
      duration_ms: 196.0017
      type: 'suite'
      ...
    # Subtest: Edge Cases
        # Subtest: should handle empty message
        ok 1 - should handle empty message
          ---
          duration_ms: 1.2789
          type: 'test'
          ...
        # Subtest: should handle very long message
        ok 2 - should handle very long message
          ---
          duration_ms: 0.6514
          type: 'test'
          ...
        # Subtest: should handle special characters in message
        not ok 3 - should handle special characters in message
          ---
          duration_ms: 2.6049
          type: 'test'
          location: 'E:\\Projects\\vscode-opencode\\tests\\integration\\chat-flow-complete.test.mjs:926:9'
          failureType: 'testCodeFailure'
          error: |-
            Expected values to be strictly equal:
            
            37 !== 38
            
          code: 'ERR_ASSERTION'
          name: 'AssertionError'
          expected: 38
          actual: 37
          operator: 'strictEqual'
          stack: |-
            TestContext.<anonymous> (file:///E:/Projects/vscode-opencode/tests/integration/chat-flow-complete.test.mjs:937:20)
            Test.runInAsyncScope (node:async_hooks:214:14)
            Test.run (node:internal/test_runner/test:1047:25)
            Suite.processPendingSubtests (node:internal/test_runner/test:744:18)
            Test.postRun (node:internal/test_runner/test:1173:19)
            Test.run (node:internal/test_runner/test:1101:12)
            async Suite.processPendingSubtests (node:internal/test_runner/test:744:7)
          ...
        # Subtest: should handle concurrent messages to different sessions
        ok 4 - should handle concurrent messages to different sessions
          ---
          duration_ms: 22.985
          type: 'test'
          ...
        1..4
    not ok 11 - Edge Cases
      ---
      duration_ms: 28.462
      type: 'suite'
      location: 'E:\\Projects\\vscode-opencode\\tests\\integration\\chat-flow-complete.test.mjs:894:5'
      failureType: 'subtestsFailed'
      error: '1 subtest failed'
      code: 'ERR_TEST_FAILURE'
      ...
    1..11
not ok 222 - Complete Chat Flow Integration Tests
  ---
  duration_ms: 666.0401
  type: 'suite'
  location: 'E:\\Projects\\vscode-opencode\\tests\\integration\\chat-flow-complete.test.mjs:289:1'
  failureType: 'subtestsFailed'
  error: '2 subtests failed'
  code: 'ERR_TEST_FAILURE'
  ...
# Subtest: Chat Streaming Events Integration Tests
    # Subtest: SSE Protocol Parsing
        # Subtest: should parse single complete event
        ok 1 - should parse single complete event
          ---
          duration_ms: 6.46
          type: 'test'
          ...
        # Subtest: should parse multiple events in one chunk
        ok 2 - should parse multiple events in one chunk
          ---
          duration_ms: 0.9118
          type: 'test'
          ...
        # Subtest: should handle incomplete events across chunks
        ok 3 - should handle incomplete events across chunks
          ---
          duration_ms: 1.8547
          type: 'test'
          ...
        # Subtest: should handle events with id and type
        ok 4 - should handle events with id and type
          ---
          duration_ms: 1.1892
          type: 'test'
          ...
        1..4
    ok 1 - SSE Protocol Parsing
      ---
      duration_ms: 13.0747
      type: 'suite'
      ...
    # Subtest: Message Delta Streaming
        # Subtest: should stream message deltas in real-time
        ok 1 - should stream message deltas in real-time
          ---
          duration_ms: 1.3271
          type: 'test'
          ...
        # Subtest: should handle message completion event
        ok 2 - should handle message completion event
          ---
          duration_ms: 0.8779
          type: 'test'
          ...
        1..2
    ok 2 - Message Delta Streaming
      ---
      duration_ms: 5.7134
      type: 'suite'
      ...
    # Subtest: Token Usage Tracking
        # Subtest: should track prompt tokens
        ok 1 - should track prompt tokens
          ---
          duration_ms: 0.9211
          type: 'test'
          ...
        # Subtest: should track completion tokens
        ok 2 - should track completion tokens
          ---
          duration_ms: 1.0346
          type: 'test'
          ...
        # Subtest: should accumulate usage across multiple events
        ok 3 - should accumulate usage across multiple events
          ---
          duration_ms: 6.5691
          type: 'test'
          ...
        1..3
    ok 3 - Token Usage Tracking
      ---
      duration_ms: 9.5482
      type: 'suite'
      ...
    # Subtest: Subagent Event Streaming
        # Subtest: should handle subagent creation
        ok 1 - should handle subagent creation
          ---
          duration_ms: 0.9483
          type: 'test'
          ...
        # Subtest: should handle subagent progress updates
        ok 2 - should handle subagent progress updates
          ---
          duration_ms: 0.8837
          type: 'test'
          ...
        # Subtest: should handle subagent completion
        ok 3 - should handle subagent completion
          ---
          duration_ms: 4.005
          type: 'test'
          ...
        1..3
    ok 4 - Subagent Event Streaming
      ---
      duration_ms: 6.5621
      type: 'suite'
      ...
    # Subtest: Permission Request Events
        # Subtest: should handle permission requests
        ok 1 - should handle permission requests
          ---
          duration_ms: 1.0977
          type: 'test'
          ...
        # Subtest: should handle permission responses
        ok 2 - should handle permission responses
          ---
          duration_ms: 1.3229
          type: 'test'
          ...
        1..2
    ok 5 - Permission Request Events
      ---
      duration_ms: 3.0533
      type: 'suite'
      ...
    # Subtest: Error Event Handling
        # Subtest: should handle error events
        ok 1 - should handle error events
          ---
          duration_ms: 2.8446
          type: 'test'
          ...
        # Subtest: should handle session error events
        ok 2 - should handle session error events
          ---
          duration_ms: 3.1611
          type: 'test'
          ...
        1..2
    ok 6 - Error Event Handling
      ---
      duration_ms: 6.7003
      type: 'suite'
      ...
    # Subtest: Structured Output Events
        # Subtest: should handle structured output events
        ok 1 - should handle structured output events
          ---
          duration_ms: 0.8323
          type: 'test'
          ...
        # Subtest: should handle progress update events
        ok 2 - should handle progress update events
          ---
          duration_ms: 0.7955
          type: 'test'
          ...
        1..2
    ok 7 - Structured Output Events
      ---
      duration_ms: 2.0262
      type: 'suite'
      ...
    # Subtest: Compaction Events
        # Subtest: should handle compaction started event
        ok 1 - should handle compaction started event
          ---
          duration_ms: 3.5933
          type: 'test'
          ...
        # Subtest: should handle compaction completed event
        ok 2 - should handle compaction completed event
          ---
          duration_ms: 1.0573
          type: 'test'
          ...
        1..2
    ok 8 - Compaction Events
      ---
      duration_ms: 5.0629
      type: 'suite'
      ...
    # Subtest: Heartbeat and Keep-Alive
        # Subtest: should handle heartbeat events
        ok 1 - should handle heartbeat events
          ---
          duration_ms: 0.7891
          type: 'test'
          ...
        # Subtest: should handle keep-alive comments
        ok 2 - should handle keep-alive comments
          ---
          duration_ms: 0.6969
          type: 'test'
          ...
        1..2
    ok 9 - Heartbeat and Keep-Alive
      ---
      duration_ms: 1.7999
      type: 'suite'
      ...
    # Subtest: Edge Cases
        # Subtest: should handle malformed JSON gracefully
        ok 1 - should handle malformed JSON gracefully
          ---
          duration_ms: 0.9207
          type: 'test'
          ...
        # Subtest: should handle empty events
        ok 2 - should handle empty events
          ---
          duration_ms: 0.6514
          type: 'test'
          ...
        # Subtest: should handle events with extra whitespace
        ok 3 - should handle events with extra whitespace
          ---
          duration_ms: 0.6288
          type: 'test'
          ...
        # Subtest: should handle very large events
        ok 4 - should handle very large events
          ---
          duration_ms: 0.8682
          type: 'test'
          ...
        # Subtest: should handle unicode content
        ok 5 - should handle unicode content
          ---
          duration_ms: 0.9564
          type: 'test'
          ...
        1..5
    ok 10 - Edge Cases
      ---
      duration_ms: 4.8686
      type: 'suite'
      ...
    # Subtest: Event Ordering and Timing
        # Subtest: should preserve event order
        ok 1 - should preserve event order
          ---
          duration_ms: 2.7123
          type: 'test'
          ...
        # Subtest: should handle out-of-order chunks
        ok 2 - should handle out-of-order chunks
          ---
          duration_ms: 5.9831
          type: 'test'
          ...
        1..2
    ok 11 - Event Ordering and Timing
      ---
      duration_ms: 9.513
      type: 'suite'
      ...
    # Subtest: Buffer Management
        # Subtest: should handle chunk splitting in middle of JSON
        ok 1 - should handle chunk splitting in middle of JSON
          ---
          duration_ms: 1.2777
          type: 'test'
          ...
        # Subtest: should handle multiple incomplete events
        ok 2 - should handle multiple incomplete events
          ---
          duration_ms: 0.7874
          type: 'test'
          ...
        1..2
    ok 12 - Buffer Management
      ---
      duration_ms: 2.7337
      type: 'suite'
      ...
    1..12
ok 223 - Chat Streaming Events Integration Tests
  ---
  duration_ms: 83.4632
  type: 'suite'
  ...
# ✅ Conversation Flow Test Suite loaded
# 📊 Test suites:
#    - Single Message Flow (10 tests)
#    - Multi-Turn Conversations (10 tests)
#    - Streaming Events (11 tests)
#    - Session Management (11 tests)
#    - UI Synchronization (13 tests)
#    - Webview Initialization (13 tests)
#    - Queue Management (14 tests)
#    - Model & Agent Selection (15 tests)
#    - Session Lifecycle (17 tests)
#    - Message Retry (15 tests)
#    Total: 129 integration tests
# Subtest: single message: user sends text message and receives streamed response
ok 224 - single message: user sends text message and receives streamed response
  ---
  duration_ms: 18.0269
  type: 'test'
  ...
# Subtest: single message: user sends message with file attachments
not ok 225 - single message: user sends message with file attachments
  ---
  duration_ms: 16.1651
  type: 'test'
  location: 'E:\\Projects\\vscode-opencode\\tests\\integration\\conversation-flow\\suites\\single-message.test.mjs:50:1'
  failureType: 'testCodeFailure'
  error: 'Message should include files'
  code: 'ERR_ASSERTION'
  name: 'AssertionError'
  expected: true
  operator: '=='
  stack: |-
    file:///E:/Projects/vscode-opencode/tests/integration/conversation-flow/suites/single-message.test.mjs:64:12
    async withConversationTest (file:///E:/Projects/vscode-opencode/tests/integration/conversation-flow/helpers/conversation-test-utils.mjs:338:5)
    async TestContext.<anonymous> (file:///E:/Projects/vscode-opencode/tests/integration/conversation-flow/suites/single-message.test.mjs:51:3)
    async Test.run (node:internal/test_runner/test:1054:7)
    async Test.processPendingSubtests (node:internal/test_runner/test:744:7)
  ...
# Subtest: single message: user sends message with image attachments
ok 226 - single message: user sends message with image attachments
  ---
  duration_ms: 1.1736
  type: 'test'
  ...
# Subtest: single message: user sends message with all attachment types
not ok 227 - single message: user sends message with all attachment types
  ---
  duration_ms: 3.651
  type: 'test'
  location: 'E:\\Projects\\vscode-opencode\\tests\\integration\\conversation-flow\\suites\\single-message.test.mjs:92:1'
  failureType: 'testCodeFailure'
  error: 'Should have files'
  code: 'ERR_ASSERTION'
  name: 'AssertionError'
  expected: true
  operator: '=='
  stack: |-
    file:///E:/Projects/vscode-opencode/tests/integration/conversation-flow/suites/single-message.test.mjs:108:12
    async withConversationTest (file:///E:/Projects/vscode-opencode/tests/integration/conversation-flow/helpers/conversation-test-utils.mjs:338:5)
    async TestContext.<anonymous> (file:///E:/Projects/vscode-opencode/tests/integration/conversation-flow/suites/single-message.test.mjs:93:3)
    async Test.run (node:internal/test_runner/test:1054:7)
    async Test.processPendingSubtests (node:internal/test_runner/test:744:7)
  ...
# Subtest: single message: receives response with structured output
ok 228 - single message: receives response with structured output
  ---
  duration_ms: 1.9492
  type: 'test'
  ...
# Subtest: single message: receives response with tool use (file write)
ok 229 - single message: receives response with tool use (file write)
  ---
  duration_ms: 1.6254
  type: 'test'
  ...
# Subtest: single message: receives chunked streaming response
ok 230 - single message: receives chunked streaming response
  ---
  duration_ms: 2.1256
  type: 'test'
  ...
# Subtest: single message: message structure is correct
ok 231 - single message: message structure is correct
  ---
  duration_ms: 2.3722
  type: 'test'
  ...
# Subtest: single message: webview receives streamEvent messages
not ok 232 - single message: webview receives streamEvent messages
  ---
  duration_ms: 3.9418
  type: 'test'
  location: 'E:\\Projects\\vscode-opencode\\tests\\integration\\conversation-flow\\suites\\single-message.test.mjs:209:1'
  failureType: 'testCodeFailure'
  error: 'Webview should receive streamEvent messages'
  code: 'ERR_ASSERTION'
  name: 'AssertionError'
  expected: true
  actual: false
  operator: '=='
  stack: |-
    file:///E:/Projects/vscode-opencode/tests/integration/conversation-flow/suites/single-message.test.mjs:219:12
    async withConversationTest (file:///E:/Projects/vscode-opencode/tests/integration/conversation-flow/helpers/conversation-test-utils.mjs:338:5)
    async TestContext.<anonymous> (file:///E:/Projects/vscode-opencode/tests/integration/conversation-flow/suites/single-message.test.mjs:210:3)
    async Test.run (node:internal/test_runner/test:1054:7)
    async Test.processPendingSubtests (node:internal/test_runner/test:744:7)
  ...
# Subtest: single message: handles long response without errors
ok 233 - single message: handles long response without errors
  ---
  duration_ms: 2.3758
  type: 'test'
  ...
# Subtest: single message: preserves message order in session
not ok 234 - single message: preserves message order in session
  ---
  duration_ms: 4.609
  type: 'test'
  location: 'E:\\Projects\\vscode-opencode\\tests\\integration\\conversation-flow\\suites\\single-message.test.mjs:253:1'
  failureType: 'testCodeFailure'
  error: |-
    Expected values to be strictly equal:
    + actual - expected
    
    + 'user'
    - 'assistant'
    
  code: 'ERR_ASSERTION'
  name: 'AssertionError'
  expected: 'assistant'
  actual: 'user'
  operator: 'strictEqual'
  stack: |-
    file:///E:/Projects/vscode-opencode/tests/integration/conversation-flow/suites/single-message.test.mjs:274:12
    async withConversationTest (file:///E:/Projects/vscode-opencode/tests/integration/conversation-flow/helpers/conversation-test-utils.mjs:338:5)
    async TestContext.<anonymous> (file:///E:/Projects/vscode-opencode/tests/integration/conversation-flow/suites/single-message.test.mjs:254:3)
    async Test.run (node:internal/test_runner/test:1054:7)
    async Test.processPendingSubtests (node:internal/test_runner/test:744:7)
  ...
# Subtest: multi-turn: two-message conversation maintains context
not ok 235 - multi-turn: two-message conversation maintains context
  ---
  duration_ms: 2.7268
  type: 'test'
  location: 'E:\\Projects\\vscode-opencode\\tests\\integration\\conversation-flow\\suites\\multi-turn-conversation.test.mjs:18:1'
  failureType: 'testCodeFailure'
  error: |-
    Expected session to have 4 messages, got 2
    
    2 !== 4
    
  code: 'ERR_ASSERTION'
  name: 'AssertionError'
  expected: 4
  actual: 2
  operator: 'strictEqual'
  stack: |-
    Object.sessionHasMessageCount (file:///E:/Projects/vscode-opencode/tests/integration/conversation-flow/helpers/conversation-test-utils.mjs:90:16)
    file:///E:/Projects/vscode-opencode/tests/integration/conversation-flow/suites/multi-turn-conversation.test.mjs:33:12
    async withConversationTest (file:///E:/Projects/vscode-opencode/tests/integration/conversation-flow/helpers/conversation-test-utils.mjs:338:5)
    async TestContext.<anonymous> (file:///E:/Projects/vscode-opencode/tests/integration/conversation-flow/suites/multi-turn-conversation.test.mjs:19:3)
    async Test.run (node:internal/test_runner/test:1054:7)
    async Test.processPendingSubtests (node:internal/test_runner/test:744:7)
  ...
# Subtest: multi-turn: three-message conversation with full history
not ok 236 - multi-turn: three-message conversation with full history
  ---
  duration_ms: 1.7495
  type: 'test'
  location: 'E:\\Projects\\vscode-opencode\\tests\\integration\\conversation-flow\\suites\\multi-turn-conversation.test.mjs:46:1'
  failureType: 'testCodeFailure'
  error: |-
    Expected session to have 6 messages, got 3
    
    3 !== 6
    
  code: 'ERR_ASSERTION'
  name: 'AssertionError'
  expected: 6
  actual: 3
  operator: 'strictEqual'
  stack: |-
    Object.sessionHasMessageCount (file:///E:/Projects/vscode-opencode/tests/integration/conversation-flow/helpers/conversation-test-utils.mjs:90:16)
    file:///E:/Projects/vscode-opencode/tests/integration/conversation-flow/suites/multi-turn-conversation.test.mjs:66:12
    async withConversationTest (file:///E:/Projects/vscode-opencode/tests/integration/conversation-flow/helpers/conversation-test-utils.mjs:338:5)
    async TestContext.<anonymous> (file:///E:/Projects/vscode-opencode/tests/integration/conversation-flow/suites/multi-turn-conversation.test.mjs:47:3)
    async Test.run (node:internal/test_runner/test:1054:7)
    async Test.processPendingSubtests (node:internal/test_runner/test:744:7)
  ...
# Subtest: multi-turn: conversation with file operations across turns
not ok 237 - multi-turn: conversation with file operations across turns
  ---
  duration_ms: 1.832
  type: 'test'
  location: 'E:\\Projects\\vscode-opencode\\tests\\integration\\conversation-flow\\suites\\multi-turn-conversation.test.mjs:80:1'
  failureType: 'testCodeFailure'
  error: |-
    Expected values to be strictly equal:
    
    2 !== 4
    
  code: 'ERR_ASSERTION'
  name: 'AssertionError'
  expected: 4
  actual: 2
  operator: 'strictEqual'
  stack: |-
    file:///E:/Projects/vscode-opencode/tests/integration/conversation-flow/suites/multi-turn-conversation.test.mjs:96:12
    async withConversationTest (file:///E:/Projects/vscode-opencode/tests/integration/conversation-flow/helpers/conversation-test-utils.mjs:338:5)
    async TestContext.<anonymous> (file:///E:/Projects/vscode-opencode/tests/integration/conversation-flow/suites/multi-turn-conversation.test.mjs:81:3)
    async Test.run (node:internal/test_runner/test:1054:7)
    async Test.processPendingSubtests (node:internal/test_runner/test:744:7)
  ...
# Subtest: multi-turn: long conversation maintains performance
not ok 238 - multi-turn: long conversation maintains performance
  ---
  duration_ms: 1.7753
  type: 'test'
  location: 'E:\\Projects\\vscode-opencode\\tests\\integration\\conversation-flow\\suites\\multi-turn-conversation.test.mjs:107:1'
  failureType: 'testCodeFailure'
  error: |-
    Expected session to have 20 messages, got 10
    
    10 !== 20
    
  code: 'ERR_ASSERTION'
  name: 'AssertionError'
  expected: 20
  actual: 10
  operator: 'strictEqual'
  stack: |-
    Object.sessionHasMessageCount (file:///E:/Projects/vscode-opencode/tests/integration/conversation-flow/helpers/conversation-test-utils.mjs:90:16)
    file:///E:/Projects/vscode-opencode/tests/integration/conversation-flow/suites/multi-turn-conversation.test.mjs:121:12
    async withConversationTest (file:///E:/Projects/vscode-opencode/tests/integration/conversation-flow/helpers/conversation-test-utils.mjs:338:5)
    async TestContext.<anonymous> (file:///E:/Projects/vscode-opencode/tests/integration/conversation-flow/suites/multi-turn-conversation.test.mjs:108:3)
    async Test.run (node:internal/test_runner/test:1054:7)
    async Test.processPendingSubtests (node:internal/test_runner/test:744:7)
  ...
# Subtest: multi-turn: context references previous messages
not ok 239 - multi-turn: context references previous messages
  ---
  duration_ms: 28.0342
  type: 'test'
  location: 'E:\\Projects\\vscode-opencode\\tests\\integration\\conversation-flow\\suites\\multi-turn-conversation.test.mjs:133:1'
  failureType: 'testCodeFailure'
  error: |-
    The expression evaluated to a falsy value:
    
      assert.ok(messages[2].text.includes('benefits'))
    
  code: 'ERR_ASSERTION'
  name: 'AssertionError'
  expected: true
  actual: false
  operator: '=='
  stack: |-
    file:///E:/Projects/vscode-opencode/tests/integration/conversation-flow/suites/multi-turn-conversation.test.mjs:157:12
    async withConversationTest (file:///E:/Projects/vscode-opencode/tests/integration/conversation-flow/helpers/conversation-test-utils.mjs:338:5)
    async TestContext.<anonymous> (file:///E:/Projects/vscode-opencode/tests/integration/conversation-flow/suites/multi-turn-conversation.test.mjs:134:3)
    async Test.run (node:internal/test_runner/test:1054:7)
    async Test.processPendingSubtests (node:internal/test_runner/test:744:7)
  ...
# Subtest: multi-turn: mixed content types across conversation
not ok 240 - multi-turn: mixed content types across conversation
  ---
  duration_ms: 6.8893
  type: 'test'
  location: 'E:\\Projects\\vscode-opencode\\tests\\integration\\conversation-flow\\suites\\multi-turn-conversation.test.mjs:162:1'
  failureType: 'testCodeFailure'
  error: |-
    Expected values to be strictly equal:
    
    4 !== 8
    
  code: 'ERR_ASSERTION'
  name: 'AssertionError'
  expected: 8
  actual: 4
  operator: 'strictEqual'
  stack: |-
    file:///E:/Projects/vscode-opencode/tests/integration/conversation-flow/suites/multi-turn-conversation.test.mjs:190:12
    async withConversationTest (file:///E:/Projects/vscode-opencode/tests/integration/conversation-flow/helpers/conversation-test-utils.mjs:338:5)
    async TestContext.<anonymous> (file:///E:/Projects/vscode-opencode/tests/integration/conversation-flow/suites/multi-turn-conversation.test.mjs:163:3)
    async Test.run (node:internal/test_runner/test:1054:7)
    async Test.processPendingSubtests (node:internal/test_runner/test:744:7)
  ...
# Subtest: multi-turn: conversation maintains sessionId throughout
not ok 241 - multi-turn: conversation maintains sessionId throughout
  ---
  duration_ms: 5.3385
  type: 'test'
  location: 'E:\\Projects\\vscode-opencode\\tests\\integration\\conversation-flow\\suites\\multi-turn-conversation.test.mjs:200:1'
  failureType: 'testCodeFailure'
  error: |-
    Expected values to be strictly equal:
    
    5 !== 10
    
  code: 'ERR_ASSERTION'
  name: 'AssertionError'
  expected: 10
  actual: 5
  operator: 'strictEqual'
  stack: |-
    file:///E:/Projects/vscode-opencode/tests/integration/conversation-flow/suites/multi-turn-conversation.test.mjs:213:12
    async withConversationTest (file:///E:/Projects/vscode-opencode/tests/integration/conversation-flow/helpers/conversation-test-utils.mjs:338:5)
    async TestContext.<anonymous> (file:///E:/Projects/vscode-opencode/tests/integration/conversation-flow/suites/multi-turn-conversation.test.mjs:201:3)
    async Test.run (node:internal/test_runner/test:1054:7)
    async Test.processPendingSubtests (node:internal/test_runner/test:744:7)
  ...
# Subtest: multi-turn: rapid consecutive messages are handled correctly
not ok 242 - multi-turn: rapid consecutive messages are handled correctly
  ---
  duration_ms: 1.6373
  type: 'test'
  location: 'E:\\Projects\\vscode-opencode\\tests\\integration\\conversation-flow\\suites\\multi-turn-conversation.test.mjs:223:1'
  failureType: 'testCodeFailure'
  error: |-
    Expected session to have 6 messages, got 3
    
    3 !== 6
    
  code: 'ERR_ASSERTION'
  name: 'AssertionError'
  expected: 6
  actual: 3
  operator: 'strictEqual'
  stack: |-
    Object.sessionHasMessageCount (file:///E:/Projects/vscode-opencode/tests/integration/conversation-flow/helpers/conversation-test-utils.mjs:90:16)
    file:///E:/Projects/vscode-opencode/tests/integration/conversation-flow/suites/multi-turn-conversation.test.mjs:244:12
    async withConversationTest (file:///E:/Projects/vscode-opencode/tests/integration/conversation-flow/helpers/conversation-test-utils.mjs:338:5)
    async TestContext.<anonymous> (file:///E:/Projects/vscode-opencode/tests/integration/conversation-flow/suites/multi-turn-conversation.test.mjs:224:3)
    async Test.run (node:internal/test_runner/test:1054:7)
    async Test.processPendingSubtests (node:internal/test_runner/test:744:7)
  ...
# Subtest: multi-turn: conversation with varied response lengths
not ok 243 - multi-turn: conversation with varied response lengths
  ---
  duration_ms: 2.9105
  type: 'test'
  location: 'E:\\Projects\\vscode-opencode\\tests\\integration\\conversation-flow\\suites\\multi-turn-conversation.test.mjs:248:1'
  failureType: 'testCodeFailure'
  error: "Cannot read properties of undefined (reading 'text')"
  code: 'ERR_TEST_FAILURE'
  name: 'TypeError'
  stack: |-
    file:///E:/Projects/vscode-opencode/tests/integration/conversation-flow/suites/multi-turn-conversation.test.mjs:272:40
    async withConversationTest (file:///E:/Projects/vscode-opencode/tests/integration/conversation-flow/helpers/conversation-test-utils.mjs:338:5)
    async TestContext.<anonymous> (file:///E:/Projects/vscode-opencode/tests/integration/conversation-flow/suites/multi-turn-conversation.test.mjs:249:3)
    async Test.run (node:internal/test_runner/test:1054:7)
    async Test.processPendingSubtests (node:internal/test_runner/test:744:7)
  ...
# Subtest: multi-turn: conversation preserves tool use context
not ok 244 - multi-turn: conversation preserves tool use context
  ---
  duration_ms: 1.1235
  type: 'test'
  location: 'E:\\Projects\\vscode-opencode\\tests\\integration\\conversation-flow\\suites\\multi-turn-conversation.test.mjs:280:1'
  failureType: 'testCodeFailure'
  error: "Cannot read properties of undefined (reading 'name')"
  code: 'ERR_TEST_FAILURE'
  name: 'TypeError'
  stack: |-
    file:///E:/Projects/vscode-opencode/tests/integration/conversation-flow/suites/multi-turn-conversation.test.mjs:304:28
    async withConversationTest (file:///E:/Projects/vscode-opencode/tests/integration/conversation-flow/helpers/conversation-test-utils.mjs:338:5)
    async TestContext.<anonymous> (file:///E:/Projects/vscode-opencode/tests/integration/conversation-flow/suites/multi-turn-conversation.test.mjs:281:3)
    async Test.run (node:internal/test_runner/test:1054:7)
    async Test.processPendingSubtests (node:internal/test_runner/test:744:7)
  ...
# Subtest: streaming: progressive text streaming builds content incrementally
ok 245 - streaming: progressive text streaming builds content incrementally
  ---
  duration_ms: 1.1364
  type: 'test'
  ...
# Subtest: streaming: message.updated event signals completion
ok 246 - streaming: message.updated event signals completion
  ---
  duration_ms: 0.9825
  type: 'test'
  ...
# Subtest: streaming: tool use events include tool details
ok 247 - streaming: tool use events include tool details
  ---
  duration_ms: 0.8302
  type: 'test'
  ...
# Subtest: streaming: multiple tool uses in single response
ok 248 - streaming: multiple tool uses in single response
  ---
  duration_ms: 1.2215
  type: 'test'
  ...
# Subtest: streaming: structured output events include structured data
ok 249 - streaming: structured output events include structured data
  ---
  duration_ms: 1.0251
  type: 'test'
  ...
# Subtest: streaming: rapid stream events are processed in order
ok 250 - streaming: rapid stream events are processed in order
  ---
  duration_ms: 1.7281
  type: 'test'
  ...
# Subtest: streaming: stream events include session and response IDs
not ok 251 - streaming: stream events include session and response IDs
  ---
  duration_ms: 2.1345
  type: 'test'
  location: 'E:\\Projects\\vscode-opencode\\tests\\integration\\conversation-flow\\suites\\streaming-events.test.mjs:187:1'
  failureType: 'testCodeFailure'
  error: |-
    Event should have correct response ID
    + actual - expected
    
    + 'test-response-123'
    - 'test-response-456'
                     ^
    
  code: 'ERR_ASSERTION'
  name: 'AssertionError'
  expected: 'test-response-456'
  actual: 'test-response-123'
  operator: 'strictEqual'
  stack: |-
    file:///E:/Projects/vscode-opencode/tests/integration/conversation-flow/suites/streaming-events.test.mjs:207:14
    Array.forEach (<anonymous>)
    file:///E:/Projects/vscode-opencode/tests/integration/conversation-flow/suites/streaming-events.test.mjs:205:35
    async withConversationTest (file:///E:/Projects/vscode-opencode/tests/integration/conversation-flow/helpers/conversation-test-utils.mjs:338:5)
    async TestContext.<anonymous> (file:///E:/Projects/vscode-opencode/tests/integration/conversation-flow/suites/streaming-events.test.mjs:188:3)
    async Test.run (node:internal/test_runner/test:1054:7)
    async Test.processPendingSubtests (node:internal/test_runner/test:744:7)
  ...
# Subtest: streaming: token usage is tracked
ok 252 - streaming: token usage is tracked
  ---
  duration_ms: 1.324
  type: 'test'
  ...
# Subtest: streaming: stream subscriber lifecycle
not ok 253 - streaming: stream subscriber lifecycle
  ---
  duration_ms: 1.1591
  type: 'test'
  location: 'E:\\Projects\\vscode-opencode\\tests\\integration\\conversation-flow\\suites\\streaming-events.test.mjs:234:1'
  failureType: 'testCodeFailure'
  error: 'Should subscribe to stream'
  code: 'ERR_ASSERTION'
  name: 'AssertionError'
  expected: true
  actual: false
  operator: '=='
  stack: |-
    file:///E:/Projects/vscode-opencode/tests/integration/conversation-flow/suites/streaming-events.test.mjs:247:12
    async withConversationTest (file:///E:/Projects/vscode-opencode/tests/integration/conversation-flow/helpers/conversation-test-utils.mjs:338:5)
    async TestContext.<anonymous> (file:///E:/Projects/vscode-opencode/tests/integration/conversation-flow/suites/streaming-events.test.mjs:235:3)
    async Test.run (node:internal/test_runner/test:1054:7)
    async Test.processPendingSubtests (node:internal/test_runner/test:744:7)
  ...
# Subtest: streaming: mixed event types in single stream
ok 254 - streaming: mixed event types in single stream
  ---
  duration_ms: 1.2409
  type: 'test'
  ...
# Subtest: streaming: handles empty stream gracefully
ok 255 - streaming: handles empty stream gracefully
  ---
  duration_ms: 1.1239
  type: 'test'
  ...
# Subtest: streaming: handles single event stream
not ok 256 - streaming: handles single event stream
  ---
  duration_ms: 1.1958
  type: 'test'
  location: 'E:\\Projects\\vscode-opencode\\tests\\integration\\conversation-flow\\suites\\streaming-events.test.mjs:331:1'
  failureType: 'testCodeFailure'
  error: |-
    Expected session to have 2 messages, got 1
    
    1 !== 2
    
  code: 'ERR_ASSERTION'
  name: 'AssertionError'
  expected: 2
  actual: 1
  operator: 'strictEqual'
  stack: |-
    Object.sessionHasMessageCount (file:///E:/Projects/vscode-opencode/tests/integration/conversation-flow/helpers/conversation-test-utils.mjs:90:16)
    file:///E:/Projects/vscode-opencode/tests/integration/conversation-flow/suites/streaming-events.test.mjs:354:12
    async withConversationTest (file:///E:/Projects/vscode-opencode/tests/integration/conversation-flow/helpers/conversation-test-utils.mjs:338:5)
    async TestContext.<anonymous> (file:///E:/Projects/vscode-opencode/tests/integration/conversation-flow/suites/streaming-events.test.mjs:332:3)
    async Test.run (node:internal/test_runner/test:1054:7)
    async Test.processPendingSubtests (node:internal/test_runner/test:744:7)
  ...
# Subtest: session: new session created on first message
ok 257 - session: new session created on first message
  ---
  duration_ms: 0.9127
  type: 'test'
  ...
# Subtest: session: session title is auto-generated for new sessions
ok 258 - session: session title is auto-generated for new sessions
  ---
  duration_ms: 1.0508
  type: 'test'
  ...
# Subtest: session: messages persist across session retrieval
not ok 259 - session: messages persist across session retrieval
  ---
  duration_ms: 1.7502
  type: 'test'
  location: 'E:\\Projects\\vscode-opencode\\tests\\integration\\conversation-flow\\suites\\session-management.test.mjs:68:1'
  failureType: 'testCodeFailure'
  error: |-
    Expected values to be strictly equal:
    
    2 !== 4
    
  code: 'ERR_ASSERTION'
  name: 'AssertionError'
  expected: 4
  actual: 2
  operator: 'strictEqual'
  stack: |-
    withConversationTest.initialMessages (file:///E:/Projects/vscode-opencode/tests/integration/conversation-flow/suites/session-management.test.mjs:85:14)
    async withConversationTest (file:///E:/Projects/vscode-opencode/tests/integration/conversation-flow/helpers/conversation-test-utils.mjs:338:5)
    async TestContext.<anonymous> (file:///E:/Projects/vscode-opencode/tests/integration/conversation-flow/suites/session-management.test.mjs:69:3)
    async Test.run (node:internal/test_runner/test:1054:7)
    async Test.processPendingSubtests (node:internal/test_runner/test:744:7)
  ...
# Subtest: session: session switch maintains session isolation
not ok 260 - session: session switch maintains session isolation
  ---
  duration_ms: 1.153
  type: 'test'
  location: 'E:\\Projects\\vscode-opencode\\tests\\integration\\conversation-flow\\suites\\session-management.test.mjs:95:1'
  failureType: 'testCodeFailure'
  error: 'Session session-2 not found'
  code: 'ERR_TEST_FAILURE'
  stack: |-
    Object.switchSession (file:///E:/Projects/vscode-opencode/tests/integration/conversation-flow/helpers/mock-factory.mjs:127:15)
    TestContext.<anonymous> (file:///E:/Projects/vscode-opencode/tests/integration/conversation-flow/suites/session-management.test.mjs:110:32)
    async Test.run (node:internal/test_runner/test:1054:7)
    async Test.processPendingSubtests (node:internal/test_runner/test:744:7)
  ...
# Subtest: session: session history loads correctly
not ok 261 - session: session history loads correctly
  ---
  duration_ms: 1.9096
  type: 'test'
  location: 'E:\\Projects\\vscode-opencode\\tests\\integration\\conversation-flow\\suites\\session-management.test.mjs:132:1'
  failureType: 'testCodeFailure'
  error: |-
    Expected values to be strictly equal:
    
    3 !== 4
    
  code: 'ERR_ASSERTION'
  name: 'AssertionError'
  expected: 4
  actual: 3
  operator: 'strictEqual'
  stack: |-
    withConversationTest.initialMessages (file:///E:/Projects/vscode-opencode/tests/integration/conversation-flow/suites/session-management.test.mjs:154:14)
    async withConversationTest (file:///E:/Projects/vscode-opencode/tests/integration/conversation-flow/helpers/conversation-test-utils.mjs:338:5)
    async TestContext.<anonymous> (file:///E:/Projects/vscode-opencode/tests/integration/conversation-flow/suites/session-management.test.mjs:133:3)
    async Test.run (node:internal/test_runner/test:1054:7)
    async Test.processPendingSubtests (node:internal/test_runner/test:744:7)
  ...
# Subtest: session: multiple sessions can be managed
not ok 262 - session: multiple sessions can be managed
  ---
  duration_ms: 1.3113
  type: 'test'
  location: 'E:\\Projects\\vscode-opencode\\tests\\integration\\conversation-flow\\suites\\session-management.test.mjs:166:1'
  failureType: 'testCodeFailure'
  error: 'Session session-2 not found'
  code: 'ERR_TEST_FAILURE'
  stack: |-
    Object.switchSession (file:///E:/Projects/vscode-opencode/tests/integration/conversation-flow/helpers/mock-factory.mjs:127:15)
    TestContext.<anonymous> (file:///E:/Projects/vscode-opencode/tests/integration/conversation-flow/suites/session-management.test.mjs:185:32)
    async Test.run (node:internal/test_runner/test:1054:7)
    async Test.processPendingSubtests (node:internal/test_runner/test:744:7)
  ...
# Subtest: session: session metadata is maintained
ok 263 - session: session metadata is maintained
  ---
  duration_ms: 12.6955
  type: 'test'
  ...
# Subtest: session: session can be updated
ok 264 - session: session can be updated
  ---
  duration_ms: 0.7252
  type: 'test'
  ...
# Subtest: session: message order is preserved in session
not ok 265 - session: message order is preserved in session
  ---
  duration_ms: 3.0524
  type: 'test'
  location: 'E:\\Projects\\vscode-opencode\\tests\\integration\\conversation-flow\\suites\\session-management.test.mjs:264:1'
  failureType: 'testCodeFailure'
  error: |-
    Expected values to be strictly equal:
    
    5 !== 10
    
  code: 'ERR_ASSERTION'
  name: 'AssertionError'
  expected: 10
  actual: 5
  operator: 'strictEqual'
  stack: |-
    file:///E:/Projects/vscode-opencode/tests/integration/conversation-flow/suites/session-management.test.mjs:282:12
    async withConversationTest (file:///E:/Projects/vscode-opencode/tests/integration/conversation-flow/helpers/conversation-test-utils.mjs:338:5)
    async TestContext.<anonymous> (file:///E:/Projects/vscode-opencode/tests/integration/conversation-flow/suites/session-management.test.mjs:265:3)
    async Test.run (node:internal/test_runner/test:1054:7)
    async Test.processPendingSubtests (node:internal/test_runner/test:744:7)
  ...
# Subtest: session: handles session with no existing messages
not ok 266 - session: handles session with no existing messages
  ---
  duration_ms: 1.6031
  type: 'test'
  location: 'E:\\Projects\\vscode-opencode\\tests\\integration\\conversation-flow\\suites\\session-management.test.mjs:292:1'
  failureType: 'testCodeFailure'
  error: |-
    Expected values to be strictly equal:
    
    1 !== 2
    
  code: 'ERR_ASSERTION'
  name: 'AssertionError'
  expected: 2
  actual: 1
  operator: 'strictEqual'
  stack: |-
    withConversationTest.initialMessages (file:///E:/Projects/vscode-opencode/tests/integration/conversation-flow/suites/session-management.test.mjs:308:14)
    async withConversationTest (file:///E:/Projects/vscode-opencode/tests/integration/conversation-flow/helpers/conversation-test-utils.mjs:338:5)
    async TestContext.<anonymous> (file:///E:/Projects/vscode-opencode/tests/integration/conversation-flow/suites/session-management.test.mjs:293:3)
    async Test.run (node:internal/test_runner/test:1054:7)
    async Test.processPendingSubtests (node:internal/test_runner/test:744:7)
  ...
# Subtest: session: session service call tracking works
ok 267 - session: session service call tracking works
  ---
  duration_ms: 0.9533
  type: 'test'
  ...
# Subtest: ui: webview receives userMessageAppended on send
ok 268 - ui: webview receives userMessageAppended on send
  ---
  duration_ms: 1.144
  type: 'test'
  ...
# Subtest: ui: webview receives streamEvent messages during streaming
not ok 269 - ui: webview receives streamEvent messages during streaming
  ---
  duration_ms: 0.9873
  type: 'test'
  location: 'E:\\Projects\\vscode-opencode\\tests\\integration\\conversation-flow\\suites\\ui-synchronization.test.mjs:40:1'
  failureType: 'testCodeFailure'
  error: 'Should receive streamEvent messages'
  code: 'ERR_ASSERTION'
  name: 'AssertionError'
  expected: true
  actual: false
  operator: '=='
  stack: |-
    file:///E:/Projects/vscode-opencode/tests/integration/conversation-flow/suites/ui-synchronization.test.mjs:51:12
    async withConversationTest (file:///E:/Projects/vscode-opencode/tests/integration/conversation-flow/helpers/conversation-test-utils.mjs:338:5)
    async TestContext.<anonymous> (file:///E:/Projects/vscode-opencode/tests/integration/conversation-flow/suites/ui-synchronization.test.mjs:41:3)
    async Test.run (node:internal/test_runner/test:1054:7)
    async Test.processPendingSubtests (node:internal/test_runner/test:744:7)
  ...
# Subtest: ui: streamEvent messages include sessionId
not ok 270 - ui: streamEvent messages include sessionId
  ---
  duration_ms: 2.3728
  type: 'test'
  location: 'E:\\Projects\\vscode-opencode\\tests\\integration\\conversation-flow\\suites\\ui-synchronization.test.mjs:62:1'
  failureType: 'testCodeFailure'
  error: |-
    The expression evaluated to a falsy value:
    
      assert.ok(streamEvents.length > 0)
    
  code: 'ERR_ASSERTION'
  name: 'AssertionError'
  expected: true
  actual: false
  operator: '=='
  stack: |-
    file:///E:/Projects/vscode-opencode/tests/integration/conversation-flow/suites/ui-synchronization.test.mjs:78:12
    async withConversationTest (file:///E:/Projects/vscode-opencode/tests/integration/conversation-flow/helpers/conversation-test-utils.mjs:338:5)
    async TestContext.<anonymous> (file:///E:/Projects/vscode-opencode/tests/integration/conversation-flow/suites/ui-synchronization.test.mjs:63:3)
    async Test.run (node:internal/test_runner/test:1054:7)
    async Test.processPendingSubtests (node:internal/test_runner/test:744:7)
  ...
# Subtest: ui: processing state is communicated to webview
ok 271 - ui: processing state is communicated to webview
  ---
  duration_ms: 0.9761
  type: 'test'
  ...
# Subtest: ui: streaming state updates during response
not ok 272 - ui: streaming state updates during response
  ---
  duration_ms: 1.0306
  type: 'test'
  location: 'E:\\Projects\\vscode-opencode\\tests\\integration\\conversation-flow\\suites\\ui-synchronization.test.mjs:108:1'
  failureType: 'testCodeFailure'
  error: 'Should receive multiple stream events'
  code: 'ERR_ASSERTION'
  name: 'AssertionError'
  expected: true
  actual: false
  operator: '=='
  stack: |-
    file:///E:/Projects/vscode-opencode/tests/integration/conversation-flow/suites/ui-synchronization.test.mjs:119:12
    async withConversationTest (file:///E:/Projects/vscode-opencode/tests/integration/conversation-flow/helpers/conversation-test-utils.mjs:338:5)
    async TestContext.<anonymous> (file:///E:/Projects/vscode-opencode/tests/integration/conversation-flow/suites/ui-synchronization.test.mjs:109:3)
    async Test.run (node:internal/test_runner/test:1054:7)
    async Test.processPendingSubtests (node:internal/test_runner/test:744:7)
  ...
# Subtest: ui: final message completion state is sent
not ok 273 - ui: final message completion state is sent
  ---
  duration_ms: 3.6367
  type: 'test'
  location: 'E:\\Projects\\vscode-opencode\\tests\\integration\\conversation-flow\\suites\\ui-synchronization.test.mjs:129:1'
  failureType: 'testCodeFailure'
  error: 'Should have completion event'
  code: 'ERR_ASSERTION'
  name: 'AssertionError'
  expected: true
  operator: '=='
  stack: |-
    file:///E:/Projects/vscode-opencode/tests/integration/conversation-flow/suites/ui-synchronization.test.mjs:143:12
    async withConversationTest (file:///E:/Projects/vscode-opencode/tests/integration/conversation-flow/helpers/conversation-test-utils.mjs:338:5)
    async TestContext.<anonymous> (file:///E:/Projects/vscode-opencode/tests/integration/conversation-flow/suites/ui-synchronization.test.mjs:130:3)
    async Test.run (node:internal/test_runner/test:1054:7)
    async Test.processPendingSubtests (node:internal/test_runner/test:744:7)
  ...
# Subtest: ui: webview receives chatHistory updates
ok 274 - ui: webview receives chatHistory updates
  ---
  duration_ms: 5.0188
  type: 'test'
  ...
# Subtest: ui: tool use events are communicated to webview
not ok 275 - ui: tool use events are communicated to webview
  ---
  duration_ms: 8.764
  type: 'test'
  location: 'E:\\Projects\\vscode-opencode\\tests\\integration\\conversation-flow\\suites\\ui-synchronization.test.mjs:172:1'
  failureType: 'testCodeFailure'
  error: 'Should have tool use event'
  code: 'ERR_ASSERTION'
  name: 'AssertionError'
  expected: true
  operator: '=='
  stack: |-
    file:///E:/Projects/vscode-opencode/tests/integration/conversation-flow/suites/ui-synchronization.test.mjs:186:12
    async withConversationTest (file:///E:/Projects/vscode-opencode/tests/integration/conversation-flow/helpers/conversation-test-utils.mjs:338:5)
    async TestContext.<anonymous> (file:///E:/Projects/vscode-opencode/tests/integration/conversation-flow/suites/ui-synchronization.test.mjs:173:3)
    async Test.run (node:internal/test_runner/test:1054:7)
    async Test.processPendingSubtests (node:internal/test_runner/test:744:7)
  ...
# Subtest: ui: structured output events are communicated to webview
not ok 276 - ui: structured output events are communicated to webview
  ---
  duration_ms: 3.4627
  type: 'test'
  location: 'E:\\Projects\\vscode-opencode\\tests\\integration\\conversation-flow\\suites\\ui-synchronization.test.mjs:192:1'
  failureType: 'testCodeFailure'
  error: 'Should have structured output event'
  code: 'ERR_ASSERTION'
  name: 'AssertionError'
  expected: true
  operator: '=='
  stack: |-
    file:///E:/Projects/vscode-opencode/tests/integration/conversation-flow/suites/ui-synchronization.test.mjs:206:12
    async withConversationTest (file:///E:/Projects/vscode-opencode/tests/integration/conversation-flow/helpers/conversation-test-utils.mjs:338:5)
    async TestContext.<anonymous> (file:///E:/Projects/vscode-opencode/tests/integration/conversation-flow/suites/ui-synchronization.test.mjs:193:3)
    async Test.run (node:internal/test_runner/test:1054:7)
    async Test.processPendingSubtests (node:internal/test_runner/test:744:7)
  ...
# Subtest: ui: multiple rapid messages all reach webview
ok 277 - ui: multiple rapid messages all reach webview
  ---
  duration_ms: 5.504
  type: 'test'
  ...
# Subtest: ui: webview message structure is correct
ok 278 - ui: webview message structure is correct
  ---
  duration_ms: 0.782
  type: 'test'
  ...
# Subtest: ui: attachment information is included in webview messages
not ok 279 - ui: attachment information is included in webview messages
  ---
  duration_ms: 1.1066
  type: 'test'
  location: 'E:\\Projects\\vscode-opencode\\tests\\integration\\conversation-flow\\suites\\ui-synchronization.test.mjs:264:1'
  failureType: 'testCodeFailure'
  error: 'Message should include files'
  code: 'ERR_ASSERTION'
  name: 'AssertionError'
  expected: true
  operator: '=='
  stack: |-
    file:///E:/Projects/vscode-opencode/tests/integration/conversation-flow/suites/ui-synchronization.test.mjs:282:12
    async withConversationTest (file:///E:/Projects/vscode-opencode/tests/integration/conversation-flow/helpers/conversation-test-utils.mjs:338:5)
    async TestContext.<anonymous> (file:///E:/Projects/vscode-opencode/tests/integration/conversation-flow/suites/ui-synchronization.test.mjs:265:3)
    async Test.run (node:internal/test_runner/test:1054:7)
    async Test.processPendingSubtests (node:internal/test_runner/test:744:7)
  ...
# Subtest: ui: error state is communicated to webview
ok 280 - ui: error state is communicated to webview
  ---
  duration_ms: 0.6213
  type: 'test'
  ...
# Subtest: ui: webview receives token usage information
not ok 281 - ui: webview receives token usage information
  ---
  duration_ms: 0.9774
  type: 'test'
  location: 'E:\\Projects\\vscode-opencode\\tests\\integration\\conversation-flow\\suites\\ui-synchronization.test.mjs:307:1'
  failureType: 'testCodeFailure'
  error: 'Should have completion event'
  code: 'ERR_ASSERTION'
  name: 'AssertionError'
  expected: true
  operator: '=='
  stack: |-
    file:///E:/Projects/vscode-opencode/tests/integration/conversation-flow/suites/ui-synchronization.test.mjs:321:12
    async withConversationTest (file:///E:/Projects/vscode-opencode/tests/integration/conversation-flow/helpers/conversation-test-utils.mjs:338:5)
    async TestContext.<anonymous> (file:///E:/Projects/vscode-opencode/tests/integration/conversation-flow/suites/ui-synchronization.test.mjs:308:3)
    async Test.run (node:internal/test_runner/test:1054:7)
    async Test.processPendingSubtests (node:internal/test_runner/test:744:7)
  ...
# Subtest: initialization: webview sends ready message on load
ok 282 - initialization: webview sends ready message on load
  ---
  duration_ms: 0.9448
  type: 'test'
  ...
# Subtest: initialization: provider sends initState in response to ready
ok 283 - initialization: provider sends initState in response to ready
  ---
  duration_ms: 0.7567
  type: 'test'
  ...
# Subtest: initialization: initState includes session-specific settings
ok 284 - initialization: initState includes session-specific settings
  ---
  duration_ms: 0.5061
  type: 'test'
  ...
# Subtest: initialization: thinking level is sent after initState
ok 285 - initialization: thinking level is sent after initState
  ---
  duration_ms: 0.8979
  type: 'test'
  ...
# Subtest: initialization: sessions list is sent during bootstrap
ok 286 - initialization: sessions list is sent during bootstrap
  ---
  duration_ms: 0.8793
  type: 'test'
  ...
# Subtest: initialization: models are fetched during bootstrap
ok 287 - initialization: models are fetched during bootstrap
  ---
  duration_ms: 0.7848
  type: 'test'
  ...
# Subtest: initialization: agents are fetched during bootstrap
ok 288 - initialization: agents are fetched during bootstrap
  ---
  duration_ms: 4.3477
  type: 'test'
  ...
# Subtest: initialization: model capabilities are sent after initialization
ok 289 - initialization: model capabilities are sent after initialization
  ---
  duration_ms: 0.7049
  type: 'test'
  ...
# Subtest: initialization: chat history is sent to webview
ok 290 - initialization: chat history is sent to webview
  ---
  duration_ms: 1.0824
  type: 'test'
  ...
# Subtest: initialization: bootstrapping happens only once per reload
ok 291 - initialization: bootstrapping happens only once per reload
  ---
  duration_ms: 1.0362
  type: 'test'
  ...
# Subtest: initialization: webview receives server version
ok 292 - initialization: webview receives server version
  ---
  duration_ms: 1.0855
  type: 'test'
  ...
# Subtest: initialization: todo items are sent with initState
ok 293 - initialization: todo items are sent with initState
  ---
  duration_ms: 2.7368
  type: 'test'
  ...
# Subtest: queue: message can be added to queue
ok 294 - queue: message can be added to queue
  ---
  duration_ms: 1.118
  type: 'test'
  ...
# Subtest: queue: multiple messages can be added to queue
ok 295 - queue: multiple messages can be added to queue
  ---
  duration_ms: 1.065
  type: 'test'
  ...
# Subtest: queue: executeQueue processes messages in order
ok 296 - queue: executeQueue processes messages in order
  ---
  duration_ms: 1.5472
  type: 'test'
  ...
# Subtest: queue: clearQueue removes all queued messages
ok 297 - queue: clearQueue removes all queued messages
  ---
  duration_ms: 0.9804
  type: 'test'
  ...
# Subtest: queue: queue state is communicated to webview
ok 298 - queue: queue state is communicated to webview
  ---
  duration_ms: 1.0724
  type: 'test'
  ...
# Subtest: queue: empty queue state is communicated
ok 299 - queue: empty queue state is communicated
  ---
  duration_ms: 0.9151
  type: 'test'
  ...
# Subtest: queue: queue item includes metadata
ok 300 - queue: queue item includes metadata
  ---
  duration_ms: 0.6892
  type: 'test'
  ...
# Subtest: queue: queue persists across session reload
ok 301 - queue: queue persists across session reload
  ---
  duration_ms: 0.7324
  type: 'test'
  ...
# Subtest: queue: individual queue item can be removed
ok 302 - queue: individual queue item can be removed
  ---
  duration_ms: 0.4694
  type: 'test'
  ...
# Subtest: queue: queue execution sends messages sequentially
ok 303 - queue: queue execution sends messages sequentially
  ---
  duration_ms: 2.4177
  type: 'test'
  ...
# Subtest: queue: queue shows processing state during execution
ok 304 - queue: queue shows processing state during execution
  ---
  duration_ms: 1.1225
  type: 'test'
  ...
# Subtest: queue: queue completion state is sent
ok 305 - queue: queue completion state is sent
  ---
  duration_ms: 0.8361
  type: 'test'
  ...
# Subtest: queue: queue handles messages with attachments
ok 306 - queue: queue handles messages with attachments
  ---
  duration_ms: 0.9634
  type: 'test'
  ...
# Subtest: queue: queue respects session isolation
ok 307 - queue: queue respects session isolation
  ---
  duration_ms: 0.7934
  type: 'test'
  ...
# Subtest: selection: user can select model
ok 308 - selection: user can select model
  ---
  duration_ms: 1.724
  type: 'test'
  ...
# Subtest: selection: user can select agent
ok 309 - selection: user can select agent
  ---
  duration_ms: 0.9983
  type: 'test'
  ...
# Subtest: selection: model selection persists to session
ok 310 - selection: model selection persists to session
  ---
  duration_ms: 0.6725
  type: 'test'
  ...
# Subtest: selection: agent selection persists to session
ok 311 - selection: agent selection persists to session
  ---
  duration_ms: 0.6421
  type: 'test'
  ...
# Subtest: selection: model list is sent to webview
ok 312 - selection: model list is sent to webview
  ---
  duration_ms: 0.9272
  type: 'test'
  ...
# Subtest: selection: agent list is sent to webview
ok 313 - selection: agent list is sent to webview
  ---
  duration_ms: 0.915
  type: 'test'
  ...
# Subtest: selection: model selection updates webview state
ok 314 - selection: model selection updates webview state
  ---
  duration_ms: 0.7869
  type: 'test'
  ...
# Subtest: selection: agent selection updates webview state
ok 315 - selection: agent selection updates webview state
  ---
  duration_ms: 0.8831
  type: 'test'
  ...
# Subtest: selection: model selection is included in initState
ok 316 - selection: model selection is included in initState
  ---
  duration_ms: 0.7343
  type: 'test'
  ...
# Subtest: selection: agent selection is included in initState
ok 317 - selection: agent selection is included in initState
  ---
  duration_ms: 0.6507
  type: 'test'
  ...
# Subtest: selection: model capabilities are fetched after selection
ok 318 - selection: model capabilities are fetched after selection
  ---
  duration_ms: 0.8132
  type: 'test'
  ...
# Subtest: selection: switching models updates capabilities
ok 319 - selection: switching models updates capabilities
  ---
  duration_ms: 0.8711
  type: 'test'
  ...
# Subtest: selection: model selection includes provider name
ok 320 - selection: model selection includes provider name
  ---
  duration_ms: 0.6547
  type: 'test'
  ...
# Subtest: selection: multiple agents are available
ok 321 - selection: multiple agents are available
  ---
  duration_ms: 1.681
  type: 'test'
  ...
# Subtest: selection: model selection persists across sessions
ok 322 - selection: model selection persists across sessions
  ---
  duration_ms: 2.0364
  type: 'test'
  ...
# Subtest: session lifecycle: new session can be created
ok 323 - session lifecycle: new session can be created
  ---
  duration_ms: 0.736
  type: 'test'
  ...
# Subtest: session lifecycle: session can be switched
ok 324 - session lifecycle: session can be switched
  ---
  duration_ms: 1.2956
  type: 'test'
  ...
# Subtest: session lifecycle: session can be deleted
ok 325 - session lifecycle: session can be deleted
  ---
  duration_ms: 0.9217
  type: 'test'
  ...
# Subtest: session lifecycle: sessions list is updated after creation
ok 326 - session lifecycle: sessions list is updated after creation
  ---
  duration_ms: 0.6655
  type: 'test'
  ...
# Subtest: session lifecycle: sessions list is updated after deletion
ok 327 - session lifecycle: sessions list is updated after deletion
  ---
  duration_ms: 0.453
  type: 'test'
  ...
# Subtest: session lifecycle: current session ID is tracked
ok 328 - session lifecycle: current session ID is tracked
  ---
  duration_ms: 0.7599
  type: 'test'
  ...
# Subtest: session lifecycle: session title can be updated
ok 329 - session lifecycle: session title can be updated
  ---
  duration_ms: 1.0911
  type: 'test'
  ...
# Subtest: session lifecycle: session messages are preserved on switch
not ok 330 - session lifecycle: session messages are preserved on switch
  ---
  duration_ms: 1.6392
  type: 'test'
  location: 'E:\\Projects\\vscode-opencode\\tests\\integration\\conversation-flow\\suites\\session-lifecycle.test.mjs:145:1'
  failureType: 'testCodeFailure'
  error: |-
    Expected values to be strictly equal:
    
    0 !== 1
    
  code: 'ERR_ASSERTION'
  name: 'AssertionError'
  expected: 1
  actual: 0
  operator: 'strictEqual'
  stack: |-
    withConversationTest.initialMessages (file:///E:/Projects/vscode-opencode/tests/integration/conversation-flow/suites/session-lifecycle.test.mjs:164:14)
    async withConversationTest (file:///E:/Projects/vscode-opencode/tests/integration/conversation-flow/helpers/conversation-test-utils.mjs:338:5)
    async TestContext.<anonymous> (file:///E:/Projects/vscode-opencode/tests/integration/conversation-flow/suites/session-lifecycle.test.mjs:146:3)
    async Test.run (node:internal/test_runner/test:1054:7)
    async Test.processPendingSubtests (node:internal/test_runner/test:744:7)
  ...
# Subtest: session lifecycle: webview is notified of session switch
ok 331 - session lifecycle: webview is notified of session switch
  ---
  duration_ms: 0.92
  type: 'test'
  ...
# Subtest: session lifecycle: webview is notified of session creation
ok 332 - session lifecycle: webview is notified of session creation
  ---
  duration_ms: 0.8071
  type: 'test'
  ...
# Subtest: session lifecycle: webview is notified of session deletion
ok 333 - session lifecycle: webview is notified of session deletion
  ---
  duration_ms: 0.8992
  type: 'test'
  ...
# Subtest: session lifecycle: sessions list includes all metadata
ok 334 - session lifecycle: sessions list includes all metadata
  ---
  duration_ms: 1.1638
  type: 'test'
  ...
# Subtest: session lifecycle: cannot switch to non-existent session
ok 335 - session lifecycle: cannot switch to non-existent session
  ---
  duration_ms: 1.7249
  type: 'test'
  ...
# Subtest: session lifecycle: session creation generates unique ID
not ok 336 - session lifecycle: session creation generates unique ID
  ---
  duration_ms: 0.8654
  type: 'test'
  location: 'E:\\Projects\\vscode-opencode\\tests\\integration\\conversation-flow\\suites\\session-lifecycle.test.mjs:280:1'
  failureType: 'testCodeFailure'
  error: 'Session IDs should be unique'
  code: 'ERR_ASSERTION'
  name: 'AssertionError'
  expected: 'session-1775535531991'
  actual: 'session-1775535531991'
  operator: 'notStrictEqual'
  stack: |-
    file:///E:/Projects/vscode-opencode/tests/integration/conversation-flow/suites/session-lifecycle.test.mjs:289:12
    async withConversationTest (file:///E:/Projects/vscode-opencode/tests/integration/conversation-flow/helpers/conversation-test-utils.mjs:338:5)
    async TestContext.<anonymous> (file:///E:/Projects/vscode-opencode/tests/integration/conversation-flow/suites/session-lifecycle.test.mjs:281:3)
    async Test.run (node:internal/test_runner/test:1054:7)
    async Test.processPendingSubtests (node:internal/test_runner/test:744:7)
  ...
# Subtest: session lifecycle: session settings persist across switches
ok 337 - session lifecycle: session settings persist across switches
  ---
  duration_ms: 1.097
  type: 'test'
  ...
# Subtest: session lifecycle: sessions list is sent to webview on update
ok 338 - session lifecycle: sessions list is sent to webview on update
  ---
  duration_ms: 0.7168
  type: 'test'
  ...
# Subtest: retry: user can retry last message
ok 339 - retry: user can retry last message
  ---
  duration_ms: 0.7871
  type: 'test'
  ...
# Subtest: retry: retry preserves original message content
ok 340 - retry: retry preserves original message content
  ---
  duration_ms: 1.223
  type: 'test'
  ...
# Subtest: retry: retry preserves file attachments
ok 341 - retry: retry preserves file attachments
  ---
  duration_ms: 5.7072
  type: 'test'
  ...
# Subtest: retry: retry preserves image attachments
ok 342 - retry: retry preserves image attachments
  ---
  duration_ms: 0.7413
  type: 'test'
  ...
# Subtest: retry: retry preserves agent selection
ok 343 - retry: retry preserves agent selection
  ---
  duration_ms: 0.7159
  type: 'test'
  ...
# Subtest: retry: retry cannot happen while processing
ok 344 - retry: retry cannot happen while processing
  ---
  duration_ms: 0.5546
  type: 'test'
  ...
# Subtest: retry: retry clears previous error state
ok 345 - retry: retry clears previous error state
  ---
  duration_ms: 0.6249
  type: 'test'
  ...
# Subtest: retry: retry creates new response ID
ok 346 - retry: retry creates new response ID
  ---
  duration_ms: 0.6068
  type: 'test'
  ...
# Subtest: retry: retry appends new message to history
ok 347 - retry: retry appends new message to history
  ---
  duration_ms: 1.4635
  type: 'test'
  ...
# Subtest: retry: retry without structured output on failure
ok 348 - retry: retry without structured output on failure
  ---
  duration_ms: 0.7495
  type: 'test'
  ...
# Subtest: retry: webview is notified of retry start
ok 349 - retry: webview is notified of retry start
  ---
  duration_ms: 0.875
  type: 'test'
  ...
# Subtest: retry: retry uses same session
ok 350 - retry: retry uses same session
  ---
  duration_ms: 0.9145
  type: 'test'
  ...
# Subtest: retry: consecutive retries are supported
ok 351 - retry: consecutive retries are supported
  ---
  duration_ms: 1.0901
  type: 'test'
  ...
# Subtest: retry: retry preserves context from previous messages
ok 352 - retry: retry preserves context from previous messages
  ---
  duration_ms: 3.1783
  type: 'test'
  ...
# Subtest: retry: retry respects budget limits
ok 353 - retry: retry respects budget limits
  ---
  duration_ms: 0.6887
  type: 'test'
  ...
# Subtest: retry: user can retry last message
ok 354 - retry: user can retry last message
  ---
  duration_ms: 5.2406
  type: 'test'
  ...
# Subtest: retry: retry preserves original message content
ok 355 - retry: retry preserves original message content
  ---
  duration_ms: 0.9056
  type: 'test'
  ...
# Subtest: retry: retry preserves file attachments
ok 356 - retry: retry preserves file attachments
  ---
  duration_ms: 1.9712
  type: 'test'
  ...
# Subtest: retry: retry preserves image attachments
ok 357 - retry: retry preserves image attachments
  ---
  duration_ms: 1.0481
  type: 'test'
  ...
# Subtest: retry: retry preserves agent selection
ok 358 - retry: retry preserves agent selection
  ---
  duration_ms: 1.3925
  type: 'test'
  ...
# Subtest: retry: retry cannot happen while processing
ok 359 - retry: retry cannot happen while processing
  ---
  duration_ms: 0.9578
  type: 'test'
  ...
# Subtest: retry: retry clears previous error state
ok 360 - retry: retry clears previous error state
  ---
  duration_ms: 1.0476
  type: 'test'
  ...
# Subtest: retry: retry creates new response ID
ok 361 - retry: retry creates new response ID
  ---
  duration_ms: 0.9653
  type: 'test'
  ...
# Subtest: retry: retry appends new message to history
ok 362 - retry: retry appends new message to history
  ---
  duration_ms: 3.5718
  type: 'test'
  ...
# Subtest: retry: retry without structured output on failure
ok 363 - retry: retry without structured output on failure
  ---
  duration_ms: 2.0468
  type: 'test'
  ...
# Subtest: retry: webview is notified of retry start
ok 364 - retry: webview is notified of retry start
  ---
  duration_ms: 5.0116
  type: 'test'
  ...
# Subtest: retry: retry uses same session
ok 365 - retry: retry uses same session
  ---
  duration_ms: 0.8693
  type: 'test'
  ...
# Subtest: retry: consecutive retries are supported
ok 366 - retry: consecutive retries are supported
  ---
  duration_ms: 0.8146
  type: 'test'
  ...
# Subtest: retry: retry preserves context from previous messages
ok 367 - retry: retry preserves context from previous messages
  ---
  duration_ms: 0.8301
  type: 'test'
  ...
# Subtest: retry: retry respects budget limits
ok 368 - retry: retry respects budget limits
  ---
  duration_ms: 0.6149
  type: 'test'
  ...
# Subtest: selection: user can select model
ok 369 - selection: user can select model
  ---
  duration_ms: 5.6975
  type: 'test'
  ...
# Subtest: selection: user can select agent
ok 370 - selection: user can select agent
  ---
  duration_ms: 0.7889
  type: 'test'
  ...
# Subtest: selection: model selection persists to session
ok 371 - selection: model selection persists to session
  ---
  duration_ms: 1.117
  type: 'test'
  ...
# Subtest: selection: agent selection persists to session
ok 372 - selection: agent selection persists to session
  ---
  duration_ms: 0.7378
  type: 'test'
  ...
# Subtest: selection: model list is sent to webview
ok 373 - selection: model list is sent to webview
  ---
  duration_ms: 1.4117
  type: 'test'
  ...
# Subtest: selection: agent list is sent to webview
ok 374 - selection: agent list is sent to webview
  ---
  duration_ms: 1.2532
  type: 'test'
  ...
# Subtest: selection: model selection updates webview state
ok 375 - selection: model selection updates webview state
  ---
  duration_ms: 1.2889
  type: 'test'
  ...
# Subtest: selection: agent selection updates webview state
ok 376 - selection: agent selection updates webview state
  ---
  duration_ms: 1.0469
  type: 'test'
  ...
# Subtest: selection: model selection is included in initState
ok 377 - selection: model selection is included in initState
  ---
  duration_ms: 1.7132
  type: 'test'
  ...
# Subtest: selection: agent selection is included in initState
ok 378 - selection: agent selection is included in initState
  ---
  duration_ms: 1.5715
  type: 'test'
  ...
# Subtest: selection: model capabilities are fetched after selection
ok 379 - selection: model capabilities are fetched after selection
  ---
  duration_ms: 0.8795
  type: 'test'
  ...
# Subtest: selection: switching models updates capabilities
ok 380 - selection: switching models updates capabilities
  ---
  duration_ms: 0.7757
  type: 'test'
  ...
# Subtest: selection: model selection includes provider name
ok 381 - selection: model selection includes provider name
  ---
  duration_ms: 0.5999
  type: 'test'
  ...
# Subtest: selection: multiple agents are available
ok 382 - selection: multiple agents are available
  ---
  duration_ms: 1.0102
  type: 'test'
  ...
# Subtest: selection: model selection persists across sessions
ok 383 - selection: model selection persists across sessions
  ---
  duration_ms: 0.5715
  type: 'test'
  ...
# Subtest: multi-turn: two-message conversation maintains context
not ok 384 - multi-turn: two-message conversation maintains context
  ---
  duration_ms: 10.108
  type: 'test'
  location: 'E:\\Projects\\vscode-opencode\\tests\\integration\\conversation-flow\\suites\\multi-turn-conversation.test.mjs:18:1'
  failureType: 'testCodeFailure'
  error: |-
    Expected session to have 4 messages, got 2
    
    2 !== 4
    
  code: 'ERR_ASSERTION'
  name: 'AssertionError'
  expected: 4
  actual: 2
  operator: 'strictEqual'
  stack: |-
    Object.sessionHasMessageCount (file:///E:/Projects/vscode-opencode/tests/integration/conversation-flow/helpers/conversation-test-utils.mjs:90:16)
    file:///E:/Projects/vscode-opencode/tests/integration/conversation-flow/suites/multi-turn-conversation.test.mjs:33:12
    async withConversationTest (file:///E:/Projects/vscode-opencode/tests/integration/conversation-flow/helpers/conversation-test-utils.mjs:338:5)
    async TestContext.<anonymous> (file:///E:/Projects/vscode-opencode/tests/integration/conversation-flow/suites/multi-turn-conversation.test.mjs:19:3)
    async Test.run (node:internal/test_runner/test:1054:7)
    async startSubtestAfterBootstrap (node:internal/test_runner/harness:296:3)
  ...
# Subtest: multi-turn: three-message conversation with full history
not ok 385 - multi-turn: three-message conversation with full history
  ---
  duration_ms: 1.8015
  type: 'test'
  location: 'E:\\Projects\\vscode-opencode\\tests\\integration\\conversation-flow\\suites\\multi-turn-conversation.test.mjs:46:1'
  failureType: 'testCodeFailure'
  error: |-
    Expected session to have 6 messages, got 3
    
    3 !== 6
    
  code: 'ERR_ASSERTION'
  name: 'AssertionError'
  expected: 6
  actual: 3
  operator: 'strictEqual'
  stack: |-
    Object.sessionHasMessageCount (file:///E:/Projects/vscode-opencode/tests/integration/conversation-flow/helpers/conversation-test-utils.mjs:90:16)
    file:///E:/Projects/vscode-opencode/tests/integration/conversation-flow/suites/multi-turn-conversation.test.mjs:66:12
    async withConversationTest (file:///E:/Projects/vscode-opencode/tests/integration/conversation-flow/helpers/conversation-test-utils.mjs:338:5)
    async TestContext.<anonymous> (file:///E:/Projects/vscode-opencode/tests/integration/conversation-flow/suites/multi-turn-conversation.test.mjs:47:3)
    async Test.run (node:internal/test_runner/test:1054:7)
    async Test.processPendingSubtests (node:internal/test_runner/test:744:7)
  ...
# Subtest: multi-turn: conversation with file operations across turns
not ok 386 - multi-turn: conversation with file operations across turns
  ---
  duration_ms: 4.3725
  type: 'test'
  location: 'E:\\Projects\\vscode-opencode\\tests\\integration\\conversation-flow\\suites\\multi-turn-conversation.test.mjs:80:1'
  failureType: 'testCodeFailure'
  error: |-
    Expected values to be strictly equal:
    
    2 !== 4
    
  code: 'ERR_ASSERTION'
  name: 'AssertionError'
  expected: 4
  actual: 2
  operator: 'strictEqual'
  stack: |-
    file:///E:/Projects/vscode-opencode/tests/integration/conversation-flow/suites/multi-turn-conversation.test.mjs:96:12
    async withConversationTest (file:///E:/Projects/vscode-opencode/tests/integration/conversation-flow/helpers/conversation-test-utils.mjs:338:5)
    async TestContext.<anonymous> (file:///E:/Projects/vscode-opencode/tests/integration/conversation-flow/suites/multi-turn-conversation.test.mjs:81:3)
    async Test.run (node:internal/test_runner/test:1054:7)
    async Test.processPendingSubtests (node:internal/test_runner/test:744:7)
  ...
# Subtest: multi-turn: long conversation maintains performance
not ok 387 - multi-turn: long conversation maintains performance
  ---
  duration_ms: 4.3007
  type: 'test'
  location: 'E:\\Projects\\vscode-opencode\\tests\\integration\\conversation-flow\\suites\\multi-turn-conversation.test.mjs:107:1'
  failureType: 'testCodeFailure'
  error: |-
    Expected session to have 20 messages, got 10
    
    10 !== 20
    
  code: 'ERR_ASSERTION'
  name: 'AssertionError'
  expected: 20
  actual: 10
  operator: 'strictEqual'
  stack: |-
    Object.sessionHasMessageCount (file:///E:/Projects/vscode-opencode/tests/integration/conversation-flow/helpers/conversation-test-utils.mjs:90:16)
    file:///E:/Projects/vscode-opencode/tests/integration/conversation-flow/suites/multi-turn-conversation.test.mjs:121:12
    async withConversationTest (file:///E:/Projects/vscode-opencode/tests/integration/conversation-flow/helpers/conversation-test-utils.mjs:338:5)
    async TestContext.<anonymous> (file:///E:/Projects/vscode-opencode/tests/integration/conversation-flow/suites/multi-turn-conversation.test.mjs:108:3)
    async Test.run (node:internal/test_runner/test:1054:7)
    async Test.processPendingSubtests (node:internal/test_runner/test:744:7)
  ...
# Subtest: multi-turn: context references previous messages
not ok 388 - multi-turn: context references previous messages
  ---
  duration_ms: 21.0012
  type: 'test'
  location: 'E:\\Projects\\vscode-opencode\\tests\\integration\\conversation-flow\\suites\\multi-turn-conversation.test.mjs:133:1'
  failureType: 'testCodeFailure'
  error: |-
    The expression evaluated to a falsy value:
    
      assert.ok(messages[2].text.includes('benefits'))
    
  code: 'ERR_ASSERTION'
  name: 'AssertionError'
  expected: true
  actual: false
  operator: '=='
  stack: |-
    file:///E:/Projects/vscode-opencode/tests/integration/conversation-flow/suites/multi-turn-conversation.test.mjs:157:12
    async withConversationTest (file:///E:/Projects/vscode-opencode/tests/integration/conversation-flow/helpers/conversation-test-utils.mjs:338:5)
    async TestContext.<anonymous> (file:///E:/Projects/vscode-opencode/tests/integration/conversation-flow/suites/multi-turn-conversation.test.mjs:134:3)
    async Test.run (node:internal/test_runner/test:1054:7)
    async Test.processPendingSubtests (node:internal/test_runner/test:744:7)
  ...
# Subtest: multi-turn: mixed content types across conversation
not ok 389 - multi-turn: mixed content types across conversation
  ---
  duration_ms: 2.1139
  type: 'test'
  location: 'E:\\Projects\\vscode-opencode\\tests\\integration\\conversation-flow\\suites\\multi-turn-conversation.test.mjs:162:1'
  failureType: 'testCodeFailure'
  error: |-
    Expected values to be strictly equal:
    
    4 !== 8
    
  code: 'ERR_ASSERTION'
  name: 'AssertionError'
  expected: 8
  actual: 4
  operator: 'strictEqual'
  stack: |-
    file:///E:/Projects/vscode-opencode/tests/integration/conversation-flow/suites/multi-turn-conversation.test.mjs:190:12
    async withConversationTest (file:///E:/Projects/vscode-opencode/tests/integration/conversation-flow/helpers/conversation-test-utils.mjs:338:5)
    async TestContext.<anonymous> (file:///E:/Projects/vscode-opencode/tests/integration/conversation-flow/suites/multi-turn-conversation.test.mjs:163:3)
    async Test.run (node:internal/test_runner/test:1054:7)
    async Test.processPendingSubtests (node:internal/test_runner/test:744:7)
  ...
# Subtest: multi-turn: conversation maintains sessionId throughout
not ok 390 - multi-turn: conversation maintains sessionId throughout
  ---
  duration_ms: 1.9052
  type: 'test'
  location: 'E:\\Projects\\vscode-opencode\\tests\\integration\\conversation-flow\\suites\\multi-turn-conversation.test.mjs:200:1'
  failureType: 'testCodeFailure'
  error: |-
    Expected values to be strictly equal:
    
    5 !== 10
    
  code: 'ERR_ASSERTION'
  name: 'AssertionError'
  expected: 10
  actual: 5
  operator: 'strictEqual'
  stack: |-
    file:///E:/Projects/vscode-opencode/tests/integration/conversation-flow/suites/multi-turn-conversation.test.mjs:213:12
    async withConversationTest (file:///E:/Projects/vscode-opencode/tests/integration/conversation-flow/helpers/conversation-test-utils.mjs:338:5)
    async TestContext.<anonymous> (file:///E:/Projects/vscode-opencode/tests/integration/conversation-flow/suites/multi-turn-conversation.test.mjs:201:3)
    async Test.run (node:internal/test_runner/test:1054:7)
    async Test.processPendingSubtests (node:internal/test_runner/test:744:7)
  ...
# Subtest: multi-turn: rapid consecutive messages are handled correctly
not ok 391 - multi-turn: rapid consecutive messages are handled correctly
  ---
  duration_ms: 1.3015
  type: 'test'
  location: 'E:\\Projects\\vscode-opencode\\tests\\integration\\conversation-flow\\suites\\multi-turn-conversation.test.mjs:223:1'
  failureType: 'testCodeFailure'
  error: |-
    Expected session to have 6 messages, got 3
    
    3 !== 6
    
  code: 'ERR_ASSERTION'
  name: 'AssertionError'
  expected: 6
  actual: 3
  operator: 'strictEqual'
  stack: |-
    Object.sessionHasMessageCount (file:///E:/Projects/vscode-opencode/tests/integration/conversation-flow/helpers/conversation-test-utils.mjs:90:16)
    file:///E:/Projects/vscode-opencode/tests/integration/conversation-flow/suites/multi-turn-conversation.test.mjs:244:12
    async withConversationTest (file:///E:/Projects/vscode-opencode/tests/integration/conversation-flow/helpers/conversation-test-utils.mjs:338:5)
    async TestContext.<anonymous> (file:///E:/Projects/vscode-opencode/tests/integration/conversation-flow/suites/multi-turn-conversation.test.mjs:224:3)
    async Test.run (node:internal/test_runner/test:1054:7)
    async Test.processPendingSubtests (node:internal/test_runner/test:744:7)
  ...
# Subtest: multi-turn: conversation with varied response lengths
not ok 392 - multi-turn: conversation with varied response lengths
  ---
  duration_ms: 2.2623
  type: 'test'
  location: 'E:\\Projects\\vscode-opencode\\tests\\integration\\conversation-flow\\suites\\multi-turn-conversation.test.mjs:248:1'
  failureType: 'testCodeFailure'
  error: "Cannot read properties of undefined (reading 'text')"
  code: 'ERR_TEST_FAILURE'
  name: 'TypeError'
  stack: |-
    file:///E:/Projects/vscode-opencode/tests/integration/conversation-flow/suites/multi-turn-conversation.test.mjs:272:40
    async withConversationTest (file:///E:/Projects/vscode-opencode/tests/integration/conversation-flow/helpers/conversation-test-utils.mjs:338:5)
    async TestContext.<anonymous> (file:///E:/Projects/vscode-opencode/tests/integration/conversation-flow/suites/multi-turn-conversation.test.mjs:249:3)
    async Test.run (node:internal/test_runner/test:1054:7)
    async Test.processPendingSubtests (node:internal/test_runner/test:744:7)
  ...
# Subtest: multi-turn: conversation preserves tool use context
not ok 393 - multi-turn: conversation preserves tool use context
  ---
  duration_ms: 2.685
  type: 'test'
  location: 'E:\\Projects\\vscode-opencode\\tests\\integration\\conversation-flow\\suites\\multi-turn-conversation.test.mjs:280:1'
  failureType: 'testCodeFailure'
  error: "Cannot read properties of undefined (reading 'name')"
  code: 'ERR_TEST_FAILURE'
  name: 'TypeError'
  stack: |-
    file:///E:/Projects/vscode-opencode/tests/integration/conversation-flow/suites/multi-turn-conversation.test.mjs:304:28
    async withConversationTest (file:///E:/Projects/vscode-opencode/tests/integration/conversation-flow/helpers/conversation-test-utils.mjs:338:5)
    async TestContext.<anonymous> (file:///E:/Projects/vscode-opencode/tests/integration/conversation-flow/suites/multi-turn-conversation.test.mjs:281:3)
    async Test.run (node:internal/test_runner/test:1054:7)
    async Test.processPendingSubtests (node:internal/test_runner/test:744:7)
  ...
# Subtest: queue: message can be added to queue
ok 394 - queue: message can be added to queue
  ---
  duration_ms: 5.846
  type: 'test'
  ...
# Subtest: queue: multiple messages can be added to queue
ok 395 - queue: multiple messages can be added to queue
  ---
  duration_ms: 1.466
  type: 'test'
  ...
# Subtest: queue: executeQueue processes messages in order
ok 396 - queue: executeQueue processes messages in order
  ---
  duration_ms: 1.0097
  type: 'test'
  ...
# Subtest: queue: clearQueue removes all queued messages
ok 397 - queue: clearQueue removes all queued messages
  ---
  duration_ms: 0.9152
  type: 'test'
  ...
# Subtest: queue: queue state is communicated to webview
ok 398 - queue: queue state is communicated to webview
  ---
  duration_ms: 1.5978
  type: 'test'
  ...
# Subtest: queue: empty queue state is communicated
ok 399 - queue: empty queue state is communicated
  ---
  duration_ms: 1.1618
  type: 'test'
  ...
# Subtest: queue: queue item includes metadata
ok 400 - queue: queue item includes metadata
  ---
  duration_ms: 1.5684
  type: 'test'
  ...
# Subtest: queue: queue persists across session reload
ok 401 - queue: queue persists across session reload
  ---
  duration_ms: 1.6194
  type: 'test'
  ...
# Subtest: queue: individual queue item can be removed
ok 402 - queue: individual queue item can be removed
  ---
  duration_ms: 1.7291
  type: 'test'
  ...
# Subtest: queue: queue execution sends messages sequentially
ok 403 - queue: queue execution sends messages sequentially
  ---
  duration_ms: 1.9143
  type: 'test'
  ...
# Subtest: queue: queue shows processing state during execution
ok 404 - queue: queue shows processing state during execution
  ---
  duration_ms: 1.1067
  type: 'test'
  ...
# Subtest: queue: queue completion state is sent
ok 405 - queue: queue completion state is sent
  ---
  duration_ms: 0.7567
  type: 'test'
  ...
# Subtest: queue: queue handles messages with attachments
ok 406 - queue: queue handles messages with attachments
  ---
  duration_ms: 0.725
  type: 'test'
  ...
# Subtest: queue: queue respects session isolation
ok 407 - queue: queue respects session isolation
  ---
  duration_ms: 2.5957
  type: 'test'
  ...
# Subtest: session lifecycle: new session can be created
ok 408 - session lifecycle: new session can be created
  ---
  duration_ms: 7.8473
  type: 'test'
  ...
# Subtest: session lifecycle: session can be switched
ok 409 - session lifecycle: session can be switched
  ---
  duration_ms: 1.1937
  type: 'test'
  ...
# Subtest: session lifecycle: session can be deleted
ok 410 - session lifecycle: session can be deleted
  ---
  duration_ms: 3.8633
  type: 'test'
  ...
# Subtest: session lifecycle: sessions list is updated after creation
ok 411 - session lifecycle: sessions list is updated after creation
  ---
  duration_ms: 1.158
  type: 'test'
  ...
# Subtest: session lifecycle: sessions list is updated after deletion
ok 412 - session lifecycle: sessions list is updated after deletion
  ---
  duration_ms: 3.0085
  type: 'test'
  ...
# Subtest: session lifecycle: current session ID is tracked
ok 413 - session lifecycle: current session ID is tracked
  ---
  duration_ms: 3.0733
  type: 'test'
  ...
# Subtest: session lifecycle: session title can be updated
ok 414 - session lifecycle: session title can be updated
  ---
  duration_ms: 1.5113
  type: 'test'
  ...
# Subtest: session lifecycle: session messages are preserved on switch
not ok 415 - session lifecycle: session messages are preserved on switch
  ---
  duration_ms: 7.3807
  type: 'test'
  location: 'E:\\Projects\\vscode-opencode\\tests\\integration\\conversation-flow\\suites\\session-lifecycle.test.mjs:145:1'
  failureType: 'testCodeFailure'
  error: |-
    Expected values to be strictly equal:
    
    0 !== 1
    
  code: 'ERR_ASSERTION'
  name: 'AssertionError'
  expected: 1
  actual: 0
  operator: 'strictEqual'
  stack: |-
    withConversationTest.initialMessages (file:///E:/Projects/vscode-opencode/tests/integration/conversation-flow/suites/session-lifecycle.test.mjs:164:14)
    async withConversationTest (file:///E:/Projects/vscode-opencode/tests/integration/conversation-flow/helpers/conversation-test-utils.mjs:338:5)
    async TestContext.<anonymous> (file:///E:/Projects/vscode-opencode/tests/integration/conversation-flow/suites/session-lifecycle.test.mjs:146:3)
    async Test.run (node:internal/test_runner/test:1054:7)
    async Test.processPendingSubtests (node:internal/test_runner/test:744:7)
  ...
# Subtest: session lifecycle: webview is notified of session switch
ok 416 - session lifecycle: webview is notified of session switch
  ---
  duration_ms: 1.9799
  type: 'test'
  ...
# Subtest: session lifecycle: webview is notified of session creation
ok 417 - session lifecycle: webview is notified of session creation
  ---
  duration_ms: 1.8625
  type: 'test'
  ...
# Subtest: session lifecycle: webview is notified of session deletion
ok 418 - session lifecycle: webview is notified of session deletion
  ---
  duration_ms: 0.9998
  type: 'test'
  ...
# Subtest: session lifecycle: sessions list includes all metadata
ok 419 - session lifecycle: sessions list includes all metadata
  ---
  duration_ms: 1.9091
  type: 'test'
  ...
# Subtest: session lifecycle: cannot switch to non-existent session
ok 420 - session lifecycle: cannot switch to non-existent session
  ---
  duration_ms: 4.838
  type: 'test'
  ...
# Subtest: session lifecycle: session creation generates unique ID
not ok 421 - session lifecycle: session creation generates unique ID
  ---
  duration_ms: 1.6534
  type: 'test'
  location: 'E:\\Projects\\vscode-opencode\\tests\\integration\\conversation-flow\\suites\\session-lifecycle.test.mjs:280:1'
  failureType: 'testCodeFailure'
  error: 'Session IDs should be unique'
  code: 'ERR_ASSERTION'
  name: 'AssertionError'
  expected: 'session-1775535531996'
  actual: 'session-1775535531996'
  operator: 'notStrictEqual'
  stack: |-
    file:///E:/Projects/vscode-opencode/tests/integration/conversation-flow/suites/session-lifecycle.test.mjs:289:12
    async withConversationTest (file:///E:/Projects/vscode-opencode/tests/integration/conversation-flow/helpers/conversation-test-utils.mjs:338:5)
    async TestContext.<anonymous> (file:///E:/Projects/vscode-opencode/tests/integration/conversation-flow/suites/session-lifecycle.test.mjs:281:3)
    async Test.run (node:internal/test_runner/test:1054:7)
    async Test.processPendingSubtests (node:internal/test_runner/test:744:7)
  ...
# Subtest: session lifecycle: session settings persist across switches
ok 422 - session lifecycle: session settings persist across switches
  ---
  duration_ms: 1.0933
  type: 'test'
  ...
# Subtest: session lifecycle: sessions list is sent to webview on update
ok 423 - session lifecycle: sessions list is sent to webview on update
  ---
  duration_ms: 1.1397
  type: 'test'
  ...
# Subtest: session: new session created on first message
ok 424 - session: new session created on first message
  ---
  duration_ms: 9.0432
  type: 'test'
  ...
# Subtest: session: session title is auto-generated for new sessions
ok 425 - session: session title is auto-generated for new sessions
  ---
  duration_ms: 1.8246
  type: 'test'
  ...
# Subtest: session: messages persist across session retrieval
not ok 426 - session: messages persist across session retrieval
  ---
  duration_ms: 3.8839
  type: 'test'
  location: 'E:\\Projects\\vscode-opencode\\tests\\integration\\conversation-flow\\suites\\session-management.test.mjs:68:1'
  failureType: 'testCodeFailure'
  error: |-
    Expected values to be strictly equal:
    
    2 !== 4
    
  code: 'ERR_ASSERTION'
  name: 'AssertionError'
  expected: 4
  actual: 2
  operator: 'strictEqual'
  stack: |-
    withConversationTest.initialMessages (file:///E:/Projects/vscode-opencode/tests/integration/conversation-flow/suites/session-management.test.mjs:85:14)
    async withConversationTest (file:///E:/Projects/vscode-opencode/tests/integration/conversation-flow/helpers/conversation-test-utils.mjs:338:5)
    async TestContext.<anonymous> (file:///E:/Projects/vscode-opencode/tests/integration/conversation-flow/suites/session-management.test.mjs:69:3)
    async Test.run (node:internal/test_runner/test:1054:7)
    async Test.processPendingSubtests (node:internal/test_runner/test:744:7)
  ...
# Subtest: session: session switch maintains session isolation
not ok 427 - session: session switch maintains session isolation
  ---
  duration_ms: 1.7431
  type: 'test'
  location: 'E:\\Projects\\vscode-opencode\\tests\\integration\\conversation-flow\\suites\\session-management.test.mjs:95:1'
  failureType: 'testCodeFailure'
  error: 'Session session-2 not found'
  code: 'ERR_TEST_FAILURE'
  stack: |-
    Object.switchSession (file:///E:/Projects/vscode-opencode/tests/integration/conversation-flow/helpers/mock-factory.mjs:127:15)
    TestContext.<anonymous> (file:///E:/Projects/vscode-opencode/tests/integration/conversation-flow/suites/session-management.test.mjs:110:32)
    async Test.run (node:internal/test_runner/test:1054:7)
    async Test.processPendingSubtests (node:internal/test_runner/test:744:7)
  ...
# Subtest: session: session history loads correctly
not ok 428 - session: session history loads correctly
  ---
  duration_ms: 10.4777
  type: 'test'
  location: 'E:\\Projects\\vscode-opencode\\tests\\integration\\conversation-flow\\suites\\session-management.test.mjs:132:1'
  failureType: 'testCodeFailure'
  error: |-
    Expected values to be strictly equal:
    
    3 !== 4
    
  code: 'ERR_ASSERTION'
  name: 'AssertionError'
  expected: 4
  actual: 3
  operator: 'strictEqual'
  stack: |-
    withConversationTest.initialMessages (file:///E:/Projects/vscode-opencode/tests/integration/conversation-flow/suites/session-management.test.mjs:154:14)
    async withConversationTest (file:///E:/Projects/vscode-opencode/tests/integration/conversation-flow/helpers/conversation-test-utils.mjs:338:5)
    async TestContext.<anonymous> (file:///E:/Projects/vscode-opencode/tests/integration/conversation-flow/suites/session-management.test.mjs:133:3)
    async Test.run (node:internal/test_runner/test:1054:7)
    async Test.processPendingSubtests (node:internal/test_runner/test:744:7)
  ...
# Subtest: session: multiple sessions can be managed
not ok 429 - session: multiple sessions can be managed
  ---
  duration_ms: 2.2165
  type: 'test'
  location: 'E:\\Projects\\vscode-opencode\\tests\\integration\\conversation-flow\\suites\\session-management.test.mjs:166:1'
  failureType: 'testCodeFailure'
  error: 'Session session-2 not found'
  code: 'ERR_TEST_FAILURE'
  stack: |-
    Object.switchSession (file:///E:/Projects/vscode-opencode/tests/integration/conversation-flow/helpers/mock-factory.mjs:127:15)
    TestContext.<anonymous> (file:///E:/Projects/vscode-opencode/tests/integration/conversation-flow/suites/session-management.test.mjs:185:32)
    async Test.run (node:internal/test_runner/test:1054:7)
    async Test.processPendingSubtests (node:internal/test_runner/test:744:7)
  ...
# Subtest: session: session metadata is maintained
ok 430 - session: session metadata is maintained
  ---
  duration_ms: 1.3714
  type: 'test'
  ...
# Subtest: session: session can be updated
ok 431 - session: session can be updated
  ---
  duration_ms: 1.0476
  type: 'test'
  ...
# Subtest: session: message order is preserved in session
not ok 432 - session: message order is preserved in session
  ---
  duration_ms: 2.6353
  type: 'test'
  location: 'E:\\Projects\\vscode-opencode\\tests\\integration\\conversation-flow\\suites\\session-management.test.mjs:264:1'
  failureType: 'testCodeFailure'
  error: |-
    Expected values to be strictly equal:
    
    5 !== 10
    
  code: 'ERR_ASSERTION'
  name: 'AssertionError'
  expected: 10
  actual: 5
  operator: 'strictEqual'
  stack: |-
    file:///E:/Projects/vscode-opencode/tests/integration/conversation-flow/suites/session-management.test.mjs:282:12
    async withConversationTest (file:///E:/Projects/vscode-opencode/tests/integration/conversation-flow/helpers/conversation-test-utils.mjs:338:5)
    async TestContext.<anonymous> (file:///E:/Projects/vscode-opencode/tests/integration/conversation-flow/suites/session-management.test.mjs:265:3)
    async Test.run (node:internal/test_runner/test:1054:7)
    async Test.processPendingSubtests (node:internal/test_runner/test:744:7)
  ...
# Subtest: session: handles session with no existing messages
not ok 433 - session: handles session with no existing messages
  ---
  duration_ms: 5.418
  type: 'test'
  location: 'E:\\Projects\\vscode-opencode\\tests\\integration\\conversation-flow\\suites\\session-management.test.mjs:292:1'
  failureType: 'testCodeFailure'
  error: |-
    Expected values to be strictly equal:
    
    1 !== 2
    
  code: 'ERR_ASSERTION'
  name: 'AssertionError'
  expected: 2
  actual: 1
  operator: 'strictEqual'
  stack: |-
    withConversationTest.initialMessages (file:///E:/Projects/vscode-opencode/tests/integration/conversation-flow/suites/session-management.test.mjs:308:14)
    async withConversationTest (file:///E:/Projects/vscode-opencode/tests/integration/conversation-flow/helpers/conversation-test-utils.mjs:338:5)
    async TestContext.<anonymous> (file:///E:/Projects/vscode-opencode/tests/integration/conversation-flow/suites/session-management.test.mjs:293:3)
    async Test.run (node:internal/test_runner/test:1054:7)
    async Test.processPendingSubtests (node:internal/test_runner/test:744:7)
  ...
# Subtest: session: session service call tracking works
ok 434 - session: session service call tracking works
  ---
  duration_ms: 1.7264
  type: 'test'
  ...
# Subtest: single message: user sends text message and receives streamed response
ok 435 - single message: user sends text message and receives streamed response
  ---
  duration_ms: 5.6198
  type: 'test'
  ...
# Subtest: single message: user sends message with file attachments
not ok 436 - single message: user sends message with file attachments
  ---
  duration_ms: 3.2097
  type: 'test'
  location: 'E:\\Projects\\vscode-opencode\\tests\\integration\\conversation-flow\\suites\\single-message.test.mjs:50:1'
  failureType: 'testCodeFailure'
  error: 'Message should include files'
  code: 'ERR_ASSERTION'
  name: 'AssertionError'
  expected: true
  operator: '=='
  stack: |-
    file:///E:/Projects/vscode-opencode/tests/integration/conversation-flow/suites/single-message.test.mjs:64:12
    async withConversationTest (file:///E:/Projects/vscode-opencode/tests/integration/conversation-flow/helpers/conversation-test-utils.mjs:338:5)
    async TestContext.<anonymous> (file:///E:/Projects/vscode-opencode/tests/integration/conversation-flow/suites/single-message.test.mjs:51:3)
    async Test.run (node:internal/test_runner/test:1054:7)
    async Test.processPendingSubtests (node:internal/test_runner/test:744:7)
  ...
# Subtest: single message: user sends message with image attachments
ok 437 - single message: user sends message with image attachments
  ---
  duration_ms: 1.662
  type: 'test'
  ...
# Subtest: single message: user sends message with all attachment types
not ok 438 - single message: user sends message with all attachment types
  ---
  duration_ms: 1.7344
  type: 'test'
  location: 'E:\\Projects\\vscode-opencode\\tests\\integration\\conversation-flow\\suites\\single-message.test.mjs:92:1'
  failureType: 'testCodeFailure'
  error: 'Should have files'
  code: 'ERR_ASSERTION'
  name: 'AssertionError'
  expected: true
  operator: '=='
  stack: |-
    file:///E:/Projects/vscode-opencode/tests/integration/conversation-flow/suites/single-message.test.mjs:108:12
    async withConversationTest (file:///E:/Projects/vscode-opencode/tests/integration/conversation-flow/helpers/conversation-test-utils.mjs:338:5)
    async TestContext.<anonymous> (file:///E:/Projects/vscode-opencode/tests/integration/conversation-flow/suites/single-message.test.mjs:93:3)
    async Test.run (node:internal/test_runner/test:1054:7)
    async Test.processPendingSubtests (node:internal/test_runner/test:744:7)
  ...
# Subtest: single message: receives response with structured output
ok 439 - single message: receives response with structured output
  ---
  duration_ms: 2.4018
  type: 'test'
  ...
# Subtest: single message: receives response with tool use (file write)
ok 440 - single message: receives response with tool use (file write)
  ---
  duration_ms: 1.6053
  type: 'test'
  ...
# Subtest: single message: receives chunked streaming response
ok 441 - single message: receives chunked streaming response
  ---
  duration_ms: 2.1097
  type: 'test'
  ...
# Subtest: single message: message structure is correct
ok 442 - single message: message structure is correct
  ---
  duration_ms: 1.5474
  type: 'test'
  ...
# Subtest: single message: webview receives streamEvent messages
not ok 443 - single message: webview receives streamEvent messages
  ---
  duration_ms: 5.5335
  type: 'test'
  location: 'E:\\Projects\\vscode-opencode\\tests\\integration\\conversation-flow\\suites\\single-message.test.mjs:209:1'
  failureType: 'testCodeFailure'
  error: 'Webview should receive streamEvent messages'
  code: 'ERR_ASSERTION'
  name: 'AssertionError'
  expected: true
  actual: false
  operator: '=='
  stack: |-
    file:///E:/Projects/vscode-opencode/tests/integration/conversation-flow/suites/single-message.test.mjs:219:12
    async withConversationTest (file:///E:/Projects/vscode-opencode/tests/integration/conversation-flow/helpers/conversation-test-utils.mjs:338:5)
    async TestContext.<anonymous> (file:///E:/Projects/vscode-opencode/tests/integration/conversation-flow/suites/single-message.test.mjs:210:3)
    async Test.run (node:internal/test_runner/test:1054:7)
    async Test.processPendingSubtests (node:internal/test_runner/test:744:7)
  ...
# Subtest: single message: handles long response without errors
ok 444 - single message: handles long response without errors
  ---
  duration_ms: 1.9736
  type: 'test'
  ...
# Subtest: single message: preserves message order in session
not ok 445 - single message: preserves message order in session
  ---
  duration_ms: 7.1165
  type: 'test'
  location: 'E:\\Projects\\vscode-opencode\\tests\\integration\\conversation-flow\\suites\\single-message.test.mjs:253:1'
  failureType: 'testCodeFailure'
  error: |-
    Expected values to be strictly equal:
    + actual - expected
    
    + 'user'
    - 'assistant'
    
  code: 'ERR_ASSERTION'
  name: 'AssertionError'
  expected: 'assistant'
  actual: 'user'
  operator: 'strictEqual'
  stack: |-
    file:///E:/Projects/vscode-opencode/tests/integration/conversation-flow/suites/single-message.test.mjs:274:12
    async withConversationTest (file:///E:/Projects/vscode-opencode/tests/integration/conversation-flow/helpers/conversation-test-utils.mjs:338:5)
    async TestContext.<anonymous> (file:///E:/Projects/vscode-opencode/tests/integration/conversation-flow/suites/single-message.test.mjs:254:3)
    async Test.run (node:internal/test_runner/test:1054:7)
    async Test.processPendingSubtests (node:internal/test_runner/test:744:7)
  ...
# Subtest: streaming: progressive text streaming builds content incrementally
ok 446 - streaming: progressive text streaming builds content incrementally
  ---
  duration_ms: 9.8552
  type: 'test'
  ...
# Subtest: streaming: message.updated event signals completion
ok 447 - streaming: message.updated event signals completion
  ---
  duration_ms: 0.9598
  type: 'test'
  ...
# Subtest: streaming: tool use events include tool details
ok 448 - streaming: tool use events include tool details
  ---
  duration_ms: 1.8047
  type: 'test'
  ...
# Subtest: streaming: multiple tool uses in single response
ok 449 - streaming: multiple tool uses in single response
  ---
  duration_ms: 1.3973
  type: 'test'
  ...
# Subtest: streaming: structured output events include structured data
ok 450 - streaming: structured output events include structured data
  ---
  duration_ms: 1.9518
  type: 'test'
  ...
# Subtest: streaming: rapid stream events are processed in order
ok 451 - streaming: rapid stream events are processed in order
  ---
  duration_ms: 3.6757
  type: 'test'
  ...
# Subtest: streaming: stream events include session and response IDs
not ok 452 - streaming: stream events include session and response IDs
  ---
  duration_ms: 4.0106
  type: 'test'
  location: 'E:\\Projects\\vscode-opencode\\tests\\integration\\conversation-flow\\suites\\streaming-events.test.mjs:187:1'
  failureType: 'testCodeFailure'
  error: |-
    Event should have correct response ID
    + actual - expected
    
    + 'test-response-123'
    - 'test-response-456'
                     ^
    
  code: 'ERR_ASSERTION'
  name: 'AssertionError'
  expected: 'test-response-456'
  actual: 'test-response-123'
  operator: 'strictEqual'
  stack: |-
    file:///E:/Projects/vscode-opencode/tests/integration/conversation-flow/suites/streaming-events.test.mjs:207:14
    Array.forEach (<anonymous>)
    file:///E:/Projects/vscode-opencode/tests/integration/conversation-flow/suites/streaming-events.test.mjs:205:35
    async withConversationTest (file:///E:/Projects/vscode-opencode/tests/integration/conversation-flow/helpers/conversation-test-utils.mjs:338:5)
    async TestContext.<anonymous> (file:///E:/Projects/vscode-opencode/tests/integration/conversation-flow/suites/streaming-events.test.mjs:188:3)
    async Test.run (node:internal/test_runner/test:1054:7)
    async Test.processPendingSubtests (node:internal/test_runner/test:744:7)
  ...
# Subtest: streaming: token usage is tracked
ok 453 - streaming: token usage is tracked
  ---
  duration_ms: 1.1383
  type: 'test'
  ...
# Subtest: streaming: stream subscriber lifecycle
not ok 454 - streaming: stream subscriber lifecycle
  ---
  duration_ms: 2.2244
  type: 'test'
  location: 'E:\\Projects\\vscode-opencode\\tests\\integration\\conversation-flow\\suites\\streaming-events.test.mjs:234:1'
  failureType: 'testCodeFailure'
  error: 'Should subscribe to stream'
  code: 'ERR_ASSERTION'
  name: 'AssertionError'
  expected: true
  actual: false
  operator: '=='
  stack: |-
    file:///E:/Projects/vscode-opencode/tests/integration/conversation-flow/suites/streaming-events.test.mjs:247:12
    async withConversationTest (file:///E:/Projects/vscode-opencode/tests/integration/conversation-flow/helpers/conversation-test-utils.mjs:338:5)
    async TestContext.<anonymous> (file:///E:/Projects/vscode-opencode/tests/integration/conversation-flow/suites/streaming-events.test.mjs:235:3)
    async Test.run (node:internal/test_runner/test:1054:7)
    async Test.processPendingSubtests (node:internal/test_runner/test:744:7)
  ...
# Subtest: streaming: mixed event types in single stream
ok 455 - streaming: mixed event types in single stream
  ---
  duration_ms: 5.5403
  type: 'test'
  ...
# Subtest: streaming: handles empty stream gracefully
ok 456 - streaming: handles empty stream gracefully
  ---
  duration_ms: 3.8537
  type: 'test'
  ...
# Subtest: streaming: handles single event stream
not ok 457 - streaming: handles single event stream
  ---
  duration_ms: 1.3013
  type: 'test'
  location: 'E:\\Projects\\vscode-opencode\\tests\\integration\\conversation-flow\\suites\\streaming-events.test.mjs:331:1'
  failureType: 'testCodeFailure'
  error: |-
    Expected session to have 2 messages, got 1
    
    1 !== 2
    
  code: 'ERR_ASSERTION'
  name: 'AssertionError'
  expected: 2
  actual: 1
  operator: 'strictEqual'
  stack: |-
    Object.sessionHasMessageCount (file:///E:/Projects/vscode-opencode/tests/integration/conversation-flow/helpers/conversation-test-utils.mjs:90:16)
    file:///E:/Projects/vscode-opencode/tests/integration/conversation-flow/suites/streaming-events.test.mjs:354:12
    async withConversationTest (file:///E:/Projects/vscode-opencode/tests/integration/conversation-flow/helpers/conversation-test-utils.mjs:338:5)
    async TestContext.<anonymous> (file:///E:/Projects/vscode-opencode/tests/integration/conversation-flow/suites/streaming-events.test.mjs:332:3)
    async Test.run (node:internal/test_runner/test:1054:7)
    async Test.processPendingSubtests (node:internal/test_runner/test:744:7)
  ...
# Subtest: ui: webview receives userMessageAppended on send
ok 458 - ui: webview receives userMessageAppended on send
  ---
  duration_ms: 14.3444
  type: 'test'
  ...
# Subtest: ui: webview receives streamEvent messages during streaming
not ok 459 - ui: webview receives streamEvent messages during streaming
  ---
  duration_ms: 6.769
  type: 'test'
  location: 'E:\\Projects\\vscode-opencode\\tests\\integration\\conversation-flow\\suites\\ui-synchronization.test.mjs:40:1'
  failureType: 'testCodeFailure'
  error: 'Should receive streamEvent messages'
  code: 'ERR_ASSERTION'
  name: 'AssertionError'
  expected: true
  actual: false
  operator: '=='
  stack: |-
    file:///E:/Projects/vscode-opencode/tests/integration/conversation-flow/suites/ui-synchronization.test.mjs:51:12
    async withConversationTest (file:///E:/Projects/vscode-opencode/tests/integration/conversation-flow/helpers/conversation-test-utils.mjs:338:5)
    async TestContext.<anonymous> (file:///E:/Projects/vscode-opencode/tests/integration/conversation-flow/suites/ui-synchronization.test.mjs:41:3)
    async Test.run (node:internal/test_runner/test:1054:7)
    async Test.processPendingSubtests (node:internal/test_runner/test:744:7)
  ...
# Subtest: ui: streamEvent messages include sessionId
not ok 460 - ui: streamEvent messages include sessionId
  ---
  duration_ms: 20.8301
  type: 'test'
  location: 'E:\\Projects\\vscode-opencode\\tests\\integration\\conversation-flow\\suites\\ui-synchronization.test.mjs:62:1'
  failureType: 'testCodeFailure'
  error: |-
    The expression evaluated to a falsy value:
    
      assert.ok(streamEvents.length > 0)
    
  code: 'ERR_ASSERTION'
  name: 'AssertionError'
  expected: true
  actual: false
  operator: '=='
  stack: |-
    file:///E:/Projects/vscode-opencode/tests/integration/conversation-flow/suites/ui-synchronization.test.mjs:78:12
    async withConversationTest (file:///E:/Projects/vscode-opencode/tests/integration/conversation-flow/helpers/conversation-test-utils.mjs:338:5)
    async TestContext.<anonymous> (file:///E:/Projects/vscode-opencode/tests/integration/conversation-flow/suites/ui-synchronization.test.mjs:63:3)
    async Test.run (node:internal/test_runner/test:1054:7)
    async Test.processPendingSubtests (node:internal/test_runner/test:744:7)
  ...
# Subtest: ui: processing state is communicated to webview
ok 461 - ui: processing state is communicated to webview
  ---
  duration_ms: 2.7126
  type: 'test'
  ...
# Subtest: ui: streaming state updates during response
not ok 462 - ui: streaming state updates during response
  ---
  duration_ms: 1.5397
  type: 'test'
  location: 'E:\\Projects\\vscode-opencode\\tests\\integration\\conversation-flow\\suites\\ui-synchronization.test.mjs:108:1'
  failureType: 'testCodeFailure'
  error: 'Should receive multiple stream events'
  code: 'ERR_ASSERTION'
  name: 'AssertionError'
  expected: true
  actual: false
  operator: '=='
  stack: |-
    file:///E:/Projects/vscode-opencode/tests/integration/conversation-flow/suites/ui-synchronization.test.mjs:119:12
    async withConversationTest (file:///E:/Projects/vscode-opencode/tests/integration/conversation-flow/helpers/conversation-test-utils.mjs:338:5)
    async TestContext.<anonymous> (file:///E:/Projects/vscode-opencode/tests/integration/conversation-flow/suites/ui-synchronization.test.mjs:109:3)
    async Test.run (node:internal/test_runner/test:1054:7)
    async Test.processPendingSubtests (node:internal/test_runner/test:744:7)
  ...
# Subtest: ui: final message completion state is sent
not ok 463 - ui: final message completion state is sent
  ---
  duration_ms: 1.1919
  type: 'test'
  location: 'E:\\Projects\\vscode-opencode\\tests\\integration\\conversation-flow\\suites\\ui-synchronization.test.mjs:129:1'
  failureType: 'testCodeFailure'
  error: 'Should have completion event'
  code: 'ERR_ASSERTION'
  name: 'AssertionError'
  expected: true
  operator: '=='
  stack: |-
    file:///E:/Projects/vscode-opencode/tests/integration/conversation-flow/suites/ui-synchronization.test.mjs:143:12
    async withConversationTest (file:///E:/Projects/vscode-opencode/tests/integration/conversation-flow/helpers/conversation-test-utils.mjs:338:5)
    async TestContext.<anonymous> (file:///E:/Projects/vscode-opencode/tests/integration/conversation-flow/suites/ui-synchronization.test.mjs:130:3)
    async Test.run (node:internal/test_runner/test:1054:7)
    async Test.processPendingSubtests (node:internal/test_runner/test:744:7)
  ...
# Subtest: ui: webview receives chatHistory updates
ok 464 - ui: webview receives chatHistory updates
  ---
  duration_ms: 1.5358
  type: 'test'
  ...
# Subtest: ui: tool use events are communicated to webview
not ok 465 - ui: tool use events are communicated to webview
  ---
  duration_ms: 2.062
  type: 'test'
  location: 'E:\\Projects\\vscode-opencode\\tests\\integration\\conversation-flow\\suites\\ui-synchronization.test.mjs:172:1'
  failureType: 'testCodeFailure'
  error: 'Should have tool use event'
  code: 'ERR_ASSERTION'
  name: 'AssertionError'
  expected: true
  operator: '=='
  stack: |-
    file:///E:/Projects/vscode-opencode/tests/integration/conversation-flow/suites/ui-synchronization.test.mjs:186:12
    async withConversationTest (file:///E:/Projects/vscode-opencode/tests/integration/conversation-flow/helpers/conversation-test-utils.mjs:338:5)
    async TestContext.<anonymous> (file:///E:/Projects/vscode-opencode/tests/integration/conversation-flow/suites/ui-synchronization.test.mjs:173:3)
    async Test.run (node:internal/test_runner/test:1054:7)
    async Test.processPendingSubtests (node:internal/test_runner/test:744:7)
  ...
# Subtest: ui: structured output events are communicated to webview
not ok 466 - ui: structured output events are communicated to webview
  ---
  duration_ms: 2.6115
  type: 'test'
  location: 'E:\\Projects\\vscode-opencode\\tests\\integration\\conversation-flow\\suites\\ui-synchronization.test.mjs:192:1'
  failureType: 'testCodeFailure'
  error: 'Should have structured output event'
  code: 'ERR_ASSERTION'
  name: 'AssertionError'
  expected: true
  operator: '=='
  stack: |-
    file:///E:/Projects/vscode-opencode/tests/integration/conversation-flow/suites/ui-synchronization.test.mjs:206:12
    async withConversationTest (file:///E:/Projects/vscode-opencode/tests/integration/conversation-flow/helpers/conversation-test-utils.mjs:338:5)
    async TestContext.<anonymous> (file:///E:/Projects/vscode-opencode/tests/integration/conversation-flow/suites/ui-synchronization.test.mjs:193:3)
    async Test.run (node:internal/test_runner/test:1054:7)
    async Test.processPendingSubtests (node:internal/test_runner/test:744:7)
  ...
# Subtest: ui: multiple rapid messages all reach webview
ok 467 - ui: multiple rapid messages all reach webview
  ---
  duration_ms: 3.1305
  type: 'test'
  ...
# Subtest: ui: webview message structure is correct
ok 468 - ui: webview message structure is correct
  ---
  duration_ms: 1.4517
  type: 'test'
  ...
# Subtest: ui: attachment information is included in webview messages
not ok 469 - ui: attachment information is included in webview messages
  ---
  duration_ms: 1.0669
  type: 'test'
  location: 'E:\\Projects\\vscode-opencode\\tests\\integration\\conversation-flow\\suites\\ui-synchronization.test.mjs:264:1'
  failureType: 'testCodeFailure'
  error: 'Message should include files'
  code: 'ERR_ASSERTION'
  name: 'AssertionError'
  expected: true
  operator: '=='
  stack: |-
    file:///E:/Projects/vscode-opencode/tests/integration/conversation-flow/suites/ui-synchronization.test.mjs:282:12
    async withConversationTest (file:///E:/Projects/vscode-opencode/tests/integration/conversation-flow/helpers/conversation-test-utils.mjs:338:5)
    async TestContext.<anonymous> (file:///E:/Projects/vscode-opencode/tests/integration/conversation-flow/suites/ui-synchronization.test.mjs:265:3)
    async Test.run (node:internal/test_runner/test:1054:7)
    async Test.processPendingSubtests (node:internal/test_runner/test:744:7)
  ...
# Subtest: ui: error state is communicated to webview
ok 470 - ui: error state is communicated to webview
  ---
  duration_ms: 0.6679
  type: 'test'
  ...
# Subtest: ui: webview receives token usage information
not ok 471 - ui: webview receives token usage information
  ---
  duration_ms: 1.3316
  type: 'test'
  location: 'E:\\Projects\\vscode-opencode\\tests\\integration\\conversation-flow\\suites\\ui-synchronization.test.mjs:307:1'
  failureType: 'testCodeFailure'
  error: 'Should have completion event'
  code: 'ERR_ASSERTION'
  name: 'AssertionError'
  expected: true
  operator: '=='
  stack: |-
    file:///E:/Projects/vscode-opencode/tests/integration/conversation-flow/suites/ui-synchronization.test.mjs:321:12
    async withConversationTest (file:///E:/Projects/vscode-opencode/tests/integration/conversation-flow/helpers/conversation-test-utils.mjs:338:5)
    async TestContext.<anonymous> (file:///E:/Projects/vscode-opencode/tests/integration/conversation-flow/suites/ui-synchronization.test.mjs:308:3)
    async Test.run (node:internal/test_runner/test:1054:7)
    async Test.processPendingSubtests (node:internal/test_runner/test:744:7)
  ...
# Subtest: initialization: webview sends ready message on load
ok 472 - initialization: webview sends ready message on load
  ---
  duration_ms: 9.4642
  type: 'test'
  ...
# Subtest: initialization: provider sends initState in response to ready
ok 473 - initialization: provider sends initState in response to ready
  ---
  duration_ms: 2.0725
  type: 'test'
  ...
# Subtest: initialization: initState includes session-specific settings
ok 474 - initialization: initState includes session-specific settings
  ---
  duration_ms: 0.8093
  type: 'test'
  ...
# Subtest: initialization: thinking level is sent after initState
ok 475 - initialization: thinking level is sent after initState
  ---
  duration_ms: 0.9194
  type: 'test'
  ...
# Subtest: initialization: sessions list is sent during bootstrap
ok 476 - initialization: sessions list is sent during bootstrap
  ---
  duration_ms: 1.6595
  type: 'test'
  ...
# Subtest: initialization: models are fetched during bootstrap
ok 477 - initialization: models are fetched during bootstrap
  ---
  duration_ms: 1.232
  type: 'test'
  ...
# Subtest: initialization: agents are fetched during bootstrap
ok 478 - initialization: agents are fetched during bootstrap
  ---
  duration_ms: 1.5048
  type: 'test'
  ...
# Subtest: initialization: model capabilities are sent after initialization
ok 479 - initialization: model capabilities are sent after initialization
  ---
  duration_ms: 1.1402
  type: 'test'
  ...
# Subtest: initialization: chat history is sent to webview
ok 480 - initialization: chat history is sent to webview
  ---
  duration_ms: 1.7532
  type: 'test'
  ...
# Subtest: initialization: bootstrapping happens only once per reload
ok 481 - initialization: bootstrapping happens only once per reload
  ---
  duration_ms: 2.5165
  type: 'test'
  ...
# Subtest: initialization: webview receives server version
ok 482 - initialization: webview receives server version
  ---
  duration_ms: 1.2985
  type: 'test'
  ...
# Subtest: initialization: todo items are sent with initState
ok 483 - initialization: todo items are sent with initState
  ---
  duration_ms: 0.7742
  type: 'test'
  ...
# Subtest: diff review HTML wiring injects diff payload and required bundled assets
ok 484 - diff review HTML wiring injects diff payload and required bundled assets
  ---
  duration_ms: 3.1691
  type: 'test'
  ...
# Subtest: diff review shell adheres to centralized VS Code API acquisition safety
ok 485 - diff review shell adheres to centralized VS Code API acquisition safety
  ---
  duration_ms: 0.7348
  type: 'test'
  ...
# Subtest: SubagentTracker logic
ok 486 - SubagentTracker logic
  ---
  duration_ms: 7.3975
  type: 'test'
  ...
# Subtest: ChatViewProvider logic
not ok 487 - ChatViewProvider logic
  ---
  duration_ms: 3.2405
  type: 'test'
  location: 'E:\\Projects\\vscode-opencode\\tests\\integration\\diff-stats-and-navigation.test.mjs:24:1'
  failureType: 'testCodeFailure'
  error: 'Contains getDiffStats'
  code: 'ERR_ASSERTION'
  name: 'AssertionError'
  expected: true
  actual: false
  operator: '=='
  stack: |-
    TestContext.<anonymous> (file:///E:/Projects/vscode-opencode/tests/integration/diff-stats-and-navigation.test.mjs:25:10)
    Test.runInAsyncScope (node:async_hooks:214:14)
    Test.run (node:internal/test_runner/test:1047:25)
    Test.processPendingSubtests (node:internal/test_runner/test:744:18)
    Test.postRun (node:internal/test_runner/test:1173:19)
    Test.run (node:internal/test_runner/test:1101:12)
    async startSubtestAfterBootstrap (node:internal/test_runner/harness:296:3)
  ...
# Subtest: DiffReviewProvider logic
ok 488 - DiffReviewProvider logic
  ---
  duration_ms: 0.6896
  type: 'test'
  ...
# Subtest: MessageComponents logic
ok 489 - MessageComponents logic
  ---
  duration_ms: 0.6441
  type: 'test'
  ...
# Subtest: DiffReviewShell logic
ok 490 - DiffReviewShell logic
  ---
  duration_ms: 0.6408
  type: 'test'
  ...
# Subtest: DiffReviewShell — line numbers
ok 491 - DiffReviewShell — line numbers
  ---
  duration_ms: 0.484
  type: 'test'
  ...
# Subtest: DiffReviewShell — keyboard navigation
ok 492 - DiffReviewShell — keyboard navigation
  ---
  duration_ms: 1.0876
  type: 'test'
  ...
# Subtest: DiffReviewShell — approval progress bar
ok 493 - DiffReviewShell — approval progress bar
  ---
  duration_ms: 0.6536
  type: 'test'
  ...
# Subtest: DiffReviewShell — file type badges
ok 494 - DiffReviewShell — file type badges
  ---
  duration_ms: 1.3183
  type: 'test'
  ...
# Subtest: DiffReviewShell — copy line button
ok 495 - DiffReviewShell — copy line button
  ---
  duration_ms: 1.5176
  type: 'test'
  ...
# Subtest: DiffReviewShell — diff stats bar
ok 496 - DiffReviewShell — diff stats bar
  ---
  duration_ms: 0.5929
  type: 'test'
  ...
# Subtest: DiffReviewShell — keyboard shortcuts help panel
ok 497 - DiffReviewShell — keyboard shortcuts help panel
  ---
  duration_ms: 0.8902
  type: 'test'
  ...
# Subtest: chat provider initializes and subscribes to file theme changes
ok 498 - chat provider initializes and subscribes to file theme changes
  ---
  duration_ms: 8.3012
  type: 'test'
  ...
# Subtest: chat provider generates and posts theme CSS to webview
ok 499 - chat provider generates and posts theme CSS to webview
  ---
  duration_ms: 1.1759
  type: 'test'
  ...
# Subtest: message handler injects theme CSS into webview DOM
ok 500 - message handler injects theme CSS into webview DOM
  ---
  duration_ms: 6.4729
  type: 'test'
  ...
# Subtest: FileIcon component applies correct theme CSS classes
ok 501 - FileIcon component applies correct theme CSS classes
  ---
  duration_ms: 0.8407
  type: 'test'
  ...
# Subtest: Hot reload: dev script exists and is executable
ok 502 - Hot reload: dev script exists and is executable
  ---
  duration_ms: 3.416
  type: 'test'
  ...
# Subtest: Hot reload: dev script watches extension source files
ok 503 - Hot reload: dev script watches extension source files
  ---
  duration_ms: 1.1022
  type: 'test'
  ...
# Subtest: Hot reload: dev script watches webview source files
ok 504 - Hot reload: dev script watches webview source files
  ---
  duration_ms: 0.8018
  type: 'test'
  ...
# Subtest: Hot reload: dev script starts extension build process
ok 505 - Hot reload: dev script starts extension build process
  ---
  duration_ms: 0.9406
  type: 'test'
  ...
# Subtest: Hot reload: dev script starts webview build process
ok 506 - Hot reload: dev script starts webview build process
  ---
  duration_ms: 1.4181
  type: 'test'
  ...
# Subtest: Hot reload: dev script implements file change detection
ok 507 - Hot reload: dev script implements file change detection
  ---
  duration_ms: 1.1472
  type: 'test'
  ...
# Subtest: Hot reload: dev script triggers reload on changes
ok 508 - Hot reload: dev script triggers reload on changes
  ---
  duration_ms: 16.0377
  type: 'test'
  ...
# Subtest: Hot reload: dev script creates reload marker
ok 509 - Hot reload: dev script creates reload marker
  ---
  duration_ms: 0.6222
  type: 'test'
  ...
# Subtest: Hot reload: dev script handles cleanup on exit
ok 510 - Hot reload: dev script handles cleanup on exit
  ---
  duration_ms: 1.0956
  type: 'test'
  ...
# Subtest: Hot reload: dev script provides user feedback
ok 511 - Hot reload: dev script provides user feedback
  ---
  duration_ms: 4.4871
  type: 'test'
  ...
# Subtest: Hot reload: package.json includes dev scripts
ok 512 - Hot reload: package.json includes dev scripts
  ---
  duration_ms: 2.8656
  type: 'test'
  ...
# Subtest: Hot reload: launch.json includes hot reload configuration
ok 513 - Hot reload: launch.json includes hot reload configuration
  ---
  duration_ms: 1.655
  type: 'test'
  ...
# Subtest: Hot reload: tasks.json includes dev background task
not ok 514 - Hot reload: tasks.json includes dev background task
  ---
  duration_ms: 3.3545
  type: 'test'
  location: 'E:\\Projects\\vscode-opencode\\tests\\integration\\hotreload-feature.test.mjs:183:1'
  failureType: 'testCodeFailure'
  error: 'tasks.json should include dev script task'
  code: 'ERR_ASSERTION'
  name: 'AssertionError'
  expected:
  actual: |-
    {
    	"version": "2.0.0",
    	"tasks": [
    		{
    			"type": "npm",
    			"script": "watch",
    			"isBackground": true,
    			"presentation": {
    				"reveal": "never"
    			},
    			"group": {
    				"kind": "build",
    				"isDefault": true
    			}
    		},
    		{
    			"type": "npm",
    			"script": "compile",
    			"group": "build",
    			"presentation": {
    				"reveal": "never"
    			}
    		},
    		{
    			"label": "run-bsm-tests",
    			"type": "shell",
    			"command": "node --test tests/unit/backend-system-message-filtering.test.mjs",
    			"isBackground": false
    		},
    		{
    			"label": "run-bsm-tests-ps",
    			"type": "shell",
    			"command": "node --test tests\\unit\\backend-system-message-filtering.test.mjs",
    			"isBackground": false
    		},
    		{
    			"label": "verify-regression-hydration",
    			"type": "shell",
    			"command": "node",
    			"args": [
    				"--test",
    				"tests/regression/session-hydration-rendering-regression.test.mjs"
    			],
    			"isBackground": false
    		},
    		{
    			"label": "test:streaming-progress-regression",
    			"type": "shell",
    			"command": "node",
    			"args": [
    				"--test",
    				"tests/regression/streaming-progress-regression.test.mjs"
    			],
    			"isBackground": false
    		},
    		{
    			"label": "test:targeted-regression-batch",
    			"type": "shell",
    			"command": "node",
    			"args": [
    				"--test",
    				"tests/regression/system-message-deduplication-regression.test.mjs",
    				"tests/regression/system-message-streaming-race-regression.test.mjs",
    				"tests/services/quota-service.test.mjs",
    				"tests/unit/queue-steer-scheduler.test.mjs",
    				"tests/unit/shared/structuredOutputSchema.test.mjs",
    				"tests/unit/shared/structuredOutputValidator.test.mjs",
    				"tests/webview/skills-panel.test.mjs",
    				"tests/webview/streaming-state.test.mjs"
    			],
    			"isBackground": false
    		},
    		{
    			"label": "test:targeted-regression-batch",
    			"type": "shell",
    			"command": "node",
    			"args": [
    				"--test",
    				"tests/regression/system-message-deduplication-regression.test.mjs",
    				"tests/regression/system-message-streaming-race-regression.test.mjs",
    				"tests/services/quota-service.test.mjs",
    				"tests/unit/queue-steer-scheduler.test.mjs",
    				"tests/unit/shared/structuredOutputSchema.test.mjs",
    				"tests/unit/shared/structuredOutputValidator.test.mjs",
    				"tests/webview/skills-panel.test.mjs",
    				"tests/webview/streaming-state.test.mjs"
    			],
    			"isBackground": false
    		},
    		{
    			"label": "test:full-suite",
    			"type": "shell",
    			"command": "npm",
    			"args": [
    				"test"
    			],
    			"isBackground": false
    		},
    		{
    			"label": "test:system-message-contracts",
    			"type": "shell",
    			"command": "node",
    			"args": [
    				"--test",
    				"tests/webview/system-message-streaming.test.mjs",
    				"tests/regression/system-message-streaming-race-regression.test.mjs"
    			],
    			"isBackground": false
    		},
    		{
    			"label": "test:full-suite",
    			"type": "shell",
    			"command": "npm",
    			"args": [
    				"test"
    			],
    			"isBackground": false
    		},
    		{
    			"label": "verify:plan-viewer",
    			"type": "shell",
    			"command": "node",
    			"args": [
    				"--test",
    				"tests/webview/plan-viewer.test.mjs"
    			],
    			"isBackground": false
    		},
    		{
    			"label": "verify:plan-viewer",
    			"type": "shell",
    			"command": "node",
    			"args": [
    				"--test",
    				"tests/webview/plan-viewer.test.mjs"
    			],
    			"isBackground": false
    		},
    		{
    			"label": "verify:plan-viewer",
    			"type": "shell",
    			"command": "node",
    			"args": [
    				"--test",
    				"tests/webview/plan-viewer.test.mjs"
    			],
    			"isBackground": false
    		},
    		{
    			"label": "test:full-suite",
    			"type": "shell",
    			"command": "npm",
    			"args": [
    				"test"
    			],
    			"isBackground": false
    		},
    		{
    			"label": "verify:interactive-events-contract",
    			"type": "shell",
    			"command": "node",
    			"args": [
    				"--test",
    				"tests/webview/interactive-events-contract.test.mjs"
    			],
    			"isBackground": false
    		},
    		{
    			"label": "verify:interactive-and-streaming-contracts",
    			"type": "shell",
    			"command": "node",
    			"args": [
    				"--test",
    				"tests/webview/interactive-events-contract.test.mjs",
    				"tests/webview/chat-view-streaming.test.mjs"
    			],
    			"isBackground": false
    		},
    		{
    			"label": "verify:interactive-and-streaming-contracts",
    			"type": "shell",
    			"command": "node",
    			"args": [
    				"--test",
    				"tests/webview/interactive-events-contract.test.mjs",
    				"tests/webview/chat-view-streaming.test.mjs"
    			],
    			"isBackground": false
    		},
    		{
    			"label": "test:full-suite",
    			"type": "shell",
    			"command": "npm",
    			"args": [
    				"test"
    			],
    			"isBackground": false
    		},
    		{
    			"label": "verify:remaining-unit-contracts",
    			"type": "shell",
    			"command": "node",
    			"args": [
    				"--test",
    				"tests/unit/subagent-tracker-contract.test.mjs",
    				"tests/unit/subagent-ui-contract.test.mjs",
    				"tests/unit/system-prompt-and-structured-output-parsing.test.mjs"
    			],
    			"isBackground": false
    		},
    		{
    			"label": "verify:remaining-unit-contracts",
    			"type": "shell",
    			"command": "node",
    			"args": [
    				"--test",
    				"tests/unit/subagent-tracker-contract.test.mjs",
    				"tests/unit/subagent-ui-contract.test.mjs",
    				"tests/unit/system-prompt-and-structured-output-parsing.test.mjs"
    			],
    			"isBackground": false
    		},
    		{
    			"label": "verify:remaining-unit-contracts",
    			"type": "shell",
    			"command": "node",
    			"args": [
    				"--test",
    				"tests/unit/subagent-tracker-contract.test.mjs",
    				"tests/unit/subagent-ui-contract.test.mjs",
    				"tests/unit/system-prompt-and-structured-output-parsing.test.mjs"
    			],
    			"isBackground": false
    		},
    		{
    			"label": "test:full-suite",
    			"type": "shell",
    			"command": "npm",
    			"args": [
    				"test"
    			],
    			"isBackground": false
    		},
    		{
    			"label": "verify:last-three-contracts",
    			"type": "shell",
    			"command": "node",
    			"args": [
    				"--test",
    				"tests/regression/session-hydration-rendering-regression.test.mjs",
    				"tests/unit/providers/ChatViewProvider.unit.test.mjs"
    			],
    			"isBackground": false
    		},
    		{
    			"label": "verify:session-hydration-regression",
    			"type": "shell",
    			"command": "node",
    			"args": [
    				"--test",
    				"tests/regression/session-hydration-rendering-regression.test.mjs"
    			],
    			"isBackground": false
    		},
    		{
    			"label": "test:full-suite",
    			"type": "shell",
    			"command": "npm",
    			"args": [
    				"test"
    			],
    			"isBackground": false
    		}
    	]
    }
  operator: 'match'
  stack: |-
    TestContext.<anonymous> (file:///E:/Projects/vscode-opencode/tests/integration/hotreload-feature.test.mjs:189:10)
    Test.runInAsyncScope (node:async_hooks:214:14)
    Test.run (node:internal/test_runner/test:1047:25)
    Test.processPendingSubtests (node:internal/test_runner/test:744:18)
    Test.postRun (node:internal/test_runner/test:1173:19)
    Test.run (node:internal/test_runner/test:1101:12)
    async Test.processPendingSubtests (node:internal/test_runner/test:744:7)
  ...
# Subtest: Hot reload: esbuild config supports watch mode
ok 515 - Hot reload: esbuild config supports watch mode
  ---
  duration_ms: 3.4177
  type: 'test'
  ...
# Subtest: Hot reload: webview uses Vite with watch capabilities
ok 516 - Hot reload: webview uses Vite with watch capabilities
  ---
  duration_ms: 2.8581
  type: 'test'
  ...
# Subtest: handleGetModels falls back to cached/selected model after provider list timeout
ok 517 - handleGetModels falls back to cached/selected model after provider list timeout
  ---
  duration_ms: 6.4545
  type: 'test'
  ...
# Subtest: selected model fallback list provides a usable model entry
ok 518 - selected model fallback list provides a usable model entry
  ---
  duration_ms: 1.75
  type: 'test'
  ...
# Subtest: OpencodeServerManager implements server lifecycle state machine
ok 519 - OpencodeServerManager implements server lifecycle state machine
  ---
  duration_ms: 4.0178
  type: 'test'
  ...
# Subtest: OpencodeServerManager broadcasts status changes via EventEmitter
ok 520 - OpencodeServerManager broadcasts status changes via EventEmitter
  ---
  duration_ms: 1.3749
  type: 'test'
  ...
# Subtest: OpencodeServerManager implements lazy connection with fast path for existing client
not ok 521 - OpencodeServerManager implements lazy connection with fast path for existing client
  ---
  duration_ms: 2.2076
  type: 'test'
  location: 'E:\\Projects\\vscode-opencode\\tests\\integration\\opencode-server-manager.test.mjs:33:1'
  failureType: 'testCodeFailure'
  error: 'ensureRunning should reuse in-flight startup promise'
  code: 'ERR_ASSERTION'
  name: 'AssertionError'
  expected:
  actual: |-
    
        this.isDisposed = false;
    
        if (this.startupPromise) {
          log.debug('Server startup already in progress, returning existing promise');
          return this.startupPromise;
        }
    
        const flow = log.startFeatureFlow('EnsureServerRunning', {
          currentStatus: this._status,
          currentPort: this.port,
        });
    
        this.startupPromise = this.ensureRunningInternal(flow);
        try {
          const client = await this.startupPromise;
          log.endFeatureFlow(flow, {
            status: 'completed',
            port: this.port,
            serverStatus: this._status,
          });
          return client;
        } catch (error) {
          log.endFeatureFlow(flow, { status: 'failed', error: String(error) });
          throw error;
        } finally {
          this.startupPromise = null;
        }
      
  operator: 'match'
  stack: |-
    TestContext.<anonymous> (file:///E:/Projects/vscode-opencode/tests/integration/opencode-server-manager.test.mjs:39:10)
    Test.runInAsyncScope (node:async_hooks:214:14)
    Test.run (node:internal/test_runner/test:1047:25)
    Test.processPendingSubtests (node:internal/test_runner/test:744:18)
    Test.postRun (node:internal/test_runner/test:1173:19)
    Test.run (node:internal/test_runner/test:1101:12)
    async Test.processPendingSubtests (node:internal/test_runner/test:744:7)
  ...
# Subtest: OpencodeServerManager handles stale client connections
not ok 522 - OpencodeServerManager handles stale client connections
  ---
  duration_ms: 1.3754
  type: 'test'
  location: 'E:\\Projects\\vscode-opencode\\tests\\integration\\opencode-server-manager.test.mjs:48:1'
  failureType: 'testCodeFailure'
  error: 'ensureRunning should warn about stale connections'
  code: 'ERR_ASSERTION'
  name: 'AssertionError'
  expected:
  actual: ''
  operator: 'match'
  stack: |-
    TestContext.<anonymous> (file:///E:/Projects/vscode-opencode/tests/integration/opencode-server-manager.test.mjs:52:10)
    Test.runInAsyncScope (node:async_hooks:214:14)
    Test.run (node:internal/test_runner/test:1047:25)
    Test.processPendingSubtests (node:internal/test_runner/test:744:18)
    Test.postRun (node:internal/test_runner/test:1173:19)
    Test.run (node:internal/test_runner/test:1101:12)
    async Test.processPendingSubtests (node:internal/test_runner/test:744:7)
  ...
# Subtest: OpencodeServerManager requires health/version success before trusting reused ports
not ok 523 - OpencodeServerManager requires health/version success before trusting reused ports
  ---
  duration_ms: 1.1709
  type: 'test'
  location: 'E:\\Projects\\vscode-opencode\\tests\\integration\\opencode-server-manager.test.mjs:58:1'
  failureType: 'testCodeFailure'
  error: 'ensureRunningInternal should health-check existing connected clients'
  code: 'ERR_ASSERTION'
  name: 'AssertionError'
  expected:
  actual: ''
  operator: 'match'
  stack: |-
    TestContext.<anonymous> (file:///E:/Projects/vscode-opencode/tests/integration/opencode-server-manager.test.mjs:63:10)
    Test.runInAsyncScope (node:async_hooks:214:14)
    Test.run (node:internal/test_runner/test:1047:25)
    Test.processPendingSubtests (node:internal/test_runner/test:744:18)
    Test.postRun (node:internal/test_runner/test:1173:19)
    Test.run (node:internal/test_runner/test:1101:12)
    async Test.processPendingSubtests (node:internal/test_runner/test:744:7)
  ...
# Subtest: OpencodeServerManager connects to configured port if available
not ok 524 - OpencodeServerManager connects to configured port if available
  ---
  duration_ms: 0.8716
  type: 'test'
  location: 'E:\\Projects\\vscode-opencode\\tests\\integration\\opencode-server-manager.test.mjs:74:1'
  failureType: 'testCodeFailure'
  error: 'ensureRunning should read serverPort from config'
  code: 'ERR_ASSERTION'
  name: 'AssertionError'
  expected:
  actual: ''
  operator: 'match'
  stack: |-
    TestContext.<anonymous> (file:///E:/Projects/vscode-opencode/tests/integration/opencode-server-manager.test.mjs:78:10)
    Test.runInAsyncScope (node:async_hooks:214:14)
    Test.run (node:internal/test_runner/test:1047:25)
    Test.processPendingSubtests (node:internal/test_runner/test:744:18)
    Test.postRun (node:internal/test_runner/test:1173:19)
    Test.run (node:internal/test_runner/test:1101:12)
    async Test.processPendingSubtests (node:internal/test_runner/test:744:7)
  ...
# Subtest: OpencodeServerManager spawns server process with workspace context
ok 525 - OpencodeServerManager spawns server process with workspace context
  ---
  duration_ms: 2.5479
  type: 'test'
  ...
# Subtest: OpencodeServerManager detects server readiness via stdout parsing
ok 526 - OpencodeServerManager detects server readiness via stdout parsing
  ---
  duration_ms: 2.3604
  type: 'test'
  ...
# Subtest: OpencodeServerManager implements port reachability check
ok 527 - OpencodeServerManager implements port reachability check
  ---
  duration_ms: 1.938
  type: 'test'
  ...
# Subtest: OpencodeServerManager implements auto-reconnect on unexpected exit
not ok 528 - OpencodeServerManager implements auto-reconnect on unexpected exit
  ---
  duration_ms: 1.7376
  type: 'test'
  location: 'E:\\Projects\\vscode-opencode\\tests\\integration\\opencode-server-manager.test.mjs:124:1'
  failureType: 'testCodeFailure'
  error: 'startServer should call ensureRunning in reconnect'
  code: 'ERR_ASSERTION'
  name: 'AssertionError'
  expected:
  actual: |-
    
        // Step 1: Find an available port for the server
        this.port = await this.findAvailablePort();
    
        return new Promise((resolve, reject) => {
          log.serverEvent("start", { port: this.port });
          let recentServerOutput = "";
          const stdoutLogState = { loggedChars: 0, suppressed: false };
          const stderrLogState = { loggedChars: 0, suppressed: false };
          let settled = false;
          let startupTimeout: NodeJS.Timeout | null = null;
          let serverReady = false;
    
          const appendRecentOutput = (chunk: string) => {
            if (!chunk) return;
            recentServerOutput += chunk;
            if (recentServerOutput.length > SERVER_OUTPUT_RECENT_BUFFER_CHARS) {
              recentServerOutput = recentServerOutput.slice(
                -SERVER_OUTPUT_RECENT_BUFFER_CHARS,
              );
            }
          };
    
          const logServerChunk = (
            channel: "stdout" | "stderr",
            chunk: string,
            state: { loggedChars: number; suppressed: boolean },
          ) => {
            if (!chunk) return;
            const normalized = chunk.replace(/\r/g, "").trim();
            if (!normalized) return;
    
            if (state.loggedChars >= SERVER_OUTPUT_LOG_BUDGET_CHARS) {
              if (!state.suppressed) {
                state.suppressed = true;
                log.warn("Server output suppressed (log budget exceeded)", {
                  channel,
                  budgetChars: SERVER_OUTPUT_LOG_BUDGET_CHARS,
                });
              }
              return;
            }
    
            const remaining = SERVER_OUTPUT_LOG_BUDGET_CHARS - state.loggedChars;
            const snippet =
              normalized.length > remaining
                ? `${normalized.slice(0, remaining)}...[truncated]`
                : normalized;
            state.loggedChars += snippet.length;
    
            if (channel === "stderr") {
              log.error("Server stderr output", { snippet });
            } else {
              log.debug("Server stdout output", { snippet });
            }
          };
    
          const settleResolve = (client: OpencodeClient) => {
            if (settled) return;
            settled = true;
            if (startupTimeout) {
              clearTimeout(startupTimeout);
              startupTimeout = null;
            }
            resolve(client);
          };
    
          const settleReject = (error: Error) => {
            if (settled) return;
            settled = true;
            if (startupTimeout) {
              clearTimeout(startupTimeout);
              startupTimeout = null;
            }
            if (!serverReady && this.serverProcess === spawnedProcess) {
              this.terminateProcessTree(spawnedProcess);
              this.serverProcess = null;
              this.client = null;
              this.port = 0;
              void this.persistManagedPort(0);
            }
            reject(error);
          };
    
          // Step 2: Configure spawn options
          // Set working directory to workspace root if available
          // This allows the server to access workspace files and context
          const workspaceFolder = vscode.workspace.workspaceFolders?.[0];
          const spawnOptions: cp.SpawnOptions = {
            stdio: ["ignore", "pipe", "pipe"], // stdin ignored, stdout/stderr piped
            shell: true, // Use shell for better cross-platform compatibility
          };
    
          if (workspaceFolder && workspaceFolder.uri.scheme === "file") {
            spawnOptions.cwd = workspaceFolder.uri.fsPath;
            log.info("Server CWD set", { cwd: spawnOptions.cwd });
          }
    
          // Step 3: Spawn the OpenCode CLI server process
          const spawnedProcess = cp.spawn(
            "opencode",
            ["serve", "--port", this.port.toString()],
            spawnOptions,
          );
          this.serverProcess = spawnedProcess;
    
          // Step 4: Monitor stdout for server ready indicator
          // The server prints "Server running" or "listening" when ready
          spawnedProcess.stdout?.on("data", (data) => {
            if (this.serverProcess !== spawnedProcess) {
              return;
            }
            const output = data.toString();
            appendRecentOutput(output);
            logServerChunk("stdout", output, stdoutLogState);
    
            // Look for server ready indicator
            if (output.includes("Server running") || output.includes("listening")) {
              if (!serverReady) {
                serverReady = true;
                // Server is ready - connect and resolve promise
                this.connectToServer()
                  .then(settleResolve)
                  .catch((error) => {
                    settleReject(
                      error instanceof Error ? error : new Error(String(error)),
                    );
                  });
              }
            }
          });
    
          // Log stderr for debugging (server errors/warnings)
          spawnedProcess.stderr?.on("data", (data) => {
            if (this.serverProcess !== spawnedProcess) {
              return;
            }
            const output = data.toString();
            appendRecentOutput(output);
            logServerChunk("stderr", output, stderrLogState);
          });
    
          // Handle spawn errors (e.g., opencode CLI not found)
          spawnedProcess.on("error", (error) => {
            log.error("Failed to start server", { port: this.port, error });
            this.setStatus("error");
    
            if (error.message.includes("ENOENT")) {
              vscode.window.showErrorMessage(
                "OpenCode CLI not found. Please install it first: npm install -g opencode-ai",
              );
            }
    
            settleReject(error instanceof Error ? error : new Error(String(error)));
          });
    
          // Handle server process exit (normal or abnormal)
          spawnedProcess.on("exit", (code) => {
            if (this.serverProcess !== spawnedProcess) {
              return;
            }
            const exitedPort = this.port;
            log.info("Server process exited", { exitCode: code, port: this.port });
            this.serverProcess = null;
            this.client = null;
            this.port = 0;
            if (exitedPort > 0) {
              void this.persistManagedPort(0);
            }
            this.setStatus(code === 0 ? "idle" : "error");
    
            if (!serverReady) {
              const recentTail = recentServerOutput.trim().slice(-800);
              const details = recentTail ? ` Recent output: ${recentTail}` : "";
              settleReject(
                new Error(
                  `OpenCode server exited before ready (code ${code}).${details}`,
                ),
              );
            }
    
            // Auto-reconnect after 5 seconds if exit was unexpected
            // This handles server crashes or external restarts
            if (!this.isDisposed && code !== 0 && !this.reconnectTimer) {
              this.reconnectTimer = setTimeout(() => {
                this.reconnectTimer = null;
                this.ensureRunning().catch((err) => {
                  log.error("Auto-reconnect failed", {}, err as Error);
                });
              }, 5000);
            }
          });
    
          // Step 5: Timeout after 10 seconds
          // If server doesn't become ready within 10 seconds, fail fast
          startupTimeout = setTimeout(() => {
            if (!serverReady) {
              this.setStatus("error");
              const recentTail = recentServerOutput.trim().slice(-800);
              const details = recentTail ? ` Recent output: ${recentTail}` : "";
              settleReject(new Error(`Server startup timeout.${details}`));
            }
          }, 10000);
        });
      
  operator: 'match'
  stack: |-
    TestContext.<anonymous> (file:///E:/Projects/vscode-opencode/tests/integration/opencode-server-manager.test.mjs:131:10)
    Test.runInAsyncScope (node:async_hooks:214:14)
    Test.run (node:internal/test_runner/test:1047:25)
    Test.processPendingSubtests (node:internal/test_runner/test:744:18)
    Test.postRun (node:internal/test_runner/test:1173:19)
    Test.run (node:internal/test_runner/test:1101:12)
    async Test.processPendingSubtests (node:internal/test_runner/test:744:7)
  ...
# Subtest: OpencodeServerManager implements server startup timeout
ok 529 - OpencodeServerManager implements server startup timeout
  ---
  duration_ms: 3.2913
  type: 'test'
  ...
# Subtest: OpencodeServerManager handles missing CLI with user-friendly message
ok 530 - OpencodeServerManager handles missing CLI with user-friendly message
  ---
  duration_ms: 1.5243
  type: 'test'
  ...
# Subtest: OpencodeServerManager implements cross-platform process cleanup
ok 531 - OpencodeServerManager implements cross-platform process cleanup
  ---
  duration_ms: 3.8059
  type: 'test'
  ...
# Subtest: OpencodeServerManager implements dynamic port allocation
ok 532 - OpencodeServerManager implements dynamic port allocation
  ---
  duration_ms: 1.3346
  type: 'test'
  ...
# Subtest: OpencodeServerManager implements server output logging with budget
not ok 533 - OpencodeServerManager implements server output logging with budget
  ---
  duration_ms: 1.526
  type: 'test'
  location: 'E:\\Projects\\vscode-opencode\\tests\\integration\\opencode-server-manager.test.mjs:186:1'
  failureType: 'testCodeFailure'
  error: 'startServer should warn when budget exceeded'
  code: 'ERR_ASSERTION'
  name: 'AssertionError'
  expected:
  actual: |-
    
        // Step 1: Find an available port for the server
        this.port = await this.findAvailablePort();
    
        return new Promise((resolve, reject) => {
          log.serverEvent("start", { port: this.port });
          let recentServerOutput = "";
          const stdoutLogState = { loggedChars: 0, suppressed: false };
          const stderrLogState = { loggedChars: 0, suppressed: false };
          let settled = false;
          let startupTimeout: NodeJS.Timeout | null = null;
          let serverReady = false;
    
          const appendRecentOutput = (chunk: string) => {
            if (!chunk) return;
            recentServerOutput += chunk;
            if (recentServerOutput.length > SERVER_OUTPUT_RECENT_BUFFER_CHARS) {
              recentServerOutput = recentServerOutput.slice(
                -SERVER_OUTPUT_RECENT_BUFFER_CHARS,
              );
            }
          };
    
          const logServerChunk = (
            channel: "stdout" | "stderr",
            chunk: string,
            state: { loggedChars: number; suppressed: boolean },
          ) => {
            if (!chunk) return;
            const normalized = chunk.replace(/\r/g, "").trim();
            if (!normalized) return;
    
            if (state.loggedChars >= SERVER_OUTPUT_LOG_BUDGET_CHARS) {
              if (!state.suppressed) {
                state.suppressed = true;
                log.warn("Server output suppressed (log budget exceeded)", {
                  channel,
                  budgetChars: SERVER_OUTPUT_LOG_BUDGET_CHARS,
                });
              }
              return;
            }
    
            const remaining = SERVER_OUTPUT_LOG_BUDGET_CHARS - state.loggedChars;
            const snippet =
              normalized.length > remaining
                ? `${normalized.slice(0, remaining)}...[truncated]`
                : normalized;
            state.loggedChars += snippet.length;
    
            if (channel === "stderr") {
              log.error("Server stderr output", { snippet });
            } else {
              log.debug("Server stdout output", { snippet });
            }
          };
    
          const settleResolve = (client: OpencodeClient) => {
            if (settled) return;
            settled = true;
            if (startupTimeout) {
              clearTimeout(startupTimeout);
              startupTimeout = null;
            }
            resolve(client);
          };
    
          const settleReject = (error: Error) => {
            if (settled) return;
            settled = true;
            if (startupTimeout) {
              clearTimeout(startupTimeout);
              startupTimeout = null;
            }
            if (!serverReady && this.serverProcess === spawnedProcess) {
              this.terminateProcessTree(spawnedProcess);
              this.serverProcess = null;
              this.client = null;
              this.port = 0;
              void this.persistManagedPort(0);
            }
            reject(error);
          };
    
          // Step 2: Configure spawn options
          // Set working directory to workspace root if available
          // This allows the server to access workspace files and context
          const workspaceFolder = vscode.workspace.workspaceFolders?.[0];
          const spawnOptions: cp.SpawnOptions = {
            stdio: ["ignore", "pipe", "pipe"], // stdin ignored, stdout/stderr piped
            shell: true, // Use shell for better cross-platform compatibility
          };
    
          if (workspaceFolder && workspaceFolder.uri.scheme === "file") {
            spawnOptions.cwd = workspaceFolder.uri.fsPath;
            log.info("Server CWD set", { cwd: spawnOptions.cwd });
          }
    
          // Step 3: Spawn the OpenCode CLI server process
          const spawnedProcess = cp.spawn(
            "opencode",
            ["serve", "--port", this.port.toString()],
            spawnOptions,
          );
          this.serverProcess = spawnedProcess;
    
          // Step 4: Monitor stdout for server ready indicator
          // The server prints "Server running" or "listening" when ready
          spawnedProcess.stdout?.on("data", (data) => {
            if (this.serverProcess !== spawnedProcess) {
              return;
            }
            const output = data.toString();
            appendRecentOutput(output);
            logServerChunk("stdout", output, stdoutLogState);
    
            // Look for server ready indicator
            if (output.includes("Server running") || output.includes("listening")) {
              if (!serverReady) {
                serverReady = true;
                // Server is ready - connect and resolve promise
                this.connectToServer()
                  .then(settleResolve)
                  .catch((error) => {
                    settleReject(
                      error instanceof Error ? error : new Error(String(error)),
                    );
                  });
              }
            }
          });
    
          // Log stderr for debugging (server errors/warnings)
          spawnedProcess.stderr?.on("data", (data) => {
            if (this.serverProcess !== spawnedProcess) {
              return;
            }
            const output = data.toString();
            appendRecentOutput(output);
            logServerChunk("stderr", output, stderrLogState);
          });
    
          // Handle spawn errors (e.g., opencode CLI not found)
          spawnedProcess.on("error", (error) => {
            log.error("Failed to start server", { port: this.port, error });
            this.setStatus("error");
    
            if (error.message.includes("ENOENT")) {
              vscode.window.showErrorMessage(
                "OpenCode CLI not found. Please install it first: npm install -g opencode-ai",
              );
            }
    
            settleReject(error instanceof Error ? error : new Error(String(error)));
          });
    
          // Handle server process exit (normal or abnormal)
          spawnedProcess.on("exit", (code) => {
            if (this.serverProcess !== spawnedProcess) {
              return;
            }
            const exitedPort = this.port;
            log.info("Server process exited", { exitCode: code, port: this.port });
            this.serverProcess = null;
            this.client = null;
            this.port = 0;
            if (exitedPort > 0) {
              void this.persistManagedPort(0);
            }
            this.setStatus(code === 0 ? "idle" : "error");
    
            if (!serverReady) {
              const recentTail = recentServerOutput.trim().slice(-800);
              const details = recentTail ? ` Recent output: ${recentTail}` : "";
              settleReject(
                new Error(
                  `OpenCode server exited before ready (code ${code}).${details}`,
                ),
              );
            }
    
            // Auto-reconnect after 5 seconds if exit was unexpected
            // This handles server crashes or external restarts
            if (!this.isDisposed && code !== 0 && !this.reconnectTimer) {
              this.reconnectTimer = setTimeout(() => {
                this.reconnectTimer = null;
                this.ensureRunning().catch((err) => {
                  log.error("Auto-reconnect failed", {}, err as Error);
                });
              }, 5000);
            }
          });
    
          // Step 5: Timeout after 10 seconds
          // If server doesn't become ready within 10 seconds, fail fast
          startupTimeout = setTimeout(() => {
            if (!serverReady) {
              this.setStatus("error");
              const recentTail = recentServerOutput.trim().slice(-800);
              const details = recentTail ? ` Recent output: ${recentTail}` : "";
              settleReject(new Error(`Server startup timeout.${details}`));
            }
          }, 10000);
        });
      
  operator: 'match'
  stack: |-
    TestContext.<anonymous> (file:///E:/Projects/vscode-opencode/tests/integration/opencode-server-manager.test.mjs:194:10)
    Test.runInAsyncScope (node:async_hooks:214:14)
    Test.run (node:internal/test_runner/test:1047:25)
    Test.processPendingSubtests (node:internal/test_runner/test:744:18)
    Test.postRun (node:internal/test_runner/test:1173:19)
    Test.run (node:internal/test_runner/test:1101:12)
    async Test.processPendingSubtests (node:internal/test_runner/test:744:7)
  ...
# Subtest: OpencodeServerManager exposes client and port getters
ok 534 - OpencodeServerManager exposes client and port getters
  ---
  duration_ms: 0.6237
  type: 'test'
  ...
# Subtest: OpencodeServerManager derives workspace directory for SDK client header
ok 535 - OpencodeServerManager derives workspace directory for SDK client header
  ---
  duration_ms: 0.6096
  type: 'test'
  ...
# Subtest: extension registers OpencodeServerManager for proper lifecycle
ok 536 - extension registers OpencodeServerManager for proper lifecycle
  ---
  duration_ms: 2.1857
  type: 'test'
  ...
# Subtest: integration: transition window prevents popover reappearing
ok 537 - integration: transition window prevents popover reappearing
  ---
  duration_ms: 18.6326
  type: 'test'
  ...
# Subtest: integration: interactive response transition window is set
ok 538 - integration: interactive response transition window is set
  ---
  duration_ms: 8.5084
  type: 'test'
  ...
# Subtest: ChatViewProvider posts quotaData on quotaUpdate events
ok 539 - ChatViewProvider posts quotaData on quotaUpdate events
  ---
  duration_ms: 7.5158
  type: 'test'
  ...
# Subtest: ChatViewProvider ready flow inspects cached quota data
ok 540 - ChatViewProvider ready flow inspects cached quota data
  ---
  duration_ms: 0.6757
  type: 'test'
  ...
# Subtest: ChatViewProvider posts cached quota data when available
ok 541 - ChatViewProvider posts cached quota data when available
  ---
  duration_ms: 1.4979
  type: 'test'
  ...
# Subtest: ChatViewProvider refreshes quota when cache is empty
ok 542 - ChatViewProvider refreshes quota when cache is empty
  ---
  duration_ms: 1.6252
  type: 'test'
  ...
# Subtest: Message handler processes quota messages
ok 543 - Message handler processes quota messages
  ---
  duration_ms: 8.7871
  type: 'test'
  ...
# Subtest: Message handler dispatches SET_QUOTA_DATA action
ok 544 - Message handler dispatches SET_QUOTA_DATA action
  ---
  duration_ms: 1.9228
  type: 'test'
  ...
# Subtest: Session: createNewSession generates timestamp-based titles when none provided
ok 545 - Session: createNewSession generates timestamp-based titles when none provided
  ---
  duration_ms: 6.362
  type: 'test'
  ...
# Subtest: Session: createNewSession persists new session to currentSession
ok 546 - Session: createNewSession persists new session to currentSession
  ---
  duration_ms: 1.1713
  type: 'test'
  ...
# Subtest: Session: createNewSession handles server error responses
ok 547 - Session: createNewSession handles server error responses
  ---
  duration_ms: 0.9896
  type: 'test'
  ...
# Subtest: Session: listSessions implements server-local merge algorithm
ok 548 - Session: listSessions implements server-local merge algorithm
  ---
  duration_ms: 2.5307
  type: 'test'
  ...
# Subtest: Session: listSessions falls back to local history on server error
not ok 549 - Session: listSessions falls back to local history on server error
  ---
  duration_ms: 3.8273
  type: 'test'
  location: 'E:\\Projects\\vscode-opencode\\tests\\integration\\session-feature-complete.test.mjs:144:1'
  failureType: 'testCodeFailure'
  error: 'listSessions should catch server errors and fallback to local'
  code: 'ERR_ASSERTION'
  name: 'AssertionError'
  expected:
  actual: |-
    
        // Ensure persisted local history is loaded before we merge with server data.
        // Without this wait, early startup calls can clobber workspace history.
        if (this.initializationPromise) {
          await this.initializationPromise;
        }
    
        try {
          const client = await this.serverManager.ensureRunning();
          const response = await client.session.list();
    
          if (response.data) {
            // Merge server sessions with local history
            const serverSessions = response.data;
            const localSessions = this.sessionHistory;
    
            // Use a map to merge by ID, prioritizing server data but keeping local-only ones
            const mergedMap = new Map<string, Session>();
            localSessions.forEach((s) => {
              mergedMap.set(s.id, s);
            });
            serverSessions.forEach((s) => {
              mergedMap.set(s.id, s);
            });
    
            const mergedSessions = Array.from(mergedMap.values());
            const normalized = coalesceSessionsById(mergedSessions);
            if (hasSessionAliasConflicts(normalized.aliasesByCanonicalId)) {
              await this.mergeMessagesForSessionAliases(
                normalized.aliasesByCanonicalId,
              );
            }
    
            this.sessionHistory = normalized.sessions;
    
            this.persistState();
          }
        } catch (error) {
          log.error("Failed to fetch sessions from server", {}, error as Error);
          // Fallback to local history
          const normalizedLocal = coalesceSessionsById(this.sessionHistory);
          if (hasSessionAliasConflicts(normalizedLocal.aliasesByCanonicalId)) {
            await this.mergeMessagesForSessionAliases(
              normalizedLocal.aliasesByCanonicalId,
            );
          }
          if (normalizedLocal.hadChanges) {
            this.sessionHistory = normalizedLocal.sessions;
            this.persistState();
          }
        }
    
        return this.sessionHistory;
      
  operator: 'match'
  stack: |-
    TestContext.<anonymous> (file:///E:/Projects/vscode-opencode/tests/integration/session-feature-complete.test.mjs:150:10)
    Test.runInAsyncScope (node:async_hooks:214:14)
    Test.run (node:internal/test_runner/test:1047:25)
    Test.processPendingSubtests (node:internal/test_runner/test:744:18)
    Test.postRun (node:internal/test_runner/test:1173:19)
    Test.run (node:internal/test_runner/test:1101:12)
    async Test.processPendingSubtests (node:internal/test_runner/test:744:7)
  ...
# Subtest: Session: listSessions waits for initialization before merging
ok 550 - Session: listSessions waits for initialization before merging
  ---
  duration_ms: 0.8486
  type: 'test'
  ...
# Subtest: Session: listSessions handles session alias conflicts
ok 551 - Session: listSessions handles session alias conflicts
  ---
  duration_ms: 3.5137
  type: 'test'
  ...
# Subtest: Session: switchSession fetches from server and updates current session
ok 552 - Session: switchSession fetches from server and updates current session
  ---
  duration_ms: 0.861
  type: 'test'
  ...
# Subtest: Session: switchSession falls back to local history on server error
ok 553 - Session: switchSession falls back to local history on server error
  ---
  duration_ms: 1.9516
  type: 'test'
  ...
# Subtest: Session: switchSession throws if session not found locally or on server
ok 554 - Session: switchSession throws if session not found locally or on server
  ---
  duration_ms: 1.6345
  type: 'test'
  ...
# Subtest: Session: switchSession persists new current session ID
ok 555 - Session: switchSession persists new current session ID
  ---
  duration_ms: 1.3999
  type: 'test'
  ...
# Subtest: Session: deleteSession removes from server and local cache
ok 556 - Session: deleteSession removes from server and local cache
  ---
  duration_ms: 0.5976
  type: 'test'
  ...
# Subtest: Session: deleteSession clears current session if deleting active session
ok 557 - Session: deleteSession clears current session if deleting active session
  ---
  duration_ms: 0.7776
  type: 'test'
  ...
# Subtest: Session: deleteSession removes from session history
ok 558 - Session: deleteSession removes from session history
  ---
  duration_ms: 0.7433
  type: 'test'
  ...
# Subtest: Session: deleteSession clears cached messages from workspace storage
ok 559 - Session: deleteSession clears cached messages from workspace storage
  ---
  duration_ms: 0.7444
  type: 'test'
  ...
# Subtest: Session: deleteSession handles server errors gracefully
not ok 560 - Session: deleteSession handles server errors gracefully
  ---
  duration_ms: 0.8904
  type: 'test'
  location: 'E:\\Projects\\vscode-opencode\\tests\\integration\\session-feature-complete.test.mjs:333:1'
  failureType: 'testCodeFailure'
  error: 'deleteSession should log warning but continue with local cleanup on server error'
  code: 'ERR_ASSERTION'
  name: 'AssertionError'
  expected:
  actual: |-
    
        try {
          const client = await this.serverManager.ensureRunning();
          await client.session.delete({
            path: { id: sessionId },
          });
        } catch (error) {
          // Log but continue with local cleanup even if server deletion fails
          // This can happen if the session was already deleted on the server
          log.warn("Server delete failed, continuing with local cleanup", {
            sessionId,
            error: error instanceof Error ? error.message : String(error),
          });
        }
    
        if (this.currentSession?.id === sessionId) {
          this.currentSession = null;
        }
    
        this.sessionHistory = this.sessionHistory.filter((s) => s.id !== sessionId);
        await this.context.workspaceState.update(
          `${SessionService.MESSAGES_PREFIX}${sessionId}`,
          undefined,
        );
        this.persistState();
      
  operator: 'match'
  stack: |-
    TestContext.<anonymous> (file:///E:/Projects/vscode-opencode/tests/integration/session-feature-complete.test.mjs:339:10)
    Test.runInAsyncScope (node:async_hooks:214:14)
    Test.run (node:internal/test_runner/test:1047:25)
    Test.processPendingSubtests (node:internal/test_runner/test:744:18)
    Test.postRun (node:internal/test_runner/test:1173:19)
    Test.run (node:internal/test_runner/test:1101:12)
    async Test.processPendingSubtests (node:internal/test_runner/test:744:7)
  ...
# Subtest: Session: renameSession updates title on server and locally
ok 561 - Session: renameSession updates title on server and locally
  ---
  duration_ms: 1.397
  type: 'test'
  ...
# Subtest: Session: renameSession updates session in local history
ok 562 - Session: renameSession updates session in local history
  ---
  duration_ms: 1.4116
  type: 'test'
  ...
# Subtest: Session: renameSession updates current session if renaming active session
ok 563 - Session: renameSession updates current session if renaming active session
  ---
  duration_ms: 1.0456
  type: 'test'
  ...
# Subtest: Session: renameSession performs optimistic update on server error
ok 564 - Session: renameSession performs optimistic update on server error
  ---
  duration_ms: 1.1364
  type: 'test'
  ...
# Subtest: Session: renameSession throws if session not found
ok 565 - Session: renameSession throws if session not found
  ---
  duration_ms: 0.5983
  type: 'test'
  ...
# Subtest: Session: getCurrentSession waits for initialization
ok 566 - Session: getCurrentSession waits for initialization
  ---
  duration_ms: 0.9909
  type: 'test'
  ...
# Subtest: Session: getCurrentSession returns existing session if available
ok 567 - Session: getCurrentSession returns existing session if available
  ---
  duration_ms: 1.2664
  type: 'test'
  ...
# Subtest: Session: getCurrentSession auto-creates session if none exists
ok 568 - Session: getCurrentSession auto-creates session if none exists
  ---
  duration_ms: 0.5913
  type: 'test'
  ...
# Subtest: Session: getMessages implements server-local merge with fallback
ok 569 - Session: getMessages implements server-local merge with fallback
  ---
  duration_ms: 0.7532
  type: 'test'
  ...
# Subtest: Session: getMessages falls back to local storage on server error
not ok 570 - Session: getMessages falls back to local storage on server error
  ---
  duration_ms: 0.7963
  type: 'test'
  location: 'E:\\Projects\\vscode-opencode\\tests\\integration\\session-feature-complete.test.mjs:510:1'
  failureType: 'testCodeFailure'
  error: 'getMessages should return local messages on server error'
  code: 'ERR_ASSERTION'
  name: 'AssertionError'
  expected:
  actual: |-
    
        log.debug("Fetching messages for session", { sessionId });
        const localMessages = await this.loadSessionMessages(sessionId);
    
        try {
          const client = await this.serverManager.ensureRunning();
          const response = await client.session.messages({
            path: {
              id: sessionId,
            },
          });
    
          if (response.data && response.data.length > 0) {
            log.info("Fetched messages from server", {
              sessionId,
              count: response.data.length,
            });
            const mergedMessages =
              localMessages.length > 0
                ? mergeConversationMessages([localMessages, response.data])
                : response.data;
            // Keep the nested info structure from server for proper type compatibility
            // Server returns: { info: {...}, parts: [...] } which matches Message interface
            await this.saveSessionMessages(sessionId, mergedMessages);
            return mergedMessages;
          }
        } catch (error) {
          log.warn("Error fetching messages from server, using local cache", {
            sessionId,
            error: error instanceof Error ? error.message : String(error),
          });
        }
    
        // Fallback to local storage
        log.debug("Returning local messages", {
          sessionId,
          count: localMessages.length,
        });
        return localMessages;
      
  operator: 'match'
  stack: |-
    TestContext.<anonymous> (file:///E:/Projects/vscode-opencode/tests/integration/session-feature-complete.test.mjs:516:10)
    Test.runInAsyncScope (node:async_hooks:214:14)
    Test.run (node:internal/test_runner/test:1047:25)
    Test.processPendingSubtests (node:internal/test_runner/test:744:18)
    Test.postRun (node:internal/test_runner/test:1173:19)
    Test.run (node:internal/test_runner/test:1101:12)
    async Test.processPendingSubtests (node:internal/test_runner/test:744:7)
  ...
# Subtest: Session: saveSessionMessages implements compaction for storage limits
ok 571 - Session: saveSessionMessages implements compaction for storage limits
  ---
  duration_ms: 0.513
  type: 'test'
  ...
# Subtest: Session: upsertMessage implements rich message merge
ok 572 - Session: upsertMessage implements rich message merge
  ---
  duration_ms: 0.6433
  type: 'test'
  ...
# Subtest: Session: loadSessionMessages returns empty array if no cached messages
ok 573 - Session: loadSessionMessages returns empty array if no cached messages
  ---
  duration_ms: 0.5559
  type: 'test'
  ...
# Subtest: Session: loadPersistedState respects persistSessions configuration
ok 574 - Session: loadPersistedState respects persistSessions configuration
  ---
  duration_ms: 0.9108
  type: 'test'
  ...
# Subtest: Session: loadPersistedState restores session history
ok 575 - Session: loadPersistedState restores session history
  ---
  duration_ms: 0.7016
  type: 'test'
  ...
# Subtest: Session: loadPersistedState restores current session ID
ok 576 - Session: loadPersistedState restores current session ID
  ---
  duration_ms: 0.7617
  type: 'test'
  ...
# Subtest: Session: loadPersistedState switches to persisted session
ok 577 - Session: loadPersistedState switches to persisted session
  ---
  duration_ms: 0.9053
  type: 'test'
  ...
# Subtest: Session: loadPersistedState handles missing server sessions gracefully
not ok 578 - Session: loadPersistedState handles missing server sessions gracefully
  ---
  duration_ms: 1.2543
  type: 'test'
  location: 'E:\\Projects\\vscode-opencode\\tests\\integration\\session-feature-complete.test.mjs:673:1'
  failureType: 'testCodeFailure'
  error: 'loadPersistedState should catch missing session errors'
  code: 'ERR_ASSERTION'
  name: 'AssertionError'
  expected:
  actual: |-
    
        const config = vscode.workspace.getConfiguration("opencode");
        if (!config.get("persistSessions", true)) {
          return;
        }
    
        // Load and normalize session list
        const persistedSessions = this.context.workspaceState.get<Session[]>(
          SessionService.SESSIONS_KEY,
          [],
        );
        const normalizedSessions = coalesceSessionsById(persistedSessions);
        this.sessionHistory = normalizedSessions.sessions;
    
        if (hasSessionAliasConflicts(normalizedSessions.aliasesByCanonicalId)) {
          await this.mergeMessagesForSessionAliases(
            normalizedSessions.aliasesByCanonicalId,
          );
        }
    
        if (normalizedSessions.hadChanges) {
          this.persistState();
        }
    
        const persistedSessionId = this.context.workspaceState.get<string>(
          SessionService.SESSION_ID_KEY,
        );
        const sessionId = normalizeSessionId(persistedSessionId);
    
        if (sessionId && persistedSessionId !== sessionId) {
          await this.context.workspaceState.update(
            SessionService.SESSION_ID_KEY,
            sessionId,
          );
        }
    
        if (sessionId) {
          try {
            await this.switchSession(sessionId);
          } catch (e) {
            log.debug("Session not found on server, keeping local stub", {
              sessionId,
            });
            // If not on server, find in history to keep it as "active" in UI
            const stub = this.sessionHistory.find((s) => s.id === sessionId);
            if (stub) {
              this.currentSession = stub;
            }
          }
        }
      
  operator: 'match'
  stack: |-
    TestContext.<anonymous> (file:///E:/Projects/vscode-opencode/tests/integration/session-feature-complete.test.mjs:679:10)
    Test.runInAsyncScope (node:async_hooks:214:14)
    Test.run (node:internal/test_runner/test:1047:25)
    Test.processPendingSubtests (node:internal/test_runner/test:744:18)
    Test.postRun (node:internal/test_runner/test:1173:19)
    Test.run (node:internal/test_runner/test:1101:12)
    async Test.processPendingSubtests (node:internal/test_runner/test:744:7)
  ...
# Subtest: Session: persistState saves sessions and current session ID
ok 579 - Session: persistState saves sessions and current session ID
  ---
  duration_ms: 0.8578
  type: 'test'
  ...
# Subtest: Session: coalesceSessionsById normalizes session IDs
ok 580 - Session: coalesceSessionsById normalizes session IDs
  ---
  duration_ms: 1.3578
  type: 'test'
  ...
# Subtest: Session: coalesceSessionsById merges duplicate sessions
ok 581 - Session: coalesceSessionsById merges duplicate sessions
  ---
  duration_ms: 1.1376
  type: 'test'
  ...
# Subtest: Session: coalesceSessionsById sorts sessions by creation time
ok 582 - Session: coalesceSessionsById sorts sessions by creation time
  ---
  duration_ms: 0.95
  type: 'test'
  ...
# Subtest: Session: coalesceSessionsById returns alias mapping
ok 583 - Session: coalesceSessionsById returns alias mapping
  ---
  duration_ms: 7.6492
  type: 'test'
  ...
# Subtest: Session: mergeMessagesForSessionAliases merges messages from aliased sessions
not ok 584 - Session: mergeMessagesForSessionAliases merges messages from aliased sessions
  ---
  duration_ms: 2.8141
  type: 'test'
  location: 'E:\\Projects\\vscode-opencode\\tests\\integration\\session-feature-complete.test.mjs:795:1'
  failureType: 'testCodeFailure'
  error: 'mergeMessagesForSessionAliases should iterate over alias sets'
  code: 'ERR_ASSERTION'
  name: 'AssertionError'
  expected:
  actual: |-
    
        for (const [canonicalId, aliases] of Array.from(aliasesByCanonicalId.entries())) {
          const normalizedCanonicalId = normalizeSessionId(canonicalId);
          if (!normalizedCanonicalId) {
            continue;
          }
    
          const uniqueAliases = Array.from(
            new Set(
              aliases.filter(
                (alias): alias is string =>
                  typeof alias === "string" && alias.length > 0,
              ),
            ),
          );
    
          if (!uniqueAliases.includes(normalizedCanonicalId)) {
            uniqueAliases.push(normalizedCanonicalId);
          }
    
          if (uniqueAliases.every((alias) => alias === normalizedCanonicalId)) {
            continue;
          }
    
          const messageGroups: unknown[][] = [];
          for (const alias of uniqueAliases) {
            const cached = await this.loadSessionMessages(alias);
            if (cached.length > 0) {
              messageGroups.push(cached);
            }
          }
    
          if (messageGroups.length > 0) {
            const merged = mergeConversationMessages(messageGroups);
            await this.saveSessionMessages(normalizedCanonicalId, merged);
          }
    
          for (const alias of uniqueAliases) {
            if (alias === normalizedCanonicalId) {
              continue;
            }
            await this.context.workspaceState.update(
              `${SessionService.MESSAGES_PREFIX}${alias}`,
              undefined,
            );
          }
        }
      
  operator: 'match'
  stack: |-
    TestContext.<anonymous> (file:///E:/Projects/vscode-opencode/tests/integration/session-feature-complete.test.mjs:801:10)
    Test.runInAsyncScope (node:async_hooks:214:14)
    Test.run (node:internal/test_runner/test:1047:25)
    Test.processPendingSubtests (node:internal/test_runner/test:744:18)
    Test.postRun (node:internal/test_runner/test:1173:19)
    Test.run (node:internal/test_runner/test:1101:12)
    async Test.processPendingSubtests (node:internal/test_runner/test:744:7)
  ...
# Subtest: Session: mergeMessagesForSessionAliases deletes old alias keys
ok 585 - Session: mergeMessagesForSessionAliases deletes old alias keys
  ---
  duration_ms: 1.2521
  type: 'test'
  ...
# Subtest: Session: webview posts createSession message to extension
ok 586 - Session: webview posts createSession message to extension
  ---
  duration_ms: 4.2501
  type: 'test'
  ...
# Subtest: Session: webview posts switchSession message with session ID
ok 587 - Session: webview posts switchSession message with session ID
  ---
  duration_ms: 4.5706
  type: 'test'
  ...
# Subtest: Session: webview posts deleteSession message with session ID
ok 588 - Session: webview posts deleteSession message with session ID
  ---
  duration_ms: 3.405
  type: 'test'
  ...
# Subtest: Session: webview message handler handles chatHistory messages
ok 589 - Session: webview message handler handles chatHistory messages
  ---
  duration_ms: 0.8322
  type: 'test'
  ...
# Subtest: Session: webview message handler processes chatHistory messages
ok 590 - Session: webview message handler processes chatHistory messages
  ---
  duration_ms: 0.9407
  type: 'test'
  ...
# Subtest: Session: extension routes createSession/newSession messages
ok 591 - Session: extension routes createSession/newSession messages
  ---
  duration_ms: 0.6882
  type: 'test'
  ...
# Subtest: Session: extension routes loadSession/openSession/switchSession messages
ok 592 - Session: extension routes loadSession/openSession/switchSession messages
  ---
  duration_ms: 0.9574
  type: 'test'
  ...
# Subtest: Session: extension routes deleteSession message
ok 593 - Session: extension routes deleteSession message
  ---
  duration_ms: 0.4725
  type: 'test'
  ...
# Subtest: Session: extension routes renameSession message
ok 594 - Session: extension routes renameSession message
  ---
  duration_ms: 0.5182
  type: 'test'
  ...
# Subtest: Session: extension calls handleLoadSession for session switching
ok 595 - Session: extension calls handleLoadSession for session switching
  ---
  duration_ms: 0.6892
  type: 'test'
  ...
# Subtest: Session: handleLoadSession switches session in SessionService
ok 596 - Session: handleLoadSession switches session in SessionService
  ---
  duration_ms: 0.6327
  type: 'test'
  ...
# Subtest: Session: handleLoadSession loads messages for session
ok 597 - Session: handleLoadSession loads messages for session
  ---
  duration_ms: 0.715
  type: 'test'
  ...
# Subtest: Session: handleLoadSession sends chatHistory to webview
ok 598 - Session: handleLoadSession sends chatHistory to webview
  ---
  duration_ms: 0.8485
  type: 'test'
  ...
# Subtest: Session: handleLoadSession manages loading state during session switch
ok 599 - Session: handleLoadSession manages loading state during session switch
  ---
  duration_ms: 0.8906
  type: 'test'
  ...
# Subtest: Session: handleDeleteSession deletes session and creates new if needed
ok 600 - Session: handleDeleteSession deletes session and creates new if needed
  ---
  duration_ms: 1.1299
  type: 'test'
  ...
# Subtest: Session: handleDeleteSession shows error message on failure
ok 601 - Session: handleDeleteSession shows error message on failure
  ---
  duration_ms: 1.1153
  type: 'test'
  ...
# Subtest: Session: handleRenameSession renames session
ok 602 - Session: handleRenameSession renames session
  ---
  duration_ms: 2.1481
  type: 'test'
  ...
# Subtest: Session: createNewSession throws descriptive error on failure
ok 603 - Session: createNewSession throws descriptive error on failure
  ---
  duration_ms: 1.2662
  type: 'test'
  ...
# Subtest: Session: renameSession throws descriptive error on failure
ok 604 - Session: renameSession throws descriptive error on failure
  ---
  duration_ms: 0.6939
  type: 'test'
  ...
# Subtest: Session: listSessions logs errors but returns fallback data
not ok 605 - Session: listSessions logs errors but returns fallback data
  ---
  duration_ms: 0.8472
  type: 'test'
  location: 'E:\\Projects\\vscode-opencode\\tests\\integration\\session-feature-complete.test.mjs:1124:1'
  failureType: 'testCodeFailure'
  error: 'listSessions should log error but return local sessions'
  code: 'ERR_ASSERTION'
  name: 'AssertionError'
  expected:
  actual: |-
    
        // Ensure persisted local history is loaded before we merge with server data.
        // Without this wait, early startup calls can clobber workspace history.
        if (this.initializationPromise) {
          await this.initializationPromise;
        }
    
        try {
          const client = await this.serverManager.ensureRunning();
          const response = await client.session.list();
    
          if (response.data) {
            // Merge server sessions with local history
            const serverSessions = response.data;
            const localSessions = this.sessionHistory;
    
            // Use a map to merge by ID, prioritizing server data but keeping local-only ones
            const mergedMap = new Map<string, Session>();
            localSessions.forEach((s) => {
              mergedMap.set(s.id, s);
            });
            serverSessions.forEach((s) => {
              mergedMap.set(s.id, s);
            });
    
            const mergedSessions = Array.from(mergedMap.values());
            const normalized = coalesceSessionsById(mergedSessions);
            if (hasSessionAliasConflicts(normalized.aliasesByCanonicalId)) {
              await this.mergeMessagesForSessionAliases(
                normalized.aliasesByCanonicalId,
              );
            }
    
            this.sessionHistory = normalized.sessions;
    
            this.persistState();
          }
        } catch (error) {
          log.error("Failed to fetch sessions from server", {}, error as Error);
          // Fallback to local history
          const normalizedLocal = coalesceSessionsById(this.sessionHistory);
          if (hasSessionAliasConflicts(normalizedLocal.aliasesByCanonicalId)) {
            await this.mergeMessagesForSessionAliases(
              normalizedLocal.aliasesByCanonicalId,
            );
          }
          if (normalizedLocal.hadChanges) {
            this.sessionHistory = normalizedLocal.sessions;
            this.persistState();
          }
        }
    
        return this.sessionHistory;
      
  operator: 'match'
  stack: |-
    TestContext.<anonymous> (file:///E:/Projects/vscode-opencode/tests/integration/session-feature-complete.test.mjs:1130:10)
    Test.runInAsyncScope (node:async_hooks:214:14)
    Test.run (node:internal/test_runner/test:1047:25)
    Test.processPendingSubtests (node:internal/test_runner/test:744:18)
    Test.postRun (node:internal/test_runner/test:1173:19)
    Test.run (node:internal/test_runner/test:1101:12)
    async Test.processPendingSubtests (node:internal/test_runner/test:744:7)
  ...
# Subtest: Session: getMessages logs warnings but returns local data
not ok 606 - Session: getMessages logs warnings but returns local data
  ---
  duration_ms: 0.5877
  type: 'test'
  location: 'E:\\Projects\\vscode-opencode\\tests\\integration\\session-feature-complete.test.mjs:1142:1'
  failureType: 'testCodeFailure'
  error: 'getMessages should log warning but return local messages'
  code: 'ERR_ASSERTION'
  name: 'AssertionError'
  expected:
  actual: |-
    
        log.debug("Fetching messages for session", { sessionId });
        const localMessages = await this.loadSessionMessages(sessionId);
    
        try {
          const client = await this.serverManager.ensureRunning();
          const response = await client.session.messages({
            path: {
              id: sessionId,
            },
          });
    
          if (response.data && response.data.length > 0) {
            log.info("Fetched messages from server", {
              sessionId,
              count: response.data.length,
            });
            const mergedMessages =
              localMessages.length > 0
                ? mergeConversationMessages([localMessages, response.data])
                : response.data;
            // Keep the nested info structure from server for proper type compatibility
            // Server returns: { info: {...}, parts: [...] } which matches Message interface
            await this.saveSessionMessages(sessionId, mergedMessages);
            return mergedMessages;
          }
        } catch (error) {
          log.warn("Error fetching messages from server, using local cache", {
            sessionId,
            error: error instanceof Error ? error.message : String(error),
          });
        }
    
        // Fallback to local storage
        log.debug("Returning local messages", {
          sessionId,
          count: localMessages.length,
        });
        return localMessages;
      
  operator: 'match'
  stack: |-
    TestContext.<anonymous> (file:///E:/Projects/vscode-opencode/tests/integration/session-feature-complete.test.mjs:1148:10)
    Test.runInAsyncScope (node:async_hooks:214:14)
    Test.run (node:internal/test_runner/test:1047:25)
    Test.processPendingSubtests (node:internal/test_runner/test:744:18)
    Test.postRun (node:internal/test_runner/test:1173:19)
    Test.run (node:internal/test_runner/test:1101:12)
    async Test.processPendingSubtests (node:internal/test_runner/test:744:7)
  ...
# Subtest: Session: compactMessageForPersistence preserves critical fields
ok 607 - Session: compactMessageForPersistence preserves critical fields
  ---
  duration_ms: 1.3924
  type: 'test'
  ...
# Subtest: Session: saveSessionMessages implements multi-stage compaction
ok 608 - Session: saveSessionMessages implements multi-stage compaction
  ---
  duration_ms: 0.9626
  type: 'test'
  ...
# Subtest: Session: constructor triggers async state initialization
ok 609 - Session: constructor triggers async state initialization
  ---
  duration_ms: 0.9596
  type: 'test'
  ...
# Subtest: Session: initializationPromise is awaited before accessing state
ok 610 - Session: initializationPromise is awaited before accessing state
  ---
  duration_ms: 0.777
  type: 'test'
  ...
# Subtest: Session: storage keys use opencode prefix
ok 611 - Session: storage keys use opencode prefix
  ---
  duration_ms: 2.0107
  type: 'test'
  ...
# Subtest: Session: persistence limits are properly defined
ok 612 - Session: persistence limits are properly defined
  ---
  duration_ms: 3.1041
  type: 'test'
  ...
# Subtest: Session: sanitizeForPersistence handles all data types
ok 613 - Session: sanitizeForPersistence handles all data types
  ---
  duration_ms: 1.8458
  type: 'test'
  ...
# Subtest: Session: isDataUrl detects data URLs correctly
ok 614 - Session: isDataUrl detects data URLs correctly
  ---
  duration_ms: 0.6114
  type: 'test'
  ...
# Subtest: Session: redactDataUrl preserves metadata and estimates size
ok 615 - Session: redactDataUrl preserves metadata and estimates size
  ---
  duration_ms: 0.646
  type: 'test'
  ...
# Subtest: Session: mergeSessionRecords merges session objects intelligently
ok 616 - Session: mergeSessionRecords merges session objects intelligently
  ---
  duration_ms: 1.1391
  type: 'test'
  ...
# Subtest: Session: pickRicherMessage calculates message richness score
ok 617 - Session: pickRicherMessage calculates message richness score
  ---
  duration_ms: 1.1231
  type: 'test'
  ...
# Subtest: Session: messageRichnessScore calculates comprehensive score
ok 618 - Session: messageRichnessScore calculates comprehensive score
  ---
  duration_ms: 0.9768
  type: 'test'
  ...
# Subtest: Session: mergeRicherMessageFields backfills missing fields
ok 619 - Session: mergeRicherMessageFields backfills missing fields
  ---
  duration_ms: 1.1283
  type: 'test'
  ...
# Subtest: Session: mergeConversationMessages sorts by created time
ok 620 - Session: mergeConversationMessages sorts by created time
  ---
  duration_ms: 1.6407
  type: 'test'
  ...
# Subtest: Session: mergeConversationMessages uses signature matching
ok 621 - Session: mergeConversationMessages uses signature matching
  ---
  duration_ms: 4.4587
  type: 'test'
  ...
# Subtest: Session: getMessageSignature generates stable signatures
ok 622 - Session: getMessageSignature generates stable signatures
  ---
  duration_ms: 6.3388
  type: 'test'
  ...
# Subtest: Session: getMessageSignaturesForMerge generates multiple signatures
ok 623 - Session: getMessageSignaturesForMerge generates multiple signatures
  ---
  duration_ms: 1.5607
  type: 'test'
  ...
# Subtest: Session: getAssistantContentAliasSignature generates alias for activity messages
ok 624 - Session: getAssistantContentAliasSignature generates alias for activity messages
  ---
  duration_ms: 3.7326
  type: 'test'
  ...
# Subtest: Session: mergeSubagentArray merges subagents by ID
ok 625 - Session: mergeSubagentArray merges subagents by ID
  ---
  duration_ms: 0.7985
  type: 'test'
  ...
# Subtest: Session: normalizeSessionId validates and normalizes session IDs
ok 626 - Session: normalizeSessionId validates and normalizes session IDs
  ---
  duration_ms: 0.9823
  type: 'test'
  ...
# Subtest: Session: getSessionCreatedTime extracts created time safely
ok 627 - Session: getSessionCreatedTime extracts created time safely
  ---
  duration_ms: 1.1715
  type: 'test'
  ...
# Subtest: Session: feature has comprehensive test coverage
ok 628 - Session: feature has comprehensive test coverage
  ---
  duration_ms: 0.9813
  type: 'test'
  ...
# Subtest: system reminder messages are not filtered out in history processing
ok 629 - system reminder messages are not filtered out in history processing
  ---
  duration_ms: 4.6603
  type: 'test'
  ...
# Subtest: system reminder messages are converted to system role in webview
ok 630 - system reminder messages are converted to system role in webview
  ---
  duration_ms: 1.1398
  type: 'test'
  ...
# Subtest: system role messages are rendered with SystemMessage component
ok 631 - system role messages are rendered with SystemMessage component
  ---
  duration_ms: 0.8372
  type: 'test'
  ...
# Subtest: all system reminder patterns are correctly detected
ok 632 - all system reminder patterns are correctly detected
  ---
  duration_ms: 1.8304
  type: 'test'
  ...
# Subtest: complete system message flow: from history to rendering
ok 633 - complete system message flow: from history to rendering
  ---
  duration_ms: 1.9915
  type: 'test'
  ...
# Subtest: system messages are not treated as assistant messages
ok 634 - system messages are not treated as assistant messages
  ---
  duration_ms: 0.7987
  type: 'test'
  ...
# Subtest: system message patterns are consistently detected across backend and frontend
ok 635 - system message patterns are consistently detected across backend and frontend
  ---
  duration_ms: 0.7138
  type: 'test'
  ...
# file:///E:/Projects/vscode-opencode/tests/integration/timeout-recovery.test.mjs:302
# });
# ^
# SyntaxError: Unexpected token '}'
#     at compileSourceTextModule (node:internal/modules/esm/utils:346:16)
#     at ModuleLoader.moduleStrategy (node:internal/modules/esm/translators:107:18)
#     at \#translate (node:internal/modules/esm/loader:546:20)
#     at afterLoad (node:internal/modules/esm/loader:596:29)
#     at ModuleLoader.loadAndTranslate (node:internal/modules/esm/loader:601:12)
#     at \#createModuleJob (node:internal/modules/esm/loader:624:36)
#     at \#getJobFromResolveResult (node:internal/modules/esm/loader:343:34)
#     at ModuleLoader.getModuleJobForImport (node:internal/modules/esm/loader:311:41)
#     at async onImport.tracePromise.__proto__ (node:internal/modules/esm/loader:664:25)
# Node.js v22.21.1
# Subtest: tests\\integration\\timeout-recovery.test.mjs
not ok 36 - tests\\integration\\timeout-recovery.test.mjs
  ---
  duration_ms: 357.6473
  type: 'test'
  location: 'E:\\Projects\\vscode-opencode\\tests\\integration\\timeout-recovery.test.mjs:1:1'
  failureType: 'testCodeFailure'
  exitCode: 1
  signal: ~
  error: 'test failed'
  code: 'ERR_TEST_FAILURE'
  ...
# file:///E:/Projects/vscode-opencode/tests/integration/timeout-scenarios.test.mjs:235
# });
# ^
# SyntaxError: Unexpected token '}'
#     at compileSourceTextModule (node:internal/modules/esm/utils:346:16)
#     at ModuleLoader.moduleStrategy (node:internal/modules/esm/translators:107:18)
#     at \#translate (node:internal/modules/esm/loader:546:20)
#     at afterLoad (node:internal/modules/esm/loader:596:29)
#     at ModuleLoader.loadAndTranslate (node:internal/modules/esm/loader:601:12)
#     at \#createModuleJob (node:internal/modules/esm/loader:624:36)
#     at \#getJobFromResolveResult (node:internal/modules/esm/loader:343:34)
#     at ModuleLoader.getModuleJobForImport (node:internal/modules/esm/loader:311:41)
#     at async onImport.tracePromise.__proto__ (node:internal/modules/esm/loader:664:25)
# Node.js v22.21.1
# Subtest: tests\\integration\\timeout-scenarios.test.mjs
not ok 37 - tests\\integration\\timeout-scenarios.test.mjs
  ---
  duration_ms: 313.5591
  type: 'test'
  location: 'E:\\Projects\\vscode-opencode\\tests\\integration\\timeout-scenarios.test.mjs:1:1'
  failureType: 'testCodeFailure'
  exitCode: 1
  signal: ~
  error: 'test failed'
  code: 'ERR_TEST_FAILURE'
  ...
# Subtest: VS Code API acquisition implements robust singleton pattern
ok 638 - VS Code API acquisition implements robust singleton pattern
  ---
  duration_ms: 2.7795
  type: 'test'
  ...
# Subtest: VS Code API lib exports the singleton instance
not ok 639 - VS Code API lib exports the singleton instance
  ---
  duration_ms: 3.5596
  type: 'test'
  location: 'E:\\Projects\\vscode-opencode\\tests\\integration\\vscode-api.test.mjs:22:1'
  failureType: 'testCodeFailure'
  error: 'vscode lib should initialize instance via helper'
  code: 'ERR_ASSERTION'
  name: 'AssertionError'
  expected:
  actual: |-
    declare function acquireVsCodeApi(): {
      postMessage(msg: unknown): void;
      getState(): unknown;
      setState(state: unknown): void;
    };
    
    import logger from './logger';
    
    function getVsCodeApi() {
      // Reuse on window to avoid multiple acquisitions which throw in VS Code
      // @ts-expect-error - augmenting global for webview runtime
      if ((window as any).__vscode_api) return (window as any).__vscode_api;
      try {
        // @ts-expect-error - acquireVsCodeApi provided by VS Code
        (window as any).__vscode_api = acquireVsCodeApi();
      } catch (e) {
        // ignore - if already acquired, it should be on window.__vscode_api
      }
      return (window as any).__vscode_api;
    }
    
    const rawVscodeApi = getVsCodeApi();
    
    // Wrap postMessage to add logging
    const vscode = {
      postMessage: (msg: unknown) => {
        logger.debug('Sending message to extension', {
          type: (msg as { type?: string })?.type,
          messageType: typeof msg,
          hasData: msg !== null && msg !== undefined,
        });
        try {
          rawVscodeApi.postMessage(msg);
          logger.debug('Message sent successfully');
        } catch (error) {
          logger.error('Error sending message', { error: String(error) });
          throw error;
        }
      },
      getState: () => rawVscodeApi.getState(),
      setState: (state: unknown) => rawVscodeApi.setState(state),
    };
    
    export default vscode;
    
  operator: 'match'
  stack: |-
    TestContext.<anonymous> (file:///E:/Projects/vscode-opencode/tests/integration/vscode-api.test.mjs:23:10)
    Test.runInAsyncScope (node:async_hooks:214:14)
    Test.run (node:internal/test_runner/test:1047:25)
    Test.processPendingSubtests (node:internal/test_runner/test:744:18)
    Test.postRun (node:internal/test_runner/test:1173:19)
    Test.run (node:internal/test_runner/test:1101:12)
    async startSubtestAfterBootstrap (node:internal/test_runner/harness:296:3)
  ...
# Subtest: ChatViewProvider UI Logging
    # Subtest: should log user-initiated message sends
    ok 1 - should log user-initiated message sends
      ---
      duration_ms: 2.1411
      type: 'test'
      ...
    # Subtest: should log session switching with context
    ok 2 - should log session switching with context
      ---
      duration_ms: 0.9054
      type: 'test'
      ...
    # Subtest: should log mode changes
    ok 3 - should log mode changes
      ---
      duration_ms: 0.5308
      type: 'test'
      ...
    1..3
ok 640 - ChatViewProvider UI Logging
  ---
  duration_ms: 10.2145
  type: 'suite'
  ...
# (node:13148) [MODULE_TYPELESS_PACKAGE_JSON] Warning: Module type of file:///E:/Projects/vscode-opencode/src/providers/ConfigFilesProvider.ts is not specified and it doesn't parse as CommonJS.
# Reparsing as ES module because module syntax was detected. This incurs a performance overhead.
# To eliminate this warning, add "type": "module" to E:\\Projects\\vscode-opencode\\package.json.
# (Use `node --trace-warnings ...` to show where the warning was created)
# Subtest: ConfigFilesProvider
    # Subtest: should scan directory and return JSON/JSONC files
    ok 1 - should scan directory and return JSON/JSONC files
      ---
      duration_ms: 171.4347
      type: 'test'
      ...
    # Subtest: should filter out node_modules and .bak files
    ok 2 - should filter out node_modules and .bak files
      ---
      duration_ms: 38.5874
      type: 'test'
      ...
    # Subtest: should sort files alphabetically
    ok 3 - should sort files alphabetically
      ---
      duration_ms: 23.1371
      type: 'test'
      ...
    # Subtest: should include file metadata
    ok 4 - should include file metadata
      ---
      duration_ms: 15.6303
      type: 'test'
      ...
    # Subtest: should save file with backup
    ok 5 - should save file with backup
      ---
      duration_ms: 22.27
      type: 'test'
      ...
    # Subtest: should validate JSON before saving
    ok 6 - should validate JSON before saving
      ---
      duration_ms: 6.2773
      type: 'test'
      ...
    # Subtest: should return config directory
    ok 7 - should return config directory
      ---
      duration_ms: 1.4739
      type: 'test'
      ...
    # Subtest: should use default config directory when none provided
    ok 8 - should use default config directory when none provided
      ---
      duration_ms: 1.7099
      type: 'test'
      ...
    1..8
ok 641 - ConfigFilesProvider
  ---
  duration_ms: 340.3709
  type: 'suite'
  ...
# Subtest: Auto-Attach feature implements debouncing for performance
ok 642 - Auto-Attach feature implements debouncing for performance
  ---
  duration_ms: 4.5114
  type: 'test'
  ...
# Subtest: Auto-Attach feature prevents excessive webview calls
ok 643 - Auto-Attach feature prevents excessive webview calls
  ---
  duration_ms: 0.6957
  type: 'test'
  ...
# Subtest: Auto-Attach feature implements proper cleanup
ok 644 - Auto-Attach feature implements proper cleanup
  ---
  duration_ms: 1.1789
  type: 'test'
  ...
# Subtest: Auto-Attach feature maintains original functionality
not ok 645 - Auto-Attach feature maintains original functionality
  ---
  duration_ms: 2.3316
  type: 'test'
  location: 'E:\\Projects\\vscode-opencode\\tests\\providers\\extension-auto-attach-debounce.test.mjs:68:1'
  failureType: 'testCodeFailure'
  error: 'Should get primary selection'
  code: 'ERR_ASSERTION'
  name: 'AssertionError'
  expected:
  actual: |-
    /**
     * VSCode OpenCode Extension - Main Entry Point
     *
     * This extension provides AI-powered coding assistance with implementation planning capabilities.
     * It integrates with the OpenCode CLI server to provide chat-based code assistance, session
     * management, and interactive implementation plan execution.
     *
     * **Architecture Overview:**
     * - Extension Layer (this file): Command registration and lifecycle management
     * - Service Layer: Server management, session persistence, message streaming
     * - Provider Layer: WebView UI components for chat, plans, and status display
     *
     * **Initialization Order:**
     * 1. OpencodeServerManager - Starts/manages the OpenCode CLI server process
     * 2. SessionService - Handles session persistence and state synchronization
     * 3. StatusBarProvider - Shows connection status in VSCode status bar
     * 4. ChatViewProvider - Main chat interface webview
     *
     * **Command Registration Pattern:**
     * All commands are registered via context.subscriptions.push() to ensure proper cleanup
     * on extension deactivation. Commands follow the pattern: opencode.<commandName>
     *
     * @module extension
     * @see README.md for extension usage documentation
     */
    
    import * as vscode from "vscode";
    import * as cp from "child_process";
    import { OpencodeServerManager } from "./services/OpencodeServerManager";
    import { SessionService } from "./services/SessionService";
    import { ChatViewProvider } from "./providers/ChatViewProvider";
    import { ModelCapabilitiesService } from "./services/ModelCapabilitiesService";
    import { StatusBarProvider } from "./providers/StatusBarProvider";
    import { PlanViewProvider } from "./providers/PlanViewProvider";
    import { DiffReviewProvider } from "./providers/DiffReviewProvider";
    import { ConfigFilesProvider, type ConfigFile } from "./providers/ConfigFilesProvider";
    import { SkillManagementService } from "./services/SkillManagementService";
    import { SkillsPanelProvider } from "./providers/SkillsPanelProvider";
    import { createLogger, logger } from "./utils/Logger";
    import { LoggingCategories } from "./utils/LoggingSchema";
    
    const log = createLogger(LoggingCategories.EXTENSION);
    //  * Global service instances.
    //  *
    //  * These are module-level variables to allow command handlers to access services.
    //  * Services are initialized during activation and disposed during deactivation.
    //  *
    //  * @see activate for initialization logic
    //  * @see deactivate for cleanup logic
    //  */
    let serverManager: OpencodeServerManager;
    let sessionService: SessionService;
    let chatViewProvider: ChatViewProvider;
    let statusBarProvider: StatusBarProvider;
    let skillManagementService: SkillManagementService;
    
    /**
     * Activates the OpenCode VSCode extension.
     *
     * This is the main entry point called by VSCode when the extension is activated.
     * It initializes all core services, registers commands, and sets up the UI.
     *
     * **Service Initialization Order (Important - Services have dependencies):**
     * 1. OpencodeServerManager - Must be first (starts server, other services depend on it)
     * 2. SessionService - Depends on OpencodeServerManager for server client
     * 3. StatusBarProvider - Depends on OpencodeServerManager for status events
     * 4. ChatViewProvider - Depends on both OpencodeServerManager and SessionService
     *
     * **Error Handling Strategy:**
     * - Logs activation failures to console for debugging
     * - Shows user-facing error message via VSCode API
     * - Does not throw; ensures extension degrades gracefully
     * - Extension remains partially functional if some services fail
     *
     * **Command Registration:**
     * All commands are registered with context.subscriptions to ensure proper
     * cleanup on deactivation. Each command handler is documented with its own
     * block comment explaining its purpose and behavior.
     *
     * **Configuration:**
     * Respects the following VSCode settings:
     * - `opencode.serverPort`: Port number for server connection (0 = auto-detect)
     * - `opencode.autoStart`: Whether to start server on activation (default: true)
     *
     * @param context - VSCode extension context providing subscriptions, storage, and URIs
     * @returns Promise that resolves when activation completes or rejects on critical failure
     *
     * @example
     * ```typescript
     * // Called automatically by VSCode extension host
     * await activate(context);
     * // Extension is now ready to handle user interactions
     * ```
     *
     * @see OpencodeServerManager for server lifecycle management
     * @see SessionService for session persistence strategy
     * @see ChatViewProvider for webview communication protocol
     *
     * @extensionGuide ADDING A NEW COMMAND
     * To add a new command:
     * 1. Add command to package.json contributes.commands section
     * 2. Register in this activate() function using context.subscriptions.push()
     * 3. Implement async handler function
     * 4. Update README.md with command description
     * 5. Add keyboard shortcut in package.json keybindings if needed
     */
    export async function activate(context: vscode.ExtensionContext) {
      log.info("OpenCode extension activating", { version: context.extension.packageJSON.version });
    
      try {
        // ============================================================================
        // PHASE 1: Initialize Core Services
        // ============================================================================
        // Services are initialized in dependency order. Each service receives the
        // context for VSCode API access and any services it depends on.
    
        serverManager = new OpencodeServerManager(context);
        sessionService = new SessionService(context, serverManager);
        statusBarProvider = new StatusBarProvider(serverManager);
        skillManagementService = new SkillManagementService(context);
        await skillManagementService.initialize();
    
        context.subscriptions.push(
          serverManager.onStatusChange(() => {
            statusBarProvider.updateStatus();
          }),
        );
    
        // ============================================================================
        // PHASE 2: Register WebView Providers
        // ============================================================================
        // WebView providers provide the UI for the extension. They must be registered
        // with VSCode before commands that use them can be invoked.
    
        const modelCapabilitiesService = new ModelCapabilitiesService();
    
        chatViewProvider = new ChatViewProvider(
          context,
          serverManager,
          sessionService,
          modelCapabilitiesService,
        );
        context.subscriptions.push(
          vscode.window.registerWebviewViewProvider(
            "opencode.chatView",
            chatViewProvider,
          ),
        );
    
        // Register skills panel provider
        const skillsPanelProvider = new SkillsPanelProvider(context.extensionUri, skillManagementService, serverManager);
        context.subscriptions.push(
          vscode.window.registerWebviewViewProvider(
            "opencode.skillsPanel",
            skillsPanelProvider,
          ),
        );
    
        // ============================================================================
        // Config Files Provider Setup
        // ============================================================================
        const configFilesProvider = new ConfigFilesProvider();
    
        context.subscriptions.push(
          vscode.commands.registerCommand('opencode.getConfigFiles', async () => {
            try {
              const files = await configFilesProvider.scanFiles();
              return { success: true, files };
            } catch (error) {
              const errorMsg = error instanceof Error ? error.message : 'Unknown error';
              vscode.window.showErrorMessage(`Failed to scan config files: ${errorMsg}`);
              return { success: false, error: errorMsg, files: [] };
            }
          })
        );
    
        context.subscriptions.push(
          vscode.commands.registerCommand('opencode.saveConfigFile', async (filePath: string, content: string) => {
            try {
              const result = await configFilesProvider.saveFile(filePath, content);
              if (!result.success) {
                vscode.window.showErrorMessage(`Failed to save: ${result.error}`);
              }
              return result;
            } catch (error) {
              const errorMsg = error instanceof Error ? error.message : 'Unknown error';
              vscode.window.showErrorMessage(`Failed to save config file: ${errorMsg}`);
              return { success: false, error: errorMsg };
            }
          })
        );
    
        // ============================================================================
        // Auto-Attach Highlighted Text Feature (with debouncing)
        // ============================================================================
        // Debounce timer to prevent excessive calls during rapid text selection changes
        let selectionChangeTimer: NodeJS.Timeout | undefined;
    
        context.subscriptions.push(
          vscode.window.onDidChangeTextEditorSelection((event) => {
            // Clear any pending update
            if (selectionChangeTimer) {
              clearTimeout(selectionChangeTimer);
            }
    
            // Debounce: Wait 150ms after the last selection change before processing
            // This prevents performance issues when the user is rapidly selecting text
            selectionChangeTimer = setTimeout(async () => {
              const editor = event.textEditor;
              const selection = event.selections?.[0]; // Take primary selection
    
              if (!selection || selection.isEmpty) {
                // Tell webview to clear auto context
                await chatViewProvider.clearAutoContext();
                return;
              }
    
              const selectedText = editor.document.getText(selection).trim();
              if (!selectedText) {
                await chatViewProvider.clearAutoContext();
                return;
              }
    
              const fileName = vscode.workspace.asRelativePath(editor.document.uri);
              const startLine = selection.start.line + 1;
              const endLine = selection.end.line + 1;
              const lineInfo =
                startLine === endLine ? `${startLine}` : `${startLine}-${endLine}`;
    
              await chatViewProvider.autoAddContext({
                file: fileName,
                lineInfo: lineInfo,
                content: selectedText,
                languageId: editor.document.languageId,
              });
            }, 150); // 150ms debounce delay
          }),
        );
    
        // Clean up timer on disposal
        context.subscriptions.push({
          dispose: () => {
            if (selectionChangeTimer) {
              clearTimeout(selectionChangeTimer);
            }
          },
        });
    
        // ============================================================================
        // PHASE 3: Register Commands
        // ============================================================================
        // Commands are registered with context.subscriptions for automatic cleanup.
        // Each command handler is documented below with its purpose and behavior.
    
        // ============================================================================
        // COMMAND: opencode.focus
        // ============================================================================
        // Purpose: Focus the chat view in the sidebar
        // Parameters: None
        // Side Effects: Opens the sidebar and focuses the chat interface
        // Error Handling: None (delegates to VSCode command execution)
        // Keyboard Shortcut: None by default (can be configured in keybindings)
        // ============================================================================
        context.subscriptions.push(
          vscode.commands.registerCommand("opencode.focus", async () => {
            await vscode.commands.executeCommand("opencode.chatView.focus");
          }),
        );
    
        // ============================================================================
        // COMMAND: opencode.newSession
        // ============================================================================
        // Purpose: Create a new chat session and switch to it
        // Parameters: None
        // Side Effects:
        //   - Creates new session via SessionService
        //   - Switches chat view to new session
        //   - Focuses the chat view
        // Error Handling:
        //   - SessionService handles creation errors
        //   - User sees error if creation fails
        // Usage: Called from keyboard shortcut, command palette, or UI
        // ============================================================================
        context.subscriptions.push(
          vscode.commands.registerCommand("opencode.newSession", async () => {
            await sessionService.createNewSession();
            await vscode.commands.executeCommand("opencode.chatView.focus");
          }),
        );
    
        // ============================================================================
        // COMMAND: opencode.sendSelection
        // ============================================================================
        // Purpose: Send selected code (or current line) to chat as context
        // Parameters: None (extracted from active text editor)
        // Side Effects:
        //   - Opens chat view
        //   - Adds file context with selection to current session
        //   - Focuses chat input
        // Behavior:
        //   - If text is selected: Sends the selection
        //   - If no selection: Sends the current line
        //   - Includes file path and line numbers
        //   - Detects language for syntax highlighting
        // Error Handling:
        //   - Shows warning if no active editor
        //   - Shows warning if selection is empty
        // Usage: Right-click context menu, command palette, or keyboard shortcut
        // Integration: Adds context via ChatViewProvider.addContext()
        // ============================================================================
        context.subscriptions.push(
          vscode.commands.registerCommand("opencode.sendSelection", async () => {
            const editor = vscode.window.activeTextEditor;
            if (!editor) {
              vscode.window.showWarningMessage("No active editor");
              return;
            }
    
            let selection = editor.document.getText(editor.selection);
            if (!selection) {
              // If no selection, get the current line
              const position = editor.selection.active;
              const line = editor.document.lineAt(position.line);
              selection = line.text;
            }
    
            if (!selection || selection.trim().length === 0) {
              vscode.window.showWarningMessage("No text to send");
              return;
            }
    
            const fileName = vscode.workspace.asRelativePath(editor.document.uri);
            const startLine = editor.selection.start.line + 1;
            const endLine = editor.selection.end.line + 1;
            const lineInfo =
              startLine === endLine ? `${startLine}` : `${startLine}-${endLine}`;
    
            await chatViewProvider.addContext({
              file: fileName,
              lineInfo: lineInfo,
              content: selection,
              languageId: editor.document.languageId,
            });
            await vscode.commands.executeCommand("opencode.chatView.focus");
          }),
        );
    
        // ============================================================================
        // COMMAND: opencode.insertFileReference
        // ============================================================================
        // Purpose: Insert a file reference at cursor position (not yet implemented)
        // Parameters: None
        // Side Effects: None currently (shows info message)
        // Status: PLANNED - Will open file picker with fuzzy search
        // TODO: Implement fuzzy file search picker dialog
        // Extension Point: To implement, create QuickPick with workspace files
        // ============================================================================
        context.subscriptions.push(
          vscode.commands.registerCommand(
            "opencode.insertFileReference",
            async () => {
              // TODO: Implement file picker with fuzzy search
              // 1. Get all workspace files
              // 2. Show QuickPick with fuzzy filtering
              // 3. Insert selected file path at active cursor position
              vscode.window.showInformationMessage(
                "File reference picker coming soon!",
              );
            },
          ),
        );
    
        // ============================================================================
        // COMMAND: opencode.showPlan
        // ============================================================================
        // Purpose: Display an implementation plan in a dedicated webview panel
        // Parameters:
        //   - content: string - The markdown content of the plan to display
        // Side Effects:
        //   - Opens new webview panel with plan content
        //   - Renders plan with interactive checkboxes for steps
        //   - Provides "Proceed to Implementation" button
        // Usage: Called from plan detection in ChatViewProvider or manually
        // Integration: Uses PlanViewProvider.show() for rendering
        // ============================================================================
        context.subscriptions.push(
          vscode.commands.registerCommand(
            "opencode.showPlan",
            async (payload: string | { content?: string; title?: string; sourceFile?: string }) => {
              PlanViewProvider.show(context, payload);
            },
          ),
        );
    
        // ============================================================================
        // COMMAND: opencode.showDiffReview
        // ============================================================================
        // Purpose: Display a diff review panel for reviewing file changes
        // Parameters:
        //   - data: DiffData - The diff data containing changed files
        // Side Effects:
        //   - Opens new webview panel with diff content
        //   - Provides per-file Approve/Reject buttons
        // Usage: Called after AI generates code changes
        // Integration: Uses DiffReviewProvider.show() for rendering
        // ============================================================================
        context.subscriptions.push(
          vscode.commands.registerCommand(
            "opencode.showDiffReview",
            async (data) => {
              DiffReviewProvider.show(context.extensionUri, data);
            },
          ),
        );
    
        // ============================================================================
        // COMMAND: opencode.executePlan
        // ============================================================================
        // Purpose: Execute an implementation plan by sending it to the AI
        // Parameters:
        //   - planContent: string - The markdown content of the plan to execute
        // Side Effects:
        //   - Populates chat input with implementation request
        //   - Focuses chat view for user to send
        //   - Does NOT auto-send (requires user confirmation)
        // Usage: Called from PlanViewProvider "Proceed to Implementation" button
        // Flow:
        //   1. PlanViewProvider sends plan content
        //   2. Command creates prompt asking AI to implement
        //   3. Prompt is added to chat input (not auto-sent)
        //   4. User reviews and sends manually
        // Error Handling: Shows error if chat view unavailable
        // TODO: Consider adding auto-send option with user preference
        // ============================================================================
        context.subscriptions.push(
          vscode.commands.registerCommand(
            "opencode.executePlan",
            async (planContent: string) => {
              if (chatViewProvider) {
                await chatViewProvider.handlePlanProceed({
                  rawPlan: typeof planContent === "string" ? planContent : "",
                  comments: [],
                });
              } else {
                vscode.window.showErrorMessage("Chat view is not available.");
              }
            },
          ),
        );
    
        context.subscriptions.push(
          vscode.commands.registerCommand(
            "opencode.planProceed",
            async (payload: {
              rawPlan: string;
              comments: Array<{
                id: string;
                anchor: {
                  startLine: number;
                  endLine: number;
                  selectedText: string;
                };
                text: string;
                createdAt: number;
              }>;
              sourceFile?: string;
            }) => {
              await chatViewProvider.handlePlanProceed(payload);
            },
          ),
        );
    
        // Register skill installer commands
        context.subscriptions.push(
          vscode.commands.registerCommand("opencode.installSkill", async () => {
            if (chatViewProvider) {
              await chatViewProvider.showSkillInstaller();
            }
          }),
    
          vscode.commands.registerCommand("opencode.openMySkills", async () => {
            if (chatViewProvider) {
              await chatViewProvider.openMySkills();
            }
          }),
    
          vscode.commands.registerCommand("opencode.refreshSkills", async () => {
            if (chatViewProvider) {
              await chatViewProvider.refreshSkills();
            }
          }),
        );
    
        // ============================================================================
        // Skills Management Commands
        // ============================================================================
        context.subscriptions.push(
          vscode.commands.registerCommand("opencode.restartServer", async () => {
            // Kill existing server processes
            cp.exec('taskkill //F //IM opencode.exe', (error: any) => {
              if (error && !error.message.includes('not found')) {
                log.error('Failed to kill server', {}, error);
              }
              // Server will auto-restart on next command
              vscode.window.showInformationMessage('OpenCode server will restart on next message');
            });
          }),
        );
    
    
    
        // ============================================================================
        // PHASE 4: Auto-Start Server (Optional)
        // ============================================================================
        // If configured, start the OpenCode server automatically. This allows the
        // extension to be ready for use immediately without requiring the user to
        // manually start the server.
    
        const config = vscode.workspace.getConfiguration("opencode");
        if (config.get("autoStart", true)) {
          await serverManager.ensureRunning();
        }
    
        log.info("OpenCode extension activated successfully");
      } catch (error) {
        log.error(
          "Extension activation failed",
          { error },
          error instanceof Error ? error : undefined,
        );
      }
    }
    
    /**
     * Deactivates the OpenCode extension.
     *
     * This function is called by VSCode when the extension is deactivated, which
     * occurs when:
     * - VSCode is shutting down
     * - The extension is disabled or uninstalled
     * - The extension host is being reloaded
     *
     * **Cleanup Strategy:**
     * - Disposes of the server manager (stops server process if auto-started)
     * - Disposes of status bar provider (removes status indicators)
     * - Other disposables are handled via context.subscriptions
     *
     * **What Gets Cleaned Up:**
     * 1. OpencodeServerManager: Stops server process, closes connections
     * 2. StatusBarProvider: Removes status bar items
     * 3. WebView providers: Automatically cleaned up by VSCode via subscriptions
     * 4. Commands: Automatically unregistered by VSCode via subscriptions
     *
     * **What Gets Preserved:**
     * - Session history: Stored in VSCode globalState (persists across restarts)
     * - User settings: Stored in VSCode settings
     * - Implementation plans: Saved as workspace files
     *
     * **Graceful Degradation:**
     * This function does not throw errors. Cleanup failures are logged but do not
     * prevent VSCode from shutting down cleanly.
     *
     * @see activate for the corresponding initialization function
     * @see OpencodeServerManager.dispose for server cleanup details
     */
    export async function deactivate(): Promise<void> {
      log.info("Extension deactivating");
    
      try {
        if (chatViewProvider) {
          chatViewProvider.dispose();
        }
      } catch (error) {
        log.warn("Failed to dispose ChatViewProvider", { error });
      }
    
      try {
        if (skillManagementService) {
          skillManagementService.dispose();
        }
      } catch (error) {
        log.warn("Failed to dispose SkillManagementService", { error });
      }
    
      try {
        if (statusBarProvider) {
          statusBarProvider.dispose();
        }
      } catch (error) {
        log.warn("Failed to dispose StatusBarProvider", { error });
      }
    
      try {
        if (serverManager) {
          serverManager.dispose();
        }
      } catch (error) {
        log.warn("Failed to dispose ServerManager", { error });
      }
    
      log.info("OpenCode extension deactivated");
      log.info("Extension deactivated successfully");
      await logger.dispose();
    }
    
  operator: 'match'
  stack: |-
    TestContext.<anonymous> (file:///E:/Projects/vscode-opencode/tests/providers/extension-auto-attach-debounce.test.mjs:72:10)
    Test.runInAsyncScope (node:async_hooks:214:14)
    Test.run (node:internal/test_runner/test:1047:25)
    Test.processPendingSubtests (node:internal/test_runner/test:744:18)
    Test.postRun (node:internal/test_runner/test:1173:19)
    Test.run (node:internal/test_runner/test:1101:12)
    async Test.processPendingSubtests (node:internal/test_runner/test:744:7)
  ...
# Subtest: Auto-Attach feature performance optimization summary
ok 646 - Auto-Attach feature performance optimization summary
  ---
  duration_ms: 1.0833
  type: 'test'
  ...
# Subtest: Auto-Attach feature prevents performance issues during rapid selection
ok 647 - Auto-Attach feature prevents performance issues during rapid selection
  ---
  duration_ms: 0.9477
  type: 'test'
  ...
# Subtest: Auto-Attach feature debouncing reduces call frequency
ok 648 - Auto-Attach feature debouncing reduces call frequency
  ---
  duration_ms: 1.3514
  type: 'test'
  ...
# Subtest: HistoryProcessor hasRenderableHistoryPayload checks assistant messages with parts FIRST
ok 649 - HistoryProcessor hasRenderableHistoryPayload checks assistant messages with parts FIRST
  ---
  duration_ms: 4.9986
  type: 'test'
  ...
# Subtest: HistoryProcessor preserves assistant messages with parts even without text
ok 650 - HistoryProcessor preserves assistant messages with parts even without text
  ---
  duration_ms: 1.3628
  type: 'test'
  ...
# Subtest: HistoryProcessor hasRenderableHistoryPayload includes all payload checks
ok 651 - HistoryProcessor hasRenderableHistoryPayload includes all payload checks
  ---
  duration_ms: 1.8601
  type: 'test'
  ...
# Subtest: HistoryProcessor processHistoryMessages filters by isRenderableHistoryMessage
ok 652 - HistoryProcessor processHistoryMessages filters by isRenderableHistoryMessage
  ---
  duration_ms: 0.6919
  type: 'test'
  ...
# Subtest: HistoryProcessor preserves question-type messages during hydration
ok 653 - HistoryProcessor preserves question-type messages during hydration
  ---
  duration_ms: 0.7873
  type: 'test'
  ...
# Subtest: HistoryProcessor applies session overrides before processing
ok 654 - HistoryProcessor applies session overrides before processing
  ---
  duration_ms: 0.5076
  type: 'test'
  ...
# Subtest: HistoryProcessor deduplicates and merges messages correctly
ok 655 - HistoryProcessor deduplicates and merges messages correctly
  ---
  duration_ms: 1.3285
  type: 'test'
  ...
# Subtest: ModelAndAgentManager imports LoggingCategories
ok 656 - ModelAndAgentManager imports LoggingCategories
  ---
  duration_ms: 3.5787
  type: 'test'
  ...
# Subtest: setSelectedModel logs model selection changes with state change logging
ok 657 - setSelectedModel logs model selection changes with state change logging
  ---
  duration_ms: 0.9998
  type: 'test'
  ...
# Subtest: setSelectedModel uses feature flow tracking with correlation ID
ok 658 - setSelectedModel uses feature flow tracking with correlation ID
  ---
  duration_ms: 1.4019
  type: 'test'
  ...
# Subtest: handleGetModels logs model fetch operations with timing
ok 659 - handleGetModels logs model fetch operations with timing
  ---
  duration_ms: 1.1952
  type: 'test'
  ...
# Subtest: handleGetModels uses feature flow tracking with steps
ok 660 - handleGetModels uses feature flow tracking with steps
  ---
  duration_ms: 1.7775
  type: 'test'
  ...
# Subtest: handleGetAgents logs agent fetch operations
ok 661 - handleGetAgents logs agent fetch operations
  ---
  duration_ms: 1.0292
  type: 'test'
  ...
# Subtest: ModelAndAgentManager uses LoggingCategories for all log calls
not ok 662 - ModelAndAgentManager uses LoggingCategories for all log calls
  ---
  duration_ms: 4.2781
  type: 'test'
  location: 'E:\\Projects\\vscode-opencode\\tests\\providers\\model-agent-manager-logging.test.mjs:76:1'
  failureType: 'testCodeFailure'
  error: 'ModelAndAgentManager should use LoggingCategories.MODEL_AGENT_MANAGER for log calls'
  code: 'ERR_ASSERTION'
  name: 'AssertionError'
  expected:
  actual: |-
    
    
    /* FILE: E:\Projects\vscode-opencode\src\providers\chat\ModelAndAgentManager.ts */
    
    /**
     * ModelAndAgentManager Module
     *
     * Model discovery, selection persistence, agent management, thinking level, commands catalog.
     *
     * Extracted from ChatViewProvider.ts (~500 lines)
     */
    
    import * as vscode from "vscode";
    import * as cp from "child_process";
    import * as util from "util";
    import type { OpencodeServerManager } from "../../services/OpencodeServerManager";
    import type { ModelCapabilitiesService } from "../../services/ModelCapabilitiesService";
    import type { Command as SdkCommand } from "@opencode-ai/sdk" with { "resolution-mode": "import" };
    import type { ChatModelOption, ChatSlashCommand, SessionSettings } from "./types";
    import { LoggingCategories } from "../../utils/LoggingSchema";
    
    export class ModelAndAgentManager {
      private selectedModel: { providerID: string; modelID: string; providerName?: string };
      private availableModels: ChatModelOption[] = [];
      private selectedAgent?: string;
      private modelsFetchPromise: Promise<ChatModelOption[]> | null = null;
      private commandCatalog: ChatSlashCommand[] = [];
      private commandCatalogFetchedAt = 0;
      private readonly COMMAND_CATALOG_TTL_MS = 5 * 60 * 1000; // 5 minutes
      private commandCatalogFetchPromise: Promise<ChatSlashCommand[]> | null = null;
    
      constructor(
        private globalState: vscode.Memento,
        private serverManager: OpencodeServerManager,
        private modelCapabilitiesService: ModelCapabilitiesService,
        private logger: ReturnType<typeof import("../../utils/Logger").createLogger>,
        private asRecord: (value: unknown) => Record<string, unknown> | undefined,
        private firstNonEmptyString: (...values: unknown[]) => string | undefined,
      ) {
        this.selectedModel = globalState.get("selectedModel") || {
          providerID: "opencode",
          modelID: "big-pickle",
        };
        this.postMessage = () => { };
      }
    
      private postMessage: (msg: any) => void;
    
      setPostMessage(fn: (msg: any) => void): void {
        this.postMessage = fn;
      }
    
      /**
       * Get selected model
       */
      getSelectedModel(): { providerID: string; modelID: string; providerName?: string } {
        return this.selectedModel;
      }
    
      /**
       * Set selected model
       */
      async setSelectedModel(model: { providerID: string; modelID: string; providerName?: string }): Promise<void> {
        const correlationId = this.logger.startFeatureFlow('model-selection', {
          providerId: model.providerID,
          modelId: model.modelID,
        });
    
        try {
          this.logger.featureStep(correlationId, 'validate-model', { model });
    
          this.logger.logStateChange(
            'selectedModel',
            this.selectedModel,
            model,
            'user-selection'
          );
    
          this.selectedModel = model;
          await this.globalState.update("selectedModel", model);
    
          this.logger.featureStep(correlationId, 'persist-selection', { model });
    
          this.logger.info('Model selected', {
            providerId: model.providerID,
            modelId: model.modelID,
            providerName: model.providerName,
          });
    
          this.logger.endFeatureFlow(correlationId, { success: true });
        } catch (error) {
          this.logger.error(
            'Failed to set selected model',
            { correlationId, model },
            error as Error
          );
          this.logger.endFeatureFlow(correlationId, { success: false, error: String(error) });
          throw error;
        }
      }
    
      /**
       * Get selected agent
       */
      getSelectedAgent(): string | undefined {
        return this.selectedAgent;
      }
    
      /**
       * Set selected agent
       */
      setSelectedAgent(agent: string | undefined): void {
        this.selectedAgent = agent;
      }
    
      /**
       * Get available models
       */
      getAvailableModels(): ChatModelOption[] {
        return this.availableModels;
      }
    
      /**
       * Handle get models request
       */
      async handleGetModels(): Promise<ChatModelOption[]> {
        const correlationId = this.logger.startFeatureFlow('fetch-models');
        const startTime = Date.now();
    
        if (this.modelsFetchPromise) {
          this.logger.debug('Using cached models fetch', {
            correlationId,
          });
          return this.modelsFetchPromise;
        }
    
        this.modelsFetchPromise = (async () => {
          this.logger.featureStep(correlationId, 'ensure-server-running');
    
          try {
            const client = await this.serverManager.ensureRunning();
    
            this.logger.featureStep(correlationId, 'fetch-provider-list');
    
            const providerListTimeoutMs = 8000;
            let timeoutHandle: NodeJS.Timeout | undefined;
            const timeoutPromise = new Promise<never>((_, reject) => {
              const scheduleDelay = Reflect.get(globalThis, "set" + "Timeout") as
                | ((callback: () => void, delay?: number) => unknown)
                | undefined;
              if (typeof scheduleDelay !== "function") {
                reject(new Error("Provider list timeout"));
                return;
              }
              timeoutHandle = scheduleDelay(
                () => reject(new Error("Provider list timeout")),
                providerListTimeoutMs,
              ) as NodeJS.Timeout;
            });
    
            const response = (await Promise.race([
              client.provider.list(),
              timeoutPromise,
            ])) as any;
            if (timeoutHandle) {
              clearTimeout(timeoutHandle);
            }
    
            const models: ChatModelOption[] = [];
            if (response?.data && Array.isArray(response.data.all)) {
              for (const provider of response.data.all) {
                if (provider?.models) {
                  for (const [modelID, modelConfig] of Object.entries(provider.models)) {
                    const limitRec = this.asRecord((modelConfig as any).limit);
                    const contextLimitRaw = limitRec?.context;
                    const contextLimit =
                      typeof contextLimitRaw === "number" &&
                        Number.isFinite(contextLimitRaw) &&
                        contextLimitRaw > 0
                        ? Math.floor(contextLimitRaw)
                        : undefined;
                    models.push({
                      providerID: provider.id,
                      modelID: modelID,
                      name: (modelConfig as any).name || modelID,
                      providerName: provider.name || provider.id,
                      contextLimit,
                    });
                  }
                }
              }
            }
    
            if (models.length > 0) {
              this.logger.info("Discovered models across all providers", {
                count: models.length,
              });
              this.availableModels = models;
              await this.resolveDefaultModel(models);
    
              this.postMessage({
                type: "modelsList",
                models,
                selectedModel: this.selectedModel,
              });
    
              const duration = Date.now() - startTime;
              this.logger.performance('fetch-models', duration, {
                modelCount: models.length,
                providers: Array.from(new Set(models.map(m => m.providerName))),
              });
    
              this.logger.info('Models fetched successfully', {
                correlationId,
                count: models.length,
                duration,
              });
    
              this.logger.endFeatureFlow(correlationId, {
                success: true,
                modelCount: models.length,
              });
    
              return models;
            }
          } catch (error) {
            this.modelsFetchPromise = null;
    
            this.logger.error(
              'Failed to fetch models',
              { correlationId },
              error as Error
            );
    
            this.logger.endFeatureFlow(correlationId, {
              success: false,
              error: String(error),
            });
    
            this.logger.error("Failed to get models", {}, error as Error);
          }
    
          const cachedModels = Array.isArray(this.availableModels) ? this.availableModels : [];
          const fallbackModels = cachedModels.length > 0 ? cachedModels : this.getSelectedModelFallbackList();
          this.availableModels = fallbackModels;
    
          if (fallbackModels.length === 0) {
            this.logger.warn("No provider models discovered");
          } else {
            this.logger.warn("Using fallback models", {
              count: fallbackModels.length,
            });
          }
    
          this.postMessage({
            type: "modelsList",
            models: fallbackModels,
            selectedModel: this.selectedModel,
          });
    
          this.logger.endFeatureFlow(correlationId, {
            success: true,
            fallbackUsed: true,
            modelCount: fallbackModels.length,
          });
    
          return fallbackModels;
        })();
    
        try {
          return await this.modelsFetchPromise;
        } finally {
          this.modelsFetchPromise = null;
        }
      }
    
      /**
       * Get selected model fallback list
       */
      getSelectedModelFallbackList(): ChatModelOption[] {
        const selected = this.selectedModel;
        if (!selected || typeof selected !== "object") {
          return [];
        }
    
        const providerID = this.firstNonEmptyString(selected.providerID);
        const modelID = this.firstNonEmptyString(selected.modelID);
        if (!providerID || !modelID) {
          return [];
        }
    
        return [
          {
            providerID,
            modelID,
            name: modelID,
            providerName: this.firstNonEmptyString(selected.providerName) || providerID,
          },
        ];
      }
    
      /**
       * Reconcile selected model selection
       */
      async reconcileSelectedModelSelection(models: ChatModelOption[]): Promise<void> {
        if (!models.length) return;
    
        const exact = models.find(
          (m) =>
            m.providerID === this.selectedModel.providerID &&
            m.modelID === this.selectedModel.modelID,
        );
        if (exact) {
          const nextProviderName = exact.providerName || exact.providerID;
          if (this.selectedModel.providerName !== nextProviderName) {
            this.selectedModel = {
              ...this.selectedModel,
              providerName: nextProviderName,
            };
            await this.globalState.update("selectedModel", this.selectedModel);
          }
          return;
        }
    
        const isLegacyGenericProvider =
          !this.selectedModel.providerID ||
          this.selectedModel.providerID === "opencode";
        if (!isLegacyGenericProvider) {
          this.logger.warn("Persisted model not found in provider catalog", {
            providerId: this.selectedModel.providerID,
            modelId: this.selectedModel.modelID,
          });
          return;
        }
    
        const candidates = models.filter((m) => m.modelID === this.selectedModel.modelID);
        if (candidates.length === 1) {
          const match = candidates[0];
          this.selectedModel = {
            providerID: match.providerID,
            modelID: match.modelID,
            providerName: match.providerName || match.providerID,
          };
          await this.globalState.update("selectedModel", this.selectedModel);
          this.logger.info("Reconciled legacy model selection", {
            providerId: this.selectedModel.providerID,
            modelId: this.selectedModel.modelID,
          });
          return;
        }
    
        if (candidates.length > 1) {
          this.logger.warn("Ambiguous modelID across multiple providers", {
            modelId: this.selectedModel.modelID,
            candidateCount: candidates.length,
          });
        }
      }
    
      /**
       * Resolve default model from CLI config
       */
      async resolveDefaultModel(models: ChatModelOption[]): Promise<void> {
        const savedModel = this.globalState.get<{
          providerID: string;
          modelID: string;
        }>("selectedModel");
    
        if (
          savedModel &&
          this.selectedModel.modelID === savedModel.modelID &&
          this.selectedModel.providerID === savedModel.providerID &&
          (this.selectedModel.modelID !== "big-pickle" ||
            this.selectedModel.providerID !== "opencode")
        ) {
          return;
        }
    
        if (
          this.selectedModel.modelID !== "big-pickle" ||
          this.selectedModel.providerID !== "opencode"
        ) {
          return;
        }
    
        try {
          const execAsync = util.promisify(cp.exec);
          const { stdout } = await execAsync("opencode config get default_model");
          const defaultId = stdout.trim();
    
          if (defaultId) {
            this.logger.debug("Found CLI default model", {
              defaultId,
            });
            const providerModelMatch = defaultId.match(/^([^/:\s]+)[/:](.+)$/);
            let match: ChatModelOption | undefined;
    
            if (providerModelMatch) {
              const providerRef = providerModelMatch[1].trim();
              const modelRef = providerModelMatch[2].trim();
              match = models.find(
                (m) =>
                  m.providerID === providerRef &&
                  (m.modelID === modelRef || m.name === modelRef),
              );
              if (!match) {
                match = models.find(
                  (m) =>
                    (m.providerName || "").toLowerCase() === providerRef.toLowerCase() &&
                    (m.modelID === modelRef || m.name === modelRef),
                );
              }
            }
    
            if (match) {
              this.selectedModel = {
                modelID: match.modelID,
                providerID: match.providerID,
                providerName: match.providerName || match.providerID,
              };
              await this.globalState.update("selectedModel", this.selectedModel);
              this.logger.info("Synced default model from CLI", {
                modelId: match.modelID,
                providerId: match.providerID,
              });
            } else {
              this.logger.warn("Could not uniquely resolve CLI default model", {
                defaultId,
              });
            }
          }
        } catch (error) {
          this.logger.warn("Failed to resolve default model from CLI", {
            error: error instanceof Error ? error.message : String(error),
          });
        }
      }
    
      /**
       * Handle get agents request
       */
      async handleGetAgents(): Promise<void> {
        const correlationId = this.logger.startFeatureFlow('fetch-agents');
    
        // Hidden system agents that run automatically and are not user-selectable.
        const HIDDEN_SYSTEM_AGENTS = new Set(["compaction", "title", "summary"]);
    
        // Default built-in primary agents that must always appear in the list.
        // The SDK's app.agents() endpoint only returns plugin-registered agents
        // (e.g. oh-my-opencode) and does not enumerate the built-in ones, so we
        // ensure they are always present by merging them in manually.
        const BUILTIN_AGENTS: Array<{
          id: string;
          name: string;
          description: string;
          mode: "primary" | "subagent" | "all";
          builtIn: boolean;
        }> = [
            {
              id: "build",
              name: "Build",
              description: "Default agent for development work with all tools enabled",
              mode: "primary",
              builtIn: true,
            },
            {
              id: "plan",
              name: "Plan",
              description: "Restricted agent for planning and analysis without making changes",
              mode: "primary",
              builtIn: true,
            },
          ];
    
        try {
          this.logger.featureStep(correlationId, 'ensure-server-running');
    
          const client = await this.serverManager.ensureRunning();
    
          // Check if the SDK supports agent listing
          if (!client || typeof (client as any).app?.agents !== 'function') {
            this.logger.warn('Agent discovery not available in current SDK', {
              correlationId,
            });
            // Fallback to built-in agents
            this.postMessage({
              type: "agentsList",
              agents: BUILTIN_AGENTS,
              selectedAgent: this.selectedAgent || "build",
            });
    
            this.logger.endFeatureFlow(correlationId, {
              success: true,
              fallbackUsed: true,
              agentCount: BUILTIN_AGENTS.length,
            });
    
            return;
          }
    
          this.logger.featureStep(correlationId, 'fetch-agent-list');
    
          const response = await (client as any).app.agents();
    
          if (response?.data && Array.isArray(response.data)) {
            const sdkAgents: Array<{
              id: string;
              name: string;
              description: string;
              mode: "subagent" | "primary" | "all";
              builtIn: boolean;
              color?: string;
            }> = response.data
              .filter((agent: any) => {
                const mode = agent.mode as string;
                // Only expose agents that can be selected as a primary agent.
                return (
                  (mode === "primary" || mode === "all") &&
                  !HIDDEN_SYSTEM_AGENTS.has(agent.name as string)
                );
              })
              .map((agent: any) => {
                const id = agent.name as string;
                const displayName = id.charAt(0).toUpperCase() + id.slice(1);
                return {
                  id,
                  name: displayName,
                  description:
                    (agent.description as string | undefined) ??
                    `OpenCode ${displayName} agent`,
                  mode: agent.mode as "subagent" | "primary" | "all",
                  builtIn: agent.builtIn as boolean,
                  color: agent.color as string | undefined,
                };
              });
    
            // Prepend any built-in agents that the SDK did not return, so the
            // user always sees build + plan even when only plugin agents come back.
            // SDK results take precedence when names overlap (respecting config overrides).
            const sdkIds = new Set(sdkAgents.map((a) => a.id));
            const agents = [
              ...BUILTIN_AGENTS.filter((a) => !sdkIds.has(a.id)),
              ...sdkAgents,
            ];
    
            // Set a sensible default if none has been chosen yet.
            if (!this.selectedAgent && agents.length > 0) {
              this.selectedAgent = agents[0].id;
            }
    
            this.logger.debug("Fetched agents via SDK", {
              sdkAgentCount: sdkAgents.length,
              totalAgentCount: agents.length,
              builtinAgentCount: BUILTIN_AGENTS.length,
            });
    
            this.logger.info('Agents fetched successfully', {
              correlationId,
              count: agents.length,
              sdkAgents: sdkAgents.length,
              builtinAgents: BUILTIN_AGENTS.length,
            });
    
            this.postMessage({
              type: "agentsList",
              agents,
              selectedAgent: this.selectedAgent,
            });
    
            this.logger.endFeatureFlow(correlationId, {
              success: true,
              agentCount: agents.length,
            });
    
            return;
          }
        } catch (error) {
          this.logger.error(
            'Failed to fetch agents',
            { correlationId },
            error as Error
          );
    
          this.logger.endFeatureFlow(correlationId, {
            success: false,
            error: String(error),
          });
        }
    
        // Fallback: send only the guaranteed built-in primary agents.
        this.postMessage({
          type: "agentsList",
          agents: BUILTIN_AGENTS,
          selectedAgent: this.selectedAgent || "build",
        });
    
        this.logger.endFeatureFlow(correlationId, {
          success: true,
          fallbackUsed: true,
          agentCount: BUILTIN_AGENTS.length,
        });
      }
    
      /**
       * Handle get commands request
       */
      async handleGetCommands(): Promise<void> {
        this.logger.warn("⚠️ [PERF] handleGetCommands disabled temporarily");
        this.postMessage({
          type: "commandsList",
          commands: [],
        });
      }
    
      /**
       * Load command catalog
       */
      async loadCommandCatalog(forceRefresh = false): Promise<ChatSlashCommand[]> {
        const cacheIsFresh =
          !forceRefresh &&
          this.commandCatalog.length > 0 &&
          Date.now() - this.commandCatalogFetchedAt < this.COMMAND_CATALOG_TTL_MS;
        if (cacheIsFresh) {
          return this.commandCatalog;
        }
    
        if (this.commandCatalogFetchPromise) {
          return this.commandCatalogFetchPromise;
        }
    
        if (this.commandCatalog.length > 0 && !forceRefresh) {
          this.commandCatalogFetchPromise = (async () => {
            try {
              const client = await this.serverManager.ensureRunning();
              const response = await client.command.list();
              const rawItems = Array.isArray(response.data) ? response.data : [];
              const commands: ChatSlashCommand[] = rawItems
                .map((item) => this.normalizeSlashCommand(item))
                .filter((item): item is ChatSlashCommand => !!item)
                .sort((a, b) => a.name.localeCompare(b.name));
    
              this.commandCatalog = commands;
              this.commandCatalogFetchedAt = Date.now();
              return commands;
            } finally {
              this.commandCatalogFetchPromise = null;
            }
          })();
    
          return this.commandCatalog;
        }
    
        this.commandCatalogFetchPromise = (async () => {
          const client = await this.serverManager.ensureRunning();
          const response = await client.command.list();
          const rawItems = Array.isArray(response.data) ? response.data : [];
          const commands: ChatSlashCommand[] = rawItems
            .map((item) => this.normalizeSlashCommand(item))
            .filter((item): item is ChatSlashCommand => !!item)
            .sort((a, b) => a.name.localeCompare(b.name));
    
          this.commandCatalog = commands;
          this.commandCatalogFetchedAt = Date.now();
          return commands;
        })();
    
        try {
          return await this.commandCatalogFetchPromise;
        } finally {
          this.commandCatalogFetchPromise = null;
        }
      }
    
      /**
       * Normalize slash command
       */
      normalizeSlashCommand(item: SdkCommand | unknown): ChatSlashCommand | null {
        const rec = this.asRecord(item);
        if (!rec) {
          return null;
        }
    
        const rawName = this.firstNonEmptyString(rec.name);
        if (!rawName) {
          return null;
        }
    
        const name = rawName.replace(/^\//, "");
        if (!name) {
          return null;
        }
    
        return {
          name,
          description: this.firstNonEmptyString(rec.description),
          agent: this.firstNonEmptyString(rec.agent),
          model: this.firstNonEmptyString(rec.model),
          template: this.firstNonEmptyString(rec.template),
          source: this.firstNonEmptyString(rec.source),
          subtask: typeof rec.subtask === "boolean" ? rec.subtask : undefined,
        };
      }
    
      /**
       * Get session settings map
       */
      getSessionSettingsMap(): Record<string, SessionSettings> {
        return this.globalState.get<Record<string, SessionSettings>>("sessionSettings") ?? {};
      }
    
      /**
       * Get session settings
       */
      getSessionSettings(sessionId: string): SessionSettings {
        return this.getSessionSettingsMap()[sessionId] ?? {};
      }
    
      /**
       * Persist session settings
       */
      async persistSessionSettings(
        sessionId: string,
        partial: Partial<SessionSettings>,
      ): Promise<void> {
        const map = this.getSessionSettingsMap();
        map[sessionId] = { ...map[sessionId], ...partial };
        await this.globalState.update("sessionSettings", map);
      }
    
      /**
       * Apply session settings
       */
      async applySessionSettings(sessionId: string): Promise<void> {
        const settings = this.getSessionSettings(sessionId);
        if (settings.agent) {
          this.selectedAgent = settings.agent;
          this.logger.debug("Restored agent for session", {
            sessionId,
            agent: settings.agent,
          });
        }
        if (settings.model?.providerID && settings.model?.modelID) {
          this.selectedModel = settings.model;
          this.logger.debug("Restored model for session", {
            sessionId,
            modelId: settings.model.modelID,
            providerId: settings.model.providerID,
          });
        }
      }
    
      /**
       * Migrate session settings
       */
      migrateSessionSettings(oldSessionId: string, newSessionId: string): void {
        if (!oldSessionId || !newSessionId || oldSessionId === newSessionId) {
          return;
        }
        const map = this.getSessionSettingsMap();
        const oldSettings = map[oldSessionId];
        if (!oldSettings) {
          return;
        }
        map[newSessionId] = { ...oldSettings, ...map[newSessionId] };
        void this.globalState.update("sessionSettings", map);
      }
    
      /**
       * Resolve prompt variant
       */
      async resolvePromptVariant(sessionId: string): Promise<string | undefined> {
        const savedLevel =
          this.getSessionSettings(sessionId).thinkingLevel ??
          this.globalState.get<string>("thinkingLevel");
        if (!savedLevel) return undefined;
    
        const normalizedLevel = savedLevel.toLowerCase().trim();
        if (!normalizedLevel) return undefined;
    
        const { providerID, modelID } = this.selectedModel;
        const capability = await this.modelCapabilitiesService.getCapabilities(providerID, modelID);
    
        if (!capability || !capability.reasoning) return undefined;
    
        if (providerID === 'anthropic' && normalizedLevel === 'high') return 'max';
        return normalizedLevel;
      }
    }
    
  operator: 'match'
  stack: |-
    TestContext.<anonymous> (file:///E:/Projects/vscode-opencode/tests/providers/model-agent-manager-logging.test.mjs:78:10)
    Test.runInAsyncScope (node:async_hooks:214:14)
    Test.run (node:internal/test_runner/test:1047:25)
    Test.processPendingSubtests (node:internal/test_runner/test:744:18)
    Test.postRun (node:internal/test_runner/test:1173:19)
    Test.run (node:internal/test_runner/test:1101:12)
    async Test.processPendingSubtests (node:internal/test_runner/test:744:7)
  ...
# Subtest: ModelAndAgentManager logs errors with proper context
not ok 663 - ModelAndAgentManager logs errors with proper context
  ---
  duration_ms: 2.3065
  type: 'test'
  location: 'E:\\Projects\\vscode-opencode\\tests\\providers\\model-agent-manager-logging.test.mjs:85:1'
  failureType: 'testCodeFailure'
  error: 'ModelAndAgentManager should log errors with proper context using LoggingCategories'
  code: 'ERR_ASSERTION'
  name: 'AssertionError'
  expected:
  actual: |-
    
    
    /* FILE: E:\Projects\vscode-opencode\src\providers\chat\ModelAndAgentManager.ts */
    
    /**
     * ModelAndAgentManager Module
     *
     * Model discovery, selection persistence, agent management, thinking level, commands catalog.
     *
     * Extracted from ChatViewProvider.ts (~500 lines)
     */
    
    import * as vscode from "vscode";
    import * as cp from "child_process";
    import * as util from "util";
    import type { OpencodeServerManager } from "../../services/OpencodeServerManager";
    import type { ModelCapabilitiesService } from "../../services/ModelCapabilitiesService";
    import type { Command as SdkCommand } from "@opencode-ai/sdk" with { "resolution-mode": "import" };
    import type { ChatModelOption, ChatSlashCommand, SessionSettings } from "./types";
    import { LoggingCategories } from "../../utils/LoggingSchema";
    
    export class ModelAndAgentManager {
      private selectedModel: { providerID: string; modelID: string; providerName?: string };
      private availableModels: ChatModelOption[] = [];
      private selectedAgent?: string;
      private modelsFetchPromise: Promise<ChatModelOption[]> | null = null;
      private commandCatalog: ChatSlashCommand[] = [];
      private commandCatalogFetchedAt = 0;
      private readonly COMMAND_CATALOG_TTL_MS = 5 * 60 * 1000; // 5 minutes
      private commandCatalogFetchPromise: Promise<ChatSlashCommand[]> | null = null;
    
      constructor(
        private globalState: vscode.Memento,
        private serverManager: OpencodeServerManager,
        private modelCapabilitiesService: ModelCapabilitiesService,
        private logger: ReturnType<typeof import("../../utils/Logger").createLogger>,
        private asRecord: (value: unknown) => Record<string, unknown> | undefined,
        private firstNonEmptyString: (...values: unknown[]) => string | undefined,
      ) {
        this.selectedModel = globalState.get("selectedModel") || {
          providerID: "opencode",
          modelID: "big-pickle",
        };
        this.postMessage = () => { };
      }
    
      private postMessage: (msg: any) => void;
    
      setPostMessage(fn: (msg: any) => void): void {
        this.postMessage = fn;
      }
    
      /**
       * Get selected model
       */
      getSelectedModel(): { providerID: string; modelID: string; providerName?: string } {
        return this.selectedModel;
      }
    
      /**
       * Set selected model
       */
      async setSelectedModel(model: { providerID: string; modelID: string; providerName?: string }): Promise<void> {
        const correlationId = this.logger.startFeatureFlow('model-selection', {
          providerId: model.providerID,
          modelId: model.modelID,
        });
    
        try {
          this.logger.featureStep(correlationId, 'validate-model', { model });
    
          this.logger.logStateChange(
            'selectedModel',
            this.selectedModel,
            model,
            'user-selection'
          );
    
          this.selectedModel = model;
          await this.globalState.update("selectedModel", model);
    
          this.logger.featureStep(correlationId, 'persist-selection', { model });
    
          this.logger.info('Model selected', {
            providerId: model.providerID,
            modelId: model.modelID,
            providerName: model.providerName,
          });
    
          this.logger.endFeatureFlow(correlationId, { success: true });
        } catch (error) {
          this.logger.error(
            'Failed to set selected model',
            { correlationId, model },
            error as Error
          );
          this.logger.endFeatureFlow(correlationId, { success: false, error: String(error) });
          throw error;
        }
      }
    
      /**
       * Get selected agent
       */
      getSelectedAgent(): string | undefined {
        return this.selectedAgent;
      }
    
      /**
       * Set selected agent
       */
      setSelectedAgent(agent: string | undefined): void {
        this.selectedAgent = agent;
      }
    
      /**
       * Get available models
       */
      getAvailableModels(): ChatModelOption[] {
        return this.availableModels;
      }
    
      /**
       * Handle get models request
       */
      async handleGetModels(): Promise<ChatModelOption[]> {
        const correlationId = this.logger.startFeatureFlow('fetch-models');
        const startTime = Date.now();
    
        if (this.modelsFetchPromise) {
          this.logger.debug('Using cached models fetch', {
            correlationId,
          });
          return this.modelsFetchPromise;
        }
    
        this.modelsFetchPromise = (async () => {
          this.logger.featureStep(correlationId, 'ensure-server-running');
    
          try {
            const client = await this.serverManager.ensureRunning();
    
            this.logger.featureStep(correlationId, 'fetch-provider-list');
    
            const providerListTimeoutMs = 8000;
            let timeoutHandle: NodeJS.Timeout | undefined;
            const timeoutPromise = new Promise<never>((_, reject) => {
              const scheduleDelay = Reflect.get(globalThis, "set" + "Timeout") as
                | ((callback: () => void, delay?: number) => unknown)
                | undefined;
              if (typeof scheduleDelay !== "function") {
                reject(new Error("Provider list timeout"));
                return;
              }
              timeoutHandle = scheduleDelay(
                () => reject(new Error("Provider list timeout")),
                providerListTimeoutMs,
              ) as NodeJS.Timeout;
            });
    
            const response = (await Promise.race([
              client.provider.list(),
              timeoutPromise,
            ])) as any;
            if (timeoutHandle) {
              clearTimeout(timeoutHandle);
            }
    
            const models: ChatModelOption[] = [];
            if (response?.data && Array.isArray(response.data.all)) {
              for (const provider of response.data.all) {
                if (provider?.models) {
                  for (const [modelID, modelConfig] of Object.entries(provider.models)) {
                    const limitRec = this.asRecord((modelConfig as any).limit);
                    const contextLimitRaw = limitRec?.context;
                    const contextLimit =
                      typeof contextLimitRaw === "number" &&
                        Number.isFinite(contextLimitRaw) &&
                        contextLimitRaw > 0
                        ? Math.floor(contextLimitRaw)
                        : undefined;
                    models.push({
                      providerID: provider.id,
                      modelID: modelID,
                      name: (modelConfig as any).name || modelID,
                      providerName: provider.name || provider.id,
                      contextLimit,
                    });
                  }
                }
              }
            }
    
            if (models.length > 0) {
              this.logger.info("Discovered models across all providers", {
                count: models.length,
              });
              this.availableModels = models;
              await this.resolveDefaultModel(models);
    
              this.postMessage({
                type: "modelsList",
                models,
                selectedModel: this.selectedModel,
              });
    
              const duration = Date.now() - startTime;
              this.logger.performance('fetch-models', duration, {
                modelCount: models.length,
                providers: Array.from(new Set(models.map(m => m.providerName))),
              });
    
              this.logger.info('Models fetched successfully', {
                correlationId,
                count: models.length,
                duration,
              });
    
              this.logger.endFeatureFlow(correlationId, {
                success: true,
                modelCount: models.length,
              });
    
              return models;
            }
          } catch (error) {
            this.modelsFetchPromise = null;
    
            this.logger.error(
              'Failed to fetch models',
              { correlationId },
              error as Error
            );
    
            this.logger.endFeatureFlow(correlationId, {
              success: false,
              error: String(error),
            });
    
            this.logger.error("Failed to get models", {}, error as Error);
          }
    
          const cachedModels = Array.isArray(this.availableModels) ? this.availableModels : [];
          const fallbackModels = cachedModels.length > 0 ? cachedModels : this.getSelectedModelFallbackList();
          this.availableModels = fallbackModels;
    
          if (fallbackModels.length === 0) {
            this.logger.warn("No provider models discovered");
          } else {
            this.logger.warn("Using fallback models", {
              count: fallbackModels.length,
            });
          }
    
          this.postMessage({
            type: "modelsList",
            models: fallbackModels,
            selectedModel: this.selectedModel,
          });
    
          this.logger.endFeatureFlow(correlationId, {
            success: true,
            fallbackUsed: true,
            modelCount: fallbackModels.length,
          });
    
          return fallbackModels;
        })();
    
        try {
          return await this.modelsFetchPromise;
        } finally {
          this.modelsFetchPromise = null;
        }
      }
    
      /**
       * Get selected model fallback list
       */
      getSelectedModelFallbackList(): ChatModelOption[] {
        const selected = this.selectedModel;
        if (!selected || typeof selected !== "object") {
          return [];
        }
    
        const providerID = this.firstNonEmptyString(selected.providerID);
        const modelID = this.firstNonEmptyString(selected.modelID);
        if (!providerID || !modelID) {
          return [];
        }
    
        return [
          {
            providerID,
            modelID,
            name: modelID,
            providerName: this.firstNonEmptyString(selected.providerName) || providerID,
          },
        ];
      }
    
      /**
       * Reconcile selected model selection
       */
      async reconcileSelectedModelSelection(models: ChatModelOption[]): Promise<void> {
        if (!models.length) return;
    
        const exact = models.find(
          (m) =>
            m.providerID === this.selectedModel.providerID &&
            m.modelID === this.selectedModel.modelID,
        );
        if (exact) {
          const nextProviderName = exact.providerName || exact.providerID;
          if (this.selectedModel.providerName !== nextProviderName) {
            this.selectedModel = {
              ...this.selectedModel,
              providerName: nextProviderName,
            };
            await this.globalState.update("selectedModel", this.selectedModel);
          }
          return;
        }
    
        const isLegacyGenericProvider =
          !this.selectedModel.providerID ||
          this.selectedModel.providerID === "opencode";
        if (!isLegacyGenericProvider) {
          this.logger.warn("Persisted model not found in provider catalog", {
            providerId: this.selectedModel.providerID,
            modelId: this.selectedModel.modelID,
          });
          return;
        }
    
        const candidates = models.filter((m) => m.modelID === this.selectedModel.modelID);
        if (candidates.length === 1) {
          const match = candidates[0];
          this.selectedModel = {
            providerID: match.providerID,
            modelID: match.modelID,
            providerName: match.providerName || match.providerID,
          };
          await this.globalState.update("selectedModel", this.selectedModel);
          this.logger.info("Reconciled legacy model selection", {
            providerId: this.selectedModel.providerID,
            modelId: this.selectedModel.modelID,
          });
          return;
        }
    
        if (candidates.length > 1) {
          this.logger.warn("Ambiguous modelID across multiple providers", {
            modelId: this.selectedModel.modelID,
            candidateCount: candidates.length,
          });
        }
      }
    
      /**
       * Resolve default model from CLI config
       */
      async resolveDefaultModel(models: ChatModelOption[]): Promise<void> {
        const savedModel = this.globalState.get<{
          providerID: string;
          modelID: string;
        }>("selectedModel");
    
        if (
          savedModel &&
          this.selectedModel.modelID === savedModel.modelID &&
          this.selectedModel.providerID === savedModel.providerID &&
          (this.selectedModel.modelID !== "big-pickle" ||
            this.selectedModel.providerID !== "opencode")
        ) {
          return;
        }
    
        if (
          this.selectedModel.modelID !== "big-pickle" ||
          this.selectedModel.providerID !== "opencode"
        ) {
          return;
        }
    
        try {
          const execAsync = util.promisify(cp.exec);
          const { stdout } = await execAsync("opencode config get default_model");
          const defaultId = stdout.trim();
    
          if (defaultId) {
            this.logger.debug("Found CLI default model", {
              defaultId,
            });
            const providerModelMatch = defaultId.match(/^([^/:\s]+)[/:](.+)$/);
            let match: ChatModelOption | undefined;
    
            if (providerModelMatch) {
              const providerRef = providerModelMatch[1].trim();
              const modelRef = providerModelMatch[2].trim();
              match = models.find(
                (m) =>
                  m.providerID === providerRef &&
                  (m.modelID === modelRef || m.name === modelRef),
              );
              if (!match) {
                match = models.find(
                  (m) =>
                    (m.providerName || "").toLowerCase() === providerRef.toLowerCase() &&
                    (m.modelID === modelRef || m.name === modelRef),
                );
              }
            }
    
            if (match) {
              this.selectedModel = {
                modelID: match.modelID,
                providerID: match.providerID,
                providerName: match.providerName || match.providerID,
              };
              await this.globalState.update("selectedModel", this.selectedModel);
              this.logger.info("Synced default model from CLI", {
                modelId: match.modelID,
                providerId: match.providerID,
              });
            } else {
              this.logger.warn("Could not uniquely resolve CLI default model", {
                defaultId,
              });
            }
          }
        } catch (error) {
          this.logger.warn("Failed to resolve default model from CLI", {
            error: error instanceof Error ? error.message : String(error),
          });
        }
      }
    
      /**
       * Handle get agents request
       */
      async handleGetAgents(): Promise<void> {
        const correlationId = this.logger.startFeatureFlow('fetch-agents');
    
        // Hidden system agents that run automatically and are not user-selectable.
        const HIDDEN_SYSTEM_AGENTS = new Set(["compaction", "title", "summary"]);
    
        // Default built-in primary agents that must always appear in the list.
        // The SDK's app.agents() endpoint only returns plugin-registered agents
        // (e.g. oh-my-opencode) and does not enumerate the built-in ones, so we
        // ensure they are always present by merging them in manually.
        const BUILTIN_AGENTS: Array<{
          id: string;
          name: string;
          description: string;
          mode: "primary" | "subagent" | "all";
          builtIn: boolean;
        }> = [
            {
              id: "build",
              name: "Build",
              description: "Default agent for development work with all tools enabled",
              mode: "primary",
              builtIn: true,
            },
            {
              id: "plan",
              name: "Plan",
              description: "Restricted agent for planning and analysis without making changes",
              mode: "primary",
              builtIn: true,
            },
          ];
    
        try {
          this.logger.featureStep(correlationId, 'ensure-server-running');
    
          const client = await this.serverManager.ensureRunning();
    
          // Check if the SDK supports agent listing
          if (!client || typeof (client as any).app?.agents !== 'function') {
            this.logger.warn('Agent discovery not available in current SDK', {
              correlationId,
            });
            // Fallback to built-in agents
            this.postMessage({
              type: "agentsList",
              agents: BUILTIN_AGENTS,
              selectedAgent: this.selectedAgent || "build",
            });
    
            this.logger.endFeatureFlow(correlationId, {
              success: true,
              fallbackUsed: true,
              agentCount: BUILTIN_AGENTS.length,
            });
    
            return;
          }
    
          this.logger.featureStep(correlationId, 'fetch-agent-list');
    
          const response = await (client as any).app.agents();
    
          if (response?.data && Array.isArray(response.data)) {
            const sdkAgents: Array<{
              id: string;
              name: string;
              description: string;
              mode: "subagent" | "primary" | "all";
              builtIn: boolean;
              color?: string;
            }> = response.data
              .filter((agent: any) => {
                const mode = agent.mode as string;
                // Only expose agents that can be selected as a primary agent.
                return (
                  (mode === "primary" || mode === "all") &&
                  !HIDDEN_SYSTEM_AGENTS.has(agent.name as string)
                );
              })
              .map((agent: any) => {
                const id = agent.name as string;
                const displayName = id.charAt(0).toUpperCase() + id.slice(1);
                return {
                  id,
                  name: displayName,
                  description:
                    (agent.description as string | undefined) ??
                    `OpenCode ${displayName} agent`,
                  mode: agent.mode as "subagent" | "primary" | "all",
                  builtIn: agent.builtIn as boolean,
                  color: agent.color as string | undefined,
                };
              });
    
            // Prepend any built-in agents that the SDK did not return, so the
            // user always sees build + plan even when only plugin agents come back.
            // SDK results take precedence when names overlap (respecting config overrides).
            const sdkIds = new Set(sdkAgents.map((a) => a.id));
            const agents = [
              ...BUILTIN_AGENTS.filter((a) => !sdkIds.has(a.id)),
              ...sdkAgents,
            ];
    
            // Set a sensible default if none has been chosen yet.
            if (!this.selectedAgent && agents.length > 0) {
              this.selectedAgent = agents[0].id;
            }
    
            this.logger.debug("Fetched agents via SDK", {
              sdkAgentCount: sdkAgents.length,
              totalAgentCount: agents.length,
              builtinAgentCount: BUILTIN_AGENTS.length,
            });
    
            this.logger.info('Agents fetched successfully', {
              correlationId,
              count: agents.length,
              sdkAgents: sdkAgents.length,
              builtinAgents: BUILTIN_AGENTS.length,
            });
    
            this.postMessage({
              type: "agentsList",
              agents,
              selectedAgent: this.selectedAgent,
            });
    
            this.logger.endFeatureFlow(correlationId, {
              success: true,
              agentCount: agents.length,
            });
    
            return;
          }
        } catch (error) {
          this.logger.error(
            'Failed to fetch agents',
            { correlationId },
            error as Error
          );
    
          this.logger.endFeatureFlow(correlationId, {
            success: false,
            error: String(error),
          });
        }
    
        // Fallback: send only the guaranteed built-in primary agents.
        this.postMessage({
          type: "agentsList",
          agents: BUILTIN_AGENTS,
          selectedAgent: this.selectedAgent || "build",
        });
    
        this.logger.endFeatureFlow(correlationId, {
          success: true,
          fallbackUsed: true,
          agentCount: BUILTIN_AGENTS.length,
        });
      }
    
      /**
       * Handle get commands request
       */
      async handleGetCommands(): Promise<void> {
        this.logger.warn("⚠️ [PERF] handleGetCommands disabled temporarily");
        this.postMessage({
          type: "commandsList",
          commands: [],
        });
      }
    
      /**
       * Load command catalog
       */
      async loadCommandCatalog(forceRefresh = false): Promise<ChatSlashCommand[]> {
        const cacheIsFresh =
          !forceRefresh &&
          this.commandCatalog.length > 0 &&
          Date.now() - this.commandCatalogFetchedAt < this.COMMAND_CATALOG_TTL_MS;
        if (cacheIsFresh) {
          return this.commandCatalog;
        }
    
        if (this.commandCatalogFetchPromise) {
          return this.commandCatalogFetchPromise;
        }
    
        if (this.commandCatalog.length > 0 && !forceRefresh) {
          this.commandCatalogFetchPromise = (async () => {
            try {
              const client = await this.serverManager.ensureRunning();
              const response = await client.command.list();
              const rawItems = Array.isArray(response.data) ? response.data : [];
              const commands: ChatSlashCommand[] = rawItems
                .map((item) => this.normalizeSlashCommand(item))
                .filter((item): item is ChatSlashCommand => !!item)
                .sort((a, b) => a.name.localeCompare(b.name));
    
              this.commandCatalog = commands;
              this.commandCatalogFetchedAt = Date.now();
              return commands;
            } finally {
              this.commandCatalogFetchPromise = null;
            }
          })();
    
          return this.commandCatalog;
        }
    
        this.commandCatalogFetchPromise = (async () => {
          const client = await this.serverManager.ensureRunning();
          const response = await client.command.list();
          const rawItems = Array.isArray(response.data) ? response.data : [];
          const commands: ChatSlashCommand[] = rawItems
            .map((item) => this.normalizeSlashCommand(item))
            .filter((item): item is ChatSlashCommand => !!item)
            .sort((a, b) => a.name.localeCompare(b.name));
    
          this.commandCatalog = commands;
          this.commandCatalogFetchedAt = Date.now();
          return commands;
        })();
    
        try {
          return await this.commandCatalogFetchPromise;
        } finally {
          this.commandCatalogFetchPromise = null;
        }
      }
    
      /**
       * Normalize slash command
       */
      normalizeSlashCommand(item: SdkCommand | unknown): ChatSlashCommand | null {
        const rec = this.asRecord(item);
        if (!rec) {
          return null;
        }
    
        const rawName = this.firstNonEmptyString(rec.name);
        if (!rawName) {
          return null;
        }
    
        const name = rawName.replace(/^\//, "");
        if (!name) {
          return null;
        }
    
        return {
          name,
          description: this.firstNonEmptyString(rec.description),
          agent: this.firstNonEmptyString(rec.agent),
          model: this.firstNonEmptyString(rec.model),
          template: this.firstNonEmptyString(rec.template),
          source: this.firstNonEmptyString(rec.source),
          subtask: typeof rec.subtask === "boolean" ? rec.subtask : undefined,
        };
      }
    
      /**
       * Get session settings map
       */
      getSessionSettingsMap(): Record<string, SessionSettings> {
        return this.globalState.get<Record<string, SessionSettings>>("sessionSettings") ?? {};
      }
    
      /**
       * Get session settings
       */
      getSessionSettings(sessionId: string): SessionSettings {
        return this.getSessionSettingsMap()[sessionId] ?? {};
      }
    
      /**
       * Persist session settings
       */
      async persistSessionSettings(
        sessionId: string,
        partial: Partial<SessionSettings>,
      ): Promise<void> {
        const map = this.getSessionSettingsMap();
        map[sessionId] = { ...map[sessionId], ...partial };
        await this.globalState.update("sessionSettings", map);
      }
    
      /**
       * Apply session settings
       */
      async applySessionSettings(sessionId: string): Promise<void> {
        const settings = this.getSessionSettings(sessionId);
        if (settings.agent) {
          this.selectedAgent = settings.agent;
          this.logger.debug("Restored agent for session", {
            sessionId,
            agent: settings.agent,
          });
        }
        if (settings.model?.providerID && settings.model?.modelID) {
          this.selectedModel = settings.model;
          this.logger.debug("Restored model for session", {
            sessionId,
            modelId: settings.model.modelID,
            providerId: settings.model.providerID,
          });
        }
      }
    
      /**
       * Migrate session settings
       */
      migrateSessionSettings(oldSessionId: string, newSessionId: string): void {
        if (!oldSessionId || !newSessionId || oldSessionId === newSessionId) {
          return;
        }
        const map = this.getSessionSettingsMap();
        const oldSettings = map[oldSessionId];
        if (!oldSettings) {
          return;
        }
        map[newSessionId] = { ...oldSettings, ...map[newSessionId] };
        void this.globalState.update("sessionSettings", map);
      }
    
      /**
       * Resolve prompt variant
       */
      async resolvePromptVariant(sessionId: string): Promise<string | undefined> {
        const savedLevel =
          this.getSessionSettings(sessionId).thinkingLevel ??
          this.globalState.get<string>("thinkingLevel");
        if (!savedLevel) return undefined;
    
        const normalizedLevel = savedLevel.toLowerCase().trim();
        if (!normalizedLevel) return undefined;
    
        const { providerID, modelID } = this.selectedModel;
        const capability = await this.modelCapabilitiesService.getCapabilities(providerID, modelID);
    
        if (!capability || !capability.reasoning) return undefined;
    
        if (providerID === 'anthropic' && normalizedLevel === 'high') return 'max';
        return normalizedLevel;
      }
    }
    
  operator: 'match'
  stack: |-
    TestContext.<anonymous> (file:///E:/Projects/vscode-opencode/tests/providers/model-agent-manager-logging.test.mjs:87:10)
    Test.runInAsyncScope (node:async_hooks:214:14)
    Test.run (node:internal/test_runner/test:1047:25)
    Test.processPendingSubtests (node:internal/test_runner/test:744:18)
    Test.postRun (node:internal/test_runner/test:1173:19)
    Test.run (node:internal/test_runner/test:1101:12)
    async Test.processPendingSubtests (node:internal/test_runner/test:744:7)
  ...
# Subtest: Google platform normalization: both "google" and "google-gemini-cli" should map to unified "Google" tab
ok 664 - Google platform normalization: both "google" and "google-gemini-cli" should map to unified "Google" tab
  ---
  duration_ms: 6.7266
  type: 'test'
  ...
# Subtest: Provider tab filtering with unified Google provider works end-to-end
ok 665 - Provider tab filtering with unified Google provider works end-to-end
  ---
  duration_ms: 1.7365
  type: 'test'
  ...
# Subtest: Full visibility of model/agent names on chips by removing truncation constraints
ok 666 - Full visibility of model/agent names on chips by removing truncation constraints
  ---
  duration_ms: 3.1737
  type: 'test'
  ...
# Subtest: No regressions: existing provider normalizations still work (OpenAI, Z.ai, Zhipu, GitHub Copilot)
ok 667 - No regressions: existing provider normalizations still work (OpenAI, Z.ai, Zhipu, GitHub Copilot)
  ---
  duration_ms: 1.4252
  type: 'test'
  ...
# Subtest: should log when prompts are added to queue
ok 668 - should log when prompts are added to queue
  ---
  duration_ms: 7.3125
  type: 'test'
  ...
# Subtest: should log queue execution flow with timing
ok 669 - should log queue execution flow with timing
  ---
  duration_ms: 2.3367
  type: 'test'
  ...
# Subtest: should log queue state changes
ok 670 - should log queue state changes
  ---
  duration_ms: 0.9
  type: 'test'
  ...
# Subtest: should handle empty queue gracefully
not ok 671 - should handle empty queue gracefully
  ---
  duration_ms: 3.8497
  type: 'test'
  location: 'E:\\Projects\\vscode-opencode\\tests\\providers\\queue-manager-logging.test.mjs:85:1'
  failureType: 'testCodeFailure'
  error: 'executeQueue should log debug message for empty queue'
  code: 'ERR_ASSERTION'
  name: 'AssertionError'
  expected:
  actual: |-
    
    
    /* FILE: E:\Projects\vscode-opencode\src\providers\chat\QueueManager.ts */
    
    /**
     * QueueManager Module
     *
     * Prompt queue CRUD, execution lifecycle, and dispatch scheduling.
     *
     * Extracted from ChatViewProvider.ts (~300 lines)
     */
    
    import type { QueuedPrompt } from "./types";
    
    export class QueueManager {
      private queue: QueuedPrompt[] = [];
      private isExecuting = false;
    
      constructor(
        private logger: ReturnType<typeof import("../../utils/Logger").createLogger>,
      ) {
        this.handleSendMessage = async () => { };
        this.handleStopRequest = () => { };
        this.getCurrentSessionId = () => undefined;
        this.postMessage = () => { };
      }
    
      private handleSendMessage: (
        text: string,
        files?: string[],
        contexts?: any[],
        images?: any[],
        agent?: string,
        isRetry?: boolean,
        recoveredContext?: any,
        retryWithoutStructuredOutput?: boolean,
        structuredFallbackReason?: string,
        userFacingText?: string,
      ) => Promise<void>;
      private handleStopRequest: () => void;
      private getCurrentSessionId: () => string | undefined;
      private postMessage: (msg: any) => void;
    
      setHandleSendMessage(
        fn: (
          text: string,
          files?: string[],
          contexts?: any[],
          images?: any[],
          agent?: string,
          isRetry?: boolean,
          recoveredContext?: any,
          retryWithoutStructuredOutput?: boolean,
          structuredFallbackReason?: string,
          userFacingText?: string,
        ) => Promise<void>,
      ): void {
        this.handleSendMessage = fn;
      }
    
      setHandleStopRequest(fn: () => void): void {
        this.handleStopRequest = fn;
      }
    
      setGetCurrentSessionId(fn: () => string | undefined): void {
        this.getCurrentSessionId = fn;
      }
    
      setPostMessage(fn: (msg: any) => void): void {
        this.postMessage = fn;
      }
    
      /**
       * Add prompt to queue with logging
       */
      addToQueue(prompt: QueuedPrompt): void {
        const correlationId = this.logger.startFeatureFlow('add-to-queue', {
          promptId: prompt.id,
          sessionId: prompt.sessionId,
        });
    
        this.queue.push(prompt);
    
        this.logger.logStateChange(
          'queue-size',
          this.queue.length - 1,
          this.queue.length,
          'add-to-queue'
        );
    
        this.logger.info('Prompt added to queue', {
          correlationId,
          promptId: prompt.id,
          queuePosition: this.queue.length,
          text: prompt.text.slice(0, 100),
        });
    
        this.logger.endFeatureFlow(correlationId, {
          success: true,
          queueSize: this.queue.length,
        });
      }
    
      /**
       * Add prompt to queue and optionally prioritize it to the front.
       */
      enqueuePrompt(prompt: QueuedPrompt, atFront = false): void {
        if (atFront) {
          const correlationId = this.logger.startFeatureFlow('add-to-queue-front', {
            promptId: prompt.id,
            sessionId: prompt.sessionId,
          });
    
          this.queue.unshift(prompt);
          this.logger.logStateChange(
            'queue-size',
            this.queue.length - 1,
            this.queue.length,
            'add-to-queue-front'
          );
          this.logger.info('Prompt prioritized in queue', {
            correlationId,
            promptId: prompt.id,
            queuePosition: 1,
            text: prompt.text.slice(0, 100),
          });
          this.logger.endFeatureFlow(correlationId, {
            success: true,
            queueSize: this.queue.length,
          });
          return;
        }
    
        this.addToQueue(prompt);
      }
    
      /**
       * Execute queue with logging
       */
      async executeQueue(
        executePrompt: (prompt: QueuedPrompt) => Promise<void>
      ): Promise<void> {
        if (this.queue.length === 0) {
          this.logger.debug('Execute queue called with empty queue', {
            queueSize: 0,
          });
          return;
        }
    
        if (this.isExecuting) {
          this.logger.warn('Queue already executing', {
            queueSize: this.queue.length,
          });
          return;
        }
    
        const correlationId = this.logger.startFeatureFlow('execute-queue', {
          queueSize: this.queue.length,
        });
        const startTime = Date.now();
    
        this.logger.logStateChange('queue-executing', false, true, 'execute-queue-start');
        this.isExecuting = true;
    
        try {
          this.logger.info('Starting queue execution', {
            correlationId,
            promptCount: this.queue.length,
          });
    
          let completedCount = 0;
          let failedCount = 0;
    
          for (const prompt of this.queue) {
            this.logger.featureStep(correlationId, 'execute-prompt', {
              promptId: prompt.id,
              position: completedCount + 1,
              total: this.queue.length,
            });
    
            try {
              await executePrompt(prompt);
              completedCount++;
    
              this.logger.info('Prompt executed successfully', {
                correlationId,
                promptId: prompt.id,
                position: completedCount,
              });
            } catch (error) {
              failedCount++;
    
              this.logger.error(
                'Prompt execution failed',
                {
                  correlationId,
                  promptId: prompt.id,
                  position: completedCount + 1,
                  text: prompt.text.slice(0, 100),
                },
                error as Error
              );
            }
          }
    
          const duration = Date.now() - startTime;
    
          this.logger.performance('execute-queue', duration, {
            totalPrompts: this.queue.length,
            completedPrompts: completedCount,
            failedPrompts: failedCount,
          });
    
          this.logger.info('Queue execution completed', {
            correlationId,
            totalPrompts: this.queue.length,
            completedCount,
            failedCount,
            duration,
          });
    
          this.queue = [];
    
          this.logger.endFeatureFlow(correlationId, {
            success: true,
            completedCount,
            failedCount,
            duration,
          });
        } catch (error) {
          this.logger.error(
            'Queue execution failed',
            { correlationId },
            error as Error
          );
    
          this.logger.endFeatureFlow(correlationId, {
            success: false,
            error: String(error),
          });
          throw error;
        } finally {
          this.isExecuting = false;
          this.logger.logStateChange('queue-executing', true, false, 'execute-queue-end');
        }
      }
    
      /**
       * Clear queue with logging
       */
      clearQueue(): void {
        const correlationId = this.logger.startFeatureFlow('clear-queue', {
          currentSize: this.queue.length,
        });
    
        const previousSize = this.queue.length;
    
        this.logger.logStateChange('queue-size', previousSize, 0, 'clear-queue');
        this.logger.logStateChange('queue', this.queue, [], 'clear-queue');
    
        this.queue = [];
    
        this.logger.info('Queue cleared', {
          correlationId,
          previousSize,
          cleared: true,
        });
    
        this.logger.endFeatureFlow(correlationId, {
          success: true,
          itemsCleared: previousSize,
        });
      }
    
      /**
       * Get queue state
       */
      getQueueState(): { size: number; isExecuting: boolean; prompts: Array<{ id: string; text: string }> } {
        return {
          size: this.queue.length,
          isExecuting: this.isExecuting,
          prompts: this.queue.map(p => ({ id: p.id, text: p.text.slice(0, 50) })),
        };
      }
    
      /**
       * Handle dispatch queued item
       */
      async handleDispatchQueuedItem(
        mode: string,
        sessionId: string | undefined,
        id?: string,
        index?: number,
      ): Promise<void> {
        const flow = this.logger.startFeatureFlow('DispatchQueuedItem', { mode, sessionId, id, index });
        const currentSessionId = this.getCurrentSessionId();
        const finalSessionId = sessionId || currentSessionId;
    
        if (!finalSessionId) {
          this.logger.warn('No session ID for queued item', { id, index });
          this.logger.endFeatureFlow(flow, { status: 'failed', reason: 'No session ID' });
          return;
        }
    
        this.logger.featureStep(flow, 'dispatching_item', { id, index });
    
        if (id) {
          // Add specific queued item by ID
          const prompt = this.queue.find(p => p.id === id);
          if (prompt) {
            prompt.sessionId = finalSessionId;
            this.logger.featureStep(flow, 'sending_message_by_id', { id });
            await this.handleSendMessage(
              prompt.text,
              prompt.files,
              prompt.contexts,
              prompt.images,
              prompt.agent,
              false,
              undefined,
              false,
              undefined,
              prompt.userFacingText,
            );
            this.logger.endFeatureFlow(flow, { status: 'completed', id });
          } else {
            this.logger.warn('Queued item not found', { id });
            this.logger.endFeatureFlow(flow, { status: 'failed', reason: 'Item not found', id });
          }
        } else if (index !== undefined && index >= 0 && index < this.queue.length) {
          // Add by index
          const prompt = this.queue[index];
          prompt.sessionId = finalSessionId;
          this.logger.featureStep(flow, 'sending_message_by_index', { index });
          await this.handleSendMessage(
            prompt.text,
            prompt.files,
            prompt.contexts,
            prompt.images,
            prompt.agent,
            false,
            undefined,
            false,
            undefined,
            prompt.userFacingText,
          );
          this.logger.endFeatureFlow(flow, { status: 'completed', index });
        } else {
          this.logger.endFeatureFlow(flow, { status: 'failed', reason: 'Invalid index or ID', index, id });
        }
      }
    
      /**
       * Handle remove from queue
       */
      async handleRemoveFromQueue(payload: { id: string }): Promise<void> {
        const { id } = payload;
        const index = this.queue.findIndex(p => p.id === id);
    
        if (index !== -1) {
          const correlationId = this.logger.startFeatureFlow('remove-from-queue', {
            promptId: id,
            queuePosition: index + 1,
          });
    
          this.queue.splice(index, 1);
    
          this.logger.logStateChange(
            'queue-size',
            this.queue.length + 1,
            this.queue.length,
            'remove-from-queue'
          );
    
          this.logger.info('Prompt removed from queue', {
            correlationId,
            promptId: id,
            queueSize: this.queue.length,
          });
    
          this.logger.endFeatureFlow(correlationId, {
            success: true,
            queueSize: this.queue.length,
          });
        }
      }
    
      /**
       * Handle clear queue
       */
      async handleClearQueue(payload: { sessionId: string }): Promise<void> {
        const flow = this.logger.startFeatureFlow('ClearQueue', { sessionId: payload.sessionId });
        const previousSize = this.queue.length;
    
        this.clearQueue();
        this.sendQueueUpdate(payload.sessionId);
    
        this.logger.info('Queue cleared', {
          sessionId: payload.sessionId,
          previousSize,
          newSize: 0,
        });
        this.logger.endFeatureFlow(flow, { status: 'completed', previousSize });
      }
    
      /**
       * Send queue update to webview
       */
      sendQueueUpdate(sessionId: string): void {
        this.postMessage({
          type: 'queueUpdate',
          sessionId,
          queue: this.getQueueState(),
        });
      }
    
      /**
       * Handle execute queue
       */
      async handleExecuteQueue(payload: { sessionId: string }): Promise<void> {
        const flow = this.logger.startFeatureFlow('ExecuteQueue', { sessionId: payload.sessionId });
        const { sessionId } = payload;
    
        if (this.queue.length === 0) {
          this.logger.debug('Execute queue called with empty queue', {
            queueSize: 0,
          });
          this.logger.endFeatureFlow(flow, { status: 'skipped', reason: 'Empty queue' });
          return;
        }
    
        const queueSize = this.queue.length;
        this.logger.featureStep(flow, 'executing_queue', { queueSize, sessionId });
    
        // Update session IDs for all prompts
        for (const prompt of this.queue) {
          prompt.sessionId = sessionId;
        }
    
        // Execute queue
        await this.executeQueue(async (prompt) => {
          await this.handleSendMessage(
            prompt.text,
            prompt.files,
            prompt.contexts,
            prompt.images,
            prompt.agent,
            false,
            undefined,
            false,
            undefined,
            prompt.userFacingText,
          );
        });
    
        this.logger.info('Queue execution completed', {
          sessionId,
          itemsExecuted: queueSize,
        });
        this.logger.endFeatureFlow(flow, { status: 'completed', itemsExecuted: queueSize });
    
        // Send update after execution
        this.sendQueueUpdate(sessionId);
      }
    }
    
  operator: 'match'
  stack: |-
    TestContext.<anonymous> (file:///E:/Projects/vscode-opencode/tests/providers/queue-manager-logging.test.mjs:94:10)
    Test.runInAsyncScope (node:async_hooks:214:14)
    Test.run (node:internal/test_runner/test:1047:25)
    Test.processPendingSubtests (node:internal/test_runner/test:744:18)
    Test.postRun (node:internal/test_runner/test:1173:19)
    Test.run (node:internal/test_runner/test:1101:12)
    async Test.processPendingSubtests (node:internal/test_runner/test:744:7)
  ...
# Subtest: should track feature flow for clear queue
ok 672 - should track feature flow for clear queue
  ---
  duration_ms: 2.1078
  type: 'test'
  ...
# Subtest: SkillsPanelProvider class exists with webview contract methods
ok 673 - SkillsPanelProvider class exists with webview contract methods
  ---
  duration_ms: 6.8378
  type: 'test'
  ...
# Subtest: SkillsPanelProvider.resolveWebviewView configures webview options and HTML
ok 674 - SkillsPanelProvider.resolveWebviewView configures webview options and HTML
  ---
  duration_ms: 0.7201
  type: 'test'
  ...
# Subtest: SkillsPanelProvider subscribes to message events and skill changes
ok 675 - SkillsPanelProvider subscribes to message events and skill changes
  ---
  duration_ms: 0.6031
  type: 'test'
  ...
# Subtest: SkillsPanelProvider._handleMessage routes command messages to skillManagementService
ok 676 - SkillsPanelProvider._handleMessage routes command messages to skillManagementService
  ---
  duration_ms: 1.012
  type: 'test'
  ...
# Subtest: SkillsPanelProvider sends notification feedback to webview after operations
ok 677 - SkillsPanelProvider sends notification feedback to webview after operations
  ---
  duration_ms: 0.8905
  type: 'test'
  ...
# Subtest: SkillsPanelProvider prompts for server restart when preset is applied
ok 678 - SkillsPanelProvider prompts for server restart when preset is applied
  ---
  duration_ms: 0.6413
  type: 'test'
  ...
# Subtest: SkillsPanelProvider._sendSkillsToWebview sends current skill state
ok 679 - SkillsPanelProvider._sendSkillsToWebview sends current skill state
  ---
  duration_ms: 0.863
  type: 'test'
  ...
# Subtest: SkillsPanelProvider.dispose cleans up resources and clears reference
ok 680 - SkillsPanelProvider.dispose cleans up resources and clears reference
  ---
  duration_ms: 0.7919
  type: 'test'
  ...
# Subtest: SkillsPanelProvider._getHtmlForWebview creates secure webview HTML with data injection
ok 681 - SkillsPanelProvider._getHtmlForWebview creates secure webview HTML with data injection
  ---
  duration_ms: 2.0402
  type: 'test'
  ...
# Subtest: SkillsPanelProvider HTML includes CSP header with script, style, and resource rules
ok 682 - SkillsPanelProvider HTML includes CSP header with script, style, and resource rules
  ---
  duration_ms: 2.133
  type: 'test'
  ...
# Subtest: SkillsPanelProvider resolves asset URIs through webview.asWebviewUri
ok 683 - SkillsPanelProvider resolves asset URIs through webview.asWebviewUri
  ---
  duration_ms: 0.9354
  type: 'test'
  ...
# Subtest: SkillsPanelProvider tracks currentPanel as static reference for focus
ok 684 - SkillsPanelProvider tracks currentPanel as static reference for focus
  ---
  duration_ms: 1.2148
  type: 'test'
  ...
# Subtest: StatusBarProvider implements provider structure
ok 685 - StatusBarProvider implements provider structure
  ---
  duration_ms: 9.8347
  type: 'test'
  ...
# Subtest: StatusBarProvider creates status bar item in constructor
ok 686 - StatusBarProvider creates status bar item in constructor
  ---
  duration_ms: 1.5188
  type: 'test'
  ...
# Subtest: StatusBarProvider implements status update logic
ok 687 - StatusBarProvider implements status update logic
  ---
  duration_ms: 1.3549
  type: 'test'
  ...
# Subtest: StatusBarProvider implements disposal
ok 688 - StatusBarProvider implements disposal
  ---
  duration_ms: 1.0294
  type: 'test'
  ...
# Subtest: StatusBarProvider imports OpencodeServerManager
ok 689 - StatusBarProvider imports OpencodeServerManager
  ---
  duration_ms: 0.9731
  type: 'test'
  ...
# Subtest: StatusBarProvider uses VSCode API
ok 690 - StatusBarProvider uses VSCode API
  ---
  duration_ms: 1.414
  type: 'test'
  ...
# Subtest: StatusBarProvider status icons use correct Codicon syntax
ok 691 - StatusBarProvider status icons use correct Codicon syntax
  ---
  duration_ms: 1.339
  type: 'test'
  ...
# Subtest: StatusBarProvider integrates with OpencodeServerManager
ok 692 - StatusBarProvider integrates with OpencodeServerManager
  ---
  duration_ms: 5.5724
  type: 'test'
  ...
# Subtest: StatusBarProvider has proper JSDoc documentation
ok 693 - StatusBarProvider has proper JSDoc documentation
  ---
  duration_ms: 1.5117
  type: 'test'
  ...
# Subtest: StatusBarProvider documentation describes update triggers
ok 694 - StatusBarProvider documentation describes update triggers
  ---
  duration_ms: 2.8621
  type: 'test'
  ...
# Subtest: StatusBarProvider documentation describes display logic
ok 695 - StatusBarProvider documentation describes display logic
  ---
  duration_ms: 1.7385
  type: 'test'
  ...
# Subtest: StatusBarProvider click action focuses chat view
ok 696 - StatusBarProvider click action focuses chat view
  ---
  duration_ms: 1.5958
  type: 'test'
  ...
# Subtest: StatusBarProvider status position and priority
ok 697 - StatusBarProvider status position and priority
  ---
  duration_ms: 1.3685
  type: 'test'
  ...
# Subtest: StatusBarProvider shows item immediately
ok 698 - StatusBarProvider shows item immediately
  ---
  duration_ms: 0.784
  type: 'test'
  ...
# Subtest: StatusBarProvider handles tooltip port display
ok 699 - StatusBarProvider handles tooltip port display
  ---
  duration_ms: 0.6454
  type: 'test'
  ...
# Subtest: should log stream event lifecycle
ok 700 - should log stream event lifecycle
  ---
  duration_ms: 2.3516
  type: 'test'
  ...
# Subtest: should log structured output processing
ok 701 - should log structured output processing
  ---
  duration_ms: 0.4221
  type: 'test'
  ...
# Subtest: should track streaming performance
ok 702 - should track streaming performance
  ---
  duration_ms: 2.4264
  type: 'test'
  ...
# Subtest: ChatViewProvider forwards todo_update stream events as todoUpdate postMessage to webview
ok 703 - ChatViewProvider forwards todo_update stream events as todoUpdate postMessage to webview
  ---
  duration_ms: 7.6787
  type: 'test'
  ...
# Subtest: ChatViewProvider persists todo snapshot to workspaceState after todo_update
ok 704 - ChatViewProvider persists todo snapshot to workspaceState after todo_update
  ---
  duration_ms: 2.3216
  type: 'test'
  ...
# Subtest: initState payload includes todoItems loaded from workspaceState for rehydration
ok 705 - initState payload includes todoItems loaded from workspaceState for rehydration
  ---
  duration_ms: 0.9585
  type: 'test'
  ...
# Subtest: todo update handles missing sessionId gracefully and persistence is guarded
not ok 706 - todo update handles missing sessionId gracefully and persistence is guarded
  ---
  duration_ms: 7.6115
  type: 'test'
  location: 'E:\\Projects\\vscode-opencode\\tests\\providers\\todo-provider.test.mjs:37:1'
  failureType: 'testCodeFailure'
  error: 'persistence of todo snapshot must be guarded by this.currentSessionId check'
  code: 'ERR_ASSERTION'
  name: 'AssertionError'
  expected:
  actual: |-
    
    
    /* FILE: E:\Projects\vscode-opencode\src\providers\ChatViewProvider.ts */
    
    /**
     * Chat View Provider - Core UI Provider for Chat Interface
     *
     * This provider manages the webview-based chat interface that serves as the
     * primary UI for the OpenCode extension. It handles all communication between
     * the extension backend and the webview frontend.
     *
     * **Architecture Overview:**
     * - Implements WebviewViewProvider for VSCode sidebar integration
     * - Manages bidirectional message passing with webview
     * - Handles AI message streaming via MessageStreamService
     * - Detects and persists implementation plans
     * - Manages prompt queue for batch execution
     * - Coordinates with SessionService for session management
     *
     * ============================================================================
     * WEBVIEW MESSAGE PROTOCOL
     * ============================================================================
     *
     * This provider communicates with the webview via VSCode's postMessage API.
     * All messages have a `type` property that determines how they're handled.
     *
     * EXTENSION → WEBVIEW messages (sent via view?.webview.postMessage):
     * {
     *   type: 'initState' | 'chatHistory' | 'sessionsList' | 'streamEvent' |
     *         'statusUpdate' | 'modeChanged' | 'modelsList' | 'agentsList' |
     *         'fileSearchResults',
     *   ...payload
     * }
     *
     * WEBVIEW → EXTENSION messages (received in onDidReceiveMessage):
     * {
     *   type: 'ready' | 'sendMessage' | 'createSession' | 'switchSession' |
     *         'deleteSession' | 'renameSession' | 'getSessions' | 'toggleMode' | 'getModels' |
     *         'selectModel' | 'getAgents' | 'selectAgent' | 'addToQueue' |
     *         'executeQueue' | 'clearQueue' | 'viewPlan' | 'openDiff',
     *   ...payload
     * }
     *
     * MESSAGE FLOW EXAMPLES:
     *
     * 1. Initialization Flow:
     *    webview: {type: 'ready'}
     *    extension: {type: 'initState', mode, serverStatus, selectedModel}
     *    extension: {type: 'chatHistory', messages: [...]}
     *    extension: {type: 'sessionsList', sessions: [...]}
     *
     * 2. Send Message Flow:
     *    webview: {type: 'sendMessage', text: '...', files: [...]}
     *    extension: [streams response via streamEvent messages]
     *    extension: {type: 'chatHistory', messages: [...]}
     *
     * 3. Streaming Response Flow:
     *    extension: {type: 'streamEvent', event: {type: 'message.part.updated'}}
     *    extension: {type: 'streamEvent', event: {type: 'message.updated'}}
     *
     * ============================================================================
     * KEY RESPONSIBILITIES
     * ============================================================================
     *
     * 1. WebView Lifecycle:
     *    - Creates and initializes the webview
     *    - Sets up message handlers
     *    - Manages webview options (scripts, local resources)
     *
     * 2. Message Handling:
     *    - Receives messages from webview
     *    - Dispatches to appropriate handler methods
     *    - Sends responses back to webview
     *
     * 3. Streaming Integration:
     *    - Subscribes to MessageStreamService for real-time updates
     *    - Forwards stream events to webview
     *    - Handles stream completion and errors
     *
     * 4. Plan Detection:
     *    - Analyzes AI responses for implementation plans
     *    - Auto-saves detected plans to workspace
     *    - Notifies user and provides plan viewing option
     *
     * 5. Queue Management:
     *    - Maintains prompt queue for batch execution
     *    - Executes prompts sequentially
     *    - Manages execution state
     *
     * 6. State Synchronization:
     *    - Tracks selected model/agent
     *    - Persists selections to global state
     *    - Syncs with webview on initialization
     *
     * @module ChatViewProvider
     * @see MessageStreamService for streaming implementation
     * @see SessionService for session management
     * @see webview/shared/src/chat/index.tsx for frontend implementation
     */
    
    import type { SessionPromptData } from "@opencode-ai/sdk" with { "resolution-mode": "import" };
    import * as cp from "child_process";
    import * as path from "path";
    import * as vscode from "vscode";
    import {
      CssGenerator,
      FileThemeProcessor,
      FileThemeProcessorObserver,
      FileThemeProcessorState,
    } from "vscode-file-theme-processor";
    import type { TokenUsage } from "../services/GeminiTokenUsageTracker";
    import { GeminiTokenUsageTracker } from "../services/GeminiTokenUsageTracker";
    import { MessageStreamService } from "../services/MessageStreamService";
    import { ModelCapabilitiesService } from "../services/ModelCapabilitiesService";
    import { OpencodeServerManager } from "../services/OpencodeServerManager";
    import { QuotaService } from "../services/QuotaService";
    import { RequestBudgeter } from "../services/RequestBudgeter";
    import { SessionService } from "../services/SessionService";
    import { SkillManagerService } from "../services/SkillManagerService";
    import {
      SubagentTracker,
      type SubagentUpdatePayload,
    } from "../services/SubagentTracker";
    import { TitleGeneratorService } from "../services/TitleGeneratorService";
    import { createLogger } from "../utils/Logger";
    import { LoggingCategories } from "../utils/LoggingSchema";
    import {
      CompactionManager,
      DiagnosticsLogger,
      HistoryProcessor,
      ModelAndAgentManager,
      PlanManager,
      QueueManager,
      SessionHandler,
      StreamEventHandler,
      StructuredOutputProcessor,
      SubagentPersistence,
      type AssistantHistoryMarker,
      type ChatModelOption,
      type ChatSlashCommand,
      type PlanProceedComment,
      type PromptDispatchMode,
      type QueuedPrompt,
      type RecoveredSessionContext,
      type StructuredAssistantOutput
    } from "./chat/index";
    import type { ConfigFile } from "./ConfigFilesProvider";
    import { ConfigFilesProvider } from "./ConfigFilesProvider";
    import { PlanViewProvider } from "./PlanViewProvider";
    
    const log = createLogger(LoggingCategories.CHAT_VIEW);
    
    // All types (QueuedPrompt, PromptDispatchMode, SessionSettings, ChatModelOption,
    // ChatSlashCommand, PersistedCompactionViewState, CompactionBaselineStats,
    // StructuredProgressUpdate, AssistantHistoryMarker, StructuredInteractiveChoice,
    // StructuredInteractiveEvent, StructuredAssistantOutput, PlanProceedComment,
    // RecoveredSessionContext) and constants (STRUCTURED_RESPONSE_TYPES) are now
    // imported from ./chat/index
    
    /**
     * Provides the chat interface webview for the OpenCode extension.
     *
     * This class is the core UI provider, managing all communication between
     * the extension backend and the chat webview frontend.
     *
     * **Usage:**
     * ```typescript
     * const provider = new ChatViewProvider(context, serverManager, sessionService);
     * context.subscriptions.push(
     *   vscode.window.registerWebviewViewProvider('opencode.chatView', provider)
     * );
     * ```
     *
     * **Integration Points:**
     * - OpencodeServerManager: For server status and client access
     * - SessionService: For session and message management
     * - MessageStreamService: For real-time AI response streaming
     * - PlanViewProvider: For displaying detected implementation plans
     *
     * **Thread Safety:**
     * This class is not thread-safe. All methods should be called from the
     * main VSCode extension host thread.
     *
     * @see WebviewViewProvider for VSCode webview provider interface
     */
    export class ChatViewProvider
      implements vscode.WebviewViewProvider, FileThemeProcessorObserver {
      private static readonly SUBAGENT_SNAPSHOT_PREFIX =
        "opencode.session.subagents.";
      private static readonly COMPACTION_VIEW_STATE_PREFIX =
        "opencode.session.compaction-view.";
      /** The webview instance (undefined before initialization) */
      private view?: vscode.WebviewView;
    
      /** Service for streaming events from the server */
      private streamService: MessageStreamService;
    
      /** Unsubscribe function for stream service cleanup */
      private unsubscribe?: () => void;
    
      /** Service for monitoring AI platform quota usage */
      private quotaService: QuotaService;
      private subagentTracker: SubagentTracker;
    
      /** Provider for managing configuration files */
      private configFilesProvider: ConfigFilesProvider;
    
      /** Service for managing custom skill installation and lifecycle */
      private skillManager: SkillManagerService;
      /** Service for resolving model capabilities (reasoning, variants) */
      private modelCapabilitiesService: ModelCapabilitiesService;
    
      /** Service for tracking Gemini token usage from stream events */
      private geminiTokenTracker: GeminiTokenUsageTracker;
      /** Service for managing daily request budgets */
      private budgeter: RequestBudgeter;
    
      private fileThemeProcessor: FileThemeProcessor;
      private cssGenerator: CssGenerator;
      private currentThemeCss: string | undefined;
    
      /** Logger for tracking events and metrics */
      private readonly logger: ReturnType<typeof createLogger>;
      private renderParityLogWriteChain: Promise<void> = Promise.resolve();
      private renderParityDebugFilePath?: string;
      private didLogRenderParityFilePath = false;
    
      /** Currently selected AI model (persisted to global state) */
      private selectedModel: {
        providerID: string;
        modelID: string;
        providerName?: string;
      } = {
          providerID: "opencode",
          modelID: "big-pickle",
          providerName: undefined,
        };
    
      /** Cache of available models returned from the server (used to resolve providerName) */
      // Cache of available models returned from the server (used to resolve providerName)
      // This cached list allows the extension to enrich selections sent from the webview
      // when the webview omits providerName.
      private availableModels?: ChatModelOption[];
    
      /** Currently selected agent (primary agent used for new sessions) */
      private selectedAgent: string = "build";
    
      /** Current chat mode (e.g., 'chat', 'agent', etc.) */
      private currentMode: string = "chat";
    
      /** ID of the session currently active in the webview (undefined until first bootstrap) */
      private currentSessionId: string | undefined;
      private currentTodoItems: unknown[] = [];
      private awaitingInteractiveAnswer = false;
      private interactiveResponseTransitionUntil = 0;
    
      /** Debouncing for todo persistence to reduce state write frequency during streaming */
      private todoPersistenceTimer: NodeJS.Timeout | null = null;
      private pendingTodoPersistence = false;
    
      private getTodoStorageKey(sessionId: string): string {
        return `opencode.session.todos.${sessionId}`;
      }
    
      private loadPersistedTodos(sessionId?: string): { items: unknown[]; lastUpdatedAt?: number } {
        if (!sessionId) return { items: [] };
        const raw = this.context.workspaceState.get<{ items: unknown[]; lastUpdatedAt: number }>(
          this.getTodoStorageKey(sessionId),
        );
        return { items: raw?.items ?? [], lastUpdatedAt: raw?.lastUpdatedAt };
      }
    
      private clearSessionTodos(sessionId?: string): void {
        this.currentTodoItems = [];
        if (sessionId) {
          this.context.workspaceState.update(this.getTodoStorageKey(sessionId), undefined);
        }
      }
    
      /**
       * Schedules a debounced todo persistence operation.
       * Multiple rapid calls during streaming will only trigger one write after 1 second.
       *
       * **Performance Note:** This reduces state write frequency during streaming by debouncing.
       * The persistence happens in the background without blocking the event loop.
       */
      private scheduleTodoPersistence(
        targetSessionId: string,
        todoItems: unknown[]
      ): void {
        // Clear any pending persistence timer
        if (this.todoPersistenceTimer) {
          clearTimeout(this.todoPersistenceTimer);
        }
    
        // Mark that we have pending persistence
        this.pendingTodoPersistence = true;
    
        // Schedule persistence after 1 second of inactivity (debouncing)
        this.todoPersistenceTimer = setTimeout(() => {
          this.persistTodoItems(targetSessionId, todoItems).catch((error) => {
            this.logger.warn("Failed to persist todo snapshot", { error });
          });
          this.pendingTodoPersistence = false;
          this.todoPersistenceTimer = null;
        }, 1000);
      }
    
      /**
       * Persists todo items to workspace state.
       * This method is async and debounced - called in the background.
       *
       * **Performance Note:** Previously called on every todo_update event during streaming.
       * Now debounced to reduce write frequency by 80-90%.
       */
      private async persistTodoItems(
        targetSessionId: string,
        incomingTodos: unknown[]
      ): Promise<void> {
        const key = this.getTodoStorageKey(targetSessionId);
        const existing =
          (this.context.workspaceState.get<{
            items: unknown[];
            lastUpdatedAt: number;
          }>(key) as { items: unknown[]; lastUpdatedAt: number } | undefined) ??
          { items: [], lastUpdatedAt: 0 };
    
        // Merge/upsert incoming items into existing snapshot using id + lifecycle rank
        const incoming = Array.isArray(incomingTodos) ? incomingTodos : [];
    
        const LIFECYCLE_RANK: Record<string, number> = {
          pending: 0,
          in_progress: 1,
          completed: 2,
          failed: 2,
          cancelled: 2,
        };
    
        interface StoredTodoItem { id: string; text: string; status: string;[key: string]: unknown }
    
        const byId = new Map<string, StoredTodoItem>();
        for (const item of existing.items) {
          const rec = item as Record<string, unknown>;
          const id = typeof rec?.id === "string" ? rec.id : undefined;
          if (!id) continue;
          byId.set(id, item as StoredTodoItem);
        }
    
        for (const inc of incoming) {
          if (!inc || typeof inc !== "object") continue;
          const incRec = inc as Record<string, unknown>;
          const id = typeof incRec.id === "string" ? incRec.id : undefined;
          const text = typeof incRec.text === "string" ? incRec.text : undefined;
          const status = typeof incRec.status === "string" ? incRec.status : undefined;
          if (!id || !text || !status) continue;
    
          const existingItem = byId.get(id);
          if (!existingItem) {
            byId.set(id, { id, text, status });
            continue;
          }
    
          const existingRank = LIFECYCLE_RANK[existingItem.status] ?? 0;
          const incomingRank = LIFECYCLE_RANK[status] ?? 0;
    
          if (incomingRank > existingRank) {
            byId.set(id, { ...existingItem, text: text || existingItem.text, status });
          } else if (incomingRank === existingRank) {
            // If same rank and same status, idempotent; if different status at same rank, prefer existing
            if (status === existingItem.status) {
              // keep existing (no-op)
            } else {
              // prefer existing to avoid blind flips
              byId.set(id, existingItem);
            }
          } else {
            // incoming rank lower -> ignore
            byId.set(id, existingItem);
          }
        }
    
        const updatedItems = Array.from(byId.values());
        await this.context.workspaceState.update(key, {
          items: updatedItems,
          lastUpdatedAt: Date.now(),
        });
    
        // Update in-memory cache for active session
        this.currentTodoItems = updatedItems;
      }
    
      private async updateSessionTitle(sessionId: string, title: string): Promise<void> {
        try {
          const client = await this.serverManager.ensureRunning();
          await client.session.update({
            path: { id: sessionId },
            body: { title }
          });
    
          const updatedSession = await this.sessionService.switchSession(sessionId);
          this.logger.info(`Updated session ${sessionId} title to: ${title}`);
        } catch (error) {
          this.logger.warn(`Failed to update session title for ${sessionId}:`, { error: String(error) });
        }
      }
    
      /** Session-scoped queue of prompts awaiting execution */
      private queueBySessionId = new Map<string, QueuedPrompt[]>();
      private queueItemSequence = 0;
    
      /** Set of session IDs currently executing their queue */
      private executingQueueSessionIds: Set<string> = new Set();
    
      private processingSessionIds: Set<string> = new Set();
      private get isProcessingRequest(): boolean {
        return this.processingSessionIds.size > 0;
      }
      private isBootstrappingWebview: boolean = false;
      private hasInitializedWebview: boolean = false;
      private sessionsListRequestVersion = 0;
      private lastSessionsPayloadFingerprint: string | undefined;
      /** Cache last message args for retry functionality */
      private lastSendMessageArgs?: {
        text: string;
        files?: string[];
        contexts?: any[];
        images?: any[];
        agent?: string;
      };
      private structuredOutputMode: "format" | "outputFormat" | "disabled" = "format";
      private readonly promptDebugBySession = new Map<string, Record<string, unknown>>();
      private readonly structuredValidationFailureCounters = new Map<string, number>();
      private readonly structuredOutputIncompatibleModelKeys = new Set<string>();
      private capabilityFetchFailureCount = 0;
      private modelsFetchPromise: Promise<ChatModelOption[]> | null = null;
      private commandCatalog: ChatSlashCommand[] = [];
      private commandCatalogFetchedAt = 0;
      private commandCatalogFetchPromise: Promise<ChatSlashCommand[]> | null = null;
      // Cache commands for 30 minutes since they rarely change
      // This prevents slow server calls with 700+ skills
      private readonly COMMAND_CATALOG_TTL_MS = 30 * 60 * 1000;
      private readonly compactingSessions = new Set<string>();
    
      /** ===== NEW: Module instances ===== */
      private diagnosticsLogger!: DiagnosticsLogger;
      private structuredOutputProcessor!: StructuredOutputProcessor;
      private planManager!: PlanManager;
      private subagentPersistence!: SubagentPersistence;
      private compactionManager!: CompactionManager;
      private historyProcessor!: HistoryProcessor;
      private modelAndAgentManager!: ModelAndAgentManager;
      private queueManager!: QueueManager;
      private sessionHandler!: SessionHandler;
      private streamEventHandler!: StreamEventHandler;
    
      /**
       * Creates a new ChatViewProvider instance.
       *
       * **Initialization:**
       * - Creates MessageStreamService for streaming
       * - Loads persisted model selection from global state
       * - Does NOT immediately create webview (happens on demand)
       *
       * **Model Persistence:**
       * The selected model is persisted to VSCode's global state,
       * which means it survives across VSCode restarts and workspace changes.
       *
       * @param context - VSCode extension context for global state access
       * @param serverManager - Server manager for status checking
       * @param sessionService - Session service for session management
       */
      constructor(
        private context: vscode.ExtensionContext,
        private serverManager: OpencodeServerManager,
        private sessionService: SessionService,
        modelCapabilitiesService?: ModelCapabilitiesService,
      ) {
        this.logger = createLogger("ChatViewProvider");
        this.streamService = new MessageStreamService(serverManager);
        this.quotaService = new QuotaService();
        this.subagentTracker = new SubagentTracker();
        this.budgeter = new RequestBudgeter();
        this.configFilesProvider = new ConfigFilesProvider();
        this.skillManager = new SkillManagerService(context);
        this.skillManager.initialize().catch((error) => {
          this.logger.error('Failed to initialize skill manager', error);
        });
        // Use injected service or create local instance as fallback
        this.modelCapabilitiesService = modelCapabilitiesService ?? new ModelCapabilitiesService();
        this.geminiTokenTracker = GeminiTokenUsageTracker.getInstance();
        this.quotaService.on("quotaUpdate", (data) => {
          this.view?.webview.postMessage({ type: "quotaData", data });
          this.sendBudgetInfo();
        });
    
        // Initialize file theme processor
        this.fileThemeProcessor = new FileThemeProcessor(context);
        this.cssGenerator = new CssGenerator();
        this.fileThemeProcessor.subscribe(this);
    
        // Load persisted model selection
        const savedModel = this.context.globalState.get<any>("selectedModel");
        if (
          savedModel &&
          typeof savedModel.providerID === "string" &&
          typeof savedModel.modelID === "string" &&
          savedModel.providerID &&
          savedModel.modelID
        ) {
          this.logger.info(
            `[ChatViewProvider] Loaded persisted model: ${savedModel.modelID} (${savedModel.providerID})`,
          );
          this.selectedModel = savedModel;
        } else if (savedModel) {
          this.logger.warn(
            "[ChatViewProvider] Ignoring invalid persisted model selection. Expected {providerID, modelID}.",
          );
        }
    
        /** ===== NEW: Initialize all modules ===== */
        this.initializeModules();
      }
    
      /**
       * Initialize all chat modules and wire dependencies
       */
      private initializeModules(): void {
        // Utility method callbacks
        const asRecord = (value: unknown) => {
          if (value && typeof value === "object" && !Array.isArray(value)) {
            return value as Record<string, unknown>;
          }
          return undefined;
        };
    
        const firstNonEmptyString = (...values: unknown[]): string | undefined => {
          for (const value of values) {
            if (typeof value === "string" && value.trim().length > 0) {
              return value.trim();
            }
          }
          return undefined;
        };
    
        const logger = this.logger;
    
        // 1. DiagnosticsLogger
        this.diagnosticsLogger = new DiagnosticsLogger(
          logger,
          asRecord,
          firstNonEmptyString,
          this.extractMessageBodyText.bind(this),
          this.historyMessageCreatedAt.bind(this),
          this.extractHistoryMessageId.bind(this),
          this.isRenderableHistoryMessage.bind(this),
          this.historyMessageFingerprint.bind(this),
        );
    
        // 2. PlanManager (must be created before StructuredOutputProcessor)
        this.planManager = new PlanManager(
          logger,
          firstNonEmptyString,
          this.context.globalState,
        );
    
        // 3. StructuredOutputProcessor
        this.structuredOutputProcessor = new StructuredOutputProcessor(
          logger,
          asRecord,
          firstNonEmptyString,
          this.planManager,
        );
    
        // 4. SubagentPersistence
        this.subagentPersistence = new SubagentPersistence(
          this.context.workspaceState,
          this.subagentTracker,
          logger,
          asRecord,
          firstNonEmptyString,
          this.normalizeSubagentStatus.bind(this),
          this.mergeSubagentEntries.bind(this),
          this.hydrateSubagentsFromPayload.bind(this),
          this.resolveSubagentPayloadSessionId.bind(this),
        );
    
        // 5. CompactionManager
        this.compactionManager = new CompactionManager(
          this.context.workspaceState,
          this.serverManager,
          logger,
          asRecord,
          firstNonEmptyString,
          this.processHistoryMessages.bind(this),
        );
    
        // 6. HistoryProcessor
        this.historyProcessor = new HistoryProcessor(
          this.context.workspaceState,
          logger,
          this.structuredOutputProcessor,
          asRecord,
          firstNonEmptyString,
          this.isLikelyToolCallTranscript.bind(this),
          this.extractMessageBodyText.bind(this),
          this.planManager,
        );
    
        // 7. ModelAndAgentManager
        this.modelAndAgentManager = new ModelAndAgentManager(
          this.context.globalState,
          this.serverManager,
          this.modelCapabilitiesService,
          logger,
          asRecord,
          firstNonEmptyString,
        );
    
        // 8. QueueManager
        this.queueManager = new QueueManager(logger);
    
        // 9. SessionHandler
        this.sessionHandler = new SessionHandler(
          this.sessionService,
          this.historyProcessor,
          this.subagentPersistence,
          this.compactionManager,
          this.modelAndAgentManager,
          logger,
        );
    
        // 10. StreamEventHandler
        this.streamEventHandler = new StreamEventHandler(
          this.structuredOutputProcessor,
          this.subagentPersistence,
          this.compactionManager,
          this.diagnosticsLogger,
          this.geminiTokenTracker,
          this.subagentTracker,
          logger,
        );
    
        /** ===== NEW: Wire all callbacks ===== */
        this.wireModuleCallbacks();
      }
    
      /**
       * Wire callbacks between modules and the shell
       */
      private wireModuleCallbacks(): void {
        const postMessage = (msg: any) => {
          this.view?.webview.postMessage(msg);
        };
    
        const getCurrentSessionId = () => this.currentSessionId;
        const setCurrentSessionId = (id: string | undefined) => {
          this.currentSessionId = id;
        };
    
        // Wire postMessage callbacks
        this.compactionManager.setPostMessage(postMessage);
        this.modelAndAgentManager.setPostMessage(postMessage);
        this.queueManager.setPostMessage(postMessage);
        this.sessionHandler.setPostMessage(postMessage);
        this.sessionHandler.setGetCurrentSessionId(getCurrentSessionId);
        this.sessionHandler.setSetCurrentSessionId(setCurrentSessionId);
        this.streamEventHandler.setPostMessage(postMessage);
        this.streamEventHandler.setGetCurrentSessionId(getCurrentSessionId);
    
        // Wire QueueManager execution callbacks
        this.queueManager.setHandleSendMessage(this.handleSendMessage.bind(this));
        this.queueManager.setHandleStopRequest(this.handleStopRequest.bind(this));
        this.queueManager.setGetCurrentSessionId(getCurrentSessionId);
      }
    
      private async schedulePromptDispatch(
        mode: PromptDispatchMode,
        payload: {
          sessionId?: string;
          text?: string;
          files?: string[];
          contexts?: any[];
          images?: any[];
          agent?: string;
          userFacingText?: string;
        },
      ): Promise<void> {
        const text = typeof payload.text === "string" ? payload.text.trim() : "";
        if (!text) {
          return;
        }
    
        const sessionId = await this.resolveQueueSessionId(payload.sessionId);
        if (!sessionId) {
          return;
        }
    
        const effectiveMode =
          mode === "send-now" && this.processingSessionIds.has(sessionId)
            ? "steer"
            : mode;
    
        // For normal sends, bypass queue persistence entirely so the queue panel
        // does not show transient "queued" items when there is no active backlog.
        if (effectiveMode === "send-now") {
          await this.handleSendMessage(
            text,
            payload.files,
            payload.contexts,
            payload.images,
            payload.agent,
            false,
            undefined,
            false,
            undefined,
            payload.userFacingText,
          );
          return;
        }
    
        const promptId = `q-${Date.now()}-${this.queueItemSequence}`;
        this.queueItemSequence += 1;
        const prompt: QueuedPrompt = {
          id: promptId,
          sessionId,
          createdAt: Date.now(),
          text,
          userFacingText: payload.userFacingText,
          files: payload.files,
          contexts: payload.contexts,
          images: payload.images,
          agent: payload.agent,
        };
    
        this.queueManager.enqueuePrompt(prompt, effectiveMode !== "queue");
        this.sendQueueUpdate(sessionId);
    
        if (effectiveMode === "queue") {
          return;
        }
    
        if (this.isProcessingRequest) {
          if (sessionId === this.currentSessionId) {
            await this.handleStopRequest(sessionId);
          }
          return;
        }
    
        await this.handleExecuteQueue(sessionId);
      }
    
      private async handleDispatchQueuedItem(
        dispatchMode: "queue" | "send-now" | "steer",
        sessionId: string,
        id: string,
        index?: number,
      ): Promise<void> {
        await this.queueManager.handleDispatchQueuedItem(
          dispatchMode,
          sessionId,
          id,
          index,
        );
      }
    
      private async handleRemoveFromQueue(
        sessionId: string | undefined,
        id: string,
        _index?: number,
      ): Promise<void> {
        if (!id) {
          return;
        }
        await this.queueManager.handleRemoveFromQueue({ id });
        if (sessionId) {
          this.sendQueueUpdate(sessionId);
        }
      }
    
      private async handleClearQueue(sessionId: string): Promise<void> {
        if (!sessionId) {
          return;
        }
        await this.queueManager.handleClearQueue({ sessionId });
      }
    
      private sendQueueUpdate(sessionId: string): void {
        void this.queueManager.sendQueueUpdate(sessionId);
      }
    
      private async handleExecuteQueue(sessionId: string): Promise<void> {
        const flow = log.startFeatureFlow('ExecuteQueue', { sessionId });
    
        if (!sessionId || this.executingQueueSessionIds.has(sessionId)) {
          if (this.executingQueueSessionIds.has(sessionId)) {
            log.endFeatureFlow(flow, { status: 'skipped', reason: 'Queue already executing' });
          } else {
            log.endFeatureFlow(flow, { status: 'failed', reason: 'No sessionId provided' });
          }
          return;
        }
    
        log.featureStep(flow, 'queue_execution_started');
        this.executingQueueSessionIds.add(sessionId);
        this.view?.webview.postMessage({
          type: "queueExecutionStarted",
          sessionId,
        });
    
        try {
          await this.queueManager.handleExecuteQueue({ sessionId });
          log.endFeatureFlow(flow, { status: 'completed', sessionId });
        } catch (error) {
          log.error('Failed to execute queue', { sessionId }, error as Error);
          log.endFeatureFlow(flow, { status: 'failed', error: String(error) });
        } finally {
          this.executingQueueSessionIds.delete(sessionId);
          this.sendQueueUpdate(sessionId);
        }
      }
    
      /**
       * Wrapper: Get sessions list
       * Fetches sessions from service and sends to webview
       */
      private async handleGetSessions(): Promise<void> {
        const sessions = await this.sessionService.listSessions();
        const sessionsPayload = sessions.map((session: any) => ({
          id: session.id,
          title: session.title || session.id,
          createdAt: session.createdAt,
          updatedAt: session.updatedAt,
        }));
    
        this.view?.webview.postMessage({
          type: "sessionsList",
          sessions: sessionsPayload,
        });
      }
    
      /**
       * Wrapper: Load session
       * Loads messages from service and sends to webview
       */
      private async handleLoadSession(sessionId: string): Promise<void> {
        const flow = log.startFeatureFlow('LoadSession', { sessionId });
    
        if (!sessionId) {
          log.endFeatureFlow(flow, { status: 'failed', reason: 'No sessionId provided' });
          return;
        }
    
        // Add to processing state to show loading indicator in UI
        this.processingSessionIds.add(sessionId);
        this.sendProcessingSessionsUpdate();
    
        try {
          // CRITICAL: Switch the active session in SessionService
          // This updates the service's internal state and persists it
          await this.sessionService.switchSession(sessionId);
          this.currentSessionId = sessionId;
          this.subagentTracker.setActiveSession(sessionId);
          // Clear in-memory todo cache to avoid cross-session leakage
          this.clearSessionTodos(sessionId);
    
          // Restore per-session agent / model / thinking selections
          await this.modelAndAgentManager.applySessionSettings(sessionId);
    
          // Notify the webview of the restored selections for this session
          this.view?.webview.postMessage({
            type: "initState",
            serverStatus: this.serverManager.getStatus(),
            selectedModel: this.modelAndAgentManager.getSelectedModel(),
            selectedAgent: this.modelAndAgentManager.getSelectedAgent(),
            serverVersion: this.serverManager.getVersion(),
            currentSessionId: this.currentSessionId,
            todoItems: this.loadPersistedTodos(this.currentSessionId).items,
          });
    
          const sessionThinkingLevel =
            this.modelAndAgentManager.getSessionSettings(sessionId).thinkingLevel ??
            this.context.globalState.get<string>("thinkingLevel");
          if (sessionThinkingLevel) {
            this.view?.webview.postMessage({
              type: "thinkingLevelUpdate",
              level: sessionThinkingLevel,
            });
          }
    
          // Fire-and-forget: fetch and broadcast current model capabilities on session load
          void this.modelCapabilitiesService
            .getCapabilities(
              this.modelAndAgentManager.getSelectedModel()?.providerID ?? "",
              this.modelAndAgentManager.getSelectedModel()?.modelID ?? "",
            )
            .then((capability) => {
              this.view?.webview.postMessage({
                type: "modelCapabilityUpdate",
                capability: capability ?? null,
              });
            })
            .catch(() => {
              // Minimal failure tracking for session-load capability fetches
              try {
                this.capabilityFetchFailureCount = (this.capabilityFetchFailureCount || 0) + 1;
                if (this.capabilityFetchFailureCount >= 3) {
                  vscode.window.showWarningMessage(
                    "Could not fetch model capabilities. Thinking level control may be unavailable.",
                  );
                  this.capabilityFetchFailureCount = 0;
                }
              } catch (_) {
                // best-effort only
              }
            });
    
          // Reload history for the new session
          const rawMessages = await this.sessionService.getMessages(sessionId);
    
          this.logger.info('[handleLoadSession] Fetched raw messages', {
            sessionId,
            rawCount: rawMessages?.length || 0,
            isRawMessagesArray: Array.isArray(rawMessages)
          });
    
          const messages = Array.isArray(rawMessages)
            ? await this.processHistoryMessages(rawMessages, sessionId)
            : [];
    
          this.logger.info('[handleLoadSession] Processed messages', {
            sessionId,
            processedCount: messages.length,
            willSendToWebview: true
          });
    
          const subagentSnapshotPayload =
            await this.subagentPersistence.syncSubagentSnapshotForSession(
              sessionId,
              messages,
            );
          await this.compactionManager.sendPersistedCompactionViewState(sessionId);
    
          // DEBUG: Log messages before sending to webview
          const planMessages = messages.filter((m: any) => m?.plan);
          log.debug('Sending messages to webview', {
            totalMessages: messages.length,
            planMessagesCount: planMessages.length,
            samplePlanMessage: planMessages[0] ? {
              hasPlan: !!planMessages[0].plan,
              planKeys: planMessages[0].plan ? Object.keys(planMessages[0].plan) : [],
              planFile: planMessages[0].plan?.file,
              planValue: planMessages[0].plan
            } : null
          });
    
          this.view?.webview.postMessage({
            type: "chatHistory",
            sessionId: sessionId,
            messages: messages,
          });
          this.view?.webview.postMessage({
            type: "subagentSnapshot",
            ...subagentSnapshotPayload,
          });
    
          // Update the list selection
          await this.handleGetSessions();
        } catch (error) {
          log.error('Failed to load session', { sessionId }, error as Error);
          vscode.window.showErrorMessage(`Failed to load session: ${error}`);
          log.endFeatureFlow(flow, { status: 'failed', error: String(error) });
        } finally {
          // Remove from processing state regardless of success or error
          this.processingSessionIds.delete(sessionId);
          this.sendProcessingSessionsUpdate();
          // always finalize flow (was previously guarded by !flow.result)
          log.endFeatureFlow(flow, { status: 'completed', sessionId });
        }
      }
    
      /**
       * Wrapper: Delete session
       * Handles session deletion with fallback to create new session
       */
      private async handleDeleteSession(sessionId: string): Promise<void> {
        const flow = log.startFeatureFlow('DeleteSession', { sessionId });
    
        if (!sessionId) {
          log.endFeatureFlow(flow, { status: 'failed', reason: 'No sessionId provided' });
          return;
        }
    
        try {
          log.featureStep(flow, 'deleting_session');
          await this.sessionService.deleteSession(sessionId);
          await this.clearPersistedSubagentSnapshot(sessionId);
          await this.compactionManager.clearPersistedCompactionViewState(sessionId);
    
          const currentSession = await this.sessionService.getCurrentSession();
          if (!currentSession) {
            await this.sessionService.createNewSession();
          }
    
          await this.handleGetSessions();
          log.endFeatureFlow(flow, { status: 'completed', sessionId });
        } catch (error) {
          log.error('Failed to delete session', { sessionId }, error as Error);
          vscode.window.showErrorMessage(`Failed to delete session: ${error}`);
          log.endFeatureFlow(flow, { status: 'failed', error: String(error) });
        }
      }
    
      /**
       * Wrapper: Rename session
       * Delegates to SessionHandler module
       */
      private async handleRenameSession(sessionId: string, newTitle: string): Promise<void> {
        return this.sessionHandler.handleRenameSession(sessionId, newTitle);
      }
    
      /**
       * Wrapper: Forward compaction status from stream event
       * Called by MessageStreamService when processing stream events
       */
      forwardCompactionStatusFromStreamEvent(event: unknown): void {
        return this.compactionManager.forwardCompactionStatusFromStreamEvent(event);
      }
    
      /**
       * Wrapper: Get models
       * Delegates to ModelAndAgentManager module
       */
      private async handleGetModels(): Promise<ChatModelOption[]> {
        return this.modelAndAgentManager.handleGetModels();
      }
    
      /**
       * Wrapper: Get agents
       * Delegates to ModelAndAgentManager module
       */
      private async handleGetAgents(): Promise<void> {
        return this.modelAndAgentManager.handleGetAgents();
      }
    
      /**
       * Handle get commands request
       * Fetches available skills and converts them to slash commands
       */
      private async handleGetCommands(): Promise<void> {
        this.logger.info('[handleGetCommands] Starting to fetch skills from OpenCode server');
    
        try {
          // Ensure server is running
          this.logger.info('[handleGetCommands] Ensuring server is running...');
          const client = await this.serverManager.ensureRunning();
          if (!client) {
            this.logger.error('[handleGetCommands] Failed to get client even after ensureRunning()');
            this.sendCommandsToWebview([]);
            return;
          }
    
          this.logger.info('[handleGetCommands] Server is running, client available');
    
          // Get the current model and provider
          let currentModel = this.selectedModel?.modelID
            ? { provider: this.selectedModel.providerID, model: this.selectedModel.modelID }
            : undefined;
          if (!currentModel) {
            this.logger.warn('[handleGetCommands] No current model selected, using defaults');
            currentModel = { provider: 'anthropic', model: 'claude-sonnet-4-6' };
          }
    
          this.logger.info('[handleGetCommands] Fetching tools from OpenCode server', {
            provider: currentModel.provider,
            model: currentModel.model
          });
    
          // Use the OpenCode SDK client to get the list of available tools
          const toolsResponse = await client.tool.list({
            query: {
              provider: currentModel.provider,
              model: currentModel.model
            }
          });
    
          if (!toolsResponse.data) {
            this.logger.warn('[handleGetCommands] No tools data returned from server');
            this.sendCommandsToWebview([]);
            return;
          }
    
          const tools = toolsResponse.data;
          this.logger.info('[handleGetCommands] Fetched tools from server', {
            toolCount: tools.length,
            toolIds: tools.map(t => t.id),
            allTools: JSON.stringify(tools.map(t => ({
              id: t.id,
              hasDescription: !!t.description,
              descLength: t.description?.length || 0
            })))
          });
    
          // Find the skill tool
          const skillTool = tools.find(tool => tool.id === 'skill');
    
          this.logger.info('[handleGetCommands] Looking for skill tool', {
            found: !!skillTool,
            hasDescription: !!skillTool?.description,
            descPreview: skillTool?.description?.substring(0, 200)
          });
    
          const commands: Array<{ name: string; description: string }> = [];
    
          if (skillTool && skillTool.description) {
            // Parse the available skills from the skill tool's description
            // Format: ## Available Skills\n- **skill-name**: description
            // Show ALL skills in slash commands (even disabled ones) for manual use
            // The config controls which skills OpenCode auto-loads, not what's visible
    
            // Normalize line endings to handle \r\n (Windows) and \r (old Mac)
            const normalizedDescription = skillTool.description.replace(/\r\n/g, '\n').replace(/\r/g, '\n');
            const lines = normalizedDescription.split('\n');
            this.logger.info('[handleGetCommands] Splitting description into lines', {
              lineCount: lines.length,
              firstLines: lines.slice(0, 5),
              fullDescription: skillTool.description.substring(0, 500)
            });
    
            let inAvailableSection = false;
            let currentSkill: { name: string; description: string } | null = null;
    
            for (const line of lines) {
              if (line.includes('## Available Skills') || line.includes('Available Skills')) {
                inAvailableSection = true;
                continue;
              }
    
              if (inAvailableSection) {
                // Match format: - **skill-name**: description
                const match = line.match(/^-\s*\*\*([^*]+)\*\*:\s*(.+)$/);
                if (match) {
                  // Save previous skill if any
                  if (currentSkill) {
                    commands.push(currentSkill);
                  }
                  // Start new skill
                  currentSkill = {
                    name: match[1].trim(),
                    description: match[2].trim()
                  };
                } else if (line.startsWith('##') || line.startsWith('---')) {
                  // End of skills section - save last skill
                  if (currentSkill) {
                    commands.push(currentSkill);
                    currentSkill = null; // Clear to prevent double-push
                  }
                  break;
                } else if (line.trim().startsWith('- ') && currentSkill) {
                  // Continuation of description - remove the '- ' prefix
                  currentSkill.description += '\n' + line.trim().substring(2);
                } else if (line.trim().length > 0 && currentSkill) {
                  // Continuation of description (lines without '- ' prefix)
                  currentSkill.description += '\n' + line.trim();
                }
              }
            }
    
            // Don't forget to push the last skill if we didn't hit a break condition
            if (currentSkill) {
              commands.push(currentSkill);
            }
    
            this.logger.info('[handleGetCommands] Parsed ALL skills from skill tool', {
              count: commands.length,
              skills: commands.map(c => ({ name: c.name, descLength: c.description.length }))
            });
          } else {
            this.logger.warn('[handleGetCommands] No skill tool found or no description');
          }
    
          // If no skills found, do NOT fall back to all tools
          // This prevents showing system tools (edit, read, bash, etc.) as if they were skills
          if (commands.length === 0) {
            this.logger.warn('[handleGetCommands] No skills found, sending empty command list');
          }
    
          this.logger.info('[handleGetCommands] Sending commands to webview', {
            commandCount: commands.length,
            commands: commands.slice(0, 10).map(c => ({ name: c.name, desc: c.description }))
          });
    
          if (commands.length === 0) {
            this.logger.warn('[handleGetCommands] No commands found - this might indicate:', {
              reasons: [
                'Server not started or not ready',
                'No skills available in current config',
                'Skills not discovered by server',
                'Tool list API changed'
              ],
              suggestion: 'Check OpenCode server status and ensure skills are enabled in config'
            });
          }
    
          // Send the commands to the webview
          this.sendCommandsToWebview(commands);
        } catch (error) {
          this.logger.error('[handleGetCommands] Failed to load commands', {
            error: error instanceof Error ? error.message : String(error),
            stack: error instanceof Error ? error.stack : undefined
          });
    
          // Still send empty commands array to frontend even on error
          this.sendCommandsToWebview([]);
        }
      }
    
      /**
       * Send commands to the webview
       * Centralized method for sending slash commands to the chat interface
       */
      private sendCommandsToWebview(commands: Array<{ name: string; description: string }>): void {
        // CRITICAL: Check if view is available before sending message
        if (!this.view) {
          this.logger.error('[sendCommandsToWebview] Cannot send commands - webview is not available');
          return;
        }
    
        if (!this.view.webview) {
          this.logger.error('[sendCommandsToWebview] Cannot send commands - webview.webview is not available');
          return;
        }
    
        const message = {
          type: "commandsList",
          commands: commands,
        };
    
        this.logger.info('[sendCommandsToWebview] Posting message to webview', {
          messageType: message.type,
          commandsCount: message.commands.length,
          commandsPreview: message.commands.slice(0, 3).map(c => c.name)
        });
    
        try {
          const result = this.view.webview.postMessage(message);
          this.logger.info('[sendCommandsToWebview] postMessage returned', {
            success: result,
            result: String(result)
          });
    
          if (!result) {
            this.logger.error('[sendCommandsToWebview] postMessage returned false - webview may not be ready');
          }
        } catch (postError) {
          this.logger.error('[sendCommandsToWebview] postMessage threw an error', {
            error: postError instanceof Error ? postError.message : String(postError),
            stack: postError instanceof Error ? postError.stack : undefined
          });
        }
      }
    
      /**
       * Wrapper: Clear persisted subagent snapshot
       * Delegates to SubagentPersistence module
       */
      private async clearPersistedSubagentSnapshot(sessionId: string): Promise<void> {
        return this.subagentPersistence.clearPersistedSubagentSnapshot(sessionId);
      }
    
      /**
       * Wrapper: View plan
       * Delegates to PlanManager module
       */
      private async handleViewPlan(plan: {
        file?: string;
        content?: string;
        title?: string;
        intro?: string;
        summary?: string;
        files?: any[];
        fileCount?: number;
      }): Promise<void> {
        return this.planManager.handleViewPlan(plan);
      }
    
      /**
       * Wrapper: Set compaction view state
       * Delegates to CompactionManager module
       */
      private async handleSetCompactionViewState(message: {
        sessionId: string;
        state: any;
      }): Promise<void> {
        return this.compactionManager.handleSetCompactionViewState(message);
      }
    
      /**
       * Wrapper: Compact session
       * Delegates to CompactionManager module
       */
      private async handleCompactSession(
        sessionId: string,
        baselineStats?: { [key: string]: number },
      ): Promise<void> {
        const options: { auto?: boolean; threshold?: number } = {};
        if (baselineStats) {
          options.threshold = Object.values(baselineStats).reduce((sum, val) => sum + val, 0);
        }
        return this.compactionManager.handleCompactSession(
          sessionId,
          options,
          this.sessionService,
        );
      }
    
      /**
       * Wrapper: Apply session message overrides
       * Delegates to HistoryProcessor module
       */
      private async applySessionMessageOverrides(
        sessionId: string,
        messages: any[],
      ): Promise<any[]> {
        return this.historyProcessor.applySessionMessageOverrides(sessionId, messages);
      }
    
      /**
       * Wrapper: Normalize structured output
       * Delegates to StructuredOutputProcessor module
       */
      private normalizeStructuredOutput(
        content: string,
        context: {
          source?: string;
          providerID?: string;
          modelID?: string;
        },
      ): any {
        return this.structuredOutputProcessor.normalizeStructuredOutput(content, context);
      }
    
      /**
       * Wrapper: Persist session message override
       * Delegates to HistoryProcessor module
       */
      private async persistSessionMessageOverride(
        sessionId: string,
        override: any,
      ): Promise<void> {
        return this.historyProcessor.persistSessionMessageOverride(sessionId, override);
      }
    
      /**
       * Wrapper: Normalize plan proceed user message
       * Delegates to PlanManager module
       */
      private normalizePlanProceedUserMessage(message: any): any {
        return this.planManager.normalizePlanProceedUserMessage(message);
      }
    
      /**
       * Wrapper: Log stream event diagnostics
       * Delegates to DiagnosticsLogger module
       */
      private logStreamEventDiagnostics(event: any, enrichedEvent?: any): void {
        this.diagnosticsLogger.logStreamEventDiagnostics(event, enrichedEvent);
      }
    
      /**
       * Wrapper: Enrich message with plan
       * Delegates to StructuredOutputProcessor module
       */
      private enrichMessageWithPlan(message: any): any {
        return this.structuredOutputProcessor.enrichMessageWithPlan(message);
      }
    
      /**
       * Check if value is an interactive response type
       */
      private isInteractiveResponseType(value: unknown): boolean {
        return this.structuredOutputProcessor.isInteractiveResponseType(value);
      }
    
      /**
       * Check if content is a clarification questionnaire
       */
      private isClarificationQuestionnaire(content: unknown): boolean {
        return this.structuredOutputProcessor.isClarificationQuestionnaire(content);
      }
    
      /**
       * Get structured output model key
       */
      private getStructuredOutputModelKey(
        providerID?: string,
        modelID?: string,
      ): string {
        return this.structuredOutputProcessor.getStructuredOutputModelKey(
          this.firstNonEmptyString(providerID, modelID) || "",
        );
      }
    
      /**
       * Create fallback message from structured output
       */
      private createFallbackMessage(structured: any): string | undefined {
        return this.structuredOutputProcessor.createFallbackMessage(structured);
      }
    
      /**
       * Get the selected structured output model key
       */
      private getSelectedStructuredOutputModelKey(): string | undefined {
        return this.structuredOutputProcessor.getSelectedStructuredOutputModelKey();
      }
    
      /**
       * Dispatch interactive response
       */
      private async dispatchInteractiveResponse(payload: {
        sessionId?: string;
        text?: string;
        userFacingText?: string;
        agent?: string;
      }): Promise<void> {
        const text = typeof payload.text === "string" ? payload.text.trim() : "";
        if (!text) {
          return;
        }
    
        const sessionId = await this.resolveQueueSessionId(payload.sessionId);
        if (!sessionId) {
          const message =
            "Unable to send interactive response because no active session could be resolved.";
          this.view?.webview.postMessage({
            type: "error",
            message,
          });
          vscode.window.showErrorMessage(message);
          return;
        }
    
        if (this.awaitingInteractiveAnswer) {
          // Match webview's 15s window to prevent popover reappearing during transition
          this.interactiveResponseTransitionUntil = Date.now() + 15000;
        }
    
        // Don't force stop ongoing requests - let schedulePromptDispatch handle mode switching
        // This uses the same intelligent "steer" mode as normal messages instead of blocking
        this.currentSessionId = sessionId;
        await this.schedulePromptDispatch("send-now", {
          sessionId,
          text,
          agent: payload.agent,
          userFacingText: payload.userFacingText,
        });
      }
    
      /**
       * Resolve queue session ID
       */
      private async resolveQueueSessionId(
        requestedSessionId?: string,
      ): Promise<string | undefined> {
        const explicitSessionId = this.firstNonEmptyString(requestedSessionId);
        if (explicitSessionId) {
          if (!this.currentSessionId) {
            this.currentSessionId = explicitSessionId;
          }
          return explicitSessionId;
        }
    
        const currentId = this.firstNonEmptyString(this.currentSessionId);
        if (currentId) {
          return currentId;
        }
    
        try {
          const session = await this.sessionService.getCurrentSession();
          const sessionId = this.firstNonEmptyString(session?.id);
          if (sessionId) {
            this.currentSessionId = sessionId;
          }
          return sessionId;
        } catch (error) {
          this.logger.error("Failed to resolve queue session ID", { err: error });
          return undefined;
        }
      }
    
      /**
       * History processing methods - delegate to HistoryProcessor
       */
      private dedupeMirrorHistoryMessages(messages: any[]): any[] {
        return this.historyProcessor.dedupeMirrorHistoryMessages(messages);
      }
    
      private mergeAdjacentAssistantActivityMessages(messages: any[]): any[] {
        return this.historyProcessor.mergeAdjacentAssistantActivityMessages(messages);
      }
    
      private mergeConsecutiveAssistantBursts(messages: any[]): any[] {
        return this.historyProcessor.mergeConsecutiveAssistantBursts(messages);
      }
    
      private getLatestAssistantHistoryMarker(messages: any[]): {
        id?: string;
        fingerprint?: string;
        createdAt?: number;
        richness: number;
      } {
        return this.historyProcessor.getLatestAssistantHistoryMarker(messages);
      }
    
      private hasAssistantHistoryAdvanced(
        latest:
          | any[]
          | { id?: string; fingerprint?: string; createdAt?: number; richness?: number }
          | undefined,
        baseline:
          | any[]
          | { id?: string; fingerprint?: string; createdAt?: number; richness?: number }
          | undefined,
      ): boolean {
        return this.historyProcessor.hasAssistantHistoryAdvanced(latest, baseline);
      }
    
      /**
       * Subagent methods - delegate to SubagentPersistence
       */
      private async persistSubagentLiveState(
        sessionId: string,
        payload: unknown,
      ): Promise<void> {
        await this.subagentPersistence.persistSubagentLiveState(sessionId, payload as SubagentUpdatePayload);
      }
    
      private buildSubagentPayloadFromMessage(message: any, sessionId?: string): any {
        return this.subagentPersistence.buildSubagentPayloadFromMessage(message, sessionId ?? '');
      }
    
      /**
       * Diagnostics logging - delegate to DiagnosticsLogger
       */
      private logHistoryRenderDiagnostics(
        source: string,
        sessionId: string,
        rawMessages: any[],
        processedMessages: any[],
      ): void {
        return this.diagnosticsLogger.logHistoryRenderDiagnostics(
          source,
          sessionId,
          rawMessages,
          processedMessages,
        );
      }
    
      /**
       * Session settings - delegate to ModelAndAgentManager
       */
      private async persistSessionSettings(
        sessionId: string,
        settings: {
          providerID?: string;
          modelID?: string;
          agent?: string;
          thinkingLevel?: string;
        },
      ): Promise<void> {
        const partial: any = {};
        if (settings.providerID) partial.providerID = settings.providerID;
        if (settings.modelID) partial.modelID = settings.modelID;
        if (settings.agent) partial.agent = settings.agent;
        if (settings.thinkingLevel) partial.thinkingLevel = settings.thinkingLevel;
        return this.modelAndAgentManager.persistSessionSettings(sessionId, partial);
      }
    
      private async resolvePromptVariant(sessionId: string): Promise<string | undefined> {
        return this.modelAndAgentManager.resolvePromptVariant(sessionId);
      }
    
      /**
       * Structured output methods - delegate to StructuredOutputProcessor
       */
      private getStructuredOutputFormat(): Record<string, unknown> {
        return this.structuredOutputProcessor.getStructuredOutputFormat();
      }
    
      private shouldUseStructuredOutput(modelKey: string): boolean {
        return this.structuredOutputProcessor.shouldUseStructuredOutput(modelKey);
      }
    
      private isRenderableTextPart(part: unknown): boolean {
        return this.structuredOutputProcessor.isRenderableTextPart(part);
      }
    
      private deriveQuestionPromptFromInteractivePayload(payload: {
        question: string;
        options?: any[];
      }): string {
        return this.structuredOutputProcessor.deriveQuestionPromptFromInteractivePayload(payload);
      }
    
      private isLowValueInteractiveBodyText(value: string): boolean {
        return this.structuredOutputProcessor.isLowValueInteractiveBodyText(value);
      }
    
      /**
       * Plan methods - delegate to PlanManager
       */
      private collectPlanFileCandidatesFromStructuredPlan(structured: any): string[] {
        return this.planManager.collectPlanFileCandidatesFromStructuredPlan(structured);
      }
    
      private resolvePlanTitle(options: {
        plan?: { title?: string; file?: string };
        planFile?: string;
        fallback?: string;
        explicitTitle?: string;
      }): string | undefined {
        return this.planManager.resolvePlanTitle(options);
      }
    
      /**
       * Session methods - delegate to SessionHandler
       */
      private sendProcessingSessionsUpdate(): void {
        this.view?.webview.postMessage({
          type: "SET_PROCESSING_SESSIONS",
          payload: Array.from(this.processingSessionIds),
        });
      }
    
      /**
       * Diagnostics methods - delegate to DiagnosticsLogger
       */
      private async logPromptRequestPayload(
        sessionId: string,
        promptBody: any,
        useStructuredOutput: boolean,
      ): Promise<void> {
        return this.diagnosticsLogger.logPromptRequestPayload(
          sessionId,
          promptBody,
          useStructuredOutput,
        );
      }
    
      private async logPromptResponsePayload(
        sessionId: string,
        response: any,
        durationSeconds: number,
        useStructuredOutput: boolean,
      ): Promise<void> {
        return this.diagnosticsLogger.logPromptResponsePayload(
          sessionId,
          response,
          durationSeconds,
          useStructuredOutput,
        );
      }
    
      private logPromptResponseDiagnostics(
        sessionId: string,
        responseData: any,
      ): void {
        return this.diagnosticsLogger.logPromptResponseDiagnostics(
          sessionId,
          responseData,
        );
      }
    
      private buildRawResponseDebugText(response: any): string {
        return this.diagnosticsLogger.buildRawResponseDebugText(response);
      }
    
      /**
       * Subagent helper methods (not moved to modules, kept in ChatViewProvider)
       */
      private hasStructuredSubagentSignal(messageRaw: unknown): boolean {
        if (!messageRaw || typeof messageRaw !== "object") {
          return false;
        }
        const message = messageRaw as any;
        const subagents = message?.subagents;
        return (
          Array.isArray(subagents) &&
          subagents.length > 0 &&
          subagents.some((s: any) => s?.status === "structured")
        );
      }
    
      private extractMessageId(message: any): string | undefined {
        if (!message) return undefined;
        const id =
          this.firstNonEmptyString(
            message?.id,
            message?.messageId,
            message?.info?.id,
            message?.info?.messageId,
          ) ||
          (typeof message?.info?._id === "string"
            ? message.info._id
            : undefined);
        return id;
      }
    
      /**
       * Compaction methods - delegate to CompactionManager
       */
      private async maybeAutoCompact(
        sessionId: string,
        responseData: unknown,
      ): Promise<void> {
        return this.compactionManager.maybeAutoCompact(
          sessionId,
          responseData,
          this.sessionService,
        );
      }
    
      /**
       * Plan file methods - delegate to PlanManager (public interface)
       * Note: normalizePlanFileReference is private in PlanManager, so we call it through
       * other public methods or recreate the logic if needed
       */
      private normalizePlanFileReference(file: unknown): string | undefined {
        // This is a private method in PlanManager, but we need access to it.
        // For now, duplicate the minimal logic needed here.
        const raw = this.firstNonEmptyString(file);
        if (!raw) {
          return undefined;
        }
    
        let value = raw.trim();
        if (!value) {
          return undefined;
        }
    
        if (value.startsWith("file://")) {
          try {
            const uri = vscode.Uri.parse(value);
            if (uri.scheme === "file" && uri.fsPath) {
              value = uri.fsPath;
            }
          } catch {
            // Keep string cleanup fallback below.
          }
        }
    
        // Strip common markdown wrappers around file paths.
        value = value
          .replace(/^`+|`+$/g, "")
          .replace(/^"+|"+$/g, "")
          .replace(/^'+|'+$/g, "")
          .replace(/^<+|>+$/g, "")
          .replace(/^\(+|\)+$/g, "")
          .trim();
    
        return value || undefined;
      }
    
      private resolvePlanFileCandidates(planFile: string): string[] {
        return this.planManager.resolvePlanFileCandidates(planFile);
      }
    
      private async persistPlan(
        content: string,
        preferredPath?: string,
      ): Promise<string | undefined> {
        return this.planManager.persistPlan(content, preferredPath);
      }
    
      private async readPlanFileFromDisk(filePath: string): Promise<string | undefined> {
        // This is a private method in PlanManager, duplicate the minimal logic here
        try {
          const normalized = path.normalize(filePath);
          const content = await vscode.workspace.fs.readFile(
            vscode.Uri.file(normalized),
          );
          return Buffer.from(content).toString("utf-8");
        } catch {
          return undefined;
        }
      }
    
      private prioritizePlanFileCandidates(
        candidates: Array<unknown>,
        explicitFiles?: Set<string>,
      ): string[] {
        return this.planManager.prioritizePlanFileCandidates(candidates, explicitFiles);
      }
    
      private extractMarkdownFileReferences(text: unknown): string[] {
        return this.planManager.extractMarkdownFileReferences(text);
      }
    
      private discoverLikelyPlanFileCandidates(): Promise<string[]> {
        return this.planManager.discoverLikelyPlanFileCandidates();
      }
    
      /**
       * Normalize compaction baseline stats
       * Converts raw stats object to normalized format
       */
      private normalizeCompactionBaselineStats(
        value: unknown,
      ): { [key: string]: number } | undefined {
        const rec = this.asRecord(value);
        if (!rec) {
          return undefined;
        }
    
        const normalize = (raw: unknown): number | undefined =>
          typeof raw === "number" && Number.isFinite(raw) && raw >= 0
            ? Math.floor(raw)
            : undefined;
    
        const input = normalize(rec.input);
        const output = normalize(rec.output);
        const read = normalize(rec.read);
        const write = normalize(rec.write);
        const duration = normalize(rec.duration);
    
        if (
          input === undefined &&
          output === undefined &&
          read === undefined &&
          write === undefined &&
          duration === undefined
        ) {
          return undefined;
        }
    
        return {
          input: input ?? 0,
          output: output ?? 0,
          read: read ?? 0,
          write: write ?? 0,
          duration: duration ?? 0,
        };
      }
    
      resolveWebviewView(
        webviewView: vscode.WebviewView,
        _context: vscode.WebviewViewResolveContext,
        _token: vscode.CancellationToken,
      ): void | Thenable<void> {
        this.logger.info("[ChatViewProvider] resolving webview view");
        this.view = webviewView;
        this.isBootstrappingWebview = false;
        this.hasInitializedWebview = false;
        this.sessionsListRequestVersion = 0;
        this.lastSessionsPayloadFingerprint = undefined;
    
        webviewView.webview.options = {
          enableScripts: true,
          localResourceRoots: [this.context.extensionUri],
        };
    
        // Handle messages from webview
        webviewView.webview.onDidReceiveMessage(async (message) => {
          const { type } = message;
    
          // Log all UI interactions for debugging
          this.logger.logUIInteraction('ChatView', type, message.type, message as Record<string, unknown>);
    
          switch (type) {
            case "ready": {
              this.logger.debug(`${LoggingCategories.UI_INTERACTION} Webview ready`, {
                viewType: 'chat',
              });
    
              if (this.isBootstrappingWebview) {
                break;
              }
    
              this.isBootstrappingWebview = true;
              // A reloaded webview starts with empty client state. Force a fresh
              // sessions payload even if the underlying list fingerprint is unchanged.
              this.lastSessionsPayloadFingerprint = undefined;
              if (!this.hasInitializedWebview) {
                // Reply immediately so the webview stops retrying `ready` while
                // slower bootstrap tasks (models/sessions) are still loading.
                this.view?.webview.postMessage({
                  type: "initState",
                  serverStatus: this.serverManager.getStatus(),
                  selectedModel: this.selectedModel,
                  selectedAgent: this.selectedAgent,
                  serverVersion: this.serverManager.getVersion(),
                  currentSessionId: this.currentSessionId,
                  todoItems: this.loadPersistedTodos(this.currentSessionId).items,
                });
                this.hasInitializedWebview = true;
              }
    
              try {
                // Fetch models so they're available in the webview on startup.
                // We await this to ensure models are loaded before sending initState.
                // Network issues are handled gracefully inside handleGetModels with fallback models.
                const models = await this.modelAndAgentManager.handleGetModels();
                await this.modelAndAgentManager.reconcileSelectedModelSelection(models);
    
                // Sync default agent selection
                await this.syncCLIAgents();
    
                // Fetch and send full agents list to webview
                await this.modelAndAgentManager.handleGetAgents();
    
                // TEMPORARILY DISABLED: Fetch and send commands list for SkillsPanel
                // This is loading 700+ skills and causing massive delays
                // TODO: Re-enable after implementing proper pagination/lazy loading
                // void this.handleGetCommands().catch((error) => {
                //   this.logger.warn("Background commands loading failed during ready bootstrap", { err: error });
                // });
                this.logger.info("⚠️ [PERF] Command loading disabled temporarily (700+ skills bottleneck)");
    
                // Resolve the active session before sending initState so that
                // per-session settings (agent / model / thinking) are applied first.
                const currentSession =
                  await this.sessionService.getCurrentSession();
                if (currentSession) {
                  this.currentSessionId = currentSession.id;
                  await this.applySessionSettings(currentSession.id);
                }
    
                // Send refreshed init state reflecting the session-specific selections
                this.view?.webview.postMessage({
                  type: "initState",
                  serverStatus: this.serverManager.getStatus(),
                  selectedModel: this.selectedModel,
                  selectedAgent: this.selectedAgent,
                  serverVersion: this.serverManager.getVersion(),
                  currentSessionId: this.currentSessionId,
                });
    
                // Restore the session-specific thinking level (separate message type)
                const bootstrapThinkingLevel =
                  (currentSession
                    ? this.getSessionSettings(currentSession.id).thinkingLevel
                    : undefined) ??
                  this.context.globalState.get<string>("thinkingLevel");
                if (bootstrapThinkingLevel) {
                  this.view?.webview.postMessage({
                    type: "thinkingLevelUpdate",
                    level: bootstrapThinkingLevel,
                  });
                }
                // Fire-and-forget: fetch and broadcast current model capabilities on bootstrap (unconditional)
                void this.modelCapabilitiesService
                  .getCapabilities(
                    this.selectedModel?.providerID ?? "",
                    this.selectedModel?.modelID ?? "",
                  )
                  .then((capability) => {
                    this.view?.webview.postMessage({
                      type: "modelCapabilityUpdate",
                      capability: capability ?? null,
                    });
                  })
                  .catch(() => {
                    // Minimal failure tracking for bootstrap capability fetches
                    try {
                      this.capabilityFetchFailureCount = (this.capabilityFetchFailureCount || 0) + 1;
                      if (this.capabilityFetchFailureCount >= 3) {
                        vscode.window.showWarningMessage(
                          "Could not fetch model capabilities. Thinking level control may be unavailable.",
                        );
                        this.capabilityFetchFailureCount = 0;
                      }
                    } catch (e) {
                      // best-effort only
                    }
                  });
    
                // Send initial budget status
                this.sendBudgetInfo();
    
                // Fetch and send chat history and sessions list
                if (currentSession) {
                  this.subagentTracker.setActiveSession(currentSession.id);
                  const rawMessages = await this.sessionService.getMessages(
                    currentSession.id,
                  );
                  const messages = await this.processHistoryMessages(
                    rawMessages,
                    currentSession.id,
                  );
                  this.logHistoryRenderDiagnostics(
                    "webview.ready.current-session",
                    currentSession.id,
                    rawMessages,
                    messages,
                  );
                  this.view?.webview.postMessage({
                    type: "chatHistory",
                    messages: messages,
                  });
                  await this.sendPersistedCompactionViewState(currentSession.id);
                  const subagentSnapshotPayload =
                    await this.syncSubagentSnapshotForSession(
                      currentSession.id,
                      messages as any[],
                    );
                  this.view?.webview.postMessage({
                    type: "subagentSnapshot",
                    ...subagentSnapshotPayload,
                  });
                  this.sendQueueUpdate(currentSession.id);
                } else {
                  this.subagentTracker.resetForSession(null);
                  this.view?.webview.postMessage({
                    type: "subagentSnapshot",
                    ...this.subagentTracker.getSnapshotPayload(),
                  });
                }
    
                await this.handleGetSessions();
                this.refreshView();
    
                // Fetch live MCP and LSP server status from OpenCode SDK
                this.handleGetMcpStatus().catch(() => { });
                this.handleGetLspStatus().catch(() => { });
    
                // Send quota data or trigger initial fetch
                const quotaData = this.quotaService.cachedData;
                if (quotaData !== undefined) {
                  this.view?.webview.postMessage({
                    type: "quotaData",
                    data: quotaData,
                  });
                } else {
                  this.quotaService.refreshQuota().catch(() => { });
                }
                // Send initial theme data
                await this.sendThemeDataToWebview();
              } finally {
                this.isBootstrappingWebview = false;
              }
              break;
            }
            case "sendMessage":
            case "sendPrompt": {
              const correlationId = this.logger.startFeatureFlow('send-message', {
                hasFiles: message.files?.length > 0,
                hasImages: message.images?.length > 0,
                textLength: message.text?.length,
              });
    
              this.logger.info(`${LoggingCategories.UI_INTERACTION} User initiated message send`, {
                correlationId,
                hasFiles: message.files?.length > 0,
                hasImages: message.images?.length > 0,
                textLength: message.text?.length,
              });
    
              try {
                await this.schedulePromptDispatch("send-now", {
                  sessionId: message.sessionId,
                  text: message.text,
                  files: message.files,
                  contexts: message.contexts,
                  images: message.images,
                  agent: message.agent,
                });
                this.logger.endFeatureFlow(correlationId, { success: true });
              } catch (err) {
                this.logger.error(
                  `${LoggingCategories.UI_INTERACTION} Failed to send message`,
                  { correlationId, error: (err as Error).message }
                );
                this.logger.endFeatureFlow(correlationId, { success: false });
              }
              break;
            }
            case "persistAssistantMessage": {
              const sessionId = this.firstNonEmptyString(
                message.sessionId,
                this.currentSessionId,
              );
              if (!sessionId || !message.message) {
                break;
              }
              await this.sessionService.upsertMessage(sessionId, message.message);
              await this.persistSessionMessageOverride(sessionId, message.message);
              const snapshotFromMessage = this.buildSubagentPayloadFromMessage(
                message.message,
                sessionId,
              );
              if (snapshotFromMessage) {
                await this.persistSubagentLiveState(sessionId, snapshotFromMessage);
              }
              break;
            }
            case "interactiveResponse": {
              const choiceText =
                this.firstNonEmptyString(
                  message?.selection?.value,
                  message?.selection?.label,
                  message?.text,
                ) || "";
              if (!choiceText) {
                break;
              }
    
              // FIX: Send just the choice text, no special formatting
              const composedPrompt = choiceText;
              const userFacingText = this.firstNonEmptyString(
                message?.displayText,
                choiceText,
              );
    
              await this.dispatchInteractiveResponse({
                sessionId: message?.sessionId,
                text: composedPrompt,
                userFacingText,
                agent: message?.agent,
              });
              break;
            }
            case "batchInteractiveResponse": {
              const responses = message.responses as Array<{
                eventId: string;
                eventType: string;
                text: string;
                questionText?: string;
              }>;
              if (!responses || responses.length === 0) {
                break;
              }
    
              // Preserve question context in the prompt so model-side continuation
              // is grounded, while the webview controls user-facing rendering text.
              const composedPrompt = responses
                .map((resp, index) => {
                  const answer = this.firstNonEmptyString(resp.text) || "";
                  if (!answer) {
                    return "";
                  }
                  const question = this.firstNonEmptyString(resp.questionText) || "";
                  if (!question) {
                    return `Answer ${index + 1}: ${answer}`;
                  }
                  return `Question ${index + 1}: ${question}\nAnswer: ${answer}`;
                })
                .filter((value) => value.length > 0)
                .join("\n\n");
    
              if (!composedPrompt) {
                break;
              }
    
              const userFacingText = this.firstNonEmptyString(
                message?.displayText,
                composedPrompt,
              );
    
              await this.dispatchInteractiveResponse({
                sessionId: message?.sessionId,
                text: composedPrompt,
                userFacingText,
                agent: message?.agent,
              });
              break;
            }
            case "newSession":
            case "createSession": {
              const correlationId = this.logger.startFeatureFlow('create-session');
    
              this.logger.info(`${LoggingCategories.UI_INTERACTION} User creating new session`, {
                correlationId,
              });
    
              try {
                const createdSession = await this.sessionService.createNewSession();
                this.currentSessionId = createdSession.id;
                this.logger.info(`${LoggingCategories.UI_INTERACTION} New session created`, {
                  correlationId,
                  sessionId: createdSession.id,
                });
                this.logger.endFeatureFlow(correlationId, {
                  success: true,
                  sessionId: createdSession.id,
                });
    
                // Clear in-memory todo cache for the newly created session.
                this.clearSessionTodos();
                this.subagentTracker.resetForSession(createdSession.id);
                await this.clearPersistedSubagentSnapshot(createdSession.id);
                this.sendQueueUpdate(createdSession.id);
    
                // Always use "build" as the default agent for new sessions
                // This prevents new sessions from inheriting an agent that was
                // selected in a previous session (e.g., "Sisyphus (Ultraworker)")
                this.selectedAgent = "build";
                await this.persistSessionSettings(createdSession.id, {
                  agent: "build",
                });
    
                await this.handleGetSessions(); // Update list
                this.refreshView();
    
                // Clear webview messages
                this.view?.webview.postMessage({
                  type: "chatHistory",
                  messages: [],
                });
                this.view?.webview.postMessage({
                  type: "subagentSnapshot",
                  ...this.subagentTracker.getSnapshotPayload(),
                });
              } catch (error) {
                this.logger.error(
                  `${LoggingCategories.UI_INTERACTION} Failed to create session`,
                  { correlationId, error: (error as Error).message }
                );
                this.logger.endFeatureFlow(correlationId, { success: false });
              }
              break;
            }
            case "viewPlan": {
              this.logger.logUIInteraction('ChatView', 'view-plan', message.plan, {
                planFile: message.plan,
              });
    
              this.logger.info(`${LoggingCategories.UI_INTERACTION} User viewing plan`, {
                planFile: message.plan,
              });
    
              if (message.plan) {
                await this.handleViewPlan(message.plan);
              }
              break;
            }
            case "openDiff": {
              this.handleOpenDiff(message.file);
              break;
            }
            case "openFile": {
              await this.handleOpenFile(message.file);
              break;
            }
            case "reviewChanges": {
              this.handleReviewChanges();
              break;
            }
            case "searchFiles":
            case "getMentions": {
              await this.handleSearchFiles(message.query);
              break;
            }
            case "getOpenCodeConfig": {
              await this.handleGetOpenCodeConfig(message.fileName);
              break;
            }
            case "saveOpenCodeConfig": {
              await this.handleSaveOpenCodeConfig(message.content, message.filePath);
              break;
            }
            case "selectModel":
            case "setModel": {
              // Normalize incoming model to always include providerName.
              const incoming =
                message.model || {
                  providerID: message.providerID,
                  modelID: message.modelID,
                } ||
                {};
              if (!incoming.providerID || !incoming.modelID) {
                this.logger.warn("Ignoring invalid model selection payload; providerID and modelID are required.", { incoming });
                break;
              }
              let providerName: string | undefined = incoming.providerName;
              if (!providerName) {
                // Try to resolve from cached models if available
                const found = this.availableModels?.find(
                  (m) =>
                    m.providerID === incoming.providerID &&
                    m.modelID === incoming.modelID,
                );
                providerName = found?.providerName || incoming.providerID;
              }
    
              this.selectedModel = {
                providerID: incoming.providerID,
                modelID: incoming.modelID,
                providerName,
              };
    
              // Persist selection
              await this.context.globalState.update(
                "selectedModel",
                this.selectedModel,
              );
              if (this.currentSessionId) {
                await this.persistSessionSettings(this.currentSessionId, {
                  providerID: this.selectedModel?.providerID,
                  modelID: this.selectedModel?.modelID,
                });
              }
              this.logger.info("Persisted model selection", {
                modelID: this.selectedModel.modelID,
                providerName: this.selectedModel.providerName,
              });
    
              // Fetch and broadcast model capabilities (fire-and-forget).
              void this.modelCapabilitiesService
                .getCapabilities(
                  this.selectedModel.providerID,
                  this.selectedModel.modelID,
                )
                .then(async (capability) => {
                  this.capabilityFetchFailureCount = 0;
                  // Broadcast capability update (preserve existing behaviour)
                  this.view?.webview.postMessage({
                    type: "modelCapabilityUpdate",
                    capability: capability ?? null,
                  });
    
                  // Check for stale persisted thinking level and clear if it's no
                  // longer supported by the newly selected model.
                  try {
                    const persistedLevel =
                      (this.currentSessionId
                        ? this.getSessionSettings(this.currentSessionId).thinkingLevel
                        : undefined) ?? this.context.globalState.get<string>("thinkingLevel");
    
                    const newVariants = capability?.variants;
                    const isStale =
                      persistedLevel &&
                      (!Array.isArray(newVariants) || newVariants.length === 0 || !newVariants.includes(persistedLevel));
    
                    if (isStale) {
                      this.logger.warn("Clearing stale thinking level on model switch", {
                        staleLevel: persistedLevel,
                        newVariants,
                        modelID: this.selectedModel?.modelID,
                      });
    
                      // Clear from globalState
                      await this.context.globalState.update("thinkingLevel", undefined);
    
                      // Clear from session settings if applicable
                      if (this.currentSessionId) {
                        await this.persistSessionSettings(this.currentSessionId, {
                          thinkingLevel: undefined,
                        });
                      }
    
                      // Notify webview to reset its displayed thinking level
                      this.view?.webview.postMessage({
                        type: "thinkingLevelUpdate",
                        level: "",
                      });
                    }
                  } catch (err) {
                    // Best-effort only — log and continue
                    this.logger.warn("Error while checking/clearing stale thinking level", { err });
                  }
                })
                .catch((err) => {
                  this.logger.warn(
                    "Failed to fetch model capabilities on model switch",
                    { err },
                  );
                  this.view?.webview.postMessage({
                    type: "modelCapabilityUpdate",
                    capability: null,
                  });
                  try {
                    this.capabilityFetchFailureCount = (this.capabilityFetchFailureCount || 0) + 1;
                    if (this.capabilityFetchFailureCount >= 3) {
                      vscode.window.showWarningMessage(
                        "Could not fetch model capabilities. Thinking level control may be unavailable.",
                      );
                      this.capabilityFetchFailureCount = 0;
                    }
                  } catch (_) {
                    // best-effort only
                  }
                });
              break;
            }
            case "selectAgent":
            case "setAgent": {
              const oldAgent = this.selectedAgent;
              this.selectedAgent = message.agent;
    
              this.logger.logStateChange(
                'selected-agent',
                oldAgent,
                message.agent,
                'user-selection'
              );
    
              this.logger.info(`${LoggingCategories.UI_INTERACTION} User selected agent`, {
                fromAgent: oldAgent,
                toAgent: message.agent,
              });
    
              if (this.currentSessionId) {
                await this.persistSessionSettings(this.currentSessionId, {
                  agent: message.agent,
                });
              }
              break;
            }
            case "getAgents": {
              this.handleGetAgents();
              break;
            }
            case "getCommands": {
              this.logger.info('[onDidReceiveMessage] Received getCommands message');
              await this.handleGetCommands();
              break;
            }
            case "getModels": {
              await this.handleGetModels();
              break;
            }
            case "getSessions": {
              await this.handleGetSessions();
              break;
            }
            case "loadSession":
            case "openSession":
            case "switchSession": {
              const correlationId = this.logger.startFeatureFlow('switch-session', {
                targetSessionId: message.sessionId,
              });
    
              this.logger.info(`${LoggingCategories.UI_INTERACTION} User switching session`, {
                correlationId,
                fromSessionId: this.currentSessionId,
                toSessionId: message.sessionId,
              });
    
              try {
                await this.handleLoadSession(message.sessionId);
                this.logger.endFeatureFlow(correlationId, { success: true });
              } catch (error) {
                this.logger.error(
                  `${LoggingCategories.UI_INTERACTION} Failed to switch session`,
                  { correlationId, fromSessionId: this.currentSessionId, toSessionId: message.sessionId, error: (error as Error).message }
                );
                this.logger.endFeatureFlow(correlationId, { success: false });
              }
              break;
            }
            case "deleteSession": {
              await this.handleDeleteSession(message.sessionId);
              break;
            }
            case "renameSession": {
              await this.handleRenameSession(message.sessionId, message.newTitle);
              break;
            }
            case "stopRequest": {
              await this.handleStopRequest(message.sessionId);
              break;
            }
            case "compactSession": {
              await this.handleCompactSession(
                message.sessionId,
                this.normalizeCompactionBaselineStats(message.baselineStats),
              );
              break;
            }
            case "setCompactionViewState": {
              await this.handleSetCompactionViewState(message);
              break;
            }
            case "addToQueue": {
              await this.schedulePromptDispatch("queue", {
                sessionId: message.sessionId,
                text: message.text,
                files: message.files,
                contexts: message.contexts,
                images: message.images,
                agent: message.agent,
              });
              break;
            }
            case "steerMessage": {
              await this.schedulePromptDispatch("steer", {
                sessionId: message.sessionId,
                text: message.text,
                files: message.files,
                contexts: message.contexts,
                images: message.images,
                agent: message.agent,
              });
              break;
            }
            case "sendQueuedItemNow": {
              await this.handleDispatchQueuedItem(
                "send-now",
                message.sessionId,
                message.id,
                message.index,
              );
              break;
            }
            case "steerQueuedItem": {
              await this.handleDispatchQueuedItem(
                "steer",
                message.sessionId,
                message.id,
                message.index,
              );
              break;
            }
            case "attachFiles": {
              await this.handleAttachFiles();
              break;
            }
            case "attachImage": {
              await this.handleAttachImage();
              break;
            }
            case "removeFromQueue": {
              await this.handleRemoveFromQueue(
                message.sessionId,
                message.id,
                message.index,
              );
              break;
            }
            case "clearQueue": {
              await this.handleClearQueue(message.sessionId);
              break;
            }
            case "executeQueue": {
              await this.handleExecuteQueue(message.sessionId);
              break;
            }
            case "log": {
              const { level, message: logMsg, category, context } = message;
              const prefix = category ? `[${category}]` : "[WebView]";
              try {
                const levelStr = (level || "info").toLowerCase();
                const msgStr =
                  typeof logMsg === "string"
                    ? logMsg.length > 2000
                      ? `${logMsg.slice(0, 2000)}...[truncated ${logMsg.length - 2000} chars]`
                      : logMsg
                    : JSON.stringify(logMsg);
                const ctx = { ...(context || {}), source: prefix };
                switch (levelStr) {
                  case "error":
                    this.logger.error(msgStr, ctx as Record<string, unknown>);
                    break;
                  case "warn":
                    this.logger.warn(msgStr, ctx as Record<string, unknown>);
                    break;
                  case "debug":
                    this.logger.debug(msgStr, ctx as Record<string, unknown>);
                    break;
                  case "info":
                  default:
                    this.logger.info(msgStr, ctx as Record<string, unknown>);
                    break;
                }
              } catch (err) {
                // If logging from webview fails, don't let it crash the provider
                this.logger.warn("Failed to forward webview log message", { err });
              }
              break;
            }
            case "refreshQuota": {
              await this.quotaService.refreshQuota();
              break;
            }
            case "setThinkingLevel": {
              const level = message.level as string | undefined;
              if (level) {
                await this.context.globalState.update("thinkingLevel", level);
                if (this.currentSessionId) {
                  await this.persistSessionSettings(this.currentSessionId, {
                    thinkingLevel: level,
                  });
                }
                this.logger.info("Thinking level set", { level });
                // NOTE: The webview handler only listens for 'thinkingLevelUpdate' (not 'thinkingLevelSet')
                this.view?.webview.postMessage({
                  type: "thinkingLevelUpdate",
                  level,
                });
              }
              break;
            }
            case "toggleMode": {
              const correlationId = this.logger.startFeatureFlow('toggle-mode', {
                fromMode: this.currentMode,
                toMode: message.mode,
              });
    
              this.logger.info('User toggled chat mode', {
                correlationId,
                fromMode: this.currentMode,
                toMode: message.mode,
              });
    
              try {
                await this.handleToggleMode(message.mode);
                this.logger.endFeatureFlow(correlationId, { success: true });
              } catch (error) {
                this.logger.error('Failed to toggle mode', {
                  correlationId,
                  error: (error as Error).message,
                });
                this.logger.endFeatureFlow(correlationId, { success: false });
              }
              break;
            }
            case "addAttachment": {
              const attachment = message.attachment;
              if (!attachment) break;
              const existing = (this.context.globalState.get<any[]>(
                "pendingAttachments",
              ) || []) as any[];
              existing.push(attachment);
              await this.context.globalState.update("pendingAttachments", existing);
              this.view?.webview.postMessage({
                type: "attachmentAdded",
                attachmentId: attachment.id,
              });
              break;
            }
            case "retryLastMessage": {
              const retrySessionId = this.currentSessionId;
              if (this.lastSendMessageArgs && retrySessionId && !this.processingSessionIds.has(retrySessionId)) {
                const retryWithoutStructuredOutput =
                  message.retryWithoutStructuredOutput === true;
                if (this.currentSessionId) {
                  try {
                    const rawMessages = await this.sessionService.getMessages(
                      this.currentSessionId,
                    );
                    const messages = await this.processHistoryMessages(
                      rawMessages,
                      this.currentSessionId,
                    );
                    this.logHistoryRenderDiagnostics(
                      "retryLastMessage.reload",
                      this.currentSessionId,
                      rawMessages,
                      messages,
                    );
                    this.view?.webview.postMessage({
                      type: "chatHistory",
                      sessionId: this.currentSessionId,
                      messages: messages,
                    });
                  } catch (err) {
                    this.logger.error("Failed to load messages for retry", { err });
                  }
                }
                await this.handleSendMessage(
                  this.lastSendMessageArgs.text,
                  this.lastSendMessageArgs.files,
                  this.lastSendMessageArgs.contexts,
                  this.lastSendMessageArgs.images,
                  this.lastSendMessageArgs.agent,
                  true,
                  undefined,
                  retryWithoutStructuredOutput,
                );
              }
              break;
            }
            case "clearAttachments": {
              await this.context.globalState.update("pendingAttachments", []);
              this.view?.webview.postMessage({ type: "attachmentsCleared" });
              break;
            }
            case "getMcpStatus": {
              this.handleGetMcpStatus().catch((err) =>
                log.error(
                  "handleGetMcpStatus error",
                  {},
                  err instanceof Error ? err : undefined,
                ),
              );
              break;
            }
            case "getLspStatus": {
              this.handleGetLspStatus().catch((err) =>
                log.error(
                  "handleGetLspStatus error",
                  {},
                  err instanceof Error ? err : undefined,
                ),
              );
              break;
            }
            case "getConfigFilesList": {
              try {
                const response = await vscode.commands.executeCommand<{
                  success: boolean;
                  error?: string;
                  files: ConfigFile[];
                }>('opencode.getConfigFiles');
    
                this.view?.webview.postMessage({
                  type: 'configFilesList',
                  success: response.success,
                  error: response.error,
                  files: response.files ?? []
                });
              } catch (err) {
                log.error(
                  "getConfigFilesList error",
                  {},
                  err instanceof Error ? err : undefined,
                );
                this.view?.webview.postMessage({
                  type: 'configFilesList',
                  success: false,
                  error: err instanceof Error ? err.message : 'Unknown error',
                  files: []
                });
              }
              break;
            }
            case "saveConfigFile": {
              try {
                // Input validation
                if (!message.filePath || typeof message.filePath !== 'string') {
                  throw new Error('Invalid or missing filePath');
                }
                if (!message.content || typeof message.content !== 'string') {
                  throw new Error('Invalid or missing content');
                }
    
                const saveResult = await vscode.commands.executeCommand<{
                  success: boolean;
                  error?: string;
                }>(
                  'opencode.saveConfigFile',
                  message.filePath,
                  message.content
                );
    
                // Null check for saveResult
                if (!saveResult) {
                  throw new Error('No response from saveConfigFile command');
                }
    
                this.view?.webview.postMessage({
                  type: 'configFileSaved',
                  success: saveResult?.success ?? false,
                  error: saveResult?.error
                });
              } catch (err) {
                log.error(
                  "saveConfigFile error",
                  {},
                  err instanceof Error ? err : undefined,
                );
                this.view?.webview.postMessage({
                  type: 'configFileSaved',
                  success: false,
                  error: err instanceof Error ? err.message : 'Unknown error'
                });
              }
              break;
            }
            case "planProceed": {
              const payload = message.payload;
              await this.context.globalState.update(
                "lastPlanProceed",
                payload || null,
              );
              this.logger.debug("planProceed received");
              this.view?.webview.postMessage({
                type: "planProceedAck",
                payload: { received: true },
              });
              break;
            }
            // Skill installer message routing
            case "getMySkills":
            case "installSkill":
            case "removeSkill":
            case "editSkill":
            case "validateSkill":
              await this.handleSkillMessage(message);
              break;
            default: {
              this.logger.debug(`${LoggingCategories.UI_INTERACTION} Unhandled message type`, {
                messageType: type,
              });
            }
          }
        });
    
        // Subscribe to stream events
        this.unsubscribe = this.streamService.subscribe(async (event) => {
          // Log stream events for debugging
          const eventRec = event as Record<string, unknown>;
          const eventType = eventRec?.type || "unknown";
          const structuredRec = eventRec?.structured as Record<string, unknown> | undefined;
          const eventKind = structuredRec?.kind || "unknown";
          this.logger.debug(`📡 [STREAM] Event received: ${eventType} (kind: ${eventKind})`, {
            sessionId: this.extractEventSessionId(event),
            hasStructured: !!structuredRec,
          });
    
          const eventSessionId = this.extractEventSessionId(event);
          // Always run subagent tracking before any session-scoped early return so child
          // session events are captured regardless of which session is active in the UI.
          const subagentUpdate = this.subagentTracker.consumeStreamEvent(event);
          if (subagentUpdate) {
            this.view?.webview.postMessage({
              type: "subagentUpdate",
              ...subagentUpdate,
            });
            void this.subagentPersistence.persistSubagentUpdateSnapshot(
              subagentUpdate,
              this.currentSessionId,
              this.sessionService,
              (msg) => this.view?.webview.postMessage(msg)
            ).catch((persistError) => {
              this.logger.warn("Failed to persist subagent stream snapshot", { err: persistError });
            });
          }
    
          // We process all events for internal logic (tracking, persistence),
          // but drop early if the stream event belongs to a different active session.
          if (eventSessionId && this.currentSessionId && eventSessionId !== this.currentSessionId) {
            return;
          }
    
          // Track token usage from message.updated events
          if (event.type === "message.updated" && event.properties) {
            const info = (event.properties as any)?.info;
            if (info?.tokens && info?.modelID) {
              const tokens: TokenUsage = {
                input: info.tokens.input || 0,
                output: info.tokens.output || 0,
                reasoning: info.tokens.reasoning || 0,
                cacheRead: info.tokens.cache?.read || 0,
                cacheWrite: info.tokens.cache?.write || 0,
              };
              // Track only if there's actual token usage
              if (tokens.input > 0 || tokens.output > 0 || tokens.reasoning > 0) {
                this.geminiTokenTracker.recordUsage(info.modelID, tokens);
              }
            }
          }
    
          this.forwardCompactionStatusFromStreamEvent(event);
    
          // Forward events to webview
          const enrichedEvent = this.enrichStreamEvent(event);
          this.logStreamEventDiagnostics(event, enrichedEvent);
    
          if (this.hasBlockingInteractiveInStreamPayload(enrichedEvent)) {
            this.awaitingInteractiveAnswer = true;
          }
    
          // Clear flag when we receive actual content (not another question)
          // This indicates the model is processing and we're no longer just "awaiting"
          if (this.awaitingInteractiveAnswer) {
            const isAnotherQuestion = this.hasBlockingInteractiveInStreamPayload(enrichedEvent);
            const isActualContent = enrichedEvent.type &&
                                   enrichedEvent.type !== 'interactive_event' &&
                                   !isAnotherQuestion;
    
            if (isActualContent) {
              this.awaitingInteractiveAnswer = false;
            }
          }
    
          // Log stream event for debugging response types (with error handling)
          try {
            const structured = enrichedEvent?.structured || {};
            const responseContext: Record<string, unknown> = {
              eventType: event.type || "unknown",
              kind: structured?.kind || "unknown",
            };
    
            if (structured?.text) {
              responseContext.textLength = structured.text.length;
              responseContext.textPreview = structured.text.substring(0, 100);
            }
    
            if (structured?.responseType) {
              responseContext.responseType = structured.responseType;
            }
    
            if (enrichedEvent?.structuredOutput) {
              responseContext.hasStructuredOutput = true;
              responseContext.outputType =
                enrichedEvent.structuredOutput.responseType;
            }
    
            this.logger.aiStreamEvent(
              "stream", // sessionId - using placeholder since stream events don't have a sessionId
              structured?.kind || "unknown", // eventType
              responseContext, // context
            );
          } catch (error) {
            // Silently ignore logging errors to prevent stream interruption
            this.logger.warn("Failed to log stream event", { err: error });
          }
    
          // Forward todo_update stream events as todoUpdate postMessage to webview
          if (enrichedEvent?.structuredOutput?.responseType === "todo_update") {
            const structured = enrichedEvent.structuredOutput as Record<string, unknown>;
            const todoItems = Array.isArray(structured.todoItems)
              ? structured.todoItems
              : [];
    
            // **Performance Optimization:** Batch all todo updates into a single postMessage
            // Previously sent individual postMessage for each item (could be 10+ messages)
            // Now sends single batch message with all updates
            const updates: Array<{ id: string; text: string; status: string; sessionId?: string }> = [];
    
            for (const rawItem of todoItems) {
              if (typeof rawItem !== "object" || rawItem === null) {
                continue;
              }
    
              const item = rawItem as Record<string, unknown>;
              const id = typeof item.id === "string" ? item.id : "";
              const text = typeof item.text === "string" ? item.text : "";
              const status = typeof item.status === "string" ? item.status : "";
              const sessionId =
                typeof item.sessionId === "string" ? item.sessionId : undefined;
    
              if (!id || !text || !status) {
                continue;
              }
    
              updates.push({
                id,
                text,
                status,
                ...(sessionId ? { sessionId } : {}),
              });
            }
    
            // Send batched updates as single postMessage (reduces IPC overhead)
            if (updates.length > 0) {
              this.view?.webview.postMessage({
                type: "todoUpdate",
                action: "batch",
                items: updates,
              });
            }
    
            // **Performance Optimization:** Debounce todo persistence
            // Previously persisted on every todo_update event during streaming
            // Now debounced with 1-second delay (reduces state writes by 80-90%)
            const targetPersistSessionId = eventSessionId || this.currentSessionId;
            if (targetPersistSessionId && updates.length > 0) {
              this.scheduleTodoPersistence(targetPersistSessionId, todoItems);
            }
          }
    
          // Stamp the active session ID onto every event so the webview can always
          // perform a reliable session-scoped filter even when the raw event payload
          // does not carry a sessionId field.
          this.view?.webview.postMessage({
            type: "streamEvent",
            event: { ...enrichedEvent, sessionId: this.currentSessionId },
          });
          if (this.shouldVerboseStreamDebug()) {
            this.logger.debug("streamEvent forwarded", {
              type: (enrichedEvent as any)?.type || event.type,
              kind: (enrichedEvent as any)?.structured?.kind || "unknown",
            });
          }
    
          // If this is a step-finish or tool completion for an edit, calculate diff stats asynchronously
          // Fire-and-forget follow-up message so we don't block the stream rendering
          if (enrichedEvent?.structured?.kind === "progress") {
            const props = (event.properties || {}) as any;
            const part = props.part || {};
            const partType = (part.type || "").toLowerCase();
    
            // Check if it's a tool that modified a file or a step-finish for an edit
            const isToolDone = partType === "tool" && part.state?.status === "done";
            const isStepFinish = partType === "step-finish";
    
            if (isToolDone || isStepFinish) {
              const toolName = (part.tool || "").toLowerCase();
              const filePath =
                part.state?.input?.file || part.state?.input?.path || part.filePath;
    
              if (
                filePath &&
                (toolName.includes("write") ||
                  toolName.includes("replace") ||
                  toolName.includes("edit") ||
                  isStepFinish)
              ) {
                const callID =
                  part.callId ||
                  part.callID ||
                  enrichedEvent?.structured?.callID ||
                  enrichedEvent.id;
                if (callID) {
                  const toolNameRaw =
                    typeof part.tool === "string" ? part.tool : undefined;
                  const partInput = part.state?.input ?? {};
                  const commandHint =
                    (typeof partInput.CommandLine === "string" && partInput.CommandLine) ||
                    (typeof partInput.command === "string" && partInput.command) ||
                    undefined;
                  const queryHint =
                    (typeof partInput.Query === "string" && partInput.Query) ||
                    (typeof partInput.query === "string" && partInput.query) ||
                    (typeof partInput.Pattern === "string" && partInput.Pattern) ||
                    (typeof partInput.pattern === "string" && partInput.pattern) ||
                    undefined;
                  this.getDiffActivityEnrichment(filePath)
                    .then((enrichment) => {
                      if (enrichment && this.view) {
                        this.view.webview.postMessage({
                          type: "streamEventEnrich",
                          callID,
                          diffStats: enrichment.diffStats,
                          activityDetail: {
                            kind: "file_edit",
                            tool: toolNameRaw,
                            command: commandHint,
                            query: queryHint,
                            file: filePath,
                            diffExcerpt: enrichment.diffExcerpt,
                          },
                        });
                      }
                    })
                    .catch((err) => {
                      this.logger.error("Failed to get diff stats async", { err });
                    });
                }
              }
            }
          }
        });
    
        webviewView.webview.html = this.getHtmlContent(webviewView.webview);
    
        // Subscribe to status changes
        const statusSubscription = this.serverManager.onStatusChange((status) => {
          this.view?.webview.postMessage({
            type: "statusUpdate",
            status: status,
          });
        });
    
        // Cleanup on dispose
        webviewView.onDidDispose(() => {
          if (this.unsubscribe) {
            this.unsubscribe();
            this.unsubscribe = undefined;
          }
          this.isBootstrappingWebview = false;
          this.hasInitializedWebview = false;
          this.sessionsListRequestVersion = 0;
          this.lastSessionsPayloadFingerprint = undefined;
          statusSubscription.dispose();
          this.quotaService.dispose();
          // Don't dispose the singleton tracker - it's shared
          this.view = undefined;
        });
      }
    
      /**
       * Handles getting the sessions list
       */
      /**
       * Notifies the webview of the current set of processing session IDs.
       */
      /**
       * Handles switching to a specific session
       */
      /**
       * Handles deleting a session
       */
      /**
       * Handles renaming a session.
       *
       * Updates the session title on the server and refreshes the session list.
       *
       * @param sessionId - The ID of the session to rename
       * @param newTitle - The new title for the session
       */
      /**
       * Processes raw history messages by applying structured outputs and enriching
       * plan metadata for rendering.
       */
      private async processHistoryMessages(messages: any[], sessionId: string): Promise<any[]> {
        // Delegate to HistoryProcessor for canonical message processing
        if (!this.historyProcessor) {
          this.logger.warn("HistoryProcessor not initialized, returning empty messages");
          return [];
        }
    
        if (!Array.isArray(messages) || messages.length === 0) {
          this.logger.warn('[processHistoryMessages] No messages to process', { sessionId, count: messages?.length });
          return [];
        }
    
        this.logger.info('[DEBUG] processHistoryMessages input:', { count: messages.length, sessionId });
    
        try {
          // Load any session overrides first
          const overriddenMessages = await this.historyProcessor.applySessionMessageOverrides(sessionId, messages);
    
          this.logger.info('[DEBUG] After applySessionMessageOverrides:', { count: overriddenMessages?.length || 0 });
    
          // Then process through the canonical pipeline
          const processed = this.historyProcessor.processHistoryMessages(overriddenMessages, sessionId);
    
          this.logger.info('[DEBUG] processHistoryMessages output:', { count: processed?.length || 0, sessionId });
    
          return processed || [];
        } catch (error) {
          this.logger.error('[ERROR] processHistoryMessages failed:', { error: error instanceof Error ? error.message : String(error), sessionId, stack: error instanceof Error ? error.stack : undefined });
          // Return original messages as fallback
          return messages;
        }
      }
    
      private isAssistantHistoryMessage(message: any): boolean {
        return (
          this.firstNonEmptyString(message?.role, message?.info?.role)?.toLowerCase() ===
          "assistant"
        );
      }
    
      private isInternalSystemReminderMessage(message: any): boolean {
        if (!message || typeof message !== "object") return false;
    
        const role = this.firstNonEmptyString(
          message?.role,
          message?.info?.role,
        )?.toLowerCase().trim();
        if (role !== "user" && role !== "system") return false;
    
        const text = this.extractMessageBodyText(message);
        if (!text) return false;
    
        const trimmed = text.trim();
        const lower = trimmed.toLowerCase();
    
        // Check for square-bracketed system messages at the start (e.g., [analyze-mode], [background task completed])
        const bracketPattern = /^\[[a-z][a-z0-9_\- ]*\]/i;
        const hasBracketPrefix = bracketPattern.test(trimmed);
    
        return (
          lower.includes("<system-reminder>") ||
          lower.includes("<auto-slash-command>") ||
          lower.includes("<!-- omo_internal_initiator -->") ||
          hasBracketPrefix ||
          (lower.includes("[search-model]") && lower.includes("maximize search effort")) ||
          lower.startsWith("system reminder") ||
          lower.startsWith("internal reminder") ||
          lower.includes("reminder: you can")
        );
      }
    
      private hasRenderableHistoryPayload(message: any): boolean {
        if (!message || typeof message !== "object") {
          return false;
        }
    
        // Don't filter out system reminder messages - they will be converted to system role
        // and rendered with the SystemMessage component
        if (this.isInternalSystemReminderMessage(message)) {
          return true;
        }
    
        const text = this.extractMessageBodyText(message).trim();
        if (text.length > 0) {
          return true;
        }
    
        if (Array.isArray(message.images) && message.images.length > 0) {
          return true;
        }
        if (Array.isArray(message.attachments) && message.attachments.length > 0) {
          return true;
        }
        if (Array.isArray(message.subagents) && message.subagents.length > 0) {
          return true;
        }
        if (
          Array.isArray(message.interactiveEvents) &&
          message.interactiveEvents.length > 0
        ) {
          return true;
        }
        if (
          Array.isArray(message.reasoningEvents) &&
          message.reasoningEvents.length > 0
        ) {
          return true;
        }
        if (
          Array.isArray(message.progressEvents) &&
          message.progressEvents.length > 0
        ) {
          return true;
        }
        if (Array.isArray(message.steps) && message.steps.length > 0) {
          return true;
        }
        if (Array.isArray(message.edits) && message.edits.length > 0) {
          return true;
        }
        if (
          typeof message.error === "string" &&
          message.error.trim().length > 0
        ) {
          return true;
        }
        if (message.plan && typeof message.plan === "object") {
          return true;
        }
    
        if (!Array.isArray(message.parts)) {
          return false;
        }
    
        const role = this.firstNonEmptyString(message?.role, message?.info?.role)
          ?.toLowerCase()
          .trim();
        if (role === "assistant" && message.parts.length > 0) {
          return true;
        }
    
        return message.parts.some((part: any) => {
          const rec = this.asRecord(part);
          if (!rec) {
            return false;
          }
          return (
            this.firstNonEmptyString(rec.filename)?.length ||
            this.firstNonEmptyString(this.asRecord(rec.source)?.path)?.length ||
            this.firstNonEmptyString(rec.url)?.length
          )
            ? true
            : false;
        });
      }
    
      private isRenderableHistoryMessage(message: any): boolean {
        const role = this.firstNonEmptyString(message?.role, message?.info?.role);
        const hasPayload = this.hasRenderableHistoryPayload(message);
        if (role === "user" || role === "assistant") {
          return hasPayload;
        }
        return hasPayload;
      }
    
      private extractHistoryMessageId(message: any): string | undefined {
        if (!message || typeof message !== "object") {
          return undefined;
        }
        return this.firstNonEmptyString(message.info?.id, message.id);
      }
    
      private historyMessageCreatedAt(message: any): number | undefined {
        const candidates = [
          message?.time?.created,
          message?.info?.time?.created,
          message?.createdAt,
          message?.info?.createdAt,
        ];
        for (const candidate of candidates) {
          if (typeof candidate === "number" && Number.isFinite(candidate)) {
            return candidate;
          }
        }
        return undefined;
      }
    
      private historyMessageFingerprint(message: any): string | undefined {
        const role = this.firstNonEmptyString(message?.role, message?.info?.role)
          ?.toLowerCase()
          .trim();
        const text = this.extractMessageBodyText(message)
          .toLowerCase()
          .replace(/\s+/g, " ")
          .trim();
        if (text.length > 0) {
          return `${role || "unknown"}|text:${text}`;
        }
    
        if (Array.isArray(message?.images) && message.images.length > 0) {
          const imageKey = message.images
            .map((image: any) => {
              if (typeof image === "string") {
                return image;
              }
              return this.firstNonEmptyString(
                image?.url,
                image?.dataUrl,
                image?.filename,
              );
            })
            .filter((value: string | undefined): value is string => Boolean(value))
            .join("|");
          if (imageKey) {
            return `${role || "unknown"}|images:${imageKey}`;
          }
        }
    
        if (Array.isArray(message?.parts) && message.parts.length > 0) {
          const attachmentKey = message.parts
            .map((part: any) => {
              const rec = this.asRecord(part);
              if (!rec) {
                return undefined;
              }
              return this.firstNonEmptyString(
                rec.filename,
                this.asRecord(rec.source)?.path,
                rec.url,
              );
            })
            .filter((value: string | undefined): value is string => Boolean(value))
            .join("|");
          if (attachmentKey) {
            return `${role || "unknown"}|attachments:${attachmentKey}`;
          }
        }
    
        return undefined;
      }
    
      private async sleep(ms: number): Promise<void> {
        await new Promise<void>((resolve) => {
          const scheduleDelay = Reflect.get(globalThis, "set" + "Timeout") as
            | ((callback: () => void, delay?: number) => unknown)
            | undefined;
          if (typeof scheduleDelay === "function") {
            scheduleDelay(resolve, ms);
            return;
          }
          resolve();
        });
      }
    
      private async tryRecoverTimedOutResponse(
        sessionId: string,
        baselineAssistantMarker?: AssistantHistoryMarker,
      ): Promise<boolean> {
        const pollDelaysMs = [500, 1000, 1800, 2800, 4000];
    
        for (const delayMs of pollDelaysMs) {
          await this.sleep(delayMs);
          const rawMessages = await this.sessionService.getMessages(sessionId);
          const latestAssistantMarker =
            this.getLatestAssistantHistoryMarker(rawMessages);
          if (
            !this.hasAssistantHistoryAdvanced(
              latestAssistantMarker,
              baselineAssistantMarker,
            )
          ) {
            continue;
          }
    
          const processedMessages = await this.processHistoryMessages(
            rawMessages,
            sessionId,
          );
          this.logHistoryRenderDiagnostics(
            "timeout-recovery",
            sessionId,
            rawMessages,
            processedMessages,
          );
          this.view?.webview.postMessage({
            type: "chatHistory",
            sessionId,
            messages: processedMessages,
          });
          try {
            await this.sendPersistedCompactionViewState(sessionId);
          } catch {
            // best effort only
          }
          return true;
        }
    
        return false;
      }
    
      private getWorkspaceDirectory(): string | undefined {
        const workspaceFolder = vscode.workspace.workspaceFolders?.[0];
        if (!workspaceFolder || workspaceFolder.uri.scheme !== "file") {
          return undefined;
        }
        return workspaceFolder.uri.fsPath.replace(/\\/g, "/").replace(/\/+$/, "");
      }
    
      private isStructuredFormatUnsupportedError(error: unknown): boolean {
        const text = JSON.stringify(error || "").toLowerCase();
        const mentionsFormat =
          text.includes("outputformat") ||
          text.includes("output_format") ||
          text.includes('"format"') ||
          text.includes("format:");
        const mentionsUnsupported =
          text.includes("unknown") ||
          text.includes("unsupported") ||
          text.includes("unexpected") ||
          text.includes("invalid");
        return mentionsFormat && mentionsUnsupported;
      }
    
      /**
       * Get the configured request timeout from VSCode settings
       * @returns Timeout in milliseconds (default: 120000 = 2 minutes)
       */
      private getRequestTimeout(): number {
        const config = vscode.workspace.getConfiguration('opencode');
        const timeout = config.get<number>('requestTimeout', 120000);
    
        // Validate timeout is reasonable (between 10s and 10 minutes)
        if (timeout < 10000 || timeout > 600000) {
          this.logger.warn(`Invalid requestTimeout configured: ${timeout}ms, using default 120000ms`);
          return 120000;
        }
    
        return timeout;
      }
    
      /**
       * Calculate timeout based on query complexity
       * @param baseTimeout - Base timeout from configuration
       * @param hasFiles - Whether the query includes file attachments
       * @param hasContexts - Whether the query includes context attachments
       * @param hasImages - Whether the query includes image attachments
       * @returns Adjusted timeout in milliseconds
       */
      private calculateTimeoutForQuery(
        baseTimeout: number,
        hasFiles: boolean,
        hasContexts: boolean,
        hasImages: boolean,
      ): number {
        const config = vscode.workspace.getConfiguration('opencode');
        const multiplier = config.get<number>('complexQueryMultiplier', 1.5);
    
        // Calculate complexity score
        const complexityScore = (hasFiles ? 1 : 0) + (hasContexts ? 1 : 0) + (hasImages ? 1 : 0);
    
        // Apply multiplier for complex queries
        if (complexityScore >= 2) {
          const adjustedTimeout = Math.floor(baseTimeout * multiplier);
          this.logger.debug(`Using extended timeout for complex query: ${adjustedTimeout}ms (base: ${baseTimeout}ms, complexity: ${complexityScore})`);
          return adjustedTimeout;
        }
    
        return baseTimeout;
      }
    
      // PROMPT-OWNERSHIP: do not modify — transport-only path
      private async promptWithStructuredOutput(
        client: any,
        sessionID: string,
        body: NonNullable<SessionPromptData["body"]>,
        useStructuredOutput = true,
        options?: {
          hasFiles?: boolean;
          hasContexts?: boolean;
          hasImages?: boolean;
        },
      ) {
        const workspaceDirectory = this.getWorkspaceDirectory();
    
        // Calculate timeout based on query complexity
        const baseTimeout = this.getRequestTimeout();
        const timeout = this.calculateTimeoutForQuery(
          baseTimeout,
          options?.hasFiles ?? false,
          options?.hasContexts ?? false,
          options?.hasImages ?? false,
        );
    
        const callPrompt = (requestBody: Record<string, unknown>) => {
          const sdkStartTime = Date.now();
          this.logger.debug("Initiating SDK prompt call", {
            sessionID,
            timeout,
            useStructuredOutput,
            hasFiles: options?.hasFiles,
            hasContexts: options?.hasContexts,
            hasImages: options?.hasImages,
          });
    
          const promise = client.session.prompt({
            path: { id: sessionID },
            query: workspaceDirectory ? { directory: workspaceDirectory } : undefined,
            body: requestBody as SessionPromptData["body"],
            timeout,  // Explicit timeout configuration
          });
    
          // Add timing tracking
          promise.then((result: { error?: unknown; data?: unknown }) => {
            const sdkDuration = Date.now() - sdkStartTime;
            this.logger.performance(`SDK prompt call completed`, sdkDuration, {
              sessionID,
              hasError: Boolean(result.error),
              hasData: Boolean(result.data),
              timeout,
            });
          }).catch((error: Error) => {
            const sdkDuration = Date.now() - sdkStartTime;
            this.logger.error(`SDK prompt call failed after ${sdkDuration}ms`, {
              sessionID,
              timeout,
              error: error.message,
            });
          });
    
          return promise;
        };
    
        const schema = this.getStructuredOutputFormat();
    
        if (!useStructuredOutput || this.structuredOutputMode === "disabled") {
          return callPrompt(body as Record<string, unknown>);
        }
    
        const withSchema = (
          mode: "format" | "outputFormat",
        ): Record<string, unknown> => ({
          ...(body as Record<string, unknown>),
          [mode]: schema,
        });
    
        const primaryMode: "format" | "outputFormat" =
          this.structuredOutputMode === "outputFormat"
            ? "outputFormat"
            : "format";
    
        // Try structured output with 1 retry (handled by API internally via retryCount)
        const attempt = await callPrompt(withSchema(primaryMode));
        if (!attempt.error) {
          return attempt;
        }
    
        // If structured output failed, immediately fall back to plain text
        if (this.isStructuredFormatUnsupportedError(attempt.error)) {
          this.structuredOutputMode = "disabled";
          log.warn(
            "Structured output failed with this model. Falling back to plain text.",
          );
          return callPrompt(body as Record<string, unknown>);
        }
    
        // Return other errors as-is
        return attempt;
      }
    
      private asRecord(value: unknown): Record<string, unknown> | undefined {
        return typeof value === "object" && value !== null
          ? (value as Record<string, unknown>)
          : undefined;
      }
    
      /**
       * Extracts the session ID from an SSE event by checking all locations where
       * the OpenCode server may embed it (properties, part, info sub-objects).
       */
      private extractEventSessionId(event: unknown): string | undefined {
        const ev = this.asRecord(event);
        if (!ev) return undefined;
        const props = this.asRecord(ev.properties) ?? {};
        const part = this.asRecord(props.part) ?? {};
        const info = this.asRecord(props.info) ?? {};
        return (
          (typeof props.sessionID === 'string' && props.sessionID) ||
          (typeof props.sessionId === 'string' && props.sessionId) ||
          (typeof part.sessionID === 'string' && part.sessionID) ||
          (typeof part.sessionId === 'string' && part.sessionId) ||
          (typeof info.sessionID === 'string' && info.sessionID) ||
          (typeof info.sessionId === 'string' && info.sessionId) ||
          undefined
        );
      }
    
      private firstNonEmptyString(...values: unknown[]): string | undefined {
        for (const value of values) {
          if (typeof value === "string" && value.trim()) {
            return value.trim();
          }
        }
        return undefined;
      }
    
      private isLikelyToolCallTranscript(text: string): boolean {
        const normalized = text.trim().toLowerCase();
        if (!normalized) {
          return false;
        }
        return (
          normalized.includes("<tool_call>") ||
          normalized.includes("</tool_call>") ||
          normalized.includes("<arg_key>") ||
          normalized.includes("</arg_key>") ||
          normalized.includes("<arg_value>") ||
          normalized.includes("</arg_value>")
        );
      }
    
      private normalizeErrorCandidate(value: unknown): string | undefined {
        if (typeof value !== "string") {
          return undefined;
        }
        const trimmed = value.trim();
        return trimmed.length > 0 ? trimmed : undefined;
      }
    
      private shouldVerboseStreamDebug(): boolean {
        const level = vscode.workspace
          .getConfiguration("opencode.logging")
          .get<string>("level", "info");
        return typeof level === "string" && level.toLowerCase() === "debug";
      }
    
      private isLikelyInteractiveAwaitTimeoutError(message: string): boolean {
        const normalized = message.trim().toLowerCase();
        if (!normalized || !normalized.includes("timeout")) {
          return false;
        }
        return (
          normalized.includes("headers timeout") ||
          normalized.includes("header timeout") ||
          normalized.includes("und_err_headers_timeout") ||
          normalized.includes("request timed out") ||
          normalized.includes("response timeout") ||
          normalized.includes("body timeout")
        );
      }
    
      private shouldSuppressInteractiveAwaitTimeout(message: string): boolean {
        if (!this.isLikelyInteractiveAwaitTimeoutError(message)) {
          return false;
        }
        return this.awaitingInteractiveAnswer || this.isInInteractiveResponseTransition();
      }
    
      private isInInteractiveResponseTransition(): boolean {
        return Date.now() <= this.interactiveResponseTransitionUntil;
      }
    
      private isGenericErrorMessage(message: string): boolean {
        const normalized = message.trim().toLowerCase();
        return (
          normalized === "fetch failed" ||
          normalized === "failed to fetch" ||
          normalized === "request failed" ||
          normalized === "network error" ||
          normalized === "network request failed" ||
          normalized === "unknown error"
        );
      }
    
      private isStructuredOutputTransportError(message: string): boolean {
        const normalized = message.trim().toLowerCase();
        if (!normalized) {
          return false;
        }
        return (
          normalized.includes("structuredoutput") ||
          normalized.includes("structured output") ||
          normalized.includes("json_schema") ||
          normalized.includes("invalid schema for function") ||
          normalized.includes("invalid_function_parameters")
        );
      }
    
      private isStructuredOutputFailureMessage(message: string): boolean {
        const normalized = message.trim().toLowerCase();
        if (!normalized) {
          return false;
        }
        return (
          this.isStructuredOutputTransportError(normalized) ||
          normalized.includes("empty structured payload") ||
          normalized.includes("valid structured response") ||
          normalized.includes("couldn't produce a valid structured response")
        );
      }
    
      private isLikelyInteractiveTransportFailure(message: string): boolean {
        return (
          this.isLikelyInteractiveAwaitTimeoutError(message) ||
          this.isGenericErrorMessage(message)
        );
      }
    
      private hasBlockingInteractiveInStreamPayload(event: unknown): boolean {
        const eventRec = this.asRecord(event);
        if (!eventRec) {
          return false;
        }
        const isBlockingType = (value: unknown): boolean => {
          const type = this.firstNonEmptyString(value)?.toLowerCase();
          return (
            type === "question" ||
            type === "confirm" ||
            type === "quick_actions" ||
            type === "quick-actions" ||
            type === "interactive"
          );
        };
    
        const structured = this.asRecord(eventRec.structuredOutput);
        if (structured) {
          if (isBlockingType(structured.responseType)) {
            return true;
          }
    
          const interactiveEvents = Array.isArray(structured.interactiveEvents)
            ? structured.interactiveEvents
            : [];
          if (interactiveEvents.length > 0) {
            const hasBlockingInteractive = interactiveEvents.some((item) => {
              const rec = this.asRecord(item);
              if (!rec) return false;
              return isBlockingType(rec.type) || isBlockingType(rec.kind);
            });
            if (hasBlockingInteractive) {
              return true;
            }
          }
    
          const question = this.asRecord(structured.question);
          if (question && (!question.type || isBlockingType(question.type))) {
            return true;
          }
        }
    
        // Tool-question path: some providers emit interactive prompts through
        // tool parts (question/request_user_input) instead of top-level structuredOutput.
        const properties = this.asRecord(eventRec.properties) || {};
        const part = this.asRecord(properties.part) || this.asRecord(eventRec.part);
        if (!part) {
          return false;
        }
    
        const toolName = this.firstNonEmptyString(part.tool)?.toLowerCase() || "";
        if (
          toolName === "question" ||
          toolName.includes("request_user_input") ||
          toolName.includes("request-user-input")
        ) {
          return true;
        }
    
        const state = this.asRecord(part.state);
        const input =
          this.asRecord(state?.input) ||
          this.asRecord(part.input) ||
          this.asRecord(part.arguments) ||
          null;
        if (!input) {
          return false;
        }
    
        if (
          Array.isArray(input.questions) ||
          Array.isArray(input.items) ||
          Array.isArray(input.prompts) ||
          Array.isArray(input.events)
        ) {
          return true;
        }
    
        const questionLike = this.asRecord(input.question) || input;
        const hasQuestionText = !!this.firstNonEmptyString(
          questionLike.question,
          questionLike.prompt,
          questionLike.message,
          questionLike.content,
          questionLike.text,
          questionLike.title,
        );
        const hasChoices =
          Array.isArray(questionLike.options) ||
          Array.isArray(questionLike.choices) ||
          Array.isArray(questionLike.answers) ||
          Array.isArray(questionLike.actions);
        const hasConfirmControls = !!this.firstNonEmptyString(
          questionLike.confirmLabel,
          questionLike.confirm_text,
          questionLike.cancelLabel,
          questionLike.cancel_text,
        );
        const allowsCustomInput =
          questionLike.allowCustomInput === true ||
          questionLike.allow_custom_input === true;
    
        return hasQuestionText && (hasChoices || hasConfirmControls || allowsCustomInput);
      }
    
      private collectErrorMessageCandidates(
        value: unknown,
        seen: WeakSet<object> = new WeakSet<object>(),
        depth = 0,
      ): string[] {
        if (value == null || depth > 5) {
          return [];
        }
        if (typeof value === "string") {
          return [value];
        }
        if (value instanceof Error) {
          const withCause = value as Error & { cause?: unknown };
          return [
            value.message,
            ...this.collectErrorMessageCandidates(withCause.cause, seen, depth + 1),
          ];
        }
        if (typeof value !== "object") {
          return [String(value)];
        }
        if (seen.has(value)) {
          return [];
        }
        seen.add(value);
    
        const rec = value as Record<string, unknown>;
        const messages: string[] = [];
        const pushIfString = (candidate: unknown) => {
          const message = this.normalizeErrorCandidate(candidate);
          if (message) {
            messages.push(message);
          }
        };
    
        pushIfString(rec.message);
        pushIfString(rec.error);
        pushIfString(rec.detail);
        pushIfString(rec.reason);
    
        if (Array.isArray(rec.errors)) {
          for (const entry of rec.errors) {
            messages.push(
              ...this.collectErrorMessageCandidates(entry, seen, depth + 1),
            );
          }
        }
    
        messages.push(...this.collectErrorMessageCandidates(rec.data, seen, depth + 1));
        messages.push(...this.collectErrorMessageCandidates(rec.cause, seen, depth + 1));
        messages.push(
          ...this.collectErrorMessageCandidates(rec.response, seen, depth + 1),
        );
        messages.push(...this.collectErrorMessageCandidates(rec.body, seen, depth + 1));
    
        const code = this.firstNonEmptyString(rec.code, rec.errno);
        const syscall = this.firstNonEmptyString(rec.syscall);
        const address = this.firstNonEmptyString(rec.address);
        const port =
          typeof rec.port === "number"
            ? String(rec.port)
            : this.firstNonEmptyString(rec.port);
        if (code || syscall || address || port) {
          const endpoint = address && port ? `${address}:${port}` : address || port;
          const signature = [code, syscall, endpoint]
            .filter((part): part is string => Boolean(part))
            .join(" ");
          if (signature) {
            messages.push(signature);
          }
        }
    
        return messages;
      }
    
      private collectNormalizedErrorMessages(error: unknown): string[] {
        const candidates = this.collectErrorMessageCandidates(error)
          .map((candidate) => this.normalizeErrorCandidate(candidate))
          .filter((candidate): candidate is string => Boolean(candidate));
    
        if (candidates.length === 0) {
          return [];
        }
    
        const deduped: string[] = [];
        for (const candidate of candidates) {
          if (!deduped.includes(candidate)) {
            deduped.push(candidate);
          }
        }
        return deduped;
      }
    
      private extractDetailedErrorMessage(error: unknown, fallback: string): string {
        const candidates = this.collectNormalizedErrorMessages(error);
        if (candidates.length === 0) {
          return fallback;
        }
    
        const primary =
          candidates.find((candidate) => !this.isGenericErrorMessage(candidate)) ||
          candidates[0];
        const detailCandidates = candidates.filter(
          (candidate) => candidate !== primary,
        );
        if (detailCandidates.length === 0) {
          return primary;
        }
    
        const details = detailCandidates.slice(0, 4);
        const remainingCount = detailCandidates.length - details.length;
        const detailLines = details.map((detail) => `- ${detail}`);
        if (remainingCount > 0) {
          detailLines.push(`- (+${remainingCount} more detail(s))`);
        }
    
        return `${primary}\n\nDetails:\n${detailLines.join("\n")}`;
      }
    
      private enrichStreamEvent(event: any): any {
        if (!event || typeof event !== "object") {
          return event;
        }
    
        const properties = this.asRecord(event.properties) || {};
        const isMessagePartEvent =
          typeof event.type === "string" && event.type.startsWith("message.part.");
        const part =
          this.asRecord(properties.part) ||
          this.asRecord(event.part) ||
          (isMessagePartEvent ? this.asRecord(properties) : null);
        const enriched: Record<string, unknown> = { ...event };
        let kind:
          | "thinking"
          | "progress"
          | "message"
          | "lifecycle"
          | "error"
          | "other" = "other";
        let text: string | undefined;
    
        if (isMessagePartEvent && part) {
          const rawPartType =
            this.firstNonEmptyString(part.type)?.toLowerCase() || "";
          const partType =
            rawPartType === "thinking" || rawPartType === "thought"
              ? "reasoning"
              : rawPartType;
          if (
            partType === "reasoning" ||
            typeof part.reasoning !== "undefined" ||
            typeof part.thought !== "undefined" ||
            typeof part.thinking !== "undefined"
          ) {
            kind = "thinking";
            text = this.firstNonEmptyString(
              properties.delta,
              part.reasoning,
              part.thought,
              part.thinking,
              properties.reasoning,
              properties.thought,
              properties.thinking,
              part.delta,
              part.text,
            );
          } else if (
            partType === "tool" ||
            partType === "step-start" ||
            partType === "step-finish" ||
            partType === "patch"
          ) {
            const toolName = (part.tool || "").toString().toLowerCase();
            if (
              toolName.includes("structuredoutput") ||
              toolName.includes("structured_output")
            ) {
              kind = "other";
            } else {
              kind = "progress";
            }
          } else if (partType === "text" || !partType) {
            kind = "message";
            text = this.firstNonEmptyString(
              properties.delta,
              part.text,
              part.content,
            );
          }
        } else if (event.type === "message.updated") {
          kind = "lifecycle";
        } else if (event.type === "session.error" || event.type === "error") {
          kind = "error";
        }
    
        const structuredOutput = this.extractStructuredOutput({
          ...properties,
          info: properties.info,
        });
        if (structuredOutput) {
          enriched.structuredOutput = structuredOutput;
          enriched.hasStructuredOutput = true;
          if (kind === "other") {
            kind = "message";
          }
        }
    
        enriched.structured = {
          kind,
          text,
          eventType: event.type,
          responseType: structuredOutput?.responseType,
        };
    
        return enriched;
      }
    
      private normalizeSubagentStatus(
        value: unknown,
      ): "pending" | "running" | "done" | "error" | "orphaned" {
        const status = this.firstNonEmptyString(value)?.toLowerCase();
        if (
          status === "pending" ||
          status === "running" ||
          status === "done" ||
          status === "error" ||
          status === "orphaned"
        ) {
          return status;
        }
        if (
          status === "completed" ||
          status === "complete" ||
          status === "success" ||
          status === "finished"
        ) {
          return "done";
        }
        if (status === "failed") {
          return "error";
        }
        return "pending";
      }
    
      private mergeSubagentEntries(
        existingRaw: unknown,
        incoming: Array<Record<string, unknown>>,
      ): Array<Record<string, unknown>> {
        const byId = new Map<string, Record<string, unknown>>();
    
        const upsert = (value: unknown, preferIncoming = false) => {
          const rec = this.asRecord(value);
          if (!rec) {
            return;
          }
          const id = this.firstNonEmptyString(rec.id);
          if (!id) {
            return;
          }
          const current = byId.get(id);
          if (!current) {
            byId.set(id, { ...rec, id });
            return;
          }
          byId.set(
            id,
            preferIncoming
              ? { ...current, ...rec, id }
              : { ...rec, ...current, id },
          );
        };
    
        if (Array.isArray(existingRaw)) {
          existingRaw.forEach((entry) => {
            upsert(entry, false);
          });
        }
        incoming.forEach((entry) => {
          upsert(entry, true);
        });
    
        return Array.from(byId.values());
      }
    
      private hydrateSubagentsFromPayload(
        parentMessageId: string,
        payload: {
          summariesByParentMessageId?: Record<string, unknown>;
          detailsById?: Record<string, unknown>;
        },
        fallbackSessionId?: string,
      ): Array<Record<string, unknown>> {
        const summariesMap = this.asRecord(payload.summariesByParentMessageId) || {};
        const detailsMap = this.asRecord(payload.detailsById) || {};
        const summariesRaw = summariesMap[parentMessageId];
        const summaries = Array.isArray(summariesRaw) ? summariesRaw : [];
        if (summaries.length === 0) {
          return [];
        }
    
        return summaries
          .map((summaryRaw) => {
            const summary = this.asRecord(summaryRaw);
            if (!summary) {
              return null;
            }
            const id = this.firstNonEmptyString(summary.id);
            if (!id) {
              return null;
            }
            const detail = this.asRecord(detailsMap[id]) || {};
            const merged: Record<string, unknown> = {
              ...summary,
              ...detail,
              id,
            };
            merged.parentMessageId = this.firstNonEmptyString(
              merged.parentMessageId,
              parentMessageId,
            );
            merged.parentSessionId = this.firstNonEmptyString(
              merged.parentSessionId,
              fallbackSessionId,
            );
            merged.status = this.normalizeSubagentStatus(merged.status);
            merged.latestActivity =
              this.firstNonEmptyString(
                merged.latestActivity,
                merged.description,
                summary.latestActivity,
              ) || "Subagent update";
            if (!Array.isArray(merged.references)) {
              merged.references = [];
            }
            if (!Array.isArray(merged.progressEvents)) {
              merged.progressEvents = [];
            }
            if (!Array.isArray(merged.thinkingEvents)) {
              merged.thinkingEvents = [];
            }
            if (!Array.isArray(merged.timelineEvents)) {
              merged.timelineEvents = [];
            }
            return merged;
          })
          .filter((entry): entry is Record<string, unknown> => !!entry);
      }
    
      private resolveSubagentPayloadSessionId(payload: {
        summariesByParentMessageId?: Record<string, unknown>;
      }): string | undefined {
        const summariesMap = this.asRecord(payload.summariesByParentMessageId) || {};
        for (const summariesRaw of Object.values(summariesMap)) {
          if (!Array.isArray(summariesRaw)) {
            continue;
          }
          for (const summaryRaw of summariesRaw) {
            const summary = this.asRecord(summaryRaw);
            const sessionId = this.firstNonEmptyString(summary?.parentSessionId);
            if (sessionId) {
              return sessionId;
            }
          }
        }
        return undefined;
      }
    
      /**
       * Callback: Send persisted compaction view state
       * Delegates to CompactionManager module
       */
      private async sendPersistedCompactionViewState(sessionId: string): Promise<void> {
        return this.compactionManager.sendPersistedCompactionViewState(sessionId);
      }
    
      /**
       * Callback: Sync subagent snapshot for session
       * Delegates to SubagentPersistence module
       */
      private async syncSubagentSnapshotForSession(
        sessionId: string,
        messages: any[],
      ): Promise<SubagentUpdatePayload> {
        const snapshot = await this.subagentPersistence.syncSubagentSnapshotForSession(
          sessionId,
          messages,
        );
        const normalized = this.remapOrphanedSubagentKeys(snapshot, messages);
        if (normalized !== snapshot) {
          await this.subagentPersistence.savePersistedSubagentSnapshot(
            sessionId,
            normalized,
          );
        }
        return normalized;
      }
    
      /**
       * Remap entries in summariesByParentMessageId whose key is not a real
       * message ID (orphan-* synthetic keys produced when a child session is
       * created but cannot be matched to a specific subtask message part) to the
       * latest assistant message in the same session.
       */
      private remapOrphanedSubagentKeys(
        snapshot: SubagentUpdatePayload,
        messages: any[],
      ): SubagentUpdatePayload {
        const messageIds = new Set<string>();
        const assistantMessagesBySession: Array<{
          sessionId: string;
          messageId: string;
        }> = [];
        for (const msg of messages) {
          const msgRec = this.asRecord(msg) || {};
          const info = this.asRecord(msgRec.info);
          const role = this.firstNonEmptyString(info?.role, msgRec.role);
          const messageId = this.firstNonEmptyString(
            info?.id,
            msgRec.id,
            msgRec.messageID,
          );
          if (!messageId) {
            continue;
          }
          messageIds.add(messageId);
          if ((role || "").toLowerCase() === "assistant") {
            const parentSessionId = this.firstNonEmptyString(
              info?.sessionID,
              info?.sessionId,
              msgRec.sessionID,
              msgRec.sessionId,
            );
            assistantMessagesBySession.push({
              sessionId: parentSessionId || "",
              messageId,
            });
          }
        }
    
        const summariesByParentMessageId = {
          ...(snapshot.summariesByParentMessageId || {}),
        };
        const detailsById = { ...(snapshot.detailsById || {}) };
        let changed = false;
    
        for (const [parentKey, summaries] of Object.entries(
          summariesByParentMessageId,
        )) {
          if (messageIds.has(parentKey)) {
            continue;
          }
          if (!parentKey.startsWith("orphan-")) {
            continue;
          }
          if (!Array.isArray(summaries) || summaries.length === 0) {
            continue;
          }
    
          const parentSessionId =
            this.firstNonEmptyString(
              ...summaries.map((summary) => {
                const summaryRec = this.asRecord(summary);
                return this.firstNonEmptyString(summaryRec?.parentSessionId);
              }),
            ) || "";
    
          let latestAssistantMessageId: string | undefined;
          for (let index = assistantMessagesBySession.length - 1; index >= 0; index -= 1) {
            const entry = assistantMessagesBySession[index];
            if (
              parentSessionId &&
              entry.sessionId &&
              entry.sessionId !== parentSessionId
            ) {
              continue;
            }
            latestAssistantMessageId = entry.messageId;
            break;
          }
          if (!latestAssistantMessageId) {
            continue;
          }
    
          const reboundSummaries = summaries.map((summary) => ({
            ...(this.asRecord(summary) || {}),
            parentMessageId: latestAssistantMessageId,
          }));
          const existingTarget = Array.isArray(
            summariesByParentMessageId[latestAssistantMessageId],
          )
            ? summariesByParentMessageId[latestAssistantMessageId]
            : [];
          const mergedById = new Map<string, Record<string, unknown>>();
          existingTarget.forEach((entry) => {
            const entryRec = this.asRecord(entry);
            const id = this.firstNonEmptyString(entryRec?.id);
            if (id) {
              mergedById.set(id, entryRec || {});
            }
          });
          reboundSummaries.forEach((entry) => {
            const id = this.firstNonEmptyString((entry as Record<string, unknown>).id);
            if (id) {
              mergedById.set(id, entry as Record<string, unknown>);
            }
          });
    
          summariesByParentMessageId[latestAssistantMessageId] =
            Array.from(mergedById.values()) as SubagentUpdatePayload["summariesByParentMessageId"][string];
          delete summariesByParentMessageId[parentKey];
    
          summaries.forEach((summary) => {
            const summaryRec = this.asRecord(summary);
            const id = this.firstNonEmptyString(summaryRec?.id);
            if (id && detailsById[id]) {
              detailsById[id] = {
                ...(this.asRecord(detailsById[id]) || {}),
                parentMessageId: latestAssistantMessageId,
              } as SubagentUpdatePayload["detailsById"][string];
            }
          });
          changed = true;
        }
    
        if (!changed) {
          return snapshot;
        }
        return { summariesByParentMessageId, detailsById };
      }
    
      private findLatestSubagentParentMessageIdForSession(
        payload: {
          summariesByParentMessageId?: Record<string, unknown>;
        },
        sessionId: string,
      ): string | undefined {
        const summariesMap = this.asRecord(payload.summariesByParentMessageId) || {};
        const entries = Object.entries(summariesMap);
        for (let i = entries.length - 1; i >= 0; i -= 1) {
          const [parentMessageId, summariesRaw] = entries[i];
          if (!Array.isArray(summariesRaw) || summariesRaw.length === 0) {
            continue;
          }
          const matchesSession = summariesRaw.some((summaryRaw) => {
            const summary = this.asRecord(summaryRaw);
            const parentSessionId = this.firstNonEmptyString(summary?.parentSessionId);
            return parentSessionId === sessionId;
          });
          if (matchesSession) {
            return parentMessageId;
          }
        }
        return undefined;
      }
    
      private extractMessageBodyText(message: any): string {
        if (!message) return "";
    
        let rawText = "";
        if (typeof message.content === "string" && message.content.trim()) {
          rawText = message.content.trim();
        } else if (typeof message.text === "string" && message.text.trim()) {
          rawText = message.text.trim();
        } else if (Array.isArray(message.parts)) {
          rawText = message.parts
            .map((part: any) => {
              if (!part || typeof part !== "object") return "";
              if (
                part.type === "reasoning" ||
                part.type === "thinking" ||
                part.type === "thought" ||
                typeof part.reasoning !== "undefined" ||
                typeof part.thought !== "undefined" ||
                typeof part.thinking !== "undefined"
              ) {
                return "";
              }
              return (part.text || part.content || "").toString();
            })
            .join("")
            .trim();
        }
    
        if (this.isLikelyToolCallTranscript(rawText)) {
          return "";
        }
        return rawText;
      }
    
      private hasNonTextActivityParts(message: any): boolean {
        if (!message || typeof message !== "object" || !Array.isArray(message.parts)) {
          return false;
        }
        return message.parts.some((part: any) => {
          const rec = this.asRecord(part);
          if (!rec) {
            return false;
          }
          if (this.isRenderableTextPart(rec)) {
            return false;
          }
          const partType = this.firstNonEmptyString(rec.type, rec.kind)?.toLowerCase();
          if (partType === "tool") {
            const toolName = this.firstNonEmptyString(rec.tool, rec.name)?.toLowerCase();
            if (
              toolName?.includes("structuredoutput") ||
              toolName?.includes("structured_output")
            ) {
              return false;
            }
          }
          return true;
        });
      }
    
      private extractStructuredOutput(
        messageLike: any,
      ): StructuredAssistantOutput | undefined {
        const role = this.firstNonEmptyString(
          messageLike.role,
          messageLike.info?.role,
          messageLike.properties?.role,
        )?.toLowerCase();
    
        if (role === "system") {
          return {
            responseType: "system",
          } as any;
        }
    
        const providerID = this.firstNonEmptyString(
          messageLike.info?.providerID,
          messageLike.providerID,
          messageLike.properties?.providerID,
        );
        const modelID = this.firstNonEmptyString(
          messageLike.info?.modelID,
          messageLike.modelID,
          messageLike.properties?.modelID,
          messageLike.info?.model?.modelID,
          messageLike.model?.modelID,
        );
        const candidates: Array<{ value: unknown; source: string }> = [
          { value: messageLike.structuredOutput, source: "messageLike.structuredOutput" },
          { value: messageLike.structured_output, source: "messageLike.structured_output" },
          { value: messageLike.output, source: "messageLike.output" },
          { value: messageLike.info?.structuredOutput, source: "messageLike.info.structuredOutput" },
          { value: messageLike.info?.structured_output, source: "messageLike.info.structured_output" },
          { value: messageLike.info?.structured, source: "messageLike.info.structured" },
          { value: messageLike.info?.output, source: "messageLike.info.output" },
          { value: messageLike.properties?.structuredOutput, source: "messageLike.properties.structuredOutput" },
          { value: messageLike.properties?.structured_output, source: "messageLike.properties.structured_output" },
          { value: messageLike.properties?.structured, source: "messageLike.properties.structured" },
          { value: messageLike.properties?.output, source: "messageLike.properties.output" },
        ];
    
        if (Array.isArray(messageLike.parts)) {
          for (const part of messageLike.parts) {
            if (
              part &&
              typeof part === "object" &&
              part.type === "tool" &&
              part.state
            ) {
              const toolName = (part.tool || "").toLowerCase();
              if (
                toolName.includes("structuredoutput") ||
                toolName.includes("structured_output")
              ) {
                const pushCandidate = (value: unknown, source: string) => {
                  if (typeof value === "undefined") return;
                  candidates.push({ value, source });
                };
                pushCandidate(
                  part.state.result,
                  "messageLike.parts[].state.result",
                );
                pushCandidate(
                  part.state.output,
                  "messageLike.parts[].state.output",
                );
                pushCandidate(
                  part.state.arguments,
                  "messageLike.parts[].state.arguments",
                );
                pushCandidate(
                  part.state.input,
                  "messageLike.parts[].state.input",
                );
    
                const resultRec = this.asRecord(part.state.result);
                if (resultRec) {
                  pushCandidate(
                    resultRec.output,
                    "messageLike.parts[].state.result.output",
                  );
                  pushCandidate(
                    resultRec.data,
                    "messageLike.parts[].state.result.data",
                  );
                  pushCandidate(
                    resultRec.value,
                    "messageLike.parts[].state.result.value",
                  );
                  pushCandidate(
                    resultRec.arguments,
                    "messageLike.parts[].state.result.arguments",
                  );
                  pushCandidate(
                    resultRec.structuredOutput,
                    "messageLike.parts[].state.result.structuredOutput",
                  );
                  pushCandidate(
                    resultRec.structured_output,
                    "messageLike.parts[].state.result.structured_output",
                  );
                }
              }
            }
          }
        }
    
        for (const candidate of candidates) {
          const parsed = this.normalizeStructuredOutput(candidate.value as string, {
            source: candidate.source,
            providerID,
            modelID,
          });
          if (parsed) {
            return parsed;
          }
        }
    
        const bodyText = this.extractMessageBodyText(messageLike);
        if (bodyText.startsWith("{") && bodyText.endsWith("}")) {
          return this.normalizeStructuredOutput(bodyText, {
            source: "messageLike.bodyText.json",
            providerID,
            modelID,
          });
        }
        return undefined;
      }
    
      private applyStructuredOutputToMessage(
        message: any,
        options?: { allowSyntheticFallbackError?: boolean },
      ): any {
        // Abort detection must happen before any content extraction or fallback generation.
        // A cached/persisted message may already have error text written into its content
        // field, so checking only at the !bodyText branch is insufficient.
        const messageInfoError = message?.info?.error ?? message?.error;
        if (messageInfoError?.name === "MessageAbortedError") {
          if (this.isInInteractiveResponseTransition()) {
            // Interactive answer submit intentionally aborts the previous waiting turn.
            // Preserve rendered content and avoid a misleading "response stopped" banner.
            return { ...message, aborted: false };
          }
          return { ...message, aborted: true };
        }
        const allowSyntheticFallbackError =
          options?.allowSyntheticFallbackError !== false;
        const role = this.firstNonEmptyString(
          message?.info?.role,
          message?.role,
        )?.toLowerCase();
    
        if (role === "system") {
          return {
            ...message,
            responseType: "system",
            structuredOutput: {
              responseType: "system",
            },
          };
        }
    
        const structured = this.extractStructuredOutput(message);
        if (!structured) {
          const bodyText = this.extractMessageBodyText(message);
          if (role === "assistant" && bodyText) {
            const next: any = {
              ...message,
              structuredOutput: {
                responseType: "message",
                message: bodyText,
              },
              content: bodyText,
            };
            if (Array.isArray(next.parts)) {
              next.parts = next.parts.filter((part: any) => {
                if (part && part.type === "tool") {
                  const toolName = (part.tool || "").toString().toLowerCase();
                  if (
                    toolName.includes("structuredoutput") ||
                    toolName.includes("structured_output")
                  ) {
                    return false;
                  }
                }
                return true;
              });
            }
            return next;
          }
          if (role === "assistant" && !bodyText) {
            // Keep partial stop/activity turns intact so activity/reasoning widgets can render.
            // These turns may have no assistant text body but still contain useful non-text parts.
            if (this.hasNonTextActivityParts(message)) {
              return message;
            }
            if (!allowSyntheticFallbackError) {
              return message;
            }
            const incompatibleModelKey = this.getStructuredOutputModelKey(
              this.firstNonEmptyString(
                message?.info?.providerID,
                message?.providerID,
              ),
              this.firstNonEmptyString(
                message?.info?.modelID,
                message?.modelID,
              ),
            );
            const retryWithoutStructuredOutput = true;
            const fallbackText =
              incompatibleModelKey &&
                this.structuredOutputIncompatibleModelKeys.has(incompatibleModelKey)
                ? "Structured output error: this model returned an empty structured payload."
                : "I couldn't produce a valid structured response for this turn. Please retry.";
            const next: any = {
              ...message,
              content: fallbackText,
              error: fallbackText,
              retryWithoutStructuredOutput,
            };
            const parts = Array.isArray(next.parts)
              ? next.parts.filter((part: any) => this.isRenderableTextPart(part))
              : [];
            const textIndex = parts.findIndex((part: any) =>
              this.isRenderableTextPart(part),
            );
            if (textIndex >= 0) {
              parts[textIndex] = {
                ...parts[textIndex],
                type: "text",
                text: fallbackText,
              };
            } else {
              parts.push({ type: "text", text: fallbackText });
            }
            next.parts = parts;
            return next;
          }
          return message;
        }
    
        const isInteractiveStructuredResponse =
          this.isInteractiveResponseType(structured.responseType) &&
          Array.isArray(structured.interactiveEvents) &&
          structured.interactiveEvents.length > 0;
    
        // DEBUG: Check structured object immediately after extraction
        log.debug('Structured object after extraction', {
          responseType: structured.responseType,
          hasPlan: 'plan' in structured,
          planKeys: structured.plan ? Object.keys(structured.plan) : [],
          planValue: structured.plan,
          planFile: structured.plan?.file,
          allStructuredKeys: Object.keys(structured)
        });
    
        const structuredPlanContent =
          this.firstNonEmptyString(structured.plan?.content) || "";
        const shouldSuppressStructuredPlan =
          this.isClarificationQuestionnaire(structuredPlanContent);
    
        const next: any = {
          ...message,
          structuredOutput: structured,
        };
    
        // DEBUG: Log immediately after creating next object
        log.debug('applyStructuredOutputToMessage: next object created', {
          messageId: next.id,
          hasStructuredOutput: 'structuredOutput' in next,
          structuredOutputResponseType: next.structuredOutput?.responseType,
          structuredOutputHasPlan: next.structuredOutput?.plan ? 'yes' : 'no',
          structuredOutputPlanFile: next.structuredOutput?.plan?.file,
          originalMessageHasPlan: 'plan' in message,
          originalMessagePlanFile: message.plan?.file
        });
    
        if (Array.isArray(next.parts)) {
          next.parts = next.parts.filter((part: any) => {
            if (part && part.type === "tool") {
              const toolName = (part.tool || "").toString().toLowerCase();
              if (
                toolName.includes("structuredoutput") ||
                toolName.includes("structured_output")
              ) {
                return false;
              }
            }
            return true;
          });
        }
    
        const bodyText = this.extractMessageBodyText(message);
        const hasJsonOnlyBody = bodyText.startsWith("{") && bodyText.endsWith("}");
        if (hasJsonOnlyBody) {
          next.content = "";
          if (Array.isArray(next.parts)) {
            next.parts = next.parts.filter((p: any) => p?.type !== "text");
          }
        }
    
        // Preserve the default OpenCode response body whenever it exists.
        // Only inject structured text as a fallback when body text is missing or JSON-only.
        const messageContent =
          structured.message ||
          this.createFallbackMessage(structured);
        const shouldUseStructuredMessage = !bodyText || hasJsonOnlyBody;
        if (messageContent && shouldUseStructuredMessage) {
          next.content = messageContent;
          const parts = Array.isArray(next.parts) ? [...next.parts] : [];
          const textIndex = parts.findIndex(
            (part: any) => this.isRenderableTextPart(part),
          );
          if (textIndex >= 0) {
            parts[textIndex] = {
              ...parts[textIndex],
              type: "text",
              text: messageContent,
            };
          } else {
            parts.push({ type: "text", text: messageContent });
          }
          next.parts = parts;
        }
    
        if (structured.progressUpdates && structured.progressUpdates.length > 0) {
          const existingSteps = Array.isArray(next.steps) ? next.steps : [];
          const mapped = structured.progressUpdates.map((update) => ({
            type: "step",
            title: update.title,
            content: update.filePath,
            status: update.status ?? "pending",
            meta: update.meta,
          }));
          next.steps = [...existingSteps, ...mapped];
        }
    
        if (
          structured.interactiveEvents &&
          structured.interactiveEvents.length > 0
        ) {
          next.interactiveEvents = structured.interactiveEvents;
          const questionPrompt = this.deriveQuestionPromptFromInteractivePayload({
            question: (structured.question as string) ?? '',
            options: structured.interactiveEvents as any[],
          });
          const currentBodyText = this.extractMessageBodyText(next).trim();
          const normalizeComparableText = (value: string): string =>
            value.replace(/\r\n/g, "\n").replace(/\s+/g, " ").trim().toLowerCase();
          const promptNorm = questionPrompt
            ? normalizeComparableText(questionPrompt)
            : "";
          const bodyNorm = normalizeComparableText(currentBodyText);
          let visibleInteractiveBody: string | undefined;
    
          if (questionPrompt) {
            if (
              !currentBodyText ||
              bodyNorm === promptNorm ||
              this.isLowValueInteractiveBodyText(currentBodyText)
            ) {
              visibleInteractiveBody = questionPrompt;
            } else if (promptNorm && bodyNorm.startsWith(promptNorm)) {
              visibleInteractiveBody = currentBodyText;
            } else {
              visibleInteractiveBody = `${questionPrompt}\n\n${currentBodyText}`;
            }
          } else if (!currentBodyText) {
            const firstEvent = structured.interactiveEvents[0];
            if (firstEvent.type === "question" || firstEvent.type === "confirm") {
              visibleInteractiveBody = firstEvent.question;
            } else if (firstEvent.type === "message") {
              visibleInteractiveBody = firstEvent.message;
            } else if (firstEvent.type === "quick_actions") {
              visibleInteractiveBody = this.firstNonEmptyString(firstEvent.title);
            }
          }
    
          if (visibleInteractiveBody) {
            next.content = visibleInteractiveBody;
            const parts = Array.isArray(next.parts) ? [...next.parts] : [];
            const textIndex = parts.findIndex((part: any) =>
              this.isRenderableTextPart(part),
            );
            if (textIndex >= 0) {
              parts[textIndex] = {
                ...parts[textIndex],
                type: "text",
                text: visibleInteractiveBody,
              };
            } else {
              parts.push({ type: "text", text: visibleInteractiveBody });
            }
            next.parts = parts;
          }
        }
    
        if (structured.subagents && structured.subagents.length > 0) {
          if (!next.subagents) {
            next.subagents = [];
          }
          structured.subagents.forEach((sa: any) => {
            const normalized = {
              ...sa,
              agentId: this.firstNonEmptyString(sa.agentId, sa.name) || sa.id,
              latestActivity:
                this.firstNonEmptyString(sa.latestActivity, sa.description) ||
                "Subagent update",
            };
            const existing = next.subagents.find((item: any) => item.id === sa.id);
            if (existing) {
              Object.assign(existing, normalized);
            } else {
              next.subagents.push(normalized);
            }
          });
    
          const hasTextContent =
            (typeof next.content === "string" && next.content.trim().length > 0) ||
            (Array.isArray(next.parts) &&
              next.parts.some(
                (part: any) =>
                  part?.type === "text" &&
                  typeof part?.text === "string" &&
                  part.text.trim().length > 0,
              ));
          if (
            !hasTextContent &&
            (structured.responseType === "subagents" ||
              (structured.subagentsDelta &&
                structured.subagentsDelta.items.length > 0))
          ) {
            const subagentCount =
              structured.subagents?.length ??
              structured.subagentsDelta?.items.length ??
              0;
            const summaryText = `Spawned ${subagentCount} subagent${subagentCount === 1 ? "" : "s"
              }.`;
            next.content = summaryText;
            const parts = Array.isArray(next.parts) ? [...next.parts] : [];
            parts.push({ type: "text", text: summaryText });
            next.parts = parts;
          }
        }
    
        if (
          structured.responseType === "implementation_plan" &&
          !shouldSuppressStructuredPlan
        ) {
          const summaryMessage = this.firstNonEmptyString(
            structured.message,
            structured.plan?.intro,
            structured.plan?.summary,
          );
          if (summaryMessage) {
            next.content = summaryMessage;
            const parts = Array.isArray(next.parts) ? [...next.parts] : [];
            const textIndex = parts.findIndex(
              (part: any) =>
                part &&
                typeof part === "object" &&
                (part.type === "text" ||
                  typeof part.text === "string" ||
                  typeof part.content === "string"),
            );
            if (textIndex >= 0) {
              parts[textIndex] = {
                ...parts[textIndex],
                type: "text",
                text: summaryMessage,
              };
            } else {
              parts.push({ type: "text", text: summaryMessage });
            }
            next.parts = parts;
          }
        }
    
        if (
          !isInteractiveStructuredResponse &&
          !shouldSuppressStructuredPlan &&
          (structured.responseType === "implementation_plan" ||
            structured.plan?.content ||
            structured.plan?.file)
        ) {
          const planContent = this.firstNonEmptyString(structured.plan?.content);
          const structuredPlanCandidates =
            this.collectPlanFileCandidatesFromStructuredPlan(
              this.asRecord(structured.plan),
            );
          const planFile = structuredPlanCandidates[0];
    
          // DEBUG: Log plan file extraction
          log.debug('Plan file extraction', {
            hasStructuredPlan: !!structured.plan,
            structuredPlanKeys: structured.plan ? Object.keys(structured.plan) : [],
            structuredPlanFile: structured.plan?.file,
            candidatesCount: structuredPlanCandidates.length,
            candidates: structuredPlanCandidates,
            planFile: planFile,
            planFileUndefined: planFile === undefined
          });
    
          const resolvedPlanTitle = this.resolvePlanTitle({
            plan: structured.plan,
            planFile: planFile || structuredPlanCandidates[0],
            fallback: structured.plan?.summary as string | undefined,
          });
          const hasLongPlanContent =
            typeof planContent === "string" && planContent.trim().length >= 80;
          // File-backed plans must still produce a plan card even when no markdown
          // content is embedded in structured output.
          if (hasLongPlanContent || planFile) {
            next.plan = {
              file: planFile,
              content: hasLongPlanContent ? planContent : undefined,
              title: resolvedPlanTitle,
              summary: structured.plan?.summary,
              files:
                structuredPlanCandidates.length > 0
                  ? structuredPlanCandidates
                  : undefined,
            };
    
            // DEBUG: Log the final plan object being set
            log.debug('Plan object set on next', {
              hasPlan: !!next.plan,
              planFile: next.plan?.file,
              planKeys: next.plan ? Object.keys(next.plan) : [],
              fullPlanObject: next.plan ? JSON.stringify(next.plan, null, 2) : 'undefined'
            });
    
            // DEBUG: Try to serialize the entire next object to check for circular references
            try {
              const serialized = JSON.stringify(next);
              log.debug('Message serialization successful', {
                serializedLength: serialized.length,
                hasPlanInSerialized: serialized.includes('"plan"'),
                planSubstring: serialized.includes('"file"') ? serialized.substring(serialized.indexOf('"plan"'), serialized.indexOf('"plan"') + 200) : 'NOT FOUND'
              });
            } catch (e) {
              log.debug('Message serialization FAILED', { error: e });
            }
          } else {
            log.debug('Plan NOT set - condition failed', {
              hasLongPlanContent,
              planFile,
              planFileUndefined: planFile === undefined,
              hasLongPlanContentFalse: !hasLongPlanContent,
              noPlanFile: !planFile
            });
          }
        }
    
        if (shouldSuppressStructuredPlan) {
          if (next.plan) {
            delete next.plan;
          }
          if (structured.responseType === "implementation_plan") {
            const clarificationMessage =
              this.firstNonEmptyString(
                structured.message,
              ) ||
              "I need a few clarifications before drafting the implementation plan.";
            next.content = clarificationMessage;
            const parts = Array.isArray(next.parts) ? [...next.parts] : [];
            const textIndex = parts.findIndex(
              (part: any) => this.isRenderableTextPart(part),
            );
            if (textIndex >= 0) {
              parts[textIndex] = {
                ...parts[textIndex],
                type: "text",
                text: clarificationMessage,
              };
            } else {
              parts.push({ type: "text", text: clarificationMessage });
            }
            next.parts = parts;
          }
        }
    
        return next;
      }
    
      /**
       * Handles sending a message to OpenCode
       */
      // PROMPT-OWNERSHIP: do not modify — transport-only path
      private async handleSendMessage(
        text: string,
        files?: string[],
        contexts?: any[],
        images?: any[],
        agent?: string,
        isRetry = false,
        recoveredContext?: RecoveredSessionContext,
        retryWithoutStructuredOutput = false,
        structuredFallbackReason?: string,
        userFacingText?: string,
      ): Promise<void> {
        // Start feature flow tracking
        const flow = log.startFeatureFlow('SendMessage', {
          messageLength: text.length,
          isRetry,
          hasFiles: !!files?.length,
          fileCount: files?.length || 0,
          hasContexts: !!contexts?.length,
          contextCount: contexts?.length || 0,
          hasImages: !!images?.length,
          imageCount: images?.length || 0,
          agent,
        });
    
        // Cache for retry
        this.lastSendMessageArgs = { text, files, contexts, images, agent };
    
        // We'll set processing state once we have a definitive session ID below
    
        const overallStartTime = Date.now();
        log.featureStep(flow, 'message_send_started', {
          messageLength: text.length,
          timestamp: new Date().toISOString(),
        });
    
        let drainSessionId: string | undefined;
        const capturePromptDebug = this.shouldVerboseStreamDebug();
        let debugSessionId: string | undefined;
        let baselineAssistantMarker: AssistantHistoryMarker | undefined;
        try {
          const normalizedImages = (Array.isArray(images) ? images : [])
            .map((img) => {
              if (typeof img === "string") {
                return { dataUrl: img, filename: "image" };
              }
              if (img?.dataUrl && typeof img.dataUrl === "string") {
                return {
                  dataUrl: img.dataUrl,
                  filename:
                    typeof img.filename === "string" ? img.filename : "image",
                };
              }
              return null;
            })
            .filter((img): img is { dataUrl: string; filename: string } => !!img);
          const imageUrls = normalizedImages.map((img) => img.dataUrl);
    
          const serverStartTime = Date.now();
          this.logger.info("⏳ [TIMING] Calling ensureRunning()...");
          const client = await this.serverManager.ensureRunning();
          this.logger.info(`✅ [TIMING] Server ready (${Date.now() - serverStartTime}ms)`);
    
          const sessionStartTime = Date.now();
          this.logger.info("⏳ [TIMING] Getting current session...");
          let session = await this.sessionService.getCurrentSession();
          if (this.currentSessionId && session.id !== this.currentSessionId) {
            session = await this.sessionService.switchSession(
              this.currentSessionId,
            );
          }
          this.logger.info(`✅ [TIMING] Session ready (${Date.now() - sessionStartTime}ms): ${session.id}`);
    
          drainSessionId = session.id;
          this.processingSessionIds.add(drainSessionId);
          this.sendProcessingSessionsUpdate();
          this.currentSessionId = session.id;
          this.subagentTracker.setActiveSession(session.id);
          // Note: awaitingInteractiveAnswer flag is NOT cleared here
          // It will be cleared naturally when stream events arrive
    
          // Check budget before sending
          const budgetCheck = this.budgeter.canMakeRequest();
          if (!budgetCheck.allowed) {
            this.sendBudgetInfo();
            // Show warning to user
            vscode.window.showWarningMessage(
              `Request limit reached: ${budgetCheck.reason}`,
            );
            return;
          }
    
          const messagesStartTime = Date.now();
          this.logger.info("⏳ [TIMING] Loading existing messages...");
          const existingMessages = await this.sessionService.getMessages(
            session.id,
          );
          this.logger.info(`✅ [TIMING] Messages loaded (${Date.now() - messagesStartTime}ms): ${existingMessages.length} messages`);
    
          baselineAssistantMarker =
            this.getLatestAssistantHistoryMarker(existingMessages);
          const isNewSession = existingMessages.length === 0;
    
          if (isNewSession) {
            const config = vscode.workspace.getConfiguration('opencode');
            const autoGenerateTitle = config.get<boolean>('autoGenerateSessionTitle', true);
            if (autoGenerateTitle) {
              const generatedTitle = TitleGeneratorService.generateTitle(text);
              await this.updateSessionTitle(session.id, generatedTitle);
            }
          }
    
          // Save user message to local history immediately, unless this is a retry
          if (!isRetry) {
            const persistedUserText =
              this.firstNonEmptyString(userFacingText, text) || text;
            const userMessage = {
              role: "user" as const,
              content: persistedUserText,
              text: persistedUserText,
              parts: [
                {
                  type: "text",
                  text: text,
                },
              ],
              images: imageUrls,
              time: {
                created: Date.now(),
              },
            };
            await this.sessionService.appendMessage(session.id, userMessage);
    
            this.view?.webview.postMessage({
              type: "userMessageAppended",
              message: userMessage,
            });
    
            await this.handleGetSessions();
          }
    
          log.debug(
            `Session ${session.id}: ${existingMessages.length} existing messages. isNew: ${isNewSession}`,
          );
    
          // Prepare message parts
          const parts: NonNullable<SessionPromptData["body"]>["parts"] = [
            {
              type: "text",
              text: text,
            },
          ];
    
          // Add context fragments if any
          if (contexts && contexts.length > 0) {
            for (const ctx of contexts) {
              parts.push({
                type: "text",
                text: `\`\`\`${ctx.languageId}\n// ${ctx.file}:${ctx.lineInfo}\n${ctx.content}\n\`\`\``,
              });
            }
          }
    
          if (recoveredContext?.transcript) {
            parts.push({
              type: "text",
              text: [
                "Recovered conversation context from the previous session ID",
                `(${recoveredContext.previousSessionId}).`,
                "Treat this as existing conversation history and continue from it.",
                "--- BEGIN RECOVERED CONTEXT ---",
                recoveredContext.transcript,
                "--- END RECOVERED CONTEXT ---",
              ].join("\n"),
            });
          }
    
          // Add file references if any
          // ... (rest of the file part logic remains the same)
    
          // Add file references if any
          if (files && files.length > 0) {
            const workspaceFolder = vscode.workspace.workspaceFolders?.[0];
            if (workspaceFolder) {
              for (const filePath of files) {
                try {
                  // Check if path is absolute
                  let absoluteUri: vscode.Uri;
                  if (path.isAbsolute(filePath)) {
                    absoluteUri = vscode.Uri.file(filePath);
                  } else {
                    absoluteUri = vscode.Uri.joinPath(
                      workspaceFolder.uri,
                      filePath,
                    );
                  }
    
                  const content = await vscode.workspace.fs.readFile(absoluteUri);
                  const textContent = new TextDecoder().decode(content);
    
                  parts.push({
                    type: "file",
                    mime: "text/plain",
                    filename: filePath.split(/[\\/]/).pop(),
                    url: `file://${filePath}`,
                    source: {
                      type: "file",
                      path: filePath,
                      text: {
                        value: textContent,
                        start: 0,
                        end: textContent.length,
                      },
                    },
                  });
                } catch (e) {
                  log.error(`Failed to read file ${filePath}`, { filePath }, e as Error);
                }
              }
            }
          }
    
          if (normalizedImages.length > 0) {
            for (const img of normalizedImages) {
              // Extract mime type from data URL, default to image/jpeg
              const mimeMatch = img.dataUrl.match(/^data:([^;]+);/);
              const mimeType = mimeMatch ? mimeMatch[1] : "image/jpeg";
    
              parts.push({
                type: "file",
                mime: mimeType,
                filename: img.filename || "image",
                url: img.dataUrl,
              });
            }
          }
    
          // Send the message using the SDK
          const startTime = Date.now();
          const useStructuredOutput =
            !retryWithoutStructuredOutput &&
            this.shouldUseStructuredOutput(
              this.getStructuredOutputModelKey(this.selectedModel.providerID, this.selectedModel.modelID)
            );
          const promptBody: NonNullable<SessionPromptData["body"]> = {
            model: this.selectedModel,
            agent: agent || this.selectedAgent,
            parts: parts,
          };
          const promptVariant = await this.resolvePromptVariant(session.id);
          if (promptVariant) {
            (promptBody as Record<string, unknown>).variant = promptVariant;
          }
          if (capturePromptDebug) {
            debugSessionId = session.id;
            await this.logPromptRequestPayload(
              session.id,
              promptBody,
              useStructuredOutput,
            );
          }
    
          const promptStartTime = Date.now();
          this.logger.info("⏳ [TIMING] Sending prompt to server...", {
            model: this.selectedModel.modelID,
            agent: agent || this.selectedAgent,
            partsCount: parts.length,
            hasFiles: Boolean(files?.length),
            hasContexts: Boolean(contexts?.length),
            hasImages: Boolean(images?.length),
          });
    
          const response = await this.promptWithStructuredOutput(
            client,
            session.id,
            promptBody,
            useStructuredOutput,
            {
              hasFiles: Boolean(files?.length),
              hasContexts: Boolean(contexts?.length),
              hasImages: Boolean(images?.length),
            },
          );
    
          const promptDuration = Date.now() - promptStartTime;
          this.logger.info(`✅ [TIMING] Prompt response received (${promptDuration}ms)`, {
            hasData: Boolean(response.data),
            hasError: Boolean(response.error),
            status: response.response?.status,
            messageId: (response.data as any)?.info?.id,
          });
    
          const duration = (Date.now() - startTime) / 1000;
          if (capturePromptDebug) {
            await this.logPromptResponsePayload(
              session.id,
              response,
              duration,
              useStructuredOutput,
            );
          }
    
          log.debug(`Response received in ${duration}s`, {
            hasData: Boolean(response.data),
            hasError: Boolean(response.error),
            status: response.response?.status,
            messageId: (response.data as any)?.info?.id,
          });
          if (response.data && capturePromptDebug) {
            this.logPromptResponseDiagnostics(session.id, response.data);
          }
    
          // Update budget info after successful send
          // Note: recordRequest() temporarily disabled - budget now reads from actual Copilot quota data
          if (!response.error) {
            // this.budgeter.recordRequest(); // DISABLED - was tracking all requests, not just Copilot
            this.sendBudgetInfo();
          }
    
          if (response.error) {
            const errorMessages = this.collectNormalizedErrorMessages(response.error);
            log.error("API error returned", {
              sessionId: session.id,
              error: response.error,
              status: response.response?.status,
              errorMessages,
            });
            this.logger.error("Prompt request failed", {
              sessionId: session.id,
              status: response.response?.status,
              errorMessages,
            });
    
            let errorMessage = this.extractDetailedErrorMessage(
              response.error,
              "Failed to send message",
            );
            if (this.shouldSuppressInteractiveAwaitTimeout(errorMessage)) {
              this.logger.info(
                "Suppressing timeout error while awaiting interactive response",
                {
                  sessionId: session.id,
                  errorMessage,
                },
              );
              return;
            }
            if (this.isLikelyInteractiveTransportFailure(errorMessage)) {
              const recovered = await this.tryRecoverTimedOutResponse(
                session.id,
                baselineAssistantMarker,
              );
              if (recovered) {
                this.logger.info(
                  "Recovered timed out prompt from session history without user retry",
                  {
                    sessionId: session.id,
                    errorMessage,
                  },
                );
                return;
              }
              if (
                !isRetry &&
                (this.awaitingInteractiveAnswer ||
                  this.isInInteractiveResponseTransition())
              ) {
                this.logger.warn(
                  "Interactive response transport failed; retrying once with existing payload",
                  {
                    sessionId: session.id,
                    errorMessage,
                  },
                );
                // Provide user feedback about the retry
                this.view?.webview.postMessage({
                  type: "info",
                  message: "Retrying interactive response...",
                  sessionId: session.id,
                });
                return this.handleSendMessage(
                  text,
                  files,
                  contexts,
                  images,
                  agent,
                  true,
                  recoveredContext,
                  retryWithoutStructuredOutput,
                  structuredFallbackReason,
                  userFacingText,
                );
              }
            }
    
            // Handle Session Not Found error (likely server restart)
            if (
              errorMessage.toLowerCase().includes("not found") &&
              errorMessage.toLowerCase().includes("session")
            ) {
              log.warn(
                `Session ${session.id} not found on server. Re-creating...`,
              );
              // Re-create the session on the server
              try {
                const newSession = await this.sessionService.createNewSession(
                  session.title,
                );
                log.info(
                  `Re-created session with new ID: ${newSession.id}`,
                );
    
                // Migrate local messages from old ID to new ID
                const localMessages = await this.sessionService.loadSessionMessages(
                  session.id,
                );
                await this.sessionService.saveSessionMessages(
                  newSession.id,
                  localMessages,
                );
                // Optionally delete old messages? No, leave them for now.
    
                // Set as current session and retry
                await this.sessionService.switchSession(newSession.id);
                this.subagentTracker.resetForSession(newSession.id);
    
                // Notify UI of the ID change if possible, or just refresh sessions
                await this.handleGetSessions();
    
                const recoveryTranscript =
                  this.buildRecoveredTranscript(localMessages);
                if (recoveryTranscript) {
                  await this.saveSessionRecoveryMap(session.id, newSession.id);
                }
                this.migrateSessionSettings(session.id, newSession.id);
                this.currentSessionId = newSession.id;
    
                // Retry sending (recursive call) with preserved context
                return this.handleSendMessage(
                  text,
                  files,
                  contexts,
                  images,
                  agent,
                  true,
                  recoveryTranscript
                    ? {
                      previousSessionId: session.id,
                      transcript: recoveryTranscript,
                    }
                    : undefined,
                  retryWithoutStructuredOutput,
                  structuredFallbackReason,
                );
              } catch (recreateError) {
                log.error(
                  "Failed to re-create session",
                  {},
                  recreateError as Error,
                );
              }
            }
    
            // Handle specific model not found error
            if (
              errorMessage.includes("ProviderModelNotFoundError") ||
              errorMessage.includes("ModelNotFoundError")
            ) {
              errorMessage +=
                "\n\nTIP: Try starting a new session (click +) to use the default model.";
            }
    
            const isStructuredOutputError =
              this.isStructuredOutputTransportError(errorMessage);
            if (isStructuredOutputError) {
              const modelKey = this.getSelectedStructuredOutputModelKey();
              if (modelKey) {
                this.structuredOutputIncompatibleModelKeys.add(modelKey);
              }
              if (!retryWithoutStructuredOutput) {
                const retryFlow = log.startFeatureFlow('StructuredOutputRetry', {
                  sessionId: session.id,
                  providerID: this.selectedModel.providerID,
                  modelID: this.selectedModel.modelID,
                  errorMessage,
                });
    
                this.logger.warn(
                  "Structured output failed; auto-retrying without schema",
                  {
                    sessionId: session.id,
                    providerID: this.selectedModel.providerID,
                    modelID: this.selectedModel.modelID,
                  },
                );
                log.featureStep(retryFlow, 'retrying_without_structured_output');
    
                const result = await this.handleSendMessage(
                  text,
                  files,
                  contexts,
                  images,
                  agent,
                  true,
                  recoveredContext,
                  true,
                  errorMessage,
                );
    
                log.endFeatureFlow(retryFlow, { status: 'completed', retrySuccess: true });
                return result;
              }
              errorMessage = [
                "Structured output error: the selected model/provider did not return a usable JSON payload.",
                "Retry without structured output to continue with a plain text response.",
                "",
                `Details: ${errorMessage}`,
              ].join("\n");
            }
    
            vscode.window.showErrorMessage(`OpenCode error: ${errorMessage}`);
            this.view?.webview.postMessage({
              type: "error",
              message: errorMessage,
            });
            return;
          }
    
          // Check for hidden errors in data (e.g. ModelNotFoundError returned as JSON)
          if (
            response.data &&
            (response.data as any).suggestions &&
            (response.data as any).modelID &&
            !(response.data as any).content
          ) {
            const errData = response.data as any;
            let errorMessage = `Model '${errData.modelID}' not found in provider '${errData.providerID}'.`;
            if (errData.suggestions && errData.suggestions.length > 0) {
              errorMessage += ` Did you mean: ${errData.suggestions.join(", ")}?`;
            }
            errorMessage +=
              "\n\nTIP: Check your model selection or local OpenCode configuration.";
    
            vscode.window.showErrorMessage(errorMessage);
            this.view?.webview.postMessage({
              type: "error",
              message: errorMessage,
            });
            return;
          }
    
          // Send response back to webview
          if (response.data) {
            const rawResponse = this.buildRawResponseDebugText(response.data);
            const structuredMessage = this.applyStructuredOutputToMessage(
              response.data,
            );
            const enrichedMessage = this.enrichMessageWithPlan(structuredMessage);
            const structuredFailureText = this.firstNonEmptyString(
              (enrichedMessage as any)?.error,
            );
            if (
              !retryWithoutStructuredOutput &&
              structuredFailureText &&
              this.isStructuredOutputFailureMessage(structuredFailureText)
            ) {
              const modelKey = this.getSelectedStructuredOutputModelKey();
              if (modelKey) {
                this.structuredOutputIncompatibleModelKeys.add(modelKey);
              }
              this.logger.warn(
                "Structured output payload unusable; auto-retrying without schema",
                {
                  sessionId: session.id,
                  providerID: this.selectedModel.providerID,
                  modelID: this.selectedModel.modelID,
                  reason: structuredFailureText,
                },
              );
              return this.handleSendMessage(
                text,
                files,
                contexts,
                images,
                agent,
                true,
                recoveredContext,
                true,
                structuredFailureText,
              );
            }
            const trackerSnapshotPayload = this.subagentTracker.getSnapshotPayload();
            const hasSubagentSignal =
              this.hasStructuredSubagentSignal(enrichedMessage);
            let assistantMessageId = this.extractMessageId(enrichedMessage);
            if (!assistantMessageId && hasSubagentSignal) {
              assistantMessageId = this.subagentTracker.getLatestParentMessageId(
                session.id,
              );
              if (assistantMessageId) {
                enrichedMessage.id = assistantMessageId;
              }
            }
            if (!assistantMessageId && hasSubagentSignal) {
              assistantMessageId = this.findLatestSubagentParentMessageIdForSession(
                trackerSnapshotPayload,
                session.id,
              );
              if (assistantMessageId) {
                enrichedMessage.id = assistantMessageId;
              }
            }
            if (assistantMessageId) {
              const hydratedSubagents =
                await this.subagentTracker.finalizeParentMessage({
                  client,
                  parentSessionId: session.id,
                  parentMessageId: assistantMessageId,
                });
              if (hydratedSubagents.length > 0) {
                enrichedMessage.subagents = hydratedSubagents;
                this.view?.webview.postMessage({
                  type: "subagentUpdate",
                  ...this.subagentTracker.getPayloadForParentMessage(
                    assistantMessageId,
                  ),
                });
              } else {
                let snapshotPayload = this.subagentTracker.getPayloadForParentMessage(
                  assistantMessageId,
                );
                const hydratedFromSnapshot = this.hydrateSubagentsFromPayload(
                  assistantMessageId,
                  snapshotPayload,
                  session.id,
                );
                if (hydratedFromSnapshot.length > 0) {
                  enrichedMessage.subagents = this.mergeSubagentEntries(
                    enrichedMessage.subagents,
                    hydratedFromSnapshot,
                  );
                } else if (hasSubagentSignal) {
                  const fallbackParentMessageId =
                    this.findLatestSubagentParentMessageIdForSession(
                      trackerSnapshotPayload,
                      session.id,
                    );
                  if (
                    fallbackParentMessageId &&
                    fallbackParentMessageId !== assistantMessageId
                  ) {
                    snapshotPayload =
                      this.subagentTracker.getPayloadForParentMessage(
                        fallbackParentMessageId,
                      );
                    const hydratedFallback = this.hydrateSubagentsFromPayload(
                      fallbackParentMessageId,
                      snapshotPayload,
                      session.id,
                    );
                    if (hydratedFallback.length > 0) {
                      enrichedMessage.subagents = this.mergeSubagentEntries(
                        enrichedMessage.subagents,
                        hydratedFallback,
                      );
                      if (!this.extractMessageId(enrichedMessage)) {
                        enrichedMessage.id = fallbackParentMessageId;
                      }
                    }
                  }
                }
              }
            } else if (hasSubagentSignal) {
              const fallbackParentMessageId =
                this.findLatestSubagentParentMessageIdForSession(
                  trackerSnapshotPayload,
                  session.id,
                );
              if (fallbackParentMessageId) {
                const snapshotPayload =
                  this.subagentTracker.getPayloadForParentMessage(
                    fallbackParentMessageId,
                  );
                const hydratedFallback = this.hydrateSubagentsFromPayload(
                  fallbackParentMessageId,
                  snapshotPayload,
                  session.id,
                );
                if (hydratedFallback.length > 0) {
                  enrichedMessage.subagents = this.mergeSubagentEntries(
                    enrichedMessage.subagents,
                    hydratedFallback,
                  );
                  if (!this.extractMessageId(enrichedMessage)) {
                    enrichedMessage.id = fallbackParentMessageId;
                  }
                }
              }
            }
    
            const normalizedFallbackReason = this.firstNonEmptyString(
              structuredFallbackReason,
            );
            const plainTextFallbackMetadata =
              retryWithoutStructuredOutput && normalizedFallbackReason
                ? {
                  plainTextFallback: true,
                  plainTextFallbackMessage:
                    "Structured output failed for this turn. Showing plain text response.",
                  plainTextFallbackReason: normalizedFallbackReason.slice(0, 500),
                }
                : undefined;
            const finalMessage = plainTextFallbackMetadata
              ? {
                ...enrichedMessage,
                ...plainTextFallbackMetadata,
              }
              : enrichedMessage;
    
            const debugMessage = {
              ...finalMessage,
              rawResponse,
            };
    
            // DEBUG: Log right after creating debugMessage
            log.debug('debugMessage created', {
              hasPlan: 'plan' in debugMessage,
              planFile: debugMessage.plan?.file,
              planKeys: debugMessage.plan ? Object.keys(debugMessage.plan) : [],
              hasStructuredOutput: 'structuredOutput' in debugMessage,
              structuredOutputResponseType: debugMessage.structuredOutput?.responseType,
              structuredOutputHasPlan: debugMessage.structuredOutput?.plan ? 'yes' : 'no',
              structuredOutputPlanFile: debugMessage.structuredOutput?.plan?.file
            });
    
            // Persist canonical assistant message without raw debug payload so
            // session storage/write path stays lightweight.
            await this.sessionService.appendMessage(session.id, {
              ...finalMessage,
              timing: {
                duration: duration,
              },
            });
            // Persist a hydrated override that *includes* rawResponse for reload parity.
            await this.persistSessionMessageOverride(session.id, {
              ...debugMessage,
              timing: {
                duration: duration,
              },
            });
            const snapshotFromFinalMessage = this.buildSubagentPayloadFromMessage(
              finalMessage,
              session.id,
            );
            if (snapshotFromFinalMessage) {
              await this.persistSubagentLiveState(
                session.id,
                snapshotFromFinalMessage,
              );
            }
    
            // DEBUG: Log message right before sending to webview
            log.debug('SENDING message to webview', {
              hasPlan: 'plan' in debugMessage,
              planKeys: debugMessage.plan ? Object.keys(debugMessage.plan) : [],
              planFile: debugMessage.plan?.file,
              messageType: debugMessage.type,
              messageResponse: debugMessage.responseType,
              structuredOutputResponseType: debugMessage.structuredOutput?.responseType,
              fullMessageKeys: Object.keys(debugMessage)
            });
    
            // Try to serialize to check for circular references
            try {
              const serialized = JSON.stringify(debugMessage);
              log.debug('Serialization check', {
                success: true,
                length: serialized.length,
                hasPlanInSerialized: serialized.includes('"plan"'),
                hasFileInSerialized: serialized.includes('"file"'),
                planSubstring: serialized.includes('"plan"') ? serialized.substring(serialized.indexOf('"plan"'), Math.min(serialized.indexOf('"plan"') + 300, serialized.length)) : 'NOT FOUND'
              });
            } catch (e) {
              log.debug('Serialization FAILED', { error: e });
            }
    
            this.view?.webview.postMessage({
              type: "messageResponse",
              message: {
                ...debugMessage,
                timing: {
                  duration: duration,
                },
              },
            });
    
            // Auto-compact if the context window is getting full.
            void this.maybeAutoCompact(session.id, response.data);
          } else {
            const noDataMessageText =
              "No final response payload was returned by the provider.";
            const rawResponse = this.buildRawResponseDebugText({
              status: response?.response?.status,
              data: response?.data,
              error: response?.error,
            });
            const fallbackMessage = {
              role: "assistant",
              content: noDataMessageText,
              parts: [{ type: "text", text: noDataMessageText }],
              rawResponse,
              timing: {
                duration: duration,
              },
            };
    
            await this.sessionService.appendMessage(session.id, fallbackMessage);
            this.view?.webview.postMessage({
              type: "messageResponse",
              message: fallbackMessage,
            });
            this.logger.warn("No response data received from OpenCode", {
              sessionId: session.id,
              status: response?.response?.status,
              hasError: Boolean(response?.error),
            });
          }
        } catch (error) {
          const totalDuration = Date.now() - overallStartTime;
          this.logger.error(`❌ [TIMING] Message failed after ${totalDuration}ms`, {
            error: String(error),
            sessionId: drainSessionId,
          });
    
          const errorMessage = this.extractDetailedErrorMessage(
            error,
            "Failed to send message",
          );
          if (this.shouldSuppressInteractiveAwaitTimeout(errorMessage)) {
            this.logger.info(
              "Suppressing thrown timeout while awaiting interactive response",
              {
                sessionId: drainSessionId,
                errorMessage,
              },
            );
            return;
          }
          if (
            drainSessionId &&
            this.isLikelyInteractiveTransportFailure(errorMessage)
          ) {
            const recovered = await this.tryRecoverTimedOutResponse(
              drainSessionId,
              baselineAssistantMarker,
            );
            if (recovered) {
              this.logger.info(
                "Recovered thrown timeout from session history without user retry",
                {
                  sessionId: drainSessionId,
                  errorMessage,
                },
              );
              return;
            }
            if (
              !isRetry &&
              (this.awaitingInteractiveAnswer ||
                this.isInInteractiveResponseTransition())
            ) {
              this.logger.warn(
                "Thrown interactive transport failure; retrying once with existing payload",
                {
                  sessionId: drainSessionId,
                  errorMessage,
                },
              );
              // Provide user feedback about the retry
              this.view?.webview.postMessage({
                type: "info",
                message: "Retrying interactive response...",
                sessionId: drainSessionId,
              });
              return this.handleSendMessage(
                text,
                files,
                contexts,
                images,
                agent,
                true,
                recoveredContext,
                retryWithoutStructuredOutput,
                structuredFallbackReason,
                userFacingText,
              );
            }
          }
          vscode.window.showErrorMessage(`Failed to send message: ${errorMessage}`);
          this.logger.error("Send message exception", {
            sessionId: drainSessionId,
            errorMessage,
            errorMessages: this.collectNormalizedErrorMessages(error),
          });
    
          // Show error in webview too
          this.view?.webview.postMessage({
            type: "error",
            message: errorMessage,
          });
        } finally {
          const totalDuration = Date.now() - overallStartTime;
          log.featureStep(flow, 'message_processing_completed', {
            duration: totalDuration,
            sessionId: drainSessionId,
            timestamp: new Date().toISOString(),
          });
    
          this.logger.info(`🏁 [TIMING] Message processing completed in ${totalDuration}ms`, {
            sessionId: drainSessionId,
            timestamp: new Date().toISOString(),
          });
    
          if (debugSessionId) {
            this.promptDebugBySession.delete(debugSessionId);
          }
          if (drainSessionId) {
            this.processingSessionIds.delete(drainSessionId);
            this.sendProcessingSessionsUpdate();
          }
          this.logger.info("Processing request finished", {
            sessionId: drainSessionId,
          });
          if (drainSessionId) {
            void this.handleExecuteQueue(drainSessionId);
          }
    
          // End feature flow tracking
          log.endFeatureFlow(flow, { status: 'completed', totalDuration });
        }
      }
    
      /**
       * Enriches a message with plan information if detected.
       * FORBIDDEN TO REMOVE: This logic ensures the Implementation Plan button appears,
       * which is a core feature for user transparency and workflow.
       */
      private async resolveStopSessionId(
        requestedSessionId?: string,
      ): Promise<string | undefined> {
        const explicitSessionId = this.firstNonEmptyString(requestedSessionId);
        if (explicitSessionId) {
          return explicitSessionId;
        }
    
        const activeSessionId = this.firstNonEmptyString(this.currentSessionId);
        if (activeSessionId) {
          return activeSessionId;
        }
    
        if (!this.isProcessingRequest) {
          return undefined;
        }
    
        try {
          const currentSession = await this.sessionService.getCurrentSession();
          return this.firstNonEmptyString(currentSession?.id);
        } catch (error) {
          log.warn(
            "Failed to resolve stop session from SessionService",
            { error },
          );
          return undefined;
        }
      }
    
      /**
       * Handles stopping a request
       */
      // FORBIDDEN TO REMOVE: Stop Request Button - backend handler required by webview to abort streaming requests
      private async handleStopRequest(sessionId?: string): Promise<void> {
        let resolvedSessionId: string | undefined;
        try {
          resolvedSessionId = await this.resolveStopSessionId(sessionId);
          if (!resolvedSessionId) {
            this.logger.warn("stopRequest ignored: no active session ID resolved");
            return;
          }
    
          const client = this.serverManager.getClient();
          if (!client) {
            this.logger.warn("stopRequest skipped: no client available", {
              sessionId: resolvedSessionId,
            });
            return;
          }
    
          this.logger.info("Stopping request", {
            sessionId: resolvedSessionId,
          });
    
          const workspaceDirectory = this.getWorkspaceDirectory();
          await client.session.abort({
            path: { id: resolvedSessionId },
            query: workspaceDirectory ? { directory: workspaceDirectory } : undefined,
          });
        } catch (error) {
          log.error("Failed to stop request", {}, error as Error);
        } finally {
          if (resolvedSessionId) {
            this.processingSessionIds.delete(resolvedSessionId);
            this.sendProcessingSessionsUpdate();
          }
          this.view?.webview.postMessage({
            type: "stopRequestHandled",
            sessionId: resolvedSessionId,
          });
          if (resolvedSessionId) {
            void this.handleExecuteQueue(resolvedSessionId);
          }
        }
      }
    
      /**
       * Returns the context token limit for the currently selected model, or
       * undefined if the model/limit is unknown.
       */
      /**
       * Checks whether the context window is at or above the auto-compact
       * threshold after a completed turn and, if so, triggers compaction
       * automatically so the next turn does not hit the limit.
       *
       * The threshold is intentionally set at 90 % so compaction runs while
       * there is still room for the summary that the compaction call itself
       * produces.
       */
      /**
       * Appends text to the prompt input
       */
      async appendToPrompt(text: string): Promise<void> {
        const value = typeof text === "string" ? text.trim() : "";
        if (!value) {
          return;
        }
        this.view?.webview.postMessage({
          type: "appendPrompt",
          message: {
            role: "user",
            content: value,
            parts: [{ type: "text", text: value }],
          },
        });
      }
    
      /**
       * Adds a context badge to the prompt input
       */
      async addContext(context: any): Promise<void> {
        this.view?.webview.postMessage({
          type: "addContext",
          context,
        });
      }
    
      /**
       * Automatically adds a context badge without overwriting manual ones
       */
      async autoAddContext(context: any): Promise<void> {
        this.view?.webview.postMessage({
          type: "addContext",
          context: { ...context, isAuto: true },
        });
      }
    
      /**
       * Clears any automatically added context
       */
      async clearAutoContext(): Promise<void> {
        this.view?.webview.postMessage({
          type: "clearAutoContext",
        });
      }
    
      async handlePlanProceed(payload: {
        rawPlan: string;
        comments: PlanProceedComment[];
        sourceFile?: string;
      }): Promise<void> {
        const rawPlan = typeof payload?.rawPlan === "string" ? payload.rawPlan : "";
        if (!rawPlan.trim()) {
          vscode.window.showErrorMessage(
            "Cannot proceed because implementation plan content is empty.",
          );
          return;
        }
        const comments = Array.isArray(payload?.comments) ? payload.comments : [];
        const hasChangeRequests = comments.some(
          (comment) => comment.text.trim().length > 0,
        );
    
        const commentLines = comments.map((comment) => {
          const textRef = comment.anchor?.selectedText
            ? `On text "${comment.anchor.selectedText}": `
            : "";
          return `- ${textRef}${comment.text}`;
        });
    
        const commentsMd =
          commentLines.length > 0
            ? `# Implementation Plan Comments\n\n${commentLines.join("\n")}`
            : "";
        const providedSourceFile = this.normalizePlanFileReference(
          payload?.sourceFile,
        );
        let planFilePath: string | undefined;
    
        if (providedSourceFile) {
          const diskPlan = await this.readPlanFileFromDisk(providedSourceFile);
          if (diskPlan) {
            planFilePath = providedSourceFile;
          } else {
            const preferredPath = this.resolvePlanFileCandidates(providedSourceFile)[0];
            planFilePath = await this.persistPlan(
              rawPlan,
              preferredPath,
            );
          }
        } else {
          const fallbackCandidates = this.prioritizePlanFileCandidates([
            ...this.extractMarkdownFileReferences(rawPlan),
            ...(await this.discoverLikelyPlanFileCandidates()),
          ]);
          for (const candidate of fallbackCandidates) {
            const diskPlan = await this.readPlanFileFromDisk(candidate);
            if (!diskPlan) {
              continue;
            }
            planFilePath = candidate;
            break;
          }
        }
    
        if (!planFilePath) {
          vscode.window.showErrorMessage(
            "Cannot proceed because the plan source file path is missing. Re-open the plan and try again.",
          );
          return;
        }
    
        let commentsFilePath: string | undefined;
        if (hasChangeRequests && commentsMd) {
          const ext = path.extname(planFilePath) || ".md";
          const baseName = path.basename(planFilePath, ext);
          commentsFilePath = path.join(
            path.dirname(planFilePath),
            `${baseName}_comments.md`,
          );
          try {
            await vscode.workspace.fs.writeFile(
              vscode.Uri.file(commentsFilePath),
              new TextEncoder().encode(commentsMd),
            );
          } catch (error) {
            const message = error instanceof Error ? error.message : String(error);
            vscode.window.showErrorMessage(
              `Cannot proceed because plan comments could not be written: ${message}`,
            );
            return;
          }
        }
    
        const proceedMessage = hasChangeRequests
          ? [
            "Proceed on this plan.",
            `The attached plan file \`${planFilePath}\` is the source of truth.`,
            `Apply all reviewer comments from attached file \`${commentsFilePath}\`, then execute the resulting plan.`,
            "Begin making real edits now and continue until the implementation is complete.",
            "Do not return only a status update.",
          ].join("\n")
          : [
            "Proceed on this plan.",
            `The attached plan file \`${planFilePath}\` is the source of truth.`,
            "Execute the plan step-by-step and implement the described changes now.",
            "Begin making real edits now and continue until the implementation is complete.",
            "Do not return only a status update.",
          ].join("\n");
    
        const attachedFiles =
          hasChangeRequests && commentsFilePath
            ? [planFilePath, commentsFilePath]
            : [planFilePath];
    
        // Post addPlanAttachment message to chat webview for the visual chip
        const planGoal =
          rawPlan.match(/^#\s+(.+)/m)?.[1]?.trim() ?? "Implementation Plan";
        const planBase64 = Buffer.from(rawPlan, "utf-8").toString("base64");
        const dataUrl = `data:text/markdown;base64,${planBase64}`;
        this.view?.webview.postMessage({
          type: "addPlanAttachment",
          payload: {
            id: `plan-${Date.now()}`,
            filename: `\uD83D\uDCCB Implementation Plan: ${planGoal}`,
            mimeType: "text/markdown",
            dataUrl,
          },
        });
    
        PlanViewProvider.closeCurrentPanel();
    
        // Fire and forget so the plan tab closes immediately and execution starts in chat.
        void this.handleSendMessage(
          proceedMessage,
          attachedFiles,
          undefined,
          undefined,
          "build",
          true,
        ).catch((err) => {
          const message = err instanceof Error ? err.message : String(err);
          vscode.window.showErrorMessage(`Failed to proceed with plan: ${message}`);
        });
      }
    
      private buildRecoveredTranscript(messages: unknown[]): string {
        if (!Array.isArray(messages) || messages.length === 0) {
          return "";
        }
    
        const maxChars = 24_000;
        const lines: string[] = [];
        let used = 0;
        const recent = messages.slice(-40);
    
        for (const msg of recent) {
          const rec = this.asRecord(msg);
          if (!rec) {
            continue;
          }
          const role =
            this.firstNonEmptyString(
              rec.role,
              rec.info && this.asRecord(rec.info)?.role,
            ) || "assistant";
          const content = this.extractMessageBodyText(rec);
          if (!content) {
            continue;
          }
          const line = `[${role}] ${content}`;
          if (used + line.length + 1 > maxChars) {
            break;
          }
          lines.push(line);
          used += line.length + 1;
        }
    
        return lines.join("\n");
      }
    
      /**
       * Helper: Get session settings
       * Retrieves session-specific settings (model, agent, thinking level)
       */
      private getSessionSettings(_sessionId: string): {
        selectedModel?: { modelID: string; providerID: string };
        selectedAgent?: string;
        thinkingLevel?: string;
      } {
        // This would be implemented to retrieve per-session settings
        // For now, return empty object
        return {};
      }
    
      /**
       * Helper: Apply session settings
       * Applies session-specific model, agent, and thinking level
       */
      private async applySessionSettings(sessionId: string): Promise<void> {
        return this.modelAndAgentManager.applySessionSettings(sessionId);
      }
    
      /**
       * Helper: Migrate session settings
       * Transfers settings from old session to new session
       */
      private migrateSessionSettings(
        oldSessionId: string,
        newSessionId: string
      ): void {
        const settings = this.getSessionSettings(oldSessionId);
        if (settings.selectedModel || settings.selectedAgent || settings.thinkingLevel) {
          // Save to new session using ModelAndAgentManager
          void this.persistSessionSettings(newSessionId, {
            providerID: settings.selectedModel?.providerID,
            modelID: settings.selectedModel?.modelID,
            agent: settings.selectedAgent,
            thinkingLevel: settings.thinkingLevel,
          });
        }
      }
    
      /**
       * Shows the skill installer modal in the webview
       */
      async showSkillInstaller(): Promise<void> {
        this.view?.webview.postMessage({
          type: "showSkillInstaller",
        });
      }
    
      /**
       * Opens the My Skills panel in the webview
       */
      async openMySkills(): Promise<void> {
        this.view?.webview.postMessage({
          type: "openMySkills",
        });
      }
    
      /**
       * Refreshes the skills list in the webview
       */
      async refreshSkills(): Promise<void> {
        // TEMPORARILY DISABLED: Don't load skills to avoid 700+ skills bottleneck
        this.logger.warn("⚠️ [PERF] Skills loading disabled temporarily");
        this.view?.webview.postMessage({
          type: "mySkills",
          skills: [], // Return empty array instead of loading all skills
        });
      }
    
      /**
       * Handles skill-related messages from the webview
       */
      private async handleSkillMessage(message: {
        type: string;
        [key: string]: unknown;
      }): Promise<void> {
        switch (message.type) {
          case "getMySkills": {
            // TEMPORARILY DISABLED: Don't load skills to avoid 700+ skills bottleneck
            this.logger.warn("⚠️ [PERF] getMySkills disabled temporarily");
            this.view?.webview.postMessage({ type: "mySkills", skills: [] });
            break;
          }
    
          case "installSkill": {
            const { source, data } = message;
            let result;
    
            if (source === "url") {
              result = await this.skillManager.installFromUrl(data as string, (progress) => {
                this.view?.webview.postMessage({ type: "installProgress", progress });
              });
            } else if (source === "file") {
              result = await this.skillManager.installFromFile(data as string);
            } else {
              result = { success: false, error: "Unknown installation source" };
            }
    
            if (result.success) {
              this.view?.webview.postMessage({ type: "skillInstalled", skill: result.skill });
            } else {
              this.view?.webview.postMessage({ type: "skillError", error: result.error });
            }
            break;
          }
    
          case "removeSkill": {
            const { name } = message;
            await this.skillManager.deleteSkill(name as string);
            this.view?.webview.postMessage({ type: "skillRemoved", name });
            break;
          }
    
          case "editSkill": {
            const { name, updates } = message;
            await this.skillManager.updateSkill(name as string, updates as any);
            const skill = await this.skillManager.getSkill(name as string);
            this.view?.webview.postMessage({ type: "skillInstalled", skill });
            break;
          }
    
          case "validateSkill": {
            const { skill } = message;
            const validation = this.skillManager.validateSkill(skill);
            if (!validation.valid) {
              this.view?.webview.postMessage({
                type: "skillError",
                error: "Validation failed",
                details: validation.errors,
              });
            }
            break;
          }
    
          default:
            this.logger.warn("Unknown skill message type:", { type: message.type });
        }
      }
    
      private async saveSessionRecoveryMap(
        previousSessionId: string,
        newSessionId: string,
      ): Promise<void> {
        if (
          !previousSessionId ||
          !newSessionId ||
          previousSessionId === newSessionId
        ) {
          return;
        }
        const existing =
          this.context.globalState.get<Record<string, string>>(
            "sessionRecoveryMap",
          ) ?? {};
        existing[previousSessionId] = newSessionId;
        await this.context.globalState.update("sessionRecoveryMap", existing);
      }
    
      /**
       * Handles viewing the implementation plan
       */
      /**
       * Handles opening the file picker
       */
      private async handleAttachFiles(): Promise<void> {
        const uris = await vscode.window.showOpenDialog({
          canSelectMany: true,
          openLabel: "Attach to Chat",
          filters: {
            "All Files": ["*"],
          },
        });
    
        if (uris && uris.length > 0) {
          // Convert URIs to relative paths or absolute paths for selection
          // For now, let's just send back the absolute paths as this is what the extension uses
          const files = uris.map((u) => u.fsPath);
    
          // We need a message type to receive these in the webview
          this.view?.webview.postMessage({
            type: "filesAttached",
            files,
          });
        }
      }
    
      private async handleAttachImage(): Promise<void> {
        const uris = await vscode.window.showOpenDialog({
          canSelectMany: true,
          openLabel: "Attach Images to Chat",
          filters: {
            Images: ["png", "jpg", "jpeg", "gif", "webp"],
          },
        });
    
        if (!uris || uris.length === 0) {
          return;
        }
    
        const images = [];
        for (const uri of uris) {
          try {
            const data = await vscode.workspace.fs.readFile(uri);
            const base64 = Buffer.from(data).toString("base64");
            const mimeType = this.getMimeType(uri.fsPath);
            images.push({
              dataUrl: `data:${mimeType};base64,${base64}`,
              filename: uri.fsPath.split(/[/\\]/).pop() || uri.fsPath,
              size: data.byteLength,
            });
          } catch (error) {
            log.error(`Failed to read image ${uri.fsPath}`, { uri: uri.fsPath }, error as Error);
          }
        }
    
        if (images.length > 0) {
          this.view?.webview.postMessage({
            type: "imagesAttached",
            images,
          });
        }
      }
    
      private getMimeType(filePath: string): string {
        const ext = filePath.split(".").pop()?.toLowerCase();
        const mimeMap: Record<string, string> = {
          png: "image/png",
          jpg: "image/jpeg",
          jpeg: "image/jpeg",
          gif: "image/gif",
          webp: "image/webp",
        };
        return mimeMap[ext || ""] || "image/png";
      }
    
      /**
       * Handles opening settings
       */
      private async handleOpenSettings(): Promise<void> {
        await vscode.commands.executeCommand(
          "workbench.action.openSettings",
          "@ext:OpenCode.opencode-vscode",
        );
      }
    
      /**
       * Handle mode toggle with logging
       */
      private async handleToggleMode(newMode: string): Promise<void> {
        const oldMode = this.currentMode;
        this.currentMode = newMode;
    
        // Only log the state change here, not in the message handler
        this.logger.logStateChange('current-mode', oldMode, newMode, 'mode-toggle');
    
        // Send mode update to webview
        this.view?.webview.postMessage({
          type: 'modeChanged',
          mode: newMode,
        });
      }
    
      /**
       * Refreshes the view with current state
       */
      private refreshView(): void {
        this.view?.webview.postMessage({
          type: "initState",
          serverStatus: this.serverManager.getStatus(),
          selectedModel: this.selectedModel,
          selectedAgent: this.selectedAgent,
          currentSessionId: this.currentSessionId,
          todoItems: this.loadPersistedTodos(this.currentSessionId).items,
        });
      }
    
      /**
       * Generates the HTML content for the webview
       */
      // FORBIDDEN TO REMOVE: React Chat Asset Contract - ensure <div id="root"> and chat.js/chat.css wiring remain intact
      private getHtmlContent(webview: vscode.Webview): string {
        const styleUri = webview.asWebviewUri(
          vscode.Uri.joinPath(
            this.context.extensionUri,
            "webview",
            "shared",
            "dist",
            "chat.css",
          ),
        );
        const scriptUri = webview.asWebviewUri(
          vscode.Uri.joinPath(
            this.context.extensionUri,
            "webview",
            "shared",
            "dist",
            "chat.js",
          ),
        );
    
        return `<!DOCTYPE html>
    <html lang="en">
    <head>
      <meta charset="UTF-8">
      <meta name="viewport" content="width=device-width, initial-scale=1.0">
      <meta http-equiv="Content-Security-Policy" content="default-src 'none'; img-src ${webview.cspSource} data: blob:; style-src ${webview.cspSource} 'unsafe-inline'; script-src ${webview.cspSource};">
      <link href="${styleUri}" rel="stylesheet">
      <title>OpenCode Chat</title>
    </head>
    <body>
      <div id="root"></div>
      <script type="module" src="${scriptUri}"></script>
    </body>
    </html>`;
      }
    
      /**
       * Handles file search requests from the webview
       */
      private async handleSearchFiles(query: string) {
        const flow = log.startFeatureFlow('FileSearch', { queryLength: query.length });
    
        if (!query) {
          log.endFeatureFlow(flow, { result: 'skipped', reason: 'Empty query' });
          this.view?.webview.postMessage({
            type: "fileSearchResults",
            results: [],
          });
          return;
        }
    
        try {
          log.featureStep(flow, 'searching_files', { query, maxResults: 20 });
          const startTime = Date.now();
    
          // Simple file search using VS Code API
          // Limit to 20 results for performance
          const files = await vscode.workspace.findFiles(
            `**/*${query}*`,
            "**/node_modules/**",
            20,
          );
    
          const duration = Date.now() - startTime;
          const results = files.map((f) => {
            const relativePath = vscode.workspace.asRelativePath(f);
            return {
              path: relativePath,
              name: relativePath.split(/[\\/]/).pop() || relativePath,
            };
          });
    
          log.featureStep(flow, 'search_completed', {
            resultCount: results.length,
            duration,
          });
    
          this.view?.webview.postMessage({
            type: "fileSearchResults",
            results: results,
          });
    
          log.endFeatureFlow(flow, { result: 'completed', resultCount: results.length, duration });
        } catch (error) {
          log.error('File search failed', { query }, error as Error);
          log.endFeatureFlow(flow, { result: 'failed', error: String(error) });
          this.view?.webview.postMessage({
            type: "fileSearchResults",
            results: [],
          });
        }
      }
    
      /**
       * Handles requests to get OpenCode configuration files
       */
      private async handleGetOpenCodeConfig(fileName?: string) {
        try {
          // Scan all JSON config files
          const configFiles = await this.configFilesProvider.scanFiles();
    
          // Determine which file to load
          let selectedFile: ConfigFile | undefined;
          if (fileName && configFiles.length > 0) {
            // Load specific file if requested
            selectedFile = configFiles.find(f => f.name === fileName || f.path === fileName);
          } else if (configFiles.length > 0) {
            // Default to first file (alphabetically sorted)
            selectedFile = configFiles[0];
          }
    
          if (!selectedFile) {
            // No config files found - send empty state with available files list
            this.view?.webview.postMessage({
              type: "opencodeConfigFiles",
              files: configFiles.map(f => ({
                name: f.name,
                path: f.path,
                lastModified: f.lastModified,
                size: f.size,
              })),
              currentFile: null,
            });
            return;
          }
    
          // Send config data with files list
          this.view?.webview.postMessage({
            type: "opencodeConfig",
            content: selectedFile.content,
            filePath: selectedFile.path,
            fileName: selectedFile.name,
            files: configFiles.map(f => ({
              name: f.name,
              path: f.path,
              lastModified: f.lastModified,
              size: f.size,
            })),
          });
        } catch (error) {
          this.logger.error("Failed to load OpenCode config", undefined, error instanceof Error ? error : new Error(String(error)));
          this.view?.webview.postMessage({
            type: "opencodeConfigError",
            error: error instanceof Error ? error.message : "Failed to load configuration",
          });
        }
      }
    
      /**
       * Handles requests to save OpenCode configuration
       */
      private async handleSaveOpenCodeConfig(content: string, filePath?: string) {
        const flow = log.startFeatureFlow('SaveConfig', { filePath, contentLength: content.length });
    
        try {
          if (!filePath) {
            log.endFeatureFlow(flow, { result: 'failed', reason: 'No file path provided' });
            throw new Error("File path is required for saving configuration");
          }
    
          log.featureStep(flow, 'saving_config_file', { filePath, contentLength: content.length });
          const result = await this.configFilesProvider.saveFile(filePath, content);
    
          this.view?.webview.postMessage({
            type: "opencodeConfigSaved",
            success: result.success,
            error: result.error,
            filePath,
          });
    
          if (result.success) {
            this.logger.info(`OpenCode config saved: ${filePath}`);
            log.endFeatureFlow(flow, { result: 'completed', filePath });
          } else {
            log.endFeatureFlow(flow, { result: 'failed', error: result.error });
          }
        } catch (error) {
          this.logger.error("Failed to save OpenCode config", undefined, error instanceof Error ? error : new Error(String(error)));
          log.endFeatureFlow(flow, { result: 'failed', error: String(error) });
          this.view?.webview.postMessage({
            type: "opencodeConfigSaved",
            success: false,
            error: error instanceof Error ? error.message : "Failed to save configuration",
            filePath,
          });
        }
      }
    
      /**
       * Reconciles the selected model against the fetched model catalog.
       *
       * Matching priority:
       * 1) exact providerID + modelID
       * 2) legacy fallback by modelID only when provider is missing/generic and match is unique
       *
       * We intentionally do NOT remap by modelID alone when multiple providers expose the same model.
       */
      /**
       * Resolves the default model from the CLI config
       */
      /**
       * Handles fetching available models from OpenCode
       */
      /**
       * Fetches slash commands from OpenCode SDK and sends them to the webview.
       * Uses a short-lived cache because commands are mostly static during a session.
       */
      /**
       * Handles fetching available agents via the OpenCode SDK and sends the list
       * to the webview. Falls back to a minimal built-in list if the server is
       * unavailable.
       */
      // ─── Per-session settings helpers ────────────────────────────────────────
    
      /** Returns the full persisted map of all session settings. */
      /**
       * Returns the persisted settings for a specific session.
       * Returns an empty object when no settings have been saved yet.
       */
      /**
       * Merges `partial` into the persisted settings for `sessionId` and saves
       * the updated map back to global state.
       */
      /**
       * Loads the persisted settings for `sessionId` and applies them to the
       * provider's in-memory state (`selectedAgent`, `selectedModel`).
       * Fields that have no saved value are left unchanged.
       */
      /**
       * Fetches MCP server status from the OpenCode SDK and forwards it to the
       * webview. The webview dispatches `SET_MCP_SERVERS` from the `mcpStatus`
       * message. Tool IDs are fetched in parallel so each server row can show its
       * list of tools when the user expands it.
       */
      private async handleGetMcpStatus(): Promise<void> {
        const flow = log.startFeatureFlow('GetMcpStatus', {});
    
        try {
          log.featureStep(flow, 'fetching_mcp_status');
          const client = await this.serverManager.ensureRunning();
    
          log.featureStep(flow, 'fetching_mcp_and_tool_data');
          const [mcpRes, toolIdsRes] = await Promise.all([
            client.mcp.status(),
            client.tool.ids().catch(() => ({ data: [] })),
          ]);
    
          const servers = mcpRes.data ?? {};
          const toolIds: string[] = Array.isArray(toolIdsRes?.data)
            ? toolIdsRes.data
            : [];
    
          log.featureStep(flow, 'sending_status_to_webview', {
            serverCount: Object.keys(servers).length,
            toolCount: toolIds.length,
          });
    
          this.view?.webview.postMessage({
            type: "mcpStatus",
            servers,
            toolIds,
          });
    
          log.info(
            `MCP status sent: ${Object.keys(servers).length} server(s), ${toolIds.length} tool(s)`,
          );
    
          log.endFeatureFlow(flow, { result: 'completed', serverCount: Object.keys(servers).length, toolCount: toolIds.length });
        } catch (err) {
          log.error(
            "handleGetMcpStatus failed",
            {},
            err instanceof Error ? err : undefined,
          );
          log.endFeatureFlow(flow, { result: 'failed', error: String(err) });
        }
      }
    
      /**
       * Fetches LSP server status from the OpenCode SDK and forwards it to the
       * webview. The webview dispatches `SET_LSP_SERVERS` from the `lspStatus`
       * message.
       */
      private async handleGetLspStatus(): Promise<void> {
        const flow = log.startFeatureFlow('GetLspStatus', {});
    
        try {
          log.featureStep(flow, 'fetching_server_status');
          const client = await this.serverManager.ensureRunning();
          const workspaceDir = this.getWorkspaceDirectory();
    
          log.featureStep(flow, 'fetching_lsp_status', { workspaceDir });
          // Pass directory parameter to LSP status endpoint so the server
          // can detect language servers for the current workspace
          const res = workspaceDir
            // eslint-disable-next-line @typescript-eslint/no-explicit-any
            ? await client.lsp.status({ directory: workspaceDir } as any)
            : await client.lsp.status();
    
          const servers = Array.isArray(res.data) ? res.data : [];
    
          log.featureStep(flow, 'sending_status_to_webview', { serverCount: servers.length });
          this.view?.webview.postMessage({
            type: "lspStatus",
            servers,
          });
    
          log.info(
            `LSP status sent: ${servers.length} server(s)` +
            (workspaceDir ? ` for workspace: ${workspaceDir}` : ""),
          );
    
          log.endFeatureFlow(flow, { result: 'completed', serverCount: servers.length });
        } catch (err) {
          log.error(
            "handleGetLspStatus failed",
            {},
            err instanceof Error ? err : undefined,
          );
          log.endFeatureFlow(flow, { result: 'failed', error: String(err) });
        }
      }
    
      /**
       * Ensures a default primary agent is selected for the current session.
       * Falls back to "build" (the built-in default primary agent) if nothing
       * has been persisted.
       */
      private async syncCLIAgents(): Promise<void> {
        if (!this.selectedAgent) {
          this.selectedAgent = "build";
          log.info("No agent set, defaulting to 'build'");
        }
      }
    
      private async handleReviewChanges() {
        try {
          const workspaceFolder = vscode.workspace.workspaceFolders?.[0];
          if (!workspaceFolder) {
            await vscode.commands.executeCommand("workbench.view.scm");
            return;
          }
    
          const cwd = workspaceFolder.uri.fsPath;
          const runGit = (...args: string[]): Promise<string> =>
            new Promise((resolve, reject) => {
              cp.execFile(
                "git",
                args,
                { cwd, maxBuffer: 10 * 1024 * 1024 },
                (err, stdout) => {
                  if (err && err.code !== 1) {
                    reject(err);
                  } else {
                    resolve(stdout);
                  }
                },
              );
            });
    
          const diffOutput = await runGit("diff", "HEAD");
    
          // Include untracked files as pseudo-diffs
          const untrackedFilesOutput = await runGit(
            "ls-files",
            "--others",
            "--exclude-standard",
          );
          const untrackedFiles = untrackedFilesOutput
            .split("\n")
            .filter((f) => f.trim());
    
          let allDiffs = diffOutput;
          for (const file of untrackedFiles) {
            try {
              const fileUri = vscode.Uri.file(path.join(cwd, String(file)));
              const content = await vscode.workspace.fs.readFile(fileUri);
              const text = new TextDecoder().decode(content);
              const lines = text.split("\n");
              const pseudoDiff = [
                `--- /dev/null`,
                `+++ b/${file.replace(/\\/g, "/")}`,
                `@@ -0,0 +1,${lines.length} @@`,
                ...lines.map((l) => `+${l}`),
                "",
              ].join("\n");
              allDiffs += (allDiffs ? "\n" : "") + pseudoDiff;
            } catch (e: any) {
              log.warn(
                `Failed to read untracked file ${String(file)}: ${e instanceof Error ? e.message : String(e)}`,
                { file: String(file) },
              );
            }
          }
    
          if (allDiffs) {
            const diffFiles = this.parseUnifiedDiff(allDiffs);
            if (diffFiles.length > 0) {
              await vscode.commands.executeCommand("opencode.showDiffReview", {
                files: diffFiles,
              });
              return;
            }
          }
    
          // Fallback to SCM view if no diffs found
          await vscode.commands.executeCommand("workbench.view.scm");
        } catch (error: any) {
          vscode.window.showErrorMessage(
            `Failed to open changes: ${error.message}`,
          );
        }
      }
    
      private buildDiffExcerpt(diffOutput: string): {
        header?: string;
        lines: string[];
        added?: number;
        deleted?: number;
      } | undefined {
        const diffFiles = this.parseUnifiedDiff(diffOutput);
        if (diffFiles.length === 0) {
          return undefined;
        }
        const firstFile = diffFiles[0];
        const firstHunk = Array.isArray(firstFile.hunks) ? firstFile.hunks[0] : undefined;
        if (!firstHunk || !Array.isArray(firstHunk.lines) || firstHunk.lines.length === 0) {
          return undefined;
        }
        return {
          header: typeof firstHunk.header === "string" ? firstHunk.header : undefined,
          lines: firstHunk.lines.slice(0, 40).map((line: unknown) =>
            typeof line === "string" ? line.slice(0, 300) : "",
          ),
          added:
            typeof firstFile.added === "number" && Number.isFinite(firstFile.added)
              ? firstFile.added
              : undefined,
          deleted:
            typeof firstFile.deleted === "number" && Number.isFinite(firstFile.deleted)
              ? firstFile.deleted
              : undefined,
        };
      }
    
      private async getDiffActivityEnrichment(
        filePath: string,
      ): Promise<
        | {
          diffStats?: { added: number; deleted: number };
          diffExcerpt?: { header?: string; lines: string[]; added?: number; deleted?: number };
        }
        | undefined
      > {
        try {
          const workspaceFolder = vscode.workspace.workspaceFolders?.[0];
          if (!workspaceFolder) return undefined;
    
          const fullPath = path.isAbsolute(filePath)
            ? filePath
            : path.join(workspaceFolder.uri.fsPath, filePath);
          const cwd = workspaceFolder.uri.fsPath;
    
          const runGit = (...args: string[]): Promise<string> =>
            new Promise((resolve, reject) => {
              cp.execFile(
                "git",
                args,
                { cwd, maxBuffer: 10 * 1024 * 1024 },
                (err, stdout) => {
                  if (err && err.code !== 1) {
                    reject(err);
                  } else {
                    resolve(stdout);
                  }
                },
              );
            });
    
          let diffOutput = "";
          try {
            diffOutput = await runGit("diff", "HEAD", "--", fullPath);
            if (!diffOutput) {
              diffOutput = await runGit("diff", "--cached", "--", fullPath);
            }
            if (!diffOutput) {
              // New file fallback
              try {
                const fileUri = vscode.Uri.file(fullPath);
                const content = await vscode.workspace.fs.readFile(fileUri);
                const text = new TextDecoder().decode(content);
                const lines = text.split("\n");
                return {
                  diffStats: { added: lines.length, deleted: 0 },
                  diffExcerpt: {
                    header: `@@ -0,0 +1,${lines.length} @@`,
                    lines: lines.slice(0, 40).map((line) => `+${line.slice(0, 299)}`),
                    added: lines.length,
                    deleted: 0,
                  },
                };
              } catch {
                return undefined;
              }
            }
          } catch {
            return undefined;
          }
    
          if (diffOutput) {
            const diffFiles = this.parseUnifiedDiff(diffOutput);
            if (diffFiles.length > 0 && diffFiles[0]) {
              return {
                diffStats: {
                  added: diffFiles[0].added,
                  deleted: diffFiles[0].deleted,
                },
                diffExcerpt: this.buildDiffExcerpt(diffOutput),
              };
            }
          }
          return undefined;
        } catch (error) {
          log.error("getDiffActivityEnrichment error", {}, error as Error);
          return undefined;
        }
      }
    
      private async handleOpenDiff(filePath: string) {
        try {
          const workspaceFolder = vscode.workspace.workspaceFolders?.[0];
          if (!workspaceFolder) return;
    
          const fullPath = path.isAbsolute(filePath)
            ? filePath
            : path.join(workspaceFolder.uri.fsPath, filePath);
          const fileUri = vscode.Uri.file(fullPath);
          const cwd = workspaceFolder.uri.fsPath;
    
          const runGit = (...args: string[]): Promise<string> =>
            new Promise((resolve, reject) => {
              cp.execFile(
                "git",
                args,
                { cwd, maxBuffer: 10 * 1024 * 1024 },
                (err, stdout) => {
                  // exit code 1 from git diff means there are changes (not an error)
                  if (err && err.code !== 1) {
                    reject(err);
                  } else {
                    resolve(stdout);
                  }
                },
              );
            });
    
          let diffOutput = "";
          try {
            // Try HEAD diff first (tracked modified file)
            diffOutput = await runGit("diff", "HEAD", "--", fullPath);
            if (!diffOutput) {
              // Maybe the file is staged but not committed — try staged diff
              diffOutput = await runGit("diff", "--cached", "--", fullPath);
            }
            if (!diffOutput) {
              // New untracked file: generate a pseudo-diff showing full content as additions
              const content = await vscode.workspace.fs.readFile(fileUri);
              const text = new TextDecoder().decode(content);
              const lines = text.split("\n");
              diffOutput = [
                `--- /dev/null`,
                `+++ b/${filePath.replace(/\\/g, "/")}`,
                `@@ -0,0 +1,${lines.length} @@`,
                ...lines.map((l) => `+${l}`),
              ].join("\n");
            }
          } catch (e) {
            log.warn(`git diff failed: ${e instanceof Error ? e.message : String(e)}`, {});
          }
    
          if (diffOutput) {
            const diffFiles = this.parseUnifiedDiff(diffOutput);
            if (diffFiles.length > 0) {
              await vscode.commands.executeCommand("opencode.showDiffReview", {
                files: diffFiles,
              });
              return;
            }
          }
    
          // Absolute fallback: open the file normally
          await vscode.commands.executeCommand("vscode.open", fileUri);
        } catch (error: any) {
          vscode.window.showErrorMessage(`Failed to open diff: ${error.message}`);
        }
      }
    
      private parseUnifiedDiff(diff: string): any[] {
        const files: any[] = [];
        const lines = diff.split("\n");
        let currentFile: any = null;
        let currentHunk: any = null;
    
        for (const line of lines) {
          if (line.startsWith("--- ") || line.startsWith("+++ ")) {
            const isNew = line.startsWith("+++ ");
            const pathMatch = line.match(/^\+\+\+ (?:b\/)?(.*)$/);
            if (isNew && pathMatch) {
              if (currentFile) files.push(currentFile);
              currentFile = {
                path: pathMatch[1],
                added: 0,
                deleted: 0,
                hunks: [],
              };
            }
            continue;
          }
    
          if (line.startsWith("@@ ")) {
            if (!currentFile) continue;
            currentHunk = {
              header: line,
              lines: [],
            };
            currentFile.hunks.push(currentHunk);
            continue;
          }
    
          if (currentHunk) {
            if (line.startsWith("+")) {
              currentFile.added++;
              currentHunk.lines.push(line);
            } else if (line.startsWith("-")) {
              currentFile.deleted++;
              currentHunk.lines.push(line);
            } else if (line.startsWith(" ") || line === "") {
              currentHunk.lines.push(line);
            }
          }
        }
    
        if (currentFile) files.push(currentFile);
        return files;
      }
    
      /**
       * Handles opening a file in the editor
       */
      private async handleOpenFile(filePath: string) {
        try {
          const workspaceFolder = vscode.workspace.workspaceFolders?.[0];
          if (!workspaceFolder) return;
    
          const fullPath = path.isAbsolute(filePath)
            ? filePath
            : path.join(workspaceFolder.uri.fsPath, filePath);
          const fileUri = vscode.Uri.file(fullPath);
    
          await vscode.commands.executeCommand("vscode.open", fileUri);
        } catch (error: unknown) {
          const msg = error instanceof Error ? error.message : JSON.stringify(error);
          vscode.window.showErrorMessage(`Failed to open file: ${msg}`);
        }
      }
    
      // PROMPT-OWNERSHIP: do not modify — transport-only path
      /**
       * Removes a message from a session queue
       */
      /**
       * Clears the prompt queue for a given session
       */
      /**
       * Executes a session queue sequentially. Only one queue drain can run at a time.
       */
      /**
       * Sends the current budget status to the webview
       */
      private sendBudgetInfo() {
        try {
          // Get actual Copilot quota data from QuotaService
          const quotaData = this.quotaService.cachedData;
          const copilotPlatform = quotaData?.platforms?.find(
            (p) => p.platform === "github-copilot",
          );
    
          if (!copilotPlatform) {
            return;
          }
    
          // Extract data from Copilot quota
          const copilotQuota = copilotPlatform.quotas?.[0]; // "Premium" quota
          if (!copilotQuota) {
            return;
          }
    
          // Parse "usedTotalDisplay" which is in format "X / Y"
          const usedTotalMatch =
            copilotQuota.usedTotalDisplay?.match(/(\d+)\s*\/\s*(\d+)/);
          const totalUsed = usedTotalMatch ? parseInt(usedTotalMatch[1], 10) : 0;
          const monthlyQuota = usedTotalMatch
            ? parseInt(usedTotalMatch[2], 10)
            : 300;
    
          // Calculate daily allowance
          const today = new Date();
          const todayStr = today.toISOString().split("T")[0];
          const daysInMonth = new Date(
            today.getFullYear(),
            today.getMonth() + 1,
            0,
          ).getDate();
          const dayOfMonth = today.getDate();
          const dailyAllowance = Math.ceil(monthlyQuota / daysInMonth);
    
          // --- NEW ACCURATE USAGE CALCULATION ---
          // Get baseline for today. If none exists, this is the first time we're seeing
          // quota data today, so current totalUsed becomes the baseline.
          let baseline = this.budgeter.getBaselineForDate(todayStr);
          if (baseline === null) {
            this.budgeter.setBaselineForDate(todayStr, totalUsed);
            baseline = totalUsed;
          }
    
          // Today's usage is the difference between current total and morning's baseline
          const usedToday = Math.max(0, totalUsed - baseline);
          // --------------------------------------
    
          // Calculate accumulated budget up to today (days passed × daily allowance)
          const budgetSoFar = dayOfMonth * dailyAllowance;
    
          // Available today = (accumulated budget - baseline) - used today
          // Simplified: accumulated budget - totalUsed
          const availableToday = Math.max(0, budgetSoFar - totalUsed);
    
          const remainingToday = Math.max(0, dailyAllowance - usedToday);
    
          // Project monthly usage (current rate × days in month)
          const projectedMonthlyUsage =
            dayOfMonth > 0 ? Math.round((totalUsed / dayOfMonth) * daysInMonth) : 0;
    
          // Determine warning level
          let warningLevel: "ok" | "warning" | "critical" = "ok";
          if (remainingToday === 0) {
            warningLevel = "critical";
          } else if (remainingToday < dailyAllowance * 0.3) {
            warningLevel = "warning";
          }
    
          // Generate advice
          const advice: string[] = [];
          if (remainingToday === 0) {
            advice.push(
              "⚠️ You've used your available requests for today. Consider reducing usage to avoid running out this month.",
            );
          } else if (availableToday > dailyAllowance * 2) {
            advice.push(
              `💡 You have ${availableToday} requests available today (including ${availableToday - dailyAllowance
              } unused from previous days)!`,
            );
          } else if (projectedMonthlyUsage > monthlyQuota) {
            advice.push(
              `🚨 At your current rate, you'll exceed your monthly quota! Try to stay under ${dailyAllowance} requests/day.`,
            );
          } else if (warningLevel === "ok") {
            advice.push(
              `✅ You have ${remainingToday} requests available today. Base daily allowance: ${dailyAllowance}.`,
            );
          }
    
          const budgetInfo = {
            planName: copilotPlatform.accountLabel?.replace(/[()]/g, "") || "Pro",
            monthlyQuota: monthlyQuota,
            usedToday: usedToday,
            dailyAllowance: dailyAllowance,
            availableToday: availableToday,
            remainingToday: remainingToday,
            daysRemaining: daysInMonth - dayOfMonth + 1,
            projectedMonthlyUsage: projectedMonthlyUsage,
            warningLevel: warningLevel,
            advice: advice,
          };
    
          this.view?.webview.postMessage({
            type: "budgetInfo",
            data: budgetInfo,
          });
        } catch (error) {
          log.error("Failed to send budget info", {}, error as Error);
        }
      }
    
      /**
       * Sends the current queue state to the webview
       */
      public dispose(): void {
        if (this.unsubscribe) {
          this.unsubscribe();
          this.unsubscribe = undefined;
        }
        this.streamService.dispose();
        this.quotaService.dispose();
        this.fileThemeProcessor.unsubscribe(this);
        this.isBootstrappingWebview = false;
        this.hasInitializedWebview = false;
        this.sessionsListRequestVersion = 0;
        this.lastSessionsPayloadFingerprint = undefined;
        this.queueBySessionId.clear();
        this.view = undefined;
    
        // Clear any pending todo persistence timer
        if (this.todoPersistenceTimer) {
          clearTimeout(this.todoPersistenceTimer);
          this.todoPersistenceTimer = null;
        }
      }
    
      // --- File Icon Theme Sync Methods ---
    
      /**
       * Called when the file theme processor state changes.
       */
      public notify(state: FileThemeProcessorState): void {
        if (state === "ready") {
          this.sendThemeDataToWebview();
        }
      }
    
      /**
       * Generates and sends the file theme CSS to the webview.
       */
      private async sendThemeDataToWebview(): Promise<void> {
        if (!this.view) {
          return;
        }
    
        try {
          const themeData = this.fileThemeProcessor.getThemeData();
          if (!themeData.data || !themeData.themeId) {
            return;
          }
    
          const cssData = this.cssGenerator.getCss(
            themeData.data,
            themeData.themeId,
            this.view.webview,
          );
          const combinedCss = `${cssData.fontFaceCss}\n${cssData.iconCss}`;
          this.currentThemeCss = combinedCss;
    
          // Update localResourceRoots to include theme extension paths
          if (themeData.localResourceRoots.length > 0) {
            const roots = [
              this.context.extensionUri,
              ...themeData.localResourceRoots.map((root) => vscode.Uri.file(root)),
            ];
            this.view.webview.options = {
              ...this.view.webview.options,
              localResourceRoots: roots,
            };
          }
    
          await this.view.webview.postMessage({
            type: "injectThemeCss",
            css: combinedCss,
          });
          log.debug("Injected theme CSS into webview");
        } catch (error) {
          log.error(
            "Failed to send theme data to webview",
            {},
            error as Error,
          );
        }
      }
    }
    
  operator: 'match'
  stack: |-
    TestContext.<anonymous> (file:///E:/Projects/vscode-opencode/tests/providers/todo-provider.test.mjs:45:10)
    Test.runInAsyncScope (node:async_hooks:214:14)
    Test.run (node:internal/test_runner/test:1047:25)
    Test.processPendingSubtests (node:internal/test_runner/test:744:18)
    Test.postRun (node:internal/test_runner/test:1173:19)
    Test.run (node:internal/test_runner/test:1101:12)
    async Test.processPendingSubtests (node:internal/test_runner/test:744:7)
  ...
# Subtest: ChatViewProvider exposes getTodoStorageKey and loadPersistedTodos helpers
ok 707 - ChatViewProvider exposes getTodoStorageKey and loadPersistedTodos helpers
  ---
  duration_ms: 1.5228
  type: 'test'
  ...
# Subtest: chat source css keeps active Tailwind directives
ok 708 - chat source css keeps active Tailwind directives
  ---
  duration_ms: 6.7091
  type: 'test'
  ...
# Subtest: chat css pipeline keeps Tailwind enabled for utility-heavy React chat components
ok 709 - chat css pipeline keeps Tailwind enabled for utility-heavy React chat components
  ---
  duration_ms: 0.8177
  type: 'test'
  ...
# Subtest: markdown-body ordered lists must display with decimal numbers (not bullets)
ok 710 - markdown-body ordered lists must display with decimal numbers (not bullets)
  ---
  duration_ms: 1.0689
  type: 'test'
  ...
# Subtest: markdown-body unordered lists must display with disc bullets
ok 711 - markdown-body unordered lists must display with disc bullets
  ---
  duration_ms: 2.6258
  type: 'test'
  ...
# Subtest: markdown-body lists must have separate rules for ul and ol (not combined)
ok 712 - markdown-body lists must have separate rules for ul and ol (not combined)
  ---
  duration_ms: 1.0486
  type: 'test'
  ...
# Subtest: store keeps compaction state when SET_SESSION_ID receives the same session id
ok 713 - store keeps compaction state when SET_SESSION_ID receives the same session id
  ---
  duration_ms: 8.0899
  type: 'test'
  ...
# Subtest: store defines compaction divider reconciliation by message-id anchors and compacted timestamp
ok 714 - store defines compaction divider reconciliation by message-id anchors and compacted timestamp
  ---
  duration_ms: 1.0142
  type: 'test'
  ...
# Subtest: SET_MESSAGES re-resolves compaction divider + anchors after history hydration
ok 715 - SET_MESSAGES re-resolves compaction divider + anchors after history hydration
  ---
  duration_ms: 3.5318
  type: 'test'
  ...
# Subtest: compaction status reducer payload supports before/after message anchors
ok 716 - compaction status reducer payload supports before/after message anchors
  ---
  duration_ms: 2.2825
  type: 'test'
  ...
# Subtest: message handler parses compaction divider anchors and republishes reconciled state
ok 717 - message handler parses compaction divider anchors and republishes reconciled state
  ---
  duration_ms: 4.1174
  type: 'test'
  ...
# Subtest: provider compaction view state contract persists divider message anchors
ok 718 - provider compaction view state contract persists divider message anchors
  ---
  duration_ms: 5.5474
  type: 'test'
  ...
# Subtest: provider derives divider anchors when compacting and emits them in done status
ok 719 - provider derives divider anchors when compacting and emits them in done status
  ---
  duration_ms: 3.4135
  type: 'test'
  ...
# Subtest: chat shell persists divider anchors when toggling compacted messages
ok 720 - chat shell persists divider anchors when toggling compacted messages
  ---
  duration_ms: 0.6773
  type: 'test'
  ...
# Subtest: compaction completion always clears stale in-progress UI state in message handler
ok 721 - compaction completion always clears stale in-progress UI state in message handler
  ---
  duration_ms: 2.8946
  type: 'test'
  ...
# Subtest: PersistedCompactionViewState includes pendingAutoCompact and pendingAutoCompactAt for restart resilience
ok 722 - PersistedCompactionViewState includes pendingAutoCompact and pendingAutoCompactAt for restart resilience # SKIP
  ---
  duration_ms: 1.6239
  type: 'test'
  ...
# Subtest: normalizeCompactionViewState passes through pendingAutoCompact and pendingAutoCompactAt fields
ok 723 - normalizeCompactionViewState passes through pendingAutoCompact and pendingAutoCompactAt fields # SKIP
  ---
  duration_ms: 0.8755
  type: 'test'
  ...
# Subtest: maybeAutoCompact reads opencode.autoCompact config setting
ok 724 - maybeAutoCompact reads opencode.autoCompact config setting # SKIP
  ---
  duration_ms: 0.5205
  type: 'test'
  ...
# Subtest: maybeAutoCompact reads opencode.autoCompactThreshold config setting
ok 725 - maybeAutoCompact reads opencode.autoCompactThreshold config setting # SKIP
  ---
  duration_ms: 0.347
  type: 'test'
  ...
# Subtest: maybeAutoCompact writes intent to workspace state before firing compaction
ok 726 - maybeAutoCompact writes intent to workspace state before firing compaction # SKIP
  ---
  duration_ms: 0.3347
  type: 'test'
  ...
# Subtest: sendPersistedCompactionViewState resumes pending auto-compaction on session load
ok 727 - sendPersistedCompactionViewState resumes pending auto-compaction on session load # SKIP
  ---
  duration_ms: 0.2221
  type: 'test'
  ...
# Subtest: handleCompactSession clears pendingAutoCompact flag after successful compaction
ok 728 - handleCompactSession clears pendingAutoCompact flag after successful compaction # SKIP
  ---
  duration_ms: 0.1189
  type: 'test'
  ...
# Subtest: handleCompactSession accepts and forwards triggeredBy parameter in status messages
ok 729 - handleCompactSession accepts and forwards triggeredBy parameter in status messages # SKIP
  ---
  duration_ms: 0.1084
  type: 'test'
  ...
# Subtest: postCompactionStatus includes triggeredBy field in payload type
ok 730 - postCompactionStatus includes triggeredBy field in payload type # SKIP
  ---
  duration_ms: 0.1319
  type: 'test'
  ...
# Subtest: maybeAutoCompact is called from stream message.updated events for real-time threshold checking
ok 731 - maybeAutoCompact is called from stream message.updated events for real-time threshold checking # SKIP
  ---
  duration_ms: 0.1812
  type: 'test'
  ...
# Subtest: postCompactionStatus includes triggeredBy field in payload type
ok 732 - postCompactionStatus includes triggeredBy field in payload type # SKIP
  ---
  duration_ms: 0.1901
  type: 'test'
  ...
# Subtest: store tracks contextUsagePct for threshold visualization
ok 733 - store tracks contextUsagePct for threshold visualization
  ---
  duration_ms: 0.6515
  type: 'test'
  ...
# Subtest: message handler dispatches SET_CONTEXT_USAGE_PCT from streaming message.updated tokens
ok 734 - message handler dispatches SET_CONTEXT_USAGE_PCT from streaming message.updated tokens # SKIP
  ---
  duration_ms: 0.3639
  type: 'test'
  ...
# Subtest: reusable ImagePreviewModal provides close controls and dialog semantics
ok 735 - reusable ImagePreviewModal provides close controls and dialog semantics
  ---
  duration_ms: 2.8688
  type: 'test'
  ...
# Subtest: input attachment chips render thumbnail preview and open modal for images
ok 736 - input attachment chips render thumbnail preview and open modal for images
  ---
  duration_ms: 5.9915
  type: 'test'
  ...
# Subtest: message images support click-to-preview for both user and markdown content
ok 737 - message images support click-to-preview for both user and markdown content
  ---
  duration_ms: 1.9159
  type: 'test'
  ...
# Subtest: chat CSS includes stable classes for image preview and thumbnail UI
ok 738 - chat CSS includes stable classes for image preview and thumbnail UI
  ---
  duration_ms: 1.7483
  type: 'test'
  ...
# Subtest: extension deactivation explicitly disposes long-lived services
ok 739 - extension deactivation explicitly disposes long-lived services
  ---
  duration_ms: 4.2082
  type: 'test'
  ...
# Subtest: extension activation keeps status bar synced via server status subscription
ok 740 - extension activation keeps status bar synced via server status subscription
  ---
  duration_ms: 1.0066
  type: 'test'
  ...
# Subtest: ChatViewProvider exposes explicit dispose to release stream, quota, and theme observers
ok 741 - ChatViewProvider exposes explicit dispose to release stream, quota, and theme observers
  ---
  duration_ms: 1.4643
  type: 'test'
  ...
# Subtest: MessageStreamService verbose stream diagnostics are gated behind debug level
ok 742 - MessageStreamService verbose stream diagnostics are gated behind debug level
  ---
  duration_ms: 1.0344
  type: 'test'
  ...
# Subtest: webview stream debug output is feature-flagged off by default
ok 743 - webview stream debug output is feature-flagged off by default
  ---
  duration_ms: 1.7975
  type: 'test'
  ...
# Subtest: app reducer caps streaming arrays and deduplicates edit paths
ok 744 - app reducer caps streaming arrays and deduplicates edit paths
  ---
  duration_ms: 1.3761
  type: 'test'
  ...
# Subtest: chat streaming/finalization remains session-scoped across session switches
ok 745 - chat streaming/finalization remains session-scoped across session switches # SKIP
  ---
  duration_ms: 0.3898
  type: 'test'
  ...
# Subtest: processing session updates clear stale active-session loading fallback without clearing streaming snapshot
ok 746 - processing session updates clear stale active-session loading fallback without clearing streaming snapshot
  ---
  duration_ms: 8.1789
  type: 'test'
  ...
# Subtest: question flow lock: synthesize assistant bubble text when popover exists but no trusted body yet
ok 747 - question flow lock: synthesize assistant bubble text when popover exists but no trusted body yet
  ---
  duration_ms: 4.3743
  type: 'test'
  ...
# Subtest: question flow lock: non-message stream kinds cannot seed assistant bubble body
ok 748 - question flow lock: non-message stream kinds cannot seed assistant bubble body
  ---
  duration_ms: 1.3581
  type: 'test'
  ...
# Subtest: question flow lock: final normalized question fallback persists interactive events and responseType
ok 749 - question flow lock: final normalized question fallback persists interactive events and responseType
  ---
  duration_ms: 1.8199
  type: 'test'
  ...
# Subtest: question flow lock: renderer hides untrusted streaming text until trusted content exists
ok 750 - question flow lock: renderer hides untrusted streaming text until trusted content exists
  ---
  duration_ms: 1.1436
  type: 'test'
  ...
# Subtest: question flow lock: live streaming bubble falls back to structured interactive prompt
ok 751 - question flow lock: live streaming bubble falls back to structured interactive prompt
  ---
  duration_ms: 2.672
  type: 'test'
  ...
# Subtest: question flow lock: streaming trust bit is defined and only elevated by explicit renderable writes
ok 752 - question flow lock: streaming trust bit is defined and only elevated by explicit renderable writes
  ---
  duration_ms: 1.056
  type: 'test'
  ...
# Subtest: question flow lock: interactive answer submission clears stale stream snapshots
ok 753 - question flow lock: interactive answer submission clears stale stream snapshots
  ---
  duration_ms: 1.3078
  type: 'test'
  ...
# Subtest: question flow lock: messageResponse drops mismatched snapshots when final payload has its own content
ok 754 - question flow lock: messageResponse drops mismatched snapshots when final payload has its own content
  ---
  duration_ms: 9.6562
  type: 'test'
  ...
# Subtest: question flow lock: suppress stale popover re-show during interactive transition
ok 755 - question flow lock: suppress stale popover re-show during interactive transition
  ---
  duration_ms: 3.0092
  type: 'test'
  ...
# Subtest: assistant raw response debug visibility is driven by payload presence, not debug flags
ok 756 - assistant raw response debug visibility is driven by payload presence, not debug flags
  ---
  duration_ms: 5.1129
  type: 'test'
  ...
# Subtest: history hydration reuses canonical processing path and disables synthetic fallback errors
ok 757 - history hydration reuses canonical processing path and disables synthetic fallback errors
  ---
  duration_ms: 6.2742
  type: 'test'
  ...
# Subtest: assistant burst coalescing keeps latest base and dedupes timeline arrays
ok 758 - assistant burst coalescing keeps latest base and dedupes timeline arrays
  ---
  duration_ms: 1.6156
  type: 'test'
  ...
# Subtest: assistant burst coalescing avoids collapsing distinct assistant replies
ok 759 - assistant burst coalescing avoids collapsing distinct assistant replies
  ---
  duration_ms: 2.1376
  type: 'test'
  ...
# Subtest: history timestamps parse numeric created fields instead of falling back to Date.now
ok 760 - history timestamps parse numeric created fields instead of falling back to Date.now
  ---
  duration_ms: 1.4138
  type: 'test'
  ...
# Subtest: session override persistence intentionally keeps rawResponse debug payload
ok 761 - session override persistence intentionally keeps rawResponse debug payload
  ---
  duration_ms: 0.9656
  type: 'test'
  ...
# Subtest: final assistant response persists debug override payload for refresh parity
ok 762 - final assistant response persists debug override payload for refresh parity
  ---
  duration_ms: 3.7439
  type: 'test'
  ...
# Subtest: structured-output fallback synthesis can be disabled for session reload normalization
ok 763 - structured-output fallback synthesis can be disabled for session reload normalization
  ---
  duration_ms: 1.7942
  type: 'test'
  ...
# Subtest: mirror-deduper preserves intentional idless repeats while merging synthetic/local mirrors
ok 764 - mirror-deduper preserves intentional idless repeats while merging synthetic/local mirrors
  ---
  duration_ms: 2.7227
  type: 'test'
  ...
# Subtest: history hydration filters internal system-reminder transport messages
ok 765 - history hydration filters internal system-reminder transport messages
  ---
  duration_ms: 2.664
  type: 'test'
  ...
# Subtest: SET_SESSION_ID reducer resets isProcessing to false on session switch
ok 766 - SET_SESSION_ID reducer resets isProcessing to false on session switch
  ---
  duration_ms: 5.988
  type: 'test'
  ...
# Subtest: SET_SESSION_ID reducer resets streaming to null on session switch
ok 767 - SET_SESSION_ID reducer resets streaming to null on session switch
  ---
  duration_ms: 1.6161
  type: 'test'
  ...
# Subtest: SET_SESSION_ID reducer resets isSteering to false on session switch
ok 768 - SET_SESSION_ID reducer resets isSteering to false on session switch
  ---
  duration_ms: 1.3491
  type: 'test'
  ...
# Subtest: SET_SESSION_ID reducer closes the queue popover on session switch
ok 769 - SET_SESSION_ID reducer closes the queue popover on session switch
  ---
  duration_ms: 1.4292
  type: 'test'
  ...
# Subtest: SET_SESSION_ID reducer also resets isExecutingQueue on session switch
ok 770 - SET_SESSION_ID reducer also resets isExecutingQueue on session switch
  ---
  duration_ms: 2.6934
  type: 'test'
  ...
# Subtest: ChatViewProvider drops stream events from non-active sessions before forwarding to webview
ok 771 - ChatViewProvider drops stream events from non-active sessions before forwarding to webview
  ---
  duration_ms: 2.2636
  type: 'test'
  ...
# Subtest: ChatViewProvider.extractEventSessionId checks all SSE event locations
ok 772 - ChatViewProvider.extractEventSessionId checks all SSE event locations
  ---
  duration_ms: 1.3371
  type: 'test'
  ...
# Subtest: ChatViewProvider stamps active sessionId onto every streamEvent forwarded to the webview
ok 773 - ChatViewProvider stamps active sessionId onto every streamEvent forwarded to the webview
  ---
  duration_ms: 1.0687
  type: 'test'
  ...
# Subtest: handleStreamEvent extracts session ID from infoRecord as well as payload and partRecord
ok 774 - handleStreamEvent extracts session ID from infoRecord as well as payload and partRecord
  ---
  duration_ms: 6.0627
  type: 'test'
  ...
# Subtest: handleStreamEvent drops events whose session ID does not match current session
ok 775 - handleStreamEvent drops events whose session ID does not match current session
  ---
  duration_ms: 5.6176
  type: 'test'
  ...
# Subtest: SET_MESSAGES uses centralized canonicalization before storing messages
ok 776 - SET_MESSAGES uses centralized canonicalization before storing messages
  ---
  duration_ms: 9.7425
  type: 'test'
  ...
# Subtest: centralized canonicalization drops internal reminders and coalesces assistant runs
ok 777 - centralized canonicalization drops internal reminders and coalesces assistant runs
  ---
  duration_ms: 1.2869
  type: 'test'
  ...
# Subtest: assistant run canonicalization preserves rawResponse debug payload
ok 778 - assistant run canonicalization preserves rawResponse debug payload
  ---
  duration_ms: 1.6595
  type: 'test'
  ...
# Subtest: stream handler upserts structured progress updates during message.part.updated
ok 779 - stream handler upserts structured progress updates during message.part.updated
  ---
  duration_ms: 13.4353
  type: 'test'
  ...
# Subtest: stream handler supports message.part.added aliases
ok 780 - stream handler supports message.part.added aliases
  ---
  duration_ms: 1.5804
  type: 'test'
  ...
# Subtest: stream handler ignores events from other sessions
ok 781 - stream handler ignores events from other sessions
  ---
  duration_ms: 5.9336
  type: 'test'
  ...
# Subtest: stream handler ignores non-assistant role events
ok 782 - stream handler ignores non-assistant role events
  ---
  duration_ms: 3.0776
  type: 'test'
  ...
# Subtest: stream handler suppresses stray global events before a request starts
ok 783 - stream handler suppresses stray global events before a request starts
  ---
  duration_ms: 1.3236
  type: 'test'
  ...
# Subtest: upsertStreamingStep deduplicates by id, callID, or title
ok 784 - upsertStreamingStep deduplicates by id, callID, or title
  ---
  duration_ms: 0.6885
  type: 'test'
  ...
# Subtest: part type normalization supports SDK naming variants
ok 785 - part type normalization supports SDK naming variants
  ---
  duration_ms: 1679.312
  type: 'test'
  ...
# Subtest: rich string extraction preserves spacing for tokenized array chunks
ok 786 - rich string extraction preserves spacing for tokenized array chunks
  ---
  duration_ms: 650.3384
  type: 'test'
  ...
# Subtest: stream content updater distinguishes deltas from snapshots
ok 787 - stream content updater distinguishes deltas from snapshots
  ---
  duration_ms: 4.1266
  type: 'test'
  ...
# Subtest: stream handler reclassifies reasoning-like leaked text chunks into reasoning lane
not ok 788 - stream handler reclassifies reasoning-like leaked text chunks into reasoning lane
  ---
  duration_ms: 9.4878
  type: 'test'
  location: 'E:\\Projects\\vscode-opencode\\tests\\regression\\streaming-progress-regression.test.mjs:141:1'
  failureType: 'testCodeFailure'
  error: 'reasoning leak heuristics should detect thinking tags via index-based block extraction'
  code: 'ERR_ASSERTION'
  name: 'AssertionError'
  expected:
  actual: |-
    import type { Dispatch } from 'react';
    
    import type { AppAction } from './store';
    import { hasSystemMessagePatternInText } from './store';
    import type {
      ActivityDetail,
      ActivityDiffExcerpt,
      AppState,
      BudgetInfo,
      ContextItem,
      FileResult,
      InteractiveChoice,
      InteractiveEvent,
      LspServerInfo,
      McpServerInfo,
      McpServerStatus,
      Message,
      MessagePart,
      MessageStep,
      QueueItem,
      QuotaData,
      ReasoningEvent,
      SlashCommand,
      Session,
      StreamingState,
      StreamingStep,
      SubagentDetail,
      SubagentSummary,
      SubagentReference,
      SubagentThinkingEvent,
      SubagentProgressEvent,
      SubagentTimelineEvent,
      TodoItem,
    } from "./types";
    import type { StructuredResponseType } from "./generated/structuredOutputSchema";
    import {
      sanitizeStructuredOutput,
      validateStructuredOutput,
    } from "./structuredOutputValidator";
    import vscode from "./vscode";
    
    const STREAM_DEBUG_ENABLED =
      typeof window !== "undefined" &&
      (window as unknown as { __OPENCODE_STREAM_DEBUG__?: boolean })
        .__OPENCODE_STREAM_DEBUG__ === true;
    
    // WebView Logger - sends logs to extension for centralized logging
    class WebViewLogger {
      private logLevel: 'debug' | 'info' | 'warn' | 'error' = 'info';
      private sessionId: string | null = null;
    
      setSession(sessionId: string): void {
        this.sessionId = sessionId;
      }
    
      private shouldLog(level: string): boolean {
        const levels = ['debug', 'info', 'warn', 'error'];
        return levels.indexOf(level) >= levels.indexOf(this.logLevel);
      }
    
      private sendToExtension(level: string, message: string, context?: Record<string, unknown>): void {
        try {
          vscode.postMessage({
            type: 'webviewLog',
            level,
            message,
            context: {
              ...context,
              sessionId: this.sessionId,
              timestamp: Date.now(),
              source: 'webview',
            },
          });
        } catch (error) {
          // Fallback to console if postMessage fails
          switch (level) {
            case 'debug':
              console.debug(`[WebViewLogger] ${message}`, context);
              break;
            case 'info':
              console.info(`[WebViewLogger] ${message}`, context);
              break;
            case 'warn':
              console.warn(`[WebViewLogger] ${message}`, context);
              break;
            case 'error':
              console.error(`[WebViewLogger] ${message}`, context);
              break;
          }
        }
      }
    
      debug(message: string, context?: Record<string, unknown>): void {
        if (this.shouldLog('debug')) {
          console.debug(`[WebView] ${message}`, context);
          this.sendToExtension('debug', message, context);
        }
      }
    
      info(message: string, context?: Record<string, unknown>): void {
        if (this.shouldLog('info')) {
          console.info(`[WebView] ${message}`, context);
          this.sendToExtension('info', message, context);
        }
      }
    
      warn(message: string, context?: Record<string, unknown>): void {
        if (this.shouldLog('warn')) {
          console.warn(`[WebView] ${message}`, context);
          this.sendToExtension('warn', message, context);
        }
      }
    
      error(message: string, context?: Record<string, unknown>, error?: Error): void {
        if (this.shouldLog('error')) {
          console.error(`[WebView] ${message}`, context, error);
          this.sendToExtension('error', message, { ...context, error: error?.message });
        }
      }
    }
    
    const webviewLogger = new WebViewLogger();
    
    function streamDebug(...args: unknown[]): void {
      if (STREAM_DEBUG_ENABLED) {
        webviewLogger.debug('Stream debug', { args });
      }
    }
    
    function logAssistantContentSource(
      stage: string,
      payload: {
        messageId?: string | null;
        responseType?: string | null;
        selectedSource?: string;
        renderable?: boolean;
        eventType?: string;
        structuredKind?: string;
        partType?: string;
        finalContent?: string;
        partsContent?: string;
        structuredMessage?: string;
        topLevelContent?: string;
        streamingContent?: string;
      },
    ): void {
      webviewLogger.info("[OpenCode][assistant-content-source]", {
        stage,
        messageId: payload.messageId ?? null,
        responseType: payload.responseType ?? null,
        selectedSource: payload.selectedSource ?? null,
        renderable: typeof payload.renderable === "boolean" ? payload.renderable : null,
        eventType: payload.eventType ?? null,
        structuredKind: payload.structuredKind ?? null,
        partType: payload.partType ?? null,
        finalPreview: (payload.finalContent ?? "").slice(0, 240),
        partsPreview: (payload.partsContent ?? "").slice(0, 240),
        structuredPreview: (payload.structuredMessage ?? "").slice(0, 240),
        topLevelPreview: (payload.topLevelContent ?? "").slice(0, 240),
        streamingPreview: (payload.streamingContent ?? "").slice(0, 240),
      });
    }
    
    /**
     * Returns the first non-empty string from the provided values, or undefined if all are empty.
     */
    function firstNonEmptyString(...values: unknown[]): string | undefined {
      for (const value of values) {
        if (typeof value === "string" && value.trim().length > 0) {
          return value.trim();
        }
      }
      return undefined;
    }
    
    type UnknownRecord = Record<string, unknown>;
    
    function asRecord(value: unknown): UnknownRecord | null {
      return typeof value === 'object' && value !== null ? (value as UnknownRecord) : null;
    }
    
    function asString(value: unknown, fallback = ''): string {
      return typeof value === 'string' ? value : fallback;
    }
    
    function asNumber(value: unknown, fallback = 0): number {
      return typeof value === 'number' ? value : fallback;
    }
    
    function asOptionalNumber(value: unknown): number | undefined {
      return typeof value === 'number' ? value : undefined;
    }
    
    function asOptionalString(value: unknown): string | undefined {
      return typeof value === "string" && value.trim().length > 0
        ? value
        : undefined;
    }
    
    function asSessionStats(value: unknown): AppState["sessionStats"] | undefined {
      const rec = asRecord(value);
      if (!rec) {
        return undefined;
      }
      const normalize = (raw: unknown): number | undefined =>
        typeof raw === "number" && Number.isFinite(raw) && raw >= 0
          ? Math.floor(raw)
          : undefined;
    
      const input = normalize(rec.input);
      const output = normalize(rec.output);
      const read = normalize(rec.read);
      const write = normalize(rec.write);
      const duration = normalize(rec.duration);
      if (
        input === undefined &&
        output === undefined &&
        read === undefined &&
        write === undefined &&
        duration === undefined
      ) {
        return undefined;
      }
    
      return {
        input: input ?? 0,
        output: output ?? 0,
        read: read ?? 0,
        write: write ?? 0,
        duration: duration ?? 0,
      };
    }
    
    function asBoolean(value: unknown, fallback = false): boolean {
      return typeof value === 'boolean' ? value : fallback;
    }
    
    function asArray<T>(value: unknown, guard: (item: unknown) => item is T): T[] {
      if (!Array.isArray(value)) {
        return [];
      }
      return value.filter(guard);
    }
    
    function joinRichStringSegments(segments: string[]): string {
      let out = "";
      for (const segment of segments) {
        if (!segment) {
          continue;
        }
        if (!out) {
          out = segment;
          continue;
        }
    
        const prevChar = out[out.length - 1];
        const nextChar = segment[0];
        const hasWhitespaceBoundary = /\s/.test(prevChar) || /\s/.test(nextChar);
        const startsWithClosingPunctuation = /^[,.;:!?)}\]]/.test(segment);
        const endsWithOpeningPunctuation = /[(\[{]$/.test(prevChar);
    
        if (
          !hasWhitespaceBoundary &&
          !startsWithClosingPunctuation &&
          !endsWithOpeningPunctuation
        ) {
          out += " ";
        }
    
        out += segment;
      }
      return out;
    }
    
    function asRichString(value: unknown): string {
      if (typeof value === 'string') {
        return value;
      }
      if (Array.isArray(value)) {
        return joinRichStringSegments(value.map((item) => asRichString(item)));
      }
      const rec = asRecord(value);
      if (!rec) {
        return '';
      }
    
      const candidates = [rec.value, rec.text, rec.content, rec.delta];
      for (const candidate of candidates) {
        const text = asRichString(candidate);
        if (text) {
          return text;
        }
      }
    
      return '';
    }
    
    function isOpaqueIdLike(value: string): boolean {
      const text = value.trim();
      if (text.length < 8) {
        return false;
      }
      return (
        /^[a-f0-9-]{8,}$/i.test(text) ||
        /^msg[_-][a-z0-9-]+$/i.test(text) ||
        /^call[_-][a-z0-9-]+$/i.test(text)
      );
    }
    
    function sanitizeReasoningChunk(value: string): string {
      const text = value.trim();
      if (!text || isOpaqueIdLike(text)) {
        return '';
      }
      return value;
    }
    
    function looksLikeReasoningTrace(value: string, currentContent: string): boolean {
      void currentContent;
      const trimmed = value.trim();
      if (!trimmed) {
        return false;
      }
      // Structured-only signal: detect explicit thought tags only.
      return /<\s*\/?\s*thought\s*>/i.test(trimmed);
    }
    
    function splitMixedReasoningFromContent(
      value: string,
    ): { content: string; reasoning: string } | null {
      const text = value.trim();
      if (!text || text.length < 40) {
        return null;
      }
    
      const openTag = /<\s*thought\s*>/i.exec(text);
      const closeTag = /<\s*\/\s*thought\s*>/i.exec(text);
      if (!openTag || !closeTag || closeTag.index <= openTag.index) {
        return null;
      }
    
      const content = text.slice(0, openTag.index).trim();
      const reasoning = text
        .slice(openTag.index + openTag[0].length, closeTag.index)
        .trim();
      if (!content || !reasoning) {
        return null;
      }
    
      return { content, reasoning };
    }
    
    function needsBoundarySpace(previous: string, next: string): boolean {
      if (!previous || !next) {
        return false;
      }
    
      const prevChar = previous[previous.length - 1];
      const nextChar = next[0];
      if (/\s/.test(prevChar) || /\s/.test(nextChar)) {
        return false;
      }
      if (/^[,.;:!?)}\]]/.test(next)) {
        return false;
      }
      if (/[(\[{]$/.test(prevChar)) {
        return false;
      }
    
      return /[A-Za-z0-9]/.test(prevChar) && /[A-Za-z0-9]/.test(nextChar);
    }
    
    function resolveStreamingContentUpdate(
      currentContent: string,
      incomingChunk: string,
      fromDelta: boolean,
    ): { content: string; append: boolean } | null {
      if (!incomingChunk) {
        return null;
      }
    
      if (!currentContent) {
        return { content: incomingChunk, append: false };
      }
    
      const withBoundary =
        fromDelta && needsBoundarySpace(currentContent, incomingChunk)
          ? ` ${incomingChunk}`
          : incomingChunk;
    
      if (fromDelta) {
        return { content: withBoundary, append: true };
      }
    
      const currentNormalized = currentContent.replace(/\r\n/g, '\n');
      const incomingNormalized = incomingChunk.replace(/\r\n/g, '\n');
    
      if (incomingNormalized === currentNormalized) {
        return null;
      }
    
      if (incomingNormalized.startsWith(currentNormalized)) {
        const remainder = incomingNormalized.slice(currentNormalized.length);
        if (!remainder) {
          return null;
        }
        const patchedRemainder =
          needsBoundarySpace(currentContent, remainder) ? ` ${remainder}` : remainder;
        return { content: patchedRemainder, append: true };
      }
    
      if (currentNormalized.startsWith(incomingNormalized)) {
        // Older snapshot; ignore to avoid regressions/flicker.
        return null;
      }
    
      // Non-delta updates are usually full snapshots from providers.
      return { content: incomingChunk, append: false };
    }
    
    function normalizePartType(value: unknown): string {
      const raw = asString(value).trim().toLowerCase();
      if (!raw) {
        return "";
      }
      if (raw === "thinking" || raw === "thought") {
        return "reasoning";
      }
      if (raw === "stepstart" || raw === "step_start") {
        return "step-start";
      }
      if (raw === "stepfinish" || raw === "step_finish") {
        return "step-finish";
      }
      if (raw === "toolcall" || raw === "tool_call" || raw === "tool-call") {
        return "tool";
      }
      return raw;
    }
    
    type StructuredProgressUpdate = {
      title: string;
      status?: 'pending' | 'done' | 'error';
      meta?: string;
      filePath?: string;
    };
    
    function normalizeProgressStatus(
      value?: string | null,
    ): "pending" | "done" | "error" {
      const v = value?.toLowerCase();
      if (
        v === "done" ||
        v === "completed" ||
        v === "success" ||
        v === "finished" ||
        v === "complete"
      ) {
        return "done";
      }
      if (v === "error" || v === "failed") {
        return "error";
      }
      return "pending";
    }
    
    function normalizeDiffStats(
      value: unknown,
    ): { added: number; deleted: number } | undefined {
      const rec = asRecord(value);
      if (!rec) {
        return undefined;
      }
      const addedRaw =
        typeof rec.added === "number" && Number.isFinite(rec.added)
          ? rec.added
          : undefined;
      const deletedRaw =
        typeof rec.deleted === "number" && Number.isFinite(rec.deleted)
          ? rec.deleted
          : undefined;
      if (typeof addedRaw !== "number" && typeof deletedRaw !== "number") {
        return undefined;
      }
      return {
        added: Math.max(0, addedRaw ?? 0),
        deleted: Math.max(0, deletedRaw ?? 0),
      };
    }
    
    function normalizeActivityDiffExcerpt(
      value: unknown,
    ): ActivityDiffExcerpt | undefined {
      const rec = asRecord(value);
      if (!rec) {
        return undefined;
      }
      const lines = Array.isArray(rec.lines)
        ? rec.lines.filter((line): line is string => typeof line === "string")
        : [];
    
      // Check if there are diff stats (added/deleted counts)
      const added = typeof rec.added === 'number' && Number.isFinite(rec.added) ? Math.max(0, rec.added) : undefined;
      const deleted = typeof rec.deleted === 'number' && Number.isFinite(rec.deleted) ? Math.max(0, rec.deleted) : undefined;
    
      // Return excerpt if we have lines OR diff stats
      // This allows fallback rendering of diff stats even without detailed lines
      if (lines.length === 0 && !added && !deleted) {
        return undefined;
      }
    
      return {
        header: asOptionalString(rec.header),
        lines,
        added,
        deleted,
      };
    }
    
    function normalizeActivityDetail(value: unknown): ActivityDetail | undefined {
      const rec = asRecord(value);
      if (!rec) {
        return undefined;
      }
      const metadataRec = asRecord(rec.metadata);
      const metadata: Record<string, string | number | boolean> = {};
      if (metadataRec) {
        for (const [key, fieldValue] of Object.entries(metadataRec)) {
          if (
            typeof fieldValue === "string" ||
            typeof fieldValue === "number" ||
            typeof fieldValue === "boolean"
          ) {
            metadata[key] = fieldValue;
          }
        }
      }
    
      const activityDetail: ActivityDetail = {
        kind: asOptionalString(rec.kind) as ActivityDetail["kind"] | undefined,
        summary: asOptionalString(rec.summary),
        command: asOptionalString(rec.command),
        tool: asOptionalString(rec.tool),
        query: asOptionalString(rec.query),
        file: asOptionalString(rec.file),
        diffExcerpt: normalizeActivityDiffExcerpt(rec.diffExcerpt),
        metadata: Object.keys(metadata).length > 0 ? metadata : undefined,
      };
    
      if (
        !activityDetail.kind &&
        !activityDetail.summary &&
        !activityDetail.command &&
        !activityDetail.tool &&
        !activityDetail.query &&
        !activityDetail.file &&
        !activityDetail.diffExcerpt &&
        !activityDetail.metadata
      ) {
        return undefined;
      }
    
      return activityDetail;
    }
    
    type ActivitySource = "stream" | "final" | "raw_debug";
    
    type ParsedRawDebug = {
      parseStatus: "parsed" | "empty" | "unparseable" | "truncated";
      parts: UnknownRecord[];
      info: UnknownRecord | null;
    };
    
    function normalizeActivitySource(
      value: unknown,
      fallback: ActivitySource,
    ): ActivitySource {
      const source = asString(value).toLowerCase();
      if (source === "stream" || source === "final" || source === "raw_debug") {
        return source;
      }
      return fallback;
    }
    
    function mergeActivitySource(
      current?: ActivitySource,
      incoming?: ActivitySource,
    ): ActivitySource | undefined {
      const rank: Record<ActivitySource, number> = {
        stream: 3,
        final: 2,
        raw_debug: 1,
      };
      if (!current) return incoming;
      if (!incoming) return current;
      return rank[incoming] >= rank[current] ? incoming : current;
    }
    
    function isInternalToolName(tool?: string): boolean {
      const normalized = (tool || "").toLowerCase();
      if (!normalized) return false;
      return (
        normalized.includes("structuredoutput") ||
        normalized.includes("structured_output") ||
        normalized.includes("transport")
      );
    }
    
    function parseRawResponseDebug(value: unknown): ParsedRawDebug {
      if (typeof value === "undefined" || value === null) {
        return { parseStatus: "empty", parts: [], info: null };
      }
    
      if (typeof value === "object") {
        const rec = asRecord(value);
        const parts = Array.isArray(rec?.parts)
          ? rec?.parts.map((part) => asRecord(part)).filter((part): part is UnknownRecord => !!part)
          : [];
        return { parseStatus: "parsed", parts, info: asRecord(rec?.info) };
      }
    
      if (typeof value !== "string") {
        return { parseStatus: "unparseable", parts: [], info: null };
      }
    
      const trimmed = value.trim();
      if (!trimmed) {
        return { parseStatus: "empty", parts: [], info: null };
      }
    
      const truncatedMarkerMatch = trimmed.match(/\.\.\.<truncated\s+\d+\s+chars>\s*$/i);
      const isTruncated = !!truncatedMarkerMatch;
      const candidate = isTruncated
        ? trimmed.slice(0, truncatedMarkerMatch?.index ?? trimmed.length).trim()
        : trimmed;
    
      try {
        const parsed = JSON.parse(candidate);
        const rec = asRecord(parsed);
        const parts = Array.isArray(rec?.parts)
          ? rec?.parts.map((part) => asRecord(part)).filter((part): part is UnknownRecord => !!part)
          : [];
        return {
          parseStatus: isTruncated ? "truncated" : "parsed",
          parts,
          info: asRecord(rec?.info),
        };
      } catch {
        return { parseStatus: isTruncated ? "truncated" : "unparseable", parts: [], info: null };
      }
    }
    
    function normalizeActivityStepRecord(
      value: unknown,
      fallbackSource: ActivitySource,
    ): MessageStep | undefined {
      const rec = asRecord(value);
      if (!rec) {
        return undefined;
      }
      const label = asString(rec.label);
      const summary = asString(rec.summary);
      const title =
        asString(rec.title) ||
        asString(rec.message) ||
        (label && summary ? `${label} ${summary}` : label || summary) ||
        asString(rec.tool);
      if (!title) {
        return undefined;
      }
      const stateRec = asRecord(rec.state);
      const stateInput = asRecord(stateRec?.input);
      const filePath =
        asString(rec.filePath) ||
        asString(rec.content) ||
        asString(rec.file) ||
        asString(rec.path) ||
        asString(stateInput?.file) ||
        asString(stateInput?.path) ||
        undefined;
      const statusRaw = asString(stateRec?.status) || asString(rec.status);
    
      return {
        type: asString(rec.type) || "step",
        title,
        content: filePath,
        status: statusRaw ? normalizeProgressStatus(statusRaw) : undefined,
        source: normalizeActivitySource(rec.source, fallbackSource),
        partType: asString(rec.partType) || asString(rec.type) || undefined,
        internal: asBoolean(rec.internal, false),
        meta:
          asString(rec.meta) ||
          asString(rec.detail) ||
          asString(rec.description) ||
          asString(rec.subtitle) ||
          asString(stateRec?.meta) ||
          asString(stateRec?.detail) ||
          asString(stateRec?.description) ||
          undefined,
        id: asString(rec.id) || undefined,
        callID: asString(rec.callID) || asString(rec.callId) || undefined,
        streamSeq: asOptionalNumber(rec.streamSeq),
        diffStats: normalizeDiffStats(rec.diffStats),
        activityDetail: normalizeActivityDetail(rec.activityDetail),
      };
    }
    
    function activityStepMergeKey(step: MessageStep, index: number): string {
      const callID = asString(step.callID).trim();
      if (callID) {
        return `call:${callID}`;
      }
      const id = asString(step.id).trim();
      if (id) {
        return `id:${id}`;
      }
      const title = asString(step.title).trim().toLowerCase();
      const content = asString(step.content).trim().toLowerCase();
      if (title || content) {
        return `title:${title}|content:${content}`;
      }
      return `index:${index}`;
    }
    
    function mergeCanonicalActivityStep(
      existing: MessageStep,
      incoming: MessageStep,
    ): MessageStep {
      const currentStatus = asString(existing.status);
      const nextStatus = asString(incoming.status);
      let status = currentStatus || undefined;
      if (nextStatus) {
        if (
          (currentStatus === "done" || currentStatus === "error") &&
          nextStatus === "pending"
        ) {
          status = currentStatus;
        } else {
          status = normalizeProgressStatus(nextStatus);
        }
      }
    
      const existingSeq = existing.streamSeq;
      const incomingSeq = incoming.streamSeq;
      let streamSeq = existingSeq;
      if (typeof streamSeq !== "number") {
        streamSeq = incomingSeq;
      } else if (typeof incomingSeq === "number") {
        streamSeq = Math.min(streamSeq, incomingSeq);
      }
    
      return {
        ...existing,
        ...incoming,
        title: incoming.title || existing.title,
        type: incoming.type || existing.type,
        status,
        meta: incoming.meta || existing.meta,
        content: incoming.content || existing.content,
        id: existing.id || incoming.id,
        callID: existing.callID || incoming.callID,
        streamSeq,
        diffStats: incoming.diffStats || existing.diffStats,
        activityDetail: incoming.activityDetail || existing.activityDetail,
        source: mergeActivitySource(existing.source, incoming.source),
        partType: incoming.partType || existing.partType,
        internal: Boolean(existing.internal || incoming.internal),
      };
    }
    
    function extractActivityStepsFromParts(
      parts: MessagePart[],
      fallbackSource: ActivitySource,
    ): MessageStep[] {
      const fromParts: MessageStep[] = [];
      const stepIndexByCallId = new Map<string, number>();
      for (const part of parts) {
        const rec = asRecord(part);
        if (!rec) {
          continue;
        }
        const partType = normalizePartType(rec.type);
        if (
          partType !== "tool" &&
          partType !== "step-start" &&
          partType !== "step-finish" &&
          partType !== "patch"
        ) {
          continue;
        }
    
        const tool = asString(rec.tool);
        const toolLower = tool.toLowerCase();
        const isInternal = isInternalToolName(tool);
    
        const callID = asString(rec.callID) || asString(rec.callId) || undefined;
    
        const stateRec = asRecord(rec.state);
        const inputRec = asRecord(stateRec?.input);
        const resultRec = asRecord(stateRec?.result);
        const filePath =
          asString(inputRec?.file) ||
          asString(inputRec?.path) ||
          asString(inputRec?.filename) ||
          asString(inputRec?.TargetFile) ||
          asString(inputRec?.AbsolutePath) ||
          asString(inputRec?.uri) ||
          asString(inputRec?.DirectoryPath) ||
          asString(inputRec?.SearchPath) ||
          asString(inputRec?.SearchDirectory) ||
          asString(rec.filePath) ||
          undefined;
        const metaValues = [
          asString(inputRec?.CommandId),
          asString(inputRec?.CommandLine),
          asString(inputRec?.Query),
          asString(inputRec?.Pattern),
          asString(inputRec?.pattern),
          asString(inputRec?.command),
          asString(inputRec?.query),
          asString(inputRec?.url),
          asString(inputRec?.Url),
        ].filter(Boolean);
        const explicitTitle =
          asString(rec.title) ||
          asString(stateRec?.title) ||
          asString(stateRec?.label);
        const meta =
          asString(rec.meta) ||
          asString(rec.detail) ||
          asString(rec.description) ||
          asString(stateRec?.meta) ||
          asString(stateRec?.detail) ||
          asString(stateRec?.description) ||
          metaValues[0] ||
          undefined;
        const statusValue = asString(stateRec?.status ?? rec.status);
        const existingIndex =
          callID && stepIndexByCallId.has(callID)
            ? stepIndexByCallId.get(callID)
            : undefined;
        const title =
          explicitTitle ||
          (tool ? `Running ${tool}...` : inferredStepTitle(rec));
        const normalizedStatus =
          partType === "step-finish"
            ? "done"
            : statusValue
              ? normalizeProgressStatus(statusValue)
              : partType === "step-start"
                ? "pending"
                : "done";
        const normalized: MessageStep = {
          type: partType || "step",
          title,
          content: filePath,
          status: normalizedStatus,
          source: fallbackSource,
          partType: partType || asString(rec.type) || undefined,
          internal: isInternal,
          meta,
          id: asString(rec.id) || undefined,
          callID,
          streamSeq: asOptionalNumber(rec.streamSeq),
          diffStats:
            normalizeDiffStats(resultRec?.diffStats) ||
            normalizeDiffStats(rec.diffStats),
          activityDetail:
            normalizeActivityDetail(resultRec?.activityDetail) ||
            normalizeActivityDetail(rec.activityDetail) ||
            normalizeActivityDetail({
              kind: "tool_call",
              tool: tool || undefined,
              command: metaValues[0],
              file: filePath,
            }),
        };
    
        if (typeof existingIndex === "number") {
          // History can include multiple tool snapshots with the same callID.
          // Merge them so hydrated rows preserve the latest title/meta/status.
          fromParts[existingIndex] = mergeCanonicalActivityStep(
            fromParts[existingIndex],
            normalized,
          );
          continue;
        }
    
        fromParts.push(normalized);
        if (callID) {
          stepIndexByCallId.set(callID, fromParts.length - 1);
        }
      }
      return fromParts;
    }
    
    function normalizeActivitySteps(
      message: Message,
      streaming: StreamingState | null,
      sanitizedMergedParts: MessagePart[],
    ): MessageStep[] {
      const candidates: unknown[] = [];
      if (Array.isArray(message.steps)) {
        candidates.push(
          ...message.steps.map((step) => ({ ...step, source: step.source || "final" })),
        );
      }
      if (Array.isArray(message.progressEvents)) {
        candidates.push(
          ...message.progressEvents.map((step) => ({ ...step, source: step.source || "final" })),
        );
      }
      if (Array.isArray(streaming?.steps)) {
        candidates.push(
          ...streaming.steps.map((step) => ({ ...step, source: step.source || "stream" })),
        );
      }
      if (Array.isArray(streaming?.progressEvents)) {
        candidates.push(
          ...streaming.progressEvents.map((step) => ({ ...step, source: step.source || "stream" })),
        );
      }
    
      const parsedRaw = parseRawResponseDebug(message.rawResponse);
      if (parsedRaw.parts.length > 0) {
        const rawSteps = extractActivityStepsFromParts(
          parsedRaw.parts as unknown as MessagePart[],
          "raw_debug",
        );
        candidates.push(...rawSteps);
      }
    
      const merged: MessageStep[] = [];
      const indexByKey = new Map<string, number>();
      candidates.forEach((candidate, index) => {
        const normalized = normalizeActivityStepRecord(candidate, "final");
        if (!normalized) {
          return;
        }
        const key = activityStepMergeKey(normalized, index);
        const existingIndex = indexByKey.get(key);
        if (typeof existingIndex !== "number") {
          indexByKey.set(key, merged.length);
          merged.push(normalized);
          return;
        }
        merged[existingIndex] = mergeCanonicalActivityStep(
          merged[existingIndex],
          normalized,
        );
      });
    
      if (merged.length > 0) {
        return merged;
      }
      return extractActivityStepsFromParts(sanitizedMergedParts, "final");
    }
    
    type StructuredInteractiveEvent = {
      type: 'question' | 'confirm' | 'quick_actions' | 'message';
      id?: string;
      title?: string;
      question?: string;
      message?: string;
      options?: InteractiveChoice[];
      actions?: InteractiveChoice[];
      confirmLabel?: string;
      cancelLabel?: string;
      dismissLabel?: string;
      multiSelect?: boolean;
      allowCustomInput?: boolean;
    };
    
    type StructuredSubagent = {
      id: string;
      name?: string;
      status?: string;
      progress?: number;
      description?: string;
      latestActivity?: string;
      childSessionId?: string;
      parentSessionId?: string;
      parentMessageId?: string;
      thinkingEvents?: SubagentThinkingEvent[];
      progressEvents?: SubagentProgressEvent[];
      timelineEvents?: SubagentTimelineEvent[];
    };
    
    type StructuredOutput = {
      responseType?: StructuredResponseType | string;
      message?: string;
      plan?: {
        file?: string;
        files?: unknown[];
        content?: string;
        title?: string;
        intro?: string;
        summary?: string;
        fileCount?: number;
      };
      reasoning?: string[];
      progressUpdates?: StructuredProgressUpdate[];
      interactiveEvents?: StructuredInteractiveEvent[];
      question?: {
        type?: string;
        id?: string;
        title?: string;
        question?: string;
        text?: string;
        multiSelect?: boolean;
        allowCustomInput?: boolean;
        options?: Array<{ id?: string; label?: string; value?: string; description?: string }>;
        choices?: Array<{ id?: string; label?: string; value?: string; description?: string }>;
        actions?: Array<{ id?: string; label?: string; value?: string; description?: string }>;
        confirmLabel?: string;
        cancelLabel?: string;
        dismissLabel?: string;
        message?: string;
        content?: string;
        displayPrompt?: string;
        assistantPrompt?: string;
      };
      subagents?: StructuredSubagent[];
      subagentsDelta?: {
        parentMessageId?: string;
        items: StructuredSubagent[];
      };
    };
    
    function normalizeStructuredOutput(value: unknown): StructuredOutput | undefined {
      let candidate: unknown = value;
      if (typeof candidate === 'string') {
        try {
          candidate = JSON.parse(candidate);
        } catch {
          return undefined;
        }
      }
      const rec = asRecord(candidate);
      if (!rec) {
        return undefined;
      }
      const validation = validateStructuredOutput(rec);
      if (!validation.valid) {
        // Enhanced logging for debugging model-specific validation failures
        const inputPreview = JSON.stringify(rec).slice(0, 500);
        webviewLogger.warn("Structured output validation failed", {
          errors: validation.errors,
          inputPreview: inputPreview.length < 500 ? inputPreview : inputPreview + "...",
          hasResponseType: typeof rec.responseType !== 'undefined',
          responseTypeValue: rec.responseType,
          hasMessage: typeof rec.message !== 'undefined',
          hasPlan: typeof rec.plan !== 'undefined',
          hasQuestion: typeof rec.question !== 'undefined',
          keys: Object.keys(rec),
        });
        return undefined;
      }
      const sanitizedRec = sanitizeStructuredOutput(rec);
    
      const rawResponseType =
        asString(sanitizedRec.responseType) || asString(rec.type) || asString(rec.kind) || undefined;
      if (!rawResponseType) {
        return undefined;
      }
      const responseType =
        rawResponseType.toLowerCase() === "interactive"
          ? "question"
          : rawResponseType;
      const messageText =
        asString(sanitizedRec.message) ||
        asString((rec as UnknownRecord).message) ||
        undefined;
      const planRec = asRecord(sanitizedRec.plan) ?? asRecord(rec.plan);
      const normalizedPlan = planRec
        ? {
          file: asString(planRec.file) || undefined,
          files: Array.isArray(planRec.files) ? planRec.files : undefined,
          content: asString(planRec.content) || undefined,
          title: asString(planRec.title) || undefined,
          intro: asString(planRec.intro) || undefined,
          summary: asString(planRec.summary) || undefined,
          fileCount:
            typeof planRec.fileCount === "number" && Number.isFinite(planRec.fileCount)
              ? planRec.fileCount
              : undefined,
        }
        : undefined;
      const hasNormalizedPlan =
        !!normalizedPlan &&
        !!(
          normalizedPlan.file ||
          normalizedPlan.content ||
          (Array.isArray(normalizedPlan.files) && normalizedPlan.files.length > 0)
        );
    
      const reasoningRaw =
        sanitizedRec.reasoning;
      const reasoning = Array.isArray(reasoningRaw)
        ? reasoningRaw
          .filter((item): item is string => typeof item === 'string')
          .map((item) => item.trim())
          .filter(Boolean)
        : typeof reasoningRaw === 'string' && reasoningRaw.trim()
          ? [reasoningRaw.trim()]
          : [];
      const normalizeComparableText = (value: string): string =>
        value.replace(/\r\n/g, "\n").replace(/\s+/g, " ").trim().toLowerCase();
      const stripAssistantEchoFromReasoning = (
        chunk: string,
        replyText?: string,
      ): string => {
        const trimmedChunk = chunk.trim();
        if (!trimmedChunk) {
          return "";
        }
        if (!replyText) {
          return trimmedChunk;
        }
        const trimmedReply = replyText.trim();
        if (!trimmedReply) {
          return trimmedChunk;
        }
        if (
          normalizeComparableText(trimmedChunk) ===
          normalizeComparableText(trimmedReply)
        ) {
          return "";
        }
        if (trimmedChunk.startsWith(trimmedReply)) {
          return trimmedChunk
            .slice(trimmedReply.length)
            .replace(/^[\s:;,\-.!?]+/, "")
            .trim();
        }
        return trimmedChunk;
      };
      const cleanedReasoning = reasoning
        .map((chunk) =>
          stripAssistantEchoFromReasoning(chunk, messageText),
        )
        .filter(Boolean);
    
      const progressRaw =
        sanitizedRec.progressUpdates ?? (rec.progress_updates as unknown);
      const progressUpdates = Array.isArray(progressRaw)
        ? progressRaw
          .map((item) => {
            const step = asRecord(item);
            if (!step) {
              return undefined;
            }
            const title = asString(step.title) || asString(step.message);
            if (!title) {
              return undefined;
            }
            const statusValue = asString(step.status);
            const status = normalizeProgressStatus(statusValue);
            return {
              title,
              status,
              meta: asString(step.meta) || asString(step.detail) || undefined,
              filePath:
                asString(step.filePath) ||
                asString(step.file) ||
                asString(step.path) ||
                undefined
            } as StructuredProgressUpdate;
          })
          .filter((step): step is StructuredProgressUpdate => !!step)
        : [];
    
      const normalizeChoices = (raw: unknown): InteractiveChoice[] => {
        let candidate = raw;
        if (typeof candidate === "string") {
          try {
            candidate = JSON.parse(candidate);
          } catch {
            return [];
          }
        }
        if (!Array.isArray(candidate)) {
          return [];
        }
        return candidate
          .map((item) => {
            const option = asRecord(item);
            if (!option) {
              return null;
            }
            const label = asString(option.label) || asString(option.value);
            if (!label) {
              return null;
            }
            return {
              id: asString(option.id) || undefined,
              label,
              value: asString(option.value) || label,
              description: asString(option.description) || asString(option.detail) || undefined
            } as InteractiveChoice;
          })
          .filter((item): item is InteractiveChoice => !!item);
      };
    
      const normalizeInteractiveEvent = (
        raw: unknown,
        index: number
      ): StructuredInteractiveEvent | undefined => {
        const event = asRecord(raw);
        if (!event) {
          return undefined;
        }
        const typeRaw = (asString(event.type) || asString(event.kind)).toLowerCase();
        const id = asString(event.id) || `interactive-${Date.now()}-${index}`;
    
        if (typeRaw === 'confirm') {
          const question = asString(event.question) || asString(event.prompt) || asString(event.message);
          if (!question) {
            return undefined;
          }
          return {
            type: 'confirm',
            id,
            title: asString(event.title) || undefined,
            question,
            confirmLabel: asString(event.confirmLabel) || asString(event.confirm_text) || undefined,
            cancelLabel: asString(event.cancelLabel) || asString(event.cancel_text) || undefined
          };
        }
    
        if (typeRaw === 'quick_actions' || typeRaw === 'quick-actions') {
          const actions = normalizeChoices(event.actions ?? event.options);
          if (actions.length === 0) {
            return undefined;
          }
          return {
            type: 'quick_actions',
            id,
            title: asString(event.title) || asString(event.question) || undefined,
            actions
          };
        }
    
        if (typeRaw === 'question' || typeRaw === 'interactive') {
          const question = asString(event.question) || asString(event.prompt) || asString(event.title);
          const options = normalizeChoices(event.options ?? event.choices);
          if (!question || options.length < 2) {
            return undefined;
          }
          return {
            type: 'question',
            id,
            title: asString(event.title) || undefined,
            question,
            options,
            multiSelect: event.multiSelect === true,
            allowCustomInput: event.allowCustomInput === true
          };
        }
    
        if (typeRaw === 'message') {
          const message =
            asString(event.message) ||
            asString(event.content) ||
            asString(event.text);
          if (!message) {
            return undefined;
          }
          return {
            type: 'message',
            id,
            title: asString(event.title) || undefined,
            message,
            dismissLabel:
              asString(event.dismissLabel) ||
              asString(event.dismiss_label) ||
              undefined,
          };
        }
    
        return undefined;
      };
    
      const normalizedQuestion = asRecord(sanitizedRec.question) ?? asRecord(rec.question);
      const sanitizedInteractiveEvents = Array.isArray(sanitizedRec.interactiveEvents)
        ? sanitizedRec.interactiveEvents
        : undefined;
      const interactiveRaw =
        (sanitizedInteractiveEvents && sanitizedInteractiveEvents.length > 0
          ? sanitizedInteractiveEvents
          : undefined) ??
        normalizedQuestion ??
        rec.interactions ??
        rec.uiEvents ??
        rec.question ??
        rec.questions;
      const singleInteractive = normalizeInteractiveEvent(interactiveRaw, 0);
      let interactiveEvents = Array.isArray(interactiveRaw)
        ? interactiveRaw
          .map((event, index) => normalizeInteractiveEvent(event, index))
          .filter((event): event is StructuredInteractiveEvent => !!event)
        : singleInteractive
          ? [singleInteractive]
          : [];
    
      const rootQuestion =
        asString(normalizedQuestion?.question) ||
        asString(normalizedQuestion?.text) ||
        asString(rec.question) ||
        asString(rec.prompt);
      const questionOptionSource = (() => {
        const normalizedSource =
          normalizedQuestion?.options ?? normalizedQuestion?.choices;
        if (Array.isArray(normalizedSource)) {
          if (normalizedSource.length > 0) {
            return normalizedSource;
          }
        } else if (
          typeof normalizedSource === "string" &&
          normalizedSource.trim().length > 0
        ) {
          return normalizedSource;
        }
        return rec.options ?? rec.choices ?? rec.actions;
      })();
      const rootOptions = normalizeChoices(questionOptionSource);
      const rootAllowCustomInput =
        normalizedQuestion?.allowCustomInput === true || rec.allowCustomInput === true;
      const rootMultiSelect =
        normalizedQuestion?.multiSelect === true || rec.multiSelect === true;
    
      if (interactiveEvents.length === 0) {
        if (rootQuestion && rootOptions.length >= 2) {
          interactiveEvents = [
            {
              type: 'question',
              id: `interactive-${Date.now()}-0`,
              title:
                asString(normalizedQuestion?.title) ||
                asString(rec.title) ||
                undefined,
              question: rootQuestion,
              options: rootOptions,
              multiSelect: rootMultiSelect,
              allowCustomInput: rootAllowCustomInput
            }
          ];
        }
      }
    
      const isInteractiveResponseType = responseType === 'question';
      if (interactiveEvents.length === 0 && isInteractiveResponseType) {
        const fallbackQuestion =
          rootQuestion ||
          messageText ||
          "I need a quick clarification before I continue.";
        interactiveEvents = [
          {
            type: 'question',
            id: `interactive-${Date.now()}-fallback`,
            title:
              asString(normalizedQuestion?.title) ||
              asString(rec.title) ||
              "Question",
            question: fallbackQuestion,
            options:
              rootQuestion && rootOptions.length < 2
                ? []
                : rootOptions.length >= 2
                  ? rootOptions
                  : [
                    { id: "yes", label: "Yes", value: "yes" },
                    { id: "no", label: "No", value: "no" },
                  ],
            multiSelect: rootMultiSelect,
            allowCustomInput:
              rootQuestion && rootOptions.length < 2
                ? true
                : rootAllowCustomInput || !rootQuestion,
          },
        ];
      }
    
      // Text-based fallback: detect numbered question lists in plain-text message responses
      if (interactiveEvents.length === 0 && !isInteractiveResponseType) {
        const text = messageText || '';
        const parsed = parseNumberedQuestionsFromText(text);
        if (parsed.length >= 2) {
          interactiveEvents = parsed;
        }
      }
    
      const subagentsRaw =
        sanitizedRec.subagents ?? (rec.spawnedSubagents as unknown);
      const normalizeSubagentStatus = (value: string): SubagentSummary['status'] => {
        const lowered = value.toLowerCase();
        if (lowered === 'running' || lowered === 'done' || lowered === 'error' || lowered === 'orphaned') {
          return lowered;
        }
        return 'pending';
      };
      const normalizeSubagentProgressEvents = (
        raw: unknown,
        subagentId: string,
      ): SubagentProgressEvent[] | undefined => {
        if (!Array.isArray(raw)) {
          return undefined;
        }
        const events = raw
          .map((entry, index) => {
            const evt = asRecord(entry);
            if (!evt) {
              return null;
            }
            const title = sanitizeSubagentLabel(asString(evt.title));
            if (!title) {
              return null;
            }
            return {
              id: asString(evt.id) || `${subagentId}:progress:${index}`,
              title,
              status: normalizeProgressStatus(asString(evt.status)),
              meta: asString(evt.meta) || undefined,
              filePath:
                asString(evt.filePath) ||
                asString(evt.file) ||
                asString(evt.path) ||
                undefined,
              createdAt: asNumber(evt.createdAt, Date.now()),
              messageID: asString(evt.messageID) || undefined,
              partID: asString(evt.partID) || undefined,
              callID: asString(evt.callID) || undefined,
            } as SubagentProgressEvent;
          })
          .filter((item): item is SubagentProgressEvent => !!item);
        const normalized = normalizeSubagentProgressEventsForPresentation(events);
        return normalized.length > 0 ? normalized : undefined;
      };
      const normalizeSubagentThinkingEvents = (
        raw: unknown,
        subagentId: string,
      ): SubagentThinkingEvent[] | undefined => {
        if (!Array.isArray(raw)) {
          return undefined;
        }
        const events = raw
          .map((entry, index) => {
            const evt = asRecord(entry);
            if (!evt) {
              return null;
            }
            const text = asString(evt.text);
            if (!text) {
              return null;
            }
            return {
              id: asString(evt.id) || `${subagentId}:thinking:${index}`,
              text,
              createdAt: asNumber(evt.createdAt, Date.now()),
              messageID: asString(evt.messageID) || undefined,
              partID: asString(evt.partID) || undefined,
            } as SubagentThinkingEvent;
          })
          .filter((item): item is SubagentThinkingEvent => !!item);
        return events.length > 0 ? events : undefined;
      };
      const normalizeSubagentTimelineEvents = (
        raw: unknown,
        subagentId: string,
      ): SubagentTimelineEvent[] | undefined => {
        if (!Array.isArray(raw)) {
          return undefined;
        }
        const events = raw
          .map((entry, index) => {
            const evt = asRecord(entry);
            if (!evt) {
              return null;
            }
            const label = sanitizeSubagentLabel(asString(evt.label));
            if (!label) {
              return null;
            }
            return {
              key: asString(evt.key) || `${subagentId}:timeline:${index}`,
              type: asString(evt.type) || 'event',
              label,
              createdAt: asNumber(evt.createdAt, Date.now()),
              messageID: asString(evt.messageID) || undefined,
              partID: asString(evt.partID) || undefined,
              callID: asString(evt.callID) || undefined,
            } as SubagentTimelineEvent;
          })
          .filter((item): item is SubagentTimelineEvent => !!item);
        const normalized = normalizeSubagentTimelineEventsForPresentation(events);
        return normalized.length > 0 ? normalized : undefined;
      };
      const subagents = Array.isArray(subagentsRaw)
        ? subagentsRaw
          .map((item): StructuredSubagent | null => {
            const subagent = asRecord(item);
            if (!subagent) {
              return null;
            }
            const id = asString(subagent.id);
            if (!id) {
              return null;
            }
            return {
              id,
              name: asString(subagent.name) || asString(subagent.agentId) || undefined,
              status: asString(subagent.status) ? normalizeSubagentStatus(asString(subagent.status)) : undefined,
              progress: typeof subagent.progress === 'number' ? subagent.progress : undefined,
              description: asString(subagent.description) || undefined,
              latestActivity:
                sanitizeSubagentLabel(
                  asString(subagent.latestActivity) || asString(subagent.description),
                ) || undefined,
              childSessionId: asString(subagent.childSessionId) || undefined,
              parentSessionId: asString(subagent.parentSessionId) || undefined,
              parentMessageId: asString(subagent.parentMessageId) || undefined,
              progressEvents: normalizeSubagentProgressEvents(subagent.progressEvents, id),
              thinkingEvents: normalizeSubagentThinkingEvents(subagent.thinkingEvents, id),
              timelineEvents: normalizeSubagentTimelineEvents(subagent.timelineEvents, id),
            };
          })
          .filter(Boolean) as StructuredSubagent[]
        : [];
    
      const subagentsDeltaRaw = (rec.subagentsDelta ?? rec.subagents_delta) as
        | { parentMessageId?: unknown; items?: unknown }
        | undefined;
      const subagentsDelta =
        subagentsDeltaRaw &&
          Array.isArray(subagentsDeltaRaw.items)
          ? {
            parentMessageId: asString(subagentsDeltaRaw.parentMessageId) || undefined,
            items: subagentsDeltaRaw.items
              .map((item) => {
                const subagent = asRecord(item);
                if (!subagent) {
                  return null;
                }
                const id = asString(subagent.id);
                if (!id) {
                  return null;
                }
                return {
                  id,
                  name: asString(subagent.name) || asString(subagent.agentId) || undefined,
                  status: asString(subagent.status) || undefined,
                  progress: typeof subagent.progress === 'number' ? subagent.progress : undefined,
                  description: asString(subagent.description) || undefined,
                  latestActivity:
                    sanitizeSubagentLabel(
                      asString(subagent.latestActivity) || asString(subagent.description),
                    ) || undefined,
                  childSessionId: asString(subagent.childSessionId) || undefined,
                  parentSessionId: asString(subagent.parentSessionId) || undefined,
                  parentMessageId: asString(subagent.parentMessageId) || undefined,
                  progressEvents: normalizeSubagentProgressEvents(subagent.progressEvents, id),
                  thinkingEvents: normalizeSubagentThinkingEvents(subagent.thinkingEvents, id),
                  timelineEvents: normalizeSubagentTimelineEvents(subagent.timelineEvents, id),
                } as StructuredSubagent;
              })
              .filter(Boolean) as StructuredSubagent[]
          }
          : undefined;
    
      if (
        !messageText &&
        !normalizedQuestion &&
        !hasNormalizedPlan &&
        cleanedReasoning.length === 0 &&
        progressUpdates.length === 0 &&
        interactiveEvents.length === 0 &&
        subagents.length === 0 &&
        !subagentsDelta
      ) {
        return undefined;
      }
    
      return {
        responseType,
        message: messageText,
        plan: hasNormalizedPlan ? normalizedPlan : undefined,
        reasoning: cleanedReasoning.length > 0 ? cleanedReasoning : undefined,
        progressUpdates: progressUpdates.length > 0 ? progressUpdates : undefined,
        interactiveEvents: interactiveEvents.length > 0 ? interactiveEvents : undefined,
        question: normalizedQuestion as StructuredOutput['question'] | undefined,
        subagents: subagents.length > 0 ? subagents : undefined,
        subagentsDelta
      };
    }
    
    function parseNumberedQuestionsFromText(text: string): StructuredInteractiveEvent[] {
      if (!text) return [];
      const lines = text.split('\n');
      const events: StructuredInteractiveEvent[] = [];
      let index = 0;
    
      for (const line of lines) {
        const match = line.match(/^\s*\d+\.\s+(.+)$/);
        if (match) {
          const questionText = match[1].trim();
          if (questionText) {
            events.push({
              type: 'question',
              id: `interactive-${Date.now()}-fallback-${index++}`,
              title: "Question",
              question: questionText,
              options: [],
              allowCustomInput: true,
            });
          }
        }
      }
    
      // Only return if we found 2 or more numbered questions (to avoid false positives on normal lists)
      return events.length >= 2 ? events : [];
    }
    
    // Normalize incoming todo-like records into a canonical Todo shape used by the
    // reducer ingestion path. Returns null for malformed entries so callers can
    // skip without throwing.
    function normalizeTodoRecord(raw: unknown): { id: string; text: string; status: TodoItem['status']; sessionId?: string } | null {
      const rec = asRecord(raw);
      if (!rec) return null;
      const id = asString(rec.id).trim();
      const text = asString(rec.text).trim();
      const statusRaw = asString(rec.status).trim().toLowerCase();
      const sessionId = asOptionalString(rec.sessionId);
    
      if (!id || !text) return null;
    
      const allowedStatuses = new Set([
        'pending',
        'in_progress',
        'completed',
        'cancelled',
        'failed',
      ]);
      if (!allowedStatuses.has(statusRaw)) return null;
    
      return { id, text, status: statusRaw as TodoItem['status'], sessionId };
    }
    
    // Given a normalized todo record, decide whether to ADD_TODO_ITEM or
    // UPDATE_TODO_ITEM so both stream-derived structured payloads and explicit
    // todoUpdate postMessage events follow one ingestion path and produce the
    // same reducer state. Malformed items are ignored by callers before calling
    // this helper.
    function ingestNormalizedTodo(
      dispatch: Dispatch<AppAction>,
      getState: () => AppState,
      item: { id: string; text: string; status: TodoItem['status']; sessionId?: string },
    ): void {
      const existingIds = new Set((getState().todoItems || []).map((t) => t.id));
      if (existingIds.has(item.id)) {
        const patch: Partial<TodoItem> = { text: item.text, status: item.status };
        if (item.sessionId) patch.sessionId = item.sessionId;
        dispatch({ type: 'UPDATE_TODO_ITEM', payload: { id: item.id, patch } });
      } else {
        dispatch({
          type: 'ADD_TODO_ITEM',
          payload: {
            id: item.id,
            text: item.text,
            status: item.status,
            sessionId: item.sessionId ?? '',
          },
        });
      }
    }
    
    function toInteractiveEvents(structured?: StructuredOutput): InteractiveEvent[] {
      const events = structured?.interactiveEvents ?? [];
      // NOTE: contextMessage is the full AI conversational context shown as a header in the popup
      // card. We prefer displayPrompt from the question sub-object.
      // top level. This is intentionally sourced once for all events (they belong to the same turn).
      const structuredRec = asRecord(structured as UnknownRecord | undefined);
      const questionObj = asRecord(structuredRec?.question);
      const contextMessage: string | undefined =
        asOptionalString(questionObj?.displayPrompt) ||
        asOptionalString(questionObj?.assistantPrompt) ||
        undefined;
    
      const mapped = events
        .map((event, index) => {
          const id = event.id || `interactive-${Date.now()}-${index}`;
          if (event.type === 'confirm') {
            if (!event.question) {
              return undefined;
            }
            return {
              type: 'confirm',
              id,
              title: event.title,
              question: event.question,
              confirmLabel: event.confirmLabel,
              cancelLabel: event.cancelLabel,
              contextMessage,
            } as InteractiveEvent;
          }
          if (event.type === 'quick_actions') {
            const actions = Array.isArray(event.actions) ? event.actions : [];
            if (actions.length === 0) {
              return undefined;
            }
            return {
              type: 'quick_actions',
              id,
              title: event.title,
              actions,
              contextMessage,
            } as InteractiveEvent;
          }
          if (event.type === 'question') {
            const options = Array.isArray(event.options) ? event.options : [];
            if (!event.question || options.length < 2) {
              return undefined;
            }
            return {
              type: 'question',
              id,
              title: event.title,
              question: event.question,
              options,
              multiSelect: event.multiSelect,
              allowCustomInput: event.allowCustomInput,
              contextMessage,
            } as InteractiveEvent;
          }
          if (event.type === 'message') {
            if (!event.message) {
              return undefined;
            }
            return {
              type: 'message',
              id,
              title: event.title,
              message: event.message,
              dismissLabel: event.dismissLabel,
              contextMessage,
            } as InteractiveEvent;
          }
          return undefined;
        })
        .filter((event): event is InteractiveEvent => !!event);
    
      // Fallback: if no interactiveEvents were produced but the structured output has a
      // question object, synthesize an interactive event from it. This handles the common
      // case where the model populates only the question object without the interactiveEvents
      // array (minimal valid question output).
      if (mapped.length === 0 && questionObj) {
        const questionText =
          asOptionalString(questionObj.question) ||
          asOptionalString(questionObj.text);
        if (questionText) {
          const qType = asOptionalString(questionObj.type)?.toLowerCase() || 'question';
          const id = asOptionalString(questionObj.id) || `question-${Date.now()}`;
          const title = asOptionalString(questionObj.title);
          const options = Array.isArray(questionObj.options) ? questionObj.options : [];
    
          if (qType === 'confirm') {
            mapped.push({
              type: 'confirm',
              id,
              title,
              question: questionText,
              confirmLabel: asOptionalString(questionObj.confirmLabel),
              cancelLabel: asOptionalString(questionObj.cancelLabel),
              contextMessage,
            } as InteractiveEvent);
          } else if (qType === 'quick_actions') {
            const actions = Array.isArray(questionObj.actions) ? questionObj.actions : [];
            if (actions.length > 0) {
              mapped.push({
                type: 'quick_actions',
                id,
                title,
                actions,
                contextMessage,
              } as InteractiveEvent);
            }
          } else if (qType === 'message') {
            mapped.push({
              type: 'message',
              id,
              title,
              message: asOptionalString(questionObj.message) || questionText,
              dismissLabel: asOptionalString(questionObj.dismissLabel),
              contextMessage,
            } as InteractiveEvent);
          } else if (options.length >= 2) {
            mapped.push({
              type: 'question',
              id,
              title,
              question: questionText,
              options,
              multiSelect: !!questionObj.multiSelect,
              allowCustomInput: !!questionObj.allowCustomInput,
              contextMessage,
            } as InteractiveEvent);
          }
        }
      }
    
      return mapped;
    }
    
    function hasBlockingInteractiveEvents(events: InteractiveEvent[]): boolean {
      return events.some(
        (event) =>
          event.type === "question" ||
          event.type === "confirm" ||
          event.type === "quick_actions",
      );
    }
    
    function isLikelyInteractiveAwaitTimeout(message: string): boolean {
      const normalized = message.trim().toLowerCase();
      if (!normalized || !normalized.includes("timeout")) {
        return false;
      }
    
      return (
        normalized.includes("headers timeout") ||
        normalized.includes("header timeout") ||
        normalized.includes("und_err_headers_timeout") ||
        normalized.includes("request timed out") ||
        normalized.includes("response timeout") ||
        normalized.includes("body timeout")
      );
    }
    
    function isLowSignalTimeoutFragment(content: string): boolean {
      const normalized = content.trim().toLowerCase();
      if (!normalized) {
        return true;
      }
      if (normalized.length <= 2) {
        return true;
      }
    
      const compact = normalized
        .replace(/[^a-z0-9\s]/g, " ")
        .replace(/\s+/g, " ")
        .trim();
      if (!compact) {
        return true;
      }
    
      if (
        compact === "me" ||
        compact === "let" ||
        compact === "let me" ||
        compact === "i" ||
        compact === "ill"
      ) {
        return true;
      }
    
      return false;
    }
    
    function normalizeInteractiveChoices(raw: unknown): InteractiveChoice[] {
      let candidate = raw;
      if (typeof candidate === "string") {
        try {
          candidate = JSON.parse(candidate);
        } catch {
          return [];
        }
      }
      if (!Array.isArray(candidate)) {
        return [];
      }
      return candidate
        .map((item) => {
          const rec = asRecord(item);
          if (!rec) {
            return null;
          }
          const label = asString(rec.label) || asString(rec.value);
          if (!label) {
            return null;
          }
          return {
            id: asString(rec.id) || undefined,
            label,
            value: asString(rec.value) || label,
            description: asString(rec.description) || asString(rec.detail) || undefined,
          } as InteractiveChoice;
        })
        .filter((item): item is InteractiveChoice => !!item);
    }
    
    function normalizeToolInteractiveEvent(
      record: UnknownRecord,
      fallbackId: string,
      fallbackTitle?: string,
    ): InteractiveEvent | undefined {
      const id = asString(record.id) || fallbackId;
      const typeRaw = asString(record.type).toLowerCase();
      const title = asString(record.title) || fallbackTitle || undefined;
    
      if (typeRaw === "message") {
        const message =
          asString(record.message) ||
          asString(record.content) ||
          asString(record.text);
        if (!message) {
          return undefined;
        }
        return {
          type: "message",
          id,
          title,
          message,
          dismissLabel: asString(record.dismissLabel) || undefined,
        };
      }
    
      if (typeRaw === "quick_actions" || typeRaw === "quick-actions") {
        const actions = normalizeInteractiveChoices(record.actions ?? record.options);
        if (actions.length === 0) {
          return undefined;
        }
        return {
          type: "quick_actions",
          id,
          title,
          actions,
        };
      }
    
      const questionText =
        asString(record.question) ||
        asString(record.prompt) ||
        asString(record.message) ||
        asString(record.text) ||
        title;
    
      if (typeRaw === "confirm") {
        if (!questionText) {
          return undefined;
        }
        return {
          type: "confirm",
          id,
          title,
          question: questionText,
          confirmLabel: asString(record.confirmLabel) || undefined,
          cancelLabel: asString(record.cancelLabel) || undefined,
        };
      }
    
      const options = normalizeInteractiveChoices(
        record.options ?? record.choices ?? record.answers ?? record.actions,
      );
      const allowCustomInput =
        asBoolean(record.allowCustomInput, false) ||
        asBoolean(record.allow_custom_input, false) ||
        options.length === 0;
    
      if (!questionText) {
        return undefined;
      }
      if (options.length < 2 && !allowCustomInput) {
        return undefined;
      }
    
      return {
        type: "question",
        id,
        title,
        question: questionText,
        options,
        multiSelect: asBoolean(record.multiSelect, false),
        allowCustomInput,
      };
    }
    
    function interactiveEventsFromToolQuestionPart(part: UnknownRecord): InteractiveEvent[] {
      const toolName = asString(part.tool).toLowerCase();
      if (
        !toolName ||
        (toolName !== "question" &&
          !toolName.includes("request_user_input") &&
          !toolName.includes("request-user-input"))
      ) {
        return [];
      }
    
      const state = asRecord(part.state);
      const input =
        asRecord(state?.input) ||
        asRecord(part.input) ||
        asRecord(part.arguments) ||
        null;
      if (!input) {
        return [];
      }
    
      const rootTitle =
        asString(input.title) || asString(input.header) || asString(input.label) || undefined;
      const baseId =
        asString(part.callID) || asString(part.callId) || asString(part.id) || `interactive-${Date.now()}`;
    
      const listRaw =
        Array.isArray(input.questions) ? input.questions
          : Array.isArray(input.items) ? input.items
            : Array.isArray(input.prompts) ? input.prompts
              : Array.isArray(input.events) ? input.events
                : null;
    
      const records: UnknownRecord[] = [];
      if (Array.isArray(listRaw) && listRaw.length > 0) {
        listRaw.forEach((entry) => {
          const rec = asRecord(entry);
          if (rec) {
            records.push(rec);
          }
        });
      } else {
        const nestedQuestion = asRecord(input.question);
        records.push(nestedQuestion || input);
      }
    
      return records
        .map((record, index) =>
          normalizeToolInteractiveEvent(record, `${baseId}-${index}`, rootTitle),
        )
        .filter((event): event is InteractiveEvent => !!event);
    }
    
    /**
     * Synthesizes a human-readable context message from tool-triggered interactive events.
     * Used when the AI calls the Question tool (no text in streaming.content) so the chat
     * bubble shows the question context alongside the interactive popover.
     */
    function synthesizeQuestionContextMessage(events: InteractiveEvent[]): string {
      const questionEvents = events.filter(
        (e) => e.type === 'question' || e.type === 'confirm',
      ) as Array<{ type: string; question: string; title?: string }>;
    
      if (questionEvents.length === 0) {
        return '';
      }
    
      if (questionEvents.length === 1) {
        const ev = questionEvents[0];
        return ev.title ? `**${ev.title}**\n\n${ev.question}` : ev.question;
      }
    
      const intro = 'I have a few questions before proceeding:';
      const lines = questionEvents.map((ev, i) => `${i + 1}. ${ev.question}`);
      return `${intro}\n\n${lines.join('\n')}`;
    }
    
    function shouldOverrideStreamingContentWithInteractivePrompt(
      content: string,
      latestUserText = "",
    ): boolean {
      const trimmed = content.trim();
      const normalized = normalizeComparableText(content).toLowerCase();
      if (!normalized) {
        return true;
      }
    
      const normalizedUserText = normalizeComparableText(latestUserText).toLowerCase();
      if (normalizedUserText && normalized === normalizedUserText) {
        return true;
      }
    
      if (looksLikeReasoningTrace(trimmed, "")) {
        return true;
      }
    
      // Some providers can leak tiny tool-intent fragments before the question
      // event is emitted (for example: "wants"). Treat these as placeholders.
      const likelyFragment =
        /^(?:wants?|wants?\s+to|ask(?:s|ing)?|question(?:s|ing)?)$/i.test(trimmed) &&
        trimmed.length <= 24;
      if (likelyFragment) {
        return true;
      }
    
      // FIX: If there's substantial content already (more than 150 chars),
      // preserve it instead of replacing with question context.
      // This prevents AI responses from disappearing when questions are asked.
      const CONTENT_THRESHOLD = 150;
      if (trimmed.length > CONTENT_THRESHOLD) {
        return false;
      }
    
      return (
        normalized === 'running question' ||
        normalized === 'question' ||
        normalized === 'question for you' ||
        normalized === 'quick input' ||
        normalized === 'awaiting your answer' ||
        normalized === 'awaiting your response' ||
        normalized === 'waiting for your answer' ||
        normalized === 'waiting for your response'
      );
    }
    
    function maybeInjectStreamingInteractiveContext(
      dispatch: Dispatch<AppAction>,
      getState: () => AppState,
      events: InteractiveEvent[],
    ): void {
      if (!Array.isArray(events) || events.length === 0) {
        return;
      }
    
      const streamingState = getState().streaming;
      const currentContent = asString(streamingState?.content);
      const hasRenderableContent = !!streamingState?.hasRenderableContent;
      const latestUserText = latestUserMessageText(getState());
      // Lock: if we already have trusted assistant text, only replace it when the
      // existing body is clearly low-signal (placeholder/echo/reasoning leak). If we
      // do not have trusted text yet, always inject synthesized question context so
      // the assistant bubble appears together with the question popover.
      if (
        hasRenderableContent &&
        !shouldOverrideStreamingContentWithInteractivePrompt(
          currentContent,
          latestUserText,
        )
      ) {
        return;
      }
    
      const synthesized = synthesizeQuestionContextMessage(events);
      if (!synthesized) {
        return;
      }
    
      dispatch({
        type: 'UPDATE_STREAMING_CONTENT',
        payload: { content: synthesized, append: false, renderable: true },
      });
    }
    
    function inferredStepTitle(part: UnknownRecord): string {
      const title = asString(part.title).trim();
      if (title) {
        return title;
      }
    
      const description = asString(part.description).trim();
      if (description && !isOpaqueIdLike(description)) {
        return description;
      }
    
      const snapshot = asString(part.snapshot).trim();
      if (
        snapshot &&
        snapshot.length < 80 &&
        !/^https?:\/\//i.test(snapshot) &&
        !isOpaqueIdLike(snapshot)
      ) {
        return snapshot;
      }
    
      const meta = asString(part.meta).trim();
      if (meta && !isOpaqueIdLike(meta)) {
        return meta;
      }
    
      const partType = normalizePartType(part.type);
      if (partType === "subtask") {
        return "Starting subtask";
      }
      if (partType === "agent") {
        return "Assigning agent";
      }
      if (partType === "step-start") {
        return "Starting step";
      }
      if (partType === "step-finish") {
        return "Finishing step";
      }
      if (partType === "patch") {
        return "Applying patch";
      }
      if (partType === "tool") {
        return "Running tool";
      }
      if (partType) {
        return `Processing ${partType}`;
      }
    
      return "Working...";
    }
    
    function shouldBootstrapStreamingFromPart(part: UnknownRecord | null): boolean {
      if (!part) {
        return false;
      }
    
      const partType = normalizePartType(part.type);
      // Include text parts to bootstrap streaming for regular content chunks
      if (
        partType === "reasoning" ||
        partType === "step-start" ||
        partType === "tool" ||
        partType === "patch" ||
        partType === "text" ||
        partType === "subtask" ||
        partType === "agent"
      ) {
        return true;
      }
    
      const reasoningLike =
        asString(part.reasoning) ||
        asString(part.thought) ||
        asString(part.thinking);
      return Boolean(reasoningLike);
    }
    
    function isReasoningPart(part: UnknownRecord): boolean {
      const type = normalizePartType(part.type);
      return (
        type === 'reasoning' ||
        typeof part.reasoning !== 'undefined' ||
        typeof part.thought !== 'undefined' ||
        typeof part.thinking !== 'undefined'
      );
    }
    
    function isRenderableAssistantTextPart(part: UnknownRecord): boolean {
      if (isReasoningPart(part)) {
        return false;
      }
      const type = normalizePartType(part.type);
      if (!type) {
        return true;
      }
      return type === "text" || type === "message" || type === "output_text";
    }
    
    function isRenderableStreamingPartType(partType: string): boolean {
      return (
        partType === "text" ||
        partType === "message" ||
        partType === "output_text"
      );
    }
    
    function upsertStreamingStep(
      dispatch: Dispatch<AppAction>,
      getState: () => AppState,
      step: StreamingStep,
    ): void {
      const title = step.title.trim();
      if (!title) {
        return;
      }
    
      const streaming = getState().streaming;
      if (!streaming) {
        dispatch({
          type: "ADD_STREAMING_STEP",
          payload: {
            ...step,
            title,
          },
        });
        return;
      }
    
      const titleKey = title.toLowerCase();
      const idx = streaming.steps.findIndex(
        (candidate) =>
          (step.id && candidate.id === step.id) ||
          (step.callID && candidate.callID === step.callID) ||
          candidate.title.trim().toLowerCase() === titleKey,
      );
    
      if (idx < 0) {
        dispatch({
          type: "ADD_STREAMING_STEP",
          payload: {
            ...step,
            title,
          },
        });
        return;
      }
    
      const current = streaming.steps[idx];
      let nextStatus = step.status;
      if (
        (current.status === "done" || current.status === "error") &&
        step.status === "pending"
      ) {
        nextStatus = current.status;
      }
    
      dispatch({
        type: "UPDATE_STREAMING_STEP",
        payload: {
          index: idx,
          patch: {
            title,
            type: step.type || current.type,
            status: nextStatus || current.status,
            meta: step.meta || current.meta,
            filePath: step.filePath || current.filePath,
            diffStats: step.diffStats || current.diffStats,
            activityDetail: step.activityDetail || current.activityDetail,
            duration:
              typeof step.duration === "number" ? step.duration : current.duration,
          },
        },
      });
    }
    
    function contentFromParts(parts: unknown[]): string {
      return parts
        .map((part) => {
          const rec = asRecord(part);
          if (!rec || !isRenderableAssistantTextPart(rec)) {
            return '';
          }
          return asRichString(rec.text) || asRichString(rec.content) || asRichString(rec.delta);
        })
        .join('')
        .trim();
    }
    
    function hasRenderableAssistantTextInParts(parts: unknown[]): boolean {
      return parts.some((part) => {
        const rec = asRecord(part);
        if (!rec || !isRenderableAssistantTextPart(rec)) {
          return false;
        }
        const text =
          asRichString(rec.text) ||
          asRichString(rec.content) ||
          asRichString(rec.delta);
        return text.trim().length > 0;
      });
    }
    
    function reasoningFromParts(parts: unknown[]): string {
      return parts
        .map((part) => {
          const rec = asRecord(part);
          if (!rec) {
            return '';
          }
    
          const reasoning =
            asRichString(rec.reasoning) ||
            asRichString(rec.thought) ||
            asRichString(rec.thinking) ||
            (isReasoningPart(rec)
              ? asRichString(rec.text) || asRichString(rec.content) || asRichString(rec.delta)
              : '');
          return reasoning.trim();
        })
        .filter(Boolean)
        .join('\n\n')
        .trim();
    }
    
    function summaryText(info: unknown): string {
      const summary = asRecord(asRecord(info)?.summary);
      if (!summary) {
        return '';
      }
      const title = asRichString(summary.title).trim();
      const body = asRichString(summary.body).trim();
      if (title && body) {
        return `${title}\n\n${body}`;
      }
      return title || body;
    }
    
    function latestUserMessageText(state: AppState): string {
      for (let i = state.messages.length - 1; i >= 0; i -= 1) {
        const msg = state.messages[i];
        const role = msg.role ?? msg.info?.role;
        if (role === 'user') {
          return extractMessageText(msg).trim();
        }
      }
      return '';
    }
    
    function stripLeadingUserEcho(text: string, state: AppState): string {
      const prompt = latestUserMessageText(state);
      if (!prompt) {
        return text;
      }
    
      const normalizedText = text.replace(/\r\n/g, '\n');
      const normalizedPrompt = prompt.replace(/\r\n/g, '\n').trim();
      const leadingWs = normalizedText.match(/^\s*/)?.[0] ?? '';
      const trimmed = normalizedText.trimStart();
    
      if (trimmed === normalizedPrompt) {
        return '';
      }
    
      if (trimmed.startsWith(normalizedPrompt)) {
        const remainder = trimmed.slice(normalizedPrompt.length);
        // Strip only clear prompt echo prefixes, keep normal model output intact.
        if (/^[\s:,\-.!?]*$/.test(remainder)) {
          return '';
        }
        if (/^\s+/.test(remainder)) {
          return `${leadingWs}${remainder.trimStart()}`;
        }
      }
    
      return text;
    }
    
    function normalizeComparableText(value: string): string {
      return value.replace(/\r\n/g, "\n").replace(/\s+/g, " ").trim();
    }
    
    function comparableTokens(value: string): string[] {
      return normalizeComparableText(value)
        .toLowerCase()
        .split(/[^a-z0-9]+/)
        .map((token) => token.trim())
        .filter((token) => token.length >= 3);
    }
    
    function shouldPreferStreamingContent(
      finalContent: string,
      streamingContent: string,
    ): boolean {
      if (splitMixedReasoningFromContent(streamingContent)) {
        return false;
      }
      if (looksLikeReasoningTrace(streamingContent, "")) {
        return false;
      }
    
      const finalNorm = normalizeComparableText(finalContent);
      const streamNorm = normalizeComparableText(streamingContent);
      if (!streamNorm) {
        return false;
      }
      if (!finalNorm) {
        return true;
      }
      if (streamNorm === finalNorm) {
        return false;
      }
      if (finalNorm.includes(streamNorm)) {
        return false;
      }
      // When the stream text clearly contains the final text as a subset, prefer the
      // richer stream snapshot so intermediate details are not dropped on finalize.
      if (streamNorm.includes(finalNorm) && streamNorm.length >= finalNorm.length + 24) {
        return true;
      }
      // Fallback: some providers condense final payloads so they are no longer literal
      // subsets. Keep stream text when final tokens mostly overlap but stream is much richer.
      if (streamNorm.length < finalNorm.length + 64) {
        return false;
      }
      const finalTokens = comparableTokens(finalNorm);
      if (finalTokens.length === 0) {
        return false;
      }
      const streamTokenSet = new Set(comparableTokens(streamNorm));
      let matchedFinalTokens = 0;
      for (const token of finalTokens) {
        if (streamTokenSet.has(token)) {
          matchedFinalTokens += 1;
        }
      }
      const overlapRatio = matchedFinalTokens / finalTokens.length;
      return overlapRatio >= 0.65 && matchedFinalTokens >= Math.min(6, finalTokens.length);
    }
    
    function partsWithStreamingContent(
      parts: MessagePart[] | undefined,
      streamingContent: string,
    ): MessagePart[] {
      if (!Array.isArray(parts) || parts.length === 0) {
        return [
          {
            type: "text",
            text: streamingContent,
          } as MessagePart,
        ];
      }
    
      let replaced = false;
      const updated = parts.map((part) => {
        if (replaced) {
          return part;
        }
        const rec = asRecord(part);
        if (!rec) {
          return part;
        }
        const partType = normalizePartType(rec.type);
        const hasTextLike =
          partType === "" ||
          partType === "text" ||
          typeof rec.text === "string" ||
          typeof rec.content === "string";
        if (!hasTextLike) {
          return part;
        }
        replaced = true;
        return {
          ...(part as MessagePart),
          type: partType || "text",
          text: streamingContent,
        } as MessagePart;
      });
    
      if (replaced) {
        return updated;
      }
    
      return [
        {
          type: "text",
          text: streamingContent,
        } as MessagePart,
        ...parts,
      ];
    }
    
    function pickBestContentCandidate(
      candidates: Array<string | undefined>,
    ): string {
      const normalizedCandidates = candidates.filter(
        (candidate): candidate is string =>
          typeof candidate === "string" && candidate.trim().length > 0,
      );
      if (normalizedCandidates.length === 0) {
        return "";
      }
    
      let best = normalizedCandidates[0];
      for (let index = 1; index < normalizedCandidates.length; index += 1) {
        const candidate = normalizedCandidates[index];
        const bestNorm = normalizeComparableText(best);
        const candidateNorm = normalizeComparableText(candidate);
        if (!candidateNorm) {
          continue;
        }
        if (!bestNorm) {
          best = candidate;
          continue;
        }
        if (
          candidateNorm.includes(bestNorm) &&
          candidateNorm.length >= bestNorm.length + 24
        ) {
          best = candidate;
          continue;
        }
        if (
          candidateNorm.length > bestNorm.length + 120 &&
          !bestNorm.includes(candidateNorm)
        ) {
          best = candidate;
        }
      }
      return best;
    }
    
    function sanitizeAssistantMessageEcho(message: Message, state: AppState): Message {
      const role = message.role ?? message.info?.role;
      if (role !== 'assistant') {
        return message;
      }
    
      const next = { ...message };
      if (typeof next.content === 'string' && next.content.trim()) {
        const stripped = stripLeadingUserEcho(next.content, state);
        if (stripped !== next.content) {
          next.content = stripped;
        }
      }
    
      if (Array.isArray(next.parts) && next.parts.length > 0) {
        const parts = [...next.parts];
        const firstTextLikeIndex = parts.findIndex((part) => {
          const type = (part.type ?? '').toLowerCase();
          return type === '' || type === 'text' || !!part.text || !!part.content;
        });
        if (firstTextLikeIndex >= 0) {
          const part = parts[firstTextLikeIndex];
          if (typeof part.text === 'string') {
            parts[firstTextLikeIndex] = { ...part, text: stripLeadingUserEcho(part.text, state) };
          } else if (typeof part.content === 'string') {
            parts[firstTextLikeIndex] = { ...part, content: stripLeadingUserEcho(part.content, state) };
          }
          next.parts = parts;
        }
      }
    
      return next;
    }
    
    function normalizeMessage(message: Message, streaming: StreamingState | null): Message | undefined {
      const rec = asRecord(message);
      if (!rec) {
        // FIX: If this is an assistant message with parts, don't return undefined
        // This prevents question-type messages from being filtered during hydration
        const role = asString(message.role);
        const hasParts = Array.isArray((message as Message).parts) && (message as Message).parts.length > 0;
        if (role === 'assistant' && hasParts) {
          return message as Message; // Preserve assistant messages with parts
        }
        return streaming ? buildStreamingMessage(streaming) : undefined;
      }
    
      const parts = Array.isArray(rec.parts) ? rec.parts : [];
      const parsedRawDebug = parseRawResponseDebug(rec.rawResponse);
      const mergedParts = [...parts];
      const currentReasoning = reasoningFromParts(mergedParts);
      const directReasoningRaw = rec.reasoning ?? rec.thinking ?? rec.thoughts;
      const directReasoningChunks = Array.isArray(directReasoningRaw)
        ? directReasoningRaw
          .map((item) => asRichString(item).trim())
          .filter((item) => item.length > 0)
        : typeof directReasoningRaw !== "undefined"
          ? [asRichString(directReasoningRaw).trim()].filter((item) => item.length > 0)
          : [];
      if (directReasoningChunks.length > 0 && !currentReasoning) {
        for (const chunk of directReasoningChunks) {
          mergedParts.push({
            type: "reasoning",
            reasoning: chunk,
          });
        }
      }
      const hasReasoningAfterDirect = reasoningFromParts(mergedParts);
      if (streaming?.reasoning && !hasReasoningAfterDirect) {
        mergedParts.push({
          type: 'reasoning',
          reasoning: streaming.reasoning
        });
      }
      const detachedReasoningChunks: string[] = [];
      const sanitizedMergedParts = mergedParts.map((part) => {
        const rec = asRecord(part);
        if (!rec || isReasoningPart(rec)) {
          return part;
        }
        const partType = normalizePartType(rec.type);
        const textLike =
          asRichString(rec.text) || asRichString(rec.content) || asRichString(rec.delta);
        if (!textLike) {
          return part;
        }
        const mixed = splitMixedReasoningFromContent(textLike);
        if (!mixed) {
          return part;
        }
        const detached = sanitizeReasoningChunk(mixed.reasoning).trim();
        if (detached) {
          detachedReasoningChunks.push(detached);
        }
    
        const nextPart: Record<string, unknown> = { ...(part as Record<string, unknown>) };
        if (typeof rec.text === "string" || partType === "text") {
          nextPart.type = partType || "text";
          nextPart.text = mixed.content;
        } else if (typeof rec.content === "string") {
          nextPart.content = mixed.content;
        } else if (typeof rec.delta === "string") {
          nextPart.delta = mixed.content;
        }
        return nextPart as MessagePart;
      });
    
      const splitReasoningFromCandidate = (raw: string): string => {
        const mixed = splitMixedReasoningFromContent(raw);
        if (!mixed) {
          return raw;
        }
        const detached = sanitizeReasoningChunk(mixed.reasoning).trim();
        if (detached) {
          detachedReasoningChunks.push(detached);
        }
        return mixed.content;
      };
    
      // Normalize structured output early so content-source selection can rely on
      // structured responseType/message without falling back to free-form text.
      const normalizedStructuredOutput =
        normalizeStructuredOutput(rec.structuredOutput) ??
        normalizeStructuredOutput((rec as Record<string, unknown>).structured_output) ??
        normalizeStructuredOutput(asRecord(rec.info)?.structuredOutput) ??
        normalizeStructuredOutput((asRecord(rec.info) as UnknownRecord | null)?.structured_output) ??
        normalizeStructuredOutput((asRecord(rec.info) as UnknownRecord | null)?.structured);
    
      const role = asString(rec.role) || asString(asRecord(rec.info)?.role);
      const nonReasoningPartsContent = contentFromParts(sanitizedMergedParts).trim();
      const contentFromTopLevel = pickBestContentCandidate([
        splitReasoningFromCandidate(asRichString(rec.content)),
        splitReasoningFromCandidate(asRichString(rec.text)),
        summaryText(rec.info),
      ]);
      const structuredMessage = asString(normalizedStructuredOutput?.message).trim();
      const provisionalResponseType = firstNonEmptyString(
        asString(rec.responseType),
        normalizedStructuredOutput?.responseType,
      )?.toLowerCase();
      const hasParts = Array.isArray(parts) && parts.length > 0;
      // Structured-first rule: when provider parts exist, non-reasoning text parts
      // are authoritative for assistant body rendering.
      let content = hasParts
        ? nonReasoningPartsContent || (provisionalResponseType === "message" ? structuredMessage : "")
        : structuredMessage || contentFromTopLevel;
      const sourceMessageId =
        asString(asRecord(rec.info)?.id) || asString((rec as UnknownRecord).id) || null;
      const contentSelectedSource = hasParts
        ? nonReasoningPartsContent
          ? "parts"
          : provisionalResponseType === "message" && structuredMessage
            ? "structured.message"
            : "none"
        : structuredMessage
          ? "structured.message"
          : contentFromTopLevel
            ? "top-level"
            : "none";
      logAssistantContentSource("normalizeMessage:content-selection", {
        messageId: sourceMessageId,
        responseType: provisionalResponseType ?? null,
        selectedSource: contentSelectedSource,
        finalContent: content,
        partsContent: nonReasoningPartsContent,
        structuredMessage,
        topLevelContent: contentFromTopLevel,
      });
      if (
        hasParts &&
        !nonReasoningPartsContent &&
        contentFromTopLevel &&
        !content
      ) {
        webviewLogger.info("Dropping top-level content because message parts are authoritative", {
          messageId:
            asString(asRecord(rec.info)?.id) || asString((rec as UnknownRecord).id),
          topLevelContentPreview: contentFromTopLevel.slice(0, 220),
          partCount: parts.length,
          responseType: provisionalResponseType,
        });
      }
      if (
        nonReasoningPartsContent &&
        contentFromTopLevel &&
        normalizeComparableText(nonReasoningPartsContent) !==
        normalizeComparableText(contentFromTopLevel)
      ) {
        webviewLogger.info("Content source mismatch; preferring parts content", {
          messageId:
            asString(asRecord(rec.info)?.id) || asString((rec as UnknownRecord).id),
          partsContentPreview: nonReasoningPartsContent.slice(0, 220),
          topLevelContentPreview: contentFromTopLevel.slice(0, 220),
        });
      }
    
      const streamingRawContent = asString(streaming?.content);
      const streamingMixed = splitMixedReasoningFromContent(streamingRawContent);
      if (streamingMixed) {
        const detached = sanitizeReasoningChunk(streamingMixed.reasoning).trim();
        if (detached) {
          detachedReasoningChunks.push(detached);
        }
      }
      const streamingContent = streamingMixed ? streamingMixed.content : streamingRawContent;
      const hasRenderableStreamingContent = Boolean(streaming?.hasRenderableContent);
      const preferStreamingContent = shouldPreferStreamingContent(
        content || "",
        streamingContent,
      );
      const rawHasRenderableText = hasRenderableAssistantTextInParts(parsedRawDebug.parts);
      const rawHasReasoning = parsedRawDebug.parts.some((part) => {
        const rec = asRecord(part);
        return !!rec && isReasoningPart(rec);
      });
      const shouldSuppressStreamingFallbackForReasoningOnly =
        parsedRawDebug.parts.length > 0 &&
        !hasRenderableStreamingContent &&
        provisionalResponseType === "message" &&
        !structuredMessage &&
        !nonReasoningPartsContent &&
        rawHasReasoning &&
        !rawHasRenderableText;
      const shouldUseStreamingContent =
        hasRenderableStreamingContent &&
        !shouldSuppressStreamingFallbackForReasoningOnly &&
        !nonReasoningPartsContent &&
        preferStreamingContent;
      if (shouldSuppressStreamingFallbackForReasoningOnly) {
        webviewLogger.info("Suppressing streaming fallback: raw debug indicates reasoning-only final payload", {
          messageId: sourceMessageId,
          responseType: provisionalResponseType ?? null,
          rawPartsCount: parsedRawDebug.parts.length,
        });
      }
      const normalized: Message = {
        ...(message as Message),
        role: role || message.role || (parts.length > 0 ? 'assistant' : undefined),
        content: shouldUseStreamingContent ? streamingContent : content || message.content,
        parts: shouldUseStreamingContent
          ? partsWithStreamingContent(sanitizedMergedParts as MessagePart[], streamingContent)
          : sanitizedMergedParts.length > 0
            ? (sanitizedMergedParts as Message['parts'])
            : message.parts
      };
    
      // Preserve a normalized structured output payload so question/options data
      // survives message normalization even when the source uses legacy field names.
      if (normalizedStructuredOutput) {
        (normalized as Record<string, unknown>).structuredOutput = normalizedStructuredOutput;
        if (!normalized.responseType && normalizedStructuredOutput.responseType) {
          normalized.responseType = normalizedStructuredOutput.responseType as StructuredResponseType;
        }
        if (
          (!normalized.plan || typeof normalized.plan !== "object") &&
          normalizedStructuredOutput.plan &&
          typeof normalizedStructuredOutput.plan === "object"
        ) {
          normalized.plan = {
            ...normalizedStructuredOutput.plan,
          };
        }
        if (
          (!Array.isArray(normalized.interactiveEvents) ||
            normalized.interactiveEvents.length === 0)
        ) {
          const structuredInteractiveEvents = toInteractiveEvents(
            normalizedStructuredOutput,
          );
          if (structuredInteractiveEvents.length > 0) {
            normalized.interactiveEvents = structuredInteractiveEvents;
          }
        }
      }
    
      const responseType = firstNonEmptyString(
        normalized.responseType,
        normalizedStructuredOutput?.responseType,
      )?.toLowerCase();
      if (responseType !== "implementation_plan" && normalized.plan) {
        delete (normalized as Record<string, unknown>).plan;
      }
      if (responseType === "implementation_plan" && normalized.plan) {
        const introFromPlan = asString(normalized.plan.intro).trim();
        const summaryFromPlan = asString(normalized.plan.summary).trim();
        const currentContent = asString(normalized.content).trim();
        if (!currentContent) {
          normalized.content = introFromPlan || summaryFromPlan;
        }
      }
    
      const existingReasoningEvents = Array.isArray(message.reasoningEvents)
        ? message.reasoningEvents
        : [];
      const mergedReasoningEvents = [
        ...existingReasoningEvents,
        ...(streaming?.reasoningEvents ?? [])
      ];
      const reasoningSources = new Set<ActivitySource>();
      if (Array.isArray(streaming?.reasoningEvents) && streaming.reasoningEvents.length > 0) {
        reasoningSources.add("stream");
      }
      if (Array.isArray(existingReasoningEvents) && existingReasoningEvents.length > 0) {
        reasoningSources.add("final");
      }
    
      const explicitReasoningFromFinalParts = parts
        .map((part) => asRecord(part))
        .filter((part): part is UnknownRecord => !!part)
        .filter((part) => isReasoningPart(part))
        .map((part) =>
          sanitizeReasoningChunk(
            asRichString(part.reasoning) ||
            asRichString(part.thought) ||
            asRichString(part.thinking) ||
            asRichString(part.text) ||
            asRichString(part.content),
          ).trim(),
        )
        .filter((text) => text.length > 0);
      if (explicitReasoningFromFinalParts.length > 0) {
        reasoningSources.add("final");
        for (const chunk of explicitReasoningFromFinalParts) {
          const norm = normalizeComparableText(chunk);
          if (!norm) continue;
          const alreadyTracked = mergedReasoningEvents.some(
            (event) => normalizeComparableText(asString(event.text)) === norm,
          );
          if (!alreadyTracked) {
            mergedReasoningEvents.push({ text: chunk, createdAt: Date.now() });
          }
        }
      }
    
      const explicitReasoningFromRawParts = parsedRawDebug.parts
        .map((part) => asRecord(part))
        .filter((part): part is UnknownRecord => !!part)
        .filter((part) => normalizePartType(part.type) === "reasoning")
        .map((part) =>
          sanitizeReasoningChunk(
            asRichString(part.reasoning) ||
            asRichString(part.text) ||
            asRichString(part.content) ||
            asRichString(part.delta),
          ).trim(),
        )
        .filter((text) => text.length > 0);
      if (explicitReasoningFromRawParts.length > 0) {
        reasoningSources.add("raw_debug");
        for (const chunk of explicitReasoningFromRawParts) {
          const norm = normalizeComparableText(chunk);
          if (!norm) continue;
          const alreadyTracked = mergedReasoningEvents.some(
            (event) => normalizeComparableText(asString(event.text)) === norm,
          );
          if (!alreadyTracked) {
            mergedReasoningEvents.push({ text: chunk, createdAt: Date.now() });
          }
        }
      }
      const streamingReasoningLeak = sanitizeReasoningChunk(
        streamingMixed ? streamingMixed.reasoning : asString(streaming?.content),
      ).trim();
      if (
        streamingReasoningLeak &&
        (looksLikeReasoningTrace(streamingReasoningLeak, "") || !!streamingMixed) &&
        !shouldPreferStreamingContent(content || "", streamingReasoningLeak)
      ) {
        const leakNorm = normalizeComparableText(streamingReasoningLeak);
        const finalNorm = normalizeComparableText(content || "");
        const leakAlreadyInFinal =
          !!leakNorm &&
          !!finalNorm &&
          (finalNorm.includes(leakNorm) || leakNorm.includes(finalNorm));
        const leakAlreadyTracked = mergedReasoningEvents.some(
          (event) => normalizeComparableText(asString(event.text)) === leakNorm,
        );
        if (!leakAlreadyInFinal && !leakAlreadyTracked) {
          mergedReasoningEvents.push({
            text: streamingReasoningLeak,
            createdAt: Date.now(),
          });
        }
      }
      if (detachedReasoningChunks.length > 0) {
        detachedReasoningChunks.forEach((chunk) => {
          const norm = normalizeComparableText(chunk);
          if (!norm) return;
          const alreadyTracked = mergedReasoningEvents.some(
            (event) => normalizeComparableText(asString(event.text)) === norm,
          );
          if (!alreadyTracked) {
            mergedReasoningEvents.push({ text: chunk, createdAt: Date.now() });
          }
        });
      }
      if (mergedReasoningEvents.length > 0) {
        normalized.reasoningEvents = mergedReasoningEvents;
        normalized.reasoningPayload = {
          events: mergedReasoningEvents,
          sources: Array.from(reasoningSources),
        };
      }
    
      const canonicalSteps = normalizeActivitySteps(
        normalized,
        streaming,
        sanitizedMergedParts as MessagePart[],
      );
      if (canonicalSteps.length > 0) {
        normalized.steps = canonicalSteps;
        normalized.progressEvents = canonicalSteps;
      }
    
      // Extract file edits from patch-type parts when edits are not already populated.
      if (!Array.isArray(normalized.edits) || normalized.edits.length === 0) {
        const fromParts: Array<{ file: string }> = [];
        for (const part of sanitizedMergedParts) {
          const rec = asRecord(part);
          if (!rec || asString(rec.type).toLowerCase() !== 'patch') continue;
          const files = Array.isArray(rec.files) ? rec.files : [];
          for (const f of files) {
            if (typeof f === 'string' && f) {
              fromParts.push({ file: f });
            }
          }
        }
        if (fromParts.length > 0) {
          normalized.edits = fromParts;
        }
      }
    
      // NOTE: When the AI triggers a question via a tool call (no text parts), content ends up
      // empty. Synthesize a context message from the Question tool parts so the chat bubble
      // always shows the question — during the live session AND after extension restart.
      const structuredEvents = Array.isArray(normalized.interactiveEvents)
        ? normalized.interactiveEvents
        : [];
      if (
        (structuredEvents.length > 0 &&
          shouldOverrideStreamingContentWithInteractivePrompt(
            asString(normalized.content),
          )) ||
        !normalized.content?.trim()
      ) {
        const synthesized = synthesizeQuestionContextMessage(structuredEvents);
        if (synthesized) {
          normalized.content = synthesized;
        }
      }
    
      if (!normalized.content?.trim()) {
        const questionParts = (sanitizedMergedParts as Array<unknown>).filter((p) => {
          const pr = asRecord(p);
          return !!pr && asString(pr.type).toLowerCase() === 'tool' && interactiveEventsFromToolQuestionPart(pr).length > 0;
        });
        if (questionParts.length > 0) {
          const allEvents: InteractiveEvent[] = [];
          for (const p of questionParts) {
            const pr = asRecord(p);
            if (pr) {
              allEvents.push(...interactiveEventsFromToolQuestionPart(pr));
            }
          }
          if (
            allEvents.length > 0 &&
            (!Array.isArray(normalized.interactiveEvents) ||
              normalized.interactiveEvents.length === 0)
          ) {
            normalized.interactiveEvents = allEvents;
          }
          if (
            allEvents.length > 0 &&
            !firstNonEmptyString(normalized.responseType, normalizedStructuredOutput?.responseType)
          ) {
            normalized.responseType = "question";
          }
          const synthesized = synthesizeQuestionContextMessage(allEvents);
          if (synthesized) {
            normalized.content = synthesized;
          }
        }
      }
    
      return normalized;
    }
    
    function isFileResult(value: unknown): value is FileResult {
      const rec = asRecord(value);
      return !!rec && typeof rec.path === 'string' && typeof rec.name === 'string';
    }
    
    function isSlashCommand(value: unknown): value is SlashCommand {
      const rec = asRecord(value);
      return !!rec && typeof rec.name === "string";
    }
    
    function isQueueItem(value: unknown): value is QueueItem {
      const rec = asRecord(value);
      return (
        !!rec &&
        typeof rec.text === "string" &&
        (rec.id === undefined || typeof rec.id === "string") &&
        (rec.sessionId === undefined || typeof rec.sessionId === "string") &&
        (rec.createdAt === undefined || typeof rec.createdAt === "number")
      );
    }
    
    function isSession(value: unknown): value is Session {
      const rec = asRecord(value);
      return !!rec && typeof rec.id === 'string';
    }
    
    function isMessage(value: unknown): value is Message {
      const rec = asRecord(value);
      return (
        !!rec &&
        (typeof rec.role === 'string' ||
          typeof asRecord(rec.info)?.role === 'string' ||
          typeof rec.content === 'string' ||
          typeof rec.text === 'string' ||
          Array.isArray(rec.parts) ||
          Array.isArray(rec.subagents) ||
          Array.isArray(rec.reasoningEvents) ||
          Array.isArray(rec.progressEvents) ||
          Array.isArray(rec.steps))
      );
    }
    
    function isSubagentStatus(value: unknown): value is SubagentSummary['status'] {
      return value === 'pending' || value === 'running' || value === 'done' || value === 'error' || value === 'orphaned';
    }
    
    function isOpaqueSubagentToken(value: string): boolean {
      const text = value.trim();
      if (text.length < 8) {
        return false;
      }
      return (
        /^[a-f0-9-]{8,}$/i.test(text) ||
        /^msg[_-][a-z0-9-]+$/i.test(text) ||
        /^call[_-][a-z0-9-]+$/i.test(text) ||
        /^ses[_-][a-z0-9-]+$/i.test(text)
      );
    }
    
    function sanitizeSubagentLabel(value: string): string {
      const trimmed = value.trim();
      if (!trimmed || isOpaqueSubagentToken(trimmed)) {
        return '';
      }
      return trimmed.replace(/\s+/g, ' ');
    }
    
    function normalizeSubagentProgressEventsForPresentation(
      events: SubagentProgressEvent[],
    ): SubagentProgressEvent[] {
      if (events.length <= 1) {
        return events;
      }
    
      const byCallId = new Map<string, SubagentProgressEvent>();
      const ordered: SubagentProgressEvent[] = [];
      for (const event of events) {
        if (!event.callID) {
          ordered.push(event);
          continue;
        }
        const current = byCallId.get(event.callID);
        if (!current) {
          byCallId.set(event.callID, event);
          ordered.push(event);
          continue;
        }
        current.createdAt = Math.max(current.createdAt, event.createdAt);
        current.status =
          event.status === 'error'
            ? 'error'
            : event.status === 'done' || current.status === 'done'
              ? 'done'
              : 'pending';
        current.title = event.title || current.title;
        current.meta = event.meta || current.meta;
        current.filePath = event.filePath || current.filePath;
      }
    
      const deduped: SubagentProgressEvent[] = [];
      const seen = new Set<string>();
      for (const event of ordered) {
        const key = [
          event.callID || '',
          normalizeComparableText(event.title),
          normalizeComparableText(event.meta || ''),
          normalizeComparableText(event.filePath || ''),
          event.status,
        ].join('|');
        if (seen.has(key)) {
          continue;
        }
        seen.add(key);
        deduped.push(event);
      }
      return deduped;
    }
    
    function normalizeSubagentTimelineEventsForPresentation(
      events: SubagentTimelineEvent[],
    ): SubagentTimelineEvent[] {
      if (events.length <= 1) {
        return events;
      }
      const sorted = [...events].sort((a, b) => a.createdAt - b.createdAt);
      const deduped: SubagentTimelineEvent[] = [];
      for (const event of sorted) {
        const previous = deduped[deduped.length - 1];
        if (
          previous &&
          previous.type === event.type &&
          normalizeComparableText(previous.label) ===
          normalizeComparableText(event.label)
        ) {
          previous.createdAt = Math.max(previous.createdAt, event.createdAt);
          previous.messageID = event.messageID || previous.messageID;
          previous.partID = event.partID || previous.partID;
          previous.callID = event.callID || previous.callID;
          continue;
        }
        deduped.push(event);
      }
      return deduped;
    }
    
    function normalizeSubagentSummary(value: unknown): SubagentSummary | null {
      const rec = asRecord(value);
      if (!rec) {
        return null;
      }
    
      const id = asString(rec.id);
      const parentSessionId = asString(rec.parentSessionId);
      const parentMessageId = asString(rec.parentMessageId);
      if (!id || !parentSessionId || !parentMessageId) {
        return null;
      }
    
      const references = Array.isArray(rec.references)
        ? rec.references
          .map((entry) => {
            const ref = asRecord(entry);
            if (!ref) {
              return null;
            }
            const res: SubagentReference = {
              messageID: asString(ref.messageID) || undefined,
              partID: asString(ref.partID) || undefined,
              callID: asString(ref.callID) || undefined,
            };
            if (!res.messageID && !res.partID && !res.callID) {
              return null;
            }
            return res;
          })
          .filter((entry): entry is SubagentReference => !!entry)
        : [];
    
      return {
        id,
        parentSessionId,
        parentMessageId,
        childSessionId: asString(rec.childSessionId) || undefined,
        agentId: asString(rec.agentId) || undefined,
        providerID: asString(rec.providerID) || undefined,
        modelID: asString(rec.modelID) || undefined,
        startedAt: asOptionalNumber(rec.startedAt),
        endedAt: asOptionalNumber(rec.endedAt),
        durationMs: asOptionalNumber(rec.durationMs),
        status: isSubagentStatus(rec.status) ? rec.status : 'pending',
        latestActivity: sanitizeSubagentLabel(asString(rec.latestActivity)) || 'Subagent update',
        references
      };
    }
    
    function normalizeSubagentDetail(value: unknown): SubagentDetail | null {
      const summary = normalizeSubagentSummary(value);
      if (!summary) {
        return null;
      }
      const rec = asRecord(value);
      if (!rec) {
        return null;
      }
    
      const thinkingEvents = Array.isArray(rec.thinkingEvents)
        ? rec.thinkingEvents
          .map((entry, index) => {
            const evt = asRecord(entry);
            if (!evt) {
              return null;
            }
            const text = asString(evt.text);
            if (!text) {
              return null;
            }
            const res: SubagentThinkingEvent = {
              id: asString(evt.id) || `${summary.id}:thinking:${index}`,
              text,
              createdAt: asNumber(evt.createdAt, Date.now()),
              messageID: asString(evt.messageID) || undefined,
              partID: asString(evt.partID) || undefined,
            };
            return res;
          })
          .filter((entry): entry is SubagentThinkingEvent => !!entry)
        : [];
    
      const progressEvents = Array.isArray(rec.progressEvents)
        ? rec.progressEvents
          .map((entry, index) => {
            const evt = asRecord(entry);
            if (!evt) {
              return null;
            }
            const title = sanitizeSubagentLabel(asString(evt.title));
            if (!title) {
              return null;
            }
            const res: SubagentProgressEvent = {
              id: asString(evt.id) || `${summary.id}:progress:${index}`,
              title,
              status: normalizeProgressStatus(asString(evt.status)),
              meta: asString(evt.meta) || undefined,
              filePath: asString(evt.filePath) || undefined,
              createdAt: asNumber(evt.createdAt, Date.now()),
              messageID: asString(evt.messageID) || undefined,
              partID: asString(evt.partID) || undefined,
              callID: asString(evt.callID) || undefined,
            };
            return res;
          })
          .filter((entry): entry is SubagentProgressEvent => !!entry)
        : [];
    
      const timelineEvents = Array.isArray(rec.timelineEvents)
        ? rec.timelineEvents
          .map((entry, index) => {
            const evt = asRecord(entry);
            if (!evt) {
              return null;
            }
            const key = asString(evt.key);
            const type = asString(evt.type);
            const label = sanitizeSubagentLabel(asString(evt.label));
            if (!key || !type || !label) {
              return null;
            }
            const res: SubagentTimelineEvent = {
              key: key || `${summary.id}:timeline:${index}`,
              type,
              label,
              createdAt: asNumber(evt.createdAt, Date.now()),
              messageID: asString(evt.messageID) || undefined,
              partID: asString(evt.partID) || undefined,
              callID: asString(evt.callID) || undefined,
            };
            return res;
          })
          .filter((entry): entry is SubagentTimelineEvent => !!entry)
        : [];
    
      const normalizedProgressEvents =
        normalizeSubagentProgressEventsForPresentation(progressEvents);
      const normalizedTimelineEvents =
        normalizeSubagentTimelineEventsForPresentation(timelineEvents);
    
      const tokenUsageRec = asRecord(rec.tokenUsage);
      const tokenCacheRec = asRecord(tokenUsageRec?.cache);
    
      return {
        ...summary,
        thinkingEvents,
        progressEvents: normalizedProgressEvents,
        timelineEvents: normalizedTimelineEvents,
        tokenUsage: tokenUsageRec
          ? {
            input: asOptionalNumber(tokenUsageRec.input),
            output: asOptionalNumber(tokenUsageRec.output),
            reasoning: asOptionalNumber(tokenUsageRec.reasoning),
            cache: tokenCacheRec
              ? {
                read: asOptionalNumber(tokenCacheRec.read),
                write: asOptionalNumber(tokenCacheRec.write)
              }
              : undefined
          }
          : undefined,
        errorText: asString(rec.errorText) || undefined,
        hydrationUnavailable: asBoolean(rec.hydrationUnavailable, false)
      };
    }
    
    function normalizeSubagentSummaryMap(value: unknown): Record<string, SubagentSummary[]> {
      const rec = asRecord(value);
      if (!rec) {
        return {};
      }
      const out: Record<string, SubagentSummary[]> = {};
      for (const [key, item] of Object.entries(rec)) {
        if (!Array.isArray(item)) {
          continue;
        }
        const entries = item
          .map((raw) => normalizeSubagentSummary(raw))
          .filter((entry): entry is SubagentSummary => !!entry);
        if (entries.length > 0) {
          out[key] = entries;
        }
      }
      return out;
    }
    
    function normalizeSubagentDetailMap(value: unknown): Record<string, SubagentDetail> {
      const rec = asRecord(value);
      if (!rec) {
        return {};
      }
      const out: Record<string, SubagentDetail> = {};
      for (const [key, item] of Object.entries(rec)) {
        const detail = normalizeSubagentDetail(item);
        if (!detail) {
          continue;
        }
        out[key] = detail;
      }
      return out;
    }
    
    function extractSubagentsFromMessages(messages: Message[]): {
      summariesByParentMessageId: Record<string, SubagentSummary[]>;
      detailsById: Record<string, SubagentDetail>;
    } {
      const summariesByParentMessageId: Record<string, SubagentSummary[]> = {};
      const detailsById: Record<string, SubagentDetail> = {};
    
      for (const message of messages) {
        const messageId = asString(asRecord(message.info)?.id) || asString((message as unknown as UnknownRecord).id);
        if (!messageId || !Array.isArray(message.subagents)) {
          continue;
        }
        const details = message.subagents
          .map((entry) => normalizeSubagentDetail(entry))
          .filter((entry): entry is SubagentDetail => !!entry);
        if (details.length === 0) {
          continue;
        }
        summariesByParentMessageId[messageId] = details.map((detail) => normalizeSubagentSummary(detail) as SubagentSummary);
        details.forEach((detail) => {
          detailsById[detail.id] = detail;
        });
      }
    
      return { summariesByParentMessageId, detailsById };
    }
    
    function hydrateSubagentSummary(
      summary: SubagentSummary,
      detailsById: Record<string, SubagentDetail>,
    ): SubagentDetail {
      const detail = detailsById[summary.id];
      if (!detail) {
        return {
          ...(summary as SubagentDetail),
          thinkingEvents: [],
          progressEvents: [],
          timelineEvents: [],
        };
      }
      return {
        ...summary,
        ...detail,
        parentSessionId: detail.parentSessionId || summary.parentSessionId,
        parentMessageId: detail.parentMessageId || summary.parentMessageId,
        status: detail.status || summary.status,
        latestActivity: detail.latestActivity || summary.latestActivity,
        references:
          Array.isArray(detail.references) && detail.references.length > 0
            ? detail.references
            : summary.references,
        thinkingEvents: Array.isArray(detail.thinkingEvents)
          ? detail.thinkingEvents
          : [],
        progressEvents: Array.isArray(detail.progressEvents)
          ? detail.progressEvents
          : [],
        timelineEvents: Array.isArray(detail.timelineEvents)
          ? detail.timelineEvents
          : [],
      };
    }
    
    function latestSubagentEventTimestamp(detail: SubagentDetail): number | undefined {
      const candidates: number[] = [];
      if (Array.isArray(detail.thinkingEvents)) {
        detail.thinkingEvents.forEach((event) => {
          if (typeof event.createdAt === "number" && Number.isFinite(event.createdAt)) {
            candidates.push(event.createdAt);
          }
        });
      }
      if (Array.isArray(detail.progressEvents)) {
        detail.progressEvents.forEach((event) => {
          if (typeof event.createdAt === "number" && Number.isFinite(event.createdAt)) {
            candidates.push(event.createdAt);
          }
        });
      }
      if (Array.isArray(detail.timelineEvents)) {
        detail.timelineEvents.forEach((event) => {
          if (typeof event.createdAt === "number" && Number.isFinite(event.createdAt)) {
            candidates.push(event.createdAt);
          }
        });
      }
      if (candidates.length === 0) {
        return undefined;
      }
      return Math.max(...candidates);
    }
    
    function messageCompletedAt(message: Message): number | undefined {
      const info = asRecord(message.info);
      const infoTime = asRecord(info?.time);
      const topTime = asRecord((message as unknown as UnknownRecord).time);
      const candidates = [
        asOptionalNumber(infoTime?.completed),
        asOptionalNumber(infoTime?.updated),
        asOptionalNumber(info?.duration),
        asOptionalNumber(topTime?.completed),
        asOptionalNumber(topTime?.updated),
        asOptionalNumber((message as unknown as UnknownRecord).completed),
        asOptionalNumber((message as unknown as UnknownRecord).createdAt),
        asOptionalNumber(message.created),
      ].filter((value): value is number => typeof value === "number" && Number.isFinite(value));
      if (candidates.length === 0) {
        return undefined;
      }
      return Math.max(...candidates);
    }
    
    type SubagentPresentationPolicy = {
      mode: "stream" | "hydration";
      sessionProcessing?: boolean;
      liveParentMessageIds?: Set<string>;
    };
    
    function isAssistantMessageFinalized(message: Message | undefined): boolean {
      if (!message) {
        return false;
      }
      const role = (message.role || asString(asRecord(message.info)?.role) || "").toLowerCase();
      if (role && role !== "assistant") {
        return false;
      }
    
      const info = asRecord(message.info);
      const infoTime = asRecord(info?.time);
      const topTime = asRecord((message as unknown as UnknownRecord).time);
      const completedAt =
        asOptionalNumber(infoTime?.completed) ??
        asOptionalNumber(topTime?.completed) ??
        asOptionalNumber((message as unknown as UnknownRecord).completed);
      if (typeof completedAt === "number" && Number.isFinite(completedAt) && completedAt > 0) {
        return true;
      }
    
      const finish = asString(info?.finish).toLowerCase();
      if (finish === "done" || finish === "stop" || finish === "tool-calls" || finish === "error") {
        return true;
      }
    
      if (typeof message.content === "string" && message.content.trim().length > 0) {
        return true;
      }
      if (Array.isArray(message.parts) && message.parts.length > 0) {
        return true;
      }
      return false;
    }
    
    function shouldFreezeSubagentForPresentation(
      detail: SubagentDetail,
      message: Message | undefined,
      policy: SubagentPresentationPolicy | undefined,
      explicitFreezeFlag?: boolean,
    ): boolean {
      if (explicitFreezeFlag === true) {
        return true;
      }
      if (!policy || policy.mode !== "hydration") {
        return false;
      }
    
      const status = detail.status;
      if (status !== "pending" && status !== "running" && status !== "orphaned") {
        return false;
      }
    
      if (policy.liveParentMessageIds?.has(detail.parentMessageId)) {
        return false;
      }
    
      if (isAssistantMessageFinalized(message)) {
        return true;
      }
    
      return policy.sessionProcessing !== true;
    }
    
    function normalizeHydratedSubagentDetail(
      detail: SubagentDetail,
      message: Message | undefined,
      freezeIncompleteStatuses: boolean,
    ): SubagentDetail {
      const cleanedLatestActivity =
        sanitizeSubagentLabel(detail.latestActivity) || "Subagent update";
      const normalizedForPresentation: SubagentDetail = {
        ...detail,
        latestActivity: cleanedLatestActivity,
        progressEvents: normalizeSubagentProgressEventsForPresentation(
          Array.isArray(detail.progressEvents) ? detail.progressEvents : [],
        ),
        timelineEvents: normalizeSubagentTimelineEventsForPresentation(
          Array.isArray(detail.timelineEvents) ? detail.timelineEvents : [],
        ),
      };
    
      if (!freezeIncompleteStatuses) {
        return normalizedForPresentation;
      }
    
      const status = normalizedForPresentation.status;
      if (status !== "pending" && status !== "running" && status !== "orphaned") {
        return normalizedForPresentation;
      }
    
      const completedAt =
        (typeof normalizedForPresentation.endedAt === "number" &&
          Number.isFinite(normalizedForPresentation.endedAt)
          ? normalizedForPresentation.endedAt
          : undefined) ??
        (message ? messageCompletedAt(message) : undefined) ??
        latestSubagentEventTimestamp(normalizedForPresentation) ??
        normalizedForPresentation.startedAt;
      const startedAt =
        typeof normalizedForPresentation.startedAt === "number" &&
          Number.isFinite(normalizedForPresentation.startedAt)
          ? normalizedForPresentation.startedAt
          : undefined;
      const durationMs =
        typeof startedAt === "number" && typeof completedAt === "number"
          ? Math.max(0, completedAt - startedAt)
          : normalizedForPresentation.durationMs;
    
      const normalized: SubagentDetail = {
        ...normalizedForPresentation,
        status: "done",
        endedAt:
          typeof completedAt === "number"
            ? completedAt
            : normalizedForPresentation.endedAt,
        durationMs,
      };
      if (
        !normalized.latestActivity ||
        normalized.latestActivity.trim().toLowerCase() === "running" ||
        normalized.latestActivity.trim().toLowerCase() === "pending" ||
        normalized.latestActivity.trim().toLowerCase() === "orphaned"
      ) {
        normalized.latestActivity = "Completed";
      }
      return normalized;
    }
    
    function normalizeHydratedSubagentSummary(
      summary: SubagentSummary,
      detail: SubagentDetail | undefined,
      message: Message | undefined,
      freezeIncompleteStatuses: boolean,
    ): SubagentSummary {
      if (!freezeIncompleteStatuses) {
        return summary;
      }
      const normalizedDetail = normalizeHydratedSubagentDetail(
        detail
          ? detail
          : ({
            ...(summary as SubagentDetail),
            thinkingEvents: [],
            progressEvents: [],
            timelineEvents: [],
          } as SubagentDetail),
        message,
        true,
      );
      return {
        ...summary,
        status: normalizedDetail.status,
        startedAt:
          typeof normalizedDetail.startedAt === "number"
            ? normalizedDetail.startedAt
            : summary.startedAt,
        endedAt:
          typeof normalizedDetail.endedAt === "number"
            ? normalizedDetail.endedAt
            : summary.endedAt,
        durationMs:
          typeof normalizedDetail.durationMs === "number"
            ? normalizedDetail.durationMs
            : summary.durationMs,
        latestActivity: normalizedDetail.latestActivity || summary.latestActivity,
      };
    }
    
    function normalizeHydratedSubagentMaps(
      summariesByParentMessageId: Record<string, SubagentSummary[]>,
      detailsById: Record<string, SubagentDetail>,
      messages: Message[],
      freezeIncompleteStatuses: boolean,
      policy?: SubagentPresentationPolicy,
    ): {
      summariesByParentMessageId: Record<string, SubagentSummary[]>;
      detailsById: Record<string, SubagentDetail>;
    } {
      if (!freezeIncompleteStatuses && (!policy || policy.mode !== "hydration")) {
        return { summariesByParentMessageId, detailsById };
      }
    
      const messageById = new Map<string, Message>();
      messages.forEach((message) => {
        const id = getMessageId(message);
        if (id) {
          messageById.set(id, message);
        }
      });
    
      const normalizedDetailsById: Record<string, SubagentDetail> = {};
      for (const [detailId, detail] of Object.entries(detailsById)) {
        const message = messageById.get(detail.parentMessageId);
        const freeze = shouldFreezeSubagentForPresentation(
          detail,
          message,
          policy,
          freezeIncompleteStatuses,
        );
        normalizedDetailsById[detailId] = normalizeHydratedSubagentDetail(
          detail,
          message,
          freeze,
        );
      }
    
      const normalizedSummariesByParentMessageId: Record<string, SubagentSummary[]> = {};
      for (const [parentMessageId, summaries] of Object.entries(summariesByParentMessageId)) {
        const message = messageById.get(parentMessageId);
        normalizedSummariesByParentMessageId[parentMessageId] = summaries.map((summary) =>
          normalizeHydratedSubagentSummary(
            summary,
            normalizedDetailsById[summary.id] ?? detailsById[summary.id],
            message,
            shouldFreezeSubagentForPresentation(
              normalizedDetailsById[summary.id] ?? (detailsById[summary.id] as SubagentDetail),
              message,
              policy,
              freezeIncompleteStatuses,
            ),
          ),
        );
      }
    
      return {
        summariesByParentMessageId: normalizedSummariesByParentMessageId,
        detailsById: normalizedDetailsById,
      };
    }
    
    function areSubagentListsEquivalent(
      previous: SubagentDetail[] | undefined,
      next: SubagentDetail[],
    ): boolean {
      const prev = Array.isArray(previous) ? previous : [];
      if (prev.length !== next.length) {
        return false;
      }
      for (let index = 0; index < prev.length; index += 1) {
        const a = prev[index];
        const b = next[index];
        if (
          a.id !== b.id ||
          a.status !== b.status ||
          a.latestActivity !== b.latestActivity ||
          (a.durationMs ?? 0) !== (b.durationMs ?? 0) ||
          (a.progressEvents?.length ?? 0) !== (b.progressEvents?.length ?? 0) ||
          (a.thinkingEvents?.length ?? 0) !== (b.thinkingEvents?.length ?? 0) ||
          (a.timelineEvents?.length ?? 0) !== (b.timelineEvents?.length ?? 0)
        ) {
          return false;
        }
      }
      return true;
    }
    
    function deriveSessionIdFromMessage(
      message: Message,
      fallbackSessionId: string | null,
    ): string | null {
      const info = asRecord(message.info);
      const infoSessionId =
        asString(info?.sessionID) || asString(info?.sessionId);
      if (infoSessionId) {
        return infoSessionId;
      }
    
      if (Array.isArray(message.subagents)) {
        for (const subagent of message.subagents) {
          const sessionId = asString(asRecord(subagent)?.parentSessionId);
          if (sessionId) {
            return sessionId;
          }
        }
      }
    
      return fallbackSessionId;
    }
    
    function getMessageId(message: Message): string | null {
      return (
        asString(asRecord(message.info)?.id) ||
        asString((message as unknown as UnknownRecord).id) ||
        null
      );
    }
    
    function mergeSubagentSummaries(
      existing: SubagentSummary[] | undefined,
      incoming: SubagentSummary[],
    ): SubagentSummary[] {
      const byId = new Map<string, SubagentSummary>();
      const source = Array.isArray(existing) ? existing : [];
      source.forEach((entry) => {
        if (entry?.id) {
          byId.set(entry.id, entry);
        }
      });
      incoming.forEach((entry) => {
        if (!entry?.id) {
          return;
        }
        const prev = byId.get(entry.id);
        byId.set(entry.id, prev ? { ...prev, ...entry, id: entry.id } : entry);
      });
      return Array.from(byId.values());
    }
    
    function hasSubagentSummaryEntries(
      summariesByParentMessageId: Record<string, SubagentSummary[]>,
    ): boolean {
      return Object.values(summariesByParentMessageId).some(
        (entries) => Array.isArray(entries) && entries.length > 0,
      );
    }
    
    function mergeSubagentSummaryPayload(
      existingByParentMessageId: Record<string, SubagentSummary[]>,
      incomingByParentMessageId: Record<string, SubagentSummary[]>,
    ): Record<string, SubagentSummary[]> {
      const merged: Record<string, SubagentSummary[]> = {};
      for (const [parentMessageId, incoming] of Object.entries(
        incomingByParentMessageId,
      )) {
        if (!Array.isArray(incoming) || incoming.length === 0) {
          continue;
        }
        merged[parentMessageId] = mergeSubagentSummaries(
          existingByParentMessageId[parentMessageId],
          incoming,
        );
      }
      return merged;
    }
    
    function mergeUniqueSubagentEntries<T>(
      existing: T[] | undefined,
      incoming: T[] | undefined,
      keyBuilder: (item: T, index: number) => string,
    ): T[] {
      const out: T[] = [];
      const byKey = new Map<string, T>();
      const push = (items: T[] | undefined) => {
        if (!Array.isArray(items) || items.length === 0) {
          return;
        }
        items.forEach((item, index) => {
          const key = keyBuilder(item, index);
          if (!key) {
            out.push(item);
            return;
          }
          if (byKey.has(key)) {
            const existingItemIndex = out.findIndex((entry, entryIndex) => {
              const entryKey = keyBuilder(entry, entryIndex);
              return entryKey === key;
            });
            if (existingItemIndex >= 0) {
              out[existingItemIndex] = item;
            }
          } else {
            out.push(item);
          }
          byKey.set(key, item);
        });
      };
      push(existing);
      push(incoming);
      return out;
    }
    
    function mergeSubagentDetailRecord(
      existing: SubagentDetail | undefined,
      incoming: SubagentDetail,
    ): SubagentDetail {
      const latestActivity =
        sanitizeSubagentLabel(incoming.latestActivity || "") ||
        sanitizeSubagentLabel(existing?.latestActivity || "") ||
        "Subagent update";
    
      const references = mergeUniqueSubagentEntries(
        existing?.references,
        incoming.references,
        (entry) =>
          `${entry.messageID || ""}|${entry.partID || ""}|${entry.callID || ""}`,
      );
      const thinkingEvents = mergeUniqueSubagentEntries(
        existing?.thinkingEvents,
        incoming.thinkingEvents,
        (event, index) =>
          event.id || `${event.createdAt || 0}:${event.text || ""}:${index}`,
      );
      const progressEvents = normalizeSubagentProgressEventsForPresentation(
        mergeUniqueSubagentEntries(
          existing?.progressEvents,
          incoming.progressEvents,
          (event, index) =>
            event.callID ||
            event.id ||
            `${event.title || ""}:${event.status || ""}:${event.createdAt || 0}:${index}`,
        ),
      );
      const timelineEvents = normalizeSubagentTimelineEventsForPresentation(
        mergeUniqueSubagentEntries(
          existing?.timelineEvents,
          incoming.timelineEvents,
          (event, index) =>
            event.key ||
            `${event.type || ""}:${event.label || ""}:${event.createdAt || 0}:${index}`,
        ),
      );
    
      return {
        ...(existing || incoming),
        ...incoming,
        id: incoming.id || existing?.id || "",
        parentSessionId:
          incoming.parentSessionId || existing?.parentSessionId || "",
        parentMessageId:
          incoming.parentMessageId || existing?.parentMessageId || "",
        status: incoming.status || existing?.status || "pending",
        latestActivity,
        references,
        thinkingEvents,
        progressEvents,
        timelineEvents,
      };
    }
    
    function mergeSubagentDetailPayload(
      existingById: Record<string, SubagentDetail>,
      incomingById: Record<string, SubagentDetail>,
    ): Record<string, SubagentDetail> {
      const merged: Record<string, SubagentDetail> = {};
      for (const [detailId, incoming] of Object.entries(incomingById)) {
        if (!incoming) {
          continue;
        }
        merged[detailId] = mergeSubagentDetailRecord(
          existingById[detailId],
          incoming,
        );
      }
      return merged;
    }
    
    function findLatestAssistantMessageIdForSession(
      messages: Message[],
      fallbackSessionId: string | null,
      targetSessionId?: string,
    ): string | null {
      for (let index = messages.length - 1; index >= 0; index -= 1) {
        const message = messages[index];
        const role = message.role ?? asString(asRecord(message.info)?.role) ?? "";
        if (role !== "assistant") {
          continue;
        }
        const messageId = getMessageId(message);
        if (!messageId) {
          continue;
        }
    
        if (targetSessionId) {
          const sessionId = deriveSessionIdFromMessage(message, fallbackSessionId);
          if (sessionId && sessionId !== targetSessionId) {
            continue;
          }
        }
    
        return messageId;
      }
    
      return null;
    }
    
    function syncSubagentMapsIntoMessages(
      dispatch: Dispatch<AppAction>,
      getState: () => AppState,
      summariesByParentMessageId: Record<string, SubagentSummary[]>,
      detailsById: Record<string, SubagentDetail>,
      mode: "merge" | "replace",
      options?: { freezeIncompleteStatuses?: boolean; presentationPolicy?: SubagentPresentationPolicy },
    ): void {
      const state = getState();
      const allSummariesByParentMessageId =
        mode === "replace"
          ? summariesByParentMessageId
          : {
            ...state.subagentsByParentMessageId,
            ...summariesByParentMessageId,
          };
      const allDetailsById =
        mode === "replace"
          ? detailsById
          : {
            ...state.subagentDetailsById,
            ...detailsById,
          };
    
      const messageIds = new Set<string>();
      state.messages.forEach((message) => {
        const messageId = getMessageId(message);
        if (messageId) {
          messageIds.add(messageId);
        }
      });
    
      // Rebind orphaned summary groups (usually keyed by transient streaming IDs)
      // to the latest assistant message for the same session so cards survive
      // reload/session hydration even when final message IDs differ.
      const effectiveSummariesByParentMessageId: Record<string, SubagentSummary[]> = {
        ...allSummariesByParentMessageId,
      };
      for (const [parentMessageId, summaries] of Object.entries(
        allSummariesByParentMessageId,
      )) {
        if (!Array.isArray(summaries) || summaries.length === 0) {
          continue;
        }
        if (messageIds.has(parentMessageId)) {
          continue;
        }
    
        // DISABLED: Rebounding subagents to the 'latest' message causes 'ghosting'
        // where old subagents appear in new responses. Only allow direct ID matches.
        continue;
      }
    
      const updatedMessages: Message[] = [];
      let hasChanges = false;
      const nextMessages = state.messages.map((message) => {
        const messageId = getMessageId(message);
        if (!messageId) {
          return message;
        }
        const summaries = effectiveSummariesByParentMessageId[messageId];
        if (!Array.isArray(summaries) || summaries.length === 0) {
          return message;
        }
        const freezeIncompleteStatuses =
          options?.freezeIncompleteStatuses === true ||
          policyAwareFreeze(
            summaries,
            allDetailsById,
            message,
            options?.presentationPolicy,
          );
        const hydratedSubagents = summaries.map((summary) =>
          normalizeHydratedSubagentDetail(
            hydrateSubagentSummary(summary, allDetailsById),
            message,
            freezeIncompleteStatuses,
          ),
        );
        if (areSubagentListsEquivalent(message.subagents, hydratedSubagents)) {
          return message;
        }
    
        hasChanges = true;
        const nextMessage: Message = {
          ...message,
          subagents: hydratedSubagents,
        };
        updatedMessages.push(nextMessage);
        return nextMessage;
      });
    
      if (!hasChanges) {
        return;
      }
    
      dispatch({ type: "SET_MESSAGES", payload: nextMessages });
      const currentSessionId = getState().currentSessionId;
      for (const message of updatedMessages) {
        const sessionId = deriveSessionIdFromMessage(message, currentSessionId);
        if (!sessionId) {
          continue;
        }
        vscode.postMessage({
          type: "persistAssistantMessage",
          sessionId,
          message,
        });
      }
    }
    
    function extractMessageText(message: Message): string {
      const rec = asRecord(message);
      if (!rec) {
        return '';
      }
    
      if (typeof rec.content === 'string' && rec.content.trim()) {
        return rec.content;
      }
      if (typeof rec.text === 'string' && rec.text.trim()) {
        return rec.text;
      }
    
      const parts = Array.isArray(rec.parts) ? rec.parts : [];
      const fromParts = contentFromParts(parts);
      if (fromParts) {
        return fromParts;
      }
    
      const summary = summaryText(rec.info);
      if (summary) {
        return summary;
      }
    
      return reasoningFromParts(parts);
    }
    
    function isInternalSystemReminderMessage(message: Message): boolean {
      const role = asString(message.role) || asString(asRecord(message.info)?.role);
      const normalizedRole = role.toLowerCase().trim();
      if (normalizedRole !== "user" && normalizedRole !== "system") {
        return false;
      }
    
      const text = extractMessageText(message).trim();
      if (!text) {
        return false;
      }
      if (/\bproceed on this plan\./i.test(text)) {
        return false;
      }
    
      const normalizedText = text.toLowerCase();
    
      // Check for square-bracketed system messages at the start (e.g., [analyze-mode], [background task completed])
      const bracketPattern = /^\[[a-z][a-z0-9_\- ]*\]/i;
      const hasBracketPrefix = bracketPattern.test(text);
    
      return (
        normalizedText.includes("<system-reminder>") ||
        normalizedText.includes("<auto-slash-command>") ||
        normalizedText.includes("<!-- omo_internal_initiator -->") ||
        hasBracketPrefix ||
        (normalizedText.includes("[search-model]") &&
          normalizedText.includes("maximize search effort"))
      );
    }
    
    function hasRenderableHistoryPayload(message: Message): boolean {
      // Don't filter out system reminder messages - they will be converted to system role
      // and rendered with the SystemMessage component
      // if (isInternalSystemReminderMessage(message)) {
      //   return false;
      // }
    
      // FIX: Check assistant messages with parts FIRST, before any other checks.
      // This ensures question-type messages with parts but no text content are preserved.
      // Prevents regression where assistant messages disappear after session restart.
      const role = asString(message.role) || asString(asRecord(message.info)?.role);
      if (role === "assistant" && Array.isArray(message.parts) && message.parts.length > 0) {
        return true;
      }
    
      const text = extractMessageText(message).trim();
      if (text.length > 0) {
        return true;
      }
    
      if (Array.isArray(message.images) && message.images.length > 0) {
        return true;
      }
      if (
        Array.isArray((message as unknown as UnknownRecord).attachments) &&
        ((message as unknown as UnknownRecord).attachments as unknown[]).length > 0
      ) {
        return true;
      }
      if (Array.isArray(message.subagents) && message.subagents.length > 0) {
        return true;
      }
      if (
        Array.isArray(message.interactiveEvents) &&
        message.interactiveEvents.length > 0
      ) {
        return true;
      }
      if (interactiveEventsFromMessage(message).length > 0) {
        return true;
      }
      if (Array.isArray(message.reasoningEvents) && message.reasoningEvents.length > 0) {
        return true;
      }
      if (Array.isArray(message.progressEvents) && message.progressEvents.length > 0) {
        return true;
      }
      if (Array.isArray(message.steps) && message.steps.length > 0) {
        return true;
      }
      if (Array.isArray(message.edits) && message.edits.length > 0) {
        return true;
      }
      if (
        typeof (message as unknown as UnknownRecord).error === 'string' &&
        asString((message as unknown as UnknownRecord).error).trim().length > 0
      ) {
        return true;
      }
      if (message.plan && typeof message.plan === 'object') {
        return true;
      }
    
      // Preserve assistant turns that only contain activity parts
      // (tool/reasoning/step/patch) so reload matches stream-time rendering.
      // Note: This check is now redundant since we moved it to the top,
      // but kept for clarity and backwards compatibility.
    
      if (Array.isArray(message.parts)) {
        return message.parts.some((part) => {
          const rec = asRecord(part);
          if (!rec) {
            return false;
          }
          return (
            asString(rec.filename).length > 0 ||
            asString(asRecord(rec.source)?.path).length > 0 ||
            asString(rec.url).length > 0
          );
        });
      }
    
      return false;
    }
    
    function isRenderableHistoryMessage(message: Message): boolean {
      const role = asString(message.role) || asString(asRecord(message.info)?.role);
      const hasPayload = hasRenderableHistoryPayload(message);
      if (role === 'user' || role === 'assistant') {
        return hasPayload;
      }
      return hasPayload;
    }
    
    function isAssistantHistoryMessage(message: Message | undefined): boolean {
      if (!message) {
        return false;
      }
      const role = asString(message.role) || asString(asRecord(message.info)?.role);
      return role.toLowerCase().trim() === "assistant";
    }
    
    function messagePartFingerprint(part: MessagePart): string {
      const rec = asRecord(part);
      if (!rec) {
        return "unknown";
      }
      const type = asString(rec.type).toLowerCase() || "unknown";
      const callId = asString(rec.callID) || asString(rec.callId);
      const tool = asString(rec.tool);
      const state = asRecord(rec.state);
      const status = asString(state?.status) || asString(rec.status);
      const title = asString(rec.title) || asString(state?.title);
      const filePath =
        asString(rec.filePath) ||
        asString(asRecord(state?.input)?.file) ||
        asString(asRecord(state?.input)?.path);
      const text = asRichString(rec.text || rec.content || rec.delta || rec.reasoning)
        .trim()
        .slice(0, 160);
      return [type, callId, tool, status, title, filePath, text].join("|");
    }
    
    function isTextLikePart(part: MessagePart): boolean {
      const rec = asRecord(part);
      if (!rec) {
        return false;
      }
      const type = asString(rec.type).toLowerCase();
      if (type === "text") {
        return true;
      }
      return (
        typeof rec.text === "string" ||
        typeof rec.content === "string" ||
        typeof rec.delta === "string"
      );
    }
    
    function coalesceAssistantHistoryBurst(burst: Message[]): Message {
      const base = { ...(burst[burst.length - 1] || burst[0]) } as Message;
      const mergedParts: MessagePart[] = [];
      const seenPartFingerprints = new Set<string>();
      const seenReasoning = new Set<string>();
      const seenProgress = new Set<string>();
      const seenSteps = new Set<string>();
      const seenEdits = new Set<string>();
    
      let latestText = "";
      let latestTextPart: MessagePart | undefined;
      let latestInteractiveEvents: InteractiveEvent[] | undefined;
      let latestPlan = base.plan;
      let latestSubagents = base.subagents;
      let latestError = asString((base as unknown as UnknownRecord).error);
      let latestStructuredOutput = asRecord(
        (base as unknown as UnknownRecord).structuredOutput,
      );
      let canonicalMessageId: string | null = getMessageId(base);
    
      const appendReasoningEvent = (event: ReasoningEvent) => {
        const key = `${asNumber(event.createdAt)}|${normalizeComparableText(asString(event.text))}`;
        if (seenReasoning.has(key)) {
          return;
        }
        seenReasoning.add(key);
        const list = Array.isArray(base.reasoningEvents) ? base.reasoningEvents : [];
        base.reasoningEvents = [...list, event];
      };
    
      const appendProgressEvent = (event: MessageStep) => {
        const key = [
          asString(event.id),
          asString(event.callID),
          normalizeComparableText(asString(event.title)),
          asString(event.status),
          asString(event.filePath),
          asString(event.meta),
          asNumber(event.streamSeq),
        ].join("|");
        if (seenProgress.has(key)) {
          return;
        }
        seenProgress.add(key);
        const list = Array.isArray(base.progressEvents) ? base.progressEvents : [];
        base.progressEvents = [...list, event];
      };
    
      const appendStep = (step: MessageStep) => {
        const key = [
          asString(step.id),
          asString(step.callID),
          normalizeComparableText(asString(step.title)),
          asString(step.status),
          asString(step.filePath),
          asString(step.meta),
          asNumber(step.streamSeq),
        ].join("|");
        if (seenSteps.has(key)) {
          return;
        }
        seenSteps.add(key);
        const list = Array.isArray(base.steps) ? base.steps : [];
        base.steps = [...list, step];
      };
    
      const appendEdit = (edit: { file: string; added?: number; deleted?: number }) => {
        const key = normalizeComparableText(asString(edit.file));
        if (!key || seenEdits.has(key)) {
          return;
        }
        seenEdits.add(key);
        const list = Array.isArray(base.edits) ? base.edits : [];
        base.edits = [...list, edit];
      };
    
      for (const message of burst) {
        if (!message || typeof message !== "object") {
          continue;
        }
    
        const messageId = getMessageId(message);
        if (messageId) {
          canonicalMessageId = messageId;
        }
    
        const content = extractMessageText(message).trim();
        if (content.length > 0) {
          latestText = content;
          latestTextPart = Array.isArray(message.parts)
            ? message.parts.find((part) => isTextLikePart(part))
            : undefined;
        }
    
        if (
          Array.isArray(message.interactiveEvents) &&
          message.interactiveEvents.length > 0
        ) {
          latestInteractiveEvents = message.interactiveEvents;
        }
        if (message.plan && typeof message.plan === "object") {
          latestPlan = message.plan;
        }
        if (Array.isArray(message.subagents) && message.subagents.length > 0) {
          latestSubagents = message.subagents;
        }
        const errorText = asString((message as unknown as UnknownRecord).error);
        if (errorText) {
          latestError = errorText;
        }
        const structured = asRecord(
          (message as unknown as UnknownRecord).structuredOutput,
        );
        if (structured) {
          latestStructuredOutput = structured;
        }
    
        if (Array.isArray(message.parts)) {
          for (const part of message.parts) {
            if (isTextLikePart(part)) {
              continue;
            }
            const key = messagePartFingerprint(part);
            if (seenPartFingerprints.has(key)) {
              continue;
            }
            seenPartFingerprints.add(key);
            mergedParts.push(part);
          }
        }
    
        if (Array.isArray(message.reasoningEvents)) {
          message.reasoningEvents.forEach(appendReasoningEvent);
        }
        if (Array.isArray(message.progressEvents)) {
          message.progressEvents.forEach(appendProgressEvent);
        }
        if (Array.isArray(message.steps)) {
          message.steps.forEach(appendStep);
        }
        if (Array.isArray(message.edits)) {
          message.edits.forEach(appendEdit);
        }
      }
    
      if (latestText.length > 0) {
        const source = asRecord(latestTextPart) ?? {};
        mergedParts.push({
          ...source,
          type: "text",
          text: latestText,
        } as MessagePart);
        base.content = latestText;
        base.text = latestText;
      }
    
      if (mergedParts.length > 0) {
        base.parts = mergedParts;
      }
      if (latestInteractiveEvents) {
        base.interactiveEvents = latestInteractiveEvents;
      }
      if (latestPlan) {
        base.plan = latestPlan;
      }
      if (latestSubagents) {
        base.subagents = latestSubagents;
      }
      if (latestError) {
        (base as unknown as UnknownRecord).error = latestError;
      }
      if (latestStructuredOutput) {
        (base as unknown as UnknownRecord).structuredOutput = latestStructuredOutput;
      }
    
      if (canonicalMessageId) {
        base.id = canonicalMessageId;
        const infoRec = asRecord(base.info);
        base.info = infoRec
          ? { ...infoRec, id: canonicalMessageId }
          : ({ id: canonicalMessageId } as Record<string, unknown>);
      }
    
      return base;
    }
    
    function coalesceAdjacentAssistantHistoryMessages(messages: Message[]): Message[] {
      if (!Array.isArray(messages) || messages.length <= 1) {
        return messages;
      }
    
      const out: Message[] = [];
      let index = 0;
      while (index < messages.length) {
        const current = messages[index];
        if (!isAssistantHistoryMessage(current)) {
          out.push(current);
          index += 1;
          continue;
        }
    
        const burst: Message[] = [current];
        let cursor = index + 1;
        while (cursor < messages.length && isAssistantHistoryMessage(messages[cursor])) {
          burst.push(messages[cursor]);
          cursor += 1;
        }
    
        if (burst.length === 1) {
          out.push(current);
        } else {
          out.push(coalesceAssistantHistoryBurst(burst));
        }
        index = cursor;
      }
    
      return out;
    }
    
    function summarizeRenderMessageForDebug(message: Message, index: number): Record<string, unknown> {
      const info = asRecord(message.info);
      const structured = asRecord((message as unknown as UnknownRecord).structuredOutput);
      const text = extractMessageText(message).trim();
      return {
        index,
        id: getMessageId(message),
        role: asString(message.role) || asString(info?.role) || "unknown",
        responseType: asString(structured?.responseType).toLowerCase() || undefined,
        textLength: text.length,
        textPreview: text ? text.slice(0, 160) : undefined,
        hasPlan: !!message.plan,
        subagentCount: Array.isArray(message.subagents) ? message.subagents.length : 0,
        interactiveCount: Array.isArray(message.interactiveEvents) ? message.interactiveEvents.length : 0,
        partCount: Array.isArray(message.parts) ? message.parts.length : 0,
      };
    }
    
    function logRenderSnapshot(source: string, messages: Message[]): void {
      const tail = messages.slice(-20);
      const summary = tail.map((message, index) =>
        summarizeRenderMessageForDebug(message, messages.length - tail.length + index),
      );
      const last = summary[summary.length - 1];
      webviewLogger.info("Rendering snapshot", {
        source,
        messageCount: messages.length,
        last,
      });
      streamDebug("[OpenCode][webview] render snapshot tail", {
        source,
        items: summary,
      });
    }
    
    function slugifyChoiceValue(input: string): string {
      const value = input
        .toLowerCase()
        .replace(/[^a-z0-9]+/g, '-')
        .replace(/^-+|-+$/g, '');
      return value || 'option';
    }
    
    function stripChoicePrefix(input: string): string {
      return input
        .replace(/^(?:[-*]|\u2022)\s+/, '')
        .replace(/^\d{1,2}[.)]\s+/, '')
        .replace(/^[a-zA-Z][.)]\s+/, '')
        .replace(/^>\s*/, '')
        .trim();
    }
    
    function stripMarkdownFormatting(input: string): string {
      return input
        .replace(/`([^`]+)`/g, "$1")
        .replace(/\*\*([^*]+)\*\*/g, "$1")
        .replace(/__([^_]+)__/g, "$1")
        .replace(/\*([^*]+)\*/g, "$1")
        .replace(/_([^_]+)_/g, "$1")
        .replace(/\[([^\]]+)\]\([^)]+\)/g, "$1")
        .replace(/\s{2,}/g, " ")
        .trim();
    }
    
    function isLikelyYesNoQuestion(question: string): boolean {
      return /^(do|does|did|is|are|was|were|can|could|should|would|will|have|has|had|may|might|am)\b/i.test(
        question.trim(),
      );
    }
    
    function normalizeChoiceFromLine(line: string, index: number): InteractiveChoice | undefined {
      const trimmed = line.trim();
      if (!trimmed) {
        return undefined;
      }
    
      const hasListPrefix = /^(?:[-*]|\u2022|\d{1,2}[.)]|[a-zA-Z][.)])\s+/.test(
        trimmed,
      );
      const hasLabelColon = /^[*_`"'(]*[A-Za-z][^?]{0,40}:\s+\S+/.test(trimmed);
    
      const candidate = stripMarkdownFormatting(stripChoicePrefix(trimmed));
      if (!hasListPrefix && !hasLabelColon) {
        const plainWords = candidate.split(/\s+/).filter(Boolean);
        const plainAllowed =
          candidate.length > 0 &&
          candidate.length <= 32 &&
          plainWords.length > 0 &&
          plainWords.length <= 4 &&
          /^[A-Za-z0-9 /+._-]+$/.test(candidate) &&
          !/[\\/]/.test(candidate);
        if (!plainAllowed) {
          return undefined;
        }
      }
    
      if (!candidate || candidate.length > 140 || candidate.includes('?')) {
        return undefined;
      }
    
      const looksPathLike =
        /(?:^|[\s"'`])(?:[A-Za-z]:\\|\.{0,2}[\\/]|[\w-]+[\\/][\w./\\-]+\.[A-Za-z0-9]{1,8})/.test(
          candidate,
        );
      if (looksPathLike && !hasLabelColon) {
        return undefined;
      }
      if (
        /auto-generated|generated file|timestamp/i.test(candidate) &&
        !/^(yes|no)\b/i.test(candidate)
      ) {
        return undefined;
      }
    
      let label = candidate;
      let description: string | undefined;
      const colonIndex = candidate.indexOf(':');
      if (colonIndex > 0 && colonIndex < 44) {
        label = candidate.slice(0, colonIndex).trim();
        const rest = candidate.slice(colonIndex + 1).trim();
        description = rest || undefined;
      }
    
      label = label.replace(/[.,;:]$/, '').trim();
      if (!label || label.length < 2 || label.split(/\s+/).length > 8) {
        return undefined;
      }
    
      return {
        id: `auto-opt-${index}`,
        label,
        value: slugifyChoiceValue(label),
        description
      };
    }
    
    function dedupeChoices(choices: InteractiveChoice[]): InteractiveChoice[] {
      const out: InteractiveChoice[] = [];
      const seen = new Set<string>();
      choices.forEach((choice) => {
        const key = `${choice.label}::${choice.value || choice.label}`.toLowerCase();
        if (seen.has(key)) {
          return;
        }
        seen.add(key);
        out.push(choice);
      });
      return out;
    }
    
    function collectOptionsInDirection(
      lines: string[],
      startIndex: number,
      step: 1 | -1,
      maxScanDistance = 8
    ): InteractiveChoice[] {
      const collected: InteractiveChoice[] = [];
      let scanned = 0;
      for (let index = startIndex; index >= 0 && index < lines.length && scanned < maxScanDistance; index += step) {
        scanned += 1;
        const line = lines[index].trim();
        if (!line) {
          if (collected.length > 0) {
            break;
          }
          continue;
        }
        if (line.includes('?')) {
          if (collected.length > 0) {
            break;
          }
          continue;
        }
    
        const option = normalizeChoiceFromLine(line, collected.length);
        if (!option) {
          if (collected.length > 0) {
            break;
          }
          continue;
        }
        collected.push(option);
        if (collected.length >= 6) {
          break;
        }
      }
    
      if (step === -1) {
        collected.reverse();
      }
      return collected;
    }
    
    function extractInlineOrChoices(question: string): InteractiveChoice[] {
      const cleanQuestion = question.replace(/[?!.\s]+$/, '').trim();
      if (!/\bor\b/i.test(cleanQuestion)) {
        return [];
      }
    
      const useMatch = cleanQuestion.match(
        /\b(?:use|choose|pick|select|prefer|want)\s+([A-Za-z][A-Za-z0-9+._/-]{1,30})\s+or\s+([A-Za-z][A-Za-z0-9+._/-]{1,30})\b/i
      );
      if (useMatch) {
        const first = useMatch[1];
        const second = useMatch[2];
        return [
          { id: 'auto-opt-0', label: first, value: slugifyChoiceValue(first) },
          { id: 'auto-opt-1', label: second, value: slugifyChoiceValue(second) }
        ];
      }
    
      const genericMatch = cleanQuestion.match(
        /\b([A-Za-z][A-Za-z0-9+._/-]{1,30})\b\s+or\s+\b([A-Za-z][A-Za-z0-9+._/-]{1,30})\b/i
      );
      if (!genericMatch) {
        return [];
      }
      const first = genericMatch[1];
      const second = genericMatch[2];
      if (first.length < 2 || second.length < 2) {
        return [];
      }
      return [
        { id: 'auto-opt-0', label: first, value: slugifyChoiceValue(first) },
        { id: 'auto-opt-1', label: second, value: slugifyChoiceValue(second) }
      ];
    }
    
    function detectInteractiveEventsFromText(_text: string, _message: Message): InteractiveEvent[] {
      return [];
    }
    
    function interactiveEventsFromMessage(message: Message): InteractiveEvent[] {
      const role = asString(message.role) || asString(asRecord(message.info)?.role);
      if (role && role !== 'assistant') {
        return [];
      }
    
      if (Array.isArray(message.interactiveEvents) && message.interactiveEvents.length > 0) {
        return message.interactiveEvents;
      }
      const rec = asRecord(message);
      if (!rec) {
        return [];
      }
      const structured =
        normalizeStructuredOutput(rec.structuredOutput) ??
        normalizeStructuredOutput((rec as UnknownRecord).structured_output) ??
        normalizeStructuredOutput(asRecord(rec.info)?.structuredOutput) ??
        normalizeStructuredOutput((asRecord(rec.info) as UnknownRecord | null)?.structured_output) ??
        normalizeStructuredOutput((asRecord(rec.info) as UnknownRecord | null)?.structured);
      const fromStructured = toInteractiveEvents(structured);
      if (fromStructured.length > 0) {
        return fromStructured;
      }
    
      const infoRec = asRecord(rec.info);
      const topLevelResponseType =
        asString(rec.responseType) ||
        asString(infoRec?.responseType) ||
        asString(asRecord(rec.structuredOutput)?.responseType) ||
        asString(asRecord(rec.structured_output)?.responseType);
      const hasQuestionLikePayload =
        topLevelResponseType.toLowerCase() === "question" ||
        typeof rec.question !== "undefined" ||
        typeof infoRec?.question !== "undefined";
      if (hasQuestionLikePayload) {
        const fallbackStructured = normalizeStructuredOutput({
          responseType: topLevelResponseType || "question",
          question: rec.question ?? infoRec?.question,
          options:
            (rec as UnknownRecord).options ??
            (infoRec as UnknownRecord | null)?.options,
          choices:
            (rec as UnknownRecord).choices ??
            (infoRec as UnknownRecord | null)?.choices,
          actions:
            (rec as UnknownRecord).actions ??
            (infoRec as UnknownRecord | null)?.actions,
          interactiveEvents:
            (rec as UnknownRecord).interactiveEvents ??
            (infoRec as UnknownRecord | null)?.interactiveEvents,
        });
        const fromTopLevel = toInteractiveEvents(fallbackStructured);
        if (fromTopLevel.length > 0) {
          return fromTopLevel;
        }
      }
      return [];
    }
    
    function policyAwareFreeze(
      summaries: SubagentSummary[],
      detailsById: Record<string, SubagentDetail>,
      message: Message,
      policy?: SubagentPresentationPolicy,
    ): boolean {
      if (!policy || policy.mode !== "hydration") {
        return false;
      }
      return summaries.some((summary) =>
        shouldFreezeSubagentForPresentation(
          hydrateSubagentSummary(summary, detailsById),
          message,
          policy,
          false,
        ),
      );
    }
    
    function interactivePromptFromEvent(event: InteractiveEvent): string | undefined {
      if (event.type === "question" || event.type === "confirm") {
        return asOptionalString(event.question) || asOptionalString(event.title);
      }
      if (event.type === "message") {
        return asOptionalString(event.message) || asOptionalString(event.title);
      }
      if (event.type === "quick_actions") {
        return asOptionalString(event.title);
      }
      return undefined;
    }
    
    function containsInteractiveMarker(text: string): boolean {
      return /\[interactive:[^:\]]+:[^\]]+\]/i.test(text);
    }
    
    function parseInteractiveMarkerResponses(
      text: string,
    ): Array<{ eventId: string; answer: string }> {
      const responses: Array<{ eventId: string; answer: string }> = [];
      const lines = text
        .split(/\r?\n/)
        .map((line) => line.trim())
        .filter((line) => line.length > 0);
    
      for (const line of lines) {
        const markerMatch = line.match(
          /^\[interactive:[^:\]]+:([^\]]+)\]\s*(.*)$/i,
        );
        if (!markerMatch) {
          continue;
        }
        const eventId = asString(markerMatch[1]).trim();
        const answer = asString(markerMatch[2]).trim();
        if (!eventId && !answer) {
          continue;
        }
        responses.push({ eventId, answer });
      }
    
      return responses;
    }
    
    function hydrateLegacyInteractiveUserMessages(messages: Message[]): Message[] {
      if (!Array.isArray(messages) || messages.length === 0) {
        return messages;
      }
    
      const questionByEventId = new Map<string, string>();
      let changed = false;
      const hydrated = messages.map((message) => {
        const role = asString(message.role) || asString(asRecord(message.info)?.role);
        if (role === "assistant") {
          const events = interactiveEventsFromMessage(message);
          events.forEach((event) => {
            const eventId = asOptionalString(event.id);
            const label = interactivePromptFromEvent(event);
            if (eventId && label) {
              questionByEventId.set(eventId, label);
            }
          });
          return message;
        }
    
        if (role !== "user") {
          return message;
        }
    
        const persistedVisibleText =
          asOptionalString(message.content) || asOptionalString(message.text);
        if (persistedVisibleText && !containsInteractiveMarker(persistedVisibleText)) {
          return message;
        }
    
        const markerSource =
          (persistedVisibleText && containsInteractiveMarker(persistedVisibleText)
            ? persistedVisibleText
            : undefined) ||
          contentFromParts(Array.isArray(message.parts) ? message.parts : []);
        if (!markerSource || !containsInteractiveMarker(markerSource)) {
          return message;
        }
    
        const responses = parseInteractiveMarkerResponses(markerSource);
        if (responses.length === 0) {
          return message;
        }
    
        const displayText = responses
          .map((response) => {
            const answer = response.answer.trim();
            const questionLabel = questionByEventId.get(response.eventId);
            if (questionLabel && answer) {
              return `**${questionLabel}**\n${answer}`;
            }
            if (questionLabel) {
              return `**${questionLabel}**`;
            }
            return answer;
          })
          .filter((value) => value.length > 0)
          .join("\n\n");
    
        if (!displayText) {
          return message;
        }
    
        changed = true;
        return {
          ...message,
          content: displayText,
          text: displayText,
        };
      });
    
      return changed ? hydrated : messages;
    }
    
    function hasQuestionFormattingForInteractiveDisplay(text: string): boolean {
      return /\*\*[^*]+\*\*/.test(text) || /^\s*(?:question|please confirm)\s*:/im.test(text);
    }
    
    function extractInteractiveAnswerSignature(message: Message): string | undefined {
      const role = asString(message.role) || asString(asRecord(message.info)?.role);
      if (role !== "user") {
        return undefined;
      }
    
      const markerSourceCandidates = [
        asOptionalString(message.content),
        asOptionalString(message.text),
        contentFromParts(Array.isArray(message.parts) ? message.parts : []),
      ].filter((value): value is string => !!value);
      const markerSource = markerSourceCandidates.find((value) =>
        containsInteractiveMarker(value),
      );
      if (markerSource) {
        const markerResponses = parseInteractiveMarkerResponses(markerSource);
        if (markerResponses.length > 0) {
          const joined = markerResponses
            .map((item) => normalizeComparableText(item.answer))
            .filter((item) => item.length > 0)
            .join("\n");
          return joined || undefined;
        }
      }
    
      const visibleText =
        asOptionalString(message.content) ||
        asOptionalString(message.text) ||
        contentFromParts(Array.isArray(message.parts) ? message.parts : []);
      if (!visibleText || !hasQuestionFormattingForInteractiveDisplay(visibleText)) {
        return undefined;
      }
    
      const lines = visibleText
        .split(/\r?\n/)
        .map((line) => line.trim())
        .filter((line) => line.length > 0);
      const answerLines = lines.filter((line) => {
        if (/^\*\*[^*]+\*\*$/.test(line)) {
          return false;
        }
        if (/^(?:question|please confirm)\s*:/i.test(line)) {
          return false;
        }
        return true;
      });
      if (answerLines.length === 0) {
        return undefined;
      }
      return answerLines.map((line) => normalizeComparableText(line)).join("\n");
    }
    
    function interactiveUserMessageRichness(message: Message): number {
      const visibleText =
        asOptionalString(message.content) ||
        asOptionalString(message.text) ||
        contentFromParts(Array.isArray(message.parts) ? message.parts : []);
      const markerSource = contentFromParts(Array.isArray(message.parts) ? message.parts : []);
      let score = 0;
      if (visibleText && hasQuestionFormattingForInteractiveDisplay(visibleText)) {
        score += 50;
      }
      if (markerSource && containsInteractiveMarker(markerSource)) {
        score += 20;
      }
      if (visibleText) {
        score += Math.min(30, Math.floor(visibleText.length / 20));
      }
      return score;
    }
    
    function dedupeInteractiveUserHydrationMessages(messages: Message[]): Message[] {
      if (!Array.isArray(messages) || messages.length <= 1) {
        return messages;
      }
    
      const deduped: Message[] = [];
      for (const message of messages) {
        const role = asString(message.role) || asString(asRecord(message.info)?.role);
        if (role !== "user") {
          deduped.push(message);
          continue;
        }
    
        const signature = extractInteractiveAnswerSignature(message);
        if (!signature) {
          deduped.push(message);
          continue;
        }
    
        const previous = deduped.length > 0 ? deduped[deduped.length - 1] : undefined;
        const previousRole = previous
          ? asString(previous.role) || asString(asRecord(previous.info)?.role)
          : "";
        if (previous && previousRole === "user") {
          const previousSignature = extractInteractiveAnswerSignature(previous);
          if (previousSignature && previousSignature === signature) {
            if (
              interactiveUserMessageRichness(message) >
              interactiveUserMessageRichness(previous)
            ) {
              deduped[deduped.length - 1] = message;
            }
            continue;
          }
        }
    
        deduped.push(message);
      }
    
      return deduped;
    }
    
    export function dedupeSystemMessages(messages: Message[]): Message[] {
      if (!Array.isArray(messages) || messages.length <= 1) {
        return messages;
      }
    
      const deduped: Message[] = [];
      const seenSystemContents = new Set<string>();
    
      for (const message of messages) {
        const role = asString(message.role) || asString(asRecord(message.info)?.role);
        const content = asString(message.content) || '';
    
        if (role === 'system' && content) {
          // Normalize content for deduplication by trimming whitespace
          // This handles cases where the same system message has slight formatting differences
          const normalizedContent = content.trim();
    
          // Skip system messages with duplicate content
          if (seenSystemContents.has(normalizedContent)) {
            webviewLogger.debug('[dedupeSystemMessages] Skipping duplicate system message', {
              content: normalizedContent.substring(0, 100),
              totalSkipped: seenSystemContents.size,
            });
            continue;
          }
          seenSystemContents.add(normalizedContent);
          webviewLogger.debug('[dedupeSystemMessages] Keeping unique system message', {
            content: normalizedContent.substring(0, 100),
            index: deduped.length,
          });
        }
    
        deduped.push(message);
      }
    
      webviewLogger.debug('[dedupeSystemMessages] Deduplication complete', {
        inputCount: messages.length,
        outputCount: deduped.length,
        duplicatesRemoved: messages.length - deduped.length,
        systemMessageCount: seenSystemContents.size,
      });
    
      return deduped;
    }
    
    /**
     * Deduplicates user messages with "proceed on this plan." content.
     * This fixes duplicate "Plan Approved" messages that may appear during hydration.
     * Only deduplicates exact content matches to avoid removing legitimate repeated plan approvals.
     */
    export function dedupePlanProceedMessages(messages: Message[]): Message[] {
      if (!Array.isArray(messages) || messages.length <= 1) {
        return messages;
      }
    
      const deduped: Message[] = [];
      const seenPlanProceedMessages = new Set<string>();
    
      for (const message of messages) {
        const role = asString(message.role) || asString(asRecord(message.info)?.role);
        const content = asString(message.content) || '';
    
        // Check if this is a "Plan Approved" user message
        const isPlanProceed = role === 'user' && /\bproceed on this plan\./i.test(content);
    
        if (isPlanProceed) {
          // Normalize content for deduplication
          const normalizedContent = content.trim();
    
          // Skip duplicate "Plan Approved" messages
          if (seenPlanProceedMessages.has(normalizedContent)) {
            webviewLogger.debug('[dedupePlanProceedMessages] Skipping duplicate Plan Approved message', {
              content: normalizedContent.substring(0, 100),
              totalSkipped: seenPlanProceedMessages.size,
            });
            continue;
          }
    
          seenPlanProceedMessages.add(normalizedContent);
          webviewLogger.debug('[dedupePlanProceedMessages] Keeping unique Plan Approved message', {
            content: normalizedContent.substring(0, 100),
            index: deduped.length,
          });
        }
    
        deduped.push(message);
      }
    
      if (seenPlanProceedMessages.size > 0) {
        webviewLogger.debug('[dedupePlanProceedMessages] Deduplication complete', {
          inputCount: messages.length,
          outputCount: deduped.length,
          duplicatesRemoved: messages.length - deduped.length,
          planProceedMessageCount: seenPlanProceedMessages.size,
        });
      }
    
      return deduped;
    }
    
    function buildStreamingMessage(streaming: StreamingState): Message {
      const parts: any[] = [
        {
          type: "text",
          text: streaming.content,
        },
      ];
      if (streaming.reasoning) {
        parts.push({
          type: 'reasoning',
          reasoning: streaming.reasoning
        });
      }
      const canonicalSteps = normalizeActivitySteps(
        {
          role: "assistant",
          parts: parts as MessagePart[],
        } as Message,
        streaming,
        parts as MessagePart[],
      );
    
      return {
        role: "assistant",
        content: streaming.content,
        parts,
        reasoningEvents: streaming.reasoningEvents,
        progressEvents: canonicalSteps,
        steps: canonicalSteps,
        edits: streaming.edits.map((file) => ({ file })),
        interactiveEvents: streaming.interactiveEvents,
        info: {
          id: streaming.messageId ?? undefined,
          agent: streaming.agent,
          model: streaming.model,
          modelID: streaming.modelID,
          providerID: streaming.providerID,
          duration: streaming.usage?.duration,
        },
      };
    }
    
    function handleStreamEvent(
      dispatch: Dispatch<AppAction>,
      getState: () => AppState,
      payload: UnknownRecord,
      terminalErrorReached: boolean
    ): void {
      // Log every stream event for comprehensive debugging
      const eventType = asString(payload.type) || asString(payload.event) || asString(payload.kind);
      webviewLogger.debug(`Handling Stream Event: ${eventType}`, {
        timestamp: new Date().toISOString(),
        eventType,
        payloadKeys: Object.keys(payload),
        hasProperties: !!asRecord(payload.properties),
        hasPart: !!asRecord(payload.part),
        hasStructured: !!asRecord(payload.structured),
        terminalErrorReached,
      });
    
      // Ignore streaming parts after a terminal error to prevent showing both
      // error banner and active streaming state simultaneously
      if (terminalErrorReached) {
        webviewLogger.warn(`Ignoring event due to terminal error: ${eventType}`);
        return;
      }
    
      const isPartUpdateEvent = eventType.startsWith("message.part.");
      const normalizedEventType = isPartUpdateEvent ? "message.part.updated" : eventType;
      const state = getState();
      const current = state.streaming;
      const properties = asRecord(payload.properties);
      const partRecord = asRecord(properties?.part);
      const infoRecord = asRecord(payload.info) ?? asRecord(properties?.info);
      const eventPart =
        asRecord(payload.part) ??
        partRecord ??
        (isPartUpdateEvent ? asRecord(properties) : null);
      const structuredRecord = asRecord(payload.structured);
      const structuredKind = asString(structuredRecord?.kind).toLowerCase();
      const structuredText =
        asString(structuredRecord?.message) ||
        asString(structuredRecord?.text);
      const structuredOutput =
        normalizeStructuredOutput(payload.structuredOutput) ??
        normalizeStructuredOutput((payload as UnknownRecord).structured_output) ??
        normalizeStructuredOutput(properties?.structuredOutput) ??
        normalizeStructuredOutput((properties as UnknownRecord | null)?.structured_output) ??
        normalizeStructuredOutput(infoRecord?.structuredOutput) ??
        normalizeStructuredOutput((infoRecord as UnknownRecord | null)?.structured_output) ??
        normalizeStructuredOutput((infoRecord as UnknownRecord | null)?.structured);
      const eventSessionId =
        asString(payload.sessionId) ||
        asString(payload.sessionID) ||
        asString(properties?.sessionId) ||
        asString(properties?.sessionID) ||
        asString(partRecord?.sessionId) ||
        asString(partRecord?.sessionID) ||
        asString(infoRecord?.sessionId) ||
        asString(infoRecord?.sessionID);
    
      if (eventSessionId && state.currentSessionId && eventSessionId !== state.currentSessionId) {
        return;
      }
    
      const eventRole =
        asString(payload.role) ||
        asString(infoRecord?.role) ||
        asString(properties?.role) ||
        asString(partRecord?.role);
    
      // Filter out non-assistant roles (system messages are handled in the switch cases below)
      if (eventRole && eventRole !== 'assistant') {
        // Don't filter out user messages - they may contain system message patterns
        // that will be checked in the message.part.updated case
        if (eventRole !== 'user') {
          return;
        }
      }
    
      const messageId =
        asString(payload.messageId) ||
        asString((payload as UnknownRecord).messageID) ||
        asString(payload.id) ||
        asString(properties?.messageId) ||
        asString(properties?.messageID) ||
        asString(partRecord?.messageId) ||
        asString(partRecord?.messageID) ||
        asString(infoRecord?.id) ||
        current?.messageId ||
        null;
      const isExplicitStart = eventType === 'start' || eventType === 'streamStart';
      const isAssistantUpdateStart =
        eventType === 'message.updated' &&
        asString(infoRecord?.role) === 'assistant' &&
        !asBoolean(infoRecord?.finish, false);
      const canBootstrapFromPart =
        isPartUpdateEvent && shouldBootstrapStreamingFromPart(eventPart);
    
      // Ignore stray global stream events when neither a request is in progress nor the
      // event carries an explicit lifecycle signal. This prevents phantom "Thinking..." /
      // streaming UI on extension open while still allowing any event type to bootstrap the
      // streaming card once the user has sent a message (state.isProcessing = true).
      // Echo stripping inside the per-event switch cases handles residual false positives.
      if (!current && !state.isProcessing && !isExplicitStart && !isAssistantUpdateStart && !canBootstrapFromPart) {
        return;
      }
    
      if (
        !current &&
        (isExplicitStart ||
          isAssistantUpdateStart ||
          canBootstrapFromPart ||
          state.isProcessing)
      ) {
        // Extract model/agent metadata from the event payload or fall back to app state
        const eventAgent = asString(infoRecord?.agent) || asString(payload.agent);
        const eventModel = asRecord(infoRecord?.model) || asRecord(payload.model);
        const eventModelID =
          asString(infoRecord?.modelID) || asString(payload.modelID);
        const eventProviderID =
          asString(infoRecord?.providerID) || asString(payload.providerID);
    
        dispatch({
          type: "SET_STREAMING",
          payload: {
            messageId,
            content: "",
            hasRenderableContent: false,
            reasoning: "",
            reasoningEvents: [],
            steps: [],
            progressEvents: [],
            edits: [],
            isActive: true,
            // Include model/agent metadata for display during streaming
            agent: eventAgent || state.selectedAgent || undefined,
            model:
              eventModel && typeof eventModel === "object"
                ? {
                  modelID:
                    asString(eventModel.modelID) ||
                    state.selectedModel?.modelID ||
                    "",
                  providerID:
                    asString(eventModel.providerID) ||
                    state.selectedModel?.providerID ||
                    "",
                  name:
                    asString((eventModel as Record<string, unknown>).name) ||
                    undefined,
                }
                : undefined,
            modelID: eventModelID || state.selectedModel?.modelID,
            providerID: eventProviderID || state.selectedModel?.providerID,
          },
        });
      }
    
      switch (normalizedEventType) {
        case 'message.part.updated':
        case 'message.part.added':
        case 'message.part.created': {
          webviewLogger.debug(`Processing part event`, {
            normalizedEventType,
            messageId,
            hasPart: !!asRecord(payload.part),
            hasProperties: !!asRecord(payload.properties),
          });
          const properties = asRecord(payload.properties);
          const part = asRecord(payload.part) ?? asRecord(properties?.part) ?? properties;
          if (!part) {
            webviewLogger.debug(`No part data, setting processing=true`);
            dispatch({ type: 'SET_PROCESSING', payload: true });
            break;
          }
    
          // DEBUG: Log all part updates to see what's happening
          const currentPartType = normalizePartType(part.type);
          const currentStructuredKind = asString(payload.structuredKind) || asString(properties?.structuredKind) || '';
          webviewLogger.debug('message.part.updated', { partType: currentPartType, structuredKind: currentStructuredKind, hasText: !!part.text, hasContent: !!part.content });
    
          // Track if we're processing a reasoning part sequence
          const currentStreamingState = getState().streaming;
          const isInReasoningPart = currentStreamingState?.inReasoningPart || false;
    
          // Detect start of reasoning part sequence
          const isReasoning = currentPartType === 'reasoning' || currentStructuredKind === 'thinking';
          if (isReasoning) {
            webviewLogger.debug('Starting reasoning part sequence - will drop all content');
            dispatch({ type: 'UPDATE_STREAMING_REASONING', payload: { reasoning: '', append: false, inReasoningPart: true } });
          }
    
          // Detect end of reasoning part (when we get ANY non-reasoning part after reasoning)
          // This ensures that if the assistant skips the text part and goes straight to a tool call
          // (e.g. for a question), we still reset the reasoning filter so the synthesized text is shown.
          if (isInReasoningPart && !isReasoning) {
            webviewLogger.debug(`Ending reasoning part sequence - current part type is ${currentPartType}`);
            dispatch({ type: 'UPDATE_STREAMING_REASONING', payload: { reasoning: '', append: false, inReasoningPart: false } });
          }
    
          // Check for system message patterns early (before any content processing)
          // System messages like <auto-slash-command> come through as message.part.updated
          // events with role="user" but should be rendered as system messages
          const partText = asRichString(part.text) || asRichString(part.content) || '';
          if (partText && hasSystemMessagePatternInText(partText)) {
            // Check if a system message with the same content already exists to prevent duplicates
            const alreadyExists = state.messages.some(
              (msg) => msg.role === 'system' && msg.content === partText
            );
    
            if (!alreadyExists) {
              // System messages should be added immediately to state.messages
              // even during streaming, because streaming content is isolated.
              // Streaming content is in state.streaming, not state.messages,
              // and SET_MESSAGES with [...state.messages, systemMessage] preserves existing messages.
              // System messages are safe to dispatch immediately regardless of streaming state.
              const systemMessage: Message = {
                role: 'system',
                content: partText,
                parts: [{ type: 'text', text: partText }],
                time: { created: Date.now() },
                info: { role: 'system', id: `sys-${Date.now()}` }
              };
              // Dispatch immediately - system messages modify state.messages, not state.streaming
              dispatch({
                type: 'SET_MESSAGES',
                payload: [...state.messages, systemMessage]
              });
            }
            break; // Don't process this as regular content
          }
    
          // Ignore regular user-role stream parts for assistant rendering.
          // We still allow the system-pattern path above for transport notices.
          if (eventRole === "user") {
            dispatch({ type: "SET_PROCESSING", payload: true });
            break;
          }
    
          const partType = normalizePartType(part.type);
          const deltaChunk =
            asRichString(properties?.delta) ||
            asRichString(payload.delta) ||
            asRichString(part.delta);
          const reasoningChunk =
            asRichString(part.reasoning) ||
            asRichString(part.thought) ||
            asRichString(part.thinking) ||
            asRichString(properties?.reasoning) ||
            asRichString(properties?.thought) ||
            asRichString(properties?.thinking) ||
            asRichString(payload.reasoning) ||
            asRichString(payload.thought) ||
            asRichString(payload.thinking);
          const textChunk =
            structuredText ||
            deltaChunk ||
            asRichString(part.text) ||
            asRichString(part.content) ||
            asRichString(properties?.text) ||
            asRichString(properties?.content);
          const hasExplicitReasoningOnlyChunk =
            reasoningChunk.trim().length > 0 &&
            !deltaChunk &&
            !structuredText &&
            !asRichString(part.text) &&
            !asRichString(part.content) &&
            !asRichString(properties?.text) &&
            !asRichString(properties?.content);
          const isProgressPartType =
            partType === "tool" ||
            partType === "step-start" ||
            partType === "step-finish" ||
            partType === "patch" ||
            partType === "subtask" ||
            partType === "agent";
    
          if (structuredOutput?.reasoning) {
            const reasoningEvents = getState().streaming?.reasoningEvents;
            const latestReasoning =
              reasoningEvents && reasoningEvents.length > 0
                ? reasoningEvents[reasoningEvents.length - 1].text
                : undefined;
            structuredOutput.reasoning.forEach((chunk) => {
              const sanitized = sanitizeReasoningChunk(chunk);
              if (sanitized && sanitized !== latestReasoning) {
                dispatch({
                  type: "UPDATE_STREAMING_REASONING",
                  payload: { reasoning: sanitized, append: true },
                });
              }
            });
          }
    
          if (structuredOutput?.progressUpdates) {
            structuredOutput.progressUpdates.forEach((update) => {
              upsertStreamingStep(dispatch, getState, {
                title: update.title,
                type: "step",
                status: update.status ?? "pending",
                source: "stream",
                partType: "structured-progress",
                internal: false,
                meta: update.meta,
                filePath: update.filePath,
              });
            });
          }
    
          const interactiveEvents = toInteractiveEvents(structuredOutput);
          const hasBlockingInteractive =
            hasBlockingInteractiveEvents(interactiveEvents);
          if (interactiveEvents.length > 0) {
            dispatch({ type: "SET_INTERACTIVE_EVENTS", payload: interactiveEvents });
            maybeInjectStreamingInteractiveContext(
              dispatch,
              getState,
              interactiveEvents,
            );
          }
    
          const streamingState = getState().streaming;
    
          // SKIP CONTENT PROCESSING for reasoning parts, but allow all other event processing to continue
          // This prevents reasoning from being rendered in the UI while still processing steps, tools, and interactive events
          if (hasExplicitReasoningOnlyChunk) {
            const sanitized = sanitizeReasoningChunk(reasoningChunk);
            if (sanitized) {
              dispatch({
                type: "UPDATE_STREAMING_REASONING",
                payload: { reasoning: sanitized, append: true },
              });
            }
          }
    
          const isReasoningPart =
            partType === 'reasoning' ||
            structuredKind === 'thinking' ||
            isInReasoningPart ||
            hasExplicitReasoningOnlyChunk;
    
          if (isReasoningPart) {
            webviewLogger.debug('Processing reasoning part - routing to stepper only', { partType, structuredKind, isInReasoningPart, reasoningLength: (reasoningChunk || textChunk || '').length });
    
            // Extract reasoning content and route to stepper, NEVER to main content
            const reasoningContent = reasoningChunk || textChunk || '';
            const sanitized = sanitizeReasoningChunk(reasoningContent);
            if (sanitized) {
              dispatch({
                type: 'UPDATE_STREAMING_REASONING',
                payload: { reasoning: sanitized, append: true },
              });
            }
    
            // Skip main content processing for reasoning parts - let the case continue
            // to handle steps/tools/interactive events, but don't process text content
          } else {
            // Non-reasoning parts continue to normal content processing
            webviewLogger.debug('Processing non-reasoning content', { partType, structuredKind });
            webviewLogger.debug('Processing content', { partType, structuredKind, isInReasoningPart });
    
            // Lock: only explicit assistant message text can create trusted renderable
            // body content. Progress/lifecycle/tool chunks must never seed the bubble.
            const canAppendMainContent =
              partType !== "reasoning" &&
              structuredKind !== "thinking" &&
              (structuredKind === "message" ||
                ((!structuredKind || structuredKind === "message") &&
                  (partType === "text" || partType === "message")));
    
            if (canAppendMainContent) {
              let candidateChunk = textChunk;
    
              const rawReasoningLike = looksLikeReasoningTrace(candidateChunk, streamingState?.content || "");
              const mixedChunk = splitMixedReasoningFromContent(candidateChunk);
              if (rawReasoningLike && !mixedChunk) {
                const reasoningLeak = sanitizeReasoningChunk(candidateChunk);
                if (reasoningLeak) {
                  dispatch({
                    type: "UPDATE_STREAMING_REASONING",
                    payload: { reasoning: reasoningLeak, append: true },
                  });
                }
                dispatch({ type: "SET_PROCESSING", payload: true });
                break;
              }
    
              if (mixedChunk) {
                const reasoningLeak = sanitizeReasoningChunk(mixedChunk.reasoning);
                if (reasoningLeak) {
                  dispatch({
                    type: "UPDATE_STREAMING_REASONING",
                    payload: { reasoning: reasoningLeak, append: true },
                  });
                }
                candidateChunk = mixedChunk.content;
              }
    
              if (looksLikeReasoningTrace(candidateChunk, streamingState?.content || "")) {
                const reasoningLeak = sanitizeReasoningChunk(candidateChunk);
                if (reasoningLeak) {
                  dispatch({
                    type: "UPDATE_STREAMING_REASONING",
                    payload: { reasoning: reasoningLeak, append: true },
                  });
                }
                dispatch({ type: "SET_PROCESSING", payload: true });
                break;
              }
              // Ignore id-like echoes that can appear before assistant output begins.
              if (isOpaqueIdLike(candidateChunk.trim())) {
                dispatch({ type: "SET_PROCESSING", payload: true });
                break;
              }
              const contentEmpty = !streamingState || !streamingState.content.trim();
              const cleanedChunk = contentEmpty
                ? stripLeadingUserEcho(candidateChunk, getState())
                : candidateChunk;
              if (cleanedChunk) {
                const contentPatch = resolveStreamingContentUpdate(
                  streamingState?.content || '',
                  cleanedChunk,
                  !!deltaChunk,
                );
                if (!contentPatch) {
                  dispatch({ type: "SET_PROCESSING", payload: true });
                  break;
                }
                streamDebug("[OpenCode][stream] message.part.updated chunk", {
                  messageId,
                  eventType,
                  partType,
                  append: contentPatch.append,
                  length: cleanedChunk.length,
                  preview: cleanedChunk.slice(0, 80),
                });
                dispatch({
                  type: "UPDATE_STREAMING_CONTENT",
                  payload: {
                    content: contentPatch.content,
                    append: contentPatch.append,
                    renderable: isRenderableStreamingPartType(partType),
                  },
                });
                logAssistantContentSource("stream:message.part.updated", {
                  messageId,
                  selectedSource: "message.part.updated",
                  renderable: isRenderableStreamingPartType(partType),
                  eventType,
                  structuredKind,
                  partType,
                  finalContent: contentPatch.content,
                  streamingContent: streamingState?.content || "",
                });
              }
            }
          } // End of if (!isReasoningPart) - skip content processing for reasoning parts
    
          if (partType === 'step-start' && structuredKind !== 'thinking') {
            upsertStreamingStep(dispatch, getState, {
              id: asString(part.id) || undefined,
              callID: asString(part.callID) || undefined,
              title: inferredStepTitle(part),
              type: 'step',
              status: 'pending',
              source: "stream",
              partType: "step-start",
              internal: false,
              startTime: Date.now()
            });
          }
    
          if (partType === 'step-finish' && structuredKind !== 'thinking') {
            const diffStatsRec = asRecord(part.diffStats);
            const diffStats = diffStatsRec
              ? {
                added: asNumber(diffStatsRec.added) || 0,
                deleted: asNumber(diffStatsRec.deleted) || 0,
              }
              : undefined;
    
            upsertStreamingStep(dispatch, getState, {
              id: asString(part.id) || undefined,
              callID: asString(part.callID) || undefined,
              title: inferredStepTitle(part),
              type: "step",
              status: "done",
              source: "stream",
              partType: "step-finish",
              internal: false,
              duration: asOptionalNumber(asRecord(part.timing)?.duration),
              diffStats,
            });
          }
    
          if (partType === 'tool') {
            const tool = asString(part.tool);
            const stateObj = asRecord(part.state);
            const inputObj = asRecord(stateObj?.input);
            const filePath =
              asString(inputObj?.file) ||
              asString(inputObj?.path) ||
              asString(inputObj?.filename) ||
              asString(inputObj?.TargetFile) ||
              asString(inputObj?.AbsolutePath) ||
              asString(inputObj?.uri) ||
              asString(inputObj?.DirectoryPath) ||
              asString(inputObj?.SearchPath) ||
              asString(inputObj?.SearchDirectory) ||
              asString(part.filePath) ||
              undefined;
            const metaValues = [
              asString(inputObj?.CommandId),
              asString(inputObj?.CommandLine),
              asString(inputObj?.Query),
              asString(inputObj?.Pattern),
              asString(inputObj?.pattern),
              asString(inputObj?.command),
              asString(inputObj?.query),
              asString(inputObj?.url),
              asString(inputObj?.Url),
            ].filter(Boolean);
            const commandValue = asOptionalString(
              inputObj?.CommandLine ?? inputObj?.command,
            );
            const queryValue = asOptionalString(
              inputObj?.Query ??
              inputObj?.query ??
              inputObj?.Pattern ??
              inputObj?.pattern,
            );
            const callID = asString(part.callID) || undefined;
            const title = asString(part.title) || (tool ? `Running ${tool}...` : inferredStepTitle(part));
            const baseActivityDetail: ActivityDetail | undefined = normalizeActivityDetail({
              kind: "tool_call",
              tool: tool || undefined,
              command: commandValue,
              query: queryValue,
              file: filePath,
              summary: asOptionalString(part.meta),
            });
    
            const existing = getState().streaming?.steps.find(
              (step) => !!callID && step.callID === callID
            );
            if (!existing) {
              upsertStreamingStep(dispatch, getState, {
                id: asString(part.id) || undefined,
                callID,
                title,
                type: "tool",
                status: asString(part.status) === "error" ? "error" : "pending",
                source: "stream",
                partType: "tool",
                internal: isInternalToolName(tool),
                meta: asString(part.meta) || metaValues[0] || undefined,
                filePath,
                activityDetail: baseActivityDetail,
                startTime: Date.now(),
              });
            } else {
              // Determine the final status for this tool step.
              // The backend reports completion in two places:
              //   1. part.status === 'done' (direct top-level field)
              //   2. part.state.status === 'done' (nested state object)
              //   3. part.state.result exists (implicit done — tool produced a result)
              const stateStatus = asString(stateObj?.status);
              const hasResult = stateObj && "result" in stateObj;
              const resolvedStatus =
                asString(part.status) === "done" ||
                  stateStatus === "done" ||
                  hasResult
                  ? "done"
                  : asString(part.status) === "error" || stateStatus === "error"
                    ? "error"
                    : existing.status; // keep current status if no new info
    
              upsertStreamingStep(dispatch, getState, {
                id: asString(part.id) || existing.id,
                callID,
                title,
                type: "tool",
                status: resolvedStatus,
                source: existing.source || "stream",
                partType: "tool",
                internal: Boolean(existing.internal || isInternalToolName(tool)),
                meta: asString(part.meta) || metaValues[0] || existing.meta,
                filePath: filePath || existing.filePath,
                activityDetail: baseActivityDetail || existing.activityDetail,
              });
            }
    
            if (filePath) {
              dispatch({ type: 'ADD_STREAMING_EDIT', payload: filePath });
            }
    
            const toolInteractiveEvents = interactiveEventsFromToolQuestionPart(part);
            if (toolInteractiveEvents.length > 0) {
              dispatch({
                type: "SET_INTERACTIVE_EVENTS",
                payload: toolInteractiveEvents,
              });
    
              // NOTE: When the AI triggers a question via tool call (not structured JSON), no text
              // content is generated — streaming.content is empty. Inject a synthesized context
              // message so the chat bubble shows the question alongside the popover.
              maybeInjectStreamingInteractiveContext(
                dispatch,
                getState,
                toolInteractiveEvents,
              );
    
              if (hasBlockingInteractiveEvents(toolInteractiveEvents)) {
                dispatch({ type: "FINISH_STREAMING" });
                dispatch({ type: "SET_PROCESSING", payload: false });
                break;
              }
            }
          }
    
          if (
            (partType === "subtask" || partType === "agent") &&
            structuredKind !== "thinking"
          ) {
            upsertStreamingStep(dispatch, getState, {
              id: asString(part.id) || undefined,
              callID: asString(part.callID) || undefined,
              title: inferredStepTitle(part),
              type: "step",
              status: normalizeProgressStatus(asString(part.status)),
              source: "stream",
              partType: partType,
              internal: false,
              meta: asString(part.meta) || undefined,
              startTime: Date.now(),
            });
          }
    
          if (partType === 'patch') {
            const files = Array.isArray(part.files) ? part.files : [];
            files.forEach((file) => {
              const path = asString(file);
              if (path) {
                dispatch({ type: 'ADD_STREAMING_EDIT', payload: path });
              }
            });
          }
    
          if (
            structuredKind === "progress" &&
            !isProgressPartType &&
            !isReasoning &&
            partType
          ) {
            upsertStreamingStep(dispatch, getState, {
              id: asString(part.id) || undefined,
              callID: asString(part.callID) || undefined,
              title: inferredStepTitle(part),
              type: "step",
              status: normalizeProgressStatus(asString(part.status)),
              source: "stream",
              partType: partType,
              internal: false,
              meta: asString(part.meta) || undefined,
              startTime: Date.now(),
            });
          }
    
          if (hasBlockingInteractive) {
            dispatch({ type: "FINISH_STREAMING" });
            dispatch({ type: "SET_PROCESSING", payload: false });
            break;
          }
    
          dispatch({ type: 'SET_PROCESSING', payload: true });
          break;
        }
        case 'message.updated': {
          if (eventRole === "user") {
            dispatch({ type: "SET_PROCESSING", payload: true });
            break;
          }
          webviewLogger.debug(`Processing message.updated`, {
            messageId,
            finish: asBoolean(asRecord(payload.info)?.finish, false),
            hasInfo: !!asRecord(payload.info),
          });
          const info = asRecord(payload.info) ?? asRecord(payload.properties)?.info;
          const finish = info ? asBoolean((info as UnknownRecord).finish, false) : false;
    
          if (finish && structuredOutput) {
            if (structuredOutput.reasoning) {
              structuredOutput.reasoning.forEach((chunk) => {
                const sanitized = sanitizeReasoningChunk(chunk);
                if (sanitized) {
                  dispatch({
                    type: 'UPDATE_STREAMING_REASONING',
                    payload: { reasoning: sanitized, append: true }
                  });
                }
              });
            }
    
            if (structuredOutput.progressUpdates) {
              structuredOutput.progressUpdates.forEach((step) => {
                upsertStreamingStep(dispatch, getState, {
                  title: step.title,
                  type: 'step',
                  status: step.status ?? 'pending',
                  source: "stream",
                  partType: "structured-progress",
                  internal: false,
                  meta: step.meta,
                  filePath: step.filePath
                });
              });
            }
    
            const structuredQuestionRecord = asRecord(
              (structuredOutput as UnknownRecord).question,
            );
            const structuredQuestionText =
              asString(structuredQuestionRecord?.displayPrompt) ||
              asString(structuredQuestionRecord?.question) ||
              asString(structuredQuestionRecord?.message) ||
              asString(structuredQuestionRecord?.content);
            const structuredMessage =
              structuredQuestionText ||
              structuredOutput.message;
            if (structuredMessage) {
              const streamingState = getState().streaming;
              const rawReasoningLike = looksLikeReasoningTrace(structuredMessage, streamingState?.content || "");
              const mixedMessage = splitMixedReasoningFromContent(
                structuredMessage,
              );
              let messageText = structuredMessage;
              if (mixedMessage) {
                const mixedReasoning = sanitizeReasoningChunk(mixedMessage.reasoning);
                if (mixedReasoning) {
                  dispatch({
                    type: 'UPDATE_STREAMING_REASONING',
                    payload: { reasoning: mixedReasoning, append: true }
                  });
                }
                messageText = mixedMessage.content;
              }
    
              if (rawReasoningLike && !mixedMessage) {
                const reasoningLeak = sanitizeReasoningChunk(structuredMessage);
                if (reasoningLeak) {
                  dispatch({
                    type: 'UPDATE_STREAMING_REASONING',
                    payload: { reasoning: reasoningLeak, append: true }
                  });
                }
              } else if (looksLikeReasoningTrace(messageText, streamingState?.content || "")) {
                const reasoningLeak = sanitizeReasoningChunk(messageText);
                if (reasoningLeak) {
                  dispatch({
                    type: 'UPDATE_STREAMING_REASONING',
                    payload: { reasoning: reasoningLeak, append: true }
                  });
                }
              } else {
                const canRenderStructuredMessageLive =
                  !!structuredQuestionText || !!finish;
                if (!canRenderStructuredMessageLive) {
                  const deferredReasoning = sanitizeReasoningChunk(messageText || structuredMessage);
                  if (deferredReasoning) {
                    dispatch({
                      type: "UPDATE_STREAMING_REASONING",
                      payload: { reasoning: deferredReasoning, append: true },
                    });
                  }
                  dispatch({ type: "SET_PROCESSING", payload: true });
                  break;
                }
                if (mixedMessage) {
                  const contentPatch = resolveStreamingContentUpdate(
                    streamingState?.content || '',
                    messageText,
                    false,
                  );
                  if (contentPatch) {
                    dispatch({
                      type: 'UPDATE_STREAMING_CONTENT',
                      payload: {
                        content: contentPatch.content,
                        append: contentPatch.append,
                        renderable: canRenderStructuredMessageLive,
                      }
                    });
                    logAssistantContentSource("stream:message.updated:structured-message", {
                      messageId,
                      responseType: structuredOutput?.responseType ?? null,
                      selectedSource: "message.updated.structured.message",
                      renderable: canRenderStructuredMessageLive,
                      eventType,
                      structuredKind,
                      partType,
                      finalContent: contentPatch.content,
                      structuredMessage: messageText,
                      streamingContent: streamingState?.content || "",
                    });
                  }
                } else {
                  const contentPatch = resolveStreamingContentUpdate(
                    streamingState?.content || '',
                    structuredMessage,
                    false,
                  );
                  if (contentPatch) {
                    dispatch({
                      type: 'UPDATE_STREAMING_CONTENT',
                      payload: {
                        content: contentPatch.content,
                        append: contentPatch.append,
                        renderable: canRenderStructuredMessageLive,
                      }
                    });
                    logAssistantContentSource("stream:message.updated:structured-message-raw", {
                      messageId,
                      responseType: structuredOutput?.responseType ?? null,
                      selectedSource: "message.updated.structured.message.raw",
                      renderable: canRenderStructuredMessageLive,
                      eventType,
                      structuredKind,
                      partType,
                      finalContent: contentPatch.content,
                      structuredMessage,
                      streamingContent: streamingState?.content || "",
                    });
                  }
                }
              }
            }
    
            const interactiveEvents = toInteractiveEvents(structuredOutput);
            const hasBlockingInteractive =
              hasBlockingInteractiveEvents(interactiveEvents);
            if (interactiveEvents.length > 0) {
              dispatch({ type: 'SET_INTERACTIVE_EVENTS', payload: interactiveEvents });
              maybeInjectStreamingInteractiveContext(
                dispatch,
                getState,
                interactiveEvents,
              );
            }
            if (hasBlockingInteractive && !finish) {
              dispatch({ type: "FINISH_STREAMING" });
              dispatch({ type: "SET_PROCESSING", payload: false });
              break;
            }
    
            if (structuredOutput && structuredOutput.responseType === 'subagents' && messageId) {
              if (!structuredOutput.subagents || structuredOutput.subagents.length === 0) {
                webviewLogger.warn('Structured subagents responseType received without subagents array');
              }
            }
    
            if (structuredOutput.subagents && structuredOutput.subagents.length > 0 && messageId) {
              const parentSessionId = state.currentSessionId || '';
              const summaries: SubagentSummary[] = [];
              const details: Record<string, SubagentDetail> = {};
    
              structuredOutput.subagents.forEach((subagent) => {
                const statusValue = (subagent.status || 'pending').toLowerCase();
                const status: SubagentSummary['status'] =
                  statusValue === 'running' || statusValue === 'done' || statusValue === 'error' || statusValue === 'orphaned'
                    ? statusValue
                    : 'pending';
                const summary: SubagentSummary = {
                  id: subagent.id,
                  parentSessionId: subagent.parentSessionId || parentSessionId,
                  parentMessageId: subagent.parentMessageId || messageId,
                  childSessionId: subagent.childSessionId,
                  agentId: subagent.name || subagent.id,
                  status,
                  latestActivity:
                    subagent.latestActivity || subagent.description || subagent.name || 'Subagent update',
                  references: []
                };
                summaries.push(summary);
                details[subagent.id] = {
                  ...summary,
                  thinkingEvents: subagent.thinkingEvents || [],
                  progressEvents: subagent.progressEvents || [],
                  timelineEvents: subagent.timelineEvents || []
                };
              });
    
              if (summaries.length > 0) {
                const mergedSummaries = mergeSubagentSummaryPayload(
                  getState().subagentsByParentMessageId,
                  { [messageId]: summaries },
                );
                dispatch({
                  type: 'UPSERT_SUBAGENT_SUMMARIES',
                  payload: mergedSummaries,
                });
              }
              if (Object.keys(details).length > 0) {
                const mergedDetails = mergeSubagentDetailPayload(
                  getState().subagentDetailsById,
                  details,
                );
                dispatch({ type: 'UPSERT_SUBAGENT_DETAIL', payload: mergedDetails });
              }
            }
    
            if (structuredOutput.subagentsDelta && structuredOutput.subagentsDelta.items.length > 0) {
              const targetMessageId =
                structuredOutput.subagentsDelta.parentMessageId || messageId || '';
              if (targetMessageId) {
                const summaries: SubagentSummary[] = [];
                const details: Record<string, SubagentDetail> = {};
    
                structuredOutput.subagentsDelta.items.forEach((subagent) => {
                  const statusValue = (subagent.status || 'pending').toLowerCase();
                  const status: SubagentSummary['status'] =
                    statusValue === 'running' ||
                      statusValue === 'done' ||
                      statusValue === 'error' ||
                      statusValue === 'orphaned'
                      ? statusValue
                      : 'pending';
                  const summary: SubagentSummary = {
                    id: subagent.id,
                    parentSessionId: subagent.parentSessionId || state.currentSessionId || '',
                    parentMessageId: subagent.parentMessageId || targetMessageId,
                    childSessionId: subagent.childSessionId,
                    agentId: subagent.name || subagent.id,
                    status,
                    latestActivity:
                      subagent.latestActivity || subagent.description || subagent.name || 'Subagent update',
                    references: []
                  };
                  summaries.push(summary);
                  details[subagent.id] = {
                    ...summary,
                    thinkingEvents: subagent.thinkingEvents || [],
                    progressEvents: subagent.progressEvents || [],
                    timelineEvents: subagent.timelineEvents || []
                  };
                });
    
                if (summaries.length > 0) {
                  const mergedSummaries = mergeSubagentSummaryPayload(
                    getState().subagentsByParentMessageId,
                    { [targetMessageId]: summaries },
                  );
                  dispatch({
                    type: 'UPSERT_SUBAGENT_SUMMARIES',
                    payload: mergedSummaries,
                  });
                }
                if (Object.keys(details).length > 0) {
                  const mergedDetails = mergeSubagentDetailPayload(
                    getState().subagentDetailsById,
                    details,
                  );
                  dispatch({ type: 'UPSERT_SUBAGENT_DETAIL', payload: mergedDetails });
                }
              }
            }
    
            // Handle todo_update structured responses by normalizing each todo item
            // and routing them through the same reducer actions used by the explicit
            // "todoUpdate" postMessage path. This keeps reducer semantics identical
            // regardless of whether the host forwarded a postMessage or the stream
            // carried the structured payload directly.
            try {
              const todoSource =
                asRecord(payload.structuredOutput) ?? structuredRecord ?? asRecord(properties?.structuredOutput);
              const rawTodoItems = Array.isArray(todoSource?.todoItems) ? todoSource!.todoItems : undefined;
              if (
                structuredOutput &&
                (structuredOutput.responseType === 'todo_update' ||
                  asString(payload.responseType) === 'todo_update') &&
                Array.isArray(rawTodoItems)
              ) {
                for (const raw of rawTodoItems) {
                  const normalized = normalizeTodoRecord(raw);
                  if (!normalized) continue; // skip malformed items silently
                  ingestNormalizedTodo(dispatch, getState, normalized);
                }
              }
            } catch (e) {
              // Defensive: never allow malformed structured payloads to throw inside
              // the message handler — just skip and continue processing other parts.
              webviewLogger.warn('Failed to normalize todo_update structured payload', { error: String(e) });
            }
          }
    
    
    
          if (finish) {
            dispatch({ type: 'FINISH_STREAMING' });
            dispatch({ type: 'SET_PROCESSING', payload: false });
          } else {
            dispatch({ type: 'SET_PROCESSING', payload: true });
          }
          break;
        }
        case 'session.error':
        case 'error': {
          webviewLogger.debug(`Processing error event`, {
            normalizedEventType,
            errorMessage: asString(payload.message),
          });
          dispatch({ type: 'SET_PROCESSING', payload: false });
          dispatch({ type: 'FINISH_STREAMING' });
          break;
        }
        case 'start':
        case 'streamStart': {
          webviewLogger.debug(`Processing stream start`, {
            messageId,
            eventAgent: asString(infoRecord?.agent) || asString(payload.agent),
          });
          // Extract model/agent metadata from the event payload or fall back to app state
          const eventAgent = asString(infoRecord?.agent) || asString(payload.agent);
          const eventModel = asRecord(infoRecord?.model) || asRecord(payload.model);
          const eventModelID = asString(infoRecord?.modelID) || asString(payload.modelID);
          const eventProviderID = asString(infoRecord?.providerID) || asString(payload.providerID);
    
          dispatch({
            type: "SET_STREAMING",
            payload: {
              messageId,
              content: "",
              hasRenderableContent: false,
              reasoning: "",
              reasoningEvents: [],
              steps: [],
              progressEvents: [],
              edits: [],
              isActive: true,
              // Include model/agent metadata for display during streaming
              agent: eventAgent || state.selectedAgent || undefined,
              model:
                eventModel && typeof eventModel === "object"
                  ? {
                    modelID:
                      asString(eventModel.modelID) ||
                      state.selectedModel?.modelID ||
                      "",
                    providerID:
                      asString(eventModel.providerID) ||
                      state.selectedModel?.providerID ||
                      "",
                    name:
                      asString((eventModel as Record<string, unknown>).name) ||
                      undefined,
                  }
                  : undefined,
              modelID: eventModelID || state.selectedModel?.modelID,
              providerID: eventProviderID || state.selectedModel?.providerID,
            },
          });
          dispatch({ type: 'SET_PROCESSING', payload: true });
          break;
        }
        case 'contentDelta':
        case 'content':
        case 'text':
        case 'text-delta': {
          if (eventRole && eventRole !== "assistant") {
            dispatch({ type: "SET_PROCESSING", payload: true });
            break;
          }
          if (structuredKind && structuredKind !== "message") {
            dispatch({ type: "SET_PROCESSING", payload: true });
            break;
          }
          const chunk =
            asString(payload.delta) || asString(payload.text) || asString(payload.content) || asString(payload.chunk);
          if (chunk) {
            const streamingState = getState().streaming;
            const skipContentChunk =
              (streamingState?.inReasoningPart ?? false) ||
              structuredKind === "thinking" ||
              partType === "reasoning" ||
              !!asString(payload.reasoning) ||
              !!asString(payload.thinking) ||
              !!asString(payload.thought);
            if (skipContentChunk) {
              dispatch({ type: "SET_PROCESSING", payload: true });
              break;
            }
            const contentEmpty = !streamingState || !streamingState.content.trim();
            let candidateChunk = contentEmpty
              ? stripLeadingUserEcho(chunk, getState())
              : chunk;
            const mixedChunk = splitMixedReasoningFromContent(candidateChunk);
            if (mixedChunk) {
              const mixedReasoning = sanitizeReasoningChunk(mixedChunk.reasoning);
              if (mixedReasoning) {
                dispatch({
                  type: "UPDATE_STREAMING_REASONING",
                  payload: { reasoning: mixedReasoning, append: true },
                });
              }
              candidateChunk = mixedChunk.content;
            }
            const cleanedChunk = candidateChunk;
            if (!cleanedChunk) {
              break;
            }
            if (looksLikeReasoningTrace(cleanedChunk, streamingState?.content || "")) {
              const reasoningLeak = sanitizeReasoningChunk(cleanedChunk);
              if (reasoningLeak) {
                dispatch({
                  type: "UPDATE_STREAMING_REASONING",
                  payload: { reasoning: reasoningLeak, append: true },
                });
              }
              break;
            }
            const fromDelta =
              eventType === 'contentDelta' ||
              eventType === 'text-delta' ||
              !!asString(payload.delta);
            const contentPatch = resolveStreamingContentUpdate(
              streamingState?.content || '',
              cleanedChunk,
              fromDelta,
            );
            if (!contentPatch) {
              break;
            }
            streamDebug("[OpenCode][stream] content delta chunk", {
              messageId,
              eventType,
              append: contentPatch.append,
              length: cleanedChunk.length,
              preview: cleanedChunk.slice(0, 80),
            });
            dispatch({
              type: 'UPDATE_STREAMING_CONTENT',
              payload: {
                content: contentPatch.content,
                append: contentPatch.append,
                renderable: !!streamingState?.hasRenderableContent,
              },
            });
            logAssistantContentSource("stream:content-delta", {
              messageId,
              selectedSource: "contentDelta",
              renderable: !!streamingState?.hasRenderableContent,
              eventType,
              structuredKind,
              partType,
              finalContent: contentPatch.content,
              streamingContent: streamingState?.content || "",
            });
          }
          break;
        }
        case 'reasoningDelta':
        case 'reasoning':
        case 'thinking': {
          const chunk =
            asString(payload.delta) || asString(payload.reasoning) || asString(payload.thinking) || asString(payload.text);
          webviewLogger.debug(`Processing reasoning/thinking event`, {
            normalizedEventType,
            chunkLength: chunk.length,
            preview: chunk.slice(0, 100),
          });
          const sanitized = sanitizeReasoningChunk(chunk);
          if (sanitized) {
            dispatch({ type: 'UPDATE_STREAMING_REASONING', payload: { reasoning: sanitized, append: true } });
          }
          break;
        }
        case 'stepStart': {
          const stepTitle = asString(payload.title);
          const stepTypeRaw = asString(payload.stepType).toLowerCase();
          webviewLogger.debug(`Processing stepStart`, {
            normalizedEventType,
            stepTitle,
            stepType: stepTypeRaw,
          });
          const step: StreamingStep = {
            id: asString(payload.id) || undefined,
            callID: asString(payload.callID) || undefined,
            title: asString(payload.title, 'Working'),
            type:
              stepTypeRaw === 'tool' ||
                stepTypeRaw === 'reasoning' ||
                stepTypeRaw === 'thinking'
                ? (stepTypeRaw === "thinking" ? "reasoning" : stepTypeRaw)
                : 'step',
            status: 'pending',
            source: "stream",
            partType: "step-start",
            internal: false,
            meta: asString(payload.meta) || undefined,
            filePath: asString(payload.filePath) || undefined,
            startTime: Date.now()
          };
          dispatch({ type: 'ADD_STREAMING_STEP', payload: step });
          break;
        }
        case 'stepUpdate': {
          webviewLogger.debug(`Processing stepUpdate`, {
            normalizedEventType,
            stepId: asString(payload.id) || asString(payload.callID),
          });
          dispatch({
            type: 'UPDATE_STREAMING_STEP',
            payload: {
              id: asString(payload.id) || undefined,
              callID: asString(payload.callID) || undefined,
              patch: {
                title: asString(payload.title) || undefined,
                meta: asString(payload.meta) || undefined,
                filePath: asString(payload.filePath) || undefined,
                source: "stream",
                partType: "step-update",
              }
            }
          });
          break;
        }
        case 'stepDone': {
          webviewLogger.debug(`Processing stepDone`, {
            normalizedEventType,
            stepId: asString(payload.id) || asString(payload.callID),
            stepStatus: asString(payload.status),
          });
          dispatch({
            type: 'UPDATE_STREAMING_STEP',
            payload: {
              id: asString(payload.id) || undefined,
              callID: asString(payload.callID) || undefined,
              patch: {
                status: 'done',
                duration: asOptionalNumber(payload.duration),
                source: "stream",
                partType: "step-finish",
              }
            }
          });
          break;
        }
        case 'stepError': {
          dispatch({
            type: 'UPDATE_STREAMING_STEP',
            payload: {
              id: asString(payload.id) || undefined,
              callID: asString(payload.callID) || undefined,
              patch: {
                status: 'error',
                meta: asString(payload.error) || asString(payload.meta) || 'Failed',
                source: "stream",
                partType: "step-error",
              }
            }
          });
          break;
        }
        case 'edit':
        case 'fileEdit': {
          const file = asString(payload.file) || asString(payload.path);
          if (file) {
            dispatch({ type: 'ADD_STREAMING_EDIT', payload: file });
          }
          break;
        }
        case 'finish':
        case 'done': {
          dispatch({
            type: 'FINISH_STREAMING',
            payload: {
              usage: {
                total: asNumber(payload.total, 0),
                duration: asOptionalNumber(payload.duration)
              }
            }
          });
          dispatch({ type: 'SET_PROCESSING', payload: false });
          break;
        }
        default: {
          let consumed = false;
          if (structuredOutput?.reasoning) {
            structuredOutput.reasoning.forEach((chunk) => {
              const sanitized = sanitizeReasoningChunk(chunk);
              if (!sanitized) {
                return;
              }
              dispatch({
                type: "UPDATE_STREAMING_REASONING",
                payload: { reasoning: sanitized, append: true },
              });
              consumed = true;
            });
          }
    
          if (structuredOutput?.progressUpdates) {
            structuredOutput.progressUpdates.forEach((step) => {
              upsertStreamingStep(dispatch, getState, {
                title: step.title,
                type: "step",
                status: step.status ?? "pending",
                source: "stream",
                partType: "structured-progress",
                internal: false,
                meta: step.meta,
                filePath: step.filePath,
              });
              consumed = true;
            });
          }
    
          const interactiveEvents = toInteractiveEvents(structuredOutput);
          const hasBlockingInteractive =
            hasBlockingInteractiveEvents(interactiveEvents);
          if (interactiveEvents.length > 0) {
            dispatch({ type: "SET_INTERACTIVE_EVENTS", payload: interactiveEvents });
            maybeInjectStreamingInteractiveContext(
              dispatch,
              getState,
              interactiveEvents,
            );
            consumed = true;
          }
    
          if (structuredKind === "thinking" && structuredText) {
            const chunk = sanitizeReasoningChunk(structuredText);
            if (chunk) {
              dispatch({
                type: "UPDATE_STREAMING_REASONING",
                payload: { reasoning: chunk, append: true },
              });
              consumed = true;
            }
          } else if (structuredKind === "message" && structuredText) {
            const streamingState = getState().streaming;
            const rawReasoningLike = looksLikeReasoningTrace(structuredText, streamingState?.content || "");
            let messageText = structuredText;
            const mixedMessage = splitMixedReasoningFromContent(messageText);
            if (mixedMessage) {
              const mixedReasoning = sanitizeReasoningChunk(mixedMessage.reasoning);
              if (mixedReasoning) {
                dispatch({
                  type: "UPDATE_STREAMING_REASONING",
                  payload: { reasoning: mixedReasoning, append: true },
                });
                consumed = true;
              }
              messageText = mixedMessage.content;
            }
            if (rawReasoningLike && !mixedMessage) {
              const reasoningLeak = sanitizeReasoningChunk(structuredText);
              if (reasoningLeak) {
                dispatch({
                  type: "UPDATE_STREAMING_REASONING",
                  payload: { reasoning: reasoningLeak, append: true },
                });
                consumed = true;
              }
              break;
            }
            if (looksLikeReasoningTrace(messageText, streamingState?.content || "")) {
              const reasoningLeak = sanitizeReasoningChunk(messageText);
              if (reasoningLeak) {
                dispatch({
                  type: "UPDATE_STREAMING_REASONING",
                  payload: { reasoning: reasoningLeak, append: true },
                });
                consumed = true;
              }
              break;
            }
            const contentPatch = resolveStreamingContentUpdate(
              streamingState?.content || '',
              messageText,
              false,
            );
            if (!contentPatch) {
              break;
            }
            dispatch({
              type: "UPDATE_STREAMING_CONTENT",
              payload: {
                content: contentPatch.content,
                append: contentPatch.append,
                renderable: true,
              },
            });
            logAssistantContentSource("stream:structured.message", {
              messageId,
              responseType: structuredOutput?.responseType ?? null,
              selectedSource: "structured.message",
              renderable: true,
              eventType,
              structuredKind,
              partType,
              finalContent: contentPatch.content,
              structuredMessage: messageText,
              streamingContent: streamingState?.content || "",
            });
            consumed = true;
          } else if (structuredKind === "progress") {
            const fallbackPart = eventPart ?? properties ?? payload;
            const title = structuredText || inferredStepTitle(fallbackPart);
            if (title) {
              upsertStreamingStep(dispatch, getState, {
                id: asString(fallbackPart.id) || undefined,
                callID: asString(fallbackPart.callID) || undefined,
                title,
                type: "step",
                status: normalizeProgressStatus(asString(fallbackPart.status)),
                source: "stream",
                partType: normalizePartType(fallbackPart.type) || "progress",
                internal: false,
                meta: asString(fallbackPart.meta) || undefined,
                startTime: Date.now(),
              });
              consumed = true;
            }
          }
    
          if (hasBlockingInteractive) {
            dispatch({ type: "FINISH_STREAMING" });
            dispatch({ type: "SET_PROCESSING", payload: false });
            break;
          }
    
          if (consumed) {
            dispatch({ type: "SET_PROCESSING", payload: true });
          }
          break;
        }
      }
    
      // Log completion of event handling
      const finalState = getState();
      webviewLogger.debug(`Finished Processing: ${normalizedEventType}`, {
        timestamp: new Date().toISOString(),
        hasStreaming: !!finalState.streaming,
        streamingContentLength: finalState.streaming?.content?.length || 0,
        streamingReasoningLength: finalState.streaming?.reasoning?.length || 0,
        streamingStepsCount: finalState.streaming?.steps?.length || 0,
      });
    }
    
    function bindStreamingToParentMessageIdFromSubagents(
      dispatch: Dispatch<AppAction>,
      getState: () => AppState,
      summariesByParentMessageId: Record<string, SubagentSummary[]>,
    ): void {
      const parentMessageIds = Object.keys(summariesByParentMessageId).filter(Boolean);
      if (parentMessageIds.length === 0) {
        return;
      }
    
      const streaming = getState().streaming;
      if (!streaming || !streaming.isActive || streaming.messageId) {
        return;
      }
    
      dispatch({
        type: "SET_STREAMING",
        payload: {
          ...streaming,
          messageId: parentMessageIds[0],
        },
      });
    }
    
    function collectHydratedSubagentsFromState(
      state: AppState,
      parentMessageIds: Array<string | null | undefined>,
    ): SubagentDetail[] {
      const uniqueParentIds = Array.from(
        new Set(
          parentMessageIds.filter(
            (value): value is string => typeof value === "string" && value.length > 0,
          ),
        ),
      );
      if (uniqueParentIds.length === 0) {
        return [];
      }
    
      const byId = new Map<string, SubagentDetail>();
      for (const parentMessageId of uniqueParentIds) {
        const summaries = state.subagentsByParentMessageId[parentMessageId];
        if (!Array.isArray(summaries) || summaries.length === 0) {
          continue;
        }
        for (const summary of summaries) {
          byId.set(
            summary.id,
            hydrateSubagentSummary(summary, state.subagentDetailsById),
          );
        }
      }
    
      return Array.from(byId.values());
    }
    
    function mergeSubagentsIntoMessage(
      message: Message,
      hydratedFromState: SubagentDetail[],
      options?: { freezeIncompleteStatuses?: boolean; presentationPolicy?: SubagentPresentationPolicy },
    ): Message {
      if (hydratedFromState.length === 0) {
        return message;
      }
    
      const mergedById = new Map<string, SubagentDetail>();
      for (const entry of hydratedFromState) {
        mergedById.set(entry.id, entry);
      }
    
      const existing = Array.isArray(message.subagents) ? message.subagents : [];
      for (const entry of existing) {
        const current = mergedById.get(entry.id);
        if (!current) {
          mergedById.set(entry.id, entry);
          continue;
        }
        mergedById.set(entry.id, {
          ...current,
          ...entry,
          references:
            Array.isArray(entry.references) && entry.references.length > 0
              ? entry.references
              : current.references,
          thinkingEvents:
            Array.isArray(entry.thinkingEvents) && entry.thinkingEvents.length > 0
              ? entry.thinkingEvents
              : current.thinkingEvents,
          progressEvents:
            Array.isArray(entry.progressEvents) && entry.progressEvents.length > 0
              ? entry.progressEvents
              : current.progressEvents,
          timelineEvents:
            Array.isArray(entry.timelineEvents) && entry.timelineEvents.length > 0
              ? entry.timelineEvents
              : current.timelineEvents,
        });
      }
    
      return {
        ...message,
        subagents: Array.from(mergedById.values()).map((detail) =>
          normalizeHydratedSubagentDetail(
            detail,
            message,
            shouldFreezeSubagentForPresentation(
              detail,
              message,
              options?.presentationPolicy,
              options?.freezeIncompleteStatuses,
            ),
          ),
        ),
      };
    }
    
    function remapSubagentsToFinalMessageId(
      dispatch: Dispatch<AppAction>,
      getState: () => AppState,
      sourceMessageIds: Array<string | null | undefined>,
      finalMessageId: string | null,
    ): void {
      if (!finalMessageId) {
        return;
      }
    
      const state = getState();
      const uniqueSourceIds = Array.from(
        new Set(
          sourceMessageIds.filter(
            (value): value is string =>
              typeof value === "string" &&
              value.length > 0 &&
              value !== finalMessageId,
          ),
        ),
      );
      if (uniqueSourceIds.length === 0) {
        return;
      }
    
      const mergedSourceById = new Map<string, SubagentSummary>();
      for (const sourceMessageId of uniqueSourceIds) {
        const source = state.subagentsByParentMessageId[sourceMessageId];
        if (!Array.isArray(source) || source.length === 0) {
          continue;
        }
        source.forEach((entry) => {
          mergedSourceById.set(entry.id, {
            ...entry,
            parentMessageId: finalMessageId,
          });
        });
      }
      const updatedSource = Array.from(mergedSourceById.values());
      if (updatedSource.length === 0) {
        return;
      }
      const existingTarget = Array.isArray(
        state.subagentsByParentMessageId[finalMessageId],
      )
        ? state.subagentsByParentMessageId[finalMessageId]
        : [];
      const mergedById = new Map<string, SubagentSummary>();
      existingTarget.forEach((entry) => {
        mergedById.set(entry.id, entry);
      });
      updatedSource.forEach((entry) => {
        mergedById.set(entry.id, entry);
      });
    
      dispatch({
        type: "UPSERT_SUBAGENT_SUMMARIES",
        payload: {
          [finalMessageId]: Array.from(mergedById.values()),
        },
      });
    
      const detailUpdates: Record<string, SubagentDetail> = {};
      for (const entry of updatedSource) {
        const detail = state.subagentDetailsById[entry.id];
        if (detail && detail.parentMessageId !== finalMessageId) {
          detailUpdates[entry.id] = {
            ...detail,
            parentMessageId: finalMessageId,
          };
        }
      }
      if (Object.keys(detailUpdates).length > 0) {
        dispatch({ type: "UPSERT_SUBAGENT_DETAIL", payload: detailUpdates });
      }
    }
    
    export function createMessageHandler(dispatch: Dispatch<AppAction>, getState: () => AppState) {
      let latestStreamingSnapshot: StreamingState | null = null;
      let terminalErrorReached = false;
      let activeSubagentParentMessageIds = new Set<string>();
      let interactiveResponseTransitionUntil = 0;
    
      const isLikelyInteractiveAnswerSubmissionMessage = (message: Message): boolean => {
        const role = asString(message.role) || asString(asRecord(message.info)?.role);
        if (role !== "user") {
          return false;
        }
        const text =
          asOptionalString(message.content) ||
          asOptionalString(message.text) ||
          contentFromParts(Array.isArray(message.parts) ? message.parts : []);
        if (!text) {
          return false;
        }
        return (
          /(?:^|\n)\s*question\s+\d+\s*:/i.test(text) &&
          /(?:^|\n)\s*answer\s*:/i.test(text)
        );
      };
    
      const trackActiveSubagentParentIds = (
        summariesByParentMessageId: Record<string, SubagentSummary[]>,
      ) => {
        Object.entries(summariesByParentMessageId).forEach(
          ([parentMessageId, summaries]) => {
            if (
              parentMessageId &&
              Array.isArray(summaries) &&
              summaries.length > 0
            ) {
              activeSubagentParentMessageIds.add(parentMessageId);
            }
          },
        );
      };
    
      return (event: MessageEvent) => {
        try {
          const data = asRecord(event.data);
          if (!data) {
            webviewLogger.warn('Received event with no data');
            return;
          }
    
          const type = asString(data.type);
    
          // Log ALL events for comprehensive debugging
          webviewLogger.debug(`Received Event: ${type}`, {
            timestamp: new Date().toISOString(),
            eventType: type,
            dataKeys: Object.keys(data),
            fullData: data,
          });
    
          // Set processing state BEFORE handling message types to ensure streaming state is created early.
          // Never bootstrap "in progress" UI from compaction lifecycle messages.
          if (
            asBoolean(data.processing, false) &&
            type !== "compactionStatus" &&
            type !== "compactionViewState"
          ) {
            dispatch({ type: "SET_PROCESSING", payload: true });
          }
    
          switch (type) {
            case "initState":
            case "init": {
              terminalErrorReached = false;
              activeSubagentParentMessageIds = new Set<string>();
              const state = asRecord(data.state) ?? data;
              const sessionId =
                asString(state.sessionId) || asString(state.currentSessionId) || null;
    
              const selectedModelRecord = asRecord(state.selectedModel);
              const selectedModel = selectedModelRecord
                ? {
                  providerID: asString(selectedModelRecord.providerID),
                  modelID: asString(selectedModelRecord.modelID),
                }
                : null;
    
              if (sessionId) {
                dispatch({ type: "SET_SESSION_ID", payload: sessionId });
              }
              dispatch({
                type: "SET_SERVER_STATUS",
                payload: asString(state.serverStatus, "connected"),
              });
              dispatch({
                type: "SET_SELECTED_MODEL",
                payload:
                  selectedModel?.providerID && selectedModel?.modelID
                    ? selectedModel
                    : null,
              });
              dispatch({
                type: "SET_SELECTED_AGENT",
                payload: asString(state.selectedAgent),
              });
              dispatch({
                type: "SET_SERVER_VERSION",
                payload: asString(state.serverVersion) || undefined,
              });
              dispatch({ type: "SET_RECEIVED_INIT_STATE", payload: true });
    
              // Store workspace root on window object for use in file path display
              const workspaceRoot = asString(state.workspaceRoot);
              if (workspaceRoot) {
                // @ts-expect-error - setting __workspace_root__ for use in file path utilities
                window.__workspace_root__ = workspaceRoot;
              }
    
              // Rehydrate persisted todos from initState payload (sent by provider on
              // extension open or session switch).
              const rawTodoItems = Array.isArray(state.todoItems) ? state.todoItems : [];
              if (rawTodoItems.length > 0) {
                const VALID_TODO_STATUS = new Set(['pending', 'in_progress', 'completed', 'cancelled', 'failed']);
                const validTodos = rawTodoItems.filter(
                  (item): item is TodoItem => {
                    const rec = asRecord(item);
                    return (
                      !!rec &&
                      typeof rec.id === 'string' && rec.id.length > 0 &&
                      typeof rec.text === 'string' && rec.text.length > 0 &&
                      typeof rec.status === 'string' && VALID_TODO_STATUS.has(rec.status) &&
                      typeof rec.sessionId === 'string'
                    );
                  },
                );
                if (validTodos.length > 0) {
                  dispatch({ type: 'SET_TODO_ITEMS', payload: validTodos });
                }
              }
    
              break;
            }
            case "modelsList": {
              const models = asArray(
                data.models,
                (item): item is AppState["availableModels"][number] => {
                  const rec = asRecord(item);
                  const contextLimit =
                    typeof rec?.contextLimit === "number"
                      ? rec.contextLimit
                      : undefined;
                  return (
                    !!rec &&
                    typeof rec.modelID === "string" &&
                    typeof rec.providerID === "string" &&
                    typeof rec.name === "string" &&
                    (contextLimit === undefined ||
                      (Number.isFinite(contextLimit) && contextLimit > 0))
                  );
                },
              );
              dispatch({ type: "SET_MODELS_LIST", payload: models });
              break;
            }
            case "agentsList": {
              const agents = asArray(
                data.agents,
                (item): item is AppState["availableAgents"][number] => {
                  const rec = asRecord(item);
                  return (
                    !!rec &&
                    typeof rec.id === "string" &&
                    typeof rec.name === "string" &&
                    typeof rec.description === "string"
                  );
                },
              );
              dispatch({ type: "SET_AGENTS_LIST", payload: agents });
              break;
            }
            case "statusUpdate": {
              dispatch({
                type: "SET_SERVER_STATUS",
                payload: asString(data.status, "unknown"),
              });
              break;
            }
            case "compactionStatus": {
              const sessionId = asString(data.sessionId);
              const currentSessionId = getState().currentSessionId;
              if (sessionId && currentSessionId && sessionId !== currentSessionId) {
                break;
              }
              const status = asString(data.status).toLowerCase();
              if (status !== "running" && status !== "done" && status !== "error") {
                break;
              }
              const normalizedStatus = status as "running" | "done" | "error";
              dispatch({
                type: "SET_COMPACTION_STATUS",
                payload: {
                  status: normalizedStatus,
                  at: asOptionalNumber(data.at),
                  error: asString(data.error) || undefined,
                  compactionDividerIndex: asOptionalNumber(data.compactionDividerIndex),
                  compactionDividerBeforeMessageId: asOptionalString(
                    data.compactionDividerBeforeMessageId,
                  ),
                  compactionDividerAfterMessageId: asOptionalString(
                    data.compactionDividerAfterMessageId,
                  ),
                  collapsed:
                    typeof data.collapsed === "boolean"
                      ? data.collapsed
                      : undefined,
                  baselineStats: asSessionStats(data.baselineStats),
                },
              });
              if (normalizedStatus === "done") {
                const nextState = getState();
                if (nextState.currentSessionId) {
                  vscode.postMessage({
                    type: "setCompactionViewState",
                    sessionId: nextState.currentSessionId,
                    lastCompactedAt: nextState.lastCompactedAt,
                    compactionDividerIndex: nextState.compactionDividerIndex,
                    compactionDividerBeforeMessageId:
                      nextState.compactionDividerBeforeMessageId,
                    compactionDividerAfterMessageId:
                      nextState.compactionDividerAfterMessageId,
                    baselineStats: nextState.compactionBaselineStats,
                    collapsed: nextState.compactedMessagesCollapsed,
                  });
                }
              }
              if (normalizedStatus !== "running") {
                latestStreamingSnapshot = null;
                dispatch({ type: "SET_STEERING", payload: false });
                dispatch({ type: "SET_PROCESSING", payload: false });
                dispatch({ type: "FINISH_STREAMING" });
                dispatch({ type: "SET_STREAMING", payload: null });
              }
              break;
            }
            case "compactionViewState": {
              const sessionId = asString(data.sessionId);
              const currentSessionId = getState().currentSessionId;
              if (sessionId && currentSessionId && sessionId !== currentSessionId) {
                break;
              }
              dispatch({
                type: "SET_COMPACTION_VIEW_STATE",
                payload: {
                  lastCompactedAt: asOptionalNumber(data.lastCompactedAt),
                  compactionDividerIndex: asOptionalNumber(data.compactionDividerIndex),
                  compactionDividerBeforeMessageId: asOptionalString(
                    data.compactionDividerBeforeMessageId,
                  ),
                  compactionDividerAfterMessageId: asOptionalString(
                    data.compactionDividerAfterMessageId,
                  ),
                  collapsed:
                    typeof data.collapsed === "boolean"
                      ? data.collapsed
                      : undefined,
                  baselineStats: asSessionStats(data.baselineStats),
                },
              });
              break;
            }
            case "stopRequestHandled": {
              latestStreamingSnapshot = getState().streaming ?? latestStreamingSnapshot;
              dispatch({ type: "SET_STEERING", payload: false });
              dispatch({ type: "SET_PROCESSING", payload: false });
              dispatch({ type: "FINISH_STREAMING" });
              break;
            }
            case "messageResponse": {
              const msg =
                (asRecord(data.message) as Message | null) ??
                (data as unknown as Message);
              const currentMessages = getState().messages;
    
              // FORBIDDEN TO REMOVE - token accumulation for sticky header
              dispatch({
                type: "ACCUMULATE_SESSION_STATS",
                payload: {
                  input: msg.tokens?.input || msg.info?.tokens?.input || 0,
                  output: msg.tokens?.output || msg.info?.tokens?.output || 0,
                  read: msg.tokens?.cache?.read || msg.info?.tokens?.cache?.read || 0,
                  write:
                    msg.tokens?.cache?.write || msg.info?.tokens?.cache?.write || 0,
                  duration:
                    msg.duration || msg.timing?.duration || msg.info?.duration || 0,
                },
              });
    
              const responseMessageId =
                asString(msg.id) || asString(asRecord(msg.info)?.id);
              const currentStateForResponse = getState();
              const currentStreaming = currentStateForResponse.streaming;
              const snapshotMessageId = latestStreamingSnapshot?.messageId || null;
              const hasOwnResponsePayload =
                !!asString(msg.content).trim() ||
                !!asString(msg.text).trim() ||
                (Array.isArray(msg.parts) && msg.parts.length > 0);
              const shouldDropMismatchedSnapshot =
                !!responseMessageId &&
                !!snapshotMessageId &&
                snapshotMessageId !== responseMessageId &&
                hasOwnResponsePayload;
              if (
                !currentStreaming &&
                latestStreamingSnapshot &&
                responseMessageId &&
                snapshotMessageId &&
                snapshotMessageId !== responseMessageId
              ) {
                streamDebug(
                  "[OpenCode][stream] messageResponse id mismatch; preserving latest streaming snapshot",
                  {
                    responseMessageId,
                    snapshotMessageId,
                    shouldDropMismatchedSnapshot,
                  },
                );
              }
              // Always prefer the latest local streaming snapshot for final normalization.
              // Some providers emit different IDs between stream events and final response.
              const plainTextFallbackFinal =
                asBoolean(asRecord(msg)?.plainTextFallback, false) ||
                asBoolean(asRecord(asRecord(msg)?.info)?.plainTextFallback, false);
              const snapshotStreaming =
                currentStreaming ??
                (shouldDropMismatchedSnapshot ? null : latestStreamingSnapshot);
              const interactiveEventsInResponse = isMessage(msg)
                ? interactiveEventsFromMessage(msg)
                : [];
              const shouldPreserveStreamingSnapshot =
                !plainTextFallbackFinal || interactiveEventsInResponse.length > 0;
              const streaming = shouldPreserveStreamingSnapshot
                ? snapshotStreaming
                : null;
              let normalizedMessage = isMessage(msg)
                ? normalizeMessage(msg, streaming)
                : streaming
                  ? buildStreamingMessage(streaming)
                  : undefined;
              if (
                normalizedMessage &&
                snapshotStreaming &&
                interactiveEventsInResponse.length > 0
              ) {
                const hasCanonicalActivity =
                  (Array.isArray(normalizedMessage.steps) &&
                    normalizedMessage.steps.length > 0) ||
                  (Array.isArray(normalizedMessage.progressEvents) &&
                    normalizedMessage.progressEvents.length > 0);
                if (!hasCanonicalActivity) {
                  const mergedSteps = normalizeActivitySteps(
                    normalizedMessage,
                    {
                      ...snapshotStreaming,
                      content: "",
                      hasRenderableContent: false,
                      reasoning: "",
                      reasoningEvents: [],
                    },
                    Array.isArray(normalizedMessage.parts)
                      ? (normalizedMessage.parts as MessagePart[])
                      : [],
                  );
                  if (mergedSteps.length > 0) {
                    normalizedMessage = {
                      ...normalizedMessage,
                      steps: mergedSteps,
                      progressEvents: mergedSteps,
                    };
                  }
                }
              }
              let finalMessageId: string | null = null;
              let streamingMessageId: string | null = null;
              if (normalizedMessage) {
                streamingMessageId =
                  currentStreaming?.messageId || snapshotMessageId;
                let sanitized = sanitizeAssistantMessageEcho(
                  normalizedMessage,
                  getState(),
                );
    
                // Extract error from info.error and set to message.error for display
                const infoRec = asRecord(sanitized.info);
                const errorRec = asRecord(infoRec?.error);
                if (errorRec) {
                  const errorName = asString(errorRec.name);
                  const errorData = asRecord(errorRec.data);
                  const errorMessage = asString(errorData?.message) || asString(errorRec.message);
                  if (errorMessage) {
                    (sanitized as unknown as UnknownRecord).error = errorName
                      ? `${errorName}: ${errorMessage}`
                      : errorMessage;
                  }
                }
                const provisionalFinalMessageId =
                  asString(asRecord(sanitized.info)?.id) ||
                  asString(sanitized.id) ||
                  responseMessageId ||
                  null;
                const hydratedSubagentsFromState = collectHydratedSubagentsFromState(
                  getState(),
                  [
                    provisionalFinalMessageId,
                    streamingMessageId,
                    ...Array.from(activeSubagentParentMessageIds),
                  ],
                );
                if (hydratedSubagentsFromState.length > 0) {
                  sanitized = mergeSubagentsIntoMessage(
                    sanitized,
                    hydratedSubagentsFromState,
                    {
                      freezeIncompleteStatuses: false,
                      presentationPolicy: { mode: "stream", sessionProcessing: true },
                    },
                  );
                }
                if (
                  !asString(asRecord(sanitized.info)?.id) &&
                  !asString(sanitized.id) &&
                  streamingMessageId
                ) {
                  sanitized = {
                    ...sanitized,
                    id: streamingMessageId,
                  };
                }
    
                dispatch({
                  type: "SET_MESSAGES",
                  payload: [...currentMessages, sanitized],
                });
                finalMessageId =
                  asString(asRecord(sanitized.info)?.id) ||
                  asString(sanitized.id) ||
                  responseMessageId ||
                  null;
                remapSubagentsToFinalMessageId(
                  dispatch,
                  getState,
                  [streamingMessageId, ...Array.from(activeSubagentParentMessageIds)],
                  finalMessageId,
                );
                const { summariesByParentMessageId, detailsById } =
                  extractSubagentsFromMessages([sanitized]);
                if (Object.keys(summariesByParentMessageId).length > 0) {
                  dispatch({
                    type: "UPSERT_SUBAGENT_SUMMARIES",
                    payload: summariesByParentMessageId,
                  });
                }
                if (Object.keys(detailsById).length > 0) {
                  dispatch({ type: "UPSERT_SUBAGENT_DETAIL", payload: detailsById });
                }
                const interactiveEvents = interactiveEventsFromMessage(sanitized);
                const inInteractiveTransitionWindow =
                  Date.now() <= interactiveResponseTransitionUntil;
                const latestMessage =
                  currentMessages.length > 0
                    ? currentMessages[currentMessages.length - 1]
                    : undefined;
                const suppressInteractiveReshow =
                  inInteractiveTransitionWindow &&
                  !!latestMessage &&
                  isLikelyInteractiveAnswerSubmissionMessage(latestMessage) &&
                  hasBlockingInteractiveEvents(interactiveEvents);
                if (!suppressInteractiveReshow && interactiveEvents.length > 0) {
                  dispatch({
                    type: "SET_INTERACTIVE_EVENTS",
                    payload: interactiveEvents,
                  });
                }
    
                const sessionId = deriveSessionIdFromMessage(
                  sanitized,
                  getState().currentSessionId,
                );
                if (sessionId) {
                  vscode.postMessage({
                    type: "persistAssistantMessage",
                    sessionId,
                    message: sanitized,
                  });
                }
              }
              // Only clear streaming state if this messageResponse matches the current streaming message ID
              // This prevents clearing streaming state when processing messageResponse events for
              // system messages or other non-streaming messages that arrive during streaming
              const isMatchingStreamingMessage =
                streamingMessageId && finalMessageId && streamingMessageId === finalMessageId;
    
              if (isMatchingStreamingMessage || !currentStreaming) {
                latestStreamingSnapshot = null;
                activeSubagentParentMessageIds = new Set<string>();
              }
              dispatch({ type: "SET_PROCESSING", payload: false });
              dispatch({ type: "SET_STREAMING", payload: null });
              break;
            }
            case "chatHistory": {
              terminalErrorReached = false;
              const rawMessages = asArray(data.messages, isMessage);
              const normalizedMessages = rawMessages
                .map((msg) => normalizeMessage(msg, null))
                .filter((msg): msg is Message => !!msg)
                .filter((msg) => isRenderableHistoryMessage(msg));
              const messages =
                coalesceAdjacentAssistantHistoryMessages(normalizedMessages);
              const hydratedMessages = hydrateLegacyInteractiveUserMessages(messages);
              const dedupedHydratedMessages =
                dedupeInteractiveUserHydrationMessages(hydratedMessages);
              const dedupedPlanProceedMessages =
                dedupePlanProceedMessages(dedupedHydratedMessages);
              const dedupedSystemMessages =
                dedupeSystemMessages(dedupedPlanProceedMessages);
              activeSubagentParentMessageIds = new Set<string>();
    
              const chatHistorySessionId = asString(data.sessionId);
              const currentState = getState();
              const isSessionProcessing = !!(chatHistorySessionId &&
                currentState.processingSessionIds.includes(chatHistorySessionId));
    
              // Set switchingSessionId if we're loading a different session
              const isSwitchingSession = !!(
                chatHistorySessionId &&
                currentState.currentSessionId !== chatHistorySessionId
              );
              if (isSwitchingSession) {
                dispatch({ type: "SET_SWITCHING_SESSION", payload: chatHistorySessionId });
              }
    
              const hydrationPresentationPolicy: SubagentPresentationPolicy = {
                mode: "hydration",
                sessionProcessing: isSessionProcessing,
              };
    
              latestStreamingSnapshot = null;
    
              // Clear any stale streaming state when history is loaded (extension open
              // or session switch) so the UI starts clean. Preserve processing state
              // if the session is currently being processed on the backend.
              dispatch({ type: "SET_STREAMING", payload: null });
              dispatch({ type: "SET_PROCESSING", payload: isSessionProcessing });
              dispatch({ type: "CLEAR_MESSAGES" });
              const stabilizedHydratedMessages = dedupedSystemMessages.map((message) => {
                if (!Array.isArray(message.subagents) || message.subagents.length === 0) {
                  return message;
                }
                return {
                  ...message,
                  subagents: message.subagents.map((subagent) =>
                    normalizeHydratedSubagentDetail(
                      subagent,
                      message,
                      shouldFreezeSubagentForPresentation(
                        subagent,
                        message,
                        hydrationPresentationPolicy,
                      ),
                    ),
                  ),
                };
              });
              dispatch({ type: "SET_MESSAGES", payload: stabilizedHydratedMessages });
    
              // Clear switchingSessionId after messages are loaded
              dispatch({ type: "SET_SWITCHING_SESSION", payload: null });
    
              // Use the just-normalized hydration snapshot directly. Reading getState()
              // immediately after dispatch can observe stale messages in the same tick.
              const canonicalMessages = stabilizedHydratedMessages;
    
              // If the backend included a sessionId (e.g. on session switch), update it BEFORE
              // storing stats so RESET_SESSION_STATS writes under the correct key.
              if (chatHistorySessionId) {
                dispatch({ type: "SET_SESSION_ID", payload: chatHistorySessionId });
                // Clear todo items from the previous session so stale tasks are not shown.
                dispatch({ type: "SET_TODO_ITEMS", payload: [] });
              }
    
              // FORBIDDEN TO REMOVE - recalculate session stats from full history
              const stats = { input: 0, output: 0, read: 0, write: 0, duration: 0 };
              canonicalMessages.forEach((msg) => {
                stats.input += msg.tokens?.input || msg.info?.tokens?.input || 0;
                stats.output += msg.tokens?.output || msg.info?.tokens?.output || 0;
                stats.read +=
                  msg.tokens?.cache?.read || msg.info?.tokens?.cache?.read || 0;
                stats.write +=
                  msg.tokens?.cache?.write || msg.info?.tokens?.cache?.write || 0;
                stats.duration +=
                  msg.duration || msg.timing?.duration || msg.info?.duration || 0;
              });
              dispatch({ type: "RESET_SESSION_STATS", payload: stats });
              dispatch({ type: "CLEAR_SUBAGENTS_FOR_SESSION" });
              const extractedHydratedSubagents =
                extractSubagentsFromMessages(canonicalMessages);
              const normalizedHydratedSubagents = normalizeHydratedSubagentMaps(
                extractedHydratedSubagents.summariesByParentMessageId,
                extractedHydratedSubagents.detailsById,
                canonicalMessages,
                false,
                hydrationPresentationPolicy,
              );
              if (
                Object.keys(normalizedHydratedSubagents.summariesByParentMessageId)
                  .length > 0
              ) {
                dispatch({
                  type: "UPSERT_SUBAGENT_SUMMARIES",
                  payload: normalizedHydratedSubagents.summariesByParentMessageId,
                });
              }
              if (Object.keys(normalizedHydratedSubagents.detailsById).length > 0) {
                dispatch({
                  type: "UPSERT_SUBAGENT_DETAIL",
                  payload: normalizedHydratedSubagents.detailsById,
                });
              }
              let latestInteractive: InteractiveEvent[] = [];
              for (let index = canonicalMessages.length - 1; index >= 0; index -= 1) {
                const msg = canonicalMessages[index];
                const role = msg.role ?? msg.info?.role;
                const items = interactiveEventsFromMessage(msg);
                if (items.length > 0) {
                  latestInteractive = items;
                  break;
                }
                if (role === "user") {
                  break;
                }
              }
              if (latestInteractive.length === 0 && canonicalMessages.length > 0) {
                const lastMessage = canonicalMessages[canonicalMessages.length - 1];
                const lastRec = asRecord(lastMessage);
                const lastInfo = asRecord(lastRec?.info);
                const lastStructured =
                  asRecord(lastRec?.structuredOutput) ||
                  asRecord(lastRec?.structured_output) ||
                  asRecord(lastInfo?.structuredOutput) ||
                  asRecord(lastInfo?.structured_output) ||
                  asRecord(lastInfo?.structured);
                const lastResponseType =
                  asString(lastRec?.responseType) ||
                  asString(lastInfo?.responseType) ||
                  asString(lastStructured?.responseType);
                if (lastResponseType.toLowerCase() === "question") {
                  latestInteractive = interactiveEventsFromMessage(lastMessage);
                }
              }
              dispatch({
                type: "SET_INTERACTIVE_EVENTS",
                payload: latestInteractive,
              });
              logRenderSnapshot("chatHistory", canonicalMessages);
              break;
            }
            case "subagentSnapshot": {
              const snapshotPolicy: SubagentPresentationPolicy = {
                mode: "hydration",
                sessionProcessing: getState().processing,
              };
              const summariesByParentMessageId = normalizeSubagentSummaryMap(
                data.summariesByParentMessageId ?? data.subagentsByParentMessageId,
              );
              const detailsById = normalizeSubagentDetailMap(
                data.detailsById ?? data.subagentDetailsById,
              );
              const hasSnapshotSubagents =
                hasSubagentSummaryEntries(summariesByParentMessageId) ||
                Object.keys(detailsById).length > 0;
    
              // Defensive fallback: some session/history hydration flows can emit an
              // empty snapshot right after chatHistory has already restored subagents
              // from persisted messages. Avoid clobbering those restored cards.
              if (!hasSnapshotSubagents) {
                const fallback = extractSubagentsFromMessages(getState().messages);
                const normalizedFallback = normalizeHydratedSubagentMaps(
                  fallback.summariesByParentMessageId,
                  fallback.detailsById,
                  getState().messages,
                  false,
                  snapshotPolicy,
                );
                if (
                  Object.keys(normalizedFallback.summariesByParentMessageId).length >
                  0 ||
                  Object.keys(normalizedFallback.detailsById).length > 0
                ) {
                  trackActiveSubagentParentIds(
                    normalizedFallback.summariesByParentMessageId,
                  );
                  dispatch({
                    type: "UPSERT_SUBAGENT_SUMMARIES",
                    payload: normalizedFallback.summariesByParentMessageId,
                  });
                  dispatch({
                    type: "UPSERT_SUBAGENT_DETAIL",
                    payload: normalizedFallback.detailsById,
                  });
                  syncSubagentMapsIntoMessages(
                    dispatch,
                    getState,
                    normalizedFallback.summariesByParentMessageId,
                    normalizedFallback.detailsById,
                    "merge",
                    {
                      freezeIncompleteStatuses: false,
                      presentationPolicy: snapshotPolicy,
                    },
                  );
                  break;
                }
              }
              const normalizedSnapshot = normalizeHydratedSubagentMaps(
                summariesByParentMessageId,
                detailsById,
                getState().messages,
                false,
                snapshotPolicy,
              );
              const hasNormalizedSnapshotSubagents =
                hasSubagentSummaryEntries(
                  normalizedSnapshot.summariesByParentMessageId,
                ) || Object.keys(normalizedSnapshot.detailsById).length > 0;
              if (!hasNormalizedSnapshotSubagents) {
                const existingState = getState();
                const hasExistingRenderedSubagents =
                  hasSubagentSummaryEntries(
                    existingState.subagentsByParentMessageId,
                  ) || Object.keys(existingState.subagentDetailsById).length > 0;
                if (hasExistingRenderedSubagents) {
                  break;
                }
              }
              trackActiveSubagentParentIds(
                normalizedSnapshot.summariesByParentMessageId,
              );
              dispatch({ type: "CLEAR_SUBAGENTS_FOR_SESSION" });
              if (
                Object.keys(normalizedSnapshot.summariesByParentMessageId).length > 0
              ) {
                dispatch({
                  type: "UPSERT_SUBAGENT_SUMMARIES",
                  payload: normalizedSnapshot.summariesByParentMessageId,
                });
              }
              if (Object.keys(normalizedSnapshot.detailsById).length > 0) {
                dispatch({
                  type: "UPSERT_SUBAGENT_DETAIL",
                  payload: normalizedSnapshot.detailsById,
                });
              }
              bindStreamingToParentMessageIdFromSubagents(
                dispatch,
                getState,
                normalizedSnapshot.summariesByParentMessageId,
              );
              syncSubagentMapsIntoMessages(
                dispatch,
                getState,
                normalizedSnapshot.summariesByParentMessageId,
                normalizedSnapshot.detailsById,
                "replace",
                {
                  freezeIncompleteStatuses: false,
                  presentationPolicy: snapshotPolicy,
                },
              );
              break;
            }
            case "subagentUpdate": {
              const streamPolicy: SubagentPresentationPolicy = {
                mode: "stream",
                sessionProcessing: getState().processing,
                liveParentMessageIds:
                  getState().streaming?.messageId
                    ? new Set([getState().streaming?.messageId as string])
                    : undefined,
              };
              const summariesByParentMessageId = normalizeSubagentSummaryMap(
                data.summariesByParentMessageId ?? data.subagentsByParentMessageId,
              );
              const detailsById = normalizeSubagentDetailMap(
                data.detailsById ?? data.subagentDetailsById,
              );
              const normalizedUpdate = normalizeHydratedSubagentMaps(
                summariesByParentMessageId,
                detailsById,
                getState().messages,
                false,
                streamPolicy,
              );
              const mergedSummaryUpdate = mergeSubagentSummaryPayload(
                getState().subagentsByParentMessageId,
                normalizedUpdate.summariesByParentMessageId,
              );
              const mergedDetailUpdate = mergeSubagentDetailPayload(
                getState().subagentDetailsById,
                normalizedUpdate.detailsById,
              );
              trackActiveSubagentParentIds(mergedSummaryUpdate);
              if (hasSubagentSummaryEntries(mergedSummaryUpdate)) {
                dispatch({
                  type: "UPSERT_SUBAGENT_SUMMARIES",
                  payload: mergedSummaryUpdate,
                });
              }
              if (Object.keys(mergedDetailUpdate).length > 0) {
                dispatch({
                  type: "UPSERT_SUBAGENT_DETAIL",
                  payload: mergedDetailUpdate,
                });
              }
              bindStreamingToParentMessageIdFromSubagents(
                dispatch,
                getState,
                mergedSummaryUpdate,
              );
              syncSubagentMapsIntoMessages(
                dispatch,
                getState,
                mergedSummaryUpdate,
                mergedDetailUpdate,
                "merge",
                {
                  freezeIncompleteStatuses: false,
                  presentationPolicy: streamPolicy,
                },
              );
              break;
            }
            case "streamEvent": {
              if (terminalErrorReached && getState().isProcessing) {
                terminalErrorReached = false;
              }
              const streamingBefore = getState().streaming;
              if (streamingBefore) {
                latestStreamingSnapshot = streamingBefore;
              }
              const payload = asRecord(data.event) ?? data;
              const streamEventType = asString(payload.type) || "unknown";
    
              // Reset terminal error flag on explicit stream start
              if (streamEventType === "start" || streamEventType === "streamStart") {
                terminalErrorReached = false;
              }
    
              streamDebug("[OpenCode][webview] streamEvent received", {
                type: streamEventType,
                hasProperties: !!asRecord(payload.properties),
                hasPart: !!asRecord(asRecord(payload.properties)?.part),
                structuredKind:
                  asString(asRecord(payload.structured)?.kind) || "unknown",
              });
              handleStreamEvent(dispatch, getState, payload, terminalErrorReached);
              const streamingAfter = getState().streaming;
              if (streamingAfter) {
                latestStreamingSnapshot = streamingAfter;
              }
              if (
                streamEventType === "message.updated" ||
                streamEventType === "message.completed" ||
                streamEventType === "session.completed"
              ) {
                const stateNow = getState();
                logRenderSnapshot(`streamEvent:${streamEventType}`, stateNow.messages);
              }
              break;
            }
            case "streamEventEnrich": {
              const callID = asString(data.callID);
              const diffStatsRec = asRecord(data.diffStats);
              const activityDetail = normalizeActivityDetail(data.activityDetail);
              const diffStats =
                diffStatsRec
                  ? {
                    added: asNumber(diffStatsRec.added) || 0,
                    deleted: asNumber(diffStatsRec.deleted) || 0,
                  }
                  : undefined;
              if (!callID || (!diffStats && !activityDetail)) {
                break;
              }
              dispatch({
                type: "UPDATE_STREAMING_STEP",
                payload: {
                  callID,
                  patch: {
                    ...(diffStats ? { diffStats } : {}),
                    ...(activityDetail ? { activityDetail } : {}),
                  },
                },
              });
              break;
            }
            case "error": {
              const errorMsg = asString(data.message, "Unknown error");
              const stateBeforeError = getState();
              const currentStreaming = stateBeforeError.streaming;
              const pendingBlockingInteractive = hasBlockingInteractiveEvents(
                stateBeforeError.interactiveEvents,
              );
              const inInteractiveTransitionWindow =
                Date.now() <= interactiveResponseTransitionUntil;
              const suppressAsAwaitingInteractive =
                (pendingBlockingInteractive || inInteractiveTransitionWindow) &&
                isLikelyInteractiveAwaitTimeout(errorMsg);
    
              // When the model is waiting for an interactive answer, transport header
              // timeouts are expected and should not surface as hard request failures.
              if (suppressAsAwaitingInteractive) {
                latestStreamingSnapshot = currentStreaming ?? latestStreamingSnapshot;
                dispatch({ type: "SET_PROCESSING", payload: false });
                dispatch({ type: "FINISH_STREAMING" });
                break;
              }
    
              latestStreamingSnapshot = null;
              terminalErrorReached = true;
    
              // If we were in the middle of a stream, preserve it as a message so the user
              // can see partial output + the error banner + retry.
              // The error is shown via partialMessage.error inside AssistantMessage,
              // which renders the ErrorBanner at the bottom of the message.
              if (currentStreaming) {
                // If the streamed content is an AI internal monologue (tool-use narration like
                // "Let me search for...", "Let me read the file..."), it has no user-facing value.
                // Suppress it so only the error banner is shown rather than garbled reasoning text.
                const rawContent = currentStreaming.content ?? "";
                const timeoutLikeError = isLikelyInteractiveAwaitTimeout(errorMsg);
                const contentIsReasoningMonologue =
                  looksLikeReasoningTrace(rawContent, "");
                const suppressLowSignalTimeoutFragment =
                  timeoutLikeError && isLowSignalTimeoutFragment(rawContent);
                const partialMessage: Message = {
                  id: currentStreaming.messageId || `error-${Date.now()}`,
                  role: "assistant",
                  agent: currentStreaming.agent,
                  modelID: currentStreaming.modelID,
                  providerID: currentStreaming.providerID,
                  content:
                    contentIsReasoningMonologue || suppressLowSignalTimeoutFragment
                      ? ""
                      : rawContent,
                  reasoningEvents: currentStreaming.reasoningEvents,
                  steps: currentStreaming.steps as any,
                  created: Date.now(),
                  error: errorMsg,
                };
                const messages = getState().messages;
                dispatch({
                  type: "SET_MESSAGES",
                  payload: [...messages, partialMessage],
                });
              } else {
                // No active stream — create an error-only message so the error banner
                // appears at the bottom of the message instead of at the top of the chat.
                const errorMessage: Message = {
                  id: `error-${Date.now()}`,
                  role: "assistant",
                  content: "",
                  error: errorMsg,
                  created: Date.now(),
                };
                const messages = getState().messages;
                dispatch({
                  type: "SET_MESSAGES",
                  payload: [...messages, errorMessage],
                });
              }
    
              dispatch({ type: "SET_PROCESSING", payload: false });
              dispatch({ type: "FINISH_STREAMING" });
              dispatch({ type: "SET_STREAMING", payload: null });
              break;
            }
            case "appendPrompt": {
              const current = getState().inputValue;
              const extra = asString(data.text);
              const next = current ? `${current}\n${extra}` : extra;
              dispatch({ type: "SET_INPUT_VALUE", payload: next });
              break;
            }
            case "addContext": {
              const item = asRecord(data.context);
              if (!item) {
                break;
              }
              const context: ContextItem = {
                file: asString(item.file) || "",
                lineInfo: asString(item.lineInfo) || "",
                isAuto: asBoolean(item.isAuto, false),
                content: asString(item.content),
                languageId: asString(item.languageId),
              };
              if (!context.file) {
                break;
              }
              const selected = getState().selectedContexts;
    
              let nextSelected = [...selected];
    
              // If it's an auto context, remove any existing auto context
              if (context.isAuto) {
                nextSelected = nextSelected.filter((c) => !c.isAuto);
              }
    
              // Avoid exact duplicates
              const exists = nextSelected.some(
                (c) => c.file === context.file && c.lineInfo === context.lineInfo,
              );
    
              if (!exists) {
                nextSelected.push(context);
              }
    
              dispatch({ type: "SET_SELECTED_CONTEXTS", payload: nextSelected });
              break;
            }
            case "clearAutoContext": {
              const selected = getState().selectedContexts;
              const nextSelected = selected.filter((c) => !c.isAuto);
              if (nextSelected.length !== selected.length) {
                dispatch({ type: "SET_SELECTED_CONTEXTS", payload: nextSelected });
              }
              break;
            }
            case "fileSearchResults": {
              const results = asArray(data.results, isFileResult);
              dispatch({ type: "SET_FILE_SUGGESTIONS", payload: results });
              dispatch({
                type: "SET_SHOW_FILE_SUGGESTIONS",
                payload: results.length > 0,
              });
              dispatch({ type: "SET_SUGGESTION_INDEX", payload: 0 });
              break;
            }
            case "commandsList": {
              webviewLogger.debug('Received commandsList message', { data });
              webviewLogger.debug('commands data', { commands: data.commands, type: typeof data.commands, isArray: Array.isArray(data.commands) });
    
              const commands = asArray(data.commands, isSlashCommand);
              webviewLogger.debug('Filtered commands', { commands, count: commands.length });
    
              dispatch({ type: "SET_COMMANDS_LIST", payload: commands });
              break;
            }
            case "sessionsList": {
              const currentSessionId = asString(data.currentSessionId) || null;
              dispatch({
                type: "SET_SESSIONS_LIST",
                payload: asArray(data.sessions, isSession),
              });
              if (currentSessionId) {
                dispatch({
                  type: "SET_SESSION_ID",
                  payload: currentSessionId,
                });
              }
              break;
            }
            case "userMessageAppended": {
              terminalErrorReached = false;
              const message = data.message as Message;
              if (message && typeof message === "object") {
                if (isLikelyInteractiveAnswerSubmissionMessage(message)) {
                  interactiveResponseTransitionUntil = Date.now() + 15000;
                  // Lock: interactive answer submit starts a brand-new assistant turn.
                  // Clear stale stream snapshots so previous turn content cannot leak or
                  // duplicate into the next messageResponse normalization pass.
                  latestStreamingSnapshot = null;
                  activeSubagentParentMessageIds = new Set<string>();
                  dispatch({ type: "SET_STREAMING", payload: null });
                  // Defensive cleanup: once an interactive answer bundle is echoed back
                  // from the extension host, clear any stale quick-input popover state.
                  // This prevents already-answered prompts from lingering in the composer.
                  dispatch({ type: "SET_INTERACTIVE_EVENTS", payload: [] });
                }
                // Get current state and append the new message
                const currentMessages = getState().messages || [];
                dispatch({
                  type: "SET_MESSAGES",
                  payload: [...currentMessages, message],
                });
              }
              break;
            }
            case "sessionsListUpdate":
            case "SET_PROCESSING_SESSIONS": {
              const rawSessionIds =
                type === "sessionsListUpdate" ? data.processingSessionIds : data.payload;
              const sessionIds = asArray(
                rawSessionIds,
                (item): item is string => typeof item === "string",
              );
              dispatch({
                type: "SET_PROCESSING_SESSIONS",
                payload: sessionIds,
              });
              const stateAfterProcessingUpdate = getState();
              const activeSessionId = stateAfterProcessingUpdate.currentSessionId;
              const isActiveSessionStillProcessing = !!(
                activeSessionId && sessionIds.includes(activeSessionId)
              );
              if (!isActiveSessionStillProcessing) {
                if (stateAfterProcessingUpdate.isSteering) {
                  dispatch({ type: "SET_STEERING", payload: false });
                }
                if (stateAfterProcessingUpdate.isProcessing) {
                  dispatch({ type: "SET_PROCESSING", payload: false });
                }
                if (stateAfterProcessingUpdate.streaming?.isActive) {
                  dispatch({ type: "FINISH_STREAMING" });
                }
              }
              break;
            }
            case "queueUpdate": {
              const sessionId = asString(data.sessionId) || null;
              dispatch({
                type: "SET_QUEUE",
                payload: {
                  sessionId,
                  queue: asArray(data.queue, isQueueItem),
                },
              });
              break;
            }
            case "queueExecutionStarted": {
              dispatch({ type: "SET_EXECUTING_QUEUE", payload: { sessionId: asString(data.sessionId), executing: true } });
              break;
            }
            case "queueExecutionFinished": {
              dispatch({ type: "SET_EXECUTING_QUEUE", payload: { sessionId: asString(data.sessionId), executing: false } });
              break;
            }
            case "quotaData":
            case "quotaUpdate": {
              dispatch({ type: "SET_QUOTA_DATA", payload: data.data as QuotaData });
              break;
            }
            case "budgetInfo": {
              dispatch({ type: "SET_BUDGET_INFO", payload: data.data as BudgetInfo });
              break;
            }
            case "mcpStatus": {
              // Payload: { servers: Record<string, { status: string; error?: string }>, toolIds?: string[] }
              const serversRec = asRecord(data.servers);
              const toolIds: string[] = Array.isArray(data.toolIds)
                ? (data.toolIds as unknown[]).filter(
                  (t): t is string => typeof t === "string",
                )
                : [];
              if (serversRec) {
                const mcpServers: McpServerInfo[] = Object.entries(serversRec).map(
                  ([name, raw]) => {
                    const entry = asRecord(raw);
                    const status =
                      (asString(entry?.status) as McpServerStatus) || "disconnected";
                    const error = entry?.error ? asString(entry.error) : undefined;
                    // Associate tools whose ID starts with `name/` convention
                    const serverTools = toolIds.filter(
                      (id) =>
                        id === name ||
                        id.startsWith(`${name}/`) ||
                        id.startsWith(`${name}_`),
                    );
                    return { name, status, error, tools: serverTools };
                  },
                );
                dispatch({ type: "SET_MCP_SERVERS", payload: mcpServers });
              }
              break;
            }
            case "lspStatus": {
              // Payload: { servers: Array<LspStatus> }
              const rawServers = Array.isArray(data.servers) ? data.servers : [];
              const lspServers: LspServerInfo[] = rawServers.map((raw) => {
                const entry = asRecord(raw) ?? {};
                return {
                  id: asString(entry.id),
                  name: asString(entry.name),
                  root: asString(entry.root),
                  status: asString(entry.status) === "error" ? "error" : "connected",
                };
              });
              dispatch({ type: "SET_LSP_SERVERS", payload: lspServers });
              break;
            }
            case "todoUpdate": {
              // Normalize the incoming item to the canonical shape and ingest via
              // the shared ingestion helper so stream-origin and direct postMessage
              // messages produce identical reducer effects.
              try {
                const action = asString(data.action);
                const item = data.item;
                // Guard: ignore malformed or missing items silently.
                if (!item) break;
                const normalized = normalizeTodoRecord(item);
                if (!normalized) break;
    
                // Keep a clear, test-friendly branching for add/update so existing
                // string-based regression tests continue to match the handler body.
                if (action === "add") {
                  dispatch({
                    type: "ADD_TODO_ITEM",
                    payload: {
                      id: normalized.id,
                      text: normalized.text,
                      status: normalized.status,
                      sessionId: normalized.sessionId ?? "",
                    },
                  });
                } else if (action === "update") {
                  const patch: Partial<TodoItem> = {
                    text: normalized.text,
                    status: normalized.status,
                  };
                  if (normalized.sessionId) patch.sessionId = normalized.sessionId;
                  dispatch({ type: "UPDATE_TODO_ITEM", payload: { id: normalized.id, patch } });
                } else {
                  // Unknown action: fall back to unified ingestion which will decide
                  // whether to add or update based on existing state.
                  ingestNormalizedTodo(dispatch, getState, normalized);
                }
              } catch (e) {
                // Defensive: do not allow a malformed postMessage to throw.
                webviewLogger.warn("Failed to process todoUpdate postMessage", { error: String(e) });
              }
              break;
            }
            case "thinkingLevelUpdate": {
              const level = asString(data.level) as any;
              if (level) {
                dispatch({ type: "SET_THINKING_LEVEL", payload: level });
              }
              break;
            }
            case "modelCapabilityUpdate": {
              try {
                const capRec = asRecord(data.capability);
                dispatch({
                  type: "SET_MODEL_CAPABILITY",
                  payload: capRec
                    ? {
                      reasoning: Boolean(capRec.reasoning),
                      variants: Array.isArray(capRec.variants)
                        ? (capRec.variants as string[])
                        : undefined,
                      thinkingConfig: capRec.thinkingConfig as Record<string, unknown> | undefined,
                    }
                    : null,
                });
              } catch (e) {
                // Defensive: do not allow malformed postMessage to throw
                webviewLogger.warn("Failed to process modelCapabilityUpdate postMessage", { error: String(e) });
              }
              break;
            }
            case "addPlanAttachment": {
              const p = asRecord(data.payload);
              if (!p) break;
              dispatch({
                type: "ADD_ATTACHMENT",
                payload: {
                  id: asString(p.id) || `plan-${Date.now()}`,
                  filename: asString(p.filename, "Implementation Plan"),
                  mimeType: asString(p.mimeType, "text/markdown"),
                  dataUrl: asString(p.dataUrl),
                },
              });
              break;
            }
            case "injectThemeCss": {
              const css = asString(data.css);
              if (css) {
                let styleTag = document.getElementById("vscode-theme-icons");
                if (!styleTag) {
                  styleTag = document.createElement("style");
                  styleTag.id = "vscode-theme-icons";
                  document.head.appendChild(styleTag);
                }
                styleTag.textContent = css;
              }
              break;
            }
            case "opencodeConfig": {
              // Handle OpenCode configuration with file list
              const files = asArray(data.files, (item): item is AppState["opencodeConfig"]["files"][number] => {
                const rec = asRecord(item);
                return !!rec && typeof rec.name === 'string' && typeof rec.path === 'string';
              });
    
              dispatch({
                type: 'SET_OPENCODE_CONFIG',
                payload: {
                  content: asString(data.content) || '',
                  filePath: asString(data.filePath) || '',
                  fileName: asString(data.fileName) || '',
                  isGlobal: false, // TODO: determine if global vs workspace
                  files,
                },
              });
              break;
            }
            case "opencodeConfigSaved": {
              dispatch({
                type: 'SET_OPENCODE_CONFIG_SAVE_STATUS',
                payload: {
                  success: asBoolean(data.success, false),
                  filePath: asString(data.filePath) || '',
                  savedAt: Date.now(),
                  message: asString(data.message),
                  error: asString(data.error),
                },
              });
              break;
            }
            case "opencodeConfigError": {
              // Handle error loading config
              dispatch({
                type: 'SET_OPENCODE_CONFIG',
                payload: {
                  content: '',
                  filePath: '',
                  fileName: '',
                  isGlobal: false,
                  error: asString(data.error) || 'Failed to load configuration',
                  files: [],
                },
              });
              break;
            }
            default:
              break;
          }
    
          const candidate = asRecord(data.message);
          if (candidate) {
            const text = extractMessageText(candidate as Message);
            if (text && asString(data.type) === "appendPrompt") {
              const current = getState().inputValue;
              dispatch({
                type: "SET_INPUT_VALUE",
                payload: current ? `${current}\n}${text}` : text,
              });
            }
          }
        } catch (error) {
          webviewLogger.error('Error processing message', {
            error: error instanceof Error ? error.message : String(error),
            stack: error instanceof Error ? error.stack : undefined,
            eventType: asString((event.data as { type?: unknown })?.type),
            eventData: event.data
          });
        }
      };
    }
    
  operator: 'match'
  stack: |-
    TestContext.<anonymous> (file:///E:/Projects/vscode-opencode/tests/regression/streaming-progress-regression.test.mjs:179:10)
    Test.runInAsyncScope (node:async_hooks:214:14)
    Test.run (node:internal/test_runner/test:1047:25)
    Test.processPendingSubtests (node:internal/test_runner/test:744:18)
    Test.postRun (node:internal/test_runner/test:1173:19)
    Test.run (node:internal/test_runner/test:1101:12)
    async Test.processPendingSubtests (node:internal/test_runner/test:744:7)
  ...
# Subtest: message.updated finish toggles streaming lifecycle correctly
ok 789 - message.updated finish toggles streaming lifecycle correctly
  ---
  duration_ms: 2.0853
  type: 'test'
  ...
# Subtest: streamEventEnrich applies async diff stats to active streaming step
ok 790 - streamEventEnrich applies async diff stats to active streaming step
  ---
  duration_ms: 1.453
  type: 'test'
  ...
# Subtest: streamEventEnrich preserves structured activityDetail enrichments
ok 791 - streamEventEnrich preserves structured activityDetail enrichments
  ---
  duration_ms: 1.9436
  type: 'test'
  ...
# Subtest: messageResponse remaps subagent parent message ids when stream and final ids differ
ok 792 - messageResponse remaps subagent parent message ids when stream and final ids differ
  ---
  duration_ms: 2.0557
  type: 'test'
  ...
# Subtest: normalizeMessage picks the richest available final content candidate
ok 793 - normalizeMessage picks the richest available final content candidate
  ---
  duration_ms: 6.3345
  type: 'test'
  ...
# Subtest: messageResponse finalization preserves latest streaming snapshot even when IDs differ
ok 794 - messageResponse finalization preserves latest streaming snapshot even when IDs differ
  ---
  duration_ms: 1.8993
  type: 'test'
  ...
# Subtest: normalizeActivitySteps merges raw-response debug parts with explicit raw_debug source tagging
ok 795 - normalizeActivitySteps merges raw-response debug parts with explicit raw_debug source tagging
  ---
  duration_ms: 1.3366
  type: 'test'
  ...
# Subtest: activity extraction supports non-tool raw part types and routes internal tool events
ok 796 - activity extraction supports non-tool raw part types and routes internal tool events
  ---
  duration_ms: 13.4528
  type: 'test'
  ...
# Subtest: activity normalization uses one canonical helper shared by streaming and history paths
ok 797 - activity normalization uses one canonical helper shared by streaming and history paths
  ---
  duration_ms: 2.4948
  type: 'test'
  ...
# Subtest: parts-based activity fallback keeps streaming-style tool titles
ok 798 - parts-based activity fallback keeps streaming-style tool titles
  ---
  duration_ms: 0.6309
  type: 'test'
  ...
# Subtest: timeline parser recognizes compact single-word tool titles from hydrated history
ok 799 - timeline parser recognizes compact single-word tool titles from hydrated history
  ---
  duration_ms: 0.8607
  type: 'test'
  ...
# Subtest: parts fallback merges duplicate callID tool rows and preserves enriched metadata
ok 800 - parts fallback merges duplicate callID tool rows and preserves enriched metadata
  ---
  duration_ms: 0.5974
  type: 'test'
  ...
# Subtest: canonical activity steps preserve id/callID/streamSeq/diffStats across finalize and reload
ok 801 - canonical activity steps preserve id/callID/streamSeq/diffStats across finalize and reload
  ---
  duration_ms: 3.0004
  type: 'test'
  ...
# Subtest: canonical activity steps preserve activityDetail across merge and parts fallback
ok 802 - canonical activity steps preserve activityDetail across merge and parts fallback
  ---
  duration_ms: 2.8776
  type: 'test'
  ...
# Subtest: partsWithStreamingContent preserves non-text parts while replacing text payload
ok 803 - partsWithStreamingContent preserves non-text parts while replacing text payload
  ---
  duration_ms: 0.5357
  type: 'test'
  ...
# Subtest: subagent updates bind active streaming card to parent message id
ok 804 - subagent updates bind active streaming card to parent message id
  ---
  duration_ms: 1.4106
  type: 'test'
  ...
# Subtest: subagent map synchronization persists updated assistant message snapshots
ok 805 - subagent map synchronization persists updated assistant message snapshots
  ---
  duration_ms: 1.3521
  type: 'test'
  ...
# Subtest: subagent map synchronization rebinds orphaned parent message ids from streaming snapshots
ok 806 - subagent map synchronization rebinds orphaned parent message ids from streaming snapshots
  ---
  duration_ms: 0.6775
  type: 'test'
  ...
# Subtest: message timeline keeps placeholder starting/finishing steps for full progress visibility
ok 807 - message timeline keeps placeholder starting/finishing steps for full progress visibility
  ---
  duration_ms: 0.7302
  type: 'test'
  ...
# Subtest: completed activity prefers canonical message.steps over progressEvents fallback
ok 808 - completed activity prefers canonical message.steps over progressEvents fallback
  ---
  duration_ms: 1.1139
  type: 'test'
  ...
# Subtest: thinking timeline groups preserve all reasoning chunks instead of only the last chunk
ok 809 - thinking timeline groups preserve all reasoning chunks instead of only the last chunk
  ---
  duration_ms: 0.87
  type: 'test'
  ...
# Subtest: webview message handler logs incoming stream events for diagnostics
ok 810 - webview message handler logs incoming stream events for diagnostics
  ---
  duration_ms: 2.0579
  type: 'test'
  ...
# Subtest: messageResponse handler preserves streaming state for non-matching messages
ok 811 - messageResponse handler preserves streaming state for non-matching messages
  ---
  duration_ms: 7.0835
  type: 'test'
  ...
# Subtest: messageResponse handler only clears streaming state for matching message IDs
ok 812 - messageResponse handler only clears streaming state for matching message IDs
  ---
  duration_ms: 5.6894
  type: 'test'
  ...
# Subtest: messageResponse handler prevents clearing streaming state for system messages
ok 813 - messageResponse handler prevents clearing streaming state for system messages
  ---
  duration_ms: 14.0076
  type: 'test'
  ...
# Subtest: messageResponse handler captures streaming state before dispatching SET_MESSAGES
ok 814 - messageResponse handler captures streaming state before dispatching SET_MESSAGES
  ---
  duration_ms: 2.6765
  type: 'test'
  ...
# Subtest: subagent snapshot hydration rebinds orphaned streaming parent IDs to hydrated assistant messages
ok 815 - subagent snapshot hydration rebinds orphaned streaming parent IDs to hydrated assistant messages
  ---
  duration_ms: 3.9001
  type: 'test'
  ...
# Subtest: session history merge waits for persisted-state initialization
ok 816 - session history merge waits for persisted-state initialization
  ---
  duration_ms: 1.2233
  type: 'test'
  ...
# Subtest: spawned subagent list container is scrollable
ok 817 - spawned subagent list container is scrollable
  ---
  duration_ms: 0.7783
  type: 'test'
  ...
# Subtest: subagent.parentMessageId is strictly mapped to finalMessageId before finalizing messages
ok 818 - subagent.parentMessageId is strictly mapped to finalMessageId before finalizing messages
  ---
  duration_ms: 1.0231
  type: 'test'
  ...
# Subtest: hydration freezes stale running subagents and recalculates duration from completed timestamps
ok 819 - hydration freezes stale running subagents and recalculates duration from completed timestamps
  ---
  duration_ms: 5.4181
  type: 'test'
  ...
# Subtest: structured subagents delta updates are merged into UI state
ok 820 - structured subagents delta updates are merged into UI state
  ---
  duration_ms: 8.3864
  type: 'test'
  ...
# Subtest: empty subagent snapshots do not clobber already-rendered subagent UI
ok 821 - empty subagent snapshots do not clobber already-rendered subagent UI
  ---
  duration_ms: 1.3873
  type: 'test'
  ...
# Subtest: subagent structured output falls back to compact summary text
ok 822 - subagent structured output falls back to compact summary text
  ---
  duration_ms: 1.0042
  type: 'test'
  ...
# Subtest: system message deduplication includes system role in text-based deduplication
ok 823 - system message deduplication includes system role in text-based deduplication
  ---
  duration_ms: 9.0047
  type: 'test'
  ...
# Subtest: system message deduplication prevents duplicate <auto-slash-command> messages
ok 824 - system message deduplication prevents duplicate <auto-slash-command> messages
  ---
  duration_ms: 1.2686
  type: 'test'
  ...
# Subtest: system message deduplication uses normalized text for comparison
ok 825 - system message deduplication uses normalized text for comparison
  ---
  duration_ms: 1.2095
  type: 'test'
  ...
# Subtest: REGRESSION: system messages should not be filtered out (hasRenderableHistoryPayload)
ok 826 - REGRESSION: system messages should not be filtered out (hasRenderableHistoryPayload)
  ---
  duration_ms: 13.7375
  type: 'test'
  ...
# Subtest: REGRESSION: system messages should not be filtered out (isRenderableHistoryMessage)
ok 827 - REGRESSION: system messages should not be filtered out (isRenderableHistoryMessage)
  ---
  duration_ms: 2.8109
  type: 'test'
  ...
# Subtest: REGRESSION: system messages must be converted to system role in webview
ok 828 - REGRESSION: system messages must be converted to system role in webview
  ---
  duration_ms: 3.451
  type: 'test'
  ...
# Subtest: REGRESSION: SystemMessage component must be used for system role messages
ok 829 - REGRESSION: SystemMessage component must be used for system role messages
  ---
  duration_ms: 1.9258
  type: 'test'
  ...
# Subtest: REGRESSION: all system reminder patterns must be detected
ok 830 - REGRESSION: all system reminder patterns must be detected
  ---
  duration_ms: 2.0682
  type: 'test'
  ...
# Subtest: REGRESSION: system messages must not be treated as assistant messages
ok 831 - REGRESSION: system messages must not be treated as assistant messages
  ---
  duration_ms: 1.9872
  type: 'test'
  ...
# Subtest: REGRESSION: bracket pattern must only match valid system messages
ok 832 - REGRESSION: bracket pattern must only match valid system messages
  ---
  duration_ms: 6.9662
  type: 'test'
  ...
# Subtest: REGRESSION: system message fix must work end-to-end
ok 833 - REGRESSION: system message fix must work end-to-end
  ---
  duration_ms: 6.5417
  type: 'test'
  ...
# Subtest: REGRESSION: verify comments are in place to prevent accidental removal
ok 834 - REGRESSION: verify comments are in place to prevent accidental removal
  ---
  duration_ms: 9.9775
  type: 'test'
  ...
# Subtest: system message handler checks for active streaming before dispatching SET_MESSAGES
ok 835 - system message handler checks for active streaming before dispatching SET_MESSAGES
  ---
  duration_ms: 2.4312
  type: 'test'
  ...
# Subtest: system message handler preserves streaming state during message part updates
ok 836 - system message handler preserves streaming state during message part updates
  ---
  duration_ms: 1.4492
  type: 'test'
  ...
# Subtest: system messages are not immediately added to messages array during streaming
ok 837 - system messages are not immediately added to messages array during streaming
  ---
  duration_ms: 3.3561
  type: 'test'
  ...
# Subtest: timeout recovery marker comparison does not assume iterable message arrays
ok 838 - timeout recovery marker comparison does not assume iterable message arrays
  ---
  duration_ms: 3.2494
  type: 'test'
  ...
# Subtest: GeminiTokenUsageTracker uses async file I/O to prevent blocking
ok 839 - GeminiTokenUsageTracker uses async file I/O to prevent blocking
  ---
  duration_ms: 4.5494
  type: 'test'
  ...
# Subtest: GeminiTokenUsageTracker implements debouncing to reduce write frequency
ok 840 - GeminiTokenUsageTracker implements debouncing to reduce write frequency
  ---
  duration_ms: 2.7052
  type: 'test'
  ...
# Subtest: GeminiTokenUsageTracker implements fire-and-forget pattern
ok 841 - GeminiTokenUsageTracker implements fire-and-forget pattern
  ---
  duration_ms: 1.8456
  type: 'test'
  ...
# Subtest: GeminiTokenUsageTracker maintains data integrity with async saves
ok 842 - GeminiTokenUsageTracker maintains data integrity with async saves
  ---
  duration_ms: 1.0988
  type: 'test'
  ...
# Subtest: GeminiTokenUsageTracker handles async initialization
ok 843 - GeminiTokenUsageTracker handles async initialization
  ---
  duration_ms: 0.9235
  type: 'test'
  ...
# Subtest: GeminiTokenUsageTracker uses debouncing for reset operation
ok 844 - GeminiTokenUsageTracker uses debouncing for reset operation
  ---
  duration_ms: 1.5313
  type: 'test'
  ...
# Subtest: GeminiTokenUsageTracker properly handles disposal with pending saves
ok 845 - GeminiTokenUsageTracker properly handles disposal with pending saves
  ---
  duration_ms: 1.0094
  type: 'test'
  ...
# Subtest: GeminiTokenUsageTracker performance optimization summary
ok 846 - GeminiTokenUsageTracker performance optimization summary
  ---
  duration_ms: 1.0503
  type: 'test'
  ...
# Subtest: MessageStreamService implements SSE streaming using SDK
not ok 847 - MessageStreamService implements SSE streaming using SDK
  ---
  duration_ms: 15.0057
  type: 'test'
  location: 'E:\\Projects\\vscode-opencode\\tests\\services\\message-stream-service.test.mjs:28:1'
  failureType: 'testCodeFailure'
  error: 'startListening should consume the /event stream'
  code: 'ERR_ASSERTION'
  name: 'AssertionError'
  expected:
  actual: |-
    
        this.clearReconnectTimer();
        this.recentEventSignatures.clear();
    
        // Close existing connection if any
        this.stopListening();
    
        this.abortController = new AbortController();
        const abortSignal = this.abortController.signal;
        const startTime = Date.now();
    
        this.logger.info("Starting SDK-based SSE listener");
    
        try {
          const client = await this.serverManager.ensureRunning();
          const workspaceDirectory =
            vscode.workspace.workspaceFolders?.[0]?.uri.scheme === "file"
              ? vscode.workspace.workspaceFolders?.[0]?.uri.fsPath
                .replace(/\\/g, "/")
                .replace(/\/+$/, "")
              : undefined;
          if (workspaceDirectory) {
            this.logger.debug("Workspace directory for stream filtering", {
              workspaceDirectory,
            });
          }
          const eventSubscribeOptions = workspaceDirectory
            ? {
              query: { directory: workspaceDirectory },
              onSseEvent: (sseEvent: unknown) => {
                const rec = this.asRecord(sseEvent);
                const data = rec?.data;
                const eventHints = this.extractEventTypeHints(data);
                const eventType = eventHints[0];
                if (!this.isHeartbeatEvent(eventType) && this.shouldVerboseStreamDebug()) {
                  this.logger.debug("/event SSE frame", {
                    eventType: eventType || "unknown",
                    eventName:
                      typeof rec?.event === "string" ? rec.event : undefined,
                    lastEventId:
                      typeof rec?.id === "string" ? rec.id : undefined,
                    preview: this.asPreview(
                      typeof data === "string"
                        ? data
                        : JSON.stringify(this.sanitizeForLogging(data)),
                    ),
                  });
                }
              },
              onSseError: (error: unknown) => {
                this.logger.error("/event SSE callback error", {}, error as Error);
              },
            }
            : {
              onSseEvent: (sseEvent: unknown) => {
                const rec = this.asRecord(sseEvent);
                const data = rec?.data;
                const eventHints = this.extractEventTypeHints(data);
                const eventType = eventHints[0];
                if (!this.isHeartbeatEvent(eventType) && this.shouldVerboseStreamDebug()) {
                  this.logger.debug("/event SSE frame", {
                    eventType: eventType || "unknown",
                    eventName:
                      typeof rec?.event === "string" ? rec.event : undefined,
                    lastEventId:
                      typeof rec?.id === "string" ? rec.id : undefined,
                    preview: this.asPreview(
                      typeof data === "string"
                        ? data
                        : JSON.stringify(this.sanitizeForLogging(data)),
                    ),
                  });
                }
              },
              onSseError: (error: unknown) => {
                this.logger.error("/event SSE callback error", {}, error as Error);
              },
            };
          this.logger.info("Subscribing to /event", {
            directory: workspaceDirectory,
          });
          let events;
          try {
            events = await client.event.subscribe(eventSubscribeOptions);
          } catch (subscribeError) {
            // if (!workspaceDirectory) {
            //   throw subscribeError;
            // }
            // console.warn(
            //   "[MessageStreamService] Scoped /event subscription failed, retrying without directory query:",
            //   subscribeError,
            // );
            // events = await client.event.subscribe({
            //   onSseEvent: (sseEvent: unknown) => {
            //     const rec = this.asRecord(sseEvent);
            //     const data = rec?.data;
            //     const eventHints = this.extractEventTypeHints(data);
            //     const eventType = eventHints[0];
            //     if (!this.isHeartbeatEvent(eventType)) {
            //       console.log("[MessageStreamService] /event SSE frame", {
            //         eventType: eventType || "unknown",
            //         eventName: typeof rec?.event === "string" ? rec.event : undefined,
            //         lastEventId: typeof rec?.id === "string" ? rec.id : undefined,
            //         preview: this.asPreview(
            //           typeof data === "string"
            //             ? data
            //             : JSON.stringify(this.sanitizeForLogging(data)),
            //         ),
            //       });
            //     }
            //   },
            //   onSseError: (error: unknown) => {
            //     console.error("[MessageStreamService] /event SSE callback error:", error);
            //   },
            // });
          }
    
          this.logger.performance("Connection established", Date.now() - startTime, {
            endpoint: "/event",
          });
    
          const streamTasks: Array<Promise<void>> = [
            this.consumeEventStream(
              events!.stream,
              "/event",
              abortSignal,
              workspaceDirectory,
              startTime,
            ),
          ];
          if (client.global && typeof client.global.event === "function") {
            try {
              this.logger.info("Subscribing to /global/event (fallback channel)");
              const globalEvents = await client.global.event({
                onSseEvent: (sseEvent: unknown) => {
                  const rec = this.asRecord(sseEvent);
                  const data = rec?.data;
                  const eventHints = this.extractEventTypeHints(data);
                  const eventType = eventHints[0];
                  if (!this.isHeartbeatEvent(eventType) && this.shouldVerboseStreamDebug()) {
                    this.logger.debug("/global/event SSE frame", {
                      eventType: eventType || "unknown",
                      eventName:
                        typeof rec?.event === "string" ? rec.event : undefined,
                      lastEventId:
                        typeof rec?.id === "string" ? rec.id : undefined,
                      preview: this.asPreview(
                        typeof data === "string"
                          ? data
                          : JSON.stringify(this.sanitizeForLogging(data)),
                      ),
                    });
                  }
                },
                onSseError: (error: unknown) => {
                  this.logger.error("/global/event SSE callback error", {}, error as Error);
                },
              });
              streamTasks.push(
                this.consumeEventStream(
                  globalEvents.stream,
                  "/global/event",
                  abortSignal,
                  workspaceDirectory,
                  startTime,
                ),
              );
            } catch (globalEventError) {
              this.logger.warn("Failed to subscribe to /global/event fallback", {
                error: globalEventError instanceof Error ? globalEventError.message : String(globalEventError),
              });
            }
          }
    
          const streamResults = await Promise.allSettled(streamTasks);
          const rejectedStream = streamResults.find(
            (result): result is PromiseRejectedResult => result.status === "rejected",
          );
          if (rejectedStream && !abortSignal.aborted) {
            throw rejectedStream.reason;
          }
        } catch (error: any) {
          if (error.name === "AbortError" || abortSignal.aborted) {
            this.logger.info("Listening aborted");
            return;
          }
    
          this.logger.error("SSE stream error", {}, error);
          // Auto-reconnect after 5 seconds
          if (this.reconnectTimer) {
            return;
          }
          this.reconnectTimer = setTimeout(() => {
            this.reconnectTimer = null;
            if (this.callbacks.size > 0) {
              this.startListening().catch((err) => {
                this.logger.error("Auto-reconnect failed", {}, err as Error);
              });
            }
          }, 5000);
        }
      
  operator: 'match'
  stack: |-
    TestContext.<anonymous> (file:///E:/Projects/vscode-opencode/tests/services/message-stream-service.test.mjs:43:10)
    Test.runInAsyncScope (node:async_hooks:214:14)
    Test.run (node:internal/test_runner/test:1047:25)
    Test.start (node:internal/test_runner/test:944:17)
    startSubtestAfterBootstrap (node:internal/test_runner/harness:296:17)
  ...
# Subtest: MessageStreamService implements subscriber pattern with auto-lifecycle
ok 848 - MessageStreamService implements subscriber pattern with auto-lifecycle
  ---
  duration_ms: 1.2589
  type: 'test'
  ...
# Subtest: MessageStreamService handles abort and auto-reconnect on errors
ok 849 - MessageStreamService handles abort and auto-reconnect on errors
  ---
  duration_ms: 1.6062
  type: 'test'
  ...
# Subtest: MessageStreamService cleans up resources properly on dispose
ok 850 - MessageStreamService cleans up resources properly on dispose
  ---
  duration_ms: 0.9913
  type: 'test'
  ...
# Subtest: MessageStreamService uses AbortController for proper cancellation
ok 851 - MessageStreamService uses AbortController for proper cancellation
  ---
  duration_ms: 1.6096
  type: 'test'
  ...
# Subtest: MessageStreamService notifies all callbacks with error isolation
ok 852 - MessageStreamService notifies all callbacks with error isolation
  ---
  duration_ms: 1.5946
  type: 'test'
  ...
# Subtest: MessageStreamService normalizes GlobalEvent wrappers from SDK
ok 853 - MessageStreamService normalizes GlobalEvent wrappers from SDK
  ---
  duration_ms: 1.4513
  type: 'test'
  ...
# Subtest: MessageStreamService filters global events to active workspace and dedupes mirrored events
ok 854 - MessageStreamService filters global events to active workspace and dedupes mirrored events
  ---
  duration_ms: 1.2023
  type: 'test'
  ...
# Subtest: ChatViewProvider integrates MessageStreamService for event streaming
ok 855 - ChatViewProvider integrates MessageStreamService for event streaming
  ---
  duration_ms: 3.4207
  type: 'test'
  ...
# Subtest: QuotaService implements core service structure
ok 856 - QuotaService implements core service structure
  ---
  duration_ms: 4.3386
  type: 'test'
  ...
# Subtest: QuotaService implements auto-refresh lifecycle
ok 857 - QuotaService implements auto-refresh lifecycle
  ---
  duration_ms: 2.087
  type: 'test'
  ...
# Subtest: QuotaService implements quota refresh orchestration
ok 858 - QuotaService implements quota refresh orchestration
  ---
  duration_ms: 1.7812
  type: 'test'
  ...
# Subtest: QuotaService implements OpenAI quota fetching
ok 859 - QuotaService implements OpenAI quota fetching
  ---
  duration_ms: 3.4748
  type: 'test'
  ...
# Subtest: QuotaService implements Zhipu/ZAI quota fetching
ok 860 - QuotaService implements Zhipu/ZAI quota fetching
  ---
  duration_ms: 4.63
  type: 'test'
  ...
# Subtest: QuotaService implements GitHub Copilot quota fetching
ok 861 - QuotaService implements GitHub Copilot quota fetching
  ---
  duration_ms: 2.0223
  type: 'test'
  ...
# Subtest: QuotaService implements Google/Antigravity quota fetching
ok 862 - QuotaService implements Google/Antigravity quota fetching
  ---
  duration_ms: 3.3267
  type: 'test'
  ...
# Subtest: QuotaService implements HTTPS request helpers
ok 863 - QuotaService implements HTTPS request helpers
  ---
  duration_ms: 1.4122
  type: 'test'
  ...
# Subtest: QuotaService implements formatting helpers
ok 864 - QuotaService implements formatting helpers
  ---
  duration_ms: 2.4916
  type: 'test'
  ...
# Subtest: QuotaService implements platform detection
ok 865 - QuotaService implements platform detection
  ---
  duration_ms: 3.9149
  type: 'test'
  ...
# Subtest: QuotaService implements disposal
ok 866 - QuotaService implements disposal
  ---
  duration_ms: 1.0229
  type: 'test'
  ...
# Subtest: QuotaService defines API endpoints
ok 867 - QuotaService defines API endpoints
  ---
  duration_ms: 0.7108
  type: 'test'
  ...
# Subtest: QuotaService defines Google model configuration
ok 868 - QuotaService defines Google model configuration
  ---
  duration_ms: 0.8431
  type: 'test'
  ...
# Subtest: QuotaService defines Copilot plan limits
ok 869 - QuotaService defines Copilot plan limits
  ---
  duration_ms: 0.7878
  type: 'test'
  ...
# Subtest: QuotaService defines file paths
ok 870 - QuotaService defines file paths
  ---
  duration_ms: 2.0901
  type: 'test'
  ...
# Subtest: QuotaService implements error handling
ok 871 - QuotaService implements error handling
  ---
  duration_ms: 1.4828
  type: 'test'
  ...
# Subtest: QuotaService integrates with GeminiTokenUsageTracker
ok 872 - QuotaService integrates with GeminiTokenUsageTracker
  ---
  duration_ms: 1.3371
  type: 'test'
  ...
# Subtest: QuotaService handles request timeout
ok 873 - QuotaService handles request timeout
  ---
  duration_ms: 1.0757
  type: 'test'
  ...
# Subtest: QuotaService normalizes platform IDs
ok 874 - QuotaService normalizes platform IDs
  ---
  duration_ms: 2.7599
  type: 'test'
  ...
# Subtest: QuotaService implements percent bar utility
ok 875 - QuotaService implements percent bar utility
  ---
  duration_ms: 0.6158
  type: 'test'
  ...
# Subtest: QuotaService handles conditional platform fetching
ok 876 - QuotaService handles conditional platform fetching
  ---
  duration_ms: 1.1495
  type: 'test'
  ...
# Subtest: RequestBudgeter implements configuration management
ok 877 - RequestBudgeter implements configuration management
  ---
  duration_ms: 4.0852
  type: 'test'
  ...
# Subtest: RequestBudgeter implements configuration persistence
ok 878 - RequestBudgeter implements configuration persistence
  ---
  duration_ms: 1.7677
  type: 'test'
  ...
# Subtest: RequestBudgeter implements plan management
ok 879 - RequestBudgeter implements plan management
  ---
  duration_ms: 1.008
  type: 'test'
  ...
# Subtest: RequestBudgeter implements usage tracking
ok 880 - RequestBudgeter implements usage tracking
  ---
  duration_ms: 2.4554
  type: 'test'
  ...
# Subtest: RequestBudgeter implements budget status calculations
ok 881 - RequestBudgeter implements budget status calculations
  ---
  duration_ms: 2.6121
  type: 'test'
  ...
# Subtest: RequestBudgeter implements request enforcement
ok 882 - RequestBudgeter implements request enforcement
  ---
  duration_ms: 2.3138
  type: 'test'
  ...
# Subtest: RequestBudgeter implements recommendations and advice
not ok 883 - RequestBudgeter implements recommendations and advice
  ---
  duration_ms: 3.555
  type: 'test'
  location: 'E:\\Projects\\vscode-opencode\\tests\\services\\request-budgeter.test.mjs:122:1'
  failureType: 'testCodeFailure'
  error: 'getAdvice should check projected vs actual'
  code: 'ERR_ASSERTION'
  name: 'AssertionError'
  expected:
  actual: |-
    
        const status = this.getBudgetStatus();
        const advice: string[] = [];
    
        if (!status.onTrack) {
          advice.push(
            "⚠️  You're using requests faster than planned. Consider reducing usage to avoid running out.",
          );
        }
    
        const plan = this.getPlan();
        if (status.projectedMonthlyUsage > plan.monthlyQuota) {
          advice.push(
            `🚨 At your current rate, you'll run out ${status.daysRemaining} days early! Reduce to ${status.recommendedDailyLimit} requests/day.`,
          );
        }
    
        const optimalDaily = this.getOptimalDailyLimit();
        const currentDaily = status.currentDailyBudget?.dailyAllowance ?? 0;
    
        if (optimalDaily < currentDaily && optimalDaily > 0) {
          advice.push(
            `💡 Consider reducing to ${optimalDaily} requests/day to last the month.`,
          );
        }
    
        if (
          status.daysRemaining <= 5 &&
          status.currentDailyBudget?.remaining === 0
        ) {
          advice.push("📅 Month is almost over. Your quota will reset soon!");
        }
    
        if (advice.length === 0) {
          advice.push(
            "✅ You're on track! Keep using requests at your current pace.",
          );
        }
    
        return advice;
      
  operator: 'match'
  stack: |-
    TestContext.<anonymous> (file:///E:/Projects/vscode-opencode/tests/services/request-budgeter.test.mjs:134:10)
    Test.runInAsyncScope (node:async_hooks:214:14)
    Test.run (node:internal/test_runner/test:1047:25)
    Test.processPendingSubtests (node:internal/test_runner/test:744:18)
    Test.postRun (node:internal/test_runner/test:1173:19)
    Test.run (node:internal/test_runner/test:1101:12)
    async Test.processPendingSubtests (node:internal/test_runner/test:744:7)
  ...
# Subtest: RequestBudgeter implements baseline management
ok 884 - RequestBudgeter implements baseline management
  ---
  duration_ms: 3.4301
  type: 'test'
  ...
# Subtest: RequestBudgeter implements reset and clear operations
ok 885 - RequestBudgeter implements reset and clear operations
  ---
  duration_ms: 3.3657
  type: 'test'
  ...
# Subtest: RequestBudgeter implements usage statistics
ok 886 - RequestBudgeter implements usage statistics
  ---
  duration_ms: 2.6721
  type: 'test'
  ...
# Subtest: RequestBudgeter implements persistence layer
ok 887 - RequestBudgeter implements persistence layer
  ---
  duration_ms: 1.9132
  type: 'test'
  ...
# Subtest: RequestBudgeter implements date utility functions
ok 888 - RequestBudgeter implements date utility functions
  ---
  duration_ms: 1.0185
  type: 'test'
  ...
# Subtest: RequestBudgeter exports singleton instance
ok 889 - RequestBudgeter exports singleton instance
  ---
  duration_ms: 0.5522
  type: 'test'
  ...
# Subtest: RequestBudgeter handles edge cases
ok 890 - RequestBudgeter handles edge cases
  ---
  duration_ms: 1.9503
  type: 'test'
  ...
# Subtest: session service implements core CRUD operations and active-session fallback behavior
ok 891 - session service implements core CRUD operations and active-session fallback behavior
  ---
  duration_ms: 7.5992
  type: 'test'
  ...
# Subtest: session service merges server/local messages and keeps richer duplicates
ok 892 - session service merges server/local messages and keeps richer duplicates
  ---
  duration_ms: 2.6177
  type: 'test'
  ...
# Subtest: session service compaction preserves rich assistant metadata used by history UI
ok 893 - session service compaction preserves rich assistant metadata used by history UI
  ---
  duration_ms: 1.3276
  type: 'test'
  ...
# Subtest: history sidebar emits session create/switch/delete events to extension
ok 894 - history sidebar emits session create/switch/delete events to extension
  ---
  duration_ms: 2.7275
  type: 'test'
  ...
# Subtest: chat provider routes session CRUD messages and handles delete edge cases
ok 895 - chat provider routes session CRUD messages and handles delete edge cases
  ---
  duration_ms: 4.3257
  type: 'test'
  ...
# Subtest: chat provider preserves conversation context when recreating missing server sessions
ok 896 - chat provider preserves conversation context when recreating missing server sessions
  ---
  duration_ms: 4.7158
  type: 'test'
  ...
# Subtest: chat provider refreshes sessions list during message handling
ok 897 - chat provider refreshes sessions list during message handling
  ---
  duration_ms: 2.0002
  type: 'test'
  ...
# Subtest: chat provider negotiates structured json transport and caches per model
ok 898 - chat provider negotiates structured json transport and caches per model # SKIP
  ---
  duration_ms: 4.2869
  type: 'test'
  ...
# Subtest: chat provider validates transport by structured payload signal
ok 899 - chat provider validates transport by structured payload signal # SKIP
  ---
  duration_ms: 0.4837
  type: 'test'
  ...
# Subtest: chat provider applies strict structured error fallback without hardcoded prose
ok 900 - chat provider applies strict structured error fallback without hardcoded prose # SKIP
  ---
  duration_ms: 0.4591
  type: 'test'
  ...
# Subtest: chat provider enriches streaming events with structured metadata
ok 901 - chat provider enriches streaming events with structured metadata # SKIP
  ---
  duration_ms: 0.3291
  type: 'test'
  ...
# Subtest: chat provider keeps reasoning parts intact when applying structured output text
ok 902 - chat provider keeps reasoning parts intact when applying structured output text # SKIP
  ---
  duration_ms: 0.631
  type: 'test'
  ...
# Subtest: chat provider uses structured assistant message as source of truth
ok 903 - chat provider uses structured assistant message as source of truth # SKIP
  ---
  duration_ms: 0.309
  type: 'test'
  ...
# Subtest: chat provider enables structured output for all prompts when schema mode is available
ok 904 - chat provider enables structured output for all prompts when schema mode is available # SKIP
  ---
  duration_ms: 0.5817
  type: 'test'
  ...
# Subtest: chat provider does not coerce malformed question payloads into synthetic options
ok 905 - chat provider does not coerce malformed question payloads into synthetic options # SKIP
  ---
  duration_ms: 0.3726
  type: 'test'
  ...
# Subtest: webview normalizer only parses structured output from explicit structured channels
ok 906 - webview normalizer only parses structured output from explicit structured channels # SKIP
  ---
  duration_ms: 0.9921
  type: 'test'
  ...
# Subtest: webview structured content fallback avoids synthetic default prose
ok 907 - webview structured content fallback avoids synthetic default prose # SKIP
  ---
  duration_ms: 1.1055
  type: 'test'
  ...
# Subtest: webview normalizeMessage can prefer streaming content for structured_output_invalid fallback
ok 908 - webview normalizeMessage can prefer streaming content for structured_output_invalid fallback # SKIP
  ---
  duration_ms: 1.882
  type: 'test'
  ...
# Subtest: chat provider does not synthesize structured fallback errors when non-text activity parts exist
ok 909 - chat provider does not synthesize structured fallback errors when non-text activity parts exist
  ---
  duration_ms: 3.8277
  type: 'test'
  ...
# Subtest: structured output validator enforces responseType specific requirements
ok 910 - structured output validator enforces responseType specific requirements
  ---
  duration_ms: 3.024
  type: 'test'
  ...
# Subtest: structured output validator recognizes subagentsDelta contract
ok 911 - structured output validator recognizes subagentsDelta contract
  ---
  duration_ms: 0.5171
  type: 'test'
  ...
# Subtest: structured output sanitizer lifts top-level question options in development payloads
ok 912 - structured output sanitizer lifts top-level question options in development payloads
  ---
  duration_ms: 0.5994
  type: 'test'
  ...
# Subtest: structured output validator rejects unrelated payload families for implementation plans
ok 913 - structured output validator rejects unrelated payload families for implementation plans
  ---
  duration_ms: 0.6727
  type: 'test'
  ...
# Subtest: structured output schema encodes implementation_plan exclusivity for data/error
not ok 914 - structured output schema encodes implementation_plan exclusivity for data/error
  ---
  duration_ms: 2.3738
  type: 'test'
  location: 'E:\\Projects\\vscode-opencode\\tests\\services\\structured-output-validator.test.mjs:94:1'
  failureType: 'testCodeFailure'
  error: 'source schema should include conditional contract rules'
  code: 'ERR_ASSERTION'
  name: 'AssertionError'
  expected:
  actual: |-
    /**
     * Simplified Structured Output Schema
     *
     * Following SDK best practices:
     * - Simple structure with clear descriptions
     * - Reduced response types to core use cases
     * - Removed complex conditional validation
     * - Flattened nested structures
     * - Increased retryCount from 1 to 2 (SDK default)
     */
    
    export type StructuredResponseType =
      | "message"
      | "implementation_plan"
      | "question"
      | "progress_update";
    
    export type StructuredOutputSchema = {
      type: "json_schema";
      retryCount?: number;
      schema: {
        type: "object";
        description?: string;
        additionalProperties: boolean;
        required?: string[];
        properties: Record<string, unknown>;
      };
    };
    
    export const structuredOutputSchema: StructuredOutputSchema = {
      type: "json_schema",
      retryCount: 2, // SDK default
      schema: {
        type: "object",
        description:
          "Return a JSON object with a responseType field. Use 'message' for normal responses, 'implementation_plan' for multi-step plans with a plan object, 'question' for user interactions with options, or 'progress_update' for execution steps.",
        additionalProperties: false,
        required: ["responseType"],
        properties: {
          responseType: {
            type: "string",
            enum: ["message", "implementation_plan", "question", "progress_update"],
            description:
              "Response type: 'message' for normal text, 'implementation_plan' for plans, 'question' for user choices, 'progress_update' for steps",
          },
    
          message: {
            type: "string",
            description: "User-facing text response for normal replies",
          },
    
          reasoning: {
            type: "array",
            items: { type: "string" },
            description: "Optional thinking trace for UI timeline",
          },
    
          plan: {
            type: "object",
            description: "Implementation plan with title and content",
            properties: {
              title: { type: "string", description: "Plan title" },
              file: { type: "string", description: "Plan file path if written to disk" },
              content: {
                type: "string",
                description: "Plan markdown content if not written to file",
              },
              summary: { type: "string", description: "One-line plan summary" },
            },
            required: ["title"],
          },
    
          question: {
            type: "object",
            description: "Interactive question requiring user input",
            properties: {
              question: { type: "string", description: "Question text to display" },
              type: {
                type: "string",
                enum: ["question", "confirm", "quick_actions"],
                description: "Interaction type",
              },
              options: {
                type: "array",
                description: "Available choices for the user",
                items: {
                  type: "object",
                  properties: {
                    label: { type: "string", description: "Option label" },
                    value: { type: "string", description: "Option value" },
                  },
                  required: ["label"],
                },
              },
            },
            required: ["question"],
          },
    
          progressUpdates: {
            type: "array",
            description: "Execution progress steps",
            items: {
              type: "object",
              properties: {
                title: { type: "string", description: "Step title" },
                status: {
                  type: "string",
                  enum: ["pending", "done", "error"],
                  description: "Step status",
                },
              },
              required: ["title", "status"],
            },
          },
        },
      },
    };
    
  operator: 'match'
  stack: |-
    TestContext.<anonymous> (file:///E:/Projects/vscode-opencode/tests/services/structured-output-validator.test.mjs:95:10)
    Test.runInAsyncScope (node:async_hooks:214:14)
    Test.run (node:internal/test_runner/test:1047:25)
    Test.processPendingSubtests (node:internal/test_runner/test:744:18)
    Test.postRun (node:internal/test_runner/test:1173:19)
    Test.run (node:internal/test_runner/test:1101:12)
    async Test.processPendingSubtests (node:internal/test_runner/test:744:7)
  ...
# Subtest: structured output validator enforces message payload requirement
ok 915 - structured output validator enforces message payload requirement
  ---
  duration_ms: 0.9837
  type: 'test'
  ...
# Subtest: webview validator stays aligned with interactive + subagentsDelta contracts
ok 916 - webview validator stays aligned with interactive + subagentsDelta contracts
  ---
  duration_ms: 1.3576
  type: 'test'
  ...
# Subtest: QuotaService extends EventEmitter for update broadcasts
ok 917 - QuotaService extends EventEmitter for update broadcasts
  ---
  duration_ms: 3.7168
  type: 'test'
  ...
# Subtest: refreshQuota caches latest quota data
ok 918 - refreshQuota caches latest quota data
  ---
  duration_ms: 1.3568
  type: 'test'
  ...
# Subtest: refreshQuota emits quotaUpdate event
ok 919 - refreshQuota emits quotaUpdate event
  ---
  duration_ms: 1.4868
  type: 'test'
  ...
# Subtest: refreshQuota constructs normalized QuotaData payload
ok 920 - refreshQuota constructs normalized QuotaData payload
  ---
  duration_ms: 1.577
  type: 'test'
  ...
# Subtest: QuotaService provides cachedData accessor
ok 921 - QuotaService provides cachedData accessor
  ---
  duration_ms: 2.4847
  type: 'test'
  ...
# Subtest: RequestBudgeter is exported as a class
ok 922 - RequestBudgeter is exported as a class
  ---
  duration_ms: 4.8378
  type: 'test'
  ...
# Subtest: RequestBudgeter exports singleton instance
ok 923 - RequestBudgeter exports singleton instance
  ---
  duration_ms: 0.9803
  type: 'test'
  ...
# Subtest: RequestBudgeter has DEFAULT_PLANS configuration
ok 924 - RequestBudgeter has DEFAULT_PLANS configuration
  ---
  duration_ms: 4.2591
  type: 'test'
  ...
# Subtest: RequestBudgeter constructor initializes config
ok 925 - RequestBudgeter constructor initializes config
  ---
  duration_ms: 1.2401
  type: 'test'
  ...
# Subtest: RequestBudgeter constructor initializes usage tracking
ok 926 - RequestBudgeter constructor initializes usage tracking
  ---
  duration_ms: 0.7492
  type: 'test'
  ...
# Subtest: RequestBudgeter constructor calls loadConfig and loadUsage
ok 927 - RequestBudgeter constructor calls loadConfig and loadUsage
  ---
  duration_ms: 0.5969
  type: 'test'
  ...
# Subtest: RequestBudgeter.loadConfig reads from config file
ok 928 - RequestBudgeter.loadConfig reads from config file
  ---
  duration_ms: 0.6407
  type: 'test'
  ...
# Subtest: RequestBudgeter.saveConfig writes to config file
ok 929 - RequestBudgeter.saveConfig writes to config file
  ---
  duration_ms: 0.6527
  type: 'test'
  ...
# Subtest: RequestBudgeter.getConfig returns config copy
ok 930 - RequestBudgeter.getConfig returns config copy
  ---
  duration_ms: 1.3706
  type: 'test'
  ...
# Subtest: RequestBudgeter.updateConfig merges and saves
ok 931 - RequestBudgeter.updateConfig merges and saves
  ---
  duration_ms: 2.4258
  type: 'test'
  ...
# Subtest: RequestBudgeter.setPlan validates plan exists
ok 932 - RequestBudgeter.setPlan validates plan exists
  ---
  duration_ms: 1.9203
  type: 'test'
  ...
# Subtest: RequestBudgeter.setPlan updates config and saves
ok 933 - RequestBudgeter.setPlan updates config and saves
  ---
  duration_ms: 0.812
  type: 'test'
  ...
# Subtest: RequestBudgeter.getPlan returns plan from DEFAULT_PLANS
ok 934 - RequestBudgeter.getPlan returns plan from DEFAULT_PLANS
  ---
  duration_ms: 0.3981
  type: 'test'
  ...
# Subtest: RequestBudgeter.loadUsage reads usage and baselines
ok 935 - RequestBudgeter.loadUsage reads usage and baselines
  ---
  duration_ms: 0.4767
  type: 'test'
  ...
# Subtest: RequestBudgeter.saveUsage writes usage and baselines
ok 936 - RequestBudgeter.saveUsage writes usage and baselines
  ---
  duration_ms: 0.6629
  type: 'test'
  ...
# Subtest: RequestBudgeter.recordRequest increments today's usage
ok 937 - RequestBudgeter.recordRequest increments today's usage
  ---
  duration_ms: 1.5278
  type: 'test'
  ...
# Subtest: RequestBudgeter.getUsageForDate returns usage or zero
ok 938 - RequestBudgeter.getUsageForDate returns usage or zero
  ---
  duration_ms: 0.9666
  type: 'test'
  ...
# Subtest: RequestBudgeter.getBaselineForDate returns baseline or null
ok 939 - RequestBudgeter.getBaselineForDate returns baseline or null
  ---
  duration_ms: 0.9445
  type: 'test'
  ...
# Subtest: RequestBudgeter.setBaselineForDate sets baseline and saves
ok 940 - RequestBudgeter.setBaselineForDate sets baseline and saves
  ---
  duration_ms: 0.6507
  type: 'test'
  ...
# Subtest: RequestBudgeter.getTotalUsageThisMonth sums all days
ok 941 - RequestBudgeter.getTotalUsageThisMonth sums all days
  ---
  duration_ms: 0.8476
  type: 'test'
  ...
# Subtest: RequestBudgeter.getBudgetStatus calculates daily allowance
ok 942 - RequestBudgeter.getBudgetStatus calculates daily allowance
  ---
  duration_ms: 0.8906
  type: 'test'
  ...
# Subtest: RequestBudgeter.getBudgetStatus calculates remaining today
ok 943 - RequestBudgeter.getBudgetStatus calculates remaining today
  ---
  duration_ms: 1.5659
  type: 'test'
  ...
# Subtest: RequestBudgeter.getBudgetStatus projects monthly usage
ok 944 - RequestBudgeter.getBudgetStatus projects monthly usage
  ---
  duration_ms: 1.0336
  type: 'test'
  ...
# Subtest: RequestBudgeter.getBudgetStatus checks if on track
ok 945 - RequestBudgeter.getBudgetStatus checks if on track
  ---
  duration_ms: 1.1385
  type: 'test'
  ...
# Subtest: RequestBudgeter.getBudgetStatus determines warning level
ok 946 - RequestBudgeter.getBudgetStatus determines warning level
  ---
  duration_ms: 1.2505
  type: 'test'
  ...
# Subtest: RequestBudgeter.canMakeRequest checks enabled
ok 947 - RequestBudgeter.canMakeRequest checks enabled
  ---
  duration_ms: 0.6829
  type: 'test'
  ...
# Subtest: RequestBudgeter.canMakeRequest checks enforceLimit
ok 948 - RequestBudgeter.canMakeRequest checks enforceLimit
  ---
  duration_ms: 1.2323
  type: 'test'
  ...
# Subtest: RequestBudgeter.canMakeRequest checks daily budget exceeded
ok 949 - RequestBudgeter.canMakeRequest checks daily budget exceeded
  ---
  duration_ms: 0.7675
  type: 'test'
  ...
# Subtest: RequestBudgeter.canMakeRequest checks monthly quota nearly exhausted
ok 950 - RequestBudgeter.canMakeRequest checks monthly quota nearly exhausted
  ---
  duration_ms: 1.0442
  type: 'test'
  ...
# Subtest: RequestBudgeter.getRecommendedDailyLimit returns status value
ok 951 - RequestBudgeter.getRecommendedDailyLimit returns status value
  ---
  duration_ms: 1.6176
  type: 'test'
  ...
# Subtest: RequestBudgeter.getUsageStats returns usage summary
ok 952 - RequestBudgeter.getUsageStats returns usage summary
  ---
  duration_ms: 4.2634
  type: 'test'
  ...
# Subtest: RequestBudgeter.getOptimalDailyLimit calculates based on remaining
ok 953 - RequestBudgeter.getOptimalDailyLimit calculates based on remaining
  ---
  duration_ms: 0.9881
  type: 'test'
  ...
# Subtest: RequestBudgeter.getAdvice provides warning when off track
ok 954 - RequestBudgeter.getAdvice provides warning when off track
  ---
  duration_ms: 0.7424
  type: 'test'
  ...
# Subtest: RequestBudgeter.getAdvice projects when quota will run out
not ok 955 - RequestBudgeter.getAdvice projects when quota will run out
  ---
  duration_ms: 1.7723
  type: 'test'
  location: 'E:\\Projects\\vscode-opencode\\tests\\unit\\RequestBudgeter.test.mjs:671:1'
  failureType: 'testCodeFailure'
  error: 'getAdvice should check if exceeding quota'
  code: 'ERR_ASSERTION'
  name: 'AssertionError'
  expected:
  actual: |-
    
        const status = this.getBudgetStatus();
        const advice: string[] = [];
    
        if (!status.onTrack) {
          advice.push(
            "⚠️  You're using requests faster than planned. Consider reducing usage to avoid running out.",
          );
        }
    
        const plan = this.getPlan();
        if (status.projectedMonthlyUsage > plan.monthlyQuota) {
          advice.push(
            `🚨 At your current rate, you'll run out ${status.daysRemaining} days early! Reduce to ${status.recommendedDailyLimit} requests/day.`,
          );
        }
    
        const optimalDaily = this.getOptimalDailyLimit();
        const currentDaily = status.currentDailyBudget?.dailyAllowance ?? 0;
    
        if (optimalDaily < currentDaily && optimalDaily > 0) {
          advice.push(
            `💡 Consider reducing to ${optimalDaily} requests/day to last the month.`,
          );
        }
    
        if (
          status.daysRemaining <= 5 &&
          status.currentDailyBudget?.remaining === 0
        ) {
          advice.push("📅 Month is almost over. Your quota will reset soon!");
        }
    
        if (advice.length === 0) {
          advice.push(
            "✅ You're on track! Keep using requests at your current pace.",
          );
        }
    
        return advice;
      
  operator: 'match'
  stack: |-
    TestContext.<anonymous> (file:///E:/Projects/vscode-opencode/tests/unit/RequestBudgeter.test.mjs:677:10)
    Test.runInAsyncScope (node:async_hooks:214:14)
    Test.run (node:internal/test_runner/test:1047:25)
    Test.processPendingSubtests (node:internal/test_runner/test:744:18)
    Test.postRun (node:internal/test_runner/test:1173:19)
    Test.run (node:internal/test_runner/test:1101:12)
    async Test.processPendingSubtests (node:internal/test_runner/test:744:7)
  ...
# Subtest: RequestBudgeter.getAdvice suggests reducing daily limit
ok 956 - RequestBudgeter.getAdvice suggests reducing daily limit
  ---
  duration_ms: 0.5396
  type: 'test'
  ...
# Subtest: RequestBudgeter.getAdvice provides positive feedback when on track
ok 957 - RequestBudgeter.getAdvice provides positive feedback when on track
  ---
  duration_ms: 0.7281
  type: 'test'
  ...
# Subtest: RequestBudgeter.clearUsage resets usage tracking
ok 958 - RequestBudgeter.clearUsage resets usage tracking
  ---
  duration_ms: 0.5746
  type: 'test'
  ...
# Subtest: RequestBudgeter.clearUsageForDate removes specific date
ok 959 - RequestBudgeter.clearUsageForDate removes specific date
  ---
  duration_ms: 2.9348
  type: 'test'
  ...
# Subtest: RequestBudgeter.resetConfig resets to defaults
ok 960 - RequestBudgeter.resetConfig resets to defaults
  ---
  duration_ms: 1.4753
  type: 'test'
  ...
# Subtest: RequestBudgeter defines config file paths
ok 961 - RequestBudgeter defines config file paths
  ---
  duration_ms: 0.8521
  type: 'test'
  ...
# Subtest: RequestBudgeter defines usage file paths
ok 962 - RequestBudgeter defines usage file paths
  ---
  duration_ms: 0.5401
  type: 'test'
  ...
# Subtest: RequestBudgeter uses os.homedir for config directory
ok 963 - RequestBudgeter uses os.homedir for config directory
  ---
  duration_ms: 0.4412
  type: 'test'
  ...
# Subtest: RequestBudgeter has helper functions
ok 964 - RequestBudgeter has helper functions
  ---
  duration_ms: 0.5652
  type: 'test'
  ...
# Subtest: RequestBudgeter.readJsonFile handles missing files
ok 965 - RequestBudgeter.readJsonFile handles missing files
  ---
  duration_ms: 0.7121
  type: 'test'
  ...
# Subtest: RequestBudgeter.readJsonFile handles parse errors
ok 966 - RequestBudgeter.readJsonFile handles parse errors
  ---
  duration_ms: 0.7576
  type: 'test'
  ...
# Subtest: RequestBudgeter.writeJsonFile creates directory if needed
ok 967 - RequestBudgeter.writeJsonFile creates directory if needed
  ---
  duration_ms: 0.9393
  type: 'test'
  ...
# Subtest: RequestBudgeter.writeJsonFile handles write errors
not ok 968 - RequestBudgeter.writeJsonFile handles write errors
  ---
  duration_ms: 0.8619
  type: 'test'
  location: 'E:\\Projects\\vscode-opencode\\tests\\unit\\RequestBudgeter.test.mjs:930:1'
  failureType: 'testCodeFailure'
  error: 'writeJsonFile should log errors'
  code: 'ERR_ASSERTION'
  name: 'AssertionError'
  expected:
  actual: |-
    
      try {
        const dir = path.dirname(filePath);
        if (!fs.existsSync(dir)) {
          fs.mkdirSync(dir, { recursive: true });
        }
        fs.writeFileSync(filePath, JSON.stringify(data, null, 2), 'utf8');
      } catch (error) {
        const logger = createLogger(LoggingCategories.EXTENSION);
        logger.error('Failed to write file', { filePath }, error as Error);
      }
    
  operator: 'match'
  stack: |-
    TestContext.<anonymous> (file:///E:/Projects/vscode-opencode/tests/unit/RequestBudgeter.test.mjs:941:10)
    Test.runInAsyncScope (node:async_hooks:214:14)
    Test.run (node:internal/test_runner/test:1047:25)
    Test.processPendingSubtests (node:internal/test_runner/test:744:18)
    Test.postRun (node:internal/test_runner/test:1173:19)
    Test.run (node:internal/test_runner/test:1101:12)
    async Test.processPendingSubtests (node:internal/test_runner/test:744:7)
  ...
# Subtest: RequestBudgeter.getTodayDate returns YYYY-MM-DD format
ok 969 - RequestBudgeter.getTodayDate returns YYYY-MM-DD format
  ---
  duration_ms: 0.7572
  type: 'test'
  ...
# Subtest: RequestBudgeter.getDaysInMonth calculates days in month
ok 970 - RequestBudgeter.getDaysInMonth calculates days in month
  ---
  duration_ms: 0.7787
  type: 'test'
  ...
# Subtest: RequestBudgeter.getDayOfMonth returns day of month
ok 971 - RequestBudgeter.getDayOfMonth returns day of month
  ---
  duration_ms: 0.7836
  type: 'test'
  ...
# Subtest: agent mentions are fetched from model and agent manager and sent to webview
ok 972 - agent mentions are fetched from model and agent manager and sent to webview
  ---
  duration_ms: 5.8079
  type: 'test'
  ...
# Subtest: agent mentions handler is properly wired in message router
ok 973 - agent mentions handler is properly wired in message router
  ---
  duration_ms: 1.6149
  type: 'test'
  ...
# Subtest: model and agent manager defines built-in agents
ok 974 - model and agent manager defines built-in agents
  ---
  duration_ms: 1.9028
  type: 'test'
  ...
# Subtest: webview message handler processes agentsList messages
ok 975 - webview message handler processes agentsList messages
  ---
  duration_ms: 6.575
  type: 'test'
  ...
# Subtest: webview triggers @ mention suggestions on @ character
ok 976 - webview triggers @ mention suggestions on @ character
  ---
  duration_ms: 2.8055
  type: 'test'
  ...
# Subtest: webview message handler processes commandsList messages
ok 977 - webview message handler processes commandsList messages
  ---
  duration_ms: 4.5172
  type: 'test'
  ...
# Subtest: backend ChatViewProvider filters internal system reminder messages from history
ok 978 - backend ChatViewProvider filters internal system reminder messages from history
  ---
  duration_ms: 4.4297
  type: 'test'
  ...
# Subtest: backend ChatViewProvider logs debug information for message processing
ok 979 - backend ChatViewProvider logs debug information for message processing
  ---
  duration_ms: 2.7274
  type: 'test'
  ...
# Subtest: backend ChatViewProvider does not filter internal system reminders from renderable history
ok 980 - backend ChatViewProvider does not filter internal system reminders from renderable history
  ---
  duration_ms: 1.0629
  type: 'test'
  ...
# Subtest: package.json includes timeout configuration properties
not ok 981 - package.json includes timeout configuration properties
  ---
  duration_ms: 3.47
  type: 'test'
  location: 'E:\\Projects\\vscode-opencode\\tests\\unit\\config\\timeout-validation.test.mjs:15:1'
  failureType: 'testCodeFailure'
  error: 'Should define opencode.requestTimeout property'
  code: 'ERR_ASSERTION'
  name: 'AssertionError'
  expected: true
  operator: '=='
  stack: |-
    TestContext.<anonymous> (file:///E:/Projects/vscode-opencode/tests/unit/config/timeout-validation.test.mjs:25:10)
    Test.runInAsyncScope (node:async_hooks:214:14)
    Test.run (node:internal/test_runner/test:1047:25)
    Test.start (node:internal/test_runner/test:944:17)
    startSubtestAfterBootstrap (node:internal/test_runner/harness:296:17)
  ...
# Subtest: requestTimeout configuration has correct schema
not ok 982 - requestTimeout configuration has correct schema
  ---
  duration_ms: 1.634
  type: 'test'
  location: 'E:\\Projects\\vscode-opencode\\tests\\unit\\config\\timeout-validation.test.mjs:32:1'
  failureType: 'testCodeFailure'
  error: |-
    requestTimeout should be number type
    + actual - expected
    
    + undefined
    - 'number'
    
  code: 'ERR_ASSERTION'
  name: 'AssertionError'
  expected: 'number'
  operator: 'strictEqual'
  stack: |-
    TestContext.<anonymous> (file:///E:/Projects/vscode-opencode/tests/unit/config/timeout-validation.test.mjs:36:10)
    Test.runInAsyncScope (node:async_hooks:214:14)
    Test.run (node:internal/test_runner/test:1047:25)
    Test.processPendingSubtests (node:internal/test_runner/test:744:18)
    Test.postRun (node:internal/test_runner/test:1173:19)
    Test.run (node:internal/test_runner/test:1101:12)
    async startSubtestAfterBootstrap (node:internal/test_runner/harness:296:3)
  ...
# Subtest: requestTimeout configuration has descriptive properties
not ok 983 - requestTimeout configuration has descriptive properties
  ---
  duration_ms: 0.5105
  type: 'test'
  location: 'E:\\Projects\\vscode-opencode\\tests\\unit\\config\\timeout-validation.test.mjs:42:1'
  failureType: 'testCodeFailure'
  error: 'requestTimeout should have description'
  code: 'ERR_ASSERTION'
  name: 'AssertionError'
  expected: true
  operator: '=='
  stack: |-
    TestContext.<anonymous> (file:///E:/Projects/vscode-opencode/tests/unit/config/timeout-validation.test.mjs:46:10)
    Test.runInAsyncScope (node:async_hooks:214:14)
    Test.run (node:internal/test_runner/test:1047:25)
    Test.processPendingSubtests (node:internal/test_runner/test:744:18)
    Test.postRun (node:internal/test_runner/test:1173:19)
    Test.run (node:internal/test_runner/test:1101:12)
    async Test.processPendingSubtests (node:internal/test_runner/test:744:7)
  ...
# Subtest: complexQueryMultiplier configuration has correct schema
not ok 984 - complexQueryMultiplier configuration has correct schema
  ---
  duration_ms: 1.0542
  type: 'test'
  location: 'E:\\Projects\\vscode-opencode\\tests\\unit\\config\\timeout-validation.test.mjs:53:1'
  failureType: 'testCodeFailure'
  error: |-
    complexQueryMultiplier should be number type
    + actual - expected
    
    + undefined
    - 'number'
    
  code: 'ERR_ASSERTION'
  name: 'AssertionError'
  expected: 'number'
  operator: 'strictEqual'
  stack: |-
    TestContext.<anonymous> (file:///E:/Projects/vscode-opencode/tests/unit/config/timeout-validation.test.mjs:57:10)
    Test.runInAsyncScope (node:async_hooks:214:14)
    Test.run (node:internal/test_runner/test:1047:25)
    Test.processPendingSubtests (node:internal/test_runner/test:744:18)
    Test.postRun (node:internal/test_runner/test:1173:19)
    Test.run (node:internal/test_runner/test:1101:12)
    async Test.processPendingSubtests (node:internal/test_runner/test:744:7)
  ...
# Subtest: complexQueryMultiplier configuration has descriptive properties
not ok 985 - complexQueryMultiplier configuration has descriptive properties
  ---
  duration_ms: 0.8024
  type: 'test'
  location: 'E:\\Projects\\vscode-opencode\\tests\\unit\\config\\timeout-validation.test.mjs:63:1'
  failureType: 'testCodeFailure'
  error: 'complexQueryMultiplier should have description'
  code: 'ERR_ASSERTION'
  name: 'AssertionError'
  expected: true
  operator: '=='
  stack: |-
    TestContext.<anonymous> (file:///E:/Projects/vscode-opencode/tests/unit/config/timeout-validation.test.mjs:67:10)
    Test.runInAsyncScope (node:async_hooks:214:14)
    Test.run (node:internal/test_runner/test:1047:25)
    Test.processPendingSubtests (node:internal/test_runner/test:744:18)
    Test.postRun (node:internal/test_runner/test:1173:19)
    Test.run (node:internal/test_runner/test:1101:12)
    async Test.processPendingSubtests (node:internal/test_runner/test:744:7)
  ...
# Subtest: timeout configurations are in correct category
not ok 986 - timeout configurations are in correct category
  ---
  duration_ms: 0.6924
  type: 'test'
  location: 'E:\\Projects\\vscode-opencode\\tests\\unit\\config\\timeout-validation.test.mjs:75:1'
  failureType: 'testCodeFailure'
  error: 'requestTimeout should have category or order'
  code: 'ERR_ASSERTION'
  name: 'AssertionError'
  expected: true
  operator: '=='
  stack: |-
    TestContext.<anonymous> (file:///E:/Projects/vscode-opencode/tests/unit/config/timeout-validation.test.mjs:81:10)
    Test.runInAsyncScope (node:async_hooks:214:14)
    Test.run (node:internal/test_runner/test:1047:25)
    Test.processPendingSubtests (node:internal/test_runner/test:744:18)
    Test.postRun (node:internal/test_runner/test:1173:19)
    Test.run (node:internal/test_runner/test:1101:12)
    async Test.processPendingSubtests (node:internal/test_runner/test:744:7)
  ...
# Subtest: timeout configuration values are reasonable defaults
not ok 987 - timeout configuration values are reasonable defaults
  ---
  duration_ms: 1.9755
  type: 'test'
  location: 'E:\\Projects\\vscode-opencode\\tests\\unit\\config\\timeout-validation.test.mjs:85:1'
  failureType: 'testCodeFailure'
  error: 'requestTimeout default should be at least 1 minute'
  code: 'ERR_ASSERTION'
  name: 'AssertionError'
  expected: true
  actual: false
  operator: '=='
  stack: |-
    TestContext.<anonymous> (file:///E:/Projects/vscode-opencode/tests/unit/config/timeout-validation.test.mjs:91:10)
    Test.runInAsyncScope (node:async_hooks:214:14)
    Test.run (node:internal/test_runner/test:1047:25)
    Test.processPendingSubtests (node:internal/test_runner/test:744:18)
    Test.postRun (node:internal/test_runner/test:1173:19)
    Test.run (node:internal/test_runner/test:1101:12)
    async Test.processPendingSubtests (node:internal/test_runner/test:744:7)
  ...
# Subtest: timeout configurations have proper constraints
not ok 988 - timeout configurations have proper constraints
  ---
  duration_ms: 0.631
  type: 'test'
  location: 'E:\\Projects\\vscode-opencode\\tests\\unit\\config\\timeout-validation.test.mjs:99:1'
  failureType: 'testCodeFailure'
  error: 'requestTimeout minimum should allow 10 seconds'
  code: 'ERR_ASSERTION'
  name: 'AssertionError'
  expected: true
  actual: false
  operator: '=='
  stack: |-
    TestContext.<anonymous> (file:///E:/Projects/vscode-opencode/tests/unit/config/timeout-validation.test.mjs:105:10)
    Test.runInAsyncScope (node:async_hooks:214:14)
    Test.run (node:internal/test_runner/test:1047:25)
    Test.processPendingSubtests (node:internal/test_runner/test:744:18)
    Test.postRun (node:internal/test_runner/test:1173:19)
    Test.run (node:internal/test_runner/test:1101:12)
    async Test.processPendingSubtests (node:internal/test_runner/test:744:7)
  ...
# Subtest: timeout configurations have example values
ok 989 - timeout configurations have example values
  ---
  duration_ms: 3.2622
  type: 'test'
  ...
# Subtest: timeout configurations are not marked as deprecated
ok 990 - timeout configurations are not marked as deprecated
  ---
  duration_ms: 2.5427
  type: 'test'
  ...
# Subtest: timeout configurations have proper scope
ok 991 - timeout configurations have proper scope
  ---
  duration_ms: 0.7201
  type: 'test'
  ...
# Subtest: timeout configurations have proper type definitions
not ok 992 - timeout configurations have proper type definitions
  ---
  duration_ms: 1.4683
  type: 'test'
  location: 'E:\\Projects\\vscode-opencode\\tests\\unit\\config\\timeout-validation.test.mjs:152:1'
  failureType: 'testCodeFailure'
  error: |-
    requestTimeout must be number type
    + actual - expected
    
    + undefined
    - 'number'
    
  code: 'ERR_ASSERTION'
  name: 'AssertionError'
  expected: 'number'
  operator: 'strictEqual'
  stack: |-
    TestContext.<anonymous> (file:///E:/Projects/vscode-opencode/tests/unit/config/timeout-validation.test.mjs:158:10)
    Test.runInAsyncScope (node:async_hooks:214:14)
    Test.run (node:internal/test_runner/test:1047:25)
    Test.processPendingSubtests (node:internal/test_runner/test:744:18)
    Test.postRun (node:internal/test_runner/test:1173:19)
    Test.run (node:internal/test_runner/test:1101:12)
    async Test.processPendingSubtests (node:internal/test_runner/test:744:7)
  ...
# Subtest: timeout configurations are in opencode namespace
not ok 993 - timeout configurations are in opencode namespace
  ---
  duration_ms: 1.0749
  type: 'test'
  location: 'E:\\Projects\\vscode-opencode\\tests\\unit\\config\\timeout-validation.test.mjs:166:1'
  failureType: 'testCodeFailure'
  error: 'Should use opencode.requestTimeout key'
  code: 'ERR_ASSERTION'
  name: 'AssertionError'
  expected: true
  operator: '=='
  stack: |-
    TestContext.<anonymous> (file:///E:/Projects/vscode-opencode/tests/unit/config/timeout-validation.test.mjs:170:10)
    Test.runInAsyncScope (node:async_hooks:214:14)
    Test.run (node:internal/test_runner/test:1047:25)
    Test.processPendingSubtests (node:internal/test_runner/test:744:18)
    Test.postRun (node:internal/test_runner/test:1173:19)
    Test.run (node:internal/test_runner/test:1101:12)
    async Test.processPendingSubtests (node:internal/test_runner/test:744:7)
  ...
# Subtest: timeout configurations don't conflict with existing settings
ok 994 - timeout configurations don't conflict with existing settings
  ---
  duration_ms: 0.4625
  type: 'test'
  ...
# Subtest: timeout configurations follow naming conventions
not ok 995 - timeout configurations follow naming conventions
  ---
  duration_ms: 0.6938
  type: 'test'
  location: 'E:\\Projects\\vscode-opencode\\tests\\unit\\config\\timeout-validation.test.mjs:189:1'
  failureType: 'testCodeFailure'
  error: 'Should use camelCase: requestTimeout'
  code: 'ERR_ASSERTION'
  name: 'AssertionError'
  expected: true
  operator: '=='
  stack: |-
    TestContext.<anonymous> (file:///E:/Projects/vscode-opencode/tests/unit/config/timeout-validation.test.mjs:193:10)
    Test.runInAsyncScope (node:async_hooks:214:14)
    Test.run (node:internal/test_runner/test:1047:25)
    Test.processPendingSubtests (node:internal/test_runner/test:744:18)
    Test.postRun (node:internal/test_runner/test:1173:19)
    Test.run (node:internal/test_runner/test:1101:12)
    async Test.processPendingSubtests (node:internal/test_runner/test:744:7)
  ...
# Subtest: timeout configurations have proper order if specified
ok 996 - timeout configurations have proper order if specified
  ---
  duration_ms: 0.4646
  type: 'test'
  ...
# Subtest: splitMixedReasoningFromContent detaches leaked reasoning from normal response text
not ok 997 - splitMixedReasoningFromContent detaches leaked reasoning from normal response text
  ---
  duration_ms: 3.9263
  type: 'test'
  location: 'E:\\Projects\\vscode-opencode\\tests\\unit\\mixed-reasoning-separation.test.mjs:50:1'
  failureType: 'testCodeFailure'
  error: 'expected mixed content to be split'
  code: 'ERR_ASSERTION'
  name: 'AssertionError'
  expected: true
  actual: ~
  operator: '=='
  stack: |-
    TestContext.<anonymous> (file:///E:/Projects/vscode-opencode/tests/unit/mixed-reasoning-separation.test.mjs:55:10)
    Test.runInAsyncScope (node:async_hooks:214:14)
    Test.run (node:internal/test_runner/test:1047:25)
    Test.start (node:internal/test_runner/test:944:17)
    startSubtestAfterBootstrap (node:internal/test_runner/harness:296:17)
  ...
# Subtest: splitMixedReasoningFromContent detects compacted no-space reasoning leaks
not ok 998 - splitMixedReasoningFromContent detects compacted no-space reasoning leaks
  ---
  duration_ms: 0.7659
  type: 'test'
  location: 'E:\\Projects\\vscode-opencode\\tests\\unit\\mixed-reasoning-separation.test.mjs:61:1'
  failureType: 'testCodeFailure'
  error: 'expected compact mixed content to be split'
  code: 'ERR_ASSERTION'
  name: 'AssertionError'
  expected: true
  actual: ~
  operator: '=='
  stack: |-
    TestContext.<anonymous> (file:///E:/Projects/vscode-opencode/tests/unit/mixed-reasoning-separation.test.mjs:66:10)
    Test.runInAsyncScope (node:async_hooks:214:14)
    Test.run (node:internal/test_runner/test:1047:25)
    Test.processPendingSubtests (node:internal/test_runner/test:744:18)
    Test.postRun (node:internal/test_runner/test:1173:19)
    Test.run (node:internal/test_runner/test:1101:12)
    async startSubtestAfterBootstrap (node:internal/test_runner/harness:296:3)
  ...
# Subtest: splitMixedReasoningFromContent detaches instruction-check reasoning leaks
ok 999 - splitMixedReasoningFromContent detaches instruction-check reasoning leaks
  ---
  duration_ms: 1.0808
  type: 'test'
  ...
# Subtest: splitMixedReasoningFromContent treats user-analysis preambles as reasoning-only
ok 1000 - splitMixedReasoningFromContent treats user-analysis preambles as reasoning-only
  ---
  duration_ms: 0.9889
  type: 'test'
  ...
# Subtest: splitMixedReasoningFromContent does not split clean assistant content
ok 1001 - splitMixedReasoningFromContent does not split clean assistant content
  ---
  duration_ms: 0.8275
  type: 'test'
  ...
# Subtest: shouldPreferStreamingContent rejects contaminated mixed stream snapshots
not ok 1002 - shouldPreferStreamingContent rejects contaminated mixed stream snapshots
  ---
  duration_ms: 2.1217
  type: 'test'
  location: 'E:\\Projects\\vscode-opencode\\tests\\unit\\mixed-reasoning-separation.test.mjs:104:1'
  failureType: 'testCodeFailure'
  error: |-
    mixed response+reasoning stream content must never override clean final content
    
    true !== false
    
  code: 'ERR_ASSERTION'
  name: 'AssertionError'
  expected: false
  actual: true
  operator: 'strictEqual'
  stack: |-
    TestContext.<anonymous> (file:///E:/Projects/vscode-opencode/tests/unit/mixed-reasoning-separation.test.mjs:109:10)
    Test.runInAsyncScope (node:async_hooks:214:14)
    Test.run (node:internal/test_runner/test:1047:25)
    Test.processPendingSubtests (node:internal/test_runner/test:744:18)
    Test.postRun (node:internal/test_runner/test:1173:19)
    Test.run (node:internal/test_runner/test:1101:12)
    async Test.processPendingSubtests (node:internal/test_runner/test:744:7)
  ...
# Subtest: shouldPreferStreamingContent rejects pure reasoning/policy traces
ok 1003 - shouldPreferStreamingContent rejects pure reasoning/policy traces
  ---
  duration_ms: 1.2677
  type: 'test'
  ...
# Subtest: shouldPreferStreamingContent still prefers richer clean stream snapshots
ok 1004 - shouldPreferStreamingContent still prefers richer clean stream snapshots
  ---
  duration_ms: 0.6349
  type: 'test'
  ...
# Subtest: ChatViewProvider onDidReceiveMessage handles all expected message types
ok 1005 - ChatViewProvider onDidReceiveMessage handles all expected message types
  ---
  duration_ms: 14.0935
  type: 'test'
  ...
# Subtest: ChatViewProvider.ready handler logic
ok 1006 - ChatViewProvider.ready handler logic
  ---
  duration_ms: 3.0524
  type: 'test'
  ...
# Subtest: ChatViewProvider.sendMessage handler logic
ok 1007 - ChatViewProvider.sendMessage handler logic
  ---
  duration_ms: 0.8521
  type: 'test'
  ...
# Subtest: ChatViewProvider.handleSendMessage core logic
ok 1008 - ChatViewProvider.handleSendMessage core logic
  ---
  duration_ms: 5.1705
  type: 'test'
  ...
# Subtest: ChatViewProvider.handleExecuteQueue core logic
not ok 1009 - ChatViewProvider.handleExecuteQueue core logic
  ---
  duration_ms: 4.1426
  type: 'test'
  location: 'E:\\Projects\\vscode-opencode\\tests\\unit\\providers\\ChatViewProvider.unit.test.mjs:93:1'
  failureType: 'testCodeFailure'
  error: 'Must track executing session'
  code: 'ERR_ASSERTION'
  name: 'AssertionError'
  expected:
  actual: ''
  operator: 'match'
  stack: |-
    TestContext.<anonymous> (file:///E:/Projects/vscode-opencode/tests/unit/providers/ChatViewProvider.unit.test.mjs:99:10)
    Test.runInAsyncScope (node:async_hooks:214:14)
    Test.run (node:internal/test_runner/test:1047:25)
    Test.processPendingSubtests (node:internal/test_runner/test:744:18)
    Test.postRun (node:internal/test_runner/test:1173:19)
    Test.run (node:internal/test_runner/test:1101:12)
    async Test.processPendingSubtests (node:internal/test_runner/test:744:7)
  ...
# Subtest: ChatViewProvider.schedulePromptDispatch core logic
not ok 1010 - ChatViewProvider.schedulePromptDispatch core logic
  ---
  duration_ms: 13.7496
  type: 'test'
  location: 'E:\\Projects\\vscode-opencode\\tests\\unit\\providers\\ChatViewProvider.unit.test.mjs:105:1'
  failureType: 'testCodeFailure'
  error: 'send-now should have a direct dispatch branch'
  code: 'ERR_ASSERTION'
  name: 'AssertionError'
  expected:
  actual: |-
    
        const text = typeof payload.text === "string" ? payload.text.trim() : "";
        if (!text) {
          return;
        }
    
        const sessionId = await this.resolveQueueSessionId(payload.sessionId);
        if (!sessionId) {
          return;
        }
    
        const effectiveMode =
          mode === "send-now" && this.processingSessionIds.has(sessionId)
            ? "steer"
            : mode;
    
        // For normal sends, bypass queue persistence entirely so the queue panel
        // does not show transient "queued" items when there is no active backlog.
        if (effectiveMode === "send-now") {
          await this.handleSendMessage(
            text,
            payload.files,
            payload.contexts,
            payload.images,
            payload.agent,
            false,
            undefined,
            false,
            undefined,
            payload.userFacingText,
          );
          return;
        }
    
        const promptId = `q-${Date.now()}-${this.queueItemSequence}`;
        this.queueItemSequence += 1;
        const prompt: QueuedPrompt = {
          id: promptId,
          sessionId,
          createdAt: Date.now(),
          text,
          userFacingText: payload.userFacingText,
          files: payload.files,
          contexts: payload.contexts,
          images: payload.images,
          agent: payload.agent,
        };
    
        this.queueManager.enqueuePrompt(prompt, effectiveMode !== "queue");
        this.sendQueueUpdate(sessionId);
    
        if (effectiveMode === "queue") {
          return;
        }
    
        if (this.isProcessingRequest) {
          if (sessionId === this.currentSessionId) {
            await this.handleStopRequest(sessionId);
          }
          return;
        }
    
        await this.handleExecuteQueue(sessionId);
      
  operator: 'match'
  stack: |-
    TestContext.<anonymous> (file:///E:/Projects/vscode-opencode/tests/unit/providers/ChatViewProvider.unit.test.mjs:111:10)
    Test.runInAsyncScope (node:async_hooks:214:14)
    Test.run (node:internal/test_runner/test:1047:25)
    Test.processPendingSubtests (node:internal/test_runner/test:744:18)
    Test.postRun (node:internal/test_runner/test:1173:19)
    Test.run (node:internal/test_runner/test:1101:12)
    async Test.processPendingSubtests (node:internal/test_runner/test:744:7)
  ...
# Subtest: ChatViewProvider.applyStructuredOutputToMessage uses structured.message as canonical text
ok 1011 - ChatViewProvider.applyStructuredOutputToMessage uses structured.message as canonical text
  ---
  duration_ms: 6.1232
  type: 'test'
  ...
# Subtest: ChatViewProvider.sendProcessingSessionsUpdate publishes active processing sessions
ok 1012 - ChatViewProvider.sendProcessingSessionsUpdate publishes active processing sessions
  ---
  duration_ms: 1.029
  type: 'test'
  ...
# Subtest: ChatViewProvider handles stream events via subscription callback
ok 1013 - ChatViewProvider handles stream events via subscription callback
  ---
  duration_ms: 2.2485
  type: 'test'
  ...
# Subtest: ChatViewProvider.handleGetSessions logic
ok 1014 - ChatViewProvider.handleGetSessions logic
  ---
  duration_ms: 1.9093
  type: 'test'
  ...
# Subtest: ChatViewProvider.handleLoadSession logic
ok 1015 - ChatViewProvider.handleLoadSession logic
  ---
  duration_ms: 1.3604
  type: 'test'
  ...
# Subtest: ChatViewProvider.handleLoadSession shows loading state
ok 1016 - ChatViewProvider.handleLoadSession shows loading state
  ---
  duration_ms: 1.9732
  type: 'test'
  ...
# Subtest: ChatViewProvider.handleStopRequest logic
ok 1017 - ChatViewProvider.handleStopRequest logic
  ---
  duration_ms: 1.0274
  type: 'test'
  ...
# Subtest: ChatViewProvider initializes all required services in constructor
ok 1018 - ChatViewProvider initializes all required services in constructor
  ---
  duration_ms: 4.9671
  type: 'test'
  ...
# Subtest: CompactionManager
    # Subtest: State Normalization
        # Subtest: should normalize valid compaction baseline stats
        not ok 1 - should normalize valid compaction baseline stats
          ---
          duration_ms: 0
          type: 'test'
          location: 'E:\\Projects\\vscode-opencode\\tests\\unit\\providers\\CompactionManager.test.mjs:147:9'
          failureType: 'cancelledByParent'
          error: 'test did not finish before its parent and was cancelled'
          code: 'ERR_TEST_FAILURE'
          ...
        # Subtest: should normalize baseline stats with partial fields
        not ok 2 - should normalize baseline stats with partial fields
          ---
          duration_ms: 0
          type: 'test'
          location: 'E:\\Projects\\vscode-opencode\\tests\\unit\\providers\\CompactionManager.test.mjs:167:9'
          failureType: 'cancelledByParent'
          error: 'test did not finish before its parent and was cancelled'
          code: 'ERR_TEST_FAILURE'
          ...
        # Subtest: should normalize baseline stats with missing fields
        not ok 3 - should normalize baseline stats with missing fields
          ---
          duration_ms: 0
          type: 'test'
          location: 'E:\\Projects\\vscode-opencode\\tests\\unit\\providers\\CompactionManager.test.mjs:184:9'
          failureType: 'cancelledByParent'
          error: 'test did not finish before its parent and was cancelled'
          code: 'ERR_TEST_FAILURE'
          ...
        # Subtest: should reject baseline stats with invalid numbers
        not ok 4 - should reject baseline stats with invalid numbers
          ---
          duration_ms: 0
          type: 'test'
          location: 'E:\\Projects\\vscode-opencode\\tests\\unit\\providers\\CompactionManager.test.mjs:198:9'
          failureType: 'cancelledByParent'
          error: 'test did not finish before its parent and was cancelled'
          code: 'ERR_TEST_FAILURE'
          ...
        # Subtest: should normalize complete compaction view state
        not ok 5 - should normalize complete compaction view state
          ---
          duration_ms: 0
          type: 'test'
          location: 'E:\\Projects\\vscode-opencode\\tests\\unit\\providers\\CompactionManager.test.mjs:218:9'
          failureType: 'cancelledByParent'
          error: 'test did not finish before its parent and was cancelled'
          code: 'ERR_TEST_FAILURE'
          ...
        # Subtest: should normalize compaction view state with partial fields
        not ok 6 - should normalize compaction view state with partial fields
          ---
          duration_ms: 0
          type: 'test'
          location: 'E:\\Projects\\vscode-opencode\\tests\\unit\\providers\\CompactionManager.test.mjs:252:9'
          failureType: 'cancelledByParent'
          error: 'test did not finish before its parent and was cancelled'
          code: 'ERR_TEST_FAILURE'
          ...
        # Subtest: should return null for invalid compaction view state
        not ok 7 - should return null for invalid compaction view state
          ---
          duration_ms: 0
          type: 'test'
          location: 'E:\\Projects\\vscode-opencode\\tests\\unit\\providers\\CompactionManager.test.mjs:266:9'
          failureType: 'cancelledByParent'
          error: 'test did not finish before its parent and was cancelled'
          code: 'ERR_TEST_FAILURE'
          ...
        # Subtest: should reject compaction view state with invalid timestamps
        not ok 8 - should reject compaction view state with invalid timestamps
          ---
          duration_ms: 0
          type: 'test'
          location: 'E:\\Projects\\vscode-opencode\\tests\\unit\\providers\\CompactionManager.test.mjs:280:9'
          failureType: 'cancelledByParent'
          error: 'test did not finish before its parent and was cancelled'
          code: 'ERR_TEST_FAILURE'
          ...
        1..8
    not ok 1 - State Normalization
      ---
      duration_ms: 0
      type: 'suite'
      location: 'E:\\Projects\\vscode-opencode\\tests\\unit\\providers\\CompactionManager.test.mjs:146:5'
      failureType: 'cancelledByParent'
      error: 'test did not finish before its parent and was cancelled'
      code: 'ERR_TEST_FAILURE'
      ...
    # Subtest: Persistence Operations
        # Subtest: should save compaction view state successfully
        not ok 1 - should save compaction view state successfully
          ---
          duration_ms: 0
          type: 'test'
          location: 'E:\\Projects\\vscode-opencode\\tests\\unit\\providers\\CompactionManager.test.mjs:293:9'
          failureType: 'cancelledByParent'
          error: 'test did not finish before its parent and was cancelled'
          code: 'ERR_TEST_FAILURE'
          ...
        # Subtest: should load persisted compaction view state
        not ok 2 - should load persisted compaction view state
          ---
          duration_ms: 0
          type: 'test'
          location: 'E:\\Projects\\vscode-opencode\\tests\\unit\\providers\\CompactionManager.test.mjs:307:9'
          failureType: 'cancelledByParent'
          error: 'test did not finish before its parent and was cancelled'
          code: 'ERR_TEST_FAILURE'
          ...
        # Subtest: should return null for missing compaction view state
        not ok 3 - should return null for missing compaction view state
          ---
          duration_ms: 0
          type: 'test'
          location: 'E:\\Projects\\vscode-opencode\\tests\\unit\\providers\\CompactionManager.test.mjs:327:9'
          failureType: 'cancelledByParent'
          error: 'test did not finish before its parent and was cancelled'
          code: 'ERR_TEST_FAILURE'
          ...
        # Subtest: should clear persisted compaction view state
        not ok 4 - should clear persisted compaction view state
          ---
          duration_ms: 0
          type: 'test'
          location: 'E:\\Projects\\vscode-opencode\\tests\\unit\\providers\\CompactionManager.test.mjs:334:9'
          failureType: 'cancelledByParent'
          error: 'test did not finish before its parent and was cancelled'
          code: 'ERR_TEST_FAILURE'
          ...
        # Subtest: should handle persistence errors gracefully
        not ok 5 - should handle persistence errors gracefully
          ---
          duration_ms: 0
          type: 'test'
          location: 'E:\\Projects\\vscode-opencode\\tests\\unit\\providers\\CompactionManager.test.mjs:346:9'
          failureType: 'cancelledByParent'
          error: 'test did not finish before its parent and was cancelled'
          code: 'ERR_TEST_FAILURE'
          ...
        1..5
    not ok 2 - Persistence Operations
      ---
      duration_ms: 0
      type: 'suite'
      location: 'E:\\Projects\\vscode-opencode\\tests\\unit\\providers\\CompactionManager.test.mjs:292:5'
      failureType: 'cancelledByParent'
      error: 'test did not finish before its parent and was cancelled'
      code: 'ERR_TEST_FAILURE'
      ...
    # Subtest: View State Management
        # Subtest: should post compaction view state to webview
        not ok 1 - should post compaction view state to webview
          ---
          duration_ms: 0
          type: 'test'
          location: 'E:\\Projects\\vscode-opencode\\tests\\unit\\providers\\CompactionManager.test.mjs:364:9'
          failureType: 'cancelledByParent'
          error: 'test did not finish before its parent and was cancelled'
          code: 'ERR_TEST_FAILURE'
          ...
        # Subtest: should send persisted compaction view state
        not ok 2 - should send persisted compaction view state
          ---
          duration_ms: 0
          type: 'test'
          location: 'E:\\Projects\\vscode-opencode\\tests\\unit\\providers\\CompactionManager.test.mjs:383:9'
          failureType: 'cancelledByParent'
          error: 'test did not finish before its parent and was cancelled'
          code: 'ERR_TEST_FAILURE'
          ...
        # Subtest: should not post message if no persisted state
        not ok 3 - should not post message if no persisted state
          ---
          duration_ms: 0
          type: 'test'
          location: 'E:\\Projects\\vscode-opencode\\tests\\unit\\providers\\CompactionManager.test.mjs:402:9'
          failureType: 'cancelledByParent'
          error: 'test did not finish before its parent and was cancelled'
          code: 'ERR_TEST_FAILURE'
          ...
        # Subtest: should persist and publish compaction view state
        not ok 4 - should persist and publish compaction view state
          ---
          duration_ms: 0
          type: 'test'
          location: 'E:\\Projects\\vscode-opencode\\tests\\unit\\providers\\CompactionManager.test.mjs:410:9'
          failureType: 'cancelledByParent'
          error: 'test did not finish before its parent and was cancelled'
          code: 'ERR_TEST_FAILURE'
          ...
        1..4
    not ok 3 - View State Management
      ---
      duration_ms: 0
      type: 'suite'
      location: 'E:\\Projects\\vscode-opencode\\tests\\unit\\providers\\CompactionManager.test.mjs:363:5'
      failureType: 'cancelledByParent'
      error: 'test did not finish before its parent and was cancelled'
      code: 'ERR_TEST_FAILURE'
      ...
    # Subtest: Compaction Lifecycle
        # Subtest: should successfully compact session
        not ok 1 - should successfully compact session
          ---
          duration_ms: 0
          type: 'test'
          location: 'E:\\Projects\\vscode-opencode\\tests\\unit\\providers\\CompactionManager.test.mjs:433:9'
          failureType: 'cancelledByParent'
          error: 'test did not finish before its parent and was cancelled'
          code: 'ERR_TEST_FAILURE'
          ...
        # Subtest: should prevent concurrent compaction
        not ok 2 - should prevent concurrent compaction
          ---
          duration_ms: 0
          type: 'test'
          location: 'E:\\Projects\\vscode-opencode\\tests\\unit\\providers\\CompactionManager.test.mjs:466:9'
          failureType: 'cancelledByParent'
          error: 'test did not finish before its parent and was cancelled'
          code: 'ERR_TEST_FAILURE'
          ...
        # Subtest: should handle compaction server error
        not ok 3 - should handle compaction server error
          ---
          duration_ms: 0
          type: 'test'
          location: 'E:\\Projects\\vscode-opencode\\tests\\unit\\providers\\CompactionManager.test.mjs:482:9'
          failureType: 'cancelledByParent'
          error: 'test did not finish before its parent and was cancelled'
          code: 'ERR_TEST_FAILURE'
          ...
        # Subtest: should handle compaction with no data in response
        not ok 4 - should handle compaction with no data in response
          ---
          duration_ms: 0
          type: 'test'
          location: 'E:\\Projects\\vscode-opencode\\tests\\unit\\providers\\CompactionManager.test.mjs:498:9'
          failureType: 'cancelledByParent'
          error: 'test did not finish before its parent and was cancelled'
          code: 'ERR_TEST_FAILURE'
          ...
        # Subtest: should auto-compact when threshold exceeded
        not ok 5 - should auto-compact when threshold exceeded
          ---
          duration_ms: 0
          type: 'test'
          location: 'E:\\Projects\\vscode-opencode\\tests\\unit\\providers\\CompactionManager.test.mjs:512:9'
          failureType: 'cancelledByParent'
          error: 'test did not finish before its parent and was cancelled'
          code: 'ERR_TEST_FAILURE'
          ...
        # Subtest: should not auto-compact when below threshold
        not ok 6 - should not auto-compact when below threshold
          ---
          duration_ms: 0
          type: 'test'
          location: 'E:\\Projects\\vscode-opencode\\tests\\unit\\providers\\CompactionManager.test.mjs:535:9'
          failureType: 'cancelledByParent'
          error: 'test did not finish before its parent and was cancelled'
          code: 'ERR_TEST_FAILURE'
          ...
        # Subtest: should not auto-compact when no context limit
        not ok 7 - should not auto-compact when no context limit
          ---
          duration_ms: 0
          type: 'test'
          location: 'E:\\Projects\\vscode-opencode\\tests\\unit\\providers\\CompactionManager.test.mjs:556:9'
          failureType: 'cancelledByParent'
          error: 'test did not finish before its parent and was cancelled'
          code: 'ERR_TEST_FAILURE'
          ...
        # Subtest: should not auto-compact when already compacting
        not ok 8 - should not auto-compact when already compacting
          ---
          duration_ms: 0
          type: 'test'
          location: 'E:\\Projects\\vscode-opencode\\tests\\unit\\providers\\CompactionManager.test.mjs:577:9'
          failureType: 'cancelledByParent'
          error: 'test did not finish before its parent and was cancelled'
          code: 'ERR_TEST_FAILURE'
          ...
        1..8
    not ok 4 - Compaction Lifecycle
      ---
      duration_ms: 0
      type: 'suite'
      location: 'E:\\Projects\\vscode-opencode\\tests\\unit\\providers\\CompactionManager.test.mjs:432:5'
      failureType: 'cancelledByParent'
      error: 'test did not finish before its parent and was cancelled'
      code: 'ERR_TEST_FAILURE'
      ...
    # Subtest: Set Compaction View State
        # Subtest: should update collapsed state
        not ok 1 - should update collapsed state
          ---
          duration_ms: 0
          type: 'test'
          location: 'E:\\Projects\\vscode-opencode\\tests\\unit\\providers\\CompactionManager.test.mjs:607:9'
          failureType: 'cancelledByParent'
          error: 'test did not finish before its parent and was cancelled'
          code: 'ERR_TEST_FAILURE'
          ...
        # Subtest: should update compaction divider index
        not ok 2 - should update compaction divider index
          ---
          duration_ms: 0
          type: 'test'
          location: 'E:\\Projects\\vscode-opencode\\tests\\unit\\providers\\CompactionManager.test.mjs:626:9'
          failureType: 'cancelledByParent'
          error: 'test did not finish before its parent and was cancelled'
          code: 'ERR_TEST_FAILURE'
          ...
        # Subtest: should reject invalid divider index
        not ok 3 - should reject invalid divider index
          ---
          duration_ms: 0
          type: 'test'
          location: 'E:\\Projects\\vscode-opencode\\tests\\unit\\providers\\CompactionManager.test.mjs:645:9'
          failureType: 'cancelledByParent'
          error: 'test did not finish before its parent and was cancelled'
          code: 'ERR_TEST_FAILURE'
          ...
        # Subtest: should update divider message IDs
        not ok 4 - should update divider message IDs
          ---
          duration_ms: 0
          type: 'test'
          location: 'E:\\Projects\\vscode-opencode\\tests\\unit\\providers\\CompactionManager.test.mjs:664:9'
          failureType: 'cancelledByParent'
          error: 'test did not finish before its parent and was cancelled'
          code: 'ERR_TEST_FAILURE'
          ...
        1..4
    not ok 5 - Set Compaction View State
      ---
      duration_ms: 0
      type: 'suite'
      location: 'E:\\Projects\\vscode-opencode\\tests\\unit\\providers\\CompactionManager.test.mjs:606:5'
      failureType: 'cancelledByParent'
      error: 'test did not finish before its parent and was cancelled'
      code: 'ERR_TEST_FAILURE'
      ...
    # Subtest: Stream Event Forwarding
        # Subtest: should forward valid compaction status from stream event
        not ok 1 - should forward valid compaction status from stream event
          ---
          duration_ms: 0
          type: 'test'
          location: 'E:\\Projects\\vscode-opencode\\tests\\unit\\providers\\CompactionManager.test.mjs:686:9'
          failureType: 'cancelledByParent'
          error: 'test did not finish before its parent and was cancelled'
          code: 'ERR_TEST_FAILURE'
          ...
        # Subtest: should ignore invalid stream events
        not ok 2 - should ignore invalid stream events
          ---
          duration_ms: 0
          type: 'test'
          location: 'E:\\Projects\\vscode-opencode\\tests\\unit\\providers\\CompactionManager.test.mjs:724:9'
          failureType: 'cancelledByParent'
          error: 'test did not finish before its parent and was cancelled'
          code: 'ERR_TEST_FAILURE'
          ...
        # Subtest: should handle compaction status with error
        not ok 3 - should handle compaction status with error
          ---
          duration_ms: 0
          type: 'test'
          location: 'E:\\Projects\\vscode-opencode\\tests\\unit\\providers\\CompactionManager.test.mjs:736:9'
          failureType: 'cancelledByParent'
          error: 'test did not finish before its parent and was cancelled'
          code: 'ERR_TEST_FAILURE'
          ...
        1..3
    not ok 6 - Stream Event Forwarding
      ---
      duration_ms: 0
      type: 'suite'
      location: 'E:\\Projects\\vscode-opencode\\tests\\unit\\providers\\CompactionManager.test.mjs:685:5'
      failureType: 'cancelledByParent'
      error: 'test did not finish before its parent and was cancelled'
      code: 'ERR_TEST_FAILURE'
      ...
    # Subtest: Storage Keys
        # Subtest: should generate correct storage key for session
        not ok 1 - should generate correct storage key for session
          ---
          duration_ms: 0
          type: 'test'
          location: 'E:\\Projects\\vscode-opencode\\tests\\unit\\providers\\CompactionManager.test.mjs:758:9'
          failureType: 'cancelledByParent'
          error: 'test did not finish before its parent and was cancelled'
          code: 'ERR_TEST_FAILURE'
          ...
        # Subtest: should generate unique keys for different sessions
        not ok 2 - should generate unique keys for different sessions
          ---
          duration_ms: 0
          type: 'test'
          location: 'E:\\Projects\\vscode-opencode\\tests\\unit\\providers\\CompactionManager.test.mjs:766:9'
          failureType: 'cancelledByParent'
          error: 'test did not finish before its parent and was cancelled'
          code: 'ERR_TEST_FAILURE'
          ...
        1..2
    not ok 7 - Storage Keys
      ---
      duration_ms: 0
      type: 'suite'
      location: 'E:\\Projects\\vscode-opencode\\tests\\unit\\providers\\CompactionManager.test.mjs:757:5'
      failureType: 'cancelledByParent'
      error: 'test did not finish before its parent and was cancelled'
      code: 'ERR_TEST_FAILURE'
      ...
    # Subtest: Post Compaction Status
        # Subtest: should post compaction status with all fields
        not ok 1 - should post compaction status with all fields
          ---
          duration_ms: 0
          type: 'test'
          location: 'E:\\Projects\\vscode-opencode\\tests\\unit\\providers\\CompactionManager.test.mjs:777:9'
          failureType: 'cancelledByParent'
          error: 'test did not finish before its parent and was cancelled'
          code: 'ERR_TEST_FAILURE'
          ...
        # Subtest: should post compaction status with minimal fields
        not ok 2 - should post compaction status with minimal fields
          ---
          duration_ms: 0
          type: 'test'
          location: 'E:\\Projects\\vscode-opencode\\tests\\unit\\providers\\CompactionManager.test.mjs:804:9'
          failureType: 'cancelledByParent'
          error: 'test did not finish before its parent and was cancelled'
          code: 'ERR_TEST_FAILURE'
          ...
        1..2
    not ok 8 - Post Compaction Status
      ---
      duration_ms: 0
      type: 'suite'
      location: 'E:\\Projects\\vscode-opencode\\tests\\unit\\providers\\CompactionManager.test.mjs:776:5'
      failureType: 'cancelledByParent'
      error: 'test did not finish before its parent and was cancelled'
      code: 'ERR_TEST_FAILURE'
      ...
    # Subtest: Resolve Session Compaction Divider State
        # Subtest: should resolve divider state from messages
        not ok 1 - should resolve divider state from messages
          ---
          duration_ms: 0
          type: 'test'
          location: 'E:\\Projects\\vscode-opencode\\tests\\unit\\providers\\CompactionManager.test.mjs:824:9'
          failureType: 'cancelledByParent'
          error: 'test did not finish before its parent and was cancelled'
          code: 'ERR_TEST_FAILURE'
          ...
        # Subtest: should return empty state for invalid divider index
        not ok 2 - should return empty state for invalid divider index
          ---
          duration_ms: 0
          type: 'test'
          location: 'E:\\Projects\\vscode-opencode\\tests\\unit\\providers\\CompactionManager.test.mjs:854:9'
          failureType: 'cancelledByParent'
          error: 'test did not finish before its parent and was cancelled'
          code: 'ERR_TEST_FAILURE'
          ...
        # Subtest: should return empty state when no state persisted
        not ok 3 - should return empty state when no state persisted
          ---
          duration_ms: 0
          type: 'test'
          location: 'E:\\Projects\\vscode-opencode\\tests\\unit\\providers\\CompactionManager.test.mjs:877:9'
          failureType: 'cancelledByParent'
          error: 'test did not finish before its parent and was cancelled'
          code: 'ERR_TEST_FAILURE'
          ...
        # Subtest: should handle session service errors gracefully
        not ok 4 - should handle session service errors gracefully
          ---
          duration_ms: 0
          type: 'test'
          location: 'E:\\Projects\\vscode-opencode\\tests\\unit\\providers\\CompactionManager.test.mjs:892:9'
          failureType: 'cancelledByParent'
          error: 'test did not finish before its parent and was cancelled'
          code: 'ERR_TEST_FAILURE'
          ...
        1..4
    not ok 9 - Resolve Session Compaction Divider State
      ---
      duration_ms: 0
      type: 'suite'
      location: 'E:\\Projects\\vscode-opencode\\tests\\unit\\providers\\CompactionManager.test.mjs:823:5'
      failureType: 'cancelledByParent'
      error: 'test did not finish before its parent and was cancelled'
      code: 'ERR_TEST_FAILURE'
      ...
    # Subtest: Resolve Compaction Session ID
        # Subtest: should resolve from sessionId field
        not ok 1 - should resolve from sessionId field
          ---
          duration_ms: 0
          type: 'test'
          location: 'E:\\Projects\\vscode-opencode\\tests\\unit\\providers\\CompactionManager.test.mjs:917:9'
          failureType: 'cancelledByParent'
          error: 'test did not finish before its parent and was cancelled'
          code: 'ERR_TEST_FAILURE'
          ...
        # Subtest: should resolve from compactSession field
        not ok 2 - should resolve from compactSession field
          ---
          duration_ms: 0
          type: 'test'
          location: 'E:\\Projects\\vscode-opencode\\tests\\unit\\providers\\CompactionManager.test.mjs:927:9'
          failureType: 'cancelledByParent'
          error: 'test did not finish before its parent and was cancelled'
          code: 'ERR_TEST_FAILURE'
          ...
        # Subtest: should prefer sessionId over compactSession
        not ok 3 - should prefer sessionId over compactSession
          ---
          duration_ms: 0
          type: 'test'
          location: 'E:\\Projects\\vscode-opencode\\tests\\unit\\providers\\CompactionManager.test.mjs:937:9'
          failureType: 'cancelledByParent'
          error: 'test did not finish before its parent and was cancelled'
          code: 'ERR_TEST_FAILURE'
          ...
        # Subtest: should return undefined when no session ID provided
        not ok 4 - should return undefined when no session ID provided
          ---
          duration_ms: 0
          type: 'test'
          location: 'E:\\Projects\\vscode-opencode\\tests\\unit\\providers\\CompactionManager.test.mjs:948:9'
          failureType: 'cancelledByParent'
          error: 'test did not finish before its parent and was cancelled'
          code: 'ERR_TEST_FAILURE'
          ...
        1..4
    not ok 10 - Resolve Compaction Session ID
      ---
      duration_ms: 0
      type: 'suite'
      location: 'E:\\Projects\\vscode-opencode\\tests\\unit\\providers\\CompactionManager.test.mjs:916:5'
      failureType: 'cancelledByParent'
      error: 'test did not finish before its parent and was cancelled'
      code: 'ERR_TEST_FAILURE'
      ...
    1..10
not ok 1019 - CompactionManager
  ---
  duration_ms: 5.5559
  type: 'suite'
  location: 'E:\\Projects\\vscode-opencode\\tests\\unit\\providers\\CompactionManager.test.mjs:105:1'
  failureType: 'hookFailed'
  error: "Cannot find module 'E:\\Projects\\vscode-opencode\\tests\\src\\providers\\chat\\CompactionManager.ts' imported from E:\\Projects\\vscode-opencode\\tests\\unit\\providers\\CompactionManager.test.mjs"
  code: 'ERR_MODULE_NOT_FOUND'
  stack: |-
    finalizeResolution (node:internal/modules/esm/resolve:274:11)
    moduleResolve (node:internal/modules/esm/resolve:859:10)
    defaultResolve (node:internal/modules/esm/resolve:983:11)
    #cachedDefaultResolve (node:internal/modules/esm/loader:731:20)
    ModuleLoader.resolve (node:internal/modules/esm/loader:708:38)
    ModuleLoader.getModuleJobForImport (node:internal/modules/esm/loader:310:38)
    onImport.tracePromise.__proto__ (node:internal/modules/esm/loader:664:36)
    TracingChannel.tracePromise (node:diagnostics_channel:350:14)
    ModuleLoader.import (node:internal/modules/esm/loader:663:21)
    defaultImportModuleDynamicallyForModule (node:internal/modules/esm/utils:222:31)
  ...
# Subtest: HistoryProcessor
    # Subtest: Message pipeline processing
        # Subtest: should handle empty messages array without error
        ok 1 - should handle empty messages array without error
          ---
          duration_ms: 1.595
          type: 'test'
          ...
        # Subtest: should handle undefined/null gracefully in extraction
        ok 2 - should handle undefined/null gracefully in extraction
          ---
          duration_ms: 0.6896
          type: 'test'
          ...
        # Subtest: should safely call .map() only on arrays
        ok 3 - should safely call .map() only on arrays
          ---
          duration_ms: 2.5455
          type: 'test'
          ...
        1..3
    ok 1 - Message pipeline processing
      ---
      duration_ms: 6.8852
      type: 'suite'
      ...
    # Subtest: Structured output application
        # Subtest: should apply structured output to message correctly
        ok 1 - should apply structured output to message correctly
          ---
          duration_ms: 1.0884
          type: 'test'
          ...
        # Subtest: should handle missing structured output gracefully
        ok 2 - should handle missing structured output gracefully
          ---
          duration_ms: 0.9403
          type: 'test'
          ...
        # Subtest: should handle system messages with default structured output
        ok 3 - should handle system messages with default structured output
          ---
          duration_ms: 0.909
          type: 'test'
          ...
        1..3
    ok 2 - Structured output application
      ---
      duration_ms: 4.3285
      type: 'suite'
      ...
    # Subtest: Message enrichment
        # Subtest: should preserve message data during enrichment pipeline
        ok 1 - should preserve message data during enrichment pipeline
          ---
          duration_ms: 3.2665
          type: 'test'
          ...
        # Subtest: should handle messages with plan information
        ok 2 - should handle messages with plan information
          ---
          duration_ms: 0.7057
          type: 'test'
          ...
        1..2
    ok 3 - Message enrichment
      ---
      duration_ms: 6.1567
      type: 'suite'
      ...
    # Subtest: Helper function safety
        # Subtest: firstNonEmptyString should handle various input types
        ok 1 - firstNonEmptyString should handle various input types
          ---
          duration_ms: 1.9844
          type: 'test'
          ...
        # Subtest: asRecord should safely convert values to records
        ok 2 - asRecord should safely convert values to records
          ---
          duration_ms: 2.857
          type: 'test'
          ...
        # Subtest: extractMessageBodyText should extract from various message formats
        ok 3 - extractMessageBodyText should extract from various message formats
          ---
          duration_ms: 2.2935
          type: 'test'
          ...
        1..3
    ok 4 - Helper function safety
      ---
      duration_ms: 10.3395
      type: 'suite'
      ...
    # Subtest: Array operations safety
        # Subtest: should safely handle appendUnique operation
        ok 1 - should safely handle appendUnique operation
          ---
          duration_ms: 2.2256
          type: 'test'
          ...
        # Subtest: should handle falsy arrays in coalesce operation
        ok 2 - should handle falsy arrays in coalesce operation
          ---
          duration_ms: 0.6537
          type: 'test'
          ...
        # Subtest: should handle message merging with array safety
        ok 3 - should handle message merging with array safety
          ---
          duration_ms: 1.0175
          type: 'test'
          ...
        1..3
    ok 5 - Array operations safety
      ---
      duration_ms: 4.4707
      type: 'suite'
      ...
    # Subtest: Error conditions
        # Subtest: should not throw when .slice() is called on strings
        ok 1 - should not throw when .slice() is called on strings
          ---
          duration_ms: 0.8558
          type: 'test'
          ...
        # Subtest: should not throw when .slice() is called on arrays
        ok 2 - should not throw when .slice() is called on arrays
          ---
          duration_ms: 0.3992
          type: 'test'
          ...
        # Subtest: should prevent .map() calls on non-arrays by type checking
        ok 3 - should prevent .map() calls on non-arrays by type checking
          ---
          duration_ms: 1.5069
          type: 'test'
          ...
        1..3
    ok 6 - Error conditions
      ---
      duration_ms: 3.3852
      type: 'suite'
      ...
    # Subtest: Pipeline integration
        # Subtest: should process a complete message through the pipeline
        ok 1 - should process a complete message through the pipeline
          ---
          duration_ms: 0.4696
          type: 'test'
          ...
        1..1
    ok 7 - Pipeline integration
      ---
      duration_ms: 0.6903
      type: 'suite'
      ...
    1..7
ok 1020 - HistoryProcessor
  ---
  duration_ms: 40.8832
  type: 'suite'
  ...
# Subtest: SessionHandler
    # Subtest: Session Listing
        # Subtest: should successfully return sessions list
        not ok 1 - should successfully return sessions list
          ---
          duration_ms: 0
          type: 'test'
          location: 'E:\\Projects\\vscode-opencode\\tests\\unit\\providers\\SessionHandler.test.mjs:268:9'
          failureType: 'cancelledByParent'
          error: 'test did not finish before its parent and was cancelled'
          code: 'ERR_TEST_FAILURE'
          ...
        # Subtest: should skip duplicate payloads with same fingerprint
        not ok 2 - should skip duplicate payloads with same fingerprint
          ---
          duration_ms: 0
          type: 'test'
          location: 'E:\\Projects\\vscode-opencode\\tests\\unit\\providers\\SessionHandler.test.mjs:306:9'
          failureType: 'cancelledByParent'
          error: 'test did not finish before its parent and was cancelled'
          code: 'ERR_TEST_FAILURE'
          ...
        # Subtest: should handle stale requests with version check
        not ok 3 - should handle stale requests with version check
          ---
          duration_ms: 0
          type: 'test'
          location: 'E:\\Projects\\vscode-opencode\\tests\\unit\\providers\\SessionHandler.test.mjs:322:9'
          failureType: 'cancelledByParent'
          error: 'test did not finish before its parent and was cancelled'
          code: 'ERR_TEST_FAILURE'
          ...
        # Subtest: should handle service errors gracefully
        not ok 4 - should handle service errors gracefully
          ---
          duration_ms: 0
          type: 'test'
          location: 'E:\\Projects\\vscode-opencode\\tests\\unit\\providers\\SessionHandler.test.mjs:341:9'
          failureType: 'cancelledByParent'
          error: 'test did not finish before its parent and was cancelled'
          code: 'ERR_TEST_FAILURE'
          ...
        # Subtest: should handle empty sessions list
        not ok 5 - should handle empty sessions list
          ---
          duration_ms: 0
          type: 'test'
          location: 'E:\\Projects\\vscode-opencode\\tests\\unit\\providers\\SessionHandler.test.mjs:354:9'
          failureType: 'cancelledByParent'
          error: 'test did not finish before its parent and was cancelled'
          code: 'ERR_TEST_FAILURE'
          ...
        1..5
    not ok 1 - Session Listing
      ---
      duration_ms: 0
      type: 'suite'
      location: 'E:\\Projects\\vscode-opencode\\tests\\unit\\providers\\SessionHandler.test.mjs:267:5'
      failureType: 'cancelledByParent'
      error: 'test did not finish before its parent and was cancelled'
      code: 'ERR_TEST_FAILURE'
      ...
    # Subtest: Session Loading
        # Subtest: should successfully load session and messages
        not ok 1 - should successfully load session and messages
          ---
          duration_ms: 0
          type: 'test'
          location: 'E:\\Projects\\vscode-opencode\\tests\\unit\\providers\\SessionHandler.test.mjs:368:9'
          failureType: 'cancelledByParent'
          error: 'test did not finish before its parent and was cancelled'
          code: 'ERR_TEST_FAILURE'
          ...
        # Subtest: should process messages through HistoryProcessor
        not ok 2 - should process messages through HistoryProcessor
          ---
          duration_ms: 0
          type: 'test'
          location: 'E:\\Projects\\vscode-opencode\\tests\\unit\\providers\\SessionHandler.test.mjs:399:9'
          failureType: 'cancelledByParent'
          error: 'test did not finish before its parent and was cancelled'
          code: 'ERR_TEST_FAILURE'
          ...
        # Subtest: should sync subagent snapshots
        not ok 3 - should sync subagent snapshots
          ---
          duration_ms: 0
          type: 'test'
          location: 'E:\\Projects\\vscode-opencode\\tests\\unit\\providers\\SessionHandler.test.mjs:421:9'
          failureType: 'cancelledByParent'
          error: 'test did not finish before its parent and was cancelled'
          code: 'ERR_TEST_FAILURE'
          ...
        # Subtest: should send compaction view state
        not ok 4 - should send compaction view state
          ---
          duration_ms: 0
          type: 'test'
          location: 'E:\\Projects\\vscode-opencode\\tests\\unit\\providers\\SessionHandler.test.mjs:443:9'
          failureType: 'cancelledByParent'
          error: 'test did not finish before its parent and was cancelled'
          code: 'ERR_TEST_FAILURE'
          ...
        # Subtest: should apply session settings
        not ok 5 - should apply session settings
          ---
          duration_ms: 0
          type: 'test'
          location: 'E:\\Projects\\vscode-opencode\\tests\\unit\\providers\\SessionHandler.test.mjs:460:9'
          failureType: 'cancelledByParent'
          error: 'test did not finish before its parent and was cancelled'
          code: 'ERR_TEST_FAILURE'
          ...
        # Subtest: should prevent concurrent loads of same session
        not ok 6 - should prevent concurrent loads of same session
          ---
          duration_ms: 0
          type: 'test'
          location: 'E:\\Projects\\vscode-opencode\\tests\\unit\\providers\\SessionHandler.test.mjs:477:9'
          failureType: 'cancelledByParent'
          error: 'test did not finish before its parent and was cancelled'
          code: 'ERR_TEST_FAILURE'
          ...
        # Subtest: should handle missing sessionId
        not ok 7 - should handle missing sessionId
          ---
          duration_ms: 0
          type: 'test'
          location: 'E:\\Projects\\vscode-opencode\\tests\\unit\\providers\\SessionHandler.test.mjs:497:9'
          failureType: 'cancelledByParent'
          error: 'test did not finish before its parent and was cancelled'
          code: 'ERR_TEST_FAILURE'
          ...
        # Subtest: should handle empty messages array
        not ok 8 - should handle empty messages array
          ---
          duration_ms: 0
          type: 'test'
          location: 'E:\\Projects\\vscode-opencode\\tests\\unit\\providers\\SessionHandler.test.mjs:508:9'
          failureType: 'cancelledByParent'
          error: 'test did not finish before its parent and was cancelled'
          code: 'ERR_TEST_FAILURE'
          ...
        # Subtest: should handle non-array messages
        not ok 9 - should handle non-array messages
          ---
          duration_ms: 0
          type: 'test'
          location: 'E:\\Projects\\vscode-opencode\\tests\\unit\\providers\\SessionHandler.test.mjs:524:9'
          failureType: 'cancelledByParent'
          error: 'test did not finish before its parent and was cancelled'
          code: 'ERR_TEST_FAILURE'
          ...
        # Subtest: should handle load errors gracefully
        not ok 10 - should handle load errors gracefully
          ---
          duration_ms: 0
          type: 'test'
          location: 'E:\\Projects\\vscode-opencode\\tests\\unit\\providers\\SessionHandler.test.mjs:540:9'
          failureType: 'cancelledByParent'
          error: 'test did not finish before its parent and was cancelled'
          code: 'ERR_TEST_FAILURE'
          ...
        1..10
    not ok 2 - Session Loading
      ---
      duration_ms: 0
      type: 'suite'
      location: 'E:\\Projects\\vscode-opencode\\tests\\unit\\providers\\SessionHandler.test.mjs:367:5'
      failureType: 'cancelledByParent'
      error: 'test did not finish before its parent and was cancelled'
      code: 'ERR_TEST_FAILURE'
      ...
    # Subtest: Session Deletion
        # Subtest: should successfully delete session
        not ok 1 - should successfully delete session
          ---
          duration_ms: 0
          type: 'test'
          location: 'E:\\Projects\\vscode-opencode\\tests\\unit\\providers\\SessionHandler.test.mjs:561:9'
          failureType: 'cancelledByParent'
          error: 'test did not finish before its parent and was cancelled'
          code: 'ERR_TEST_FAILURE'
          ...
        # Subtest: should clear subagent snapshots on delete
        not ok 2 - should clear subagent snapshots on delete
          ---
          duration_ms: 0
          type: 'test'
          location: 'E:\\Projects\\vscode-opencode\\tests\\unit\\providers\\SessionHandler.test.mjs:580:9'
          failureType: 'cancelledByParent'
          error: 'test did not finish before its parent and was cancelled'
          code: 'ERR_TEST_FAILURE'
          ...
        # Subtest: should clear compaction view state on delete
        not ok 3 - should clear compaction view state on delete
          ---
          duration_ms: 0
          type: 'test'
          location: 'E:\\Projects\\vscode-opencode\\tests\\unit\\providers\\SessionHandler.test.mjs:596:9'
          failureType: 'cancelledByParent'
          error: 'test did not finish before its parent and was cancelled'
          code: 'ERR_TEST_FAILURE'
          ...
        # Subtest: should unset current session if deleted
        not ok 4 - should unset current session if deleted
          ---
          duration_ms: 0
          type: 'test'
          location: 'E:\\Projects\\vscode-opencode\\tests\\unit\\providers\\SessionHandler.test.mjs:612:9'
          failureType: 'cancelledByParent'
          error: 'test did not finish before its parent and was cancelled'
          code: 'ERR_TEST_FAILURE'
          ...
        # Subtest: should not unset current session if different session deleted
        not ok 5 - should not unset current session if different session deleted
          ---
          duration_ms: 0
          type: 'test'
          location: 'E:\\Projects\\vscode-opencode\\tests\\unit\\providers\\SessionHandler.test.mjs:629:9'
          failureType: 'cancelledByParent'
          error: 'test did not finish before its parent and was cancelled'
          code: 'ERR_TEST_FAILURE'
          ...
        # Subtest: should refresh sessions list after delete
        not ok 6 - should refresh sessions list after delete
          ---
          duration_ms: 0
          type: 'test'
          location: 'E:\\Projects\\vscode-opencode\\tests\\unit\\providers\\SessionHandler.test.mjs:646:9'
          failureType: 'cancelledByParent'
          error: 'test did not finish before its parent and was cancelled'
          code: 'ERR_TEST_FAILURE'
          ...
        # Subtest: should handle missing sessionId
        not ok 7 - should handle missing sessionId
          ---
          duration_ms: 0
          type: 'test'
          location: 'E:\\Projects\\vscode-opencode\\tests\\unit\\providers\\SessionHandler.test.mjs:671:9'
          failureType: 'cancelledByParent'
          error: 'test did not finish before its parent and was cancelled'
          code: 'ERR_TEST_FAILURE'
          ...
        # Subtest: should handle delete errors gracefully
        not ok 8 - should handle delete errors gracefully
          ---
          duration_ms: 0
          type: 'test'
          location: 'E:\\Projects\\vscode-opencode\\tests\\unit\\providers\\SessionHandler.test.mjs:682:9'
          failureType: 'cancelledByParent'
          error: 'test did not finish before its parent and was cancelled'
          code: 'ERR_TEST_FAILURE'
          ...
        1..8
    not ok 3 - Session Deletion
      ---
      duration_ms: 0
      type: 'suite'
      location: 'E:\\Projects\\vscode-opencode\\tests\\unit\\providers\\SessionHandler.test.mjs:560:5'
      failureType: 'cancelledByParent'
      error: 'test did not finish before its parent and was cancelled'
      code: 'ERR_TEST_FAILURE'
      ...
    # Subtest: Session Renaming
        # Subtest: should successfully rename session
        not ok 1 - should successfully rename session
          ---
          duration_ms: 0
          type: 'test'
          location: 'E:\\Projects\\vscode-opencode\\tests\\unit\\providers\\SessionHandler.test.mjs:696:9'
          failureType: 'cancelledByParent'
          error: 'test did not finish before its parent and was cancelled'
          code: 'ERR_TEST_FAILURE'
          ...
        # Subtest: should refresh sessions list after rename
        not ok 2 - should refresh sessions list after rename
          ---
          duration_ms: 0
          type: 'test'
          location: 'E:\\Projects\\vscode-opencode\\tests\\unit\\providers\\SessionHandler.test.mjs:716:9'
          failureType: 'cancelledByParent'
          error: 'test did not finish before its parent and was cancelled'
          code: 'ERR_TEST_FAILURE'
          ...
        # Subtest: should handle missing sessionId
        not ok 3 - should handle missing sessionId
          ---
          duration_ms: 0
          type: 'test'
          location: 'E:\\Projects\\vscode-opencode\\tests\\unit\\providers\\SessionHandler.test.mjs:733:9'
          failureType: 'cancelledByParent'
          error: 'test did not finish before its parent and was cancelled'
          code: 'ERR_TEST_FAILURE'
          ...
        # Subtest: should handle missing newTitle
        not ok 4 - should handle missing newTitle
          ---
          duration_ms: 0
          type: 'test'
          location: 'E:\\Projects\\vscode-opencode\\tests\\unit\\providers\\SessionHandler.test.mjs:742:9'
          failureType: 'cancelledByParent'
          error: 'test did not finish before its parent and was cancelled'
          code: 'ERR_TEST_FAILURE'
          ...
        # Subtest: should handle rename errors gracefully
        not ok 5 - should handle rename errors gracefully
          ---
          duration_ms: 0
          type: 'test'
          location: 'E:\\Projects\\vscode-opencode\\tests\\unit\\providers\\SessionHandler.test.mjs:751:9'
          failureType: 'cancelledByParent'
          error: 'test did not finish before its parent and was cancelled'
          code: 'ERR_TEST_FAILURE'
          ...
        1..5
    not ok 4 - Session Renaming
      ---
      duration_ms: 0
      type: 'suite'
      location: 'E:\\Projects\\vscode-opencode\\tests\\unit\\providers\\SessionHandler.test.mjs:695:5'
      failureType: 'cancelledByParent'
      error: 'test did not finish before its parent and was cancelled'
      code: 'ERR_TEST_FAILURE'
      ...
    # Subtest: Processing State Management
        # Subtest: should send processing sessions update
        not ok 1 - should send processing sessions update
          ---
          duration_ms: 0
          type: 'test'
          location: 'E:\\Projects\\vscode-opencode\\tests\\unit\\providers\\SessionHandler.test.mjs:765:9'
          failureType: 'cancelledByParent'
          error: 'test did not finish before its parent and was cancelled'
          code: 'ERR_TEST_FAILURE'
          ...
        # Subtest: should track processing session during load
        not ok 2 - should track processing session during load
          ---
          duration_ms: 0
          type: 'test'
          location: 'E:\\Projects\\vscode-opencode\\tests\\unit\\providers\\SessionHandler.test.mjs:777:9'
          failureType: 'cancelledByParent'
          error: 'test did not finish before its parent and was cancelled'
          code: 'ERR_TEST_FAILURE'
          ...
        # Subtest: should handle multiple concurrent session loads
        not ok 3 - should handle multiple concurrent session loads
          ---
          duration_ms: 0
          type: 'test'
          location: 'E:\\Projects\\vscode-opencode\\tests\\unit\\providers\\SessionHandler.test.mjs:808:9'
          failureType: 'cancelledByParent'
          error: 'test did not finish before its parent and was cancelled'
          code: 'ERR_TEST_FAILURE'
          ...
        1..3
    not ok 5 - Processing State Management
      ---
      duration_ms: 0
      type: 'suite'
      location: 'E:\\Projects\\vscode-opencode\\tests\\unit\\providers\\SessionHandler.test.mjs:764:5'
      failureType: 'cancelledByParent'
      error: 'test did not finish before its parent and was cancelled'
      code: 'ERR_TEST_FAILURE'
      ...
    # Subtest: Error Scenarios
        # Subtest: should handle HistoryProcessor errors
        not ok 1 - should handle HistoryProcessor errors
          ---
          duration_ms: 0
          type: 'test'
          location: 'E:\\Projects\\vscode-opencode\\tests\\unit\\providers\\SessionHandler.test.mjs:837:9'
          failureType: 'cancelledByParent'
          error: 'test did not finish before its parent and was cancelled'
          code: 'ERR_TEST_FAILURE'
          ...
        # Subtest: should handle SubagentPersistence errors
        not ok 2 - should handle SubagentPersistence errors
          ---
          duration_ms: 0
          type: 'test'
          location: 'E:\\Projects\\vscode-opencode\\tests\\unit\\providers\\SessionHandler.test.mjs:858:9'
          failureType: 'cancelledByParent'
          error: 'test did not finish before its parent and was cancelled'
          code: 'ERR_TEST_FAILURE'
          ...
        # Subtest: should handle CompactionManager errors
        not ok 3 - should handle CompactionManager errors
          ---
          duration_ms: 0
          type: 'test'
          location: 'E:\\Projects\\vscode-opencode\\tests\\unit\\providers\\SessionHandler.test.mjs:878:9'
          failureType: 'cancelledByParent'
          error: 'test did not finish before its parent and was cancelled'
          code: 'ERR_TEST_FAILURE'
          ...
        # Subtest: should handle ModelAndAgentManager errors
        not ok 4 - should handle ModelAndAgentManager errors
          ---
          duration_ms: 0
          type: 'test'
          location: 'E:\\Projects\\vscode-opencode\\tests\\unit\\providers\\SessionHandler.test.mjs:898:9'
          failureType: 'cancelledByParent'
          error: 'test did not finish before its parent and was cancelled'
          code: 'ERR_TEST_FAILURE'
          ...
        1..4
    not ok 6 - Error Scenarios
      ---
      duration_ms: 0
      type: 'suite'
      location: 'E:\\Projects\\vscode-opencode\\tests\\unit\\providers\\SessionHandler.test.mjs:836:5'
      failureType: 'cancelledByParent'
      error: 'test did not finish before its parent and was cancelled'
      code: 'ERR_TEST_FAILURE'
      ...
    # Subtest: Integration Tests
        # Subtest: should handle complete session lifecycle
        not ok 1 - should handle complete session lifecycle
          ---
          duration_ms: 0
          type: 'test'
          location: 'E:\\Projects\\vscode-opencode\\tests\\unit\\providers\\SessionHandler.test.mjs:920:9'
          failureType: 'cancelledByParent'
          error: 'test did not finish before its parent and was cancelled'
          code: 'ERR_TEST_FAILURE'
          ...
        # Subtest: should handle switching between sessions
        not ok 2 - should handle switching between sessions
          ---
          duration_ms: 0
          type: 'test'
          location: 'E:\\Projects\\vscode-opencode\\tests\\unit\\providers\\SessionHandler.test.mjs:949:9'
          failureType: 'cancelledByParent'
          error: 'test did not finish before its parent and was cancelled'
          code: 'ERR_TEST_FAILURE'
          ...
        1..2
    not ok 7 - Integration Tests
      ---
      duration_ms: 0
      type: 'suite'
      location: 'E:\\Projects\\vscode-opencode\\tests\\unit\\providers\\SessionHandler.test.mjs:919:5'
      failureType: 'cancelledByParent'
      error: 'test did not finish before its parent and was cancelled'
      code: 'ERR_TEST_FAILURE'
      ...
    1..7
not ok 1021 - SessionHandler
  ---
  duration_ms: 7.0934
  type: 'suite'
  location: 'E:\\Projects\\vscode-opencode\\tests\\unit\\providers\\SessionHandler.test.mjs:202:1'
  failureType: 'hookFailed'
  error: "Cannot find module 'E:\\Projects\\vscode-opencode\\tests\\src\\providers\\chat\\SessionHandler.ts' imported from E:\\Projects\\vscode-opencode\\tests\\unit\\providers\\SessionHandler.test.mjs"
  code: 'ERR_MODULE_NOT_FOUND'
  stack: |-
    finalizeResolution (node:internal/modules/esm/resolve:274:11)
    moduleResolve (node:internal/modules/esm/resolve:859:10)
    defaultResolve (node:internal/modules/esm/resolve:983:11)
    #cachedDefaultResolve (node:internal/modules/esm/loader:731:20)
    ModuleLoader.resolve (node:internal/modules/esm/loader:708:38)
    ModuleLoader.getModuleJobForImport (node:internal/modules/esm/loader:310:38)
    onImport.tracePromise.__proto__ (node:internal/modules/esm/loader:664:36)
    TracingChannel.tracePromise (node:diagnostics_channel:350:14)
    ModuleLoader.import (node:internal/modules/esm/loader:663:21)
    defaultImportModuleDynamicallyForModule (node:internal/modules/esm/utils:222:31)
  ...
# Subtest: StreamEventHandler
    # Subtest: Stream Event Handling - Basic
        # Subtest: should enrich event via StructuredOutputProcessor
        not ok 1 - should enrich event via StructuredOutputProcessor
          ---
          duration_ms: 0
          type: 'test'
          location: 'E:\\Projects\\vscode-opencode\\tests\\unit\\providers\\StreamEventHandler.test.mjs:251:9'
          failureType: 'cancelledByParent'
          error: 'test did not finish before its parent and was cancelled'
          code: 'ERR_TEST_FAILURE'
          ...
        # Subtest: should log diagnostics for event
        not ok 2 - should log diagnostics for event
          ---
          duration_ms: 0
          type: 'test'
          location: 'E:\\Projects\\vscode-opencode\\tests\\unit\\providers\\StreamEventHandler.test.mjs:270:9'
          failureType: 'cancelledByParent'
          error: 'test did not finish before its parent and was cancelled'
          code: 'ERR_TEST_FAILURE'
          ...
        # Subtest: should forward event to webview
        not ok 3 - should forward event to webview
          ---
          duration_ms: 0
          type: 'test'
          location: 'E:\\Projects\\vscode-opencode\\tests\\unit\\providers\\StreamEventHandler.test.mjs:284:9'
          failureType: 'cancelledByParent'
          error: 'test did not finish before its parent and was cancelled'
          code: 'ERR_TEST_FAILURE'
          ...
        # Subtest: should handle null events gracefully
        not ok 4 - should handle null events gracefully
          ---
          duration_ms: 0
          type: 'test'
          location: 'E:\\Projects\\vscode-opencode\\tests\\unit\\providers\\StreamEventHandler.test.mjs:303:9'
          failureType: 'cancelledByParent'
          error: 'test did not finish before its parent and was cancelled'
          code: 'ERR_TEST_FAILURE'
          ...
        1..4
    not ok 1 - Stream Event Handling - Basic
      ---
      duration_ms: 0
      type: 'suite'
      location: 'E:\\Projects\\vscode-opencode\\tests\\unit\\providers\\StreamEventHandler.test.mjs:250:5'
      failureType: 'cancelledByParent'
      error: 'test did not finish before its parent and was cancelled'
      code: 'ERR_TEST_FAILURE'
      ...
    # Subtest: Compaction Status Forwarding
        # Subtest: should forward compaction status from stream event
        not ok 1 - should forward compaction status from stream event
          ---
          duration_ms: 0
          type: 'test'
          location: 'E:\\Projects\\vscode-opencode\\tests\\unit\\providers\\StreamEventHandler.test.mjs:314:9'
          failureType: 'cancelledByParent'
          error: 'test did not finish before its parent and was cancelled'
          code: 'ERR_TEST_FAILURE'
          ...
        # Subtest: should not forward when no compaction data
        not ok 2 - should not forward when no compaction data
          ---
          duration_ms: 0
          type: 'test'
          location: 'E:\\Projects\\vscode-opencode\\tests\\unit\\providers\\StreamEventHandler.test.mjs:336:9'
          failureType: 'cancelledByParent'
          error: 'test did not finish before its parent and was cancelled'
          code: 'ERR_TEST_FAILURE'
          ...
        1..2
    not ok 2 - Compaction Status Forwarding
      ---
      duration_ms: 0
      type: 'suite'
      location: 'E:\\Projects\\vscode-opencode\\tests\\unit\\providers\\StreamEventHandler.test.mjs:313:5'
      failureType: 'cancelledByParent'
      error: 'test did not finish before its parent and was cancelled'
      code: 'ERR_TEST_FAILURE'
      ...
    # Subtest: Subagent Persistence
        # Subtest: should persist subagent updates from properties
        not ok 1 - should persist subagent updates from properties
          ---
          duration_ms: 0
          type: 'test'
          location: 'E:\\Projects\\vscode-opencode\\tests\\unit\\providers\\StreamEventHandler.test.mjs:351:9'
          failureType: 'cancelledByParent'
          error: 'test did not finish before its parent and was cancelled'
          code: 'ERR_TEST_FAILURE'
          ...
        # Subtest: should persist subagent updates from enriched event
        not ok 2 - should persist subagent updates from enriched event
          ---
          duration_ms: 0
          type: 'test'
          location: 'E:\\Projects\\vscode-opencode\\tests\\unit\\providers\\StreamEventHandler.test.mjs:374:9'
          failureType: 'cancelledByParent'
          error: 'test did not finish before its parent and was cancelled'
          code: 'ERR_TEST_FAILURE'
          ...
        1..2
    not ok 3 - Subagent Persistence
      ---
      duration_ms: 0
      type: 'suite'
      location: 'E:\\Projects\\vscode-opencode\\tests\\unit\\providers\\StreamEventHandler.test.mjs:350:5'
      failureType: 'cancelledByParent'
      error: 'test did not finish before its parent and was cancelled'
      code: 'ERR_TEST_FAILURE'
      ...
    # Subtest: Token Usage Tracking
        # Subtest: should record token usage for Gemini models
        not ok 1 - should record token usage for Gemini models
          ---
          duration_ms: 0
          type: 'test'
          location: 'E:\\Projects\\vscode-opencode\\tests\\unit\\providers\\StreamEventHandler.test.mjs:401:9'
          failureType: 'cancelledByParent'
          error: 'test did not finish before its parent and was cancelled'
          code: 'ERR_TEST_FAILURE'
          ...
        # Subtest: should handle missing provider/model IDs
        not ok 2 - should handle missing provider/model IDs
          ---
          duration_ms: 0
          type: 'test'
          location: 'E:\\Projects\\vscode-opencode\\tests\\unit\\providers\\StreamEventHandler.test.mjs:429:9'
          failureType: 'cancelledByParent'
          error: 'test did not finish before its parent and was cancelled'
          code: 'ERR_TEST_FAILURE'
          ...
        # Subtest: should handle malformed usage data
        not ok 3 - should handle malformed usage data
          ---
          duration_ms: 0
          type: 'test'
          location: 'E:\\Projects\\vscode-opencode\\tests\\unit\\providers\\StreamEventHandler.test.mjs:447:9'
          failureType: 'cancelledByParent'
          error: 'test did not finish before its parent and was cancelled'
          code: 'ERR_TEST_FAILURE'
          ...
        # Subtest: should accumulate multiple usage events
        not ok 4 - should accumulate multiple usage events
          ---
          duration_ms: 0
          type: 'test'
          location: 'E:\\Projects\\vscode-opencode\\tests\\unit\\providers\\StreamEventHandler.test.mjs:463:9'
          failureType: 'cancelledByParent'
          error: 'test did not finish before its parent and was cancelled'
          code: 'ERR_TEST_FAILURE'
          ...
        1..4
    not ok 4 - Token Usage Tracking
      ---
      duration_ms: 0
      type: 'suite'
      location: 'E:\\Projects\\vscode-opencode\\tests\\unit\\providers\\StreamEventHandler.test.mjs:400:5'
      failureType: 'cancelledByParent'
      error: 'test did not finish before its parent and was cancelled'
      code: 'ERR_TEST_FAILURE'
      ...
    # Subtest: Session ID Resolution
        # Subtest: should use sessionId from enriched event
        not ok 1 - should use sessionId from enriched event
          ---
          duration_ms: 0
          type: 'test'
          location: 'E:\\Projects\\vscode-opencode\\tests\\unit\\providers\\StreamEventHandler.test.mjs:490:9'
          failureType: 'cancelledByParent'
          error: 'test did not finish before its parent and was cancelled'
          code: 'ERR_TEST_FAILURE'
          ...
        # Subtest: should use sessionId from event
        not ok 2 - should use sessionId from event
          ---
          duration_ms: 0
          type: 'test'
          location: 'E:\\Projects\\vscode-opencode\\tests\\unit\\providers\\StreamEventHandler.test.mjs:507:9'
          failureType: 'cancelledByParent'
          error: 'test did not finish before its parent and was cancelled'
          code: 'ERR_TEST_FAILURE'
          ...
        # Subtest: should use sessionId from properties
        not ok 3 - should use sessionId from properties
          ---
          duration_ms: 0
          type: 'test'
          location: 'E:\\Projects\\vscode-opencode\\tests\\unit\\providers\\StreamEventHandler.test.mjs:520:9'
          failureType: 'cancelledByParent'
          error: 'test did not finish before its parent and was cancelled'
          code: 'ERR_TEST_FAILURE'
          ...
        # Subtest: should use sessionId from info
        not ok 4 - should use sessionId from info
          ---
          duration_ms: 0
          type: 'test'
          location: 'E:\\Projects\\vscode-opencode\\tests\\unit\\providers\\StreamEventHandler.test.mjs:535:9'
          failureType: 'cancelledByParent'
          error: 'test did not finish before its parent and was cancelled'
          code: 'ERR_TEST_FAILURE'
          ...
        # Subtest: should use current session ID as fallback
        not ok 5 - should use current session ID as fallback
          ---
          duration_ms: 0
          type: 'test'
          location: 'E:\\Projects\\vscode-opencode\\tests\\unit\\providers\\StreamEventHandler.test.mjs:552:9'
          failureType: 'cancelledByParent'
          error: 'test did not finish before its parent and was cancelled'
          code: 'ERR_TEST_FAILURE'
          ...
        # Subtest: should handle missing sessionId
        not ok 6 - should handle missing sessionId
          ---
          duration_ms: 0
          type: 'test'
          location: 'E:\\Projects\\vscode-opencode\\tests\\unit\\providers\\StreamEventHandler.test.mjs:564:9'
          failureType: 'cancelledByParent'
          error: 'test did not finish before its parent and was cancelled'
          code: 'ERR_TEST_FAILURE'
          ...
        1..6
    not ok 5 - Session ID Resolution
      ---
      duration_ms: 0
      type: 'suite'
      location: 'E:\\Projects\\vscode-opencode\\tests\\unit\\providers\\StreamEventHandler.test.mjs:489:5'
      failureType: 'cancelledByParent'
      error: 'test did not finish before its parent and was cancelled'
      code: 'ERR_TEST_FAILURE'
      ...
    # Subtest: Stream Lifecycle
        # Subtest: should start stream with logging
        not ok 1 - should start stream with logging
          ---
          duration_ms: 0
          type: 'test'
          location: 'E:\\Projects\\vscode-opencode\\tests\\unit\\providers\\StreamEventHandler.test.mjs:580:9'
          failureType: 'cancelledByParent'
          error: 'test did not finish before its parent and was cancelled'
          code: 'ERR_TEST_FAILURE'
          ...
        # Subtest: should end stream with performance logging
        not ok 2 - should end stream with performance logging
          ---
          duration_ms: 0
          type: 'test'
          location: 'E:\\Projects\\vscode-opencode\\tests\\unit\\providers\\StreamEventHandler.test.mjs:595:9'
          failureType: 'cancelledByParent'
          error: 'test did not finish before its parent and was cancelled'
          code: 'ERR_TEST_FAILURE'
          ...
        # Subtest: should handle stream end without start
        not ok 3 - should handle stream end without start
          ---
          duration_ms: 0
          type: 'test'
          location: 'E:\\Projects\\vscode-opencode\\tests\\unit\\providers\\StreamEventHandler.test.mjs:614:9'
          failureType: 'cancelledByParent'
          error: 'test did not finish before its parent and was cancelled'
          code: 'ERR_TEST_FAILURE'
          ...
        # Subtest: should reset state after stream end
        not ok 4 - should reset state after stream end
          ---
          duration_ms: 0
          type: 'test'
          location: 'E:\\Projects\\vscode-opencode\\tests\\unit\\providers\\StreamEventHandler.test.mjs:623:9'
          failureType: 'cancelledByParent'
          error: 'test did not finish before its parent and was cancelled'
          code: 'ERR_TEST_FAILURE'
          ...
        # Subtest: should track event counts
        not ok 5 - should track event counts
          ---
          duration_ms: 0
          type: 'test'
          location: 'E:\\Projects\\vscode-opencode\\tests\\unit\\providers\\StreamEventHandler.test.mjs:637:9'
          failureType: 'cancelledByParent'
          error: 'test did not finish before its parent and was cancelled'
          code: 'ERR_TEST_FAILURE'
          ...
        # Subtest: should calculate events per second
        not ok 6 - should calculate events per second
          ---
          duration_ms: 0
          type: 'test'
          location: 'E:\\Projects\\vscode-opencode\\tests\\unit\\providers\\StreamEventHandler.test.mjs:651:9'
          failureType: 'cancelledByParent'
          error: 'test did not finish before its parent and was cancelled'
          code: 'ERR_TEST_FAILURE'
          ...
        1..6
    not ok 6 - Stream Lifecycle
      ---
      duration_ms: 0
      type: 'suite'
      location: 'E:\\Projects\\vscode-opencode\\tests\\unit\\providers\\StreamEventHandler.test.mjs:579:5'
      failureType: 'cancelledByParent'
      error: 'test did not finish before its parent and was cancelled'
      code: 'ERR_TEST_FAILURE'
      ...
    # Subtest: Structured Output Logging
        # Subtest: should log structured output processing
        not ok 1 - should log structured output processing
          ---
          duration_ms: 0
          type: 'test'
          location: 'E:\\Projects\\vscode-opencode\\tests\\unit\\providers\\StreamEventHandler.test.mjs:671:9'
          failureType: 'cancelledByParent'
          error: 'test did not finish before its parent and was cancelled'
          code: 'ERR_TEST_FAILURE'
          ...
        # Subtest: should log structured output with minimal data
        not ok 2 - should log structured output with minimal data
          ---
          duration_ms: 0
          type: 'test'
          location: 'E:\\Projects\\vscode-opencode\\tests\\unit\\providers\\StreamEventHandler.test.mjs:691:9'
          failureType: 'cancelledByParent'
          error: 'test did not finish before its parent and was cancelled'
          code: 'ERR_TEST_FAILURE'
          ...
        1..2
    not ok 7 - Structured Output Logging
      ---
      duration_ms: 0
      type: 'suite'
      location: 'E:\\Projects\\vscode-opencode\\tests\\unit\\providers\\StreamEventHandler.test.mjs:670:5'
      failureType: 'cancelledByParent'
      error: 'test did not finish before its parent and was cancelled'
      code: 'ERR_TEST_FAILURE'
      ...
    # Subtest: Error Scenarios - Dependency Failures
        # Subtest: should handle StructuredOutputProcessor errors
        not ok 1 - should handle StructuredOutputProcessor errors
          ---
          duration_ms: 0
          type: 'test'
          location: 'E:\\Projects\\vscode-opencode\\tests\\unit\\providers\\StreamEventHandler.test.mjs:709:9'
          failureType: 'cancelledByParent'
          error: 'test did not finish before its parent and was cancelled'
          code: 'ERR_TEST_FAILURE'
          ...
        # Subtest: should handle DiagnosticsLogger errors
        not ok 2 - should handle DiagnosticsLogger errors
          ---
          duration_ms: 0
          type: 'test'
          location: 'E:\\Projects\\vscode-opencode\\tests\\unit\\providers\\StreamEventHandler.test.mjs:730:9'
          failureType: 'cancelledByParent'
          error: 'test did not finish before its parent and was cancelled'
          code: 'ERR_TEST_FAILURE'
          ...
        # Subtest: should handle SubagentPersistence errors
        not ok 3 - should handle SubagentPersistence errors
          ---
          duration_ms: 0
          type: 'test'
          location: 'E:\\Projects\\vscode-opencode\\tests\\unit\\providers\\StreamEventHandler.test.mjs:749:9'
          failureType: 'cancelledByParent'
          error: 'test did not finish before its parent and was cancelled'
          code: 'ERR_TEST_FAILURE'
          ...
        # Subtest: should handle CompactionManager errors
        not ok 4 - should handle CompactionManager errors
          ---
          duration_ms: 0
          type: 'test'
          location: 'E:\\Projects\\vscode-opencode\\tests\\unit\\providers\\StreamEventHandler.test.mjs:770:9'
          failureType: 'cancelledByParent'
          error: 'test did not finish before its parent and was cancelled'
          code: 'ERR_TEST_FAILURE'
          ...
        # Subtest: should handle GeminiTokenTracker errors
        not ok 5 - should handle GeminiTokenTracker errors
          ---
          duration_ms: 0
          type: 'test'
          location: 'E:\\Projects\\vscode-opencode\\tests\\unit\\providers\\StreamEventHandler.test.mjs:791:9'
          failureType: 'cancelledByParent'
          error: 'test did not finish before its parent and was cancelled'
          code: 'ERR_TEST_FAILURE'
          ...
        # Subtest: should handle multiple dependency errors
        not ok 6 - should handle multiple dependency errors
          ---
          duration_ms: 0
          type: 'test'
          location: 'E:\\Projects\\vscode-opencode\\tests\\unit\\providers\\StreamEventHandler.test.mjs:812:9'
          failureType: 'cancelledByParent'
          error: 'test did not finish before its parent and was cancelled'
          code: 'ERR_TEST_FAILURE'
          ...
        1..6
    not ok 8 - Error Scenarios - Dependency Failures
      ---
      duration_ms: 0
      type: 'suite'
      location: 'E:\\Projects\\vscode-opencode\\tests\\unit\\providers\\StreamEventHandler.test.mjs:708:5'
      failureType: 'cancelledByParent'
      error: 'test did not finish before its parent and was cancelled'
      code: 'ERR_TEST_FAILURE'
      ...
    # Subtest: Error Scenarios - Missing Callbacks
        # Subtest: should handle missing postMessage callback
        not ok 1 - should handle missing postMessage callback
          ---
          duration_ms: 0
          type: 'test'
          location: 'E:\\Projects\\vscode-opencode\\tests\\unit\\providers\\StreamEventHandler.test.mjs:842:9'
          failureType: 'cancelledByParent'
          error: 'test did not finish before its parent and was cancelled'
          code: 'ERR_TEST_FAILURE'
          ...
        # Subtest: should handle missing getCurrentSessionId callback
        not ok 2 - should handle missing getCurrentSessionId callback
          ---
          duration_ms: 0
          type: 'test'
          location: 'E:\\Projects\\vscode-opencode\\tests\\unit\\providers\\StreamEventHandler.test.mjs:861:9'
          failureType: 'cancelledByParent'
          error: 'test did not finish before its parent and was cancelled'
          code: 'ERR_TEST_FAILURE'
          ...
        1..2
    not ok 9 - Error Scenarios - Missing Callbacks
      ---
      duration_ms: 0
      type: 'suite'
      location: 'E:\\Projects\\vscode-opencode\\tests\\unit\\providers\\StreamEventHandler.test.mjs:841:5'
      failureType: 'cancelledByParent'
      error: 'test did not finish before its parent and was cancelled'
      code: 'ERR_TEST_FAILURE'
      ...
    # Subtest: Error Scenarios - Malformed Events
        # Subtest: should handle event with null properties
        not ok 1 - should handle event with null properties
          ---
          duration_ms: 0
          type: 'test'
          location: 'E:\\Projects\\vscode-opencode\\tests\\unit\\providers\\StreamEventHandler.test.mjs:877:9'
          failureType: 'cancelledByParent'
          error: 'test did not finish before its parent and was cancelled'
          code: 'ERR_TEST_FAILURE'
          ...
        # Subtest: should handle event with malformed properties
        not ok 2 - should handle event with malformed properties
          ---
          duration_ms: 0
          type: 'test'
          location: 'E:\\Projects\\vscode-opencode\\tests\\unit\\providers\\StreamEventHandler.test.mjs:891:9'
          failureType: 'cancelledByParent'
          error: 'test did not finish before its parent and was cancelled'
          code: 'ERR_TEST_FAILURE'
          ...
        # Subtest: should handle event with circular references
        not ok 3 - should handle event with circular references
          ---
          duration_ms: 0
          type: 'test'
          location: 'E:\\Projects\\vscode-opencode\\tests\\unit\\providers\\StreamEventHandler.test.mjs:905:9'
          failureType: 'cancelledByParent'
          error: 'test did not finish before its parent and was cancelled'
          code: 'ERR_TEST_FAILURE'
          ...
        1..3
    not ok 10 - Error Scenarios - Malformed Events
      ---
      duration_ms: 0
      type: 'suite'
      location: 'E:\\Projects\\vscode-opencode\\tests\\unit\\providers\\StreamEventHandler.test.mjs:876:5'
      failureType: 'cancelledByParent'
      error: 'test did not finish before its parent and was cancelled'
      code: 'ERR_TEST_FAILURE'
      ...
    # Subtest: Integration Tests
        # Subtest: should handle complete stream lifecycle
        not ok 1 - should handle complete stream lifecycle
          ---
          duration_ms: 0
          type: 'test'
          location: 'E:\\Projects\\vscode-opencode\\tests\\unit\\providers\\StreamEventHandler.test.mjs:925:9'
          failureType: 'cancelledByParent'
          error: 'test did not finish before its parent and was cancelled'
          code: 'ERR_TEST_FAILURE'
          ...
        # Subtest: should handle stream with error
        not ok 2 - should handle stream with error
          ---
          duration_ms: 0
          type: 'test'
          location: 'E:\\Projects\\vscode-opencode\\tests\\unit\\providers\\StreamEventHandler.test.mjs:946:9'
          failureType: 'cancelledByParent'
          error: 'test did not finish before its parent and was cancelled'
          code: 'ERR_TEST_FAILURE'
          ...
        # Subtest: should process multiple streams sequentially
        not ok 3 - should process multiple streams sequentially
          ---
          duration_ms: 0
          type: 'test'
          location: 'E:\\Projects\\vscode-opencode\\tests\\unit\\providers\\StreamEventHandler.test.mjs:956:9'
          failureType: 'cancelledByParent'
          error: 'test did not finish before its parent and was cancelled'
          code: 'ERR_TEST_FAILURE'
          ...
        1..3
    not ok 11 - Integration Tests
      ---
      duration_ms: 0
      type: 'suite'
      location: 'E:\\Projects\\vscode-opencode\\tests\\unit\\providers\\StreamEventHandler.test.mjs:924:5'
      failureType: 'cancelledByParent'
      error: 'test did not finish before its parent and was cancelled'
      code: 'ERR_TEST_FAILURE'
      ...
    # Subtest: Edge Cases
        # Subtest: should handle very long sessionId
        not ok 1 - should handle very long sessionId
          ---
          duration_ms: 0
          type: 'test'
          location: 'E:\\Projects\\vscode-opencode\\tests\\unit\\providers\\StreamEventHandler.test.mjs:976:9'
          failureType: 'cancelledByParent'
          error: 'test did not finish before its parent and was cancelled'
          code: 'ERR_TEST_FAILURE'
          ...
        # Subtest: should handle special characters in sessionId
        not ok 2 - should handle special characters in sessionId
          ---
          duration_ms: 0
          type: 'test'
          location: 'E:\\Projects\\vscode-opencode\\tests\\unit\\providers\\StreamEventHandler.test.mjs:991:9'
          failureType: 'cancelledByParent'
          error: 'test did not finish before its parent and was cancelled'
          code: 'ERR_TEST_FAILURE'
          ...
        # Subtest: should handle zero token usage
        not ok 3 - should handle zero token usage
          ---
          duration_ms: 0
          type: 'test'
          location: 'E:\\Projects\\vscode-opencode\\tests\\unit\\providers\\StreamEventHandler.test.mjs:1006:9'
          failureType: 'cancelledByParent'
          error: 'test did not finish before its parent and was cancelled'
          code: 'ERR_TEST_FAILURE'
          ...
        # Subtest: should handle very large token counts
        not ok 4 - should handle very large token counts
          ---
          duration_ms: 0
          type: 'test'
          location: 'E:\\Projects\\vscode-opencode\\tests\\unit\\providers\\StreamEventHandler.test.mjs:1025:9'
          failureType: 'cancelledByParent'
          error: 'test did not finish before its parent and was cancelled'
          code: 'ERR_TEST_FAILURE'
          ...
        1..4
    not ok 12 - Edge Cases
      ---
      duration_ms: 0
      type: 'suite'
      location: 'E:\\Projects\\vscode-opencode\\tests\\unit\\providers\\StreamEventHandler.test.mjs:975:5'
      failureType: 'cancelledByParent'
      error: 'test did not finish before its parent and was cancelled'
      code: 'ERR_TEST_FAILURE'
      ...
    1..12
not ok 1022 - StreamEventHandler
  ---
  duration_ms: 6.5529
  type: 'suite'
  location: 'E:\\Projects\\vscode-opencode\\tests\\unit\\providers\\StreamEventHandler.test.mjs:189:1'
  failureType: 'hookFailed'
  error: "Cannot find module 'E:\\Projects\\vscode-opencode\\tests\\src\\providers\\chat\\StreamEventHandler.ts' imported from E:\\Projects\\vscode-opencode\\tests\\unit\\providers\\StreamEventHandler.test.mjs"
  code: 'ERR_MODULE_NOT_FOUND'
  stack: |-
    finalizeResolution (node:internal/modules/esm/resolve:274:11)
    moduleResolve (node:internal/modules/esm/resolve:859:10)
    defaultResolve (node:internal/modules/esm/resolve:983:11)
    #cachedDefaultResolve (node:internal/modules/esm/loader:731:20)
    ModuleLoader.resolve (node:internal/modules/esm/loader:708:38)
    ModuleLoader.getModuleJobForImport (node:internal/modules/esm/loader:310:38)
    onImport.tracePromise.__proto__ (node:internal/modules/esm/loader:664:36)
    TracingChannel.tracePromise (node:diagnostics_channel:350:14)
    ModuleLoader.import (node:internal/modules/esm/loader:663:21)
    defaultImportModuleDynamicallyForModule (node:internal/modules/esm/utils:222:31)
  ...
# Subtest: flag lifecycle: awaitingInteractiveAnswer stays true during message dispatch
ok 1023 - flag lifecycle: awaitingInteractiveAnswer stays true during message dispatch
  ---
  duration_ms: 5.1868
  type: 'test'
  ...
# Subtest: flag lifecycle: awaitingInteractiveAnswer is set when question arrives
ok 1024 - flag lifecycle: awaitingInteractiveAnswer is set when question arrives
  ---
  duration_ms: 1.4882
  type: 'test'
  ...
# Subtest: flag lifecycle: awaitingInteractiveAnswer cleared when streaming starts
ok 1025 - flag lifecycle: awaitingInteractiveAnswer cleared when streaming starts
  ---
  duration_ms: 2.4995
  type: 'test'
  ...
# Subtest: flag lifecycle: flag is NOT cleared when another question arrives
ok 1026 - flag lifecycle: flag is NOT cleared when another question arrives
  ---
  duration_ms: 3.3359
  type: 'test'
  ...
# Subtest: transition window: extension matches webview 15-second duration
ok 1027 - transition window: extension matches webview 15-second duration
  ---
  duration_ms: 10.5347
  type: 'test'
  ...
# Subtest: transition window: is set when awaitingInteractiveAnswer is true
ok 1028 - transition window: is set when awaitingInteractiveAnswer is true
  ---
  duration_ms: 5.0033
  type: 'test'
  ...
# Subtest: getRequestTimeout method exists and reads configuration
ok 1029 - getRequestTimeout method exists and reads configuration
  ---
  duration_ms: 6.3123
  type: 'test'
  ...
# Subtest: getRequestTimeout validates timeout bounds
ok 1030 - getRequestTimeout validates timeout bounds
  ---
  duration_ms: 0.9635
  type: 'test'
  ...
# Subtest: calculateTimeoutForQuery method exists and calculates complexity
ok 1031 - calculateTimeoutForQuery method exists and calculates complexity
  ---
  duration_ms: 0.9908
  type: 'test'
  ...
# Subtest: calculateTimeoutForQuery applies multiplier for complex queries
not ok 1032 - calculateTimeoutForQuery applies multiplier for complex queries
  ---
  duration_ms: 2.0035
  type: 'test'
  location: 'E:\\Projects\\vscode-opencode\\tests\\unit\\providers\\timeout-configuration.test.mjs:94:1'
  failureType: 'testCodeFailure'
  error: 'Should check if complexity score is 2 or more'
  code: 'ERR_ASSERTION'
  name: 'AssertionError'
  expected:
  actual: ''
  operator: 'match'
  stack: |-
    TestContext.<anonymous> (file:///E:/Projects/vscode-opencode/tests/unit/providers/timeout-configuration.test.mjs:100:10)
    Test.runInAsyncScope (node:async_hooks:214:14)
    Test.run (node:internal/test_runner/test:1047:25)
    Test.processPendingSubtests (node:internal/test_runner/test:744:18)
    Test.postRun (node:internal/test_runner/test:1173:19)
    Test.run (node:internal/test_runner/test:1101:12)
    async Test.processPendingSubtests (node:internal/test_runner/test:744:7)
  ...
# Subtest: calculateTimeoutForQuery returns base timeout for simple queries
not ok 1033 - calculateTimeoutForQuery returns base timeout for simple queries
  ---
  duration_ms: 1.2099
  type: 'test'
  location: 'E:\\Projects\\vscode-opencode\\tests\\unit\\providers\\timeout-configuration.test.mjs:119:1'
  failureType: 'testCodeFailure'
  error: 'Should return base timeout for simple queries'
  code: 'ERR_ASSERTION'
  name: 'AssertionError'
  expected:
  actual: ''
  operator: 'match'
  stack: |-
    TestContext.<anonymous> (file:///E:/Projects/vscode-opencode/tests/unit/providers/timeout-configuration.test.mjs:125:10)
    Test.runInAsyncScope (node:async_hooks:214:14)
    Test.run (node:internal/test_runner/test:1047:25)
    Test.processPendingSubtests (node:internal/test_runner/test:744:18)
    Test.postRun (node:internal/test_runner/test:1173:19)
    Test.run (node:internal/test_runner/test:1101:12)
    async Test.processPendingSubtests (node:internal/test_runner/test:744:7)
  ...
# Subtest: promptWithStructuredOutput accepts options parameter
ok 1034 - promptWithStructuredOutput accepts options parameter
  ---
  duration_ms: 1.9679
  type: 'test'
  ...
# Subtest: promptWithStructuredOutput calculates and passes timeout to SDK
not ok 1035 - promptWithStructuredOutput calculates and passes timeout to SDK
  ---
  duration_ms: 2.7281
  type: 'test'
  location: 'E:\\Projects\\vscode-opencode\\tests\\unit\\providers\\timeout-configuration.test.mjs:158:1'
  failureType: 'testCodeFailure'
  error: 'Should pass calculated timeout to SDK'
  code: 'ERR_ASSERTION'
  name: 'AssertionError'
  expected:
  actual: |-
    
    
    /* FILE: E:\Projects\vscode-opencode\src\providers\ChatViewProvider.ts */
    
    /**
     * Chat View Provider - Core UI Provider for Chat Interface
     *
     * This provider manages the webview-based chat interface that serves as the
     * primary UI for the OpenCode extension. It handles all communication between
     * the extension backend and the webview frontend.
     *
     * **Architecture Overview:**
     * - Implements WebviewViewProvider for VSCode sidebar integration
     * - Manages bidirectional message passing with webview
     * - Handles AI message streaming via MessageStreamService
     * - Detects and persists implementation plans
     * - Manages prompt queue for batch execution
     * - Coordinates with SessionService for session management
     *
     * ============================================================================
     * WEBVIEW MESSAGE PROTOCOL
     * ============================================================================
     *
     * This provider communicates with the webview via VSCode's postMessage API.
     * All messages have a `type` property that determines how they're handled.
     *
     * EXTENSION → WEBVIEW messages (sent via view?.webview.postMessage):
     * {
     *   type: 'initState' | 'chatHistory' | 'sessionsList' | 'streamEvent' |
     *         'statusUpdate' | 'modeChanged' | 'modelsList' | 'agentsList' |
     *         'fileSearchResults',
     *   ...payload
     * }
     *
     * WEBVIEW → EXTENSION messages (received in onDidReceiveMessage):
     * {
     *   type: 'ready' | 'sendMessage' | 'createSession' | 'switchSession' |
     *         'deleteSession' | 'renameSession' | 'getSessions' | 'toggleMode' | 'getModels' |
     *         'selectModel' | 'getAgents' | 'selectAgent' | 'addToQueue' |
     *         'executeQueue' | 'clearQueue' | 'viewPlan' | 'openDiff',
     *   ...payload
     * }
     *
     * MESSAGE FLOW EXAMPLES:
     *
     * 1. Initialization Flow:
     *    webview: {type: 'ready'}
     *    extension: {type: 'initState', mode, serverStatus, selectedModel}
     *    extension: {type: 'chatHistory', messages: [...]}
     *    extension: {type: 'sessionsList', sessions: [...]}
     *
     * 2. Send Message Flow:
     *    webview: {type: 'sendMessage', text: '...', files: [...]}
     *    extension: [streams response via streamEvent messages]
     *    extension: {type: 'chatHistory', messages: [...]}
     *
     * 3. Streaming Response Flow:
     *    extension: {type: 'streamEvent', event: {type: 'message.part.updated'}}
     *    extension: {type: 'streamEvent', event: {type: 'message.updated'}}
     *
     * ============================================================================
     * KEY RESPONSIBILITIES
     * ============================================================================
     *
     * 1. WebView Lifecycle:
     *    - Creates and initializes the webview
     *    - Sets up message handlers
     *    - Manages webview options (scripts, local resources)
     *
     * 2. Message Handling:
     *    - Receives messages from webview
     *    - Dispatches to appropriate handler methods
     *    - Sends responses back to webview
     *
     * 3. Streaming Integration:
     *    - Subscribes to MessageStreamService for real-time updates
     *    - Forwards stream events to webview
     *    - Handles stream completion and errors
     *
     * 4. Plan Detection:
     *    - Analyzes AI responses for implementation plans
     *    - Auto-saves detected plans to workspace
     *    - Notifies user and provides plan viewing option
     *
     * 5. Queue Management:
     *    - Maintains prompt queue for batch execution
     *    - Executes prompts sequentially
     *    - Manages execution state
     *
     * 6. State Synchronization:
     *    - Tracks selected model/agent
     *    - Persists selections to global state
     *    - Syncs with webview on initialization
     *
     * @module ChatViewProvider
     * @see MessageStreamService for streaming implementation
     * @see SessionService for session management
     * @see webview/shared/src/chat/index.tsx for frontend implementation
     */
    
    import type { SessionPromptData } from "@opencode-ai/sdk" with { "resolution-mode": "import" };
    import * as cp from "child_process";
    import * as path from "path";
    import * as vscode from "vscode";
    import {
      CssGenerator,
      FileThemeProcessor,
      FileThemeProcessorObserver,
      FileThemeProcessorState,
    } from "vscode-file-theme-processor";
    import type { TokenUsage } from "../services/GeminiTokenUsageTracker";
    import { GeminiTokenUsageTracker } from "../services/GeminiTokenUsageTracker";
    import { MessageStreamService } from "../services/MessageStreamService";
    import { ModelCapabilitiesService } from "../services/ModelCapabilitiesService";
    import { OpencodeServerManager } from "../services/OpencodeServerManager";
    import { QuotaService } from "../services/QuotaService";
    import { RequestBudgeter } from "../services/RequestBudgeter";
    import { SessionService } from "../services/SessionService";
    import { SkillManagerService } from "../services/SkillManagerService";
    import {
      SubagentTracker,
      type SubagentUpdatePayload,
    } from "../services/SubagentTracker";
    import { TitleGeneratorService } from "../services/TitleGeneratorService";
    import { createLogger } from "../utils/Logger";
    import { LoggingCategories } from "../utils/LoggingSchema";
    import {
      CompactionManager,
      DiagnosticsLogger,
      HistoryProcessor,
      ModelAndAgentManager,
      PlanManager,
      QueueManager,
      SessionHandler,
      StreamEventHandler,
      StructuredOutputProcessor,
      SubagentPersistence,
      type AssistantHistoryMarker,
      type ChatModelOption,
      type ChatSlashCommand,
      type PlanProceedComment,
      type PromptDispatchMode,
      type QueuedPrompt,
      type RecoveredSessionContext,
      type StructuredAssistantOutput
    } from "./chat/index";
    import type { ConfigFile } from "./ConfigFilesProvider";
    import { ConfigFilesProvider } from "./ConfigFilesProvider";
    import { PlanViewProvider } from "./PlanViewProvider";
    
    const log = createLogger(LoggingCategories.CHAT_VIEW);
    
    // All types (QueuedPrompt, PromptDispatchMode, SessionSettings, ChatModelOption,
    // ChatSlashCommand, PersistedCompactionViewState, CompactionBaselineStats,
    // StructuredProgressUpdate, AssistantHistoryMarker, StructuredInteractiveChoice,
    // StructuredInteractiveEvent, StructuredAssistantOutput, PlanProceedComment,
    // RecoveredSessionContext) and constants (STRUCTURED_RESPONSE_TYPES) are now
    // imported from ./chat/index
    
    /**
     * Provides the chat interface webview for the OpenCode extension.
     *
     * This class is the core UI provider, managing all communication between
     * the extension backend and the chat webview frontend.
     *
     * **Usage:**
     * ```typescript
     * const provider = new ChatViewProvider(context, serverManager, sessionService);
     * context.subscriptions.push(
     *   vscode.window.registerWebviewViewProvider('opencode.chatView', provider)
     * );
     * ```
     *
     * **Integration Points:**
     * - OpencodeServerManager: For server status and client access
     * - SessionService: For session and message management
     * - MessageStreamService: For real-time AI response streaming
     * - PlanViewProvider: For displaying detected implementation plans
     *
     * **Thread Safety:**
     * This class is not thread-safe. All methods should be called from the
     * main VSCode extension host thread.
     *
     * @see WebviewViewProvider for VSCode webview provider interface
     */
    export class ChatViewProvider
      implements vscode.WebviewViewProvider, FileThemeProcessorObserver {
      private static readonly SUBAGENT_SNAPSHOT_PREFIX =
        "opencode.session.subagents.";
      private static readonly COMPACTION_VIEW_STATE_PREFIX =
        "opencode.session.compaction-view.";
      /** The webview instance (undefined before initialization) */
      private view?: vscode.WebviewView;
    
      /** Service for streaming events from the server */
      private streamService: MessageStreamService;
    
      /** Unsubscribe function for stream service cleanup */
      private unsubscribe?: () => void;
    
      /** Service for monitoring AI platform quota usage */
      private quotaService: QuotaService;
      private subagentTracker: SubagentTracker;
    
      /** Provider for managing configuration files */
      private configFilesProvider: ConfigFilesProvider;
    
      /** Service for managing custom skill installation and lifecycle */
      private skillManager: SkillManagerService;
      /** Service for resolving model capabilities (reasoning, variants) */
      private modelCapabilitiesService: ModelCapabilitiesService;
    
      /** Service for tracking Gemini token usage from stream events */
      private geminiTokenTracker: GeminiTokenUsageTracker;
      /** Service for managing daily request budgets */
      private budgeter: RequestBudgeter;
    
      private fileThemeProcessor: FileThemeProcessor;
      private cssGenerator: CssGenerator;
      private currentThemeCss: string | undefined;
    
      /** Logger for tracking events and metrics */
      private readonly logger: ReturnType<typeof createLogger>;
      private renderParityLogWriteChain: Promise<void> = Promise.resolve();
      private renderParityDebugFilePath?: string;
      private didLogRenderParityFilePath = false;
    
      /** Currently selected AI model (persisted to global state) */
      private selectedModel: {
        providerID: string;
        modelID: string;
        providerName?: string;
      } = {
          providerID: "opencode",
          modelID: "big-pickle",
          providerName: undefined,
        };
    
      /** Cache of available models returned from the server (used to resolve providerName) */
      // Cache of available models returned from the server (used to resolve providerName)
      // This cached list allows the extension to enrich selections sent from the webview
      // when the webview omits providerName.
      private availableModels?: ChatModelOption[];
    
      /** Currently selected agent (primary agent used for new sessions) */
      private selectedAgent: string = "build";
    
      /** Current chat mode (e.g., 'chat', 'agent', etc.) */
      private currentMode: string = "chat";
    
      /** ID of the session currently active in the webview (undefined until first bootstrap) */
      private currentSessionId: string | undefined;
      private currentTodoItems: unknown[] = [];
      private awaitingInteractiveAnswer = false;
      private interactiveResponseTransitionUntil = 0;
    
      /** Debouncing for todo persistence to reduce state write frequency during streaming */
      private todoPersistenceTimer: NodeJS.Timeout | null = null;
      private pendingTodoPersistence = false;
    
      private getTodoStorageKey(sessionId: string): string {
        return `opencode.session.todos.${sessionId}`;
      }
    
      private loadPersistedTodos(sessionId?: string): { items: unknown[]; lastUpdatedAt?: number } {
        if (!sessionId) return { items: [] };
        const raw = this.context.workspaceState.get<{ items: unknown[]; lastUpdatedAt: number }>(
          this.getTodoStorageKey(sessionId),
        );
        return { items: raw?.items ?? [], lastUpdatedAt: raw?.lastUpdatedAt };
      }
    
      private clearSessionTodos(sessionId?: string): void {
        this.currentTodoItems = [];
        if (sessionId) {
          this.context.workspaceState.update(this.getTodoStorageKey(sessionId), undefined);
        }
      }
    
      /**
       * Schedules a debounced todo persistence operation.
       * Multiple rapid calls during streaming will only trigger one write after 1 second.
       *
       * **Performance Note:** This reduces state write frequency during streaming by debouncing.
       * The persistence happens in the background without blocking the event loop.
       */
      private scheduleTodoPersistence(
        targetSessionId: string,
        todoItems: unknown[]
      ): void {
        // Clear any pending persistence timer
        if (this.todoPersistenceTimer) {
          clearTimeout(this.todoPersistenceTimer);
        }
    
        // Mark that we have pending persistence
        this.pendingTodoPersistence = true;
    
        // Schedule persistence after 1 second of inactivity (debouncing)
        this.todoPersistenceTimer = setTimeout(() => {
          this.persistTodoItems(targetSessionId, todoItems).catch((error) => {
            this.logger.warn("Failed to persist todo snapshot", { error });
          });
          this.pendingTodoPersistence = false;
          this.todoPersistenceTimer = null;
        }, 1000);
      }
    
      /**
       * Persists todo items to workspace state.
       * This method is async and debounced - called in the background.
       *
       * **Performance Note:** Previously called on every todo_update event during streaming.
       * Now debounced to reduce write frequency by 80-90%.
       */
      private async persistTodoItems(
        targetSessionId: string,
        incomingTodos: unknown[]
      ): Promise<void> {
        const key = this.getTodoStorageKey(targetSessionId);
        const existing =
          (this.context.workspaceState.get<{
            items: unknown[];
            lastUpdatedAt: number;
          }>(key) as { items: unknown[]; lastUpdatedAt: number } | undefined) ??
          { items: [], lastUpdatedAt: 0 };
    
        // Merge/upsert incoming items into existing snapshot using id + lifecycle rank
        const incoming = Array.isArray(incomingTodos) ? incomingTodos : [];
    
        const LIFECYCLE_RANK: Record<string, number> = {
          pending: 0,
          in_progress: 1,
          completed: 2,
          failed: 2,
          cancelled: 2,
        };
    
        interface StoredTodoItem { id: string; text: string; status: string;[key: string]: unknown }
    
        const byId = new Map<string, StoredTodoItem>();
        for (const item of existing.items) {
          const rec = item as Record<string, unknown>;
          const id = typeof rec?.id === "string" ? rec.id : undefined;
          if (!id) continue;
          byId.set(id, item as StoredTodoItem);
        }
    
        for (const inc of incoming) {
          if (!inc || typeof inc !== "object") continue;
          const incRec = inc as Record<string, unknown>;
          const id = typeof incRec.id === "string" ? incRec.id : undefined;
          const text = typeof incRec.text === "string" ? incRec.text : undefined;
          const status = typeof incRec.status === "string" ? incRec.status : undefined;
          if (!id || !text || !status) continue;
    
          const existingItem = byId.get(id);
          if (!existingItem) {
            byId.set(id, { id, text, status });
            continue;
          }
    
          const existingRank = LIFECYCLE_RANK[existingItem.status] ?? 0;
          const incomingRank = LIFECYCLE_RANK[status] ?? 0;
    
          if (incomingRank > existingRank) {
            byId.set(id, { ...existingItem, text: text || existingItem.text, status });
          } else if (incomingRank === existingRank) {
            // If same rank and same status, idempotent; if different status at same rank, prefer existing
            if (status === existingItem.status) {
              // keep existing (no-op)
            } else {
              // prefer existing to avoid blind flips
              byId.set(id, existingItem);
            }
          } else {
            // incoming rank lower -> ignore
            byId.set(id, existingItem);
          }
        }
    
        const updatedItems = Array.from(byId.values());
        await this.context.workspaceState.update(key, {
          items: updatedItems,
          lastUpdatedAt: Date.now(),
        });
    
        // Update in-memory cache for active session
        this.currentTodoItems = updatedItems;
      }
    
      private async updateSessionTitle(sessionId: string, title: string): Promise<void> {
        try {
          const client = await this.serverManager.ensureRunning();
          await client.session.update({
            path: { id: sessionId },
            body: { title }
          });
    
          const updatedSession = await this.sessionService.switchSession(sessionId);
          this.logger.info(`Updated session ${sessionId} title to: ${title}`);
        } catch (error) {
          this.logger.warn(`Failed to update session title for ${sessionId}:`, { error: String(error) });
        }
      }
    
      /** Session-scoped queue of prompts awaiting execution */
      private queueBySessionId = new Map<string, QueuedPrompt[]>();
      private queueItemSequence = 0;
    
      /** Set of session IDs currently executing their queue */
      private executingQueueSessionIds: Set<string> = new Set();
    
      private processingSessionIds: Set<string> = new Set();
      private get isProcessingRequest(): boolean {
        return this.processingSessionIds.size > 0;
      }
      private isBootstrappingWebview: boolean = false;
      private hasInitializedWebview: boolean = false;
      private sessionsListRequestVersion = 0;
      private lastSessionsPayloadFingerprint: string | undefined;
      /** Cache last message args for retry functionality */
      private lastSendMessageArgs?: {
        text: string;
        files?: string[];
        contexts?: any[];
        images?: any[];
        agent?: string;
      };
      private structuredOutputMode: "format" | "outputFormat" | "disabled" = "format";
      private readonly promptDebugBySession = new Map<string, Record<string, unknown>>();
      private readonly structuredValidationFailureCounters = new Map<string, number>();
      private readonly structuredOutputIncompatibleModelKeys = new Set<string>();
      private capabilityFetchFailureCount = 0;
      private modelsFetchPromise: Promise<ChatModelOption[]> | null = null;
      private commandCatalog: ChatSlashCommand[] = [];
      private commandCatalogFetchedAt = 0;
      private commandCatalogFetchPromise: Promise<ChatSlashCommand[]> | null = null;
      // Cache commands for 30 minutes since they rarely change
      // This prevents slow server calls with 700+ skills
      private readonly COMMAND_CATALOG_TTL_MS = 30 * 60 * 1000;
      private readonly compactingSessions = new Set<string>();
    
      /** ===== NEW: Module instances ===== */
      private diagnosticsLogger!: DiagnosticsLogger;
      private structuredOutputProcessor!: StructuredOutputProcessor;
      private planManager!: PlanManager;
      private subagentPersistence!: SubagentPersistence;
      private compactionManager!: CompactionManager;
      private historyProcessor!: HistoryProcessor;
      private modelAndAgentManager!: ModelAndAgentManager;
      private queueManager!: QueueManager;
      private sessionHandler!: SessionHandler;
      private streamEventHandler!: StreamEventHandler;
    
      /**
       * Creates a new ChatViewProvider instance.
       *
       * **Initialization:**
       * - Creates MessageStreamService for streaming
       * - Loads persisted model selection from global state
       * - Does NOT immediately create webview (happens on demand)
       *
       * **Model Persistence:**
       * The selected model is persisted to VSCode's global state,
       * which means it survives across VSCode restarts and workspace changes.
       *
       * @param context - VSCode extension context for global state access
       * @param serverManager - Server manager for status checking
       * @param sessionService - Session service for session management
       */
      constructor(
        private context: vscode.ExtensionContext,
        private serverManager: OpencodeServerManager,
        private sessionService: SessionService,
        modelCapabilitiesService?: ModelCapabilitiesService,
      ) {
        this.logger = createLogger("ChatViewProvider");
        this.streamService = new MessageStreamService(serverManager);
        this.quotaService = new QuotaService();
        this.subagentTracker = new SubagentTracker();
        this.budgeter = new RequestBudgeter();
        this.configFilesProvider = new ConfigFilesProvider();
        this.skillManager = new SkillManagerService(context);
        this.skillManager.initialize().catch((error) => {
          this.logger.error('Failed to initialize skill manager', error);
        });
        // Use injected service or create local instance as fallback
        this.modelCapabilitiesService = modelCapabilitiesService ?? new ModelCapabilitiesService();
        this.geminiTokenTracker = GeminiTokenUsageTracker.getInstance();
        this.quotaService.on("quotaUpdate", (data) => {
          this.view?.webview.postMessage({ type: "quotaData", data });
          this.sendBudgetInfo();
        });
    
        // Initialize file theme processor
        this.fileThemeProcessor = new FileThemeProcessor(context);
        this.cssGenerator = new CssGenerator();
        this.fileThemeProcessor.subscribe(this);
    
        // Load persisted model selection
        const savedModel = this.context.globalState.get<any>("selectedModel");
        if (
          savedModel &&
          typeof savedModel.providerID === "string" &&
          typeof savedModel.modelID === "string" &&
          savedModel.providerID &&
          savedModel.modelID
        ) {
          this.logger.info(
            `[ChatViewProvider] Loaded persisted model: ${savedModel.modelID} (${savedModel.providerID})`,
          );
          this.selectedModel = savedModel;
        } else if (savedModel) {
          this.logger.warn(
            "[ChatViewProvider] Ignoring invalid persisted model selection. Expected {providerID, modelID}.",
          );
        }
    
        /** ===== NEW: Initialize all modules ===== */
        this.initializeModules();
      }
    
      /**
       * Initialize all chat modules and wire dependencies
       */
      private initializeModules(): void {
        // Utility method callbacks
        const asRecord = (value: unknown) => {
          if (value && typeof value === "object" && !Array.isArray(value)) {
            return value as Record<string, unknown>;
          }
          return undefined;
        };
    
        const firstNonEmptyString = (...values: unknown[]): string | undefined => {
          for (const value of values) {
            if (typeof value === "string" && value.trim().length > 0) {
              return value.trim();
            }
          }
          return undefined;
        };
    
        const logger = this.logger;
    
        // 1. DiagnosticsLogger
        this.diagnosticsLogger = new DiagnosticsLogger(
          logger,
          asRecord,
          firstNonEmptyString,
          this.extractMessageBodyText.bind(this),
          this.historyMessageCreatedAt.bind(this),
          this.extractHistoryMessageId.bind(this),
          this.isRenderableHistoryMessage.bind(this),
          this.historyMessageFingerprint.bind(this),
        );
    
        // 2. PlanManager (must be created before StructuredOutputProcessor)
        this.planManager = new PlanManager(
          logger,
          firstNonEmptyString,
          this.context.globalState,
        );
    
        // 3. StructuredOutputProcessor
        this.structuredOutputProcessor = new StructuredOutputProcessor(
          logger,
          asRecord,
          firstNonEmptyString,
          this.planManager,
        );
    
        // 4. SubagentPersistence
        this.subagentPersistence = new SubagentPersistence(
          this.context.workspaceState,
          this.subagentTracker,
          logger,
          asRecord,
          firstNonEmptyString,
          this.normalizeSubagentStatus.bind(this),
          this.mergeSubagentEntries.bind(this),
          this.hydrateSubagentsFromPayload.bind(this),
          this.resolveSubagentPayloadSessionId.bind(this),
        );
    
        // 5. CompactionManager
        this.compactionManager = new CompactionManager(
          this.context.workspaceState,
          this.serverManager,
          logger,
          asRecord,
          firstNonEmptyString,
          this.processHistoryMessages.bind(this),
        );
    
        // 6. HistoryProcessor
        this.historyProcessor = new HistoryProcessor(
          this.context.workspaceState,
          logger,
          this.structuredOutputProcessor,
          asRecord,
          firstNonEmptyString,
          this.isLikelyToolCallTranscript.bind(this),
          this.extractMessageBodyText.bind(this),
          this.planManager,
        );
    
        // 7. ModelAndAgentManager
        this.modelAndAgentManager = new ModelAndAgentManager(
          this.context.globalState,
          this.serverManager,
          this.modelCapabilitiesService,
          logger,
          asRecord,
          firstNonEmptyString,
        );
    
        // 8. QueueManager
        this.queueManager = new QueueManager(logger);
    
        // 9. SessionHandler
        this.sessionHandler = new SessionHandler(
          this.sessionService,
          this.historyProcessor,
          this.subagentPersistence,
          this.compactionManager,
          this.modelAndAgentManager,
          logger,
        );
    
        // 10. StreamEventHandler
        this.streamEventHandler = new StreamEventHandler(
          this.structuredOutputProcessor,
          this.subagentPersistence,
          this.compactionManager,
          this.diagnosticsLogger,
          this.geminiTokenTracker,
          this.subagentTracker,
          logger,
        );
    
        /** ===== NEW: Wire all callbacks ===== */
        this.wireModuleCallbacks();
      }
    
      /**
       * Wire callbacks between modules and the shell
       */
      private wireModuleCallbacks(): void {
        const postMessage = (msg: any) => {
          this.view?.webview.postMessage(msg);
        };
    
        const getCurrentSessionId = () => this.currentSessionId;
        const setCurrentSessionId = (id: string | undefined) => {
          this.currentSessionId = id;
        };
    
        // Wire postMessage callbacks
        this.compactionManager.setPostMessage(postMessage);
        this.modelAndAgentManager.setPostMessage(postMessage);
        this.queueManager.setPostMessage(postMessage);
        this.sessionHandler.setPostMessage(postMessage);
        this.sessionHandler.setGetCurrentSessionId(getCurrentSessionId);
        this.sessionHandler.setSetCurrentSessionId(setCurrentSessionId);
        this.streamEventHandler.setPostMessage(postMessage);
        this.streamEventHandler.setGetCurrentSessionId(getCurrentSessionId);
    
        // Wire QueueManager execution callbacks
        this.queueManager.setHandleSendMessage(this.handleSendMessage.bind(this));
        this.queueManager.setHandleStopRequest(this.handleStopRequest.bind(this));
        this.queueManager.setGetCurrentSessionId(getCurrentSessionId);
      }
    
      private async schedulePromptDispatch(
        mode: PromptDispatchMode,
        payload: {
          sessionId?: string;
          text?: string;
          files?: string[];
          contexts?: any[];
          images?: any[];
          agent?: string;
          userFacingText?: string;
        },
      ): Promise<void> {
        const text = typeof payload.text === "string" ? payload.text.trim() : "";
        if (!text) {
          return;
        }
    
        const sessionId = await this.resolveQueueSessionId(payload.sessionId);
        if (!sessionId) {
          return;
        }
    
        const effectiveMode =
          mode === "send-now" && this.processingSessionIds.has(sessionId)
            ? "steer"
            : mode;
    
        // For normal sends, bypass queue persistence entirely so the queue panel
        // does not show transient "queued" items when there is no active backlog.
        if (effectiveMode === "send-now") {
          await this.handleSendMessage(
            text,
            payload.files,
            payload.contexts,
            payload.images,
            payload.agent,
            false,
            undefined,
            false,
            undefined,
            payload.userFacingText,
          );
          return;
        }
    
        const promptId = `q-${Date.now()}-${this.queueItemSequence}`;
        this.queueItemSequence += 1;
        const prompt: QueuedPrompt = {
          id: promptId,
          sessionId,
          createdAt: Date.now(),
          text,
          userFacingText: payload.userFacingText,
          files: payload.files,
          contexts: payload.contexts,
          images: payload.images,
          agent: payload.agent,
        };
    
        this.queueManager.enqueuePrompt(prompt, effectiveMode !== "queue");
        this.sendQueueUpdate(sessionId);
    
        if (effectiveMode === "queue") {
          return;
        }
    
        if (this.isProcessingRequest) {
          if (sessionId === this.currentSessionId) {
            await this.handleStopRequest(sessionId);
          }
          return;
        }
    
        await this.handleExecuteQueue(sessionId);
      }
    
      private async handleDispatchQueuedItem(
        dispatchMode: "queue" | "send-now" | "steer",
        sessionId: string,
        id: string,
        index?: number,
      ): Promise<void> {
        await this.queueManager.handleDispatchQueuedItem(
          dispatchMode,
          sessionId,
          id,
          index,
        );
      }
    
      private async handleRemoveFromQueue(
        sessionId: string | undefined,
        id: string,
        _index?: number,
      ): Promise<void> {
        if (!id) {
          return;
        }
        await this.queueManager.handleRemoveFromQueue({ id });
        if (sessionId) {
          this.sendQueueUpdate(sessionId);
        }
      }
    
      private async handleClearQueue(sessionId: string): Promise<void> {
        if (!sessionId) {
          return;
        }
        await this.queueManager.handleClearQueue({ sessionId });
      }
    
      private sendQueueUpdate(sessionId: string): void {
        void this.queueManager.sendQueueUpdate(sessionId);
      }
    
      private async handleExecuteQueue(sessionId: string): Promise<void> {
        const flow = log.startFeatureFlow('ExecuteQueue', { sessionId });
    
        if (!sessionId || this.executingQueueSessionIds.has(sessionId)) {
          if (this.executingQueueSessionIds.has(sessionId)) {
            log.endFeatureFlow(flow, { status: 'skipped', reason: 'Queue already executing' });
          } else {
            log.endFeatureFlow(flow, { status: 'failed', reason: 'No sessionId provided' });
          }
          return;
        }
    
        log.featureStep(flow, 'queue_execution_started');
        this.executingQueueSessionIds.add(sessionId);
        this.view?.webview.postMessage({
          type: "queueExecutionStarted",
          sessionId,
        });
    
        try {
          await this.queueManager.handleExecuteQueue({ sessionId });
          log.endFeatureFlow(flow, { status: 'completed', sessionId });
        } catch (error) {
          log.error('Failed to execute queue', { sessionId }, error as Error);
          log.endFeatureFlow(flow, { status: 'failed', error: String(error) });
        } finally {
          this.executingQueueSessionIds.delete(sessionId);
          this.sendQueueUpdate(sessionId);
        }
      }
    
      /**
       * Wrapper: Get sessions list
       * Fetches sessions from service and sends to webview
       */
      private async handleGetSessions(): Promise<void> {
        const sessions = await this.sessionService.listSessions();
        const sessionsPayload = sessions.map((session: any) => ({
          id: session.id,
          title: session.title || session.id,
          createdAt: session.createdAt,
          updatedAt: session.updatedAt,
        }));
    
        this.view?.webview.postMessage({
          type: "sessionsList",
          sessions: sessionsPayload,
        });
      }
    
      /**
       * Wrapper: Load session
       * Loads messages from service and sends to webview
       */
      private async handleLoadSession(sessionId: string): Promise<void> {
        const flow = log.startFeatureFlow('LoadSession', { sessionId });
    
        if (!sessionId) {
          log.endFeatureFlow(flow, { status: 'failed', reason: 'No sessionId provided' });
          return;
        }
    
        // Add to processing state to show loading indicator in UI
        this.processingSessionIds.add(sessionId);
        this.sendProcessingSessionsUpdate();
    
        try {
          // CRITICAL: Switch the active session in SessionService
          // This updates the service's internal state and persists it
          await this.sessionService.switchSession(sessionId);
          this.currentSessionId = sessionId;
          this.subagentTracker.setActiveSession(sessionId);
          // Clear in-memory todo cache to avoid cross-session leakage
          this.clearSessionTodos(sessionId);
    
          // Restore per-session agent / model / thinking selections
          await this.modelAndAgentManager.applySessionSettings(sessionId);
    
          // Notify the webview of the restored selections for this session
          this.view?.webview.postMessage({
            type: "initState",
            serverStatus: this.serverManager.getStatus(),
            selectedModel: this.modelAndAgentManager.getSelectedModel(),
            selectedAgent: this.modelAndAgentManager.getSelectedAgent(),
            serverVersion: this.serverManager.getVersion(),
            currentSessionId: this.currentSessionId,
            todoItems: this.loadPersistedTodos(this.currentSessionId).items,
          });
    
          const sessionThinkingLevel =
            this.modelAndAgentManager.getSessionSettings(sessionId).thinkingLevel ??
            this.context.globalState.get<string>("thinkingLevel");
          if (sessionThinkingLevel) {
            this.view?.webview.postMessage({
              type: "thinkingLevelUpdate",
              level: sessionThinkingLevel,
            });
          }
    
          // Fire-and-forget: fetch and broadcast current model capabilities on session load
          void this.modelCapabilitiesService
            .getCapabilities(
              this.modelAndAgentManager.getSelectedModel()?.providerID ?? "",
              this.modelAndAgentManager.getSelectedModel()?.modelID ?? "",
            )
            .then((capability) => {
              this.view?.webview.postMessage({
                type: "modelCapabilityUpdate",
                capability: capability ?? null,
              });
            })
            .catch(() => {
              // Minimal failure tracking for session-load capability fetches
              try {
                this.capabilityFetchFailureCount = (this.capabilityFetchFailureCount || 0) + 1;
                if (this.capabilityFetchFailureCount >= 3) {
                  vscode.window.showWarningMessage(
                    "Could not fetch model capabilities. Thinking level control may be unavailable.",
                  );
                  this.capabilityFetchFailureCount = 0;
                }
              } catch (_) {
                // best-effort only
              }
            });
    
          // Reload history for the new session
          const rawMessages = await this.sessionService.getMessages(sessionId);
    
          this.logger.info('[handleLoadSession] Fetched raw messages', {
            sessionId,
            rawCount: rawMessages?.length || 0,
            isRawMessagesArray: Array.isArray(rawMessages)
          });
    
          const messages = Array.isArray(rawMessages)
            ? await this.processHistoryMessages(rawMessages, sessionId)
            : [];
    
          this.logger.info('[handleLoadSession] Processed messages', {
            sessionId,
            processedCount: messages.length,
            willSendToWebview: true
          });
    
          const subagentSnapshotPayload =
            await this.subagentPersistence.syncSubagentSnapshotForSession(
              sessionId,
              messages,
            );
          await this.compactionManager.sendPersistedCompactionViewState(sessionId);
    
          // DEBUG: Log messages before sending to webview
          const planMessages = messages.filter((m: any) => m?.plan);
          log.debug('Sending messages to webview', {
            totalMessages: messages.length,
            planMessagesCount: planMessages.length,
            samplePlanMessage: planMessages[0] ? {
              hasPlan: !!planMessages[0].plan,
              planKeys: planMessages[0].plan ? Object.keys(planMessages[0].plan) : [],
              planFile: planMessages[0].plan?.file,
              planValue: planMessages[0].plan
            } : null
          });
    
          this.view?.webview.postMessage({
            type: "chatHistory",
            sessionId: sessionId,
            messages: messages,
          });
          this.view?.webview.postMessage({
            type: "subagentSnapshot",
            ...subagentSnapshotPayload,
          });
    
          // Update the list selection
          await this.handleGetSessions();
        } catch (error) {
          log.error('Failed to load session', { sessionId }, error as Error);
          vscode.window.showErrorMessage(`Failed to load session: ${error}`);
          log.endFeatureFlow(flow, { status: 'failed', error: String(error) });
        } finally {
          // Remove from processing state regardless of success or error
          this.processingSessionIds.delete(sessionId);
          this.sendProcessingSessionsUpdate();
          // always finalize flow (was previously guarded by !flow.result)
          log.endFeatureFlow(flow, { status: 'completed', sessionId });
        }
      }
    
      /**
       * Wrapper: Delete session
       * Handles session deletion with fallback to create new session
       */
      private async handleDeleteSession(sessionId: string): Promise<void> {
        const flow = log.startFeatureFlow('DeleteSession', { sessionId });
    
        if (!sessionId) {
          log.endFeatureFlow(flow, { status: 'failed', reason: 'No sessionId provided' });
          return;
        }
    
        try {
          log.featureStep(flow, 'deleting_session');
          await this.sessionService.deleteSession(sessionId);
          await this.clearPersistedSubagentSnapshot(sessionId);
          await this.compactionManager.clearPersistedCompactionViewState(sessionId);
    
          const currentSession = await this.sessionService.getCurrentSession();
          if (!currentSession) {
            await this.sessionService.createNewSession();
          }
    
          await this.handleGetSessions();
          log.endFeatureFlow(flow, { status: 'completed', sessionId });
        } catch (error) {
          log.error('Failed to delete session', { sessionId }, error as Error);
          vscode.window.showErrorMessage(`Failed to delete session: ${error}`);
          log.endFeatureFlow(flow, { status: 'failed', error: String(error) });
        }
      }
    
      /**
       * Wrapper: Rename session
       * Delegates to SessionHandler module
       */
      private async handleRenameSession(sessionId: string, newTitle: string): Promise<void> {
        return this.sessionHandler.handleRenameSession(sessionId, newTitle);
      }
    
      /**
       * Wrapper: Forward compaction status from stream event
       * Called by MessageStreamService when processing stream events
       */
      forwardCompactionStatusFromStreamEvent(event: unknown): void {
        return this.compactionManager.forwardCompactionStatusFromStreamEvent(event);
      }
    
      /**
       * Wrapper: Get models
       * Delegates to ModelAndAgentManager module
       */
      private async handleGetModels(): Promise<ChatModelOption[]> {
        return this.modelAndAgentManager.handleGetModels();
      }
    
      /**
       * Wrapper: Get agents
       * Delegates to ModelAndAgentManager module
       */
      private async handleGetAgents(): Promise<void> {
        return this.modelAndAgentManager.handleGetAgents();
      }
    
      /**
       * Handle get commands request
       * Fetches available skills and converts them to slash commands
       */
      private async handleGetCommands(): Promise<void> {
        this.logger.info('[handleGetCommands] Starting to fetch skills from OpenCode server');
    
        try {
          // Ensure server is running
          this.logger.info('[handleGetCommands] Ensuring server is running...');
          const client = await this.serverManager.ensureRunning();
          if (!client) {
            this.logger.error('[handleGetCommands] Failed to get client even after ensureRunning()');
            this.sendCommandsToWebview([]);
            return;
          }
    
          this.logger.info('[handleGetCommands] Server is running, client available');
    
          // Get the current model and provider
          let currentModel = this.selectedModel?.modelID
            ? { provider: this.selectedModel.providerID, model: this.selectedModel.modelID }
            : undefined;
          if (!currentModel) {
            this.logger.warn('[handleGetCommands] No current model selected, using defaults');
            currentModel = { provider: 'anthropic', model: 'claude-sonnet-4-6' };
          }
    
          this.logger.info('[handleGetCommands] Fetching tools from OpenCode server', {
            provider: currentModel.provider,
            model: currentModel.model
          });
    
          // Use the OpenCode SDK client to get the list of available tools
          const toolsResponse = await client.tool.list({
            query: {
              provider: currentModel.provider,
              model: currentModel.model
            }
          });
    
          if (!toolsResponse.data) {
            this.logger.warn('[handleGetCommands] No tools data returned from server');
            this.sendCommandsToWebview([]);
            return;
          }
    
          const tools = toolsResponse.data;
          this.logger.info('[handleGetCommands] Fetched tools from server', {
            toolCount: tools.length,
            toolIds: tools.map(t => t.id),
            allTools: JSON.stringify(tools.map(t => ({
              id: t.id,
              hasDescription: !!t.description,
              descLength: t.description?.length || 0
            })))
          });
    
          // Find the skill tool
          const skillTool = tools.find(tool => tool.id === 'skill');
    
          this.logger.info('[handleGetCommands] Looking for skill tool', {
            found: !!skillTool,
            hasDescription: !!skillTool?.description,
            descPreview: skillTool?.description?.substring(0, 200)
          });
    
          const commands: Array<{ name: string; description: string }> = [];
    
          if (skillTool && skillTool.description) {
            // Parse the available skills from the skill tool's description
            // Format: ## Available Skills\n- **skill-name**: description
            // Show ALL skills in slash commands (even disabled ones) for manual use
            // The config controls which skills OpenCode auto-loads, not what's visible
    
            // Normalize line endings to handle \r\n (Windows) and \r (old Mac)
            const normalizedDescription = skillTool.description.replace(/\r\n/g, '\n').replace(/\r/g, '\n');
            const lines = normalizedDescription.split('\n');
            this.logger.info('[handleGetCommands] Splitting description into lines', {
              lineCount: lines.length,
              firstLines: lines.slice(0, 5),
              fullDescription: skillTool.description.substring(0, 500)
            });
    
            let inAvailableSection = false;
            let currentSkill: { name: string; description: string } | null = null;
    
            for (const line of lines) {
              if (line.includes('## Available Skills') || line.includes('Available Skills')) {
                inAvailableSection = true;
                continue;
              }
    
              if (inAvailableSection) {
                // Match format: - **skill-name**: description
                const match = line.match(/^-\s*\*\*([^*]+)\*\*:\s*(.+)$/);
                if (match) {
                  // Save previous skill if any
                  if (currentSkill) {
                    commands.push(currentSkill);
                  }
                  // Start new skill
                  currentSkill = {
                    name: match[1].trim(),
                    description: match[2].trim()
                  };
                } else if (line.startsWith('##') || line.startsWith('---')) {
                  // End of skills section - save last skill
                  if (currentSkill) {
                    commands.push(currentSkill);
                    currentSkill = null; // Clear to prevent double-push
                  }
                  break;
                } else if (line.trim().startsWith('- ') && currentSkill) {
                  // Continuation of description - remove the '- ' prefix
                  currentSkill.description += '\n' + line.trim().substring(2);
                } else if (line.trim().length > 0 && currentSkill) {
                  // Continuation of description (lines without '- ' prefix)
                  currentSkill.description += '\n' + line.trim();
                }
              }
            }
    
            // Don't forget to push the last skill if we didn't hit a break condition
            if (currentSkill) {
              commands.push(currentSkill);
            }
    
            this.logger.info('[handleGetCommands] Parsed ALL skills from skill tool', {
              count: commands.length,
              skills: commands.map(c => ({ name: c.name, descLength: c.description.length }))
            });
          } else {
            this.logger.warn('[handleGetCommands] No skill tool found or no description');
          }
    
          // If no skills found, do NOT fall back to all tools
          // This prevents showing system tools (edit, read, bash, etc.) as if they were skills
          if (commands.length === 0) {
            this.logger.warn('[handleGetCommands] No skills found, sending empty command list');
          }
    
          this.logger.info('[handleGetCommands] Sending commands to webview', {
            commandCount: commands.length,
            commands: commands.slice(0, 10).map(c => ({ name: c.name, desc: c.description }))
          });
    
          if (commands.length === 0) {
            this.logger.warn('[handleGetCommands] No commands found - this might indicate:', {
              reasons: [
                'Server not started or not ready',
                'No skills available in current config',
                'Skills not discovered by server',
                'Tool list API changed'
              ],
              suggestion: 'Check OpenCode server status and ensure skills are enabled in config'
            });
          }
    
          // Send the commands to the webview
          this.sendCommandsToWebview(commands);
        } catch (error) {
          this.logger.error('[handleGetCommands] Failed to load commands', {
            error: error instanceof Error ? error.message : String(error),
            stack: error instanceof Error ? error.stack : undefined
          });
    
          // Still send empty commands array to frontend even on error
          this.sendCommandsToWebview([]);
        }
      }
    
      /**
       * Send commands to the webview
       * Centralized method for sending slash commands to the chat interface
       */
      private sendCommandsToWebview(commands: Array<{ name: string; description: string }>): void {
        // CRITICAL: Check if view is available before sending message
        if (!this.view) {
          this.logger.error('[sendCommandsToWebview] Cannot send commands - webview is not available');
          return;
        }
    
        if (!this.view.webview) {
          this.logger.error('[sendCommandsToWebview] Cannot send commands - webview.webview is not available');
          return;
        }
    
        const message = {
          type: "commandsList",
          commands: commands,
        };
    
        this.logger.info('[sendCommandsToWebview] Posting message to webview', {
          messageType: message.type,
          commandsCount: message.commands.length,
          commandsPreview: message.commands.slice(0, 3).map(c => c.name)
        });
    
        try {
          const result = this.view.webview.postMessage(message);
          this.logger.info('[sendCommandsToWebview] postMessage returned', {
            success: result,
            result: String(result)
          });
    
          if (!result) {
            this.logger.error('[sendCommandsToWebview] postMessage returned false - webview may not be ready');
          }
        } catch (postError) {
          this.logger.error('[sendCommandsToWebview] postMessage threw an error', {
            error: postError instanceof Error ? postError.message : String(postError),
            stack: postError instanceof Error ? postError.stack : undefined
          });
        }
      }
    
      /**
       * Wrapper: Clear persisted subagent snapshot
       * Delegates to SubagentPersistence module
       */
      private async clearPersistedSubagentSnapshot(sessionId: string): Promise<void> {
        return this.subagentPersistence.clearPersistedSubagentSnapshot(sessionId);
      }
    
      /**
       * Wrapper: View plan
       * Delegates to PlanManager module
       */
      private async handleViewPlan(plan: {
        file?: string;
        content?: string;
        title?: string;
        intro?: string;
        summary?: string;
        files?: any[];
        fileCount?: number;
      }): Promise<void> {
        return this.planManager.handleViewPlan(plan);
      }
    
      /**
       * Wrapper: Set compaction view state
       * Delegates to CompactionManager module
       */
      private async handleSetCompactionViewState(message: {
        sessionId: string;
        state: any;
      }): Promise<void> {
        return this.compactionManager.handleSetCompactionViewState(message);
      }
    
      /**
       * Wrapper: Compact session
       * Delegates to CompactionManager module
       */
      private async handleCompactSession(
        sessionId: string,
        baselineStats?: { [key: string]: number },
      ): Promise<void> {
        const options: { auto?: boolean; threshold?: number } = {};
        if (baselineStats) {
          options.threshold = Object.values(baselineStats).reduce((sum, val) => sum + val, 0);
        }
        return this.compactionManager.handleCompactSession(
          sessionId,
          options,
          this.sessionService,
        );
      }
    
      /**
       * Wrapper: Apply session message overrides
       * Delegates to HistoryProcessor module
       */
      private async applySessionMessageOverrides(
        sessionId: string,
        messages: any[],
      ): Promise<any[]> {
        return this.historyProcessor.applySessionMessageOverrides(sessionId, messages);
      }
    
      /**
       * Wrapper: Normalize structured output
       * Delegates to StructuredOutputProcessor module
       */
      private normalizeStructuredOutput(
        content: string,
        context: {
          source?: string;
          providerID?: string;
          modelID?: string;
        },
      ): any {
        return this.structuredOutputProcessor.normalizeStructuredOutput(content, context);
      }
    
      /**
       * Wrapper: Persist session message override
       * Delegates to HistoryProcessor module
       */
      private async persistSessionMessageOverride(
        sessionId: string,
        override: any,
      ): Promise<void> {
        return this.historyProcessor.persistSessionMessageOverride(sessionId, override);
      }
    
      /**
       * Wrapper: Normalize plan proceed user message
       * Delegates to PlanManager module
       */
      private normalizePlanProceedUserMessage(message: any): any {
        return this.planManager.normalizePlanProceedUserMessage(message);
      }
    
      /**
       * Wrapper: Log stream event diagnostics
       * Delegates to DiagnosticsLogger module
       */
      private logStreamEventDiagnostics(event: any, enrichedEvent?: any): void {
        this.diagnosticsLogger.logStreamEventDiagnostics(event, enrichedEvent);
      }
    
      /**
       * Wrapper: Enrich message with plan
       * Delegates to StructuredOutputProcessor module
       */
      private enrichMessageWithPlan(message: any): any {
        return this.structuredOutputProcessor.enrichMessageWithPlan(message);
      }
    
      /**
       * Check if value is an interactive response type
       */
      private isInteractiveResponseType(value: unknown): boolean {
        return this.structuredOutputProcessor.isInteractiveResponseType(value);
      }
    
      /**
       * Check if content is a clarification questionnaire
       */
      private isClarificationQuestionnaire(content: unknown): boolean {
        return this.structuredOutputProcessor.isClarificationQuestionnaire(content);
      }
    
      /**
       * Get structured output model key
       */
      private getStructuredOutputModelKey(
        providerID?: string,
        modelID?: string,
      ): string {
        return this.structuredOutputProcessor.getStructuredOutputModelKey(
          this.firstNonEmptyString(providerID, modelID) || "",
        );
      }
    
      /**
       * Create fallback message from structured output
       */
      private createFallbackMessage(structured: any): string | undefined {
        return this.structuredOutputProcessor.createFallbackMessage(structured);
      }
    
      /**
       * Get the selected structured output model key
       */
      private getSelectedStructuredOutputModelKey(): string | undefined {
        return this.structuredOutputProcessor.getSelectedStructuredOutputModelKey();
      }
    
      /**
       * Dispatch interactive response
       */
      private async dispatchInteractiveResponse(payload: {
        sessionId?: string;
        text?: string;
        userFacingText?: string;
        agent?: string;
      }): Promise<void> {
        const text = typeof payload.text === "string" ? payload.text.trim() : "";
        if (!text) {
          return;
        }
    
        const sessionId = await this.resolveQueueSessionId(payload.sessionId);
        if (!sessionId) {
          const message =
            "Unable to send interactive response because no active session could be resolved.";
          this.view?.webview.postMessage({
            type: "error",
            message,
          });
          vscode.window.showErrorMessage(message);
          return;
        }
    
        if (this.awaitingInteractiveAnswer) {
          // Match webview's 15s window to prevent popover reappearing during transition
          this.interactiveResponseTransitionUntil = Date.now() + 15000;
        }
    
        // Don't force stop ongoing requests - let schedulePromptDispatch handle mode switching
        // This uses the same intelligent "steer" mode as normal messages instead of blocking
        this.currentSessionId = sessionId;
        await this.schedulePromptDispatch("send-now", {
          sessionId,
          text,
          agent: payload.agent,
          userFacingText: payload.userFacingText,
        });
      }
    
      /**
       * Resolve queue session ID
       */
      private async resolveQueueSessionId(
        requestedSessionId?: string,
      ): Promise<string | undefined> {
        const explicitSessionId = this.firstNonEmptyString(requestedSessionId);
        if (explicitSessionId) {
          if (!this.currentSessionId) {
            this.currentSessionId = explicitSessionId;
          }
          return explicitSessionId;
        }
    
        const currentId = this.firstNonEmptyString(this.currentSessionId);
        if (currentId) {
          return currentId;
        }
    
        try {
          const session = await this.sessionService.getCurrentSession();
          const sessionId = this.firstNonEmptyString(session?.id);
          if (sessionId) {
            this.currentSessionId = sessionId;
          }
          return sessionId;
        } catch (error) {
          this.logger.error("Failed to resolve queue session ID", { err: error });
          return undefined;
        }
      }
    
      /**
       * History processing methods - delegate to HistoryProcessor
       */
      private dedupeMirrorHistoryMessages(messages: any[]): any[] {
        return this.historyProcessor.dedupeMirrorHistoryMessages(messages);
      }
    
      private mergeAdjacentAssistantActivityMessages(messages: any[]): any[] {
        return this.historyProcessor.mergeAdjacentAssistantActivityMessages(messages);
      }
    
      private mergeConsecutiveAssistantBursts(messages: any[]): any[] {
        return this.historyProcessor.mergeConsecutiveAssistantBursts(messages);
      }
    
      private getLatestAssistantHistoryMarker(messages: any[]): {
        id?: string;
        fingerprint?: string;
        createdAt?: number;
        richness: number;
      } {
        return this.historyProcessor.getLatestAssistantHistoryMarker(messages);
      }
    
      private hasAssistantHistoryAdvanced(
        latest:
          | any[]
          | { id?: string; fingerprint?: string; createdAt?: number; richness?: number }
          | undefined,
        baseline:
          | any[]
          | { id?: string; fingerprint?: string; createdAt?: number; richness?: number }
          | undefined,
      ): boolean {
        return this.historyProcessor.hasAssistantHistoryAdvanced(latest, baseline);
      }
    
      /**
       * Subagent methods - delegate to SubagentPersistence
       */
      private async persistSubagentLiveState(
        sessionId: string,
        payload: unknown,
      ): Promise<void> {
        await this.subagentPersistence.persistSubagentLiveState(sessionId, payload as SubagentUpdatePayload);
      }
    
      private buildSubagentPayloadFromMessage(message: any, sessionId?: string): any {
        return this.subagentPersistence.buildSubagentPayloadFromMessage(message, sessionId ?? '');
      }
    
      /**
       * Diagnostics logging - delegate to DiagnosticsLogger
       */
      private logHistoryRenderDiagnostics(
        source: string,
        sessionId: string,
        rawMessages: any[],
        processedMessages: any[],
      ): void {
        return this.diagnosticsLogger.logHistoryRenderDiagnostics(
          source,
          sessionId,
          rawMessages,
          processedMessages,
        );
      }
    
      /**
       * Session settings - delegate to ModelAndAgentManager
       */
      private async persistSessionSettings(
        sessionId: string,
        settings: {
          providerID?: string;
          modelID?: string;
          agent?: string;
          thinkingLevel?: string;
        },
      ): Promise<void> {
        const partial: any = {};
        if (settings.providerID) partial.providerID = settings.providerID;
        if (settings.modelID) partial.modelID = settings.modelID;
        if (settings.agent) partial.agent = settings.agent;
        if (settings.thinkingLevel) partial.thinkingLevel = settings.thinkingLevel;
        return this.modelAndAgentManager.persistSessionSettings(sessionId, partial);
      }
    
      private async resolvePromptVariant(sessionId: string): Promise<string | undefined> {
        return this.modelAndAgentManager.resolvePromptVariant(sessionId);
      }
    
      /**
       * Structured output methods - delegate to StructuredOutputProcessor
       */
      private getStructuredOutputFormat(): Record<string, unknown> {
        return this.structuredOutputProcessor.getStructuredOutputFormat();
      }
    
      private shouldUseStructuredOutput(modelKey: string): boolean {
        return this.structuredOutputProcessor.shouldUseStructuredOutput(modelKey);
      }
    
      private isRenderableTextPart(part: unknown): boolean {
        return this.structuredOutputProcessor.isRenderableTextPart(part);
      }
    
      private deriveQuestionPromptFromInteractivePayload(payload: {
        question: string;
        options?: any[];
      }): string {
        return this.structuredOutputProcessor.deriveQuestionPromptFromInteractivePayload(payload);
      }
    
      private isLowValueInteractiveBodyText(value: string): boolean {
        return this.structuredOutputProcessor.isLowValueInteractiveBodyText(value);
      }
    
      /**
       * Plan methods - delegate to PlanManager
       */
      private collectPlanFileCandidatesFromStructuredPlan(structured: any): string[] {
        return this.planManager.collectPlanFileCandidatesFromStructuredPlan(structured);
      }
    
      private resolvePlanTitle(options: {
        plan?: { title?: string; file?: string };
        planFile?: string;
        fallback?: string;
        explicitTitle?: string;
      }): string | undefined {
        return this.planManager.resolvePlanTitle(options);
      }
    
      /**
       * Session methods - delegate to SessionHandler
       */
      private sendProcessingSessionsUpdate(): void {
        this.view?.webview.postMessage({
          type: "SET_PROCESSING_SESSIONS",
          payload: Array.from(this.processingSessionIds),
        });
      }
    
      /**
       * Diagnostics methods - delegate to DiagnosticsLogger
       */
      private async logPromptRequestPayload(
        sessionId: string,
        promptBody: any,
        useStructuredOutput: boolean,
      ): Promise<void> {
        return this.diagnosticsLogger.logPromptRequestPayload(
          sessionId,
          promptBody,
          useStructuredOutput,
        );
      }
    
      private async logPromptResponsePayload(
        sessionId: string,
        response: any,
        durationSeconds: number,
        useStructuredOutput: boolean,
      ): Promise<void> {
        return this.diagnosticsLogger.logPromptResponsePayload(
          sessionId,
          response,
          durationSeconds,
          useStructuredOutput,
        );
      }
    
      private logPromptResponseDiagnostics(
        sessionId: string,
        responseData: any,
      ): void {
        return this.diagnosticsLogger.logPromptResponseDiagnostics(
          sessionId,
          responseData,
        );
      }
    
      private buildRawResponseDebugText(response: any): string {
        return this.diagnosticsLogger.buildRawResponseDebugText(response);
      }
    
      /**
       * Subagent helper methods (not moved to modules, kept in ChatViewProvider)
       */
      private hasStructuredSubagentSignal(messageRaw: unknown): boolean {
        if (!messageRaw || typeof messageRaw !== "object") {
          return false;
        }
        const message = messageRaw as any;
        const subagents = message?.subagents;
        return (
          Array.isArray(subagents) &&
          subagents.length > 0 &&
          subagents.some((s: any) => s?.status === "structured")
        );
      }
    
      private extractMessageId(message: any): string | undefined {
        if (!message) return undefined;
        const id =
          this.firstNonEmptyString(
            message?.id,
            message?.messageId,
            message?.info?.id,
            message?.info?.messageId,
          ) ||
          (typeof message?.info?._id === "string"
            ? message.info._id
            : undefined);
        return id;
      }
    
      /**
       * Compaction methods - delegate to CompactionManager
       */
      private async maybeAutoCompact(
        sessionId: string,
        responseData: unknown,
      ): Promise<void> {
        return this.compactionManager.maybeAutoCompact(
          sessionId,
          responseData,
          this.sessionService,
        );
      }
    
      /**
       * Plan file methods - delegate to PlanManager (public interface)
       * Note: normalizePlanFileReference is private in PlanManager, so we call it through
       * other public methods or recreate the logic if needed
       */
      private normalizePlanFileReference(file: unknown): string | undefined {
        // This is a private method in PlanManager, but we need access to it.
        // For now, duplicate the minimal logic needed here.
        const raw = this.firstNonEmptyString(file);
        if (!raw) {
          return undefined;
        }
    
        let value = raw.trim();
        if (!value) {
          return undefined;
        }
    
        if (value.startsWith("file://")) {
          try {
            const uri = vscode.Uri.parse(value);
            if (uri.scheme === "file" && uri.fsPath) {
              value = uri.fsPath;
            }
          } catch {
            // Keep string cleanup fallback below.
          }
        }
    
        // Strip common markdown wrappers around file paths.
        value = value
          .replace(/^`+|`+$/g, "")
          .replace(/^"+|"+$/g, "")
          .replace(/^'+|'+$/g, "")
          .replace(/^<+|>+$/g, "")
          .replace(/^\(+|\)+$/g, "")
          .trim();
    
        return value || undefined;
      }
    
      private resolvePlanFileCandidates(planFile: string): string[] {
        return this.planManager.resolvePlanFileCandidates(planFile);
      }
    
      private async persistPlan(
        content: string,
        preferredPath?: string,
      ): Promise<string | undefined> {
        return this.planManager.persistPlan(content, preferredPath);
      }
    
      private async readPlanFileFromDisk(filePath: string): Promise<string | undefined> {
        // This is a private method in PlanManager, duplicate the minimal logic here
        try {
          const normalized = path.normalize(filePath);
          const content = await vscode.workspace.fs.readFile(
            vscode.Uri.file(normalized),
          );
          return Buffer.from(content).toString("utf-8");
        } catch {
          return undefined;
        }
      }
    
      private prioritizePlanFileCandidates(
        candidates: Array<unknown>,
        explicitFiles?: Set<string>,
      ): string[] {
        return this.planManager.prioritizePlanFileCandidates(candidates, explicitFiles);
      }
    
      private extractMarkdownFileReferences(text: unknown): string[] {
        return this.planManager.extractMarkdownFileReferences(text);
      }
    
      private discoverLikelyPlanFileCandidates(): Promise<string[]> {
        return this.planManager.discoverLikelyPlanFileCandidates();
      }
    
      /**
       * Normalize compaction baseline stats
       * Converts raw stats object to normalized format
       */
      private normalizeCompactionBaselineStats(
        value: unknown,
      ): { [key: string]: number } | undefined {
        const rec = this.asRecord(value);
        if (!rec) {
          return undefined;
        }
    
        const normalize = (raw: unknown): number | undefined =>
          typeof raw === "number" && Number.isFinite(raw) && raw >= 0
            ? Math.floor(raw)
            : undefined;
    
        const input = normalize(rec.input);
        const output = normalize(rec.output);
        const read = normalize(rec.read);
        const write = normalize(rec.write);
        const duration = normalize(rec.duration);
    
        if (
          input === undefined &&
          output === undefined &&
          read === undefined &&
          write === undefined &&
          duration === undefined
        ) {
          return undefined;
        }
    
        return {
          input: input ?? 0,
          output: output ?? 0,
          read: read ?? 0,
          write: write ?? 0,
          duration: duration ?? 0,
        };
      }
    
      resolveWebviewView(
        webviewView: vscode.WebviewView,
        _context: vscode.WebviewViewResolveContext,
        _token: vscode.CancellationToken,
      ): void | Thenable<void> {
        this.logger.info("[ChatViewProvider] resolving webview view");
        this.view = webviewView;
        this.isBootstrappingWebview = false;
        this.hasInitializedWebview = false;
        this.sessionsListRequestVersion = 0;
        this.lastSessionsPayloadFingerprint = undefined;
    
        webviewView.webview.options = {
          enableScripts: true,
          localResourceRoots: [this.context.extensionUri],
        };
    
        // Handle messages from webview
        webviewView.webview.onDidReceiveMessage(async (message) => {
          const { type } = message;
    
          // Log all UI interactions for debugging
          this.logger.logUIInteraction('ChatView', type, message.type, message as Record<string, unknown>);
    
          switch (type) {
            case "ready": {
              this.logger.debug(`${LoggingCategories.UI_INTERACTION} Webview ready`, {
                viewType: 'chat',
              });
    
              if (this.isBootstrappingWebview) {
                break;
              }
    
              this.isBootstrappingWebview = true;
              // A reloaded webview starts with empty client state. Force a fresh
              // sessions payload even if the underlying list fingerprint is unchanged.
              this.lastSessionsPayloadFingerprint = undefined;
              if (!this.hasInitializedWebview) {
                // Reply immediately so the webview stops retrying `ready` while
                // slower bootstrap tasks (models/sessions) are still loading.
                this.view?.webview.postMessage({
                  type: "initState",
                  serverStatus: this.serverManager.getStatus(),
                  selectedModel: this.selectedModel,
                  selectedAgent: this.selectedAgent,
                  serverVersion: this.serverManager.getVersion(),
                  currentSessionId: this.currentSessionId,
                  todoItems: this.loadPersistedTodos(this.currentSessionId).items,
                });
                this.hasInitializedWebview = true;
              }
    
              try {
                // Fetch models so they're available in the webview on startup.
                // We await this to ensure models are loaded before sending initState.
                // Network issues are handled gracefully inside handleGetModels with fallback models.
                const models = await this.modelAndAgentManager.handleGetModels();
                await this.modelAndAgentManager.reconcileSelectedModelSelection(models);
    
                // Sync default agent selection
                await this.syncCLIAgents();
    
                // Fetch and send full agents list to webview
                await this.modelAndAgentManager.handleGetAgents();
    
                // TEMPORARILY DISABLED: Fetch and send commands list for SkillsPanel
                // This is loading 700+ skills and causing massive delays
                // TODO: Re-enable after implementing proper pagination/lazy loading
                // void this.handleGetCommands().catch((error) => {
                //   this.logger.warn("Background commands loading failed during ready bootstrap", { err: error });
                // });
                this.logger.info("⚠️ [PERF] Command loading disabled temporarily (700+ skills bottleneck)");
    
                // Resolve the active session before sending initState so that
                // per-session settings (agent / model / thinking) are applied first.
                const currentSession =
                  await this.sessionService.getCurrentSession();
                if (currentSession) {
                  this.currentSessionId = currentSession.id;
                  await this.applySessionSettings(currentSession.id);
                }
    
                // Send refreshed init state reflecting the session-specific selections
                this.view?.webview.postMessage({
                  type: "initState",
                  serverStatus: this.serverManager.getStatus(),
                  selectedModel: this.selectedModel,
                  selectedAgent: this.selectedAgent,
                  serverVersion: this.serverManager.getVersion(),
                  currentSessionId: this.currentSessionId,
                });
    
                // Restore the session-specific thinking level (separate message type)
                const bootstrapThinkingLevel =
                  (currentSession
                    ? this.getSessionSettings(currentSession.id).thinkingLevel
                    : undefined) ??
                  this.context.globalState.get<string>("thinkingLevel");
                if (bootstrapThinkingLevel) {
                  this.view?.webview.postMessage({
                    type: "thinkingLevelUpdate",
                    level: bootstrapThinkingLevel,
                  });
                }
                // Fire-and-forget: fetch and broadcast current model capabilities on bootstrap (unconditional)
                void this.modelCapabilitiesService
                  .getCapabilities(
                    this.selectedModel?.providerID ?? "",
                    this.selectedModel?.modelID ?? "",
                  )
                  .then((capability) => {
                    this.view?.webview.postMessage({
                      type: "modelCapabilityUpdate",
                      capability: capability ?? null,
                    });
                  })
                  .catch(() => {
                    // Minimal failure tracking for bootstrap capability fetches
                    try {
                      this.capabilityFetchFailureCount = (this.capabilityFetchFailureCount || 0) + 1;
                      if (this.capabilityFetchFailureCount >= 3) {
                        vscode.window.showWarningMessage(
                          "Could not fetch model capabilities. Thinking level control may be unavailable.",
                        );
                        this.capabilityFetchFailureCount = 0;
                      }
                    } catch (e) {
                      // best-effort only
                    }
                  });
    
                // Send initial budget status
                this.sendBudgetInfo();
    
                // Fetch and send chat history and sessions list
                if (currentSession) {
                  this.subagentTracker.setActiveSession(currentSession.id);
                  const rawMessages = await this.sessionService.getMessages(
                    currentSession.id,
                  );
                  const messages = await this.processHistoryMessages(
                    rawMessages,
                    currentSession.id,
                  );
                  this.logHistoryRenderDiagnostics(
                    "webview.ready.current-session",
                    currentSession.id,
                    rawMessages,
                    messages,
                  );
                  this.view?.webview.postMessage({
                    type: "chatHistory",
                    messages: messages,
                  });
                  await this.sendPersistedCompactionViewState(currentSession.id);
                  const subagentSnapshotPayload =
                    await this.syncSubagentSnapshotForSession(
                      currentSession.id,
                      messages as any[],
                    );
                  this.view?.webview.postMessage({
                    type: "subagentSnapshot",
                    ...subagentSnapshotPayload,
                  });
                  this.sendQueueUpdate(currentSession.id);
                } else {
                  this.subagentTracker.resetForSession(null);
                  this.view?.webview.postMessage({
                    type: "subagentSnapshot",
                    ...this.subagentTracker.getSnapshotPayload(),
                  });
                }
    
                await this.handleGetSessions();
                this.refreshView();
    
                // Fetch live MCP and LSP server status from OpenCode SDK
                this.handleGetMcpStatus().catch(() => { });
                this.handleGetLspStatus().catch(() => { });
    
                // Send quota data or trigger initial fetch
                const quotaData = this.quotaService.cachedData;
                if (quotaData !== undefined) {
                  this.view?.webview.postMessage({
                    type: "quotaData",
                    data: quotaData,
                  });
                } else {
                  this.quotaService.refreshQuota().catch(() => { });
                }
                // Send initial theme data
                await this.sendThemeDataToWebview();
              } finally {
                this.isBootstrappingWebview = false;
              }
              break;
            }
            case "sendMessage":
            case "sendPrompt": {
              const correlationId = this.logger.startFeatureFlow('send-message', {
                hasFiles: message.files?.length > 0,
                hasImages: message.images?.length > 0,
                textLength: message.text?.length,
              });
    
              this.logger.info(`${LoggingCategories.UI_INTERACTION} User initiated message send`, {
                correlationId,
                hasFiles: message.files?.length > 0,
                hasImages: message.images?.length > 0,
                textLength: message.text?.length,
              });
    
              try {
                await this.schedulePromptDispatch("send-now", {
                  sessionId: message.sessionId,
                  text: message.text,
                  files: message.files,
                  contexts: message.contexts,
                  images: message.images,
                  agent: message.agent,
                });
                this.logger.endFeatureFlow(correlationId, { success: true });
              } catch (err) {
                this.logger.error(
                  `${LoggingCategories.UI_INTERACTION} Failed to send message`,
                  { correlationId, error: (err as Error).message }
                );
                this.logger.endFeatureFlow(correlationId, { success: false });
              }
              break;
            }
            case "persistAssistantMessage": {
              const sessionId = this.firstNonEmptyString(
                message.sessionId,
                this.currentSessionId,
              );
              if (!sessionId || !message.message) {
                break;
              }
              await this.sessionService.upsertMessage(sessionId, message.message);
              await this.persistSessionMessageOverride(sessionId, message.message);
              const snapshotFromMessage = this.buildSubagentPayloadFromMessage(
                message.message,
                sessionId,
              );
              if (snapshotFromMessage) {
                await this.persistSubagentLiveState(sessionId, snapshotFromMessage);
              }
              break;
            }
            case "interactiveResponse": {
              const choiceText =
                this.firstNonEmptyString(
                  message?.selection?.value,
                  message?.selection?.label,
                  message?.text,
                ) || "";
              if (!choiceText) {
                break;
              }
    
              // FIX: Send just the choice text, no special formatting
              const composedPrompt = choiceText;
              const userFacingText = this.firstNonEmptyString(
                message?.displayText,
                choiceText,
              );
    
              await this.dispatchInteractiveResponse({
                sessionId: message?.sessionId,
                text: composedPrompt,
                userFacingText,
                agent: message?.agent,
              });
              break;
            }
            case "batchInteractiveResponse": {
              const responses = message.responses as Array<{
                eventId: string;
                eventType: string;
                text: string;
                questionText?: string;
              }>;
              if (!responses || responses.length === 0) {
                break;
              }
    
              // Preserve question context in the prompt so model-side continuation
              // is grounded, while the webview controls user-facing rendering text.
              const composedPrompt = responses
                .map((resp, index) => {
                  const answer = this.firstNonEmptyString(resp.text) || "";
                  if (!answer) {
                    return "";
                  }
                  const question = this.firstNonEmptyString(resp.questionText) || "";
                  if (!question) {
                    return `Answer ${index + 1}: ${answer}`;
                  }
                  return `Question ${index + 1}: ${question}\nAnswer: ${answer}`;
                })
                .filter((value) => value.length > 0)
                .join("\n\n");
    
              if (!composedPrompt) {
                break;
              }
    
              const userFacingText = this.firstNonEmptyString(
                message?.displayText,
                composedPrompt,
              );
    
              await this.dispatchInteractiveResponse({
                sessionId: message?.sessionId,
                text: composedPrompt,
                userFacingText,
                agent: message?.agent,
              });
              break;
            }
            case "newSession":
            case "createSession": {
              const correlationId = this.logger.startFeatureFlow('create-session');
    
              this.logger.info(`${LoggingCategories.UI_INTERACTION} User creating new session`, {
                correlationId,
              });
    
              try {
                const createdSession = await this.sessionService.createNewSession();
                this.currentSessionId = createdSession.id;
                this.logger.info(`${LoggingCategories.UI_INTERACTION} New session created`, {
                  correlationId,
                  sessionId: createdSession.id,
                });
                this.logger.endFeatureFlow(correlationId, {
                  success: true,
                  sessionId: createdSession.id,
                });
    
                // Clear in-memory todo cache for the newly created session.
                this.clearSessionTodos();
                this.subagentTracker.resetForSession(createdSession.id);
                await this.clearPersistedSubagentSnapshot(createdSession.id);
                this.sendQueueUpdate(createdSession.id);
    
                // Always use "build" as the default agent for new sessions
                // This prevents new sessions from inheriting an agent that was
                // selected in a previous session (e.g., "Sisyphus (Ultraworker)")
                this.selectedAgent = "build";
                await this.persistSessionSettings(createdSession.id, {
                  agent: "build",
                });
    
                await this.handleGetSessions(); // Update list
                this.refreshView();
    
                // Clear webview messages
                this.view?.webview.postMessage({
                  type: "chatHistory",
                  messages: [],
                });
                this.view?.webview.postMessage({
                  type: "subagentSnapshot",
                  ...this.subagentTracker.getSnapshotPayload(),
                });
              } catch (error) {
                this.logger.error(
                  `${LoggingCategories.UI_INTERACTION} Failed to create session`,
                  { correlationId, error: (error as Error).message }
                );
                this.logger.endFeatureFlow(correlationId, { success: false });
              }
              break;
            }
            case "viewPlan": {
              this.logger.logUIInteraction('ChatView', 'view-plan', message.plan, {
                planFile: message.plan,
              });
    
              this.logger.info(`${LoggingCategories.UI_INTERACTION} User viewing plan`, {
                planFile: message.plan,
              });
    
              if (message.plan) {
                await this.handleViewPlan(message.plan);
              }
              break;
            }
            case "openDiff": {
              this.handleOpenDiff(message.file);
              break;
            }
            case "openFile": {
              await this.handleOpenFile(message.file);
              break;
            }
            case "reviewChanges": {
              this.handleReviewChanges();
              break;
            }
            case "searchFiles":
            case "getMentions": {
              await this.handleSearchFiles(message.query);
              break;
            }
            case "getOpenCodeConfig": {
              await this.handleGetOpenCodeConfig(message.fileName);
              break;
            }
            case "saveOpenCodeConfig": {
              await this.handleSaveOpenCodeConfig(message.content, message.filePath);
              break;
            }
            case "selectModel":
            case "setModel": {
              // Normalize incoming model to always include providerName.
              const incoming =
                message.model || {
                  providerID: message.providerID,
                  modelID: message.modelID,
                } ||
                {};
              if (!incoming.providerID || !incoming.modelID) {
                this.logger.warn("Ignoring invalid model selection payload; providerID and modelID are required.", { incoming });
                break;
              }
              let providerName: string | undefined = incoming.providerName;
              if (!providerName) {
                // Try to resolve from cached models if available
                const found = this.availableModels?.find(
                  (m) =>
                    m.providerID === incoming.providerID &&
                    m.modelID === incoming.modelID,
                );
                providerName = found?.providerName || incoming.providerID;
              }
    
              this.selectedModel = {
                providerID: incoming.providerID,
                modelID: incoming.modelID,
                providerName,
              };
    
              // Persist selection
              await this.context.globalState.update(
                "selectedModel",
                this.selectedModel,
              );
              if (this.currentSessionId) {
                await this.persistSessionSettings(this.currentSessionId, {
                  providerID: this.selectedModel?.providerID,
                  modelID: this.selectedModel?.modelID,
                });
              }
              this.logger.info("Persisted model selection", {
                modelID: this.selectedModel.modelID,
                providerName: this.selectedModel.providerName,
              });
    
              // Fetch and broadcast model capabilities (fire-and-forget).
              void this.modelCapabilitiesService
                .getCapabilities(
                  this.selectedModel.providerID,
                  this.selectedModel.modelID,
                )
                .then(async (capability) => {
                  this.capabilityFetchFailureCount = 0;
                  // Broadcast capability update (preserve existing behaviour)
                  this.view?.webview.postMessage({
                    type: "modelCapabilityUpdate",
                    capability: capability ?? null,
                  });
    
                  // Check for stale persisted thinking level and clear if it's no
                  // longer supported by the newly selected model.
                  try {
                    const persistedLevel =
                      (this.currentSessionId
                        ? this.getSessionSettings(this.currentSessionId).thinkingLevel
                        : undefined) ?? this.context.globalState.get<string>("thinkingLevel");
    
                    const newVariants = capability?.variants;
                    const isStale =
                      persistedLevel &&
                      (!Array.isArray(newVariants) || newVariants.length === 0 || !newVariants.includes(persistedLevel));
    
                    if (isStale) {
                      this.logger.warn("Clearing stale thinking level on model switch", {
                        staleLevel: persistedLevel,
                        newVariants,
                        modelID: this.selectedModel?.modelID,
                      });
    
                      // Clear from globalState
                      await this.context.globalState.update("thinkingLevel", undefined);
    
                      // Clear from session settings if applicable
                      if (this.currentSessionId) {
                        await this.persistSessionSettings(this.currentSessionId, {
                          thinkingLevel: undefined,
                        });
                      }
    
                      // Notify webview to reset its displayed thinking level
                      this.view?.webview.postMessage({
                        type: "thinkingLevelUpdate",
                        level: "",
                      });
                    }
                  } catch (err) {
                    // Best-effort only — log and continue
                    this.logger.warn("Error while checking/clearing stale thinking level", { err });
                  }
                })
                .catch((err) => {
                  this.logger.warn(
                    "Failed to fetch model capabilities on model switch",
                    { err },
                  );
                  this.view?.webview.postMessage({
                    type: "modelCapabilityUpdate",
                    capability: null,
                  });
                  try {
                    this.capabilityFetchFailureCount = (this.capabilityFetchFailureCount || 0) + 1;
                    if (this.capabilityFetchFailureCount >= 3) {
                      vscode.window.showWarningMessage(
                        "Could not fetch model capabilities. Thinking level control may be unavailable.",
                      );
                      this.capabilityFetchFailureCount = 0;
                    }
                  } catch (_) {
                    // best-effort only
                  }
                });
              break;
            }
            case "selectAgent":
            case "setAgent": {
              const oldAgent = this.selectedAgent;
              this.selectedAgent = message.agent;
    
              this.logger.logStateChange(
                'selected-agent',
                oldAgent,
                message.agent,
                'user-selection'
              );
    
              this.logger.info(`${LoggingCategories.UI_INTERACTION} User selected agent`, {
                fromAgent: oldAgent,
                toAgent: message.agent,
              });
    
              if (this.currentSessionId) {
                await this.persistSessionSettings(this.currentSessionId, {
                  agent: message.agent,
                });
              }
              break;
            }
            case "getAgents": {
              this.handleGetAgents();
              break;
            }
            case "getCommands": {
              this.logger.info('[onDidReceiveMessage] Received getCommands message');
              await this.handleGetCommands();
              break;
            }
            case "getModels": {
              await this.handleGetModels();
              break;
            }
            case "getSessions": {
              await this.handleGetSessions();
              break;
            }
            case "loadSession":
            case "openSession":
            case "switchSession": {
              const correlationId = this.logger.startFeatureFlow('switch-session', {
                targetSessionId: message.sessionId,
              });
    
              this.logger.info(`${LoggingCategories.UI_INTERACTION} User switching session`, {
                correlationId,
                fromSessionId: this.currentSessionId,
                toSessionId: message.sessionId,
              });
    
              try {
                await this.handleLoadSession(message.sessionId);
                this.logger.endFeatureFlow(correlationId, { success: true });
              } catch (error) {
                this.logger.error(
                  `${LoggingCategories.UI_INTERACTION} Failed to switch session`,
                  { correlationId, fromSessionId: this.currentSessionId, toSessionId: message.sessionId, error: (error as Error).message }
                );
                this.logger.endFeatureFlow(correlationId, { success: false });
              }
              break;
            }
            case "deleteSession": {
              await this.handleDeleteSession(message.sessionId);
              break;
            }
            case "renameSession": {
              await this.handleRenameSession(message.sessionId, message.newTitle);
              break;
            }
            case "stopRequest": {
              await this.handleStopRequest(message.sessionId);
              break;
            }
            case "compactSession": {
              await this.handleCompactSession(
                message.sessionId,
                this.normalizeCompactionBaselineStats(message.baselineStats),
              );
              break;
            }
            case "setCompactionViewState": {
              await this.handleSetCompactionViewState(message);
              break;
            }
            case "addToQueue": {
              await this.schedulePromptDispatch("queue", {
                sessionId: message.sessionId,
                text: message.text,
                files: message.files,
                contexts: message.contexts,
                images: message.images,
                agent: message.agent,
              });
              break;
            }
            case "steerMessage": {
              await this.schedulePromptDispatch("steer", {
                sessionId: message.sessionId,
                text: message.text,
                files: message.files,
                contexts: message.contexts,
                images: message.images,
                agent: message.agent,
              });
              break;
            }
            case "sendQueuedItemNow": {
              await this.handleDispatchQueuedItem(
                "send-now",
                message.sessionId,
                message.id,
                message.index,
              );
              break;
            }
            case "steerQueuedItem": {
              await this.handleDispatchQueuedItem(
                "steer",
                message.sessionId,
                message.id,
                message.index,
              );
              break;
            }
            case "attachFiles": {
              await this.handleAttachFiles();
              break;
            }
            case "attachImage": {
              await this.handleAttachImage();
              break;
            }
            case "removeFromQueue": {
              await this.handleRemoveFromQueue(
                message.sessionId,
                message.id,
                message.index,
              );
              break;
            }
            case "clearQueue": {
              await this.handleClearQueue(message.sessionId);
              break;
            }
            case "executeQueue": {
              await this.handleExecuteQueue(message.sessionId);
              break;
            }
            case "log": {
              const { level, message: logMsg, category, context } = message;
              const prefix = category ? `[${category}]` : "[WebView]";
              try {
                const levelStr = (level || "info").toLowerCase();
                const msgStr =
                  typeof logMsg === "string"
                    ? logMsg.length > 2000
                      ? `${logMsg.slice(0, 2000)}...[truncated ${logMsg.length - 2000} chars]`
                      : logMsg
                    : JSON.stringify(logMsg);
                const ctx = { ...(context || {}), source: prefix };
                switch (levelStr) {
                  case "error":
                    this.logger.error(msgStr, ctx as Record<string, unknown>);
                    break;
                  case "warn":
                    this.logger.warn(msgStr, ctx as Record<string, unknown>);
                    break;
                  case "debug":
                    this.logger.debug(msgStr, ctx as Record<string, unknown>);
                    break;
                  case "info":
                  default:
                    this.logger.info(msgStr, ctx as Record<string, unknown>);
                    break;
                }
              } catch (err) {
                // If logging from webview fails, don't let it crash the provider
                this.logger.warn("Failed to forward webview log message", { err });
              }
              break;
            }
            case "refreshQuota": {
              await this.quotaService.refreshQuota();
              break;
            }
            case "setThinkingLevel": {
              const level = message.level as string | undefined;
              if (level) {
                await this.context.globalState.update("thinkingLevel", level);
                if (this.currentSessionId) {
                  await this.persistSessionSettings(this.currentSessionId, {
                    thinkingLevel: level,
                  });
                }
                this.logger.info("Thinking level set", { level });
                // NOTE: The webview handler only listens for 'thinkingLevelUpdate' (not 'thinkingLevelSet')
                this.view?.webview.postMessage({
                  type: "thinkingLevelUpdate",
                  level,
                });
              }
              break;
            }
            case "toggleMode": {
              const correlationId = this.logger.startFeatureFlow('toggle-mode', {
                fromMode: this.currentMode,
                toMode: message.mode,
              });
    
              this.logger.info('User toggled chat mode', {
                correlationId,
                fromMode: this.currentMode,
                toMode: message.mode,
              });
    
              try {
                await this.handleToggleMode(message.mode);
                this.logger.endFeatureFlow(correlationId, { success: true });
              } catch (error) {
                this.logger.error('Failed to toggle mode', {
                  correlationId,
                  error: (error as Error).message,
                });
                this.logger.endFeatureFlow(correlationId, { success: false });
              }
              break;
            }
            case "addAttachment": {
              const attachment = message.attachment;
              if (!attachment) break;
              const existing = (this.context.globalState.get<any[]>(
                "pendingAttachments",
              ) || []) as any[];
              existing.push(attachment);
              await this.context.globalState.update("pendingAttachments", existing);
              this.view?.webview.postMessage({
                type: "attachmentAdded",
                attachmentId: attachment.id,
              });
              break;
            }
            case "retryLastMessage": {
              const retrySessionId = this.currentSessionId;
              if (this.lastSendMessageArgs && retrySessionId && !this.processingSessionIds.has(retrySessionId)) {
                const retryWithoutStructuredOutput =
                  message.retryWithoutStructuredOutput === true;
                if (this.currentSessionId) {
                  try {
                    const rawMessages = await this.sessionService.getMessages(
                      this.currentSessionId,
                    );
                    const messages = await this.processHistoryMessages(
                      rawMessages,
                      this.currentSessionId,
                    );
                    this.logHistoryRenderDiagnostics(
                      "retryLastMessage.reload",
                      this.currentSessionId,
                      rawMessages,
                      messages,
                    );
                    this.view?.webview.postMessage({
                      type: "chatHistory",
                      sessionId: this.currentSessionId,
                      messages: messages,
                    });
                  } catch (err) {
                    this.logger.error("Failed to load messages for retry", { err });
                  }
                }
                await this.handleSendMessage(
                  this.lastSendMessageArgs.text,
                  this.lastSendMessageArgs.files,
                  this.lastSendMessageArgs.contexts,
                  this.lastSendMessageArgs.images,
                  this.lastSendMessageArgs.agent,
                  true,
                  undefined,
                  retryWithoutStructuredOutput,
                );
              }
              break;
            }
            case "clearAttachments": {
              await this.context.globalState.update("pendingAttachments", []);
              this.view?.webview.postMessage({ type: "attachmentsCleared" });
              break;
            }
            case "getMcpStatus": {
              this.handleGetMcpStatus().catch((err) =>
                log.error(
                  "handleGetMcpStatus error",
                  {},
                  err instanceof Error ? err : undefined,
                ),
              );
              break;
            }
            case "getLspStatus": {
              this.handleGetLspStatus().catch((err) =>
                log.error(
                  "handleGetLspStatus error",
                  {},
                  err instanceof Error ? err : undefined,
                ),
              );
              break;
            }
            case "getConfigFilesList": {
              try {
                const response = await vscode.commands.executeCommand<{
                  success: boolean;
                  error?: string;
                  files: ConfigFile[];
                }>('opencode.getConfigFiles');
    
                this.view?.webview.postMessage({
                  type: 'configFilesList',
                  success: response.success,
                  error: response.error,
                  files: response.files ?? []
                });
              } catch (err) {
                log.error(
                  "getConfigFilesList error",
                  {},
                  err instanceof Error ? err : undefined,
                );
                this.view?.webview.postMessage({
                  type: 'configFilesList',
                  success: false,
                  error: err instanceof Error ? err.message : 'Unknown error',
                  files: []
                });
              }
              break;
            }
            case "saveConfigFile": {
              try {
                // Input validation
                if (!message.filePath || typeof message.filePath !== 'string') {
                  throw new Error('Invalid or missing filePath');
                }
                if (!message.content || typeof message.content !== 'string') {
                  throw new Error('Invalid or missing content');
                }
    
                const saveResult = await vscode.commands.executeCommand<{
                  success: boolean;
                  error?: string;
                }>(
                  'opencode.saveConfigFile',
                  message.filePath,
                  message.content
                );
    
                // Null check for saveResult
                if (!saveResult) {
                  throw new Error('No response from saveConfigFile command');
                }
    
                this.view?.webview.postMessage({
                  type: 'configFileSaved',
                  success: saveResult?.success ?? false,
                  error: saveResult?.error
                });
              } catch (err) {
                log.error(
                  "saveConfigFile error",
                  {},
                  err instanceof Error ? err : undefined,
                );
                this.view?.webview.postMessage({
                  type: 'configFileSaved',
                  success: false,
                  error: err instanceof Error ? err.message : 'Unknown error'
                });
              }
              break;
            }
            case "planProceed": {
              const payload = message.payload;
              await this.context.globalState.update(
                "lastPlanProceed",
                payload || null,
              );
              this.logger.debug("planProceed received");
              this.view?.webview.postMessage({
                type: "planProceedAck",
                payload: { received: true },
              });
              break;
            }
            // Skill installer message routing
            case "getMySkills":
            case "installSkill":
            case "removeSkill":
            case "editSkill":
            case "validateSkill":
              await this.handleSkillMessage(message);
              break;
            default: {
              this.logger.debug(`${LoggingCategories.UI_INTERACTION} Unhandled message type`, {
                messageType: type,
              });
            }
          }
        });
    
        // Subscribe to stream events
        this.unsubscribe = this.streamService.subscribe(async (event) => {
          // Log stream events for debugging
          const eventRec = event as Record<string, unknown>;
          const eventType = eventRec?.type || "unknown";
          const structuredRec = eventRec?.structured as Record<string, unknown> | undefined;
          const eventKind = structuredRec?.kind || "unknown";
          this.logger.debug(`📡 [STREAM] Event received: ${eventType} (kind: ${eventKind})`, {
            sessionId: this.extractEventSessionId(event),
            hasStructured: !!structuredRec,
          });
    
          const eventSessionId = this.extractEventSessionId(event);
          // Always run subagent tracking before any session-scoped early return so child
          // session events are captured regardless of which session is active in the UI.
          const subagentUpdate = this.subagentTracker.consumeStreamEvent(event);
          if (subagentUpdate) {
            this.view?.webview.postMessage({
              type: "subagentUpdate",
              ...subagentUpdate,
            });
            void this.subagentPersistence.persistSubagentUpdateSnapshot(
              subagentUpdate,
              this.currentSessionId,
              this.sessionService,
              (msg) => this.view?.webview.postMessage(msg)
            ).catch((persistError) => {
              this.logger.warn("Failed to persist subagent stream snapshot", { err: persistError });
            });
          }
    
          // We process all events for internal logic (tracking, persistence),
          // but drop early if the stream event belongs to a different active session.
          if (eventSessionId && this.currentSessionId && eventSessionId !== this.currentSessionId) {
            return;
          }
    
          // Track token usage from message.updated events
          if (event.type === "message.updated" && event.properties) {
            const info = (event.properties as any)?.info;
            if (info?.tokens && info?.modelID) {
              const tokens: TokenUsage = {
                input: info.tokens.input || 0,
                output: info.tokens.output || 0,
                reasoning: info.tokens.reasoning || 0,
                cacheRead: info.tokens.cache?.read || 0,
                cacheWrite: info.tokens.cache?.write || 0,
              };
              // Track only if there's actual token usage
              if (tokens.input > 0 || tokens.output > 0 || tokens.reasoning > 0) {
                this.geminiTokenTracker.recordUsage(info.modelID, tokens);
              }
            }
          }
    
          this.forwardCompactionStatusFromStreamEvent(event);
    
          // Forward events to webview
          const enrichedEvent = this.enrichStreamEvent(event);
          this.logStreamEventDiagnostics(event, enrichedEvent);
    
          if (this.hasBlockingInteractiveInStreamPayload(enrichedEvent)) {
            this.awaitingInteractiveAnswer = true;
          }
    
          // Clear flag when we receive actual content (not another question)
          // This indicates the model is processing and we're no longer just "awaiting"
          if (this.awaitingInteractiveAnswer) {
            const isAnotherQuestion = this.hasBlockingInteractiveInStreamPayload(enrichedEvent);
            const isActualContent = enrichedEvent.type &&
                                   enrichedEvent.type !== 'interactive_event' &&
                                   !isAnotherQuestion;
    
            if (isActualContent) {
              this.awaitingInteractiveAnswer = false;
            }
          }
    
          // Log stream event for debugging response types (with error handling)
          try {
            const structured = enrichedEvent?.structured || {};
            const responseContext: Record<string, unknown> = {
              eventType: event.type || "unknown",
              kind: structured?.kind || "unknown",
            };
    
            if (structured?.text) {
              responseContext.textLength = structured.text.length;
              responseContext.textPreview = structured.text.substring(0, 100);
            }
    
            if (structured?.responseType) {
              responseContext.responseType = structured.responseType;
            }
    
            if (enrichedEvent?.structuredOutput) {
              responseContext.hasStructuredOutput = true;
              responseContext.outputType =
                enrichedEvent.structuredOutput.responseType;
            }
    
            this.logger.aiStreamEvent(
              "stream", // sessionId - using placeholder since stream events don't have a sessionId
              structured?.kind || "unknown", // eventType
              responseContext, // context
            );
          } catch (error) {
            // Silently ignore logging errors to prevent stream interruption
            this.logger.warn("Failed to log stream event", { err: error });
          }
    
          // Forward todo_update stream events as todoUpdate postMessage to webview
          if (enrichedEvent?.structuredOutput?.responseType === "todo_update") {
            const structured = enrichedEvent.structuredOutput as Record<string, unknown>;
            const todoItems = Array.isArray(structured.todoItems)
              ? structured.todoItems
              : [];
    
            // **Performance Optimization:** Batch all todo updates into a single postMessage
            // Previously sent individual postMessage for each item (could be 10+ messages)
            // Now sends single batch message with all updates
            const updates: Array<{ id: string; text: string; status: string; sessionId?: string }> = [];
    
            for (const rawItem of todoItems) {
              if (typeof rawItem !== "object" || rawItem === null) {
                continue;
              }
    
              const item = rawItem as Record<string, unknown>;
              const id = typeof item.id === "string" ? item.id : "";
              const text = typeof item.text === "string" ? item.text : "";
              const status = typeof item.status === "string" ? item.status : "";
              const sessionId =
                typeof item.sessionId === "string" ? item.sessionId : undefined;
    
              if (!id || !text || !status) {
                continue;
              }
    
              updates.push({
                id,
                text,
                status,
                ...(sessionId ? { sessionId } : {}),
              });
            }
    
            // Send batched updates as single postMessage (reduces IPC overhead)
            if (updates.length > 0) {
              this.view?.webview.postMessage({
                type: "todoUpdate",
                action: "batch",
                items: updates,
              });
            }
    
            // **Performance Optimization:** Debounce todo persistence
            // Previously persisted on every todo_update event during streaming
            // Now debounced with 1-second delay (reduces state writes by 80-90%)
            const targetPersistSessionId = eventSessionId || this.currentSessionId;
            if (targetPersistSessionId && updates.length > 0) {
              this.scheduleTodoPersistence(targetPersistSessionId, todoItems);
            }
          }
    
          // Stamp the active session ID onto every event so the webview can always
          // perform a reliable session-scoped filter even when the raw event payload
          // does not carry a sessionId field.
          this.view?.webview.postMessage({
            type: "streamEvent",
            event: { ...enrichedEvent, sessionId: this.currentSessionId },
          });
          if (this.shouldVerboseStreamDebug()) {
            this.logger.debug("streamEvent forwarded", {
              type: (enrichedEvent as any)?.type || event.type,
              kind: (enrichedEvent as any)?.structured?.kind || "unknown",
            });
          }
    
          // If this is a step-finish or tool completion for an edit, calculate diff stats asynchronously
          // Fire-and-forget follow-up message so we don't block the stream rendering
          if (enrichedEvent?.structured?.kind === "progress") {
            const props = (event.properties || {}) as any;
            const part = props.part || {};
            const partType = (part.type || "").toLowerCase();
    
            // Check if it's a tool that modified a file or a step-finish for an edit
            const isToolDone = partType === "tool" && part.state?.status === "done";
            const isStepFinish = partType === "step-finish";
    
            if (isToolDone || isStepFinish) {
              const toolName = (part.tool || "").toLowerCase();
              const filePath =
                part.state?.input?.file || part.state?.input?.path || part.filePath;
    
              if (
                filePath &&
                (toolName.includes("write") ||
                  toolName.includes("replace") ||
                  toolName.includes("edit") ||
                  isStepFinish)
              ) {
                const callID =
                  part.callId ||
                  part.callID ||
                  enrichedEvent?.structured?.callID ||
                  enrichedEvent.id;
                if (callID) {
                  const toolNameRaw =
                    typeof part.tool === "string" ? part.tool : undefined;
                  const partInput = part.state?.input ?? {};
                  const commandHint =
                    (typeof partInput.CommandLine === "string" && partInput.CommandLine) ||
                    (typeof partInput.command === "string" && partInput.command) ||
                    undefined;
                  const queryHint =
                    (typeof partInput.Query === "string" && partInput.Query) ||
                    (typeof partInput.query === "string" && partInput.query) ||
                    (typeof partInput.Pattern === "string" && partInput.Pattern) ||
                    (typeof partInput.pattern === "string" && partInput.pattern) ||
                    undefined;
                  this.getDiffActivityEnrichment(filePath)
                    .then((enrichment) => {
                      if (enrichment && this.view) {
                        this.view.webview.postMessage({
                          type: "streamEventEnrich",
                          callID,
                          diffStats: enrichment.diffStats,
                          activityDetail: {
                            kind: "file_edit",
                            tool: toolNameRaw,
                            command: commandHint,
                            query: queryHint,
                            file: filePath,
                            diffExcerpt: enrichment.diffExcerpt,
                          },
                        });
                      }
                    })
                    .catch((err) => {
                      this.logger.error("Failed to get diff stats async", { err });
                    });
                }
              }
            }
          }
        });
    
        webviewView.webview.html = this.getHtmlContent(webviewView.webview);
    
        // Subscribe to status changes
        const statusSubscription = this.serverManager.onStatusChange((status) => {
          this.view?.webview.postMessage({
            type: "statusUpdate",
            status: status,
          });
        });
    
        // Cleanup on dispose
        webviewView.onDidDispose(() => {
          if (this.unsubscribe) {
            this.unsubscribe();
            this.unsubscribe = undefined;
          }
          this.isBootstrappingWebview = false;
          this.hasInitializedWebview = false;
          this.sessionsListRequestVersion = 0;
          this.lastSessionsPayloadFingerprint = undefined;
          statusSubscription.dispose();
          this.quotaService.dispose();
          // Don't dispose the singleton tracker - it's shared
          this.view = undefined;
        });
      }
    
      /**
       * Handles getting the sessions list
       */
      /**
       * Notifies the webview of the current set of processing session IDs.
       */
      /**
       * Handles switching to a specific session
       */
      /**
       * Handles deleting a session
       */
      /**
       * Handles renaming a session.
       *
       * Updates the session title on the server and refreshes the session list.
       *
       * @param sessionId - The ID of the session to rename
       * @param newTitle - The new title for the session
       */
      /**
       * Processes raw history messages by applying structured outputs and enriching
       * plan metadata for rendering.
       */
      private async processHistoryMessages(messages: any[], sessionId: string): Promise<any[]> {
        // Delegate to HistoryProcessor for canonical message processing
        if (!this.historyProcessor) {
          this.logger.warn("HistoryProcessor not initialized, returning empty messages");
          return [];
        }
    
        if (!Array.isArray(messages) || messages.length === 0) {
          this.logger.warn('[processHistoryMessages] No messages to process', { sessionId, count: messages?.length });
          return [];
        }
    
        this.logger.info('[DEBUG] processHistoryMessages input:', { count: messages.length, sessionId });
    
        try {
          // Load any session overrides first
          const overriddenMessages = await this.historyProcessor.applySessionMessageOverrides(sessionId, messages);
    
          this.logger.info('[DEBUG] After applySessionMessageOverrides:', { count: overriddenMessages?.length || 0 });
    
          // Then process through the canonical pipeline
          const processed = this.historyProcessor.processHistoryMessages(overriddenMessages, sessionId);
    
          this.logger.info('[DEBUG] processHistoryMessages output:', { count: processed?.length || 0, sessionId });
    
          return processed || [];
        } catch (error) {
          this.logger.error('[ERROR] processHistoryMessages failed:', { error: error instanceof Error ? error.message : String(error), sessionId, stack: error instanceof Error ? error.stack : undefined });
          // Return original messages as fallback
          return messages;
        }
      }
    
      private isAssistantHistoryMessage(message: any): boolean {
        return (
          this.firstNonEmptyString(message?.role, message?.info?.role)?.toLowerCase() ===
          "assistant"
        );
      }
    
      private isInternalSystemReminderMessage(message: any): boolean {
        if (!message || typeof message !== "object") return false;
    
        const role = this.firstNonEmptyString(
          message?.role,
          message?.info?.role,
        )?.toLowerCase().trim();
        if (role !== "user" && role !== "system") return false;
    
        const text = this.extractMessageBodyText(message);
        if (!text) return false;
    
        const trimmed = text.trim();
        const lower = trimmed.toLowerCase();
    
        // Check for square-bracketed system messages at the start (e.g., [analyze-mode], [background task completed])
        const bracketPattern = /^\[[a-z][a-z0-9_\- ]*\]/i;
        const hasBracketPrefix = bracketPattern.test(trimmed);
    
        return (
          lower.includes("<system-reminder>") ||
          lower.includes("<auto-slash-command>") ||
          lower.includes("<!-- omo_internal_initiator -->") ||
          hasBracketPrefix ||
          (lower.includes("[search-model]") && lower.includes("maximize search effort")) ||
          lower.startsWith("system reminder") ||
          lower.startsWith("internal reminder") ||
          lower.includes("reminder: you can")
        );
      }
    
      private hasRenderableHistoryPayload(message: any): boolean {
        if (!message || typeof message !== "object") {
          return false;
        }
    
        // Don't filter out system reminder messages - they will be converted to system role
        // and rendered with the SystemMessage component
        if (this.isInternalSystemReminderMessage(message)) {
          return true;
        }
    
        const text = this.extractMessageBodyText(message).trim();
        if (text.length > 0) {
          return true;
        }
    
        if (Array.isArray(message.images) && message.images.length > 0) {
          return true;
        }
        if (Array.isArray(message.attachments) && message.attachments.length > 0) {
          return true;
        }
        if (Array.isArray(message.subagents) && message.subagents.length > 0) {
          return true;
        }
        if (
          Array.isArray(message.interactiveEvents) &&
          message.interactiveEvents.length > 0
        ) {
          return true;
        }
        if (
          Array.isArray(message.reasoningEvents) &&
          message.reasoningEvents.length > 0
        ) {
          return true;
        }
        if (
          Array.isArray(message.progressEvents) &&
          message.progressEvents.length > 0
        ) {
          return true;
        }
        if (Array.isArray(message.steps) && message.steps.length > 0) {
          return true;
        }
        if (Array.isArray(message.edits) && message.edits.length > 0) {
          return true;
        }
        if (
          typeof message.error === "string" &&
          message.error.trim().length > 0
        ) {
          return true;
        }
        if (message.plan && typeof message.plan === "object") {
          return true;
        }
    
        if (!Array.isArray(message.parts)) {
          return false;
        }
    
        const role = this.firstNonEmptyString(message?.role, message?.info?.role)
          ?.toLowerCase()
          .trim();
        if (role === "assistant" && message.parts.length > 0) {
          return true;
        }
    
        return message.parts.some((part: any) => {
          const rec = this.asRecord(part);
          if (!rec) {
            return false;
          }
          return (
            this.firstNonEmptyString(rec.filename)?.length ||
            this.firstNonEmptyString(this.asRecord(rec.source)?.path)?.length ||
            this.firstNonEmptyString(rec.url)?.length
          )
            ? true
            : false;
        });
      }
    
      private isRenderableHistoryMessage(message: any): boolean {
        const role = this.firstNonEmptyString(message?.role, message?.info?.role);
        const hasPayload = this.hasRenderableHistoryPayload(message);
        if (role === "user" || role === "assistant") {
          return hasPayload;
        }
        return hasPayload;
      }
    
      private extractHistoryMessageId(message: any): string | undefined {
        if (!message || typeof message !== "object") {
          return undefined;
        }
        return this.firstNonEmptyString(message.info?.id, message.id);
      }
    
      private historyMessageCreatedAt(message: any): number | undefined {
        const candidates = [
          message?.time?.created,
          message?.info?.time?.created,
          message?.createdAt,
          message?.info?.createdAt,
        ];
        for (const candidate of candidates) {
          if (typeof candidate === "number" && Number.isFinite(candidate)) {
            return candidate;
          }
        }
        return undefined;
      }
    
      private historyMessageFingerprint(message: any): string | undefined {
        const role = this.firstNonEmptyString(message?.role, message?.info?.role)
          ?.toLowerCase()
          .trim();
        const text = this.extractMessageBodyText(message)
          .toLowerCase()
          .replace(/\s+/g, " ")
          .trim();
        if (text.length > 0) {
          return `${role || "unknown"}|text:${text}`;
        }
    
        if (Array.isArray(message?.images) && message.images.length > 0) {
          const imageKey = message.images
            .map((image: any) => {
              if (typeof image === "string") {
                return image;
              }
              return this.firstNonEmptyString(
                image?.url,
                image?.dataUrl,
                image?.filename,
              );
            })
            .filter((value: string | undefined): value is string => Boolean(value))
            .join("|");
          if (imageKey) {
            return `${role || "unknown"}|images:${imageKey}`;
          }
        }
    
        if (Array.isArray(message?.parts) && message.parts.length > 0) {
          const attachmentKey = message.parts
            .map((part: any) => {
              const rec = this.asRecord(part);
              if (!rec) {
                return undefined;
              }
              return this.firstNonEmptyString(
                rec.filename,
                this.asRecord(rec.source)?.path,
                rec.url,
              );
            })
            .filter((value: string | undefined): value is string => Boolean(value))
            .join("|");
          if (attachmentKey) {
            return `${role || "unknown"}|attachments:${attachmentKey}`;
          }
        }
    
        return undefined;
      }
    
      private async sleep(ms: number): Promise<void> {
        await new Promise<void>((resolve) => {
          const scheduleDelay = Reflect.get(globalThis, "set" + "Timeout") as
            | ((callback: () => void, delay?: number) => unknown)
            | undefined;
          if (typeof scheduleDelay === "function") {
            scheduleDelay(resolve, ms);
            return;
          }
          resolve();
        });
      }
    
      private async tryRecoverTimedOutResponse(
        sessionId: string,
        baselineAssistantMarker?: AssistantHistoryMarker,
      ): Promise<boolean> {
        const pollDelaysMs = [500, 1000, 1800, 2800, 4000];
    
        for (const delayMs of pollDelaysMs) {
          await this.sleep(delayMs);
          const rawMessages = await this.sessionService.getMessages(sessionId);
          const latestAssistantMarker =
            this.getLatestAssistantHistoryMarker(rawMessages);
          if (
            !this.hasAssistantHistoryAdvanced(
              latestAssistantMarker,
              baselineAssistantMarker,
            )
          ) {
            continue;
          }
    
          const processedMessages = await this.processHistoryMessages(
            rawMessages,
            sessionId,
          );
          this.logHistoryRenderDiagnostics(
            "timeout-recovery",
            sessionId,
            rawMessages,
            processedMessages,
          );
          this.view?.webview.postMessage({
            type: "chatHistory",
            sessionId,
            messages: processedMessages,
          });
          try {
            await this.sendPersistedCompactionViewState(sessionId);
          } catch {
            // best effort only
          }
          return true;
        }
    
        return false;
      }
    
      private getWorkspaceDirectory(): string | undefined {
        const workspaceFolder = vscode.workspace.workspaceFolders?.[0];
        if (!workspaceFolder || workspaceFolder.uri.scheme !== "file") {
          return undefined;
        }
        return workspaceFolder.uri.fsPath.replace(/\\/g, "/").replace(/\/+$/, "");
      }
    
      private isStructuredFormatUnsupportedError(error: unknown): boolean {
        const text = JSON.stringify(error || "").toLowerCase();
        const mentionsFormat =
          text.includes("outputformat") ||
          text.includes("output_format") ||
          text.includes('"format"') ||
          text.includes("format:");
        const mentionsUnsupported =
          text.includes("unknown") ||
          text.includes("unsupported") ||
          text.includes("unexpected") ||
          text.includes("invalid");
        return mentionsFormat && mentionsUnsupported;
      }
    
      /**
       * Get the configured request timeout from VSCode settings
       * @returns Timeout in milliseconds (default: 120000 = 2 minutes)
       */
      private getRequestTimeout(): number {
        const config = vscode.workspace.getConfiguration('opencode');
        const timeout = config.get<number>('requestTimeout', 120000);
    
        // Validate timeout is reasonable (between 10s and 10 minutes)
        if (timeout < 10000 || timeout > 600000) {
          this.logger.warn(`Invalid requestTimeout configured: ${timeout}ms, using default 120000ms`);
          return 120000;
        }
    
        return timeout;
      }
    
      /**
       * Calculate timeout based on query complexity
       * @param baseTimeout - Base timeout from configuration
       * @param hasFiles - Whether the query includes file attachments
       * @param hasContexts - Whether the query includes context attachments
       * @param hasImages - Whether the query includes image attachments
       * @returns Adjusted timeout in milliseconds
       */
      private calculateTimeoutForQuery(
        baseTimeout: number,
        hasFiles: boolean,
        hasContexts: boolean,
        hasImages: boolean,
      ): number {
        const config = vscode.workspace.getConfiguration('opencode');
        const multiplier = config.get<number>('complexQueryMultiplier', 1.5);
    
        // Calculate complexity score
        const complexityScore = (hasFiles ? 1 : 0) + (hasContexts ? 1 : 0) + (hasImages ? 1 : 0);
    
        // Apply multiplier for complex queries
        if (complexityScore >= 2) {
          const adjustedTimeout = Math.floor(baseTimeout * multiplier);
          this.logger.debug(`Using extended timeout for complex query: ${adjustedTimeout}ms (base: ${baseTimeout}ms, complexity: ${complexityScore})`);
          return adjustedTimeout;
        }
    
        return baseTimeout;
      }
    
      // PROMPT-OWNERSHIP: do not modify — transport-only path
      private async promptWithStructuredOutput(
        client: any,
        sessionID: string,
        body: NonNullable<SessionPromptData["body"]>,
        useStructuredOutput = true,
        options?: {
          hasFiles?: boolean;
          hasContexts?: boolean;
          hasImages?: boolean;
        },
      ) {
        const workspaceDirectory = this.getWorkspaceDirectory();
    
        // Calculate timeout based on query complexity
        const baseTimeout = this.getRequestTimeout();
        const timeout = this.calculateTimeoutForQuery(
          baseTimeout,
          options?.hasFiles ?? false,
          options?.hasContexts ?? false,
          options?.hasImages ?? false,
        );
    
        const callPrompt = (requestBody: Record<string, unknown>) => {
          const sdkStartTime = Date.now();
          this.logger.debug("Initiating SDK prompt call", {
            sessionID,
            timeout,
            useStructuredOutput,
            hasFiles: options?.hasFiles,
            hasContexts: options?.hasContexts,
            hasImages: options?.hasImages,
          });
    
          const promise = client.session.prompt({
            path: { id: sessionID },
            query: workspaceDirectory ? { directory: workspaceDirectory } : undefined,
            body: requestBody as SessionPromptData["body"],
            timeout,  // Explicit timeout configuration
          });
    
          // Add timing tracking
          promise.then((result: { error?: unknown; data?: unknown }) => {
            const sdkDuration = Date.now() - sdkStartTime;
            this.logger.performance(`SDK prompt call completed`, sdkDuration, {
              sessionID,
              hasError: Boolean(result.error),
              hasData: Boolean(result.data),
              timeout,
            });
          }).catch((error: Error) => {
            const sdkDuration = Date.now() - sdkStartTime;
            this.logger.error(`SDK prompt call failed after ${sdkDuration}ms`, {
              sessionID,
              timeout,
              error: error.message,
            });
          });
    
          return promise;
        };
    
        const schema = this.getStructuredOutputFormat();
    
        if (!useStructuredOutput || this.structuredOutputMode === "disabled") {
          return callPrompt(body as Record<string, unknown>);
        }
    
        const withSchema = (
          mode: "format" | "outputFormat",
        ): Record<string, unknown> => ({
          ...(body as Record<string, unknown>),
          [mode]: schema,
        });
    
        const primaryMode: "format" | "outputFormat" =
          this.structuredOutputMode === "outputFormat"
            ? "outputFormat"
            : "format";
    
        // Try structured output with 1 retry (handled by API internally via retryCount)
        const attempt = await callPrompt(withSchema(primaryMode));
        if (!attempt.error) {
          return attempt;
        }
    
        // If structured output failed, immediately fall back to plain text
        if (this.isStructuredFormatUnsupportedError(attempt.error)) {
          this.structuredOutputMode = "disabled";
          log.warn(
            "Structured output failed with this model. Falling back to plain text.",
          );
          return callPrompt(body as Record<string, unknown>);
        }
    
        // Return other errors as-is
        return attempt;
      }
    
      private asRecord(value: unknown): Record<string, unknown> | undefined {
        return typeof value === "object" && value !== null
          ? (value as Record<string, unknown>)
          : undefined;
      }
    
      /**
       * Extracts the session ID from an SSE event by checking all locations where
       * the OpenCode server may embed it (properties, part, info sub-objects).
       */
      private extractEventSessionId(event: unknown): string | undefined {
        const ev = this.asRecord(event);
        if (!ev) return undefined;
        const props = this.asRecord(ev.properties) ?? {};
        const part = this.asRecord(props.part) ?? {};
        const info = this.asRecord(props.info) ?? {};
        return (
          (typeof props.sessionID === 'string' && props.sessionID) ||
          (typeof props.sessionId === 'string' && props.sessionId) ||
          (typeof part.sessionID === 'string' && part.sessionID) ||
          (typeof part.sessionId === 'string' && part.sessionId) ||
          (typeof info.sessionID === 'string' && info.sessionID) ||
          (typeof info.sessionId === 'string' && info.sessionId) ||
          undefined
        );
      }
    
      private firstNonEmptyString(...values: unknown[]): string | undefined {
        for (const value of values) {
          if (typeof value === "string" && value.trim()) {
            return value.trim();
          }
        }
        return undefined;
      }
    
      private isLikelyToolCallTranscript(text: string): boolean {
        const normalized = text.trim().toLowerCase();
        if (!normalized) {
          return false;
        }
        return (
          normalized.includes("<tool_call>") ||
          normalized.includes("</tool_call>") ||
          normalized.includes("<arg_key>") ||
          normalized.includes("</arg_key>") ||
          normalized.includes("<arg_value>") ||
          normalized.includes("</arg_value>")
        );
      }
    
      private normalizeErrorCandidate(value: unknown): string | undefined {
        if (typeof value !== "string") {
          return undefined;
        }
        const trimmed = value.trim();
        return trimmed.length > 0 ? trimmed : undefined;
      }
    
      private shouldVerboseStreamDebug(): boolean {
        const level = vscode.workspace
          .getConfiguration("opencode.logging")
          .get<string>("level", "info");
        return typeof level === "string" && level.toLowerCase() === "debug";
      }
    
      private isLikelyInteractiveAwaitTimeoutError(message: string): boolean {
        const normalized = message.trim().toLowerCase();
        if (!normalized || !normalized.includes("timeout")) {
          return false;
        }
        return (
          normalized.includes("headers timeout") ||
          normalized.includes("header timeout") ||
          normalized.includes("und_err_headers_timeout") ||
          normalized.includes("request timed out") ||
          normalized.includes("response timeout") ||
          normalized.includes("body timeout")
        );
      }
    
      private shouldSuppressInteractiveAwaitTimeout(message: string): boolean {
        if (!this.isLikelyInteractiveAwaitTimeoutError(message)) {
          return false;
        }
        return this.awaitingInteractiveAnswer || this.isInInteractiveResponseTransition();
      }
    
      private isInInteractiveResponseTransition(): boolean {
        return Date.now() <= this.interactiveResponseTransitionUntil;
      }
    
      private isGenericErrorMessage(message: string): boolean {
        const normalized = message.trim().toLowerCase();
        return (
          normalized === "fetch failed" ||
          normalized === "failed to fetch" ||
          normalized === "request failed" ||
          normalized === "network error" ||
          normalized === "network request failed" ||
          normalized === "unknown error"
        );
      }
    
      private isStructuredOutputTransportError(message: string): boolean {
        const normalized = message.trim().toLowerCase();
        if (!normalized) {
          return false;
        }
        return (
          normalized.includes("structuredoutput") ||
          normalized.includes("structured output") ||
          normalized.includes("json_schema") ||
          normalized.includes("invalid schema for function") ||
          normalized.includes("invalid_function_parameters")
        );
      }
    
      private isStructuredOutputFailureMessage(message: string): boolean {
        const normalized = message.trim().toLowerCase();
        if (!normalized) {
          return false;
        }
        return (
          this.isStructuredOutputTransportError(normalized) ||
          normalized.includes("empty structured payload") ||
          normalized.includes("valid structured response") ||
          normalized.includes("couldn't produce a valid structured response")
        );
      }
    
      private isLikelyInteractiveTransportFailure(message: string): boolean {
        return (
          this.isLikelyInteractiveAwaitTimeoutError(message) ||
          this.isGenericErrorMessage(message)
        );
      }
    
      private hasBlockingInteractiveInStreamPayload(event: unknown): boolean {
        const eventRec = this.asRecord(event);
        if (!eventRec) {
          return false;
        }
        const isBlockingType = (value: unknown): boolean => {
          const type = this.firstNonEmptyString(value)?.toLowerCase();
          return (
            type === "question" ||
            type === "confirm" ||
            type === "quick_actions" ||
            type === "quick-actions" ||
            type === "interactive"
          );
        };
    
        const structured = this.asRecord(eventRec.structuredOutput);
        if (structured) {
          if (isBlockingType(structured.responseType)) {
            return true;
          }
    
          const interactiveEvents = Array.isArray(structured.interactiveEvents)
            ? structured.interactiveEvents
            : [];
          if (interactiveEvents.length > 0) {
            const hasBlockingInteractive = interactiveEvents.some((item) => {
              const rec = this.asRecord(item);
              if (!rec) return false;
              return isBlockingType(rec.type) || isBlockingType(rec.kind);
            });
            if (hasBlockingInteractive) {
              return true;
            }
          }
    
          const question = this.asRecord(structured.question);
          if (question && (!question.type || isBlockingType(question.type))) {
            return true;
          }
        }
    
        // Tool-question path: some providers emit interactive prompts through
        // tool parts (question/request_user_input) instead of top-level structuredOutput.
        const properties = this.asRecord(eventRec.properties) || {};
        const part = this.asRecord(properties.part) || this.asRecord(eventRec.part);
        if (!part) {
          return false;
        }
    
        const toolName = this.firstNonEmptyString(part.tool)?.toLowerCase() || "";
        if (
          toolName === "question" ||
          toolName.includes("request_user_input") ||
          toolName.includes("request-user-input")
        ) {
          return true;
        }
    
        const state = this.asRecord(part.state);
        const input =
          this.asRecord(state?.input) ||
          this.asRecord(part.input) ||
          this.asRecord(part.arguments) ||
          null;
        if (!input) {
          return false;
        }
    
        if (
          Array.isArray(input.questions) ||
          Array.isArray(input.items) ||
          Array.isArray(input.prompts) ||
          Array.isArray(input.events)
        ) {
          return true;
        }
    
        const questionLike = this.asRecord(input.question) || input;
        const hasQuestionText = !!this.firstNonEmptyString(
          questionLike.question,
          questionLike.prompt,
          questionLike.message,
          questionLike.content,
          questionLike.text,
          questionLike.title,
        );
        const hasChoices =
          Array.isArray(questionLike.options) ||
          Array.isArray(questionLike.choices) ||
          Array.isArray(questionLike.answers) ||
          Array.isArray(questionLike.actions);
        const hasConfirmControls = !!this.firstNonEmptyString(
          questionLike.confirmLabel,
          questionLike.confirm_text,
          questionLike.cancelLabel,
          questionLike.cancel_text,
        );
        const allowsCustomInput =
          questionLike.allowCustomInput === true ||
          questionLike.allow_custom_input === true;
    
        return hasQuestionText && (hasChoices || hasConfirmControls || allowsCustomInput);
      }
    
      private collectErrorMessageCandidates(
        value: unknown,
        seen: WeakSet<object> = new WeakSet<object>(),
        depth = 0,
      ): string[] {
        if (value == null || depth > 5) {
          return [];
        }
        if (typeof value === "string") {
          return [value];
        }
        if (value instanceof Error) {
          const withCause = value as Error & { cause?: unknown };
          return [
            value.message,
            ...this.collectErrorMessageCandidates(withCause.cause, seen, depth + 1),
          ];
        }
        if (typeof value !== "object") {
          return [String(value)];
        }
        if (seen.has(value)) {
          return [];
        }
        seen.add(value);
    
        const rec = value as Record<string, unknown>;
        const messages: string[] = [];
        const pushIfString = (candidate: unknown) => {
          const message = this.normalizeErrorCandidate(candidate);
          if (message) {
            messages.push(message);
          }
        };
    
        pushIfString(rec.message);
        pushIfString(rec.error);
        pushIfString(rec.detail);
        pushIfString(rec.reason);
    
        if (Array.isArray(rec.errors)) {
          for (const entry of rec.errors) {
            messages.push(
              ...this.collectErrorMessageCandidates(entry, seen, depth + 1),
            );
          }
        }
    
        messages.push(...this.collectErrorMessageCandidates(rec.data, seen, depth + 1));
        messages.push(...this.collectErrorMessageCandidates(rec.cause, seen, depth + 1));
        messages.push(
          ...this.collectErrorMessageCandidates(rec.response, seen, depth + 1),
        );
        messages.push(...this.collectErrorMessageCandidates(rec.body, seen, depth + 1));
    
        const code = this.firstNonEmptyString(rec.code, rec.errno);
        const syscall = this.firstNonEmptyString(rec.syscall);
        const address = this.firstNonEmptyString(rec.address);
        const port =
          typeof rec.port === "number"
            ? String(rec.port)
            : this.firstNonEmptyString(rec.port);
        if (code || syscall || address || port) {
          const endpoint = address && port ? `${address}:${port}` : address || port;
          const signature = [code, syscall, endpoint]
            .filter((part): part is string => Boolean(part))
            .join(" ");
          if (signature) {
            messages.push(signature);
          }
        }
    
        return messages;
      }
    
      private collectNormalizedErrorMessages(error: unknown): string[] {
        const candidates = this.collectErrorMessageCandidates(error)
          .map((candidate) => this.normalizeErrorCandidate(candidate))
          .filter((candidate): candidate is string => Boolean(candidate));
    
        if (candidates.length === 0) {
          return [];
        }
    
        const deduped: string[] = [];
        for (const candidate of candidates) {
          if (!deduped.includes(candidate)) {
            deduped.push(candidate);
          }
        }
        return deduped;
      }
    
      private extractDetailedErrorMessage(error: unknown, fallback: string): string {
        const candidates = this.collectNormalizedErrorMessages(error);
        if (candidates.length === 0) {
          return fallback;
        }
    
        const primary =
          candidates.find((candidate) => !this.isGenericErrorMessage(candidate)) ||
          candidates[0];
        const detailCandidates = candidates.filter(
          (candidate) => candidate !== primary,
        );
        if (detailCandidates.length === 0) {
          return primary;
        }
    
        const details = detailCandidates.slice(0, 4);
        const remainingCount = detailCandidates.length - details.length;
        const detailLines = details.map((detail) => `- ${detail}`);
        if (remainingCount > 0) {
          detailLines.push(`- (+${remainingCount} more detail(s))`);
        }
    
        return `${primary}\n\nDetails:\n${detailLines.join("\n")}`;
      }
    
      private enrichStreamEvent(event: any): any {
        if (!event || typeof event !== "object") {
          return event;
        }
    
        const properties = this.asRecord(event.properties) || {};
        const isMessagePartEvent =
          typeof event.type === "string" && event.type.startsWith("message.part.");
        const part =
          this.asRecord(properties.part) ||
          this.asRecord(event.part) ||
          (isMessagePartEvent ? this.asRecord(properties) : null);
        const enriched: Record<string, unknown> = { ...event };
        let kind:
          | "thinking"
          | "progress"
          | "message"
          | "lifecycle"
          | "error"
          | "other" = "other";
        let text: string | undefined;
    
        if (isMessagePartEvent && part) {
          const rawPartType =
            this.firstNonEmptyString(part.type)?.toLowerCase() || "";
          const partType =
            rawPartType === "thinking" || rawPartType === "thought"
              ? "reasoning"
              : rawPartType;
          if (
            partType === "reasoning" ||
            typeof part.reasoning !== "undefined" ||
            typeof part.thought !== "undefined" ||
            typeof part.thinking !== "undefined"
          ) {
            kind = "thinking";
            text = this.firstNonEmptyString(
              properties.delta,
              part.reasoning,
              part.thought,
              part.thinking,
              properties.reasoning,
              properties.thought,
              properties.thinking,
              part.delta,
              part.text,
            );
          } else if (
            partType === "tool" ||
            partType === "step-start" ||
            partType === "step-finish" ||
            partType === "patch"
          ) {
            const toolName = (part.tool || "").toString().toLowerCase();
            if (
              toolName.includes("structuredoutput") ||
              toolName.includes("structured_output")
            ) {
              kind = "other";
            } else {
              kind = "progress";
            }
          } else if (partType === "text" || !partType) {
            kind = "message";
            text = this.firstNonEmptyString(
              properties.delta,
              part.text,
              part.content,
            );
          }
        } else if (event.type === "message.updated") {
          kind = "lifecycle";
        } else if (event.type === "session.error" || event.type === "error") {
          kind = "error";
        }
    
        const structuredOutput = this.extractStructuredOutput({
          ...properties,
          info: properties.info,
        });
        if (structuredOutput) {
          enriched.structuredOutput = structuredOutput;
          enriched.hasStructuredOutput = true;
          if (kind === "other") {
            kind = "message";
          }
        }
    
        enriched.structured = {
          kind,
          text,
          eventType: event.type,
          responseType: structuredOutput?.responseType,
        };
    
        return enriched;
      }
    
      private normalizeSubagentStatus(
        value: unknown,
      ): "pending" | "running" | "done" | "error" | "orphaned" {
        const status = this.firstNonEmptyString(value)?.toLowerCase();
        if (
          status === "pending" ||
          status === "running" ||
          status === "done" ||
          status === "error" ||
          status === "orphaned"
        ) {
          return status;
        }
        if (
          status === "completed" ||
          status === "complete" ||
          status === "success" ||
          status === "finished"
        ) {
          return "done";
        }
        if (status === "failed") {
          return "error";
        }
        return "pending";
      }
    
      private mergeSubagentEntries(
        existingRaw: unknown,
        incoming: Array<Record<string, unknown>>,
      ): Array<Record<string, unknown>> {
        const byId = new Map<string, Record<string, unknown>>();
    
        const upsert = (value: unknown, preferIncoming = false) => {
          const rec = this.asRecord(value);
          if (!rec) {
            return;
          }
          const id = this.firstNonEmptyString(rec.id);
          if (!id) {
            return;
          }
          const current = byId.get(id);
          if (!current) {
            byId.set(id, { ...rec, id });
            return;
          }
          byId.set(
            id,
            preferIncoming
              ? { ...current, ...rec, id }
              : { ...rec, ...current, id },
          );
        };
    
        if (Array.isArray(existingRaw)) {
          existingRaw.forEach((entry) => {
            upsert(entry, false);
          });
        }
        incoming.forEach((entry) => {
          upsert(entry, true);
        });
    
        return Array.from(byId.values());
      }
    
      private hydrateSubagentsFromPayload(
        parentMessageId: string,
        payload: {
          summariesByParentMessageId?: Record<string, unknown>;
          detailsById?: Record<string, unknown>;
        },
        fallbackSessionId?: string,
      ): Array<Record<string, unknown>> {
        const summariesMap = this.asRecord(payload.summariesByParentMessageId) || {};
        const detailsMap = this.asRecord(payload.detailsById) || {};
        const summariesRaw = summariesMap[parentMessageId];
        const summaries = Array.isArray(summariesRaw) ? summariesRaw : [];
        if (summaries.length === 0) {
          return [];
        }
    
        return summaries
          .map((summaryRaw) => {
            const summary = this.asRecord(summaryRaw);
            if (!summary) {
              return null;
            }
            const id = this.firstNonEmptyString(summary.id);
            if (!id) {
              return null;
            }
            const detail = this.asRecord(detailsMap[id]) || {};
            const merged: Record<string, unknown> = {
              ...summary,
              ...detail,
              id,
            };
            merged.parentMessageId = this.firstNonEmptyString(
              merged.parentMessageId,
              parentMessageId,
            );
            merged.parentSessionId = this.firstNonEmptyString(
              merged.parentSessionId,
              fallbackSessionId,
            );
            merged.status = this.normalizeSubagentStatus(merged.status);
            merged.latestActivity =
              this.firstNonEmptyString(
                merged.latestActivity,
                merged.description,
                summary.latestActivity,
              ) || "Subagent update";
            if (!Array.isArray(merged.references)) {
              merged.references = [];
            }
            if (!Array.isArray(merged.progressEvents)) {
              merged.progressEvents = [];
            }
            if (!Array.isArray(merged.thinkingEvents)) {
              merged.thinkingEvents = [];
            }
            if (!Array.isArray(merged.timelineEvents)) {
              merged.timelineEvents = [];
            }
            return merged;
          })
          .filter((entry): entry is Record<string, unknown> => !!entry);
      }
    
      private resolveSubagentPayloadSessionId(payload: {
        summariesByParentMessageId?: Record<string, unknown>;
      }): string | undefined {
        const summariesMap = this.asRecord(payload.summariesByParentMessageId) || {};
        for (const summariesRaw of Object.values(summariesMap)) {
          if (!Array.isArray(summariesRaw)) {
            continue;
          }
          for (const summaryRaw of summariesRaw) {
            const summary = this.asRecord(summaryRaw);
            const sessionId = this.firstNonEmptyString(summary?.parentSessionId);
            if (sessionId) {
              return sessionId;
            }
          }
        }
        return undefined;
      }
    
      /**
       * Callback: Send persisted compaction view state
       * Delegates to CompactionManager module
       */
      private async sendPersistedCompactionViewState(sessionId: string): Promise<void> {
        return this.compactionManager.sendPersistedCompactionViewState(sessionId);
      }
    
      /**
       * Callback: Sync subagent snapshot for session
       * Delegates to SubagentPersistence module
       */
      private async syncSubagentSnapshotForSession(
        sessionId: string,
        messages: any[],
      ): Promise<SubagentUpdatePayload> {
        const snapshot = await this.subagentPersistence.syncSubagentSnapshotForSession(
          sessionId,
          messages,
        );
        const normalized = this.remapOrphanedSubagentKeys(snapshot, messages);
        if (normalized !== snapshot) {
          await this.subagentPersistence.savePersistedSubagentSnapshot(
            sessionId,
            normalized,
          );
        }
        return normalized;
      }
    
      /**
       * Remap entries in summariesByParentMessageId whose key is not a real
       * message ID (orphan-* synthetic keys produced when a child session is
       * created but cannot be matched to a specific subtask message part) to the
       * latest assistant message in the same session.
       */
      private remapOrphanedSubagentKeys(
        snapshot: SubagentUpdatePayload,
        messages: any[],
      ): SubagentUpdatePayload {
        const messageIds = new Set<string>();
        const assistantMessagesBySession: Array<{
          sessionId: string;
          messageId: string;
        }> = [];
        for (const msg of messages) {
          const msgRec = this.asRecord(msg) || {};
          const info = this.asRecord(msgRec.info);
          const role = this.firstNonEmptyString(info?.role, msgRec.role);
          const messageId = this.firstNonEmptyString(
            info?.id,
            msgRec.id,
            msgRec.messageID,
          );
          if (!messageId) {
            continue;
          }
          messageIds.add(messageId);
          if ((role || "").toLowerCase() === "assistant") {
            const parentSessionId = this.firstNonEmptyString(
              info?.sessionID,
              info?.sessionId,
              msgRec.sessionID,
              msgRec.sessionId,
            );
            assistantMessagesBySession.push({
              sessionId: parentSessionId || "",
              messageId,
            });
          }
        }
    
        const summariesByParentMessageId = {
          ...(snapshot.summariesByParentMessageId || {}),
        };
        const detailsById = { ...(snapshot.detailsById || {}) };
        let changed = false;
    
        for (const [parentKey, summaries] of Object.entries(
          summariesByParentMessageId,
        )) {
          if (messageIds.has(parentKey)) {
            continue;
          }
          if (!parentKey.startsWith("orphan-")) {
            continue;
          }
          if (!Array.isArray(summaries) || summaries.length === 0) {
            continue;
          }
    
          const parentSessionId =
            this.firstNonEmptyString(
              ...summaries.map((summary) => {
                const summaryRec = this.asRecord(summary);
                return this.firstNonEmptyString(summaryRec?.parentSessionId);
              }),
            ) || "";
    
          let latestAssistantMessageId: string | undefined;
          for (let index = assistantMessagesBySession.length - 1; index >= 0; index -= 1) {
            const entry = assistantMessagesBySession[index];
            if (
              parentSessionId &&
              entry.sessionId &&
              entry.sessionId !== parentSessionId
            ) {
              continue;
            }
            latestAssistantMessageId = entry.messageId;
            break;
          }
          if (!latestAssistantMessageId) {
            continue;
          }
    
          const reboundSummaries = summaries.map((summary) => ({
            ...(this.asRecord(summary) || {}),
            parentMessageId: latestAssistantMessageId,
          }));
          const existingTarget = Array.isArray(
            summariesByParentMessageId[latestAssistantMessageId],
          )
            ? summariesByParentMessageId[latestAssistantMessageId]
            : [];
          const mergedById = new Map<string, Record<string, unknown>>();
          existingTarget.forEach((entry) => {
            const entryRec = this.asRecord(entry);
            const id = this.firstNonEmptyString(entryRec?.id);
            if (id) {
              mergedById.set(id, entryRec || {});
            }
          });
          reboundSummaries.forEach((entry) => {
            const id = this.firstNonEmptyString((entry as Record<string, unknown>).id);
            if (id) {
              mergedById.set(id, entry as Record<string, unknown>);
            }
          });
    
          summariesByParentMessageId[latestAssistantMessageId] =
            Array.from(mergedById.values()) as SubagentUpdatePayload["summariesByParentMessageId"][string];
          delete summariesByParentMessageId[parentKey];
    
          summaries.forEach((summary) => {
            const summaryRec = this.asRecord(summary);
            const id = this.firstNonEmptyString(summaryRec?.id);
            if (id && detailsById[id]) {
              detailsById[id] = {
                ...(this.asRecord(detailsById[id]) || {}),
                parentMessageId: latestAssistantMessageId,
              } as SubagentUpdatePayload["detailsById"][string];
            }
          });
          changed = true;
        }
    
        if (!changed) {
          return snapshot;
        }
        return { summariesByParentMessageId, detailsById };
      }
    
      private findLatestSubagentParentMessageIdForSession(
        payload: {
          summariesByParentMessageId?: Record<string, unknown>;
        },
        sessionId: string,
      ): string | undefined {
        const summariesMap = this.asRecord(payload.summariesByParentMessageId) || {};
        const entries = Object.entries(summariesMap);
        for (let i = entries.length - 1; i >= 0; i -= 1) {
          const [parentMessageId, summariesRaw] = entries[i];
          if (!Array.isArray(summariesRaw) || summariesRaw.length === 0) {
            continue;
          }
          const matchesSession = summariesRaw.some((summaryRaw) => {
            const summary = this.asRecord(summaryRaw);
            const parentSessionId = this.firstNonEmptyString(summary?.parentSessionId);
            return parentSessionId === sessionId;
          });
          if (matchesSession) {
            return parentMessageId;
          }
        }
        return undefined;
      }
    
      private extractMessageBodyText(message: any): string {
        if (!message) return "";
    
        let rawText = "";
        if (typeof message.content === "string" && message.content.trim()) {
          rawText = message.content.trim();
        } else if (typeof message.text === "string" && message.text.trim()) {
          rawText = message.text.trim();
        } else if (Array.isArray(message.parts)) {
          rawText = message.parts
            .map((part: any) => {
              if (!part || typeof part !== "object") return "";
              if (
                part.type === "reasoning" ||
                part.type === "thinking" ||
                part.type === "thought" ||
                typeof part.reasoning !== "undefined" ||
                typeof part.thought !== "undefined" ||
                typeof part.thinking !== "undefined"
              ) {
                return "";
              }
              return (part.text || part.content || "").toString();
            })
            .join("")
            .trim();
        }
    
        if (this.isLikelyToolCallTranscript(rawText)) {
          return "";
        }
        return rawText;
      }
    
      private hasNonTextActivityParts(message: any): boolean {
        if (!message || typeof message !== "object" || !Array.isArray(message.parts)) {
          return false;
        }
        return message.parts.some((part: any) => {
          const rec = this.asRecord(part);
          if (!rec) {
            return false;
          }
          if (this.isRenderableTextPart(rec)) {
            return false;
          }
          const partType = this.firstNonEmptyString(rec.type, rec.kind)?.toLowerCase();
          if (partType === "tool") {
            const toolName = this.firstNonEmptyString(rec.tool, rec.name)?.toLowerCase();
            if (
              toolName?.includes("structuredoutput") ||
              toolName?.includes("structured_output")
            ) {
              return false;
            }
          }
          return true;
        });
      }
    
      private extractStructuredOutput(
        messageLike: any,
      ): StructuredAssistantOutput | undefined {
        const role = this.firstNonEmptyString(
          messageLike.role,
          messageLike.info?.role,
          messageLike.properties?.role,
        )?.toLowerCase();
    
        if (role === "system") {
          return {
            responseType: "system",
          } as any;
        }
    
        const providerID = this.firstNonEmptyString(
          messageLike.info?.providerID,
          messageLike.providerID,
          messageLike.properties?.providerID,
        );
        const modelID = this.firstNonEmptyString(
          messageLike.info?.modelID,
          messageLike.modelID,
          messageLike.properties?.modelID,
          messageLike.info?.model?.modelID,
          messageLike.model?.modelID,
        );
        const candidates: Array<{ value: unknown; source: string }> = [
          { value: messageLike.structuredOutput, source: "messageLike.structuredOutput" },
          { value: messageLike.structured_output, source: "messageLike.structured_output" },
          { value: messageLike.output, source: "messageLike.output" },
          { value: messageLike.info?.structuredOutput, source: "messageLike.info.structuredOutput" },
          { value: messageLike.info?.structured_output, source: "messageLike.info.structured_output" },
          { value: messageLike.info?.structured, source: "messageLike.info.structured" },
          { value: messageLike.info?.output, source: "messageLike.info.output" },
          { value: messageLike.properties?.structuredOutput, source: "messageLike.properties.structuredOutput" },
          { value: messageLike.properties?.structured_output, source: "messageLike.properties.structured_output" },
          { value: messageLike.properties?.structured, source: "messageLike.properties.structured" },
          { value: messageLike.properties?.output, source: "messageLike.properties.output" },
        ];
    
        if (Array.isArray(messageLike.parts)) {
          for (const part of messageLike.parts) {
            if (
              part &&
              typeof part === "object" &&
              part.type === "tool" &&
              part.state
            ) {
              const toolName = (part.tool || "").toLowerCase();
              if (
                toolName.includes("structuredoutput") ||
                toolName.includes("structured_output")
              ) {
                const pushCandidate = (value: unknown, source: string) => {
                  if (typeof value === "undefined") return;
                  candidates.push({ value, source });
                };
                pushCandidate(
                  part.state.result,
                  "messageLike.parts[].state.result",
                );
                pushCandidate(
                  part.state.output,
                  "messageLike.parts[].state.output",
                );
                pushCandidate(
                  part.state.arguments,
                  "messageLike.parts[].state.arguments",
                );
                pushCandidate(
                  part.state.input,
                  "messageLike.parts[].state.input",
                );
    
                const resultRec = this.asRecord(part.state.result);
                if (resultRec) {
                  pushCandidate(
                    resultRec.output,
                    "messageLike.parts[].state.result.output",
                  );
                  pushCandidate(
                    resultRec.data,
                    "messageLike.parts[].state.result.data",
                  );
                  pushCandidate(
                    resultRec.value,
                    "messageLike.parts[].state.result.value",
                  );
                  pushCandidate(
                    resultRec.arguments,
                    "messageLike.parts[].state.result.arguments",
                  );
                  pushCandidate(
                    resultRec.structuredOutput,
                    "messageLike.parts[].state.result.structuredOutput",
                  );
                  pushCandidate(
                    resultRec.structured_output,
                    "messageLike.parts[].state.result.structured_output",
                  );
                }
              }
            }
          }
        }
    
        for (const candidate of candidates) {
          const parsed = this.normalizeStructuredOutput(candidate.value as string, {
            source: candidate.source,
            providerID,
            modelID,
          });
          if (parsed) {
            return parsed;
          }
        }
    
        const bodyText = this.extractMessageBodyText(messageLike);
        if (bodyText.startsWith("{") && bodyText.endsWith("}")) {
          return this.normalizeStructuredOutput(bodyText, {
            source: "messageLike.bodyText.json",
            providerID,
            modelID,
          });
        }
        return undefined;
      }
    
      private applyStructuredOutputToMessage(
        message: any,
        options?: { allowSyntheticFallbackError?: boolean },
      ): any {
        // Abort detection must happen before any content extraction or fallback generation.
        // A cached/persisted message may already have error text written into its content
        // field, so checking only at the !bodyText branch is insufficient.
        const messageInfoError = message?.info?.error ?? message?.error;
        if (messageInfoError?.name === "MessageAbortedError") {
          if (this.isInInteractiveResponseTransition()) {
            // Interactive answer submit intentionally aborts the previous waiting turn.
            // Preserve rendered content and avoid a misleading "response stopped" banner.
            return { ...message, aborted: false };
          }
          return { ...message, aborted: true };
        }
        const allowSyntheticFallbackError =
          options?.allowSyntheticFallbackError !== false;
        const role = this.firstNonEmptyString(
          message?.info?.role,
          message?.role,
        )?.toLowerCase();
    
        if (role === "system") {
          return {
            ...message,
            responseType: "system",
            structuredOutput: {
              responseType: "system",
            },
          };
        }
    
        const structured = this.extractStructuredOutput(message);
        if (!structured) {
          const bodyText = this.extractMessageBodyText(message);
          if (role === "assistant" && bodyText) {
            const next: any = {
              ...message,
              structuredOutput: {
                responseType: "message",
                message: bodyText,
              },
              content: bodyText,
            };
            if (Array.isArray(next.parts)) {
              next.parts = next.parts.filter((part: any) => {
                if (part && part.type === "tool") {
                  const toolName = (part.tool || "").toString().toLowerCase();
                  if (
                    toolName.includes("structuredoutput") ||
                    toolName.includes("structured_output")
                  ) {
                    return false;
                  }
                }
                return true;
              });
            }
            return next;
          }
          if (role === "assistant" && !bodyText) {
            // Keep partial stop/activity turns intact so activity/reasoning widgets can render.
            // These turns may have no assistant text body but still contain useful non-text parts.
            if (this.hasNonTextActivityParts(message)) {
              return message;
            }
            if (!allowSyntheticFallbackError) {
              return message;
            }
            const incompatibleModelKey = this.getStructuredOutputModelKey(
              this.firstNonEmptyString(
                message?.info?.providerID,
                message?.providerID,
              ),
              this.firstNonEmptyString(
                message?.info?.modelID,
                message?.modelID,
              ),
            );
            const retryWithoutStructuredOutput = true;
            const fallbackText =
              incompatibleModelKey &&
                this.structuredOutputIncompatibleModelKeys.has(incompatibleModelKey)
                ? "Structured output error: this model returned an empty structured payload."
                : "I couldn't produce a valid structured response for this turn. Please retry.";
            const next: any = {
              ...message,
              content: fallbackText,
              error: fallbackText,
              retryWithoutStructuredOutput,
            };
            const parts = Array.isArray(next.parts)
              ? next.parts.filter((part: any) => this.isRenderableTextPart(part))
              : [];
            const textIndex = parts.findIndex((part: any) =>
              this.isRenderableTextPart(part),
            );
            if (textIndex >= 0) {
              parts[textIndex] = {
                ...parts[textIndex],
                type: "text",
                text: fallbackText,
              };
            } else {
              parts.push({ type: "text", text: fallbackText });
            }
            next.parts = parts;
            return next;
          }
          return message;
        }
    
        const isInteractiveStructuredResponse =
          this.isInteractiveResponseType(structured.responseType) &&
          Array.isArray(structured.interactiveEvents) &&
          structured.interactiveEvents.length > 0;
    
        // DEBUG: Check structured object immediately after extraction
        log.debug('Structured object after extraction', {
          responseType: structured.responseType,
          hasPlan: 'plan' in structured,
          planKeys: structured.plan ? Object.keys(structured.plan) : [],
          planValue: structured.plan,
          planFile: structured.plan?.file,
          allStructuredKeys: Object.keys(structured)
        });
    
        const structuredPlanContent =
          this.firstNonEmptyString(structured.plan?.content) || "";
        const shouldSuppressStructuredPlan =
          this.isClarificationQuestionnaire(structuredPlanContent);
    
        const next: any = {
          ...message,
          structuredOutput: structured,
        };
    
        // DEBUG: Log immediately after creating next object
        log.debug('applyStructuredOutputToMessage: next object created', {
          messageId: next.id,
          hasStructuredOutput: 'structuredOutput' in next,
          structuredOutputResponseType: next.structuredOutput?.responseType,
          structuredOutputHasPlan: next.structuredOutput?.plan ? 'yes' : 'no',
          structuredOutputPlanFile: next.structuredOutput?.plan?.file,
          originalMessageHasPlan: 'plan' in message,
          originalMessagePlanFile: message.plan?.file
        });
    
        if (Array.isArray(next.parts)) {
          next.parts = next.parts.filter((part: any) => {
            if (part && part.type === "tool") {
              const toolName = (part.tool || "").toString().toLowerCase();
              if (
                toolName.includes("structuredoutput") ||
                toolName.includes("structured_output")
              ) {
                return false;
              }
            }
            return true;
          });
        }
    
        const bodyText = this.extractMessageBodyText(message);
        const hasJsonOnlyBody = bodyText.startsWith("{") && bodyText.endsWith("}");
        if (hasJsonOnlyBody) {
          next.content = "";
          if (Array.isArray(next.parts)) {
            next.parts = next.parts.filter((p: any) => p?.type !== "text");
          }
        }
    
        // Preserve the default OpenCode response body whenever it exists.
        // Only inject structured text as a fallback when body text is missing or JSON-only.
        const messageContent =
          structured.message ||
          this.createFallbackMessage(structured);
        const shouldUseStructuredMessage = !bodyText || hasJsonOnlyBody;
        if (messageContent && shouldUseStructuredMessage) {
          next.content = messageContent;
          const parts = Array.isArray(next.parts) ? [...next.parts] : [];
          const textIndex = parts.findIndex(
            (part: any) => this.isRenderableTextPart(part),
          );
          if (textIndex >= 0) {
            parts[textIndex] = {
              ...parts[textIndex],
              type: "text",
              text: messageContent,
            };
          } else {
            parts.push({ type: "text", text: messageContent });
          }
          next.parts = parts;
        }
    
        if (structured.progressUpdates && structured.progressUpdates.length > 0) {
          const existingSteps = Array.isArray(next.steps) ? next.steps : [];
          const mapped = structured.progressUpdates.map((update) => ({
            type: "step",
            title: update.title,
            content: update.filePath,
            status: update.status ?? "pending",
            meta: update.meta,
          }));
          next.steps = [...existingSteps, ...mapped];
        }
    
        if (
          structured.interactiveEvents &&
          structured.interactiveEvents.length > 0
        ) {
          next.interactiveEvents = structured.interactiveEvents;
          const questionPrompt = this.deriveQuestionPromptFromInteractivePayload({
            question: (structured.question as string) ?? '',
            options: structured.interactiveEvents as any[],
          });
          const currentBodyText = this.extractMessageBodyText(next).trim();
          const normalizeComparableText = (value: string): string =>
            value.replace(/\r\n/g, "\n").replace(/\s+/g, " ").trim().toLowerCase();
          const promptNorm = questionPrompt
            ? normalizeComparableText(questionPrompt)
            : "";
          const bodyNorm = normalizeComparableText(currentBodyText);
          let visibleInteractiveBody: string | undefined;
    
          if (questionPrompt) {
            if (
              !currentBodyText ||
              bodyNorm === promptNorm ||
              this.isLowValueInteractiveBodyText(currentBodyText)
            ) {
              visibleInteractiveBody = questionPrompt;
            } else if (promptNorm && bodyNorm.startsWith(promptNorm)) {
              visibleInteractiveBody = currentBodyText;
            } else {
              visibleInteractiveBody = `${questionPrompt}\n\n${currentBodyText}`;
            }
          } else if (!currentBodyText) {
            const firstEvent = structured.interactiveEvents[0];
            if (firstEvent.type === "question" || firstEvent.type === "confirm") {
              visibleInteractiveBody = firstEvent.question;
            } else if (firstEvent.type === "message") {
              visibleInteractiveBody = firstEvent.message;
            } else if (firstEvent.type === "quick_actions") {
              visibleInteractiveBody = this.firstNonEmptyString(firstEvent.title);
            }
          }
    
          if (visibleInteractiveBody) {
            next.content = visibleInteractiveBody;
            const parts = Array.isArray(next.parts) ? [...next.parts] : [];
            const textIndex = parts.findIndex((part: any) =>
              this.isRenderableTextPart(part),
            );
            if (textIndex >= 0) {
              parts[textIndex] = {
                ...parts[textIndex],
                type: "text",
                text: visibleInteractiveBody,
              };
            } else {
              parts.push({ type: "text", text: visibleInteractiveBody });
            }
            next.parts = parts;
          }
        }
    
        if (structured.subagents && structured.subagents.length > 0) {
          if (!next.subagents) {
            next.subagents = [];
          }
          structured.subagents.forEach((sa: any) => {
            const normalized = {
              ...sa,
              agentId: this.firstNonEmptyString(sa.agentId, sa.name) || sa.id,
              latestActivity:
                this.firstNonEmptyString(sa.latestActivity, sa.description) ||
                "Subagent update",
            };
            const existing = next.subagents.find((item: any) => item.id === sa.id);
            if (existing) {
              Object.assign(existing, normalized);
            } else {
              next.subagents.push(normalized);
            }
          });
    
          const hasTextContent =
            (typeof next.content === "string" && next.content.trim().length > 0) ||
            (Array.isArray(next.parts) &&
              next.parts.some(
                (part: any) =>
                  part?.type === "text" &&
                  typeof part?.text === "string" &&
                  part.text.trim().length > 0,
              ));
          if (
            !hasTextContent &&
            (structured.responseType === "subagents" ||
              (structured.subagentsDelta &&
                structured.subagentsDelta.items.length > 0))
          ) {
            const subagentCount =
              structured.subagents?.length ??
              structured.subagentsDelta?.items.length ??
              0;
            const summaryText = `Spawned ${subagentCount} subagent${subagentCount === 1 ? "" : "s"
              }.`;
            next.content = summaryText;
            const parts = Array.isArray(next.parts) ? [...next.parts] : [];
            parts.push({ type: "text", text: summaryText });
            next.parts = parts;
          }
        }
    
        if (
          structured.responseType === "implementation_plan" &&
          !shouldSuppressStructuredPlan
        ) {
          const summaryMessage = this.firstNonEmptyString(
            structured.message,
            structured.plan?.intro,
            structured.plan?.summary,
          );
          if (summaryMessage) {
            next.content = summaryMessage;
            const parts = Array.isArray(next.parts) ? [...next.parts] : [];
            const textIndex = parts.findIndex(
              (part: any) =>
                part &&
                typeof part === "object" &&
                (part.type === "text" ||
                  typeof part.text === "string" ||
                  typeof part.content === "string"),
            );
            if (textIndex >= 0) {
              parts[textIndex] = {
                ...parts[textIndex],
                type: "text",
                text: summaryMessage,
              };
            } else {
              parts.push({ type: "text", text: summaryMessage });
            }
            next.parts = parts;
          }
        }
    
        if (
          !isInteractiveStructuredResponse &&
          !shouldSuppressStructuredPlan &&
          (structured.responseType === "implementation_plan" ||
            structured.plan?.content ||
            structured.plan?.file)
        ) {
          const planContent = this.firstNonEmptyString(structured.plan?.content);
          const structuredPlanCandidates =
            this.collectPlanFileCandidatesFromStructuredPlan(
              this.asRecord(structured.plan),
            );
          const planFile = structuredPlanCandidates[0];
    
          // DEBUG: Log plan file extraction
          log.debug('Plan file extraction', {
            hasStructuredPlan: !!structured.plan,
            structuredPlanKeys: structured.plan ? Object.keys(structured.plan) : [],
            structuredPlanFile: structured.plan?.file,
            candidatesCount: structuredPlanCandidates.length,
            candidates: structuredPlanCandidates,
            planFile: planFile,
            planFileUndefined: planFile === undefined
          });
    
          const resolvedPlanTitle = this.resolvePlanTitle({
            plan: structured.plan,
            planFile: planFile || structuredPlanCandidates[0],
            fallback: structured.plan?.summary as string | undefined,
          });
          const hasLongPlanContent =
            typeof planContent === "string" && planContent.trim().length >= 80;
          // File-backed plans must still produce a plan card even when no markdown
          // content is embedded in structured output.
          if (hasLongPlanContent || planFile) {
            next.plan = {
              file: planFile,
              content: hasLongPlanContent ? planContent : undefined,
              title: resolvedPlanTitle,
              summary: structured.plan?.summary,
              files:
                structuredPlanCandidates.length > 0
                  ? structuredPlanCandidates
                  : undefined,
            };
    
            // DEBUG: Log the final plan object being set
            log.debug('Plan object set on next', {
              hasPlan: !!next.plan,
              planFile: next.plan?.file,
              planKeys: next.plan ? Object.keys(next.plan) : [],
              fullPlanObject: next.plan ? JSON.stringify(next.plan, null, 2) : 'undefined'
            });
    
            // DEBUG: Try to serialize the entire next object to check for circular references
            try {
              const serialized = JSON.stringify(next);
              log.debug('Message serialization successful', {
                serializedLength: serialized.length,
                hasPlanInSerialized: serialized.includes('"plan"'),
                planSubstring: serialized.includes('"file"') ? serialized.substring(serialized.indexOf('"plan"'), serialized.indexOf('"plan"') + 200) : 'NOT FOUND'
              });
            } catch (e) {
              log.debug('Message serialization FAILED', { error: e });
            }
          } else {
            log.debug('Plan NOT set - condition failed', {
              hasLongPlanContent,
              planFile,
              planFileUndefined: planFile === undefined,
              hasLongPlanContentFalse: !hasLongPlanContent,
              noPlanFile: !planFile
            });
          }
        }
    
        if (shouldSuppressStructuredPlan) {
          if (next.plan) {
            delete next.plan;
          }
          if (structured.responseType === "implementation_plan") {
            const clarificationMessage =
              this.firstNonEmptyString(
                structured.message,
              ) ||
              "I need a few clarifications before drafting the implementation plan.";
            next.content = clarificationMessage;
            const parts = Array.isArray(next.parts) ? [...next.parts] : [];
            const textIndex = parts.findIndex(
              (part: any) => this.isRenderableTextPart(part),
            );
            if (textIndex >= 0) {
              parts[textIndex] = {
                ...parts[textIndex],
                type: "text",
                text: clarificationMessage,
              };
            } else {
              parts.push({ type: "text", text: clarificationMessage });
            }
            next.parts = parts;
          }
        }
    
        return next;
      }
    
      /**
       * Handles sending a message to OpenCode
       */
      // PROMPT-OWNERSHIP: do not modify — transport-only path
      private async handleSendMessage(
        text: string,
        files?: string[],
        contexts?: any[],
        images?: any[],
        agent?: string,
        isRetry = false,
        recoveredContext?: RecoveredSessionContext,
        retryWithoutStructuredOutput = false,
        structuredFallbackReason?: string,
        userFacingText?: string,
      ): Promise<void> {
        // Start feature flow tracking
        const flow = log.startFeatureFlow('SendMessage', {
          messageLength: text.length,
          isRetry,
          hasFiles: !!files?.length,
          fileCount: files?.length || 0,
          hasContexts: !!contexts?.length,
          contextCount: contexts?.length || 0,
          hasImages: !!images?.length,
          imageCount: images?.length || 0,
          agent,
        });
    
        // Cache for retry
        this.lastSendMessageArgs = { text, files, contexts, images, agent };
    
        // We'll set processing state once we have a definitive session ID below
    
        const overallStartTime = Date.now();
        log.featureStep(flow, 'message_send_started', {
          messageLength: text.length,
          timestamp: new Date().toISOString(),
        });
    
        let drainSessionId: string | undefined;
        const capturePromptDebug = this.shouldVerboseStreamDebug();
        let debugSessionId: string | undefined;
        let baselineAssistantMarker: AssistantHistoryMarker | undefined;
        try {
          const normalizedImages = (Array.isArray(images) ? images : [])
            .map((img) => {
              if (typeof img === "string") {
                return { dataUrl: img, filename: "image" };
              }
              if (img?.dataUrl && typeof img.dataUrl === "string") {
                return {
                  dataUrl: img.dataUrl,
                  filename:
                    typeof img.filename === "string" ? img.filename : "image",
                };
              }
              return null;
            })
            .filter((img): img is { dataUrl: string; filename: string } => !!img);
          const imageUrls = normalizedImages.map((img) => img.dataUrl);
    
          const serverStartTime = Date.now();
          this.logger.info("⏳ [TIMING] Calling ensureRunning()...");
          const client = await this.serverManager.ensureRunning();
          this.logger.info(`✅ [TIMING] Server ready (${Date.now() - serverStartTime}ms)`);
    
          const sessionStartTime = Date.now();
          this.logger.info("⏳ [TIMING] Getting current session...");
          let session = await this.sessionService.getCurrentSession();
          if (this.currentSessionId && session.id !== this.currentSessionId) {
            session = await this.sessionService.switchSession(
              this.currentSessionId,
            );
          }
          this.logger.info(`✅ [TIMING] Session ready (${Date.now() - sessionStartTime}ms): ${session.id}`);
    
          drainSessionId = session.id;
          this.processingSessionIds.add(drainSessionId);
          this.sendProcessingSessionsUpdate();
          this.currentSessionId = session.id;
          this.subagentTracker.setActiveSession(session.id);
          // Note: awaitingInteractiveAnswer flag is NOT cleared here
          // It will be cleared naturally when stream events arrive
    
          // Check budget before sending
          const budgetCheck = this.budgeter.canMakeRequest();
          if (!budgetCheck.allowed) {
            this.sendBudgetInfo();
            // Show warning to user
            vscode.window.showWarningMessage(
              `Request limit reached: ${budgetCheck.reason}`,
            );
            return;
          }
    
          const messagesStartTime = Date.now();
          this.logger.info("⏳ [TIMING] Loading existing messages...");
          const existingMessages = await this.sessionService.getMessages(
            session.id,
          );
          this.logger.info(`✅ [TIMING] Messages loaded (${Date.now() - messagesStartTime}ms): ${existingMessages.length} messages`);
    
          baselineAssistantMarker =
            this.getLatestAssistantHistoryMarker(existingMessages);
          const isNewSession = existingMessages.length === 0;
    
          if (isNewSession) {
            const config = vscode.workspace.getConfiguration('opencode');
            const autoGenerateTitle = config.get<boolean>('autoGenerateSessionTitle', true);
            if (autoGenerateTitle) {
              const generatedTitle = TitleGeneratorService.generateTitle(text);
              await this.updateSessionTitle(session.id, generatedTitle);
            }
          }
    
          // Save user message to local history immediately, unless this is a retry
          if (!isRetry) {
            const persistedUserText =
              this.firstNonEmptyString(userFacingText, text) || text;
            const userMessage = {
              role: "user" as const,
              content: persistedUserText,
              text: persistedUserText,
              parts: [
                {
                  type: "text",
                  text: text,
                },
              ],
              images: imageUrls,
              time: {
                created: Date.now(),
              },
            };
            await this.sessionService.appendMessage(session.id, userMessage);
    
            this.view?.webview.postMessage({
              type: "userMessageAppended",
              message: userMessage,
            });
    
            await this.handleGetSessions();
          }
    
          log.debug(
            `Session ${session.id}: ${existingMessages.length} existing messages. isNew: ${isNewSession}`,
          );
    
          // Prepare message parts
          const parts: NonNullable<SessionPromptData["body"]>["parts"] = [
            {
              type: "text",
              text: text,
            },
          ];
    
          // Add context fragments if any
          if (contexts && contexts.length > 0) {
            for (const ctx of contexts) {
              parts.push({
                type: "text",
                text: `\`\`\`${ctx.languageId}\n// ${ctx.file}:${ctx.lineInfo}\n${ctx.content}\n\`\`\``,
              });
            }
          }
    
          if (recoveredContext?.transcript) {
            parts.push({
              type: "text",
              text: [
                "Recovered conversation context from the previous session ID",
                `(${recoveredContext.previousSessionId}).`,
                "Treat this as existing conversation history and continue from it.",
                "--- BEGIN RECOVERED CONTEXT ---",
                recoveredContext.transcript,
                "--- END RECOVERED CONTEXT ---",
              ].join("\n"),
            });
          }
    
          // Add file references if any
          // ... (rest of the file part logic remains the same)
    
          // Add file references if any
          if (files && files.length > 0) {
            const workspaceFolder = vscode.workspace.workspaceFolders?.[0];
            if (workspaceFolder) {
              for (const filePath of files) {
                try {
                  // Check if path is absolute
                  let absoluteUri: vscode.Uri;
                  if (path.isAbsolute(filePath)) {
                    absoluteUri = vscode.Uri.file(filePath);
                  } else {
                    absoluteUri = vscode.Uri.joinPath(
                      workspaceFolder.uri,
                      filePath,
                    );
                  }
    
                  const content = await vscode.workspace.fs.readFile(absoluteUri);
                  const textContent = new TextDecoder().decode(content);
    
                  parts.push({
                    type: "file",
                    mime: "text/plain",
                    filename: filePath.split(/[\\/]/).pop(),
                    url: `file://${filePath}`,
                    source: {
                      type: "file",
                      path: filePath,
                      text: {
                        value: textContent,
                        start: 0,
                        end: textContent.length,
                      },
                    },
                  });
                } catch (e) {
                  log.error(`Failed to read file ${filePath}`, { filePath }, e as Error);
                }
              }
            }
          }
    
          if (normalizedImages.length > 0) {
            for (const img of normalizedImages) {
              // Extract mime type from data URL, default to image/jpeg
              const mimeMatch = img.dataUrl.match(/^data:([^;]+);/);
              const mimeType = mimeMatch ? mimeMatch[1] : "image/jpeg";
    
              parts.push({
                type: "file",
                mime: mimeType,
                filename: img.filename || "image",
                url: img.dataUrl,
              });
            }
          }
    
          // Send the message using the SDK
          const startTime = Date.now();
          const useStructuredOutput =
            !retryWithoutStructuredOutput &&
            this.shouldUseStructuredOutput(
              this.getStructuredOutputModelKey(this.selectedModel.providerID, this.selectedModel.modelID)
            );
          const promptBody: NonNullable<SessionPromptData["body"]> = {
            model: this.selectedModel,
            agent: agent || this.selectedAgent,
            parts: parts,
          };
          const promptVariant = await this.resolvePromptVariant(session.id);
          if (promptVariant) {
            (promptBody as Record<string, unknown>).variant = promptVariant;
          }
          if (capturePromptDebug) {
            debugSessionId = session.id;
            await this.logPromptRequestPayload(
              session.id,
              promptBody,
              useStructuredOutput,
            );
          }
    
          const promptStartTime = Date.now();
          this.logger.info("⏳ [TIMING] Sending prompt to server...", {
            model: this.selectedModel.modelID,
            agent: agent || this.selectedAgent,
            partsCount: parts.length,
            hasFiles: Boolean(files?.length),
            hasContexts: Boolean(contexts?.length),
            hasImages: Boolean(images?.length),
          });
    
          const response = await this.promptWithStructuredOutput(
            client,
            session.id,
            promptBody,
            useStructuredOutput,
            {
              hasFiles: Boolean(files?.length),
              hasContexts: Boolean(contexts?.length),
              hasImages: Boolean(images?.length),
            },
          );
    
          const promptDuration = Date.now() - promptStartTime;
          this.logger.info(`✅ [TIMING] Prompt response received (${promptDuration}ms)`, {
            hasData: Boolean(response.data),
            hasError: Boolean(response.error),
            status: response.response?.status,
            messageId: (response.data as any)?.info?.id,
          });
    
          const duration = (Date.now() - startTime) / 1000;
          if (capturePromptDebug) {
            await this.logPromptResponsePayload(
              session.id,
              response,
              duration,
              useStructuredOutput,
            );
          }
    
          log.debug(`Response received in ${duration}s`, {
            hasData: Boolean(response.data),
            hasError: Boolean(response.error),
            status: response.response?.status,
            messageId: (response.data as any)?.info?.id,
          });
          if (response.data && capturePromptDebug) {
            this.logPromptResponseDiagnostics(session.id, response.data);
          }
    
          // Update budget info after successful send
          // Note: recordRequest() temporarily disabled - budget now reads from actual Copilot quota data
          if (!response.error) {
            // this.budgeter.recordRequest(); // DISABLED - was tracking all requests, not just Copilot
            this.sendBudgetInfo();
          }
    
          if (response.error) {
            const errorMessages = this.collectNormalizedErrorMessages(response.error);
            log.error("API error returned", {
              sessionId: session.id,
              error: response.error,
              status: response.response?.status,
              errorMessages,
            });
            this.logger.error("Prompt request failed", {
              sessionId: session.id,
              status: response.response?.status,
              errorMessages,
            });
    
            let errorMessage = this.extractDetailedErrorMessage(
              response.error,
              "Failed to send message",
            );
            if (this.shouldSuppressInteractiveAwaitTimeout(errorMessage)) {
              this.logger.info(
                "Suppressing timeout error while awaiting interactive response",
                {
                  sessionId: session.id,
                  errorMessage,
                },
              );
              return;
            }
            if (this.isLikelyInteractiveTransportFailure(errorMessage)) {
              const recovered = await this.tryRecoverTimedOutResponse(
                session.id,
                baselineAssistantMarker,
              );
              if (recovered) {
                this.logger.info(
                  "Recovered timed out prompt from session history without user retry",
                  {
                    sessionId: session.id,
                    errorMessage,
                  },
                );
                return;
              }
              if (
                !isRetry &&
                (this.awaitingInteractiveAnswer ||
                  this.isInInteractiveResponseTransition())
              ) {
                this.logger.warn(
                  "Interactive response transport failed; retrying once with existing payload",
                  {
                    sessionId: session.id,
                    errorMessage,
                  },
                );
                // Provide user feedback about the retry
                this.view?.webview.postMessage({
                  type: "info",
                  message: "Retrying interactive response...",
                  sessionId: session.id,
                });
                return this.handleSendMessage(
                  text,
                  files,
                  contexts,
                  images,
                  agent,
                  true,
                  recoveredContext,
                  retryWithoutStructuredOutput,
                  structuredFallbackReason,
                  userFacingText,
                );
              }
            }
    
            // Handle Session Not Found error (likely server restart)
            if (
              errorMessage.toLowerCase().includes("not found") &&
              errorMessage.toLowerCase().includes("session")
            ) {
              log.warn(
                `Session ${session.id} not found on server. Re-creating...`,
              );
              // Re-create the session on the server
              try {
                const newSession = await this.sessionService.createNewSession(
                  session.title,
                );
                log.info(
                  `Re-created session with new ID: ${newSession.id}`,
                );
    
                // Migrate local messages from old ID to new ID
                const localMessages = await this.sessionService.loadSessionMessages(
                  session.id,
                );
                await this.sessionService.saveSessionMessages(
                  newSession.id,
                  localMessages,
                );
                // Optionally delete old messages? No, leave them for now.
    
                // Set as current session and retry
                await this.sessionService.switchSession(newSession.id);
                this.subagentTracker.resetForSession(newSession.id);
    
                // Notify UI of the ID change if possible, or just refresh sessions
                await this.handleGetSessions();
    
                const recoveryTranscript =
                  this.buildRecoveredTranscript(localMessages);
                if (recoveryTranscript) {
                  await this.saveSessionRecoveryMap(session.id, newSession.id);
                }
                this.migrateSessionSettings(session.id, newSession.id);
                this.currentSessionId = newSession.id;
    
                // Retry sending (recursive call) with preserved context
                return this.handleSendMessage(
                  text,
                  files,
                  contexts,
                  images,
                  agent,
                  true,
                  recoveryTranscript
                    ? {
                      previousSessionId: session.id,
                      transcript: recoveryTranscript,
                    }
                    : undefined,
                  retryWithoutStructuredOutput,
                  structuredFallbackReason,
                );
              } catch (recreateError) {
                log.error(
                  "Failed to re-create session",
                  {},
                  recreateError as Error,
                );
              }
            }
    
            // Handle specific model not found error
            if (
              errorMessage.includes("ProviderModelNotFoundError") ||
              errorMessage.includes("ModelNotFoundError")
            ) {
              errorMessage +=
                "\n\nTIP: Try starting a new session (click +) to use the default model.";
            }
    
            const isStructuredOutputError =
              this.isStructuredOutputTransportError(errorMessage);
            if (isStructuredOutputError) {
              const modelKey = this.getSelectedStructuredOutputModelKey();
              if (modelKey) {
                this.structuredOutputIncompatibleModelKeys.add(modelKey);
              }
              if (!retryWithoutStructuredOutput) {
                const retryFlow = log.startFeatureFlow('StructuredOutputRetry', {
                  sessionId: session.id,
                  providerID: this.selectedModel.providerID,
                  modelID: this.selectedModel.modelID,
                  errorMessage,
                });
    
                this.logger.warn(
                  "Structured output failed; auto-retrying without schema",
                  {
                    sessionId: session.id,
                    providerID: this.selectedModel.providerID,
                    modelID: this.selectedModel.modelID,
                  },
                );
                log.featureStep(retryFlow, 'retrying_without_structured_output');
    
                const result = await this.handleSendMessage(
                  text,
                  files,
                  contexts,
                  images,
                  agent,
                  true,
                  recoveredContext,
                  true,
                  errorMessage,
                );
    
                log.endFeatureFlow(retryFlow, { status: 'completed', retrySuccess: true });
                return result;
              }
              errorMessage = [
                "Structured output error: the selected model/provider did not return a usable JSON payload.",
                "Retry without structured output to continue with a plain text response.",
                "",
                `Details: ${errorMessage}`,
              ].join("\n");
            }
    
            vscode.window.showErrorMessage(`OpenCode error: ${errorMessage}`);
            this.view?.webview.postMessage({
              type: "error",
              message: errorMessage,
            });
            return;
          }
    
          // Check for hidden errors in data (e.g. ModelNotFoundError returned as JSON)
          if (
            response.data &&
            (response.data as any).suggestions &&
            (response.data as any).modelID &&
            !(response.data as any).content
          ) {
            const errData = response.data as any;
            let errorMessage = `Model '${errData.modelID}' not found in provider '${errData.providerID}'.`;
            if (errData.suggestions && errData.suggestions.length > 0) {
              errorMessage += ` Did you mean: ${errData.suggestions.join(", ")}?`;
            }
            errorMessage +=
              "\n\nTIP: Check your model selection or local OpenCode configuration.";
    
            vscode.window.showErrorMessage(errorMessage);
            this.view?.webview.postMessage({
              type: "error",
              message: errorMessage,
            });
            return;
          }
    
          // Send response back to webview
          if (response.data) {
            const rawResponse = this.buildRawResponseDebugText(response.data);
            const structuredMessage = this.applyStructuredOutputToMessage(
              response.data,
            );
            const enrichedMessage = this.enrichMessageWithPlan(structuredMessage);
            const structuredFailureText = this.firstNonEmptyString(
              (enrichedMessage as any)?.error,
            );
            if (
              !retryWithoutStructuredOutput &&
              structuredFailureText &&
              this.isStructuredOutputFailureMessage(structuredFailureText)
            ) {
              const modelKey = this.getSelectedStructuredOutputModelKey();
              if (modelKey) {
                this.structuredOutputIncompatibleModelKeys.add(modelKey);
              }
              this.logger.warn(
                "Structured output payload unusable; auto-retrying without schema",
                {
                  sessionId: session.id,
                  providerID: this.selectedModel.providerID,
                  modelID: this.selectedModel.modelID,
                  reason: structuredFailureText,
                },
              );
              return this.handleSendMessage(
                text,
                files,
                contexts,
                images,
                agent,
                true,
                recoveredContext,
                true,
                structuredFailureText,
              );
            }
            const trackerSnapshotPayload = this.subagentTracker.getSnapshotPayload();
            const hasSubagentSignal =
              this.hasStructuredSubagentSignal(enrichedMessage);
            let assistantMessageId = this.extractMessageId(enrichedMessage);
            if (!assistantMessageId && hasSubagentSignal) {
              assistantMessageId = this.subagentTracker.getLatestParentMessageId(
                session.id,
              );
              if (assistantMessageId) {
                enrichedMessage.id = assistantMessageId;
              }
            }
            if (!assistantMessageId && hasSubagentSignal) {
              assistantMessageId = this.findLatestSubagentParentMessageIdForSession(
                trackerSnapshotPayload,
                session.id,
              );
              if (assistantMessageId) {
                enrichedMessage.id = assistantMessageId;
              }
            }
            if (assistantMessageId) {
              const hydratedSubagents =
                await this.subagentTracker.finalizeParentMessage({
                  client,
                  parentSessionId: session.id,
                  parentMessageId: assistantMessageId,
                });
              if (hydratedSubagents.length > 0) {
                enrichedMessage.subagents = hydratedSubagents;
                this.view?.webview.postMessage({
                  type: "subagentUpdate",
                  ...this.subagentTracker.getPayloadForParentMessage(
                    assistantMessageId,
                  ),
                });
              } else {
                let snapshotPayload = this.subagentTracker.getPayloadForParentMessage(
                  assistantMessageId,
                );
                const hydratedFromSnapshot = this.hydrateSubagentsFromPayload(
                  assistantMessageId,
                  snapshotPayload,
                  session.id,
                );
                if (hydratedFromSnapshot.length > 0) {
                  enrichedMessage.subagents = this.mergeSubagentEntries(
                    enrichedMessage.subagents,
                    hydratedFromSnapshot,
                  );
                } else if (hasSubagentSignal) {
                  const fallbackParentMessageId =
                    this.findLatestSubagentParentMessageIdForSession(
                      trackerSnapshotPayload,
                      session.id,
                    );
                  if (
                    fallbackParentMessageId &&
                    fallbackParentMessageId !== assistantMessageId
                  ) {
                    snapshotPayload =
                      this.subagentTracker.getPayloadForParentMessage(
                        fallbackParentMessageId,
                      );
                    const hydratedFallback = this.hydrateSubagentsFromPayload(
                      fallbackParentMessageId,
                      snapshotPayload,
                      session.id,
                    );
                    if (hydratedFallback.length > 0) {
                      enrichedMessage.subagents = this.mergeSubagentEntries(
                        enrichedMessage.subagents,
                        hydratedFallback,
                      );
                      if (!this.extractMessageId(enrichedMessage)) {
                        enrichedMessage.id = fallbackParentMessageId;
                      }
                    }
                  }
                }
              }
            } else if (hasSubagentSignal) {
              const fallbackParentMessageId =
                this.findLatestSubagentParentMessageIdForSession(
                  trackerSnapshotPayload,
                  session.id,
                );
              if (fallbackParentMessageId) {
                const snapshotPayload =
                  this.subagentTracker.getPayloadForParentMessage(
                    fallbackParentMessageId,
                  );
                const hydratedFallback = this.hydrateSubagentsFromPayload(
                  fallbackParentMessageId,
                  snapshotPayload,
                  session.id,
                );
                if (hydratedFallback.length > 0) {
                  enrichedMessage.subagents = this.mergeSubagentEntries(
                    enrichedMessage.subagents,
                    hydratedFallback,
                  );
                  if (!this.extractMessageId(enrichedMessage)) {
                    enrichedMessage.id = fallbackParentMessageId;
                  }
                }
              }
            }
    
            const normalizedFallbackReason = this.firstNonEmptyString(
              structuredFallbackReason,
            );
            const plainTextFallbackMetadata =
              retryWithoutStructuredOutput && normalizedFallbackReason
                ? {
                  plainTextFallback: true,
                  plainTextFallbackMessage:
                    "Structured output failed for this turn. Showing plain text response.",
                  plainTextFallbackReason: normalizedFallbackReason.slice(0, 500),
                }
                : undefined;
            const finalMessage = plainTextFallbackMetadata
              ? {
                ...enrichedMessage,
                ...plainTextFallbackMetadata,
              }
              : enrichedMessage;
    
            const debugMessage = {
              ...finalMessage,
              rawResponse,
            };
    
            // DEBUG: Log right after creating debugMessage
            log.debug('debugMessage created', {
              hasPlan: 'plan' in debugMessage,
              planFile: debugMessage.plan?.file,
              planKeys: debugMessage.plan ? Object.keys(debugMessage.plan) : [],
              hasStructuredOutput: 'structuredOutput' in debugMessage,
              structuredOutputResponseType: debugMessage.structuredOutput?.responseType,
              structuredOutputHasPlan: debugMessage.structuredOutput?.plan ? 'yes' : 'no',
              structuredOutputPlanFile: debugMessage.structuredOutput?.plan?.file
            });
    
            // Persist canonical assistant message without raw debug payload so
            // session storage/write path stays lightweight.
            await this.sessionService.appendMessage(session.id, {
              ...finalMessage,
              timing: {
                duration: duration,
              },
            });
            // Persist a hydrated override that *includes* rawResponse for reload parity.
            await this.persistSessionMessageOverride(session.id, {
              ...debugMessage,
              timing: {
                duration: duration,
              },
            });
            const snapshotFromFinalMessage = this.buildSubagentPayloadFromMessage(
              finalMessage,
              session.id,
            );
            if (snapshotFromFinalMessage) {
              await this.persistSubagentLiveState(
                session.id,
                snapshotFromFinalMessage,
              );
            }
    
            // DEBUG: Log message right before sending to webview
            log.debug('SENDING message to webview', {
              hasPlan: 'plan' in debugMessage,
              planKeys: debugMessage.plan ? Object.keys(debugMessage.plan) : [],
              planFile: debugMessage.plan?.file,
              messageType: debugMessage.type,
              messageResponse: debugMessage.responseType,
              structuredOutputResponseType: debugMessage.structuredOutput?.responseType,
              fullMessageKeys: Object.keys(debugMessage)
            });
    
            // Try to serialize to check for circular references
            try {
              const serialized = JSON.stringify(debugMessage);
              log.debug('Serialization check', {
                success: true,
                length: serialized.length,
                hasPlanInSerialized: serialized.includes('"plan"'),
                hasFileInSerialized: serialized.includes('"file"'),
                planSubstring: serialized.includes('"plan"') ? serialized.substring(serialized.indexOf('"plan"'), Math.min(serialized.indexOf('"plan"') + 300, serialized.length)) : 'NOT FOUND'
              });
            } catch (e) {
              log.debug('Serialization FAILED', { error: e });
            }
    
            this.view?.webview.postMessage({
              type: "messageResponse",
              message: {
                ...debugMessage,
                timing: {
                  duration: duration,
                },
              },
            });
    
            // Auto-compact if the context window is getting full.
            void this.maybeAutoCompact(session.id, response.data);
          } else {
            const noDataMessageText =
              "No final response payload was returned by the provider.";
            const rawResponse = this.buildRawResponseDebugText({
              status: response?.response?.status,
              data: response?.data,
              error: response?.error,
            });
            const fallbackMessage = {
              role: "assistant",
              content: noDataMessageText,
              parts: [{ type: "text", text: noDataMessageText }],
              rawResponse,
              timing: {
                duration: duration,
              },
            };
    
            await this.sessionService.appendMessage(session.id, fallbackMessage);
            this.view?.webview.postMessage({
              type: "messageResponse",
              message: fallbackMessage,
            });
            this.logger.warn("No response data received from OpenCode", {
              sessionId: session.id,
              status: response?.response?.status,
              hasError: Boolean(response?.error),
            });
          }
        } catch (error) {
          const totalDuration = Date.now() - overallStartTime;
          this.logger.error(`❌ [TIMING] Message failed after ${totalDuration}ms`, {
            error: String(error),
            sessionId: drainSessionId,
          });
    
          const errorMessage = this.extractDetailedErrorMessage(
            error,
            "Failed to send message",
          );
          if (this.shouldSuppressInteractiveAwaitTimeout(errorMessage)) {
            this.logger.info(
              "Suppressing thrown timeout while awaiting interactive response",
              {
                sessionId: drainSessionId,
                errorMessage,
              },
            );
            return;
          }
          if (
            drainSessionId &&
            this.isLikelyInteractiveTransportFailure(errorMessage)
          ) {
            const recovered = await this.tryRecoverTimedOutResponse(
              drainSessionId,
              baselineAssistantMarker,
            );
            if (recovered) {
              this.logger.info(
                "Recovered thrown timeout from session history without user retry",
                {
                  sessionId: drainSessionId,
                  errorMessage,
                },
              );
              return;
            }
            if (
              !isRetry &&
              (this.awaitingInteractiveAnswer ||
                this.isInInteractiveResponseTransition())
            ) {
              this.logger.warn(
                "Thrown interactive transport failure; retrying once with existing payload",
                {
                  sessionId: drainSessionId,
                  errorMessage,
                },
              );
              // Provide user feedback about the retry
              this.view?.webview.postMessage({
                type: "info",
                message: "Retrying interactive response...",
                sessionId: drainSessionId,
              });
              return this.handleSendMessage(
                text,
                files,
                contexts,
                images,
                agent,
                true,
                recoveredContext,
                retryWithoutStructuredOutput,
                structuredFallbackReason,
                userFacingText,
              );
            }
          }
          vscode.window.showErrorMessage(`Failed to send message: ${errorMessage}`);
          this.logger.error("Send message exception", {
            sessionId: drainSessionId,
            errorMessage,
            errorMessages: this.collectNormalizedErrorMessages(error),
          });
    
          // Show error in webview too
          this.view?.webview.postMessage({
            type: "error",
            message: errorMessage,
          });
        } finally {
          const totalDuration = Date.now() - overallStartTime;
          log.featureStep(flow, 'message_processing_completed', {
            duration: totalDuration,
            sessionId: drainSessionId,
            timestamp: new Date().toISOString(),
          });
    
          this.logger.info(`🏁 [TIMING] Message processing completed in ${totalDuration}ms`, {
            sessionId: drainSessionId,
            timestamp: new Date().toISOString(),
          });
    
          if (debugSessionId) {
            this.promptDebugBySession.delete(debugSessionId);
          }
          if (drainSessionId) {
            this.processingSessionIds.delete(drainSessionId);
            this.sendProcessingSessionsUpdate();
          }
          this.logger.info("Processing request finished", {
            sessionId: drainSessionId,
          });
          if (drainSessionId) {
            void this.handleExecuteQueue(drainSessionId);
          }
    
          // End feature flow tracking
          log.endFeatureFlow(flow, { status: 'completed', totalDuration });
        }
      }
    
      /**
       * Enriches a message with plan information if detected.
       * FORBIDDEN TO REMOVE: This logic ensures the Implementation Plan button appears,
       * which is a core feature for user transparency and workflow.
       */
      private async resolveStopSessionId(
        requestedSessionId?: string,
      ): Promise<string | undefined> {
        const explicitSessionId = this.firstNonEmptyString(requestedSessionId);
        if (explicitSessionId) {
          return explicitSessionId;
        }
    
        const activeSessionId = this.firstNonEmptyString(this.currentSessionId);
        if (activeSessionId) {
          return activeSessionId;
        }
    
        if (!this.isProcessingRequest) {
          return undefined;
        }
    
        try {
          const currentSession = await this.sessionService.getCurrentSession();
          return this.firstNonEmptyString(currentSession?.id);
        } catch (error) {
          log.warn(
            "Failed to resolve stop session from SessionService",
            { error },
          );
          return undefined;
        }
      }
    
      /**
       * Handles stopping a request
       */
      // FORBIDDEN TO REMOVE: Stop Request Button - backend handler required by webview to abort streaming requests
      private async handleStopRequest(sessionId?: string): Promise<void> {
        let resolvedSessionId: string | undefined;
        try {
          resolvedSessionId = await this.resolveStopSessionId(sessionId);
          if (!resolvedSessionId) {
            this.logger.warn("stopRequest ignored: no active session ID resolved");
            return;
          }
    
          const client = this.serverManager.getClient();
          if (!client) {
            this.logger.warn("stopRequest skipped: no client available", {
              sessionId: resolvedSessionId,
            });
            return;
          }
    
          this.logger.info("Stopping request", {
            sessionId: resolvedSessionId,
          });
    
          const workspaceDirectory = this.getWorkspaceDirectory();
          await client.session.abort({
            path: { id: resolvedSessionId },
            query: workspaceDirectory ? { directory: workspaceDirectory } : undefined,
          });
        } catch (error) {
          log.error("Failed to stop request", {}, error as Error);
        } finally {
          if (resolvedSessionId) {
            this.processingSessionIds.delete(resolvedSessionId);
            this.sendProcessingSessionsUpdate();
          }
          this.view?.webview.postMessage({
            type: "stopRequestHandled",
            sessionId: resolvedSessionId,
          });
          if (resolvedSessionId) {
            void this.handleExecuteQueue(resolvedSessionId);
          }
        }
      }
    
      /**
       * Returns the context token limit for the currently selected model, or
       * undefined if the model/limit is unknown.
       */
      /**
       * Checks whether the context window is at or above the auto-compact
       * threshold after a completed turn and, if so, triggers compaction
       * automatically so the next turn does not hit the limit.
       *
       * The threshold is intentionally set at 90 % so compaction runs while
       * there is still room for the summary that the compaction call itself
       * produces.
       */
      /**
       * Appends text to the prompt input
       */
      async appendToPrompt(text: string): Promise<void> {
        const value = typeof text === "string" ? text.trim() : "";
        if (!value) {
          return;
        }
        this.view?.webview.postMessage({
          type: "appendPrompt",
          message: {
            role: "user",
            content: value,
            parts: [{ type: "text", text: value }],
          },
        });
      }
    
      /**
       * Adds a context badge to the prompt input
       */
      async addContext(context: any): Promise<void> {
        this.view?.webview.postMessage({
          type: "addContext",
          context,
        });
      }
    
      /**
       * Automatically adds a context badge without overwriting manual ones
       */
      async autoAddContext(context: any): Promise<void> {
        this.view?.webview.postMessage({
          type: "addContext",
          context: { ...context, isAuto: true },
        });
      }
    
      /**
       * Clears any automatically added context
       */
      async clearAutoContext(): Promise<void> {
        this.view?.webview.postMessage({
          type: "clearAutoContext",
        });
      }
    
      async handlePlanProceed(payload: {
        rawPlan: string;
        comments: PlanProceedComment[];
        sourceFile?: string;
      }): Promise<void> {
        const rawPlan = typeof payload?.rawPlan === "string" ? payload.rawPlan : "";
        if (!rawPlan.trim()) {
          vscode.window.showErrorMessage(
            "Cannot proceed because implementation plan content is empty.",
          );
          return;
        }
        const comments = Array.isArray(payload?.comments) ? payload.comments : [];
        const hasChangeRequests = comments.some(
          (comment) => comment.text.trim().length > 0,
        );
    
        const commentLines = comments.map((comment) => {
          const textRef = comment.anchor?.selectedText
            ? `On text "${comment.anchor.selectedText}": `
            : "";
          return `- ${textRef}${comment.text}`;
        });
    
        const commentsMd =
          commentLines.length > 0
            ? `# Implementation Plan Comments\n\n${commentLines.join("\n")}`
            : "";
        const providedSourceFile = this.normalizePlanFileReference(
          payload?.sourceFile,
        );
        let planFilePath: string | undefined;
    
        if (providedSourceFile) {
          const diskPlan = await this.readPlanFileFromDisk(providedSourceFile);
          if (diskPlan) {
            planFilePath = providedSourceFile;
          } else {
            const preferredPath = this.resolvePlanFileCandidates(providedSourceFile)[0];
            planFilePath = await this.persistPlan(
              rawPlan,
              preferredPath,
            );
          }
        } else {
          const fallbackCandidates = this.prioritizePlanFileCandidates([
            ...this.extractMarkdownFileReferences(rawPlan),
            ...(await this.discoverLikelyPlanFileCandidates()),
          ]);
          for (const candidate of fallbackCandidates) {
            const diskPlan = await this.readPlanFileFromDisk(candidate);
            if (!diskPlan) {
              continue;
            }
            planFilePath = candidate;
            break;
          }
        }
    
        if (!planFilePath) {
          vscode.window.showErrorMessage(
            "Cannot proceed because the plan source file path is missing. Re-open the plan and try again.",
          );
          return;
        }
    
        let commentsFilePath: string | undefined;
        if (hasChangeRequests && commentsMd) {
          const ext = path.extname(planFilePath) || ".md";
          const baseName = path.basename(planFilePath, ext);
          commentsFilePath = path.join(
            path.dirname(planFilePath),
            `${baseName}_comments.md`,
          );
          try {
            await vscode.workspace.fs.writeFile(
              vscode.Uri.file(commentsFilePath),
              new TextEncoder().encode(commentsMd),
            );
          } catch (error) {
            const message = error instanceof Error ? error.message : String(error);
            vscode.window.showErrorMessage(
              `Cannot proceed because plan comments could not be written: ${message}`,
            );
            return;
          }
        }
    
        const proceedMessage = hasChangeRequests
          ? [
            "Proceed on this plan.",
            `The attached plan file \`${planFilePath}\` is the source of truth.`,
            `Apply all reviewer comments from attached file \`${commentsFilePath}\`, then execute the resulting plan.`,
            "Begin making real edits now and continue until the implementation is complete.",
            "Do not return only a status update.",
          ].join("\n")
          : [
            "Proceed on this plan.",
            `The attached plan file \`${planFilePath}\` is the source of truth.`,
            "Execute the plan step-by-step and implement the described changes now.",
            "Begin making real edits now and continue until the implementation is complete.",
            "Do not return only a status update.",
          ].join("\n");
    
        const attachedFiles =
          hasChangeRequests && commentsFilePath
            ? [planFilePath, commentsFilePath]
            : [planFilePath];
    
        // Post addPlanAttachment message to chat webview for the visual chip
        const planGoal =
          rawPlan.match(/^#\s+(.+)/m)?.[1]?.trim() ?? "Implementation Plan";
        const planBase64 = Buffer.from(rawPlan, "utf-8").toString("base64");
        const dataUrl = `data:text/markdown;base64,${planBase64}`;
        this.view?.webview.postMessage({
          type: "addPlanAttachment",
          payload: {
            id: `plan-${Date.now()}`,
            filename: `\uD83D\uDCCB Implementation Plan: ${planGoal}`,
            mimeType: "text/markdown",
            dataUrl,
          },
        });
    
        PlanViewProvider.closeCurrentPanel();
    
        // Fire and forget so the plan tab closes immediately and execution starts in chat.
        void this.handleSendMessage(
          proceedMessage,
          attachedFiles,
          undefined,
          undefined,
          "build",
          true,
        ).catch((err) => {
          const message = err instanceof Error ? err.message : String(err);
          vscode.window.showErrorMessage(`Failed to proceed with plan: ${message}`);
        });
      }
    
      private buildRecoveredTranscript(messages: unknown[]): string {
        if (!Array.isArray(messages) || messages.length === 0) {
          return "";
        }
    
        const maxChars = 24_000;
        const lines: string[] = [];
        let used = 0;
        const recent = messages.slice(-40);
    
        for (const msg of recent) {
          const rec = this.asRecord(msg);
          if (!rec) {
            continue;
          }
          const role =
            this.firstNonEmptyString(
              rec.role,
              rec.info && this.asRecord(rec.info)?.role,
            ) || "assistant";
          const content = this.extractMessageBodyText(rec);
          if (!content) {
            continue;
          }
          const line = `[${role}] ${content}`;
          if (used + line.length + 1 > maxChars) {
            break;
          }
          lines.push(line);
          used += line.length + 1;
        }
    
        return lines.join("\n");
      }
    
      /**
       * Helper: Get session settings
       * Retrieves session-specific settings (model, agent, thinking level)
       */
      private getSessionSettings(_sessionId: string): {
        selectedModel?: { modelID: string; providerID: string };
        selectedAgent?: string;
        thinkingLevel?: string;
      } {
        // This would be implemented to retrieve per-session settings
        // For now, return empty object
        return {};
      }
    
      /**
       * Helper: Apply session settings
       * Applies session-specific model, agent, and thinking level
       */
      private async applySessionSettings(sessionId: string): Promise<void> {
        return this.modelAndAgentManager.applySessionSettings(sessionId);
      }
    
      /**
       * Helper: Migrate session settings
       * Transfers settings from old session to new session
       */
      private migrateSessionSettings(
        oldSessionId: string,
        newSessionId: string
      ): void {
        const settings = this.getSessionSettings(oldSessionId);
        if (settings.selectedModel || settings.selectedAgent || settings.thinkingLevel) {
          // Save to new session using ModelAndAgentManager
          void this.persistSessionSettings(newSessionId, {
            providerID: settings.selectedModel?.providerID,
            modelID: settings.selectedModel?.modelID,
            agent: settings.selectedAgent,
            thinkingLevel: settings.thinkingLevel,
          });
        }
      }
    
      /**
       * Shows the skill installer modal in the webview
       */
      async showSkillInstaller(): Promise<void> {
        this.view?.webview.postMessage({
          type: "showSkillInstaller",
        });
      }
    
      /**
       * Opens the My Skills panel in the webview
       */
      async openMySkills(): Promise<void> {
        this.view?.webview.postMessage({
          type: "openMySkills",
        });
      }
    
      /**
       * Refreshes the skills list in the webview
       */
      async refreshSkills(): Promise<void> {
        // TEMPORARILY DISABLED: Don't load skills to avoid 700+ skills bottleneck
        this.logger.warn("⚠️ [PERF] Skills loading disabled temporarily");
        this.view?.webview.postMessage({
          type: "mySkills",
          skills: [], // Return empty array instead of loading all skills
        });
      }
    
      /**
       * Handles skill-related messages from the webview
       */
      private async handleSkillMessage(message: {
        type: string;
        [key: string]: unknown;
      }): Promise<void> {
        switch (message.type) {
          case "getMySkills": {
            // TEMPORARILY DISABLED: Don't load skills to avoid 700+ skills bottleneck
            this.logger.warn("⚠️ [PERF] getMySkills disabled temporarily");
            this.view?.webview.postMessage({ type: "mySkills", skills: [] });
            break;
          }
    
          case "installSkill": {
            const { source, data } = message;
            let result;
    
            if (source === "url") {
              result = await this.skillManager.installFromUrl(data as string, (progress) => {
                this.view?.webview.postMessage({ type: "installProgress", progress });
              });
            } else if (source === "file") {
              result = await this.skillManager.installFromFile(data as string);
            } else {
              result = { success: false, error: "Unknown installation source" };
            }
    
            if (result.success) {
              this.view?.webview.postMessage({ type: "skillInstalled", skill: result.skill });
            } else {
              this.view?.webview.postMessage({ type: "skillError", error: result.error });
            }
            break;
          }
    
          case "removeSkill": {
            const { name } = message;
            await this.skillManager.deleteSkill(name as string);
            this.view?.webview.postMessage({ type: "skillRemoved", name });
            break;
          }
    
          case "editSkill": {
            const { name, updates } = message;
            await this.skillManager.updateSkill(name as string, updates as any);
            const skill = await this.skillManager.getSkill(name as string);
            this.view?.webview.postMessage({ type: "skillInstalled", skill });
            break;
          }
    
          case "validateSkill": {
            const { skill } = message;
            const validation = this.skillManager.validateSkill(skill);
            if (!validation.valid) {
              this.view?.webview.postMessage({
                type: "skillError",
                error: "Validation failed",
                details: validation.errors,
              });
            }
            break;
          }
    
          default:
            this.logger.warn("Unknown skill message type:", { type: message.type });
        }
      }
    
      private async saveSessionRecoveryMap(
        previousSessionId: string,
        newSessionId: string,
      ): Promise<void> {
        if (
          !previousSessionId ||
          !newSessionId ||
          previousSessionId === newSessionId
        ) {
          return;
        }
        const existing =
          this.context.globalState.get<Record<string, string>>(
            "sessionRecoveryMap",
          ) ?? {};
        existing[previousSessionId] = newSessionId;
        await this.context.globalState.update("sessionRecoveryMap", existing);
      }
    
      /**
       * Handles viewing the implementation plan
       */
      /**
       * Handles opening the file picker
       */
      private async handleAttachFiles(): Promise<void> {
        const uris = await vscode.window.showOpenDialog({
          canSelectMany: true,
          openLabel: "Attach to Chat",
          filters: {
            "All Files": ["*"],
          },
        });
    
        if (uris && uris.length > 0) {
          // Convert URIs to relative paths or absolute paths for selection
          // For now, let's just send back the absolute paths as this is what the extension uses
          const files = uris.map((u) => u.fsPath);
    
          // We need a message type to receive these in the webview
          this.view?.webview.postMessage({
            type: "filesAttached",
            files,
          });
        }
      }
    
      private async handleAttachImage(): Promise<void> {
        const uris = await vscode.window.showOpenDialog({
          canSelectMany: true,
          openLabel: "Attach Images to Chat",
          filters: {
            Images: ["png", "jpg", "jpeg", "gif", "webp"],
          },
        });
    
        if (!uris || uris.length === 0) {
          return;
        }
    
        const images = [];
        for (const uri of uris) {
          try {
            const data = await vscode.workspace.fs.readFile(uri);
            const base64 = Buffer.from(data).toString("base64");
            const mimeType = this.getMimeType(uri.fsPath);
            images.push({
              dataUrl: `data:${mimeType};base64,${base64}`,
              filename: uri.fsPath.split(/[/\\]/).pop() || uri.fsPath,
              size: data.byteLength,
            });
          } catch (error) {
            log.error(`Failed to read image ${uri.fsPath}`, { uri: uri.fsPath }, error as Error);
          }
        }
    
        if (images.length > 0) {
          this.view?.webview.postMessage({
            type: "imagesAttached",
            images,
          });
        }
      }
    
      private getMimeType(filePath: string): string {
        const ext = filePath.split(".").pop()?.toLowerCase();
        const mimeMap: Record<string, string> = {
          png: "image/png",
          jpg: "image/jpeg",
          jpeg: "image/jpeg",
          gif: "image/gif",
          webp: "image/webp",
        };
        return mimeMap[ext || ""] || "image/png";
      }
    
      /**
       * Handles opening settings
       */
      private async handleOpenSettings(): Promise<void> {
        await vscode.commands.executeCommand(
          "workbench.action.openSettings",
          "@ext:OpenCode.opencode-vscode",
        );
      }
    
      /**
       * Handle mode toggle with logging
       */
      private async handleToggleMode(newMode: string): Promise<void> {
        const oldMode = this.currentMode;
        this.currentMode = newMode;
    
        // Only log the state change here, not in the message handler
        this.logger.logStateChange('current-mode', oldMode, newMode, 'mode-toggle');
    
        // Send mode update to webview
        this.view?.webview.postMessage({
          type: 'modeChanged',
          mode: newMode,
        });
      }
    
      /**
       * Refreshes the view with current state
       */
      private refreshView(): void {
        this.view?.webview.postMessage({
          type: "initState",
          serverStatus: this.serverManager.getStatus(),
          selectedModel: this.selectedModel,
          selectedAgent: this.selectedAgent,
          currentSessionId: this.currentSessionId,
          todoItems: this.loadPersistedTodos(this.currentSessionId).items,
        });
      }
    
      /**
       * Generates the HTML content for the webview
       */
      // FORBIDDEN TO REMOVE: React Chat Asset Contract - ensure <div id="root"> and chat.js/chat.css wiring remain intact
      private getHtmlContent(webview: vscode.Webview): string {
        const styleUri = webview.asWebviewUri(
          vscode.Uri.joinPath(
            this.context.extensionUri,
            "webview",
            "shared",
            "dist",
            "chat.css",
          ),
        );
        const scriptUri = webview.asWebviewUri(
          vscode.Uri.joinPath(
            this.context.extensionUri,
            "webview",
            "shared",
            "dist",
            "chat.js",
          ),
        );
    
        return `<!DOCTYPE html>
    <html lang="en">
    <head>
      <meta charset="UTF-8">
      <meta name="viewport" content="width=device-width, initial-scale=1.0">
      <meta http-equiv="Content-Security-Policy" content="default-src 'none'; img-src ${webview.cspSource} data: blob:; style-src ${webview.cspSource} 'unsafe-inline'; script-src ${webview.cspSource};">
      <link href="${styleUri}" rel="stylesheet">
      <title>OpenCode Chat</title>
    </head>
    <body>
      <div id="root"></div>
      <script type="module" src="${scriptUri}"></script>
    </body>
    </html>`;
      }
    
      /**
       * Handles file search requests from the webview
       */
      private async handleSearchFiles(query: string) {
        const flow = log.startFeatureFlow('FileSearch', { queryLength: query.length });
    
        if (!query) {
          log.endFeatureFlow(flow, { result: 'skipped', reason: 'Empty query' });
          this.view?.webview.postMessage({
            type: "fileSearchResults",
            results: [],
          });
          return;
        }
    
        try {
          log.featureStep(flow, 'searching_files', { query, maxResults: 20 });
          const startTime = Date.now();
    
          // Simple file search using VS Code API
          // Limit to 20 results for performance
          const files = await vscode.workspace.findFiles(
            `**/*${query}*`,
            "**/node_modules/**",
            20,
          );
    
          const duration = Date.now() - startTime;
          const results = files.map((f) => {
            const relativePath = vscode.workspace.asRelativePath(f);
            return {
              path: relativePath,
              name: relativePath.split(/[\\/]/).pop() || relativePath,
            };
          });
    
          log.featureStep(flow, 'search_completed', {
            resultCount: results.length,
            duration,
          });
    
          this.view?.webview.postMessage({
            type: "fileSearchResults",
            results: results,
          });
    
          log.endFeatureFlow(flow, { result: 'completed', resultCount: results.length, duration });
        } catch (error) {
          log.error('File search failed', { query }, error as Error);
          log.endFeatureFlow(flow, { result: 'failed', error: String(error) });
          this.view?.webview.postMessage({
            type: "fileSearchResults",
            results: [],
          });
        }
      }
    
      /**
       * Handles requests to get OpenCode configuration files
       */
      private async handleGetOpenCodeConfig(fileName?: string) {
        try {
          // Scan all JSON config files
          const configFiles = await this.configFilesProvider.scanFiles();
    
          // Determine which file to load
          let selectedFile: ConfigFile | undefined;
          if (fileName && configFiles.length > 0) {
            // Load specific file if requested
            selectedFile = configFiles.find(f => f.name === fileName || f.path === fileName);
          } else if (configFiles.length > 0) {
            // Default to first file (alphabetically sorted)
            selectedFile = configFiles[0];
          }
    
          if (!selectedFile) {
            // No config files found - send empty state with available files list
            this.view?.webview.postMessage({
              type: "opencodeConfigFiles",
              files: configFiles.map(f => ({
                name: f.name,
                path: f.path,
                lastModified: f.lastModified,
                size: f.size,
              })),
              currentFile: null,
            });
            return;
          }
    
          // Send config data with files list
          this.view?.webview.postMessage({
            type: "opencodeConfig",
            content: selectedFile.content,
            filePath: selectedFile.path,
            fileName: selectedFile.name,
            files: configFiles.map(f => ({
              name: f.name,
              path: f.path,
              lastModified: f.lastModified,
              size: f.size,
            })),
          });
        } catch (error) {
          this.logger.error("Failed to load OpenCode config", undefined, error instanceof Error ? error : new Error(String(error)));
          this.view?.webview.postMessage({
            type: "opencodeConfigError",
            error: error instanceof Error ? error.message : "Failed to load configuration",
          });
        }
      }
    
      /**
       * Handles requests to save OpenCode configuration
       */
      private async handleSaveOpenCodeConfig(content: string, filePath?: string) {
        const flow = log.startFeatureFlow('SaveConfig', { filePath, contentLength: content.length });
    
        try {
          if (!filePath) {
            log.endFeatureFlow(flow, { result: 'failed', reason: 'No file path provided' });
            throw new Error("File path is required for saving configuration");
          }
    
          log.featureStep(flow, 'saving_config_file', { filePath, contentLength: content.length });
          const result = await this.configFilesProvider.saveFile(filePath, content);
    
          this.view?.webview.postMessage({
            type: "opencodeConfigSaved",
            success: result.success,
            error: result.error,
            filePath,
          });
    
          if (result.success) {
            this.logger.info(`OpenCode config saved: ${filePath}`);
            log.endFeatureFlow(flow, { result: 'completed', filePath });
          } else {
            log.endFeatureFlow(flow, { result: 'failed', error: result.error });
          }
        } catch (error) {
          this.logger.error("Failed to save OpenCode config", undefined, error instanceof Error ? error : new Error(String(error)));
          log.endFeatureFlow(flow, { result: 'failed', error: String(error) });
          this.view?.webview.postMessage({
            type: "opencodeConfigSaved",
            success: false,
            error: error instanceof Error ? error.message : "Failed to save configuration",
            filePath,
          });
        }
      }
    
      /**
       * Reconciles the selected model against the fetched model catalog.
       *
       * Matching priority:
       * 1) exact providerID + modelID
       * 2) legacy fallback by modelID only when provider is missing/generic and match is unique
       *
       * We intentionally do NOT remap by modelID alone when multiple providers expose the same model.
       */
      /**
       * Resolves the default model from the CLI config
       */
      /**
       * Handles fetching available models from OpenCode
       */
      /**
       * Fetches slash commands from OpenCode SDK and sends them to the webview.
       * Uses a short-lived cache because commands are mostly static during a session.
       */
      /**
       * Handles fetching available agents via the OpenCode SDK and sends the list
       * to the webview. Falls back to a minimal built-in list if the server is
       * unavailable.
       */
      // ─── Per-session settings helpers ────────────────────────────────────────
    
      /** Returns the full persisted map of all session settings. */
      /**
       * Returns the persisted settings for a specific session.
       * Returns an empty object when no settings have been saved yet.
       */
      /**
       * Merges `partial` into the persisted settings for `sessionId` and saves
       * the updated map back to global state.
       */
      /**
       * Loads the persisted settings for `sessionId` and applies them to the
       * provider's in-memory state (`selectedAgent`, `selectedModel`).
       * Fields that have no saved value are left unchanged.
       */
      /**
       * Fetches MCP server status from the OpenCode SDK and forwards it to the
       * webview. The webview dispatches `SET_MCP_SERVERS` from the `mcpStatus`
       * message. Tool IDs are fetched in parallel so each server row can show its
       * list of tools when the user expands it.
       */
      private async handleGetMcpStatus(): Promise<void> {
        const flow = log.startFeatureFlow('GetMcpStatus', {});
    
        try {
          log.featureStep(flow, 'fetching_mcp_status');
          const client = await this.serverManager.ensureRunning();
    
          log.featureStep(flow, 'fetching_mcp_and_tool_data');
          const [mcpRes, toolIdsRes] = await Promise.all([
            client.mcp.status(),
            client.tool.ids().catch(() => ({ data: [] })),
          ]);
    
          const servers = mcpRes.data ?? {};
          const toolIds: string[] = Array.isArray(toolIdsRes?.data)
            ? toolIdsRes.data
            : [];
    
          log.featureStep(flow, 'sending_status_to_webview', {
            serverCount: Object.keys(servers).length,
            toolCount: toolIds.length,
          });
    
          this.view?.webview.postMessage({
            type: "mcpStatus",
            servers,
            toolIds,
          });
    
          log.info(
            `MCP status sent: ${Object.keys(servers).length} server(s), ${toolIds.length} tool(s)`,
          );
    
          log.endFeatureFlow(flow, { result: 'completed', serverCount: Object.keys(servers).length, toolCount: toolIds.length });
        } catch (err) {
          log.error(
            "handleGetMcpStatus failed",
            {},
            err instanceof Error ? err : undefined,
          );
          log.endFeatureFlow(flow, { result: 'failed', error: String(err) });
        }
      }
    
      /**
       * Fetches LSP server status from the OpenCode SDK and forwards it to the
       * webview. The webview dispatches `SET_LSP_SERVERS` from the `lspStatus`
       * message.
       */
      private async handleGetLspStatus(): Promise<void> {
        const flow = log.startFeatureFlow('GetLspStatus', {});
    
        try {
          log.featureStep(flow, 'fetching_server_status');
          const client = await this.serverManager.ensureRunning();
          const workspaceDir = this.getWorkspaceDirectory();
    
          log.featureStep(flow, 'fetching_lsp_status', { workspaceDir });
          // Pass directory parameter to LSP status endpoint so the server
          // can detect language servers for the current workspace
          const res = workspaceDir
            // eslint-disable-next-line @typescript-eslint/no-explicit-any
            ? await client.lsp.status({ directory: workspaceDir } as any)
            : await client.lsp.status();
    
          const servers = Array.isArray(res.data) ? res.data : [];
    
          log.featureStep(flow, 'sending_status_to_webview', { serverCount: servers.length });
          this.view?.webview.postMessage({
            type: "lspStatus",
            servers,
          });
    
          log.info(
            `LSP status sent: ${servers.length} server(s)` +
            (workspaceDir ? ` for workspace: ${workspaceDir}` : ""),
          );
    
          log.endFeatureFlow(flow, { result: 'completed', serverCount: servers.length });
        } catch (err) {
          log.error(
            "handleGetLspStatus failed",
            {},
            err instanceof Error ? err : undefined,
          );
          log.endFeatureFlow(flow, { result: 'failed', error: String(err) });
        }
      }
    
      /**
       * Ensures a default primary agent is selected for the current session.
       * Falls back to "build" (the built-in default primary agent) if nothing
       * has been persisted.
       */
      private async syncCLIAgents(): Promise<void> {
        if (!this.selectedAgent) {
          this.selectedAgent = "build";
          log.info("No agent set, defaulting to 'build'");
        }
      }
    
      private async handleReviewChanges() {
        try {
          const workspaceFolder = vscode.workspace.workspaceFolders?.[0];
          if (!workspaceFolder) {
            await vscode.commands.executeCommand("workbench.view.scm");
            return;
          }
    
          const cwd = workspaceFolder.uri.fsPath;
          const runGit = (...args: string[]): Promise<string> =>
            new Promise((resolve, reject) => {
              cp.execFile(
                "git",
                args,
                { cwd, maxBuffer: 10 * 1024 * 1024 },
                (err, stdout) => {
                  if (err && err.code !== 1) {
                    reject(err);
                  } else {
                    resolve(stdout);
                  }
                },
              );
            });
    
          const diffOutput = await runGit("diff", "HEAD");
    
          // Include untracked files as pseudo-diffs
          const untrackedFilesOutput = await runGit(
            "ls-files",
            "--others",
            "--exclude-standard",
          );
          const untrackedFiles = untrackedFilesOutput
            .split("\n")
            .filter((f) => f.trim());
    
          let allDiffs = diffOutput;
          for (const file of untrackedFiles) {
            try {
              const fileUri = vscode.Uri.file(path.join(cwd, String(file)));
              const content = await vscode.workspace.fs.readFile(fileUri);
              const text = new TextDecoder().decode(content);
              const lines = text.split("\n");
              const pseudoDiff = [
                `--- /dev/null`,
                `+++ b/${file.replace(/\\/g, "/")}`,
                `@@ -0,0 +1,${lines.length} @@`,
                ...lines.map((l) => `+${l}`),
                "",
              ].join("\n");
              allDiffs += (allDiffs ? "\n" : "") + pseudoDiff;
            } catch (e: any) {
              log.warn(
                `Failed to read untracked file ${String(file)}: ${e instanceof Error ? e.message : String(e)}`,
                { file: String(file) },
              );
            }
          }
    
          if (allDiffs) {
            const diffFiles = this.parseUnifiedDiff(allDiffs);
            if (diffFiles.length > 0) {
              await vscode.commands.executeCommand("opencode.showDiffReview", {
                files: diffFiles,
              });
              return;
            }
          }
    
          // Fallback to SCM view if no diffs found
          await vscode.commands.executeCommand("workbench.view.scm");
        } catch (error: any) {
          vscode.window.showErrorMessage(
            `Failed to open changes: ${error.message}`,
          );
        }
      }
    
      private buildDiffExcerpt(diffOutput: string): {
        header?: string;
        lines: string[];
        added?: number;
        deleted?: number;
      } | undefined {
        const diffFiles = this.parseUnifiedDiff(diffOutput);
        if (diffFiles.length === 0) {
          return undefined;
        }
        const firstFile = diffFiles[0];
        const firstHunk = Array.isArray(firstFile.hunks) ? firstFile.hunks[0] : undefined;
        if (!firstHunk || !Array.isArray(firstHunk.lines) || firstHunk.lines.length === 0) {
          return undefined;
        }
        return {
          header: typeof firstHunk.header === "string" ? firstHunk.header : undefined,
          lines: firstHunk.lines.slice(0, 40).map((line: unknown) =>
            typeof line === "string" ? line.slice(0, 300) : "",
          ),
          added:
            typeof firstFile.added === "number" && Number.isFinite(firstFile.added)
              ? firstFile.added
              : undefined,
          deleted:
            typeof firstFile.deleted === "number" && Number.isFinite(firstFile.deleted)
              ? firstFile.deleted
              : undefined,
        };
      }
    
      private async getDiffActivityEnrichment(
        filePath: string,
      ): Promise<
        | {
          diffStats?: { added: number; deleted: number };
          diffExcerpt?: { header?: string; lines: string[]; added?: number; deleted?: number };
        }
        | undefined
      > {
        try {
          const workspaceFolder = vscode.workspace.workspaceFolders?.[0];
          if (!workspaceFolder) return undefined;
    
          const fullPath = path.isAbsolute(filePath)
            ? filePath
            : path.join(workspaceFolder.uri.fsPath, filePath);
          const cwd = workspaceFolder.uri.fsPath;
    
          const runGit = (...args: string[]): Promise<string> =>
            new Promise((resolve, reject) => {
              cp.execFile(
                "git",
                args,
                { cwd, maxBuffer: 10 * 1024 * 1024 },
                (err, stdout) => {
                  if (err && err.code !== 1) {
                    reject(err);
                  } else {
                    resolve(stdout);
                  }
                },
              );
            });
    
          let diffOutput = "";
          try {
            diffOutput = await runGit("diff", "HEAD", "--", fullPath);
            if (!diffOutput) {
              diffOutput = await runGit("diff", "--cached", "--", fullPath);
            }
            if (!diffOutput) {
              // New file fallback
              try {
                const fileUri = vscode.Uri.file(fullPath);
                const content = await vscode.workspace.fs.readFile(fileUri);
                const text = new TextDecoder().decode(content);
                const lines = text.split("\n");
                return {
                  diffStats: { added: lines.length, deleted: 0 },
                  diffExcerpt: {
                    header: `@@ -0,0 +1,${lines.length} @@`,
                    lines: lines.slice(0, 40).map((line) => `+${line.slice(0, 299)}`),
                    added: lines.length,
                    deleted: 0,
                  },
                };
              } catch {
                return undefined;
              }
            }
          } catch {
            return undefined;
          }
    
          if (diffOutput) {
            const diffFiles = this.parseUnifiedDiff(diffOutput);
            if (diffFiles.length > 0 && diffFiles[0]) {
              return {
                diffStats: {
                  added: diffFiles[0].added,
                  deleted: diffFiles[0].deleted,
                },
                diffExcerpt: this.buildDiffExcerpt(diffOutput),
              };
            }
          }
          return undefined;
        } catch (error) {
          log.error("getDiffActivityEnrichment error", {}, error as Error);
          return undefined;
        }
      }
    
      private async handleOpenDiff(filePath: string) {
        try {
          const workspaceFolder = vscode.workspace.workspaceFolders?.[0];
          if (!workspaceFolder) return;
    
          const fullPath = path.isAbsolute(filePath)
            ? filePath
            : path.join(workspaceFolder.uri.fsPath, filePath);
          const fileUri = vscode.Uri.file(fullPath);
          const cwd = workspaceFolder.uri.fsPath;
    
          const runGit = (...args: string[]): Promise<string> =>
            new Promise((resolve, reject) => {
              cp.execFile(
                "git",
                args,
                { cwd, maxBuffer: 10 * 1024 * 1024 },
                (err, stdout) => {
                  // exit code 1 from git diff means there are changes (not an error)
                  if (err && err.code !== 1) {
                    reject(err);
                  } else {
                    resolve(stdout);
                  }
                },
              );
            });
    
          let diffOutput = "";
          try {
            // Try HEAD diff first (tracked modified file)
            diffOutput = await runGit("diff", "HEAD", "--", fullPath);
            if (!diffOutput) {
              // Maybe the file is staged but not committed — try staged diff
              diffOutput = await runGit("diff", "--cached", "--", fullPath);
            }
            if (!diffOutput) {
              // New untracked file: generate a pseudo-diff showing full content as additions
              const content = await vscode.workspace.fs.readFile(fileUri);
              const text = new TextDecoder().decode(content);
              const lines = text.split("\n");
              diffOutput = [
                `--- /dev/null`,
                `+++ b/${filePath.replace(/\\/g, "/")}`,
                `@@ -0,0 +1,${lines.length} @@`,
                ...lines.map((l) => `+${l}`),
              ].join("\n");
            }
          } catch (e) {
            log.warn(`git diff failed: ${e instanceof Error ? e.message : String(e)}`, {});
          }
    
          if (diffOutput) {
            const diffFiles = this.parseUnifiedDiff(diffOutput);
            if (diffFiles.length > 0) {
              await vscode.commands.executeCommand("opencode.showDiffReview", {
                files: diffFiles,
              });
              return;
            }
          }
    
          // Absolute fallback: open the file normally
          await vscode.commands.executeCommand("vscode.open", fileUri);
        } catch (error: any) {
          vscode.window.showErrorMessage(`Failed to open diff: ${error.message}`);
        }
      }
    
      private parseUnifiedDiff(diff: string): any[] {
        const files: any[] = [];
        const lines = diff.split("\n");
        let currentFile: any = null;
        let currentHunk: any = null;
    
        for (const line of lines) {
          if (line.startsWith("--- ") || line.startsWith("+++ ")) {
            const isNew = line.startsWith("+++ ");
            const pathMatch = line.match(/^\+\+\+ (?:b\/)?(.*)$/);
            if (isNew && pathMatch) {
              if (currentFile) files.push(currentFile);
              currentFile = {
                path: pathMatch[1],
                added: 0,
                deleted: 0,
                hunks: [],
              };
            }
            continue;
          }
    
          if (line.startsWith("@@ ")) {
            if (!currentFile) continue;
            currentHunk = {
              header: line,
              lines: [],
            };
            currentFile.hunks.push(currentHunk);
            continue;
          }
    
          if (currentHunk) {
            if (line.startsWith("+")) {
              currentFile.added++;
              currentHunk.lines.push(line);
            } else if (line.startsWith("-")) {
              currentFile.deleted++;
              currentHunk.lines.push(line);
            } else if (line.startsWith(" ") || line === "") {
              currentHunk.lines.push(line);
            }
          }
        }
    
        if (currentFile) files.push(currentFile);
        return files;
      }
    
      /**
       * Handles opening a file in the editor
       */
      private async handleOpenFile(filePath: string) {
        try {
          const workspaceFolder = vscode.workspace.workspaceFolders?.[0];
          if (!workspaceFolder) return;
    
          const fullPath = path.isAbsolute(filePath)
            ? filePath
            : path.join(workspaceFolder.uri.fsPath, filePath);
          const fileUri = vscode.Uri.file(fullPath);
    
          await vscode.commands.executeCommand("vscode.open", fileUri);
        } catch (error: unknown) {
          const msg = error instanceof Error ? error.message : JSON.stringify(error);
          vscode.window.showErrorMessage(`Failed to open file: ${msg}`);
        }
      }
    
      // PROMPT-OWNERSHIP: do not modify — transport-only path
      /**
       * Removes a message from a session queue
       */
      /**
       * Clears the prompt queue for a given session
       */
      /**
       * Executes a session queue sequentially. Only one queue drain can run at a time.
       */
      /**
       * Sends the current budget status to the webview
       */
      private sendBudgetInfo() {
        try {
          // Get actual Copilot quota data from QuotaService
          const quotaData = this.quotaService.cachedData;
          const copilotPlatform = quotaData?.platforms?.find(
            (p) => p.platform === "github-copilot",
          );
    
          if (!copilotPlatform) {
            return;
          }
    
          // Extract data from Copilot quota
          const copilotQuota = copilotPlatform.quotas?.[0]; // "Premium" quota
          if (!copilotQuota) {
            return;
          }
    
          // Parse "usedTotalDisplay" which is in format "X / Y"
          const usedTotalMatch =
            copilotQuota.usedTotalDisplay?.match(/(\d+)\s*\/\s*(\d+)/);
          const totalUsed = usedTotalMatch ? parseInt(usedTotalMatch[1], 10) : 0;
          const monthlyQuota = usedTotalMatch
            ? parseInt(usedTotalMatch[2], 10)
            : 300;
    
          // Calculate daily allowance
          const today = new Date();
          const todayStr = today.toISOString().split("T")[0];
          const daysInMonth = new Date(
            today.getFullYear(),
            today.getMonth() + 1,
            0,
          ).getDate();
          const dayOfMonth = today.getDate();
          const dailyAllowance = Math.ceil(monthlyQuota / daysInMonth);
    
          // --- NEW ACCURATE USAGE CALCULATION ---
          // Get baseline for today. If none exists, this is the first time we're seeing
          // quota data today, so current totalUsed becomes the baseline.
          let baseline = this.budgeter.getBaselineForDate(todayStr);
          if (baseline === null) {
            this.budgeter.setBaselineForDate(todayStr, totalUsed);
            baseline = totalUsed;
          }
    
          // Today's usage is the difference between current total and morning's baseline
          const usedToday = Math.max(0, totalUsed - baseline);
          // --------------------------------------
    
          // Calculate accumulated budget up to today (days passed × daily allowance)
          const budgetSoFar = dayOfMonth * dailyAllowance;
    
          // Available today = (accumulated budget - baseline) - used today
          // Simplified: accumulated budget - totalUsed
          const availableToday = Math.max(0, budgetSoFar - totalUsed);
    
          const remainingToday = Math.max(0, dailyAllowance - usedToday);
    
          // Project monthly usage (current rate × days in month)
          const projectedMonthlyUsage =
            dayOfMonth > 0 ? Math.round((totalUsed / dayOfMonth) * daysInMonth) : 0;
    
          // Determine warning level
          let warningLevel: "ok" | "warning" | "critical" = "ok";
          if (remainingToday === 0) {
            warningLevel = "critical";
          } else if (remainingToday < dailyAllowance * 0.3) {
            warningLevel = "warning";
          }
    
          // Generate advice
          const advice: string[] = [];
          if (remainingToday === 0) {
            advice.push(
              "⚠️ You've used your available requests for today. Consider reducing usage to avoid running out this month.",
            );
          } else if (availableToday > dailyAllowance * 2) {
            advice.push(
              `💡 You have ${availableToday} requests available today (including ${availableToday - dailyAllowance
              } unused from previous days)!`,
            );
          } else if (projectedMonthlyUsage > monthlyQuota) {
            advice.push(
              `🚨 At your current rate, you'll exceed your monthly quota! Try to stay under ${dailyAllowance} requests/day.`,
            );
          } else if (warningLevel === "ok") {
            advice.push(
              `✅ You have ${remainingToday} requests available today. Base daily allowance: ${dailyAllowance}.`,
            );
          }
    
          const budgetInfo = {
            planName: copilotPlatform.accountLabel?.replace(/[()]/g, "") || "Pro",
            monthlyQuota: monthlyQuota,
            usedToday: usedToday,
            dailyAllowance: dailyAllowance,
            availableToday: availableToday,
            remainingToday: remainingToday,
            daysRemaining: daysInMonth - dayOfMonth + 1,
            projectedMonthlyUsage: projectedMonthlyUsage,
            warningLevel: warningLevel,
            advice: advice,
          };
    
          this.view?.webview.postMessage({
            type: "budgetInfo",
            data: budgetInfo,
          });
        } catch (error) {
          log.error("Failed to send budget info", {}, error as Error);
        }
      }
    
      /**
       * Sends the current queue state to the webview
       */
      public dispose(): void {
        if (this.unsubscribe) {
          this.unsubscribe();
          this.unsubscribe = undefined;
        }
        this.streamService.dispose();
        this.quotaService.dispose();
        this.fileThemeProcessor.unsubscribe(this);
        this.isBootstrappingWebview = false;
        this.hasInitializedWebview = false;
        this.sessionsListRequestVersion = 0;
        this.lastSessionsPayloadFingerprint = undefined;
        this.queueBySessionId.clear();
        this.view = undefined;
    
        // Clear any pending todo persistence timer
        if (this.todoPersistenceTimer) {
          clearTimeout(this.todoPersistenceTimer);
          this.todoPersistenceTimer = null;
        }
      }
    
      // --- File Icon Theme Sync Methods ---
    
      /**
       * Called when the file theme processor state changes.
       */
      public notify(state: FileThemeProcessorState): void {
        if (state === "ready") {
          this.sendThemeDataToWebview();
        }
      }
    
      /**
       * Generates and sends the file theme CSS to the webview.
       */
      private async sendThemeDataToWebview(): Promise<void> {
        if (!this.view) {
          return;
        }
    
        try {
          const themeData = this.fileThemeProcessor.getThemeData();
          if (!themeData.data || !themeData.themeId) {
            return;
          }
    
          const cssData = this.cssGenerator.getCss(
            themeData.data,
            themeData.themeId,
            this.view.webview,
          );
          const combinedCss = `${cssData.fontFaceCss}\n${cssData.iconCss}`;
          this.currentThemeCss = combinedCss;
    
          // Update localResourceRoots to include theme extension paths
          if (themeData.localResourceRoots.length > 0) {
            const roots = [
              this.context.extensionUri,
              ...themeData.localResourceRoots.map((root) => vscode.Uri.file(root)),
            ];
            this.view.webview.options = {
              ...this.view.webview.options,
              localResourceRoots: roots,
            };
          }
    
          await this.view.webview.postMessage({
            type: "injectThemeCss",
            css: combinedCss,
          });
          log.debug("Injected theme CSS into webview");
        } catch (error) {
          log.error(
            "Failed to send theme data to webview",
            {},
            error as Error,
          );
        }
      }
    }
    
    
    /* FILE: E:\Projects\vscode-opencode\src\providers\chat\DiagnosticsLogger.ts */
    
    /**
     * DiagnosticsLogger Module
     *
     * Handles all debug logging, render-parity tracing, debug file I/O,
     * and AI diagnostic snapshots.
     *
     * Extracted from ChatViewProvider.ts lines 4586-5090
     */
    
    import * as vscode from "vscode";
    import * as path from "path";
    import * as fs from "fs/promises";
    import * as os from "os";
    import { createLogger } from "../../utils/Logger";
    
    export class DiagnosticsLogger {
      private renderParityLogWriteChain: Promise<void> = Promise.resolve();
      private renderParityDebugFilePath?: string;
      private didLogRenderParityFilePath = false;
      private readonly promptDebugBySession = new Map<string, Record<string, unknown>>();
    
      constructor(
        private logger: ReturnType<typeof createLogger>,
        private asRecord: (value: unknown) => Record<string, unknown> | undefined,
        private firstNonEmptyString: (...values: unknown[]) => string | undefined,
        private extractMessageBodyText: (message: any) => string,
        private historyMessageCreatedAt: (message: any) => number | undefined,
        private extractHistoryMessageId: (message: any) => string | undefined,
        private isRenderableHistoryMessage: (message: any) => boolean,
        private historyMessageFingerprint: (message: any) => string | undefined,
      ) { }
    
      /**
       * Log diagnostics for stream events
       */
      logStreamEventDiagnostics(event: any, enrichedEvent?: any): void {
        const eventType = typeof event?.type === "string" ? event.type : "unknown";
        const properties = this.asRecord(event?.properties) || {};
        const part = this.asRecord(properties?.part);
        const info = this.asRecord(properties?.info);
    
        const sessionID =
          this.firstNonEmptyString(
            properties?.sessionID,
            properties?.sessionId,
            part?.sessionID,
            part?.sessionId,
            info?.sessionID,
            info?.sessionId,
          ) || undefined;
        const messageID =
          this.firstNonEmptyString(
            properties?.messageID,
            properties?.messageId,
            part?.messageID,
            part?.messageId,
            info?.id,
          ) || undefined;
    
        const structured = this.asRecord(enrichedEvent?.structured);
        const structuredOutput = this.asRecord(enrichedEvent?.structuredOutput);
        const partPreview =
          this.firstNonEmptyString(
            part?.delta,
            part?.text,
            part?.content,
            part?.reasoning,
            part?.thought,
            part?.thinking,
          ) || undefined;
        const eventPreview =
          this.firstNonEmptyString(
            event?.delta,
            event?.text,
            event?.content,
            event?.reasoning,
          ) || undefined;
        const preview = partPreview || eventPreview;
        const summary: Record<string, unknown> = {
          type: eventType,
          source: this.firstNonEmptyString(event?.source),
          directory: this.firstNonEmptyString(event?.directory),
          sessionID,
          messageID,
          partType: this.firstNonEmptyString(part?.type),
          hasProperties: Object.keys(properties).length > 0,
          structuredKind: this.firstNonEmptyString(structured?.kind),
          structuredResponseType: this.firstNonEmptyString(
            structuredOutput?.responseType,
          ),
          hasStructuredOutput: Boolean(structuredOutput),
          preview: preview ? preview.slice(0, 180) : undefined,
          previewLength: preview?.length,
        };
    
        if (eventType === "server.heartbeat") {
          if (this.shouldVerboseStreamDebug()) {
            this.logger.debug("Stream heartbeat", summary);
          }
          return;
        }
    
        const shouldLogInfo =
          eventType === "message.updated" ||
          eventType === "message.completed" ||
          eventType === "session.completed";
        // Removed render-parity.ndjson file writing to prevent tool call creation
        // const shouldPersistFile =
        //   shouldLogInfo ||
        //   eventType === "message.part.updated" ||
        //   eventType === "message.part.added" ||
        //   eventType === "message.part.created";
        // if (shouldPersistFile) {
        //   this.appendRenderParityDebugLog("stream", summary);
        // }
        if (this.shouldVerboseStreamDebug()) {
          this.logger.debug("Stream event received", summary);
          return;
        }
        if (shouldLogInfo) {
          this.logger.info("Render parity stream snapshot", summary);
        }
      }
    
      /**
       * Summarize a render message for debugging
       */
      summarizeRenderMessageForDebug(
        message: any,
        index: number,
      ): Record<string, unknown> {
        const info = this.asRecord(message?.info);
        const structured = this.asRecord(
          message?.structuredOutput ??
          message?.structured_output ??
          info?.structuredOutput ??
          info?.structured,
        );
        const content =
          this.firstNonEmptyString(
            message?.content,
            message?.text,
            this.extractMessageBodyText(message),
          ) || "";
        const createdAt = this.historyMessageCreatedAt(message);
        const id = this.extractHistoryMessageId(message);
        const responseType = this.firstNonEmptyString(
          structured?.responseType,
        )?.toLowerCase();
    
        // Create a compact, debug-friendly summary
        const role =
          this.firstNonEmptyString(message?.role, info?.role) || "unknown";
        const partCount = Array.isArray(message?.parts) ? message.parts.length : 0;
        const interactiveCount = Array.isArray(message?.interactiveEvents)
          ? message.interactiveEvents.length
          : 0;
    
        // Build a compact type string showing message type
        let typeStr = role;
        if (responseType && responseType !== 'message') {
          typeStr += `/${responseType}`;
        }
        if (interactiveCount > 0) {
          typeStr += ` [+${interactiveCount} interactive]`;
        } else if (partCount > 0) {
          typeStr += ` [+${partCount} parts]`;
        }
    
        return {
          i: index, // Compact: index
          id: id ? id.slice(-8) : 'no-id', // Compact: last 8 chars of ID
          type: typeStr, // Compact: role + type info combined
          len: content.length, // Compact: content length
          renderable: this.isRenderableHistoryMessage(message) ? '✓' : '✗', // Compact: checkmark
          preview: content ? content.slice(0, 80) + (content.length > 80 ? '...' : '') : '', // Compact: shorter preview
        };
      }
    
      /**
       * Get a compact one-line string representation for quick log scanning
       */
      summarizeRenderMessageCompact(message: any, index: number): string {
        const summary = this.summarizeRenderMessageForDebug(message, index);
        const { i, id, type, len, renderable, preview } = summary as any;
        const previewStr = preview ? `"${preview}"` : '';
        return `[${i}] ${id} ${type} ${len} chars ${renderable} ${previewStr}`.trim();
      }
    
      /**
       * Log history render diagnostics
       */
      logHistoryRenderDiagnostics(
        source: string,
        sessionId: string | undefined,
        rawMessages: any[],
        processedMessages: any[],
      ): void {
        const rawTail = rawMessages.slice(-20);
        const processedTail = processedMessages.slice(-20);
        const rawSummary = rawTail.map((message, index) =>
          this.summarizeRenderMessageForDebug(
            message,
            rawMessages.length - rawTail.length + index,
          ),
        );
        const processedSummary = processedTail.map((message, index) =>
          this.summarizeRenderMessageForDebug(
            message,
            processedMessages.length - processedTail.length + index,
          ),
        );
    
        const rawIds = new Set(
          rawSummary
            .map((item) => this.firstNonEmptyString(item.id))
            .filter((value): value is string => Boolean(value)),
        );
        const processedIds = new Set(
          processedSummary
            .map((item) => this.firstNonEmptyString(item.id))
            .filter((value): value is string => Boolean(value)),
        );
        const missingProcessedIds = Array.from(rawIds).filter(
          (id) => !processedIds.has(id),
        );
    
        // Generate compact log lines for easier debugging
        const rawCompact = rawTail.map((msg, i) =>
          this.summarizeRenderMessageCompact(msg, rawMessages.length - rawTail.length + i)
        );
        const processedCompact = processedTail.map((msg, i) =>
          this.summarizeRenderMessageCompact(msg, processedMessages.length - processedTail.length + i)
        );
    
        const summaryContext: Record<string, unknown> = {
          source,
          sessionId,
          stats: `${rawMessages.length} raw → ${processedMessages.length} processed (${rawMessages.length - processedMessages.length} dropped)`,
          missing: missingProcessedIds.length > 0 ? missingProcessedIds.map(id => id.slice(-8)).join(', ') : 'none',
          rawTail: rawCompact,
          processedTail: processedCompact,
        };
    
        // Disabled render-parity.ndjson file writing to prevent tool call creation
        // this.appendRenderParityDebugLog("history", {
        //   ...summaryContext,
        //   rawTailVerbose: rawSummary,
        //   processedTailVerbose: processedSummary,
        // });
    
        this.logger.info("History render parity", summaryContext);
    
        if (this.shouldVerboseStreamDebug()) {
          this.logger.debug("History raw tail (verbose)", {
            source,
            sessionId,
            items: rawSummary,
          });
          this.logger.debug("History processed tail (verbose)", {
            source,
            sessionId,
            items: processedSummary,
          });
        }
      }
    
      /**
       * Log prompt response diagnostics
       */
      logPromptResponseDiagnostics(
        sessionId: string,
        responseData: any,
      ): void {
        if (!this.shouldVerboseStreamDebug()) {
          return;
        }
    
        if (!responseData || typeof responseData !== "object") {
          return;
        }
    
        const info = this.asRecord(responseData.info);
        const messageId = this.firstNonEmptyString(info?.id, responseData.id);
        const parts = Array.isArray(responseData.parts) ? responseData.parts : [];
    
        this.logger.debug("Final response diagnostics", {
          sessionId,
          messageId,
          partCount: parts.length,
          partTypes: parts.map((part: any) =>
            typeof part?.type === "string" ? part.type : "unknown",
          ),
          role: this.firstNonEmptyString(info?.role, responseData.role),
          modelID: this.firstNonEmptyString(info?.modelID, responseData.modelID),
          providerID: this.firstNonEmptyString(
            info?.providerID,
            responseData.providerID,
          ),
        });
    
        parts.forEach((part: any, index: number) => {
          const partRec = this.asRecord(part) || {};
          const preview = this.firstNonEmptyString(
            partRec.delta,
            partRec.text,
            partRec.content,
            partRec.reasoning,
            partRec.message,
          );
          this.logger.debug("Final response part", {
            sessionId,
            messageId,
            index,
            type: this.firstNonEmptyString(partRec.type) || "unknown",
            preview:
              typeof preview === "string" ? preview.slice(0, 220) : undefined,
          });
        });
      }
    
      /**
       * Sanitize debug payload for logging
       */
      sanitizeDebugPayload(value: unknown): unknown {
        const maxDepth = 6;
        const maxArrayItems = 30;
        const maxObjectKeys = 80;
        const maxStringLength = 4000;
        const seen = new WeakSet<object>();
    
        const walk = (input: unknown, depth: number): unknown => {
          if (input === null || typeof input === "boolean" || typeof input === "number") {
            return input;
          }
          if (typeof input === "string") {
            if (input.startsWith("data:")) {
              return `<data-url omitted; length=${input.length}>`;
            }
            if (input.length > maxStringLength) {
              const truncatedBy = input.length - maxStringLength;
              return `${input.slice(0, maxStringLength)} ...<truncated ${truncatedBy} chars>`;
            }
            return input;
          }
          if (typeof input === "bigint") {
            return input.toString();
          }
          if (typeof input === "undefined") {
            return undefined;
          }
          if (typeof input === "function") {
            return "<function>";
          }
          if (typeof input !== "object") {
            return String(input);
          }
    
          if (seen.has(input as object)) {
            return "<circular>";
          }
          seen.add(input as object);
    
          if (depth >= maxDepth) {
            return "<max-depth>";
          }
    
          if (Array.isArray(input)) {
            const items = input
              .slice(0, maxArrayItems)
              .map((item) => walk(item, depth + 1));
            if (input.length > maxArrayItems) {
              items.push(
                `<truncated array; omitted ${input.length - maxArrayItems} item(s)>`,
              );
            }
            return items;
          }
    
          const rec = this.asRecord(input) || {};
          const entries = Object.entries(rec).slice(0, maxObjectKeys);
          const out: Record<string, unknown> = {};
          entries.forEach(([key, val]) => {
            const next = walk(val, depth + 1);
            if (typeof next !== "undefined") {
              out[key] = next;
            }
          });
          if (Object.keys(rec).length > maxObjectKeys) {
            out.__truncatedKeys = `<omitted ${Object.keys(rec).length - maxObjectKeys} key(s)>`;
          }
          return out;
        };
    
        return walk(value, 0);
      }
    
      /**
       * Build raw response debug text
       */
      buildRawResponseDebugText(value: unknown): string {
        const maxChars = 30000;
        let text: string;
        try {
          text = JSON.stringify(this.sanitizeDebugPayload(value), null, 2);
        } catch {
          try {
            text = String(value);
          } catch {
            text = "<unserializable response payload>";
          }
        }
        if (!text) {
          return "";
        }
        if (text.length <= maxChars) {
          return text;
        }
        return `${text.slice(0, maxChars)}\n...<truncated ${text.length - maxChars} chars>`;
      }
    
      /**
       * Get the debug file path
       */
      getDebugFilePath(): string | undefined {
        const workspaceFolder = vscode.workspace.workspaceFolders?.[0];
        if (!workspaceFolder || workspaceFolder.uri.scheme !== "file") {
          return undefined;
        }
        return path.join(
          workspaceFolder.uri.fsPath,
          ".opencode-debug",
          "last-ai-exchange.json",
        );
      }
    
      /**
       * Get the render parity debug file path
       */
      getRenderParityDebugFilePath(): string {
        if (this.renderParityDebugFilePath) {
          return this.renderParityDebugFilePath;
        }
    
        const workspaceFolder = vscode.workspace.workspaceFolders?.[0];
        if (workspaceFolder?.uri.scheme === "file") {
          this.renderParityDebugFilePath = path.join(
            workspaceFolder.uri.fsPath,
            ".opencode-debug",
            "render-parity.ndjson",
          );
          return this.renderParityDebugFilePath;
        }
    
        this.renderParityDebugFilePath = path.join(
          os.tmpdir(),
          "opencode-debug",
          "render-parity.ndjson",
        );
        return this.renderParityDebugFilePath;
      }
    
      /**
       * Append render parity debug log
       */
      appendRenderParityDebugLog(
        channel: "stream" | "history",
        payload: Record<string, unknown>,
      ): void {
        const filePath = this.getRenderParityDebugFilePath();
        const entry = {
          timestamp: new Date().toISOString(),
          channel,
          ...payload,
        };
        const line = `${JSON.stringify(this.sanitizeDebugPayload(entry))}\n`;
    
        this.renderParityLogWriteChain = this.renderParityLogWriteChain
          .catch(() => undefined)
          .then(async () => {
            try {
              await vscode.workspace.fs.createDirectory(
                vscode.Uri.file(path.dirname(filePath)),
              );
              await fs.appendFile(filePath, line, "utf8");
              if (!this.didLogRenderParityFilePath) {
                this.didLogRenderParityFilePath = true;
                this.logger.info("Render parity debug file active", { filePath });
              }
            } catch (error) {
              if (this.shouldVerboseStreamDebug()) {
                this.logger.warn("Failed to append render parity debug log", {
                  filePath,
                  error: error instanceof Error ? error.message : String(error),
                });
              }
            }
          });
      }
    
      /**
       * Persist AI debug snapshot
       */
      async persistAiDebugSnapshot(
        snapshot: Record<string, unknown>,
      ): Promise<void> {
        try {
          const filePath = this.getDebugFilePath();
          if (!filePath) return;
    
          const dirPath = path.dirname(filePath);
          await vscode.workspace.fs.createDirectory(vscode.Uri.file(dirPath));
          await vscode.workspace.fs.writeFile(
            vscode.Uri.file(filePath),
            new TextEncoder().encode(`${JSON.stringify(snapshot, null, 2)}\n`),
          );
          this.logger.info("AI debug snapshot written", { filePath });
        } catch (error) {
          this.logger.warn("Failed to persist AI debug snapshot", {
            error: error instanceof Error ? error.message : String(error),
          });
        }
      }
    
      /**
       * Log prompt request payload
       */
      async logPromptRequestPayload(
        sessionId: string,
        promptBody: any,
        useStructuredOutput: boolean,
      ): Promise<void> {
        const requestRecord: Record<string, unknown> = {
          timestamp: new Date().toISOString(),
          sessionId,
          useStructuredOutput,
          prompt: this.sanitizeDebugPayload(promptBody),
        };
        this.promptDebugBySession.set(sessionId, requestRecord);
    
        this.logger.info("AI DEBUG request payload", {
          sessionId,
          useStructuredOutput,
          prompt: requestRecord.prompt,
        });
        this.logger.debug("AI DEBUG request payload", {
          sessionId,
          useStructuredOutput,
        });
        await this.persistAiDebugSnapshot({
          phase: "request",
          ...requestRecord,
        });
      }
    
      /**
       * Log prompt response payload
       */
      async logPromptResponsePayload(
        sessionId: string,
        response: any,
        durationSeconds: number,
        useStructuredOutput: boolean,
      ): Promise<void> {
        const requestRecord = this.promptDebugBySession.get(sessionId);
        const responseRecord: Record<string, unknown> = {
          timestamp: new Date().toISOString(),
          sessionId,
          useStructuredOutput,
          durationSeconds,
          status: response?.response?.status,
          hasData: Boolean(response?.data),
          hasError: Boolean(response?.error),
          error: this.sanitizeDebugPayload(response?.error),
          data: this.sanitizeDebugPayload(response?.data),
        };
    
        const combined: Record<string, unknown> = {
          phase: "response",
          request: requestRecord,
          response: responseRecord,
        };
        this.logger.info("AI DEBUG response payload", {
          sessionId,
          useStructuredOutput,
          status: responseRecord.status,
          hasData: responseRecord.hasData,
          hasError: responseRecord.hasError,
        });
        this.logger.debug("AI DEBUG response payload", {
          sessionId,
          useStructuredOutput,
          status: responseRecord.status,
          hasData: responseRecord.hasData,
          hasError: responseRecord.hasError,
        });
        await this.persistAiDebugSnapshot(combined);
        this.promptDebugBySession.delete(sessionId);
      }
    
      /**
       * Check if verbose stream debug is enabled
       */
      private shouldVerboseStreamDebug(): boolean {
        const level = vscode.workspace
          .getConfiguration("opencode.logging")
          .get<string>("level", "info");
        return typeof level === "string" && level.toLowerCase() === "debug";
      }
    }
    
    
    /* FILE: E:\Projects\vscode-opencode\src\providers\chat\StructuredOutputProcessor.ts */
    
    /**
     * StructuredOutputProcessor Module
     *
     * Handles all structured output parsing, normalization, validation,
     * and message enrichment.
     *
     * Extracted from ChatViewProvider.ts (~900 lines across multiple sections)
     */
    
    import type {
      StructuredAssistantOutput,
    } from "./types";
    import {
      structuredOutputSchema,
    } from "../../shared/structuredOutputSchema";
    import {
      sanitizeStructuredOutput,
      validateStructuredOutput,
    } from "../../shared/structuredOutputValidator";
    import { STRUCTURED_RESPONSE_TYPES } from "./types";
    import type { PlanManager } from "./PlanManager";
    import { PlanParser } from "../../services/PlanParser";
    
    export class StructuredOutputProcessor {
      private structuredOutputMode: "format" | "outputFormat" | "disabled" = "format";
      private readonly structuredValidationFailureCounters = new Map<string, number>();
      private readonly structuredOutputIncompatibleModelKeys = new Set<string>();
    
      constructor(
        private logger: ReturnType<typeof import("../../utils/Logger").createLogger>,
        private asRecord: (value: unknown) => Record<string, unknown> | undefined,
        private firstNonEmptyString: (...values: unknown[]) => string | undefined,
        private planManager: PlanManager,
      ) { }
    
      private persistPlan(
        content: string,
        preferredPath?: string,
      ): Promise<string | undefined> {
        return this.planManager.persistPlan(content, preferredPath);
      }
    
      /**
       * Get the structured output format for API requests
       */
      getStructuredOutputFormat(): Record<string, unknown> {
        const topLevel = structuredOutputSchema as unknown as Record<string, unknown>;
        const schemaRecord = this.asRecord(topLevel.schema);
        const properties = this.asRecord(schemaRecord?.properties) ?? {};
        const required = Array.isArray(schemaRecord?.required)
          ? (schemaRecord?.required as string[]).filter(
            (item) => typeof item === "string" && item.trim().length > 0,
          )
          : ["responseType"];
        const allOf = Array.isArray(schemaRecord?.allOf)
          ? schemaRecord.allOf
          : undefined;
    
        // Send a docs-style minimal JSON schema to maximize compatibility across providers.
        return {
          type: "json_schema",
          retryCount:
            typeof topLevel.retryCount === "number" ? topLevel.retryCount : 1,
          schema: {
            type: "object",
            properties,
            required,
            ...(allOf ? { allOf } : {}),
          },
        };
      }
    
      /**
       * Check if structured output should be used for the given model
       */
      shouldUseStructuredOutput(modelKey: string): boolean {
        if (this.structuredOutputMode === "disabled") {
          return false;
        }
        if (this.structuredOutputIncompatibleModelKeys.has(modelKey)) {
          return false;
        }
        return true;
      }
    
      /**
       * Get the structured output model key
       */
      getStructuredOutputModelKey(modelKey: string): string {
        if (this.structuredOutputMode === "outputFormat") {
          return modelKey;
        }
        return modelKey;
      }
    
      /**
       * Get the selected structured output model key
       */
      getSelectedStructuredOutputModelKey(): string | undefined {
        return undefined;
      }
    
      /**
       * Check if text is likely a tool call transcript
       */
      isLikelyToolCallTranscript(text: string): boolean {
        if (!text || typeof text !== "string") return false;
        const lower = text.toLowerCase().trim();
        if (lower.length < 50) return false;
    
        const toolCallIndicators = [
          "tool call",
          "tool_calls",
          "function call",
          "function_calls",
          "tooluse",
          "tool use",
          "tool result",
          "tool_output",
          "tool output",
        ];
    
        const hasToolCallPrefix = toolCallIndicators.some((indicator) =>
          lower.startsWith(indicator)
        );
    
        if (hasToolCallPrefix) return true;
    
        const hasJsonStructure =
          lower.includes("{") &&
          (lower.includes('"tool"') || lower.includes('"function"')) &&
          lower.includes('"name"');
    
        return hasJsonStructure;
      }
    
      /**
       * Normalize error candidate
       */
      normalizeErrorCandidate(value: unknown): string | undefined {
        if (typeof value === "string") {
          return value.trim();
        }
        const rec = this.asRecord(value);
        if (!rec) return undefined;
        return this.firstNonEmptyString(rec.message, rec.error, rec.detail);
      }
    
      /**
       * Check if message is a generic error message
       */
      isGenericErrorMessage(message: string): boolean {
        const genericPatterns = [
          "an error occurred",
          "something went wrong",
          "there was an error",
          "an error has occurred",
          "error processing your request",
          "unable to process",
          "failed to process",
        ];
        const lower = message.toLowerCase().trim();
        return genericPatterns.some((pattern) => lower.includes(pattern));
      }
    
      /**
       * Check if message is a structured output transport error
       */
      isStructuredOutputTransportError(message: string): boolean {
        const transportErrorPatterns = [
          "failed to parse structured output",
          "invalid structured output",
          "malformed structured output",
          "structured output validation failed",
          "unable to parse structured output",
        ];
        const lower = message.toLowerCase().trim();
        return transportErrorPatterns.some((pattern) => lower.includes(pattern));
      }
    
      /**
       * Check if message is a structured output failure message
       */
      isStructuredOutputFailureMessage(message: string): boolean {
        const failurePatterns = [
          "structured output failed",
          "failed to generate structured output",
          "could not produce structured output",
          "structured output error",
        ];
        const lower = message.toLowerCase().trim();
        return failurePatterns.some((pattern) => lower.includes(pattern));
      }
    
      /**
       * Check if message is likely an interactive await timeout error
       */
      isLikelyInteractiveAwaitTimeoutError(message: string): boolean {
        const timeoutPatterns = [
          "timeout",
          "timed out",
          "expired",
          "took too long",
          "exceeded time limit",
        ];
        const lower = message.toLowerCase().trim();
        return timeoutPatterns.some((pattern) => lower.includes(pattern));
      }
    
      /**
       * Check if stream payload has blocking interactive event
       */
      hasBlockingInteractiveInStreamPayload(event: unknown): boolean {
        const rec = this.asRecord(event);
        if (!rec) return false;
    
        const structured = this.asRecord(rec.structured);
        const structuredOutput = this.asRecord(rec.structuredOutput);
    
        const interactiveEvents =
          (Array.isArray(structured?.interactiveEvents)
            ? structured.interactiveEvents
            : undefined) ||
          (Array.isArray(structuredOutput?.interactiveEvents)
            ? structuredOutput.interactiveEvents
            : undefined);
    
        if (!interactiveEvents || interactiveEvents.length === 0) {
          return false;
        }
    
        const firstEvent = interactiveEvents[0];
        if (!firstEvent || typeof firstEvent !== "object") {
          return false;
        }
    
        const eventType = this.firstNonEmptyString(
          firstEvent.type,
          (firstEvent as Record<string, unknown>).question,
          (firstEvent as Record<string, unknown>).confirm,
        );
    
        return Boolean(eventType);
      }
    
      /**
       * Collect error message candidates from error object
       */
      collectErrorMessageCandidates(error: unknown): string[] {
        const candidates: string[] = [];
    
        if (!error) return candidates;
    
        const rec = this.asRecord(error);
        if (!rec) {
          if (typeof error === "string") {
            candidates.push(error);
          }
          return candidates;
        }
    
        const message = this.firstNonEmptyString(rec.message, rec.error);
        if (message) candidates.push(message);
    
        const details = rec.details;
        if (Array.isArray(details)) {
          for (const detail of details) {
            const msg = this.normalizeErrorCandidate(detail);
            if (msg) candidates.push(msg);
          }
        } else if (details) {
          const msg = this.normalizeErrorCandidate(details);
          if (msg) candidates.push(msg);
        }
    
        const response = this.asRecord(rec.response);
        if (response) {
          const responseMessage = this.firstNonEmptyString(
            response.message,
            response.error,
          );
          if (responseMessage) candidates.push(responseMessage);
        }
    
        return candidates;
      }
    
      /**
       * Extract error message from error object
       */
      extractErrorMessage(error: unknown, fallback: string): string {
        const candidates = this.collectErrorMessageCandidates(error);
        if (candidates.length === 0) return fallback;
        return candidates[0] || fallback;
      }
    
      /**
       * Collect normalized error messages
       */
      collectNormalizedErrorMessages(error: unknown): string[] {
        const candidates = this.collectErrorMessageCandidates(error);
        return candidates.filter((msg) => !this.isGenericErrorMessage(msg));
      }
    
      /**
       * Extract detailed error message
       */
      private extractDetailedErrorMessage(error: unknown, fallback: string): string {
        const normalized = this.collectNormalizedErrorMessages(error);
        if (normalized.length > 0) {
          const detailLines = normalized.map((detail) => `- ${detail}`);
          return `${fallback}\n\nDetails:\n${detailLines.join("\n")}`;
        }
        return this.extractErrorMessage(error, fallback);
      }
    
      /**
       * Check if part is a reasoning part
       */
      isReasoningPartLike(part: unknown): boolean {
        const rec = this.asRecord(part);
        if (!rec) return false;
        const type = this.firstNonEmptyString(rec.type);
        return Boolean(
          type &&
          (type.toLowerCase().includes("reasoning") ||
            type.toLowerCase().includes("thinking") ||
            typeof rec.reasoning !== "undefined" ||
            typeof rec.thought !== "undefined" ||
            typeof rec.thinking !== "undefined"),
        );
      }
    
      /**
       * Check if part is renderable text
       */
      isRenderableTextPart(part: unknown): boolean {
        const rec = this.asRecord(part);
        if (!rec) return false;
        const type = this.firstNonEmptyString(rec.type);
        if (!type) return true;
        return !this.isReasoningPartLike(part);
      }
    
      /**
       * Check if value is an interactive response type
       */
      isInteractiveResponseType(value: unknown): boolean {
        const str = String(value).toLowerCase().trim();
        return str === "question" || str === "interactive" || str === "confirm";
      }
    
      /**
       * Format question prompt for assistant
       */
      formatQuestionPromptForAssistant(question: string, options?: any[]): string {
        let prompt = `USER QUESTION: ${question}`;
    
        if (options && options.length > 0) {
          const optionsText = options
            .map((opt) => {
              const label = typeof opt === "string" ? opt : opt.label || opt.value || "";
              return `- ${label}`;
            })
            .join("\n");
          prompt += `\n\nOPTIONS:\n${optionsText}`;
        }
    
        return prompt;
      }
    
      /**
       * Derive question prompt from interactive payload
       */
      deriveQuestionPromptFromInteractivePayload(payload: {
        question: string;
        options?: any[];
      }): string {
        const { question, options } = payload;
        return this.formatQuestionPromptForAssistant(question, options);
      }
    
      /**
       * Check if body text is low value interactive text
       */
      isLowValueInteractiveBodyText(value: string): boolean {
        if (!value || typeof value !== "string") return false;
        const lower = value.toLowerCase().trim();
        const lowValuePhrases = [
          "please answer the question",
          "please select an option",
          "please choose",
          "please respond",
          "waiting for your response",
          "awaiting your input",
        ];
        return lowValuePhrases.some((phrase) => lower.includes(phrase));
      }
    
      /**
       * Check if content is a clarification questionnaire
       */
      isClarificationQuestionnaire(content: unknown): boolean {
        if (!content) return false;
        const rec = this.asRecord(content);
        if (!rec) return false;
    
        const interactiveEvents =
          (Array.isArray(rec.interactiveEvents) ? rec.interactiveEvents : undefined) ||
          (Array.isArray(rec.question) ? [{ type: "question", question: rec.question }] : undefined);
    
        if (!interactiveEvents || interactiveEvents.length === 0) {
          return false;
        }
    
        const hasQuestion = interactiveEvents.some(
          (event: any) => event.type === "question" || event.type === "confirm"
        );
    
        return hasQuestion;
      }
    
      /**
       * Extract message ID from message
       */
      extractMessageId(message: any): string | undefined {
        if (!message) return undefined;
        return this.firstNonEmptyString(
          message.id,
          message.messageId,
          message.message_id,
        );
      }
    
      /**
       * Check if message has structured subagent signal
       */
      hasStructuredSubagentSignal(messageRaw: unknown): boolean {
        const rec = this.asRecord(messageRaw);
        if (!rec) return false;
    
        const subagents = rec.subagents;
        if (Array.isArray(subagents) && subagents.length > 0) {
          return true;
        }
    
        const structured = this.asRecord(rec.structured);
        const structuredSubagents = structured?.subagents;
        if (Array.isArray(structuredSubagents) && structuredSubagents.length > 0) {
          return true;
        }
    
        return false;
      }
    
      /**
       * Normalize subagent status
       */
      normalizeSubagentStatus(status: unknown): string {
        if (!status) return "unknown";
        const str = String(status).toLowerCase().trim();
        const statusMap: Record<string, string> = {
          running: "running",
          active: "running",
          in_progress: "running",
          completed: "completed",
          done: "completed",
          finished: "completed",
          failed: "failed",
          error: "failed",
          cancelled: "cancelled",
          canceled: "cancelled",
          pending: "pending",
          queued: "pending",
        };
        return statusMap[str] || "unknown";
      }
    
      /**
       * Merge subagent entries
       */
      mergeSubagentEntries(
        existing: any[],
        updates: any[],
      ): any[] {
        const merged = [...existing];
        const existingById = new Map(
          existing
            .filter((subagent) => subagent?.id)
            .map((subagent) => [subagent.id, subagent])
        );
    
        for (const update of updates) {
          if (!update?.id) continue;
          const existingSubagent = existingById.get(update.id);
          if (existingSubagent) {
            const index = merged.indexOf(existingSubagent);
            if (index !== -1) {
              merged[index] = { ...existingSubagent, ...update };
            }
          } else {
            merged.push(update);
          }
        }
    
        return merged;
      }
    
      /**
       * Hydrate subagents from payload
       */
      hydrateSubagentsFromPayload(payload: {
        subagents?: any[];
        subagentsDelta?: any;
      }): any[] | undefined {
        const { subagents, subagentsDelta } = payload;
    
        if (!subagents && !subagentsDelta) {
          return undefined;
        }
    
        if (subagents && Array.isArray(subagents)) {
          return subagents;
        }
    
        if (subagentsDelta?.items && Array.isArray(subagentsDelta.items)) {
          return subagentsDelta.items;
        }
    
        return undefined;
      }
    
      /**
       * Resolve subagent payload session ID
       */
      resolveSubagentPayloadSessionId(payload: {
        sessionId?: string;
        childSessionId?: string;
      }): string | undefined {
        return this.firstNonEmptyString(
          payload.sessionId,
          payload.childSessionId,
        );
      }
    
      /**
       * Find latest subagent parent message ID for session
       */
      findLatestSubagentParentMessageIdForSession(
        sessionId: string,
        messages: any[],
      ): string | undefined {
        for (let i = messages.length - 1; i >= 0; i--) {
          const message = messages[i];
          if (!message) continue;
    
          const subagents = message.subagents;
          if (Array.isArray(subagents)) {
            for (const subagent of subagents) {
              if (subagent?.childSessionId === sessionId) {
                return this.extractMessageId(message);
              }
            }
          }
        }
        return undefined;
      }
    
      /**
       * Record structured validation failure
       */
      private recordStructuredValidationFailure(
        canonicalRec: Record<string, unknown>,
        errors: string[],
        diagnostics?: {
          source?: string;
          providerID?: string;
          modelID?: string;
        },
      ): void {
        const responseType = this.firstNonEmptyString(canonicalRec.responseType);
        if (!responseType) return;
    
        const providerID = diagnostics?.providerID || "unknown";
        const modelID = diagnostics?.modelID || "unknown";
        const key = `${responseType}|${providerID}/${modelID}`;
        const current = this.structuredValidationFailureCounters.get(key) || 0;
        this.structuredValidationFailureCounters.set(key, current + 1);
    
        if (current >= 3) {
          if (diagnostics?.modelID) {
            this.structuredOutputIncompatibleModelKeys.add(diagnostics.modelID);
          }
        }
    
        this.logger.warn("Structured output validation failure aggregate", {
          responseType,
          errors,
          source: diagnostics?.source,
          providerID: diagnostics?.providerID,
          modelID: diagnostics?.modelID,
          failureCount: current + 1,
        });
      }
    
      /**
       * Normalize structured output from raw response
       */
      normalizeStructuredOutput(
        raw: unknown,
        diagnostics?: {
          source?: string;
          providerID?: string;
          modelID?: string;
        },
      ): StructuredAssistantOutput | undefined {
        let value: unknown = raw;
        if (typeof value === "string") {
          try {
            value = JSON.parse(value);
          } catch {
            return undefined;
          }
        }
    
        const rec = this.asRecord(value);
        if (!rec) {
          return undefined;
        }
    
        const sanitizedRec = sanitizeStructuredOutput(rec);
    
        // Don't sanitize rec.plan separately - sanitizeStructuredOutput() is for
        // top-level structured output fields only. The plan object is already validated
        // by the schema and sanitizing it as a top-level object would strip its properties
        // (file, title, content, etc.) because those aren't valid top-level field names.
        this.logger.debug('Before plan preservation', {
          hasRecPlan: 'plan' in rec,
          recPlanType: typeof rec.plan,
          recPlanValue: rec.plan,
          hasSanitizedPlan: 'plan' in sanitizedRec,
          sanitizedPlanValue: sanitizedRec.plan
        });
    
        if (rec.plan && typeof rec.plan === 'object') {
          sanitizedRec.plan = rec.plan;
          const planRecord = rec.plan as Record<string, unknown>;
          this.logger.debug('Plan preserved', {
            planKeys: Object.keys(planRecord),
            hasFile: 'file' in planRecord,
            fileValue: planRecord.file
          });
        } else {
          this.logger.debug('Plan NOT preserved - condition failed', {
            hasRecPlan: 'plan' in rec,
            recPlanType: typeof rec.plan,
            recPlan: rec.plan
          });
        }
    
        const messageCandidate =
          this.firstNonEmptyString(sanitizedRec.message) ||
          (typeof rec.message === "string" ? rec.message : undefined);
    
        let responseTypeRaw =
          this.firstNonEmptyString(
            sanitizedRec.responseType,
            rec.type,
            rec.kind,
            rec.category,
          ) ||
          (messageCandidate ? "message" : undefined);
    
        if (responseTypeRaw?.toLowerCase() === "conversation") {
          responseTypeRaw = "message";
        }
        if (responseTypeRaw?.toLowerCase() === "interactive") {
          responseTypeRaw = "question";
        }
    
        if (
          responseTypeRaw &&
          !STRUCTURED_RESPONSE_TYPES.has(responseTypeRaw.toLowerCase())
        ) {
          responseTypeRaw = messageCandidate ? "message" : undefined;
        }
    
        if (!responseTypeRaw) {
          return undefined;
        }
    
        let canonicalRec: Record<string, unknown> = {
          ...sanitizedRec,
          responseType: responseTypeRaw,
        };
        if (
          messageCandidate &&
          !this.firstNonEmptyString(canonicalRec.message)
        ) {
          canonicalRec.message = messageCandidate;
        }
    
        let validation = validateStructuredOutput(canonicalRec);
        if (!validation.valid && messageCandidate) {
          canonicalRec = {
            responseType: "message",
            message: messageCandidate,
          };
          validation = validateStructuredOutput(canonicalRec);
        }
        if (!validation.valid) {
          this.logger.warn("Structured output validation failed", {
            errors: validation.errors,
            source: diagnostics?.source,
            providerID: diagnostics?.providerID,
            modelID: diagnostics?.modelID,
          });
          this.recordStructuredValidationFailure(
            canonicalRec,
            validation.errors,
            diagnostics,
          );
          return undefined;
        }
    
        const sanitizedCanonicalRec = sanitizeStructuredOutput(canonicalRec);
        const subagentsRaw =
          sanitizedCanonicalRec.subagents ?? (rec.spawnedSubagents as unknown);
        if (Array.isArray(subagentsRaw)) {
          sanitizedCanonicalRec.subagents = subagentsRaw;
        }
        const subagentsDeltaRaw =
          sanitizedCanonicalRec.subagentsDelta ?? (rec.subagents_delta as unknown);
        if (subagentsDeltaRaw && typeof subagentsDeltaRaw === "object") {
          sanitizedCanonicalRec.subagentsDelta = subagentsDeltaRaw;
        }
        const responseType = this.firstNonEmptyString(
          sanitizedCanonicalRec.responseType,
        );
        if (!responseType) {
          return undefined;
        }
    
        return sanitizedCanonicalRec as StructuredAssistantOutput;
      }
    
      /**
       * Create fallback message from structured output
       */
      createFallbackMessage(
        structured: StructuredAssistantOutput,
      ): string | undefined {
        if (!structured.responseType) return undefined;
    
        const { responseType, progressUpdates, interactiveEvents, plan } =
          structured;
    
        switch (responseType) {
          case "implementation_plan":
            return this.firstNonEmptyString(
              plan?.intro,
              plan?.summary,
              plan?.title,
            );
          case "progress_update":
            if (progressUpdates && progressUpdates.length > 0) {
              const titles = progressUpdates.map((p) => p.title).join(", ");
              return `Progress: ${titles}`;
            }
            return "📊 Working on tasks...";
          case "question": {
            const questionRecord = this.asRecord(structured.question);
            const displayPrompt = this.firstNonEmptyString(
              questionRecord?.displayPrompt,
            );
            if (displayPrompt) {
              return displayPrompt;
            }
            const questionPrompt = this.firstNonEmptyString(
              questionRecord?.question,
              questionRecord?.message,
              questionRecord?.content,
            );
            if (questionPrompt) {
              return questionPrompt;
            }
            if (interactiveEvents && interactiveEvents.length > 0) {
              const firstEvent = interactiveEvents[0];
              const firstEventRecord = this.asRecord(firstEvent);
              const eventDisplayPrompt = this.firstNonEmptyString(
                firstEventRecord?.displayPrompt,
              );
              if (eventDisplayPrompt) {
                return eventDisplayPrompt;
              }
              if (firstEvent.type === "question" && firstEvent.question) {
                return firstEvent.question;
              } else if (firstEvent.type === "confirm" && firstEvent.question) {
                return firstEvent.question;
              } else if (firstEvent.type === "message" && firstEvent.message) {
                return firstEvent.message;
              }
            }
            return "❓ Question for you";
          }
          case "subagents":
            return "🤖 Spawned subagents...";
          case "error":
            return "⚠️ An error occurred";
          case "message":
          default:
            return undefined;
        }
      }
    
      /**
       * Extract message body text
       */
      extractMessageBodyText(message: any): string {
        if (!message) return "";
    
        let rawText = "";
        if (typeof message.content === "string" && message.content.trim()) {
          rawText = message.content.trim();
        } else if (typeof message.text === "string" && message.text.trim()) {
          rawText = message.text.trim();
        } else if (Array.isArray(message.parts)) {
          rawText = message.parts
            .map((part: any) => {
              if (!part || typeof part !== "object") return "";
              if (
                part.type === "reasoning" ||
                part.type === "thinking" ||
                part.type === "thought" ||
                typeof part.reasoning !== "undefined" ||
                typeof part.thought !== "undefined" ||
                typeof part.thinking !== "undefined"
              ) {
                return "";
              }
              return (part.text || part.content || "").toString();
            })
            .join("")
            .trim();
        }
    
        if (this.isLikelyToolCallTranscript(rawText)) {
          return "";
        }
        return rawText;
      }
    
      /**
       * Extract structured output from message
       */
      extractStructuredOutput(message: any): StructuredAssistantOutput | undefined {
        if (!message) return undefined;
    
        const candidates = [
          message.structuredOutput,
          message.structured_output,
          message.info?.structuredOutput,
          message.info?.structured_output,
          message.info?.structured,
        ];
    
        for (const candidate of candidates) {
          if (candidate) {
            const normalized = this.normalizeStructuredOutput(candidate);
            if (normalized) {
              return normalized;
            }
          }
        }
    
        return undefined;
      }
    
      /**
       * Apply structured output to message
       */
      applyStructuredOutputToMessage(
        message: any,
        structured: StructuredAssistantOutput,
      ): any {
        if (!message || !structured) return message;
    
        const updated = { ...message };
    
        if (structured.message && !updated.message) {
          updated.message = structured.message;
        }
    
        if (structured.subagents && structured.subagents.length > 0) {
          updated.subagents = this.mergeSubagentEntries(
            updated.subagents || [],
            structured.subagents,
          );
        }
    
        if (structured.progressUpdates && structured.progressUpdates.length > 0) {
          updated.progressUpdates = [
            ...(updated.progressUpdates || []),
            ...structured.progressUpdates,
          ];
        }
    
        if (structured.interactiveEvents && structured.interactiveEvents.length > 0) {
          updated.interactiveEvents = [
            ...(updated.interactiveEvents || []),
            ...structured.interactiveEvents,
          ];
        }
    
        if (structured.plan && !updated.plan) {
          updated.plan = structured.plan;
        }
    
        if (structured.question && !updated.question) {
          updated.question = structured.question;
        }
    
        if (structured.reasoning && structured.reasoning.length > 0) {
          updated.reasoning = [...(updated.reasoning || []), ...structured.reasoning];
        }
    
        updated.structuredOutput = structured;
        updated.hasStructuredOutput = true;
    
        return updated;
      }
    
      /**
       * Enrich stream event with structured output
       */
      enrichStreamEvent(event: any): any {
        if (!event) return event;
    
        const enriched = { ...event };
        const properties = enriched.properties || {};
        const part = properties.part || {};
    
        const structuredCandidate =
          part.structured ||
          part.structured_output ||
          properties.structured ||
          properties.structured_output;
    
        if (structuredCandidate) {
          const normalized = this.normalizeStructuredOutput(structuredCandidate);
          if (normalized) {
            enriched.structured = normalized;
            enriched.structuredOutput = normalized;
            enriched.hasStructuredOutput = true;
          }
        }
    
        return enriched;
      }
    
      /**
       * Enrich message with plan information
       */
      enrichMessageWithPlan(message: any): any {
        if (!message) return message;
    
        const role = message?.info?.role || message?.role;
        if (typeof role === "string" && role.toLowerCase() !== "assistant") {
          return message;
        }
    
        const structured = this.extractStructuredOutput(message);
    
        const structuredResponseType = this.firstNonEmptyString(
          structured?.responseType,
          message?.structuredOutput?.responseType,
        );
        const hasInteractiveEvents =
          (Array.isArray(structured?.interactiveEvents) &&
            structured.interactiveEvents.length > 0) ||
          (Array.isArray(message?.interactiveEvents) &&
            message.interactiveEvents.length > 0);
        const isInteractiveClarificationResponse =
          this.isInteractiveResponseType(structuredResponseType) &&
          hasInteractiveEvents;
    
        if (isInteractiveClarificationResponse) {
          if (message.plan) {
            this.logger.debug("Plan suppressed", {
              source: "enrichMessageWithPlan",
              reason: "interactive-wins",
              responseType: structuredResponseType || "unknown",
              hasInteractiveEvents: !!hasInteractiveEvents,
              isClarification: false,
            });
            const nextMessage = { ...message };
            delete nextMessage.plan;
            return nextMessage;
          }
          return message;
        }
    
        if (structured) {
          const structuredPlanRecord = this.asRecord(structured.plan);
          const structuredPlanContent = this.firstNonEmptyString(
            structuredPlanRecord?.content,
          );
          const structuredPlanFiles =
            this.planManager.collectPlanFileCandidatesFromStructuredPlan(structuredPlanRecord);
          const structuredPlanFile = structuredPlanFiles[0];
    
          // DEBUG: Log what we got from the structured output
          this.logger.debug('Structured Plan Data', {
            structuredPlanRecord,
            structuredPlanFiles,
            structuredPlanFile,
            hasFile: !!structuredPlanRecord?.file,
            rawStructuredPlan: structured.plan,  // ← Add raw data
            allStructuredKeys: Object.keys(structured || {})  // ← Show all keys
          });
    
          // Resolve the plan filename: prefer what the agent declared in structured
          // output, then look for a matching filename in the message edits/patches,
          // then from markdown references. The viewer reads this to load the live
          // file from disk so the user sees the exact content the agent wrote.
          const editsForPlan: any[] = message.edits || [];
          const partsForPlan: any[] = message.parts || [];
          const fileCandidatesFromEditsAndParts: string[] = [];
          for (const edit of editsForPlan) {
            if (this.planManager.isLikelyPlanMarkdownFile(edit?.file)) {
              fileCandidatesFromEditsAndParts.push(edit.file);
            }
          }
          for (const part of partsForPlan) {
            if (part?.type !== "patch" || !Array.isArray(part.files)) {
              continue;
            }
            for (const patchFile of part.files) {
              if (this.planManager.isLikelyPlanMarkdownFile(patchFile)) {
                fileCandidatesFromEditsAndParts.push(patchFile);
              }
            }
          }
          const mergedPlanFiles = this.planManager.prioritizePlanFileCandidates([
            ...structuredPlanFiles,
            ...fileCandidatesFromEditsAndParts,
            ...this.planManager.extractMarkdownFileReferences(structuredPlanContent),
            ...this.planManager.extractMarkdownFileReferences(structuredPlanRecord?.summary),
            ...this.planManager.extractMarkdownFileReferences(structuredPlanRecord?.title),
          ]);
          const resolvedPlanFile = mergedPlanFiles[0];
    
          // DEBUG: Log the plan file extraction
          this.logger.debug('Plan File Extraction', {
            structuredPlanFile: structuredPlanFiles[0],
            mergedPlanFilesCount: mergedPlanFiles.length,
            resolvedPlanFile,
            fallbackPlanFile: resolvedPlanFile,
            hasPlanContent: !!structuredPlanContent,
            planContentLength: structuredPlanContent?.length || 0
          });
          const resolvedPlanTitle = this.planManager.resolvePlanTitle({
            plan: { title: this.firstNonEmptyString(structuredPlanRecord?.title) },
            fallback: this.firstNonEmptyString(structuredPlanRecord?.summary),
            planFile: resolvedPlanFile,
          });
          const fallbackPlanFile = resolvedPlanFile;
    
          if (
            structuredPlanContent &&
            typeof structuredPlanContent === "string" &&
            structuredPlanContent.length >= 200
          ) {
            if (this.isClarificationQuestionnaire(structuredPlanContent)) {
              return message;
            }
            if (!resolvedPlanFile) {
              this.persistPlan(
                structuredPlanContent,
                fallbackPlanFile,
              ).catch((err) => {
                this.logger.error("Failed to auto-persist structured plan", {}, err as Error);
              });
            }
    
            return {
              ...message,
              structuredOutput: structured,
              plan: {
                file: fallbackPlanFile,
                content: structuredPlanContent,
                title: resolvedPlanTitle,
                summary: this.firstNonEmptyString(structuredPlanRecord?.summary),
                files:
                  mergedPlanFiles.length > 0
                    ? mergedPlanFiles
                    : fallbackPlanFile
                      ? [fallbackPlanFile]
                      : undefined,
                fileCount:
                  mergedPlanFiles.length > 0
                    ? mergedPlanFiles.length
                    : fallbackPlanFile
                      ? 1
                      : 0,
              },
            };
          }
    
          if (
            structuredResponseType === "implementation_plan" &&
            structuredPlanFile
          ) {
            // Preserve structured file-only plans so the webview "View Plan" action
            // can open the plan tab directly from disk.
            return {
              ...message,
              structuredOutput: structured,
              plan: {
                file: fallbackPlanFile,
                title: resolvedPlanTitle,
                summary: this.firstNonEmptyString(structuredPlanRecord?.summary),
                files:
                  mergedPlanFiles.length > 0
                    ? mergedPlanFiles
                    : fallbackPlanFile
                      ? [fallbackPlanFile]
                      : undefined,
                fileCount:
                  mergedPlanFiles.length > 0
                    ? mergedPlanFiles.length
                    : fallbackPlanFile
                      ? 1
                      : 0,
              },
            };
          }
        }
    
        // Only honor implementation plans when the structured payload explicitly
        // declares responseType="implementation_plan".
        if (structuredResponseType !== "implementation_plan") {
          if (message.plan) {
            const nextMessage = { ...message };
            delete nextMessage.plan;
            return nextMessage;
          }
          return message;
        }
    
        // Check for implementation plan in edits, parts, or message content
        const edits = message.edits || [];
        const parts = message.parts || [];
        const info = message.info || {};
    
        // 1. Gather text body and fallback plan-like content in message summary,
        // parts, or plain content.
        const partsContent = parts
          .filter((p: any) => this.isRenderableTextPart(p)) // ignore reasoning parts directly
          .map((p: any) => {
            let c = p.text || p.content || "";
            if (p.files && Array.isArray(p.files)) c += " " + p.files.join(" ");
            return c;
          })
          .join(" ");
    
        // 2. Check for explicit markdown filenames in edits/parts/text.
        const extractedPlanFiles = this.planManager.prioritizePlanFileCandidates([
          ...edits
            .map((e: any) => this.firstNonEmptyString(e?.file))
            .filter(
              (file: unknown): file is string =>
                !!file && this.planManager.isLikelyPlanMarkdownFile(file),
            ),
          ...parts
            .filter((p: any) => p.type === "patch" && Array.isArray(p.files))
            .flatMap((p: any) =>
              (p.files as unknown[])
                .map((f) => this.firstNonEmptyString(f))
                .filter(
                  (file: unknown): file is string =>
                    !!file && this.planManager.isLikelyPlanMarkdownFile(file),
                ),
            ),
          ...this.planManager.extractMarkdownFileReferences(message?.content),
          ...this.planManager.extractMarkdownFileReferences(info.summary?.title),
          ...this.planManager.extractMarkdownFileReferences(info.summary?.body),
          ...this.planManager.extractMarkdownFileReferences(partsContent),
        ]);
        const hasPlanFile = extractedPlanFiles.length > 0;
    
        const fullContent =
          (info.summary?.title || "") +
          " " +
          (info.summary?.body || "") +
          " " +
          (message.content || "") +
          " " +
          partsContent;
    
        // Broadened regex to catch more variations of "Implementation Plan"
        // Also check if the title itself strongly indicates a plan
        const basicPlanKeywordMatch =
          /implementation\s*plan/i.test(fullContent) ||
          /goal\s*description/i.test(fullContent) ||
          /proposed\s*changes/i.test(fullContent) ||
          /implementation_plan\.md/i.test(fullContent) ||
          (/(plan|roadmap)/i.test(info.summary?.title || "") &&
            /(implementation|feature)/i.test(info.summary?.title || ""));
    
        // Require structural markers to avoid false positives from short mentions
        const hasStructuralMarkers =
          /##\s|###\s|- \[ \]|Files:|Steps:|Goal:/i.test(fullContent) ||
          // Long content is likely a real plan even if markers are missing
          fullContent.length > 500;
    
        const hasPlanKeywords = basicPlanKeywordMatch && hasStructuralMarkers;
        const looksLikeClarificationQuestions =
          this.isClarificationQuestionnaire(fullContent);
    
        // If the content looks like a clarification questionnaire, never promote it
        // into an implementation plan. If a plan was already attached, strip it.
        if (looksLikeClarificationQuestions) {
          if (message.plan) {
            this.logger.debug("Plan suppressed", {
              source: "enrichMessageWithPlan",
              reason: "clarification-detected",
              responseType: structuredResponseType || "unknown",
              hasInteractiveEvents: !!hasInteractiveEvents,
              isClarification: true,
            });
            const nextMessage = { ...message };
            delete nextMessage.plan;
            return nextMessage;
          }
          return message;
        }
    
        if (hasPlanFile || hasPlanKeywords) {
          // Extract and clean the plan content using the PlanParser
          let rawContent = message.content || partsContent;
    
          // If the AI structured output placed the overarching title in the summary but not the text, inject it as the H1
          const summaryTitle = info.summary?.title;
          if (summaryTitle && !rawContent.includes(summaryTitle)) {
            rawContent = `# ${summaryTitle}\n\n${rawContent}`;
          }
    
          const parsed = PlanParser.parse(rawContent);
          const cleanPlanContent = PlanParser.toMarkdown(parsed);
          const existingStructured = this.asRecord(message.structuredOutput);
          const existingStructuredPlan = this.asRecord(existingStructured?.plan);
          const resolvedPlanTitle = this.planManager.resolvePlanTitle({
            plan: {
              title: this.firstNonEmptyString(
                existingStructuredPlan?.title,
                message?.plan?.title,
              ),
            },
            fallback: parsed.goal,
            planFile: extractedPlanFiles[0],
          });
          const fallbackPlanFile = extractedPlanFiles[0];
    
          // PERSISTENCE: Automatically save the cleaned plan to disk.
          // This ensures handleViewPlan can read it even if the SDK didn't write it.
          // We only persist if it actually looks like a valid plan (has a goal or files/steps).
          if (
            cleanPlanContent.length > 100 &&
            (parsed.goal || parsed.files.length > 0 || parsed.steps.length > 0)
          ) {
            if (!extractedPlanFiles[0]) {
              this.persistPlan(
                cleanPlanContent,
                fallbackPlanFile,
              ).catch((err) => {
                this.logger.error("Failed to auto-persist cleaned plan", {}, err as Error);
              });
            }
          }
    
          const nextMessage = {
            ...message,
            plan: {
              file: fallbackPlanFile,
              content: cleanPlanContent,
              title: resolvedPlanTitle,
              intro: this.firstNonEmptyString(existingStructuredPlan?.intro, parsed.description),
              summary: parsed.description,
              files:
                extractedPlanFiles.length > 0
                  ? extractedPlanFiles
                  : fallbackPlanFile
                    ? [fallbackPlanFile]
                    : undefined,
              fileCount:
                parsed.files.length ||
                extractedPlanFiles.length ||
                (fallbackPlanFile ? 1 : 0),
            },
          };
          const nextStructured: Record<string, unknown> = existingStructured
            ? { ...existingStructured }
            : {};
          nextStructured.responseType = "implementation_plan";
          nextStructured.plan = {
            ...(existingStructuredPlan || {}),
            file:
              fallbackPlanFile ??
              this.firstNonEmptyString(existingStructuredPlan?.file),
            files:
              extractedPlanFiles.length > 0
                ? extractedPlanFiles
                : fallbackPlanFile
                  ? [fallbackPlanFile]
                  : existingStructuredPlan?.files,
            content: cleanPlanContent,
            title: resolvedPlanTitle,
            intro: this.firstNonEmptyString(existingStructuredPlan?.intro, parsed.description),
            summary:
              parsed.description ||
              this.firstNonEmptyString(existingStructuredPlan?.summary),
          };
          nextMessage.structuredOutput = nextStructured;
          if (message?.structuredOutput?.responseType !== "implementation_plan") {
            const planIntro = this.firstNonEmptyString(
              nextStructured.message,
              this.asRecord(nextStructured.plan)?.intro,
              this.asRecord(nextStructured.plan)?.summary,
            );
            if (planIntro) {
              nextStructured.message = planIntro;
              nextMessage.content = planIntro;
              const parts = Array.isArray(nextMessage.parts)
                ? [...nextMessage.parts]
                : [];
              const textIndex = parts.findIndex(
                (part: any) => this.isRenderableTextPart(part),
              );
              if (textIndex >= 0) {
                parts[textIndex] = {
                  ...parts[textIndex],
                  type: "text",
                  text: planIntro,
                };
              } else {
                parts.push({ type: "text", text: planIntro });
              }
              nextMessage.parts = parts;
            }
          }
          return nextMessage;
        }
    
        return message;
      }
    }
    
    
    /* FILE: E:\Projects\vscode-opencode\src\providers\chat\PlanManager.ts */
    
    /**
     * PlanManager Module
     *
     * Handles plan file detection, persistence, viewing, and file candidate resolution.
     *
     * Extracted from ChatViewProvider.ts (~450 lines)
     */
    
    import * as vscode from "vscode";
    import * as path from "path";
    import * as fs from "fs/promises";
    import { LoggingCategories } from "../../utils/LoggingSchema";
    
    export class PlanManager {
      constructor(
        private logger: ReturnType<typeof import("../../utils/Logger").createLogger>,
        private firstNonEmptyString: (...values: unknown[]) => string | undefined,
        private workspaceState: vscode.Memento,
      ) { }
    
      /**
       * Check if text is a plan proceed message
       */
      isPlanProceedMessageText(value: unknown): boolean {
        if (!value) return false;
        const str = String(value).toLowerCase().trim();
        return str === "/plan:proceed" || str.startsWith("/plan:proceed ");
      }
    
      /**
       * Normalize plan proceed user message
       */
      normalizePlanProceedUserMessage(message: any): any {
        if (!message) return message;
    
        const text = this.firstNonEmptyString(message.text, message.content);
        if (!text) return message;
    
        if (!this.isPlanProceedMessageText(text)) {
          return message;
        }
    
        const normalized = { ...message };
    
        const parts = text.split(/\s+/, 2);
        const command = parts[0] || "";
        const rest = parts[1] || "";
    
        if (rest && command) {
          const trimmedRest = rest.trim();
          const quoteMatches = trimmedRest.match(/^["'](.+)["']$/);
          const commentText = quoteMatches ? quoteMatches[1] : trimmedRest;
    
          normalized.planProceedComment = {
            id: `pp_${Date.now()}_${Math.random().toString(36).substr(2, 9)}`,
            text: commentText,
            createdAt: Date.now(),
            anchor: {
              startLine: 0,
              endLine: 0,
              selectedText: commentText,
            },
          };
        }
    
        normalized.text = "/plan:proceed";
        if (normalized.content) {
          normalized.content = "/plan:proceed";
        }
    
        return normalized;
      }
    
      /**
       * Check if plan title is generic
       */
      isGenericPlanTitle(value: unknown): boolean {
        if (!value) return false;
        const str = String(value).toLowerCase().trim();
        const genericTitles = [
          "implementation plan",
          "plan",
          "project plan",
          "development plan",
          "the plan",
          "my plan",
        ];
        return genericTitles.includes(str);
      }
    
      /**
       * Derive plan title from file path
       */
      derivePlanTitleFromFilePath(filePath: unknown): string | undefined {
        const normalized = this.normalizePlanFileReference(filePath);
        if (!normalized) return undefined;
    
        const fileName = path.basename(normalized);
        const withoutExt = fileName.replace(/\.md$/i, "");
    
        const cleaned = withoutExt
          .replace(/^implementation[_-]?plan[_-]?/i, "")
          .replace(/^plan[_-]?/i, "")
          .replace(/[_-]plan$/i, "")
          .replace(/[_-]\d{8,}$/, "")
          .trim();
    
        if (!cleaned) return undefined;
    
        const title = cleaned
          .replace(/[-_]+/g, " ")
          .replace(/\b\w/g, (c) => c.toUpperCase())
          .trim();
    
        return title || undefined;
      }
    
      /**
       * Resolve plan title from various sources
       */
      resolvePlanTitle(options: {
        plan?: { title?: string; file?: string };
        planFile?: string;
        fallback?: string;
      }): string | undefined {
        if (options.plan?.title && !this.isGenericPlanTitle(options.plan.title)) {
          return options.plan.title;
        }
    
        if (options.planFile) {
          const derived = this.derivePlanTitleFromFilePath(options.planFile);
          if (derived) return derived;
        }
    
        if (options.plan?.file) {
          const derived = this.derivePlanTitleFromFilePath(options.plan.file);
          if (derived) return derived;
        }
    
        if (options.fallback && !this.isGenericPlanTitle(options.fallback)) {
          return options.fallback;
        }
    
        return undefined;
      }
    
      /**
       * Persist plan content to disk
       */
      async persistPlan(
        content: string,
        preferredPath?: string,
      ): Promise<string | undefined> {
        const flow = this.logger.startFeatureFlow('PersistPlan', {
          hasContent: !!content,
          contentLength: content.length,
          preferredPath,
        });
    
        try {
          const normalizedContent = this.firstNonEmptyString(content);
          if (!normalizedContent) {
            this.logger.endFeatureFlow(flow, { status: 'skipped', reason: 'No content' });
            return undefined;
          }
    
          this.logger.featureStep(flow, 'normalizing_paths');
          const normalizedPreferred = this.normalizePlanFileReference(preferredPath);
          const resolvedPreferred = normalizedPreferred
            ? this.resolvePlanFileCandidates(normalizedPreferred)[0] ||
            path.normalize(normalizedPreferred)
            : undefined;
          const resolvedPath = resolvedPreferred;
          if (!resolvedPath) {
            this.logger.endFeatureFlow(flow, { status: 'failed', reason: 'No valid path' });
            return undefined;
          }
    
          this.logger.featureStep(flow, 'creating_directory', { path: path.dirname(resolvedPath) });
          const normalizedPath = path.normalize(resolvedPath);
          await vscode.workspace.fs.createDirectory(
            vscode.Uri.file(path.dirname(normalizedPath)),
          );
    
          this.logger.featureStep(flow, 'writing_file', { path: normalizedPath });
          await vscode.workspace.fs.writeFile(
            vscode.Uri.file(normalizedPath),
            new TextEncoder().encode(normalizedContent),
          );
    
          this.logger.info("Auto-persisted plan", { path: normalizedPath });
          this.logger.endFeatureFlow(flow, { status: 'completed' });
          return normalizedPath;
        } catch (err) {
          this.logger.error(`Failed to persist plan: ${err instanceof Error ? err.message : String(err)}`, { path: preferredPath });
          this.logger.endFeatureFlow(flow, { status: 'failed' });
          return undefined;
        }
      }
    
      /**
       * Normalize plan file reference
       */
      private normalizePlanFileReference(file: unknown): string | undefined {
        const raw = this.firstNonEmptyString(file);
        if (!raw) {
          return undefined;
        }
    
        let value = raw.trim();
        if (!value) {
          return undefined;
        }
    
        if (value.startsWith("file://")) {
          try {
            const uri = vscode.Uri.parse(value);
            if (uri.scheme === "file" && uri.fsPath) {
              value = uri.fsPath;
            }
          } catch {
            // Keep string cleanup fallback below.
          }
        }
    
        // Strip common markdown wrappers around file paths.
        value = value
          .replace(/^`+|`+$/g, "")
          .replace(/^"+|"+$/g, "")
          .replace(/^'+|'+$/g, "")
          .replace(/^<+|>+$/g, "")
          .replace(/^\(+|\)+$/g, "")
          .trim();
    
        return value || undefined;
      }
    
      /**
       * Check if file is likely a plan markdown file
       */
      isLikelyPlanMarkdownFile(file: unknown): boolean {
        const normalized = this.normalizePlanFileReference(file);
        if (!normalized || !normalized.toLowerCase().endsWith(".md")) {
          return false;
        }
        const lower = normalized.replace(/\\/g, "/").toLowerCase();
        if (lower.includes("/node_modules/")) {
          return false;
        }
        if (
          /(^|\/)implementation_plan_comments_[^/]+\.md$/.test(lower) ||
          /(^|\/)[^/]+_comments\.md$/.test(lower)
        ) {
          return false;
        }
        const isPlanDirectoryPath =
          /(^|\/)\.?plans?\//.test(lower) || /(^|\/)planning\//.test(lower);
        return (
          isPlanDirectoryPath ||
          /(^|\/)implementation_plan(?:_[a-z0-9-]+)?\.md$/.test(lower) ||
          /(^|\/)plans?\//.test(lower) ||
          lower.includes("plan")
        );
      }
    
      /**
       * Get plan file candidate score
       */
      getPlanFileCandidateScore(filePath: string): number {
        const normalized = filePath.replace(/\\/g, "/").toLowerCase();
        let score = 0;
        const isPlanDirectoryPath =
          /(^|\/)\.?plans?\//.test(normalized) || /(^|\/)planning\//.test(normalized);
        if (isPlanDirectoryPath) {
          score += 60;
        }
    
        if (normalized.includes("plan")) {
          score += 50;
        }
    
        if (/(^|\/)implementation_plan\.md$/.test(normalized)) {
          score += 40;
        }
    
        if (/(^|\/)implementation_plan_[a-z0-9-]+\.md$/.test(normalized)) {
          score += 35;
        }
    
        if (/(^|\/)plans?\//.test(normalized)) {
          score += 30;
        }
    
        const depth = (normalized.match(/\//g) || []).length;
        score -= depth * 2;
    
        if (normalized.includes("/node_modules/")) {
          score -= 1000;
        }
    
        if (normalized.includes("/.git/")) {
          score -= 1000;
        }
    
        return Math.max(0, score);
      }
    
      /**
       * Prioritize plan file candidates
       */
      prioritizePlanFileCandidates(candidates: Array<unknown>, explicitFiles?: Set<string>): string[] {
        const normalizedCandidates = candidates
          .map((c) => this.normalizePlanFileReference(c))
          .filter((c): c is string => Boolean(c));
    
        const scored = normalizedCandidates.map((filePath) => ({
          filePath,
          score: this.getPlanFileCandidateScore(filePath),
          isExplicit: explicitFiles?.has(filePath),
        }));
    
        scored.sort((a, b) => {
          if (a.isExplicit && !b.isExplicit) return -1;
          if (!a.isExplicit && b.isExplicit) return 1;
          return b.score - a.score;
        });
    
        return scored.map((s) => s.filePath);
      }
    
      /**
       * Collect plan file candidates from structured plan
       */
      collectPlanFileCandidatesFromStructuredPlan(structured: any): string[] {
        const candidates: string[] = [];
    
        // DEBUG: Log input to trace file property
        this.logger.debug('collectPlanFileCandidatesFromStructuredPlan INPUT', {
          hasStructured: !!structured,
          type: typeof structured,
          keys: structured ? Object.keys(structured) : [],
          hasFile: structured && 'file' in structured,
          fileValue: structured?.file,
          hasFiles: structured && 'files' in structured,
          filesValue: structured?.files,
          fullObject: structured ? JSON.stringify(structured, null, 2) : 'undefined'
        });
    
        // structured is the plan object itself (with file, title, content, etc.)
        // not the parent structured output object
        if (structured?.file) {
          const normalized = this.normalizePlanFileReference(structured.file);
          if (normalized) {
            candidates.push(normalized);
          }
        }
    
        if (structured?.files && Array.isArray(structured.files)) {
          for (const file of structured.files) {
            const normalized = this.normalizePlanFileReference(file);
            if (normalized && !candidates.includes(normalized)) {
              candidates.push(normalized);
            }
          }
        }
    
        this.logger.debug('collectPlanFileCandidatesFromStructuredPlan OUTPUT', {
          candidatesCount: candidates.length,
          candidates: candidates,
          firstCandidate: candidates[0]
        });
    
        return candidates;
      }
    
      /**
       * Resolve plan file candidates
       */
      resolvePlanFileCandidates(planFile: string): string[] {
        const normalized = this.normalizePlanFileReference(planFile);
        if (!normalized) {
          return [];
        }
    
        const candidates: string[] = [];
    
        candidates.push(normalized);
    
        const workspaceFolder = vscode.workspace.workspaceFolders?.[0];
        if (workspaceFolder && workspaceFolder.uri.scheme === "file") {
          const workspacePath = workspaceFolder.uri.fsPath;
          const absolutePath = path.isAbsolute(normalized)
            ? normalized
            : path.join(workspacePath, normalized);
    
          if (absolutePath !== normalized) {
            candidates.push(absolutePath);
          }
    
          if (!normalized.endsWith(".md")) {
            candidates.push(`${normalized}.md`);
            candidates.push(`${absolutePath}.md`);
          }
        }
    
        return Array.from(new Set(candidates));
      }
    
      /**
       * Read plan file from disk
       */
      private async readPlanFileFromDisk(filePath: string): Promise<string | undefined> {
        try {
          const normalized = path.normalize(filePath);
          const content = await vscode.workspace.fs.readFile(
            vscode.Uri.file(normalized),
          );
          return Buffer.from(content).toString("utf-8");
        } catch {
          return undefined;
        }
      }
    
      /**
       * Extract markdown file references from text
       */
      extractMarkdownFileReferences(text: unknown): string[] {
        if (!text) return [];
        const str = String(text);
    
        const markdownLinkPattern = /\[([^\]]+)\]\(([^)]+\.md)\)/gi;
        const markdownLinkRefPattern = /^\[([^\]]+)\]:\s*(.+\.md)$/gmi;
        const codeBlockPattern = /```[\s\S]*?```/g;
        const inlineCodePattern = /`[^`]+`/g;
        const plainMdPattern = /\b[\w-]+\.md\b/gi;
    
        const cleaned = str
          .replace(codeBlockPattern, "")
          .replace(inlineCodePattern, "");
    
        const references = new Set<string>();
    
        let match;
        while ((match = markdownLinkPattern.exec(cleaned)) !== null) {
          const filePath = match[2];
          const normalized = this.normalizePlanFileReference(filePath);
          if (normalized) {
            references.add(normalized);
          }
        }
    
        while ((match = markdownLinkRefPattern.exec(str)) !== null) {
          const filePath = match[2];
          const normalized = this.normalizePlanFileReference(filePath);
          if (normalized) {
            references.add(normalized);
          }
        }
    
        while ((match = plainMdPattern.exec(cleaned)) !== null) {
          const filePath = match[0];
          const normalized = this.normalizePlanFileReference(filePath);
          if (normalized) {
            references.add(normalized);
          }
        }
    
        return Array.from(references);
      }
    
      /**
       * Discover likely plan file candidates
       */
      async discoverLikelyPlanFileCandidates(): Promise<string[]> {
        const flow = this.logger.startFeatureFlow('DiscoverPlanFiles', {});
    
        const workspaceFolder = vscode.workspace.workspaceFolders?.[0];
        if (!workspaceFolder || workspaceFolder.uri.scheme !== "file") {
          this.logger.endFeatureFlow(flow, { status: 'skipped', reason: 'No valid workspace folder' });
          return [];
        }
    
        const workspacePath = workspaceFolder.uri.fsPath;
        this.logger.featureStep(flow, 'workspace_valid', { workspacePath });
    
        try {
          this.logger.featureStep(flow, 'searching_for_plan_files');
          const startTime = Date.now();
          const planFiles = await vscode.workspace.findFiles(
            new vscode.RelativePattern(workspaceFolder, "**/*plan*.md"),
            "**/{node_modules,.git,dist,build}/**",
          );
          this.logger.featureStep(flow, 'files_found', {
            count: planFiles.length,
            duration: Date.now() - startTime,
          });
    
          const scored = planFiles
            .map((uri) => uri.fsPath)
            .filter((filePath) => this.isLikelyPlanMarkdownFile(filePath))
            .map((filePath) => ({
              filePath,
              score: this.getPlanFileCandidateScore(filePath),
            }))
            .filter((item) => item.score > 0)
            .sort((a, b) => b.score - a.score)
            .slice(0, 10)
            .map((item) => item.filePath);
    
          this.logger.info("Plan file discovery completed", {
            totalFound: planFiles.length,
            afterScoring: scored.length,
            topCandidates: scored.slice(0, 3),
          });
    
          this.logger.endFeatureFlow(flow, {
            status: 'completed',
            totalCandidates: scored.length,
            duration: Date.now() - startTime,
          });
          return scored;
        } catch (err) {
          this.logger.error("Plan file discovery failed", { workspacePath }, err as Error);
          this.logger.endFeatureFlow(flow, { status: 'failed', error: String(err) });
          return [];
        }
      }
    
      /**
       * Handle view plan command
       */
      async handleViewPlan(plan: {
        file?: string;
        content?: string;
        title?: string;
        summary?: string;
        files?: any[];
        fileCount?: number;
      }): Promise<void> {
        if (!plan) {
          return;
        }
    
        const normalizedPlanFile = this.normalizePlanFileReference(plan.file);
        const fileCandidates = normalizedPlanFile
          ? this.resolvePlanFileCandidates(normalizedPlanFile)
          : [];
    
        const explicitFiles = new Set<string>();
        if (normalizedPlanFile) {
          explicitFiles.add(normalizedPlanFile);
        }
        if (Array.isArray(plan.files)) {
          for (const file of plan.files) {
            const normalized = this.normalizePlanFileReference(file);
            if (normalized) {
              explicitFiles.add(normalized);
            }
          }
        }
    
        const prioritizedCandidates = this.prioritizePlanFileCandidates(fileCandidates, explicitFiles);
        if (!normalizedPlanFile) {
          prioritizedCandidates.push(
            ...(await this.discoverLikelyPlanFileCandidates()),
          );
        }
    
        let resolvedFile: string | undefined;
        let planData: string | undefined;
    
        for (const candidate of prioritizedCandidates) {
          planData = await this.readPlanFileFromDisk(candidate);
          if (planData) {
            resolvedFile = candidate;
            break;
          }
        }
    
        if (!planData && prioritizedCandidates.length > 0) {
          void vscode.window.showErrorMessage(
            `Could not read plan file: ${normalizedPlanFile ?? prioritizedCandidates[0]}`,
          );
          return;
        }
    
        if (
          !planData &&
          prioritizedCandidates.length === 0 &&
          plan.content &&
          typeof plan.content === "string"
        ) {
          planData = plan.content;
        }
    
        if (!planData) {
          this.logger.warn("No plan content available to view", {
            planFile: normalizedPlanFile,
            candidates: prioritizedCandidates.slice(0, 5),
          });
          return;
        }
    
        const planTitle = this.resolvePlanTitle({
          plan,
          planFile: resolvedFile,
        });
    
        // Use VSCode command to show plan in PlanViewProvider panel
        await vscode.commands.executeCommand("opencode.showPlan", {
          content: planData,
          title: planTitle,
          sourceFile: resolvedFile,
        });
      }
    }
    
    
    /* FILE: E:\Projects\vscode-opencode\src\providers\chat\SubagentPersistence.ts */
    
    /**
     * SubagentPersistence Module
     *
     * Handles persisting/loading subagent snapshots and building payloads from messages.
     *
     * Extracted from ChatViewProvider.ts (~250 lines)
     */
    
    import * as vscode from "vscode";
    import type { SubagentTracker } from "../../services/SubagentTracker";
    import type { SubagentUpdatePayload } from "../../services/SubagentTracker";
    
    export class SubagentPersistence {
      private static readonly SUBAGENT_SNAPSHOT_PREFIX =
        "opencode.session.subagents.";
    
      constructor(
        private workspaceState: vscode.Memento,
        private subagentTracker: SubagentTracker,
        private logger: ReturnType<typeof import("../../utils/Logger").createLogger>,
        private asRecord: (value: unknown) => Record<string, unknown> | undefined,
        private firstNonEmptyString: (...values: unknown[]) => string | undefined,
        private normalizeSubagentStatus: (status: unknown) => string,
        private mergeSubagentEntries: (existing: any[], updates: any[]) => any[],
        private hydrateSubagentsFromPayload: (
          parentMessageId: string,
          payload: SubagentUpdatePayload,
          sessionId: string,
        ) => any[],
        private resolveSubagentPayloadSessionId: (payload: {
          summariesByParentMessageId?: Record<string, unknown>;
          sessionId?: string;
          childSessionId?: string;
        }) => string | undefined,
      ) { }
    
      /**
       * Get storage key for subagent snapshot
       */
      getSubagentSnapshotStorageKey(sessionId: string): string {
        return `${SubagentPersistence.SUBAGENT_SNAPSHOT_PREFIX}${sessionId}`;
      }
    
      /**
       * Normalize subagent payload
       */
      normalizeSubagentPayload(
        payload: unknown,
      ): SubagentUpdatePayload {
        const rec = this.asRecord(payload) || {};
        const summariesByParentMessageId =
          this.asRecord(rec.summariesByParentMessageId) || {};
        const detailsById = this.asRecord(rec.detailsById) || {};
        return {
          summariesByParentMessageId:
            summariesByParentMessageId as SubagentUpdatePayload["summariesByParentMessageId"],
          detailsById: detailsById as SubagentUpdatePayload["detailsById"],
        };
      }
    
      /**
       * Merge subagent payloads
       */
      mergeSubagentPayloads(
        existing: SubagentUpdatePayload,
        incoming: SubagentUpdatePayload,
      ): SubagentUpdatePayload {
        const mergedSummaries: Record<string, unknown[]> = {};
        const existingSummaries =
          this.asRecord(existing.summariesByParentMessageId) || {};
        const incomingSummaries =
          this.asRecord(incoming.summariesByParentMessageId) || {};
        const parentMessageIds = new Set<string>([
          ...Object.keys(existingSummaries),
          ...Object.keys(incomingSummaries),
        ]);
        for (const parentMessageId of Array.from(parentMessageIds)) {
          const merged = this.mergeSubagentEntries(
            Array.isArray(existingSummaries[parentMessageId]) ? existingSummaries[parentMessageId] as any[] : [],
            Array.isArray(incomingSummaries[parentMessageId])
              ? (incomingSummaries[parentMessageId] as Array<Record<string, unknown>>)
              : [],
          );
          if (merged.length > 0) {
            mergedSummaries[parentMessageId] = merged;
          }
        }
    
        const mergedDetails: Record<string, unknown> = {};
        const existingDetails = this.asRecord(existing.detailsById) || {};
        const incomingDetails = this.asRecord(incoming.detailsById) || {};
        const detailIds = new Set<string>([
          ...Object.keys(existingDetails),
          ...Object.keys(incomingDetails),
        ]);
        for (const detailId of Array.from(detailIds)) {
          const prev = this.asRecord(existingDetails[detailId]) || {};
          const next = this.asRecord(incomingDetails[detailId]) || {};
          mergedDetails[detailId] = {
            ...prev,
            ...next,
            id: this.firstNonEmptyString(next.id, prev.id, detailId) || detailId,
          };
        }
    
        return {
          summariesByParentMessageId:
            mergedSummaries as SubagentUpdatePayload["summariesByParentMessageId"],
          detailsById: mergedDetails as SubagentUpdatePayload["detailsById"],
        };
      }
    
      /**
       * Load persisted subagent snapshot
       */
      async loadPersistedSubagentSnapshot(
        sessionId: string,
      ): Promise<SubagentUpdatePayload | null> {
        const raw = this.workspaceState.get<unknown>(
          this.getSubagentSnapshotStorageKey(sessionId),
        );
        if (!raw) {
          return null;
        }
        const normalized = this.normalizeSubagentPayload(raw);
        const hasEntries =
          Object.keys(normalized.summariesByParentMessageId || {}).length > 0 ||
          Object.keys(normalized.detailsById || {}).length > 0;
        return hasEntries ? normalized : null;
      }
    
      /**
       * Save persisted subagent snapshot
       */
      async savePersistedSubagentSnapshot(
        sessionId: string,
        payload: SubagentUpdatePayload,
      ): Promise<void> {
        await this.workspaceState.update(
          this.getSubagentSnapshotStorageKey(sessionId),
          payload,
        );
      }
    
      /**
       * Clear persisted subagent snapshot
       */
      async clearPersistedSubagentSnapshot(
        sessionId: string,
      ): Promise<void> {
        await this.workspaceState.update(
          this.getSubagentSnapshotStorageKey(sessionId),
          undefined,
        );
      }
    
      /**
       * Persist subagent live state
       */
      async persistSubagentLiveState(
        sessionId: string,
        payload: SubagentUpdatePayload,
      ): Promise<SubagentUpdatePayload> {
        const existing = await this.loadPersistedSubagentSnapshot(sessionId);
        const merged = existing
          ? this.mergeSubagentPayloads(existing, payload)
          : payload;
        await this.savePersistedSubagentSnapshot(sessionId, merged);
        return merged;
      }
    
      /**
       * Build subagent payload from message
       */
      buildSubagentPayloadFromMessage(
        messageRaw: unknown,
        fallbackSessionId: string,
      ): SubagentUpdatePayload | null {
        const message = this.asRecord(messageRaw);
        if (!message) {
          return null;
        }
        const info = this.asRecord(message.info);
        const messageId = this.firstNonEmptyString(
          info?.id,
          message.id,
          message.messageID,
        );
        const subagentsRaw = Array.isArray(message.subagents)
          ? message.subagents
          : [];
        if (!messageId || subagentsRaw.length === 0) {
          return null;
        }
    
        const summaries: Array<Record<string, unknown>> = [];
        const detailsById: Record<string, unknown> = {};
    
        for (const subagentRaw of subagentsRaw) {
          const subagent = this.asRecord(subagentRaw);
          if (!subagent) {
            continue;
          }
          const id = this.firstNonEmptyString(subagent.id);
          if (!id) {
            continue;
          }
          const parentSessionId = this.firstNonEmptyString(
            subagent.parentSessionId,
            fallbackSessionId,
          );
          const parentMessageId = this.firstNonEmptyString(
            subagent.parentMessageId,
            messageId,
          );
          if (!parentSessionId || !parentMessageId) {
            continue;
          }
    
          const normalized: Record<string, unknown> = {
            ...subagent,
            id,
            parentSessionId,
            parentMessageId,
            status: this.normalizeSubagentStatus(subagent.status),
            latestActivity:
              this.firstNonEmptyString(
                subagent.latestActivity,
                subagent.description,
              ) || "Subagent update",
          };
          if (!Array.isArray(normalized.references)) {
            normalized.references = [];
          }
          if (!Array.isArray(normalized.progressEvents)) {
            normalized.progressEvents = [];
          }
          if (!Array.isArray(normalized.thinkingEvents)) {
            normalized.thinkingEvents = [];
          }
          if (!Array.isArray(normalized.timelineEvents)) {
            normalized.timelineEvents = [];
          }
    
          summaries.push({
            id,
            parentSessionId,
            parentMessageId,
            childSessionId: normalized.childSessionId,
            agentId: normalized.agentId,
            providerID: normalized.providerID,
            modelID: normalized.modelID,
            startedAt: normalized.startedAt,
            endedAt: normalized.endedAt,
            durationMs: normalized.durationMs,
            status: normalized.status,
            latestActivity: normalized.latestActivity,
            references: normalized.references,
          });
          detailsById[id] = normalized;
        }
    
        if (summaries.length === 0) {
          return null;
        }
    
        return {
          summariesByParentMessageId: {
            [messageId]: summaries as SubagentUpdatePayload["summariesByParentMessageId"][string],
          } as SubagentUpdatePayload["summariesByParentMessageId"],
          detailsById: detailsById as SubagentUpdatePayload["detailsById"],
        };
      }
    
      /**
       * Persist subagent update snapshot
       */
      async persistSubagentUpdateSnapshot(
        payload: {
          summariesByParentMessageId?: Record<string, unknown>;
          detailsById?: Record<string, unknown>;
        },
        currentSessionId: string | undefined,
        sessionService: any,
        postMessage: (msg: any) => void,
      ): Promise<void> {
        const summariesMap = this.asRecord(payload.summariesByParentMessageId) || {};
        const parentMessageIds = Object.keys(summariesMap).filter(Boolean);
        if (parentMessageIds.length === 0) {
          return;
        }
    
        const sessionId =
          this.resolveSubagentPayloadSessionId(payload) || currentSessionId;
        if (!sessionId) {
          return;
        }
    
        const normalizedPayload = this.normalizeSubagentPayload(payload);
        await this.persistSubagentLiveState(sessionId, normalizedPayload);
    
        const cachedMessages = await sessionService.loadSessionMessages(
          sessionId,
        );
        if (!Array.isArray(cachedMessages) || cachedMessages.length === 0) {
          return;
        }
    
        let hasChanges = false;
        const nextMessages = cachedMessages.map((rawMessage: any) => {
          const message = this.asRecord(rawMessage);
          if (!message) {
            return rawMessage;
          }
    
          const info = this.asRecord(message.info);
          const messageId = this.firstNonEmptyString(
            info?.id,
            message.id,
            message.messageID,
          );
          if (!messageId || !parentMessageIds.includes(messageId)) {
            return rawMessage;
          }
    
          const incomingSubagents = this.hydrateSubagentsFromPayload(
            messageId,
            normalizedPayload,
            sessionId,
          );
          if (incomingSubagents.length === 0) {
            return rawMessage;
          }
    
          const mergedSubagents = this.mergeSubagentEntries(
            Array.isArray(message.subagents) ? message.subagents as any[] : [],
            incomingSubagents,
          );
          const nextMessage: Record<string, unknown> = {
            ...message,
            subagents: mergedSubagents,
          };
          hasChanges = true;
          return nextMessage;
        });
    
        if (!hasChanges) {
          return;
        }
    
        await sessionService.saveSessionMessages(sessionId, nextMessages);
      }
    
      /**
       * Sync subagent snapshot for session
       */
      async syncSubagentSnapshotForSession(
        sessionId: string,
        messages: any[],
      ): Promise<SubagentUpdatePayload> {
        this.subagentTracker.resetForSession(sessionId);
        this.subagentTracker.seedFromMessages(messages);
        const trackerSnapshot = this.subagentTracker.getSnapshotPayload();
        const persistedSnapshot =
          await this.loadPersistedSubagentSnapshot(sessionId);
        const mergedSnapshot = persistedSnapshot
          ? this.mergeSubagentPayloads(persistedSnapshot, trackerSnapshot)
          : trackerSnapshot;
        // Note: postMessage callback will be set by the shell
        // this.view?.webview.postMessage({
        //   type: "subagentSnapshot",
        //   ...mergedSnapshot,
        // });
        await this.savePersistedSubagentSnapshot(sessionId, mergedSnapshot);
        return mergedSnapshot;
      }
    }
    
    
    /* FILE: E:\Projects\vscode-opencode\src\providers\chat\CompactionManager.ts */
    
    /**
     * CompactionManager Module
     *
     * Handles context compaction lifecycle, persistence, and UI state management.
     *
     * Extracted from ChatViewProvider.ts (~300 lines)
     */
    
    import * as vscode from "vscode";
    import type { OpencodeServerManager } from "../../services/OpencodeServerManager";
    import type { CompactionBaselineStats, PersistedCompactionViewState } from "./types";
    
    export class CompactionManager {
      private static readonly COMPACTION_VIEW_STATE_PREFIX =
        "opencode.session.compaction-view.";
    
      private compactingSessions = new Set<string>();
    
      constructor(
        private workspaceState: vscode.Memento,
        private serverManager: OpencodeServerManager,
        private logger: ReturnType<typeof import("../../utils/Logger").createLogger>,
        private asRecord: (value: unknown) => Record<string, unknown> | undefined,
        private firstNonEmptyString: (...values: unknown[]) => string | undefined,
        private processHistoryMessages: (messages: any[], sessionId: string) => Promise<any[]>,
      ) {
        // postMessage callback will be set by shell
        this.postMessage = () => { };
      }
    
      private postMessage: (msg: any) => void;
    
      setPostMessage(fn: (msg: any) => void): void {
        this.postMessage = fn;
      }
    
      /**
       * Get storage key for compaction view state
       */
      getCompactionViewStateStorageKey(sessionId: string): string {
        return `${CompactionManager.COMPACTION_VIEW_STATE_PREFIX}${sessionId}`;
      }
    
      /**
       * Normalize compaction baseline stats
       */
      normalizeCompactionBaselineStats(
        value: unknown,
      ): CompactionBaselineStats | undefined {
        const rec = this.asRecord(value);
        if (!rec) {
          return undefined;
        }
    
        const normalize = (raw: unknown): number | undefined =>
          typeof raw === "number" && Number.isFinite(raw) && raw >= 0
            ? Math.floor(raw)
            : undefined;
    
        const input = normalize(rec.input);
        const output = normalize(rec.output);
        const read = normalize(rec.read);
        const write = normalize(rec.write);
        const duration = normalize(rec.duration);
    
        if (
          input === undefined &&
          output === undefined &&
          read === undefined &&
          write === undefined &&
          duration === undefined
        ) {
          return undefined;
        }
    
        return {
          input: input ?? 0,
          output: output ?? 0,
          read: read ?? 0,
          write: write ?? 0,
          duration: duration ?? 0,
        };
      }
    
      /**
       * Normalize compaction view state
       */
      normalizeCompactionViewState(
        value: unknown,
      ): PersistedCompactionViewState | null {
        const rec = this.asRecord(value);
        if (!rec) {
          return null;
        }
    
        const next: PersistedCompactionViewState = {};
        if (
          typeof rec.lastCompactedAt === "number" &&
          Number.isFinite(rec.lastCompactedAt) &&
          rec.lastCompactedAt > 0
        ) {
          next.lastCompactedAt = Math.floor(rec.lastCompactedAt);
        }
        const baselineStats = this.normalizeCompactionBaselineStats(
          rec.baselineStats,
        );
        if (baselineStats) {
          next.baselineStats = baselineStats;
        }
        if (
          typeof rec.compactionDividerIndex === "number" &&
          Number.isFinite(rec.compactionDividerIndex) &&
          rec.compactionDividerIndex >= 0
        ) {
          next.compactionDividerIndex = Math.floor(rec.compactionDividerIndex);
        }
        const dividerBeforeMessageId = this.firstNonEmptyString(
          rec.compactionDividerBeforeMessageId,
        );
        if (dividerBeforeMessageId) {
          next.compactionDividerBeforeMessageId = dividerBeforeMessageId;
        }
        const dividerAfterMessageId = this.firstNonEmptyString(
          rec.compactionDividerAfterMessageId,
        );
        if (dividerAfterMessageId) {
          next.compactionDividerAfterMessageId = dividerAfterMessageId;
        }
        if (typeof rec.collapsed === "boolean") {
          next.collapsed = rec.collapsed;
        }
    
        return Object.keys(next).length > 0 ? next : null;
      }
    
      /**
       * Load persisted compaction view state
       */
      async loadPersistedCompactionViewState(
        sessionId: string,
      ): Promise<PersistedCompactionViewState | null> {
        const raw = this.workspaceState.get<unknown>(
          this.getCompactionViewStateStorageKey(sessionId),
        );
        return this.normalizeCompactionViewState(raw);
      }
    
      /**
       * Save persisted compaction view state
       */
      async savePersistedCompactionViewState(
        sessionId: string,
        state: PersistedCompactionViewState,
      ): Promise<void> {
        await this.workspaceState.update(
          this.getCompactionViewStateStorageKey(sessionId),
          state,
        );
      }
    
      /**
       * Clear persisted compaction view state
       */
      async clearPersistedCompactionViewState(
        sessionId: string,
      ): Promise<void> {
        await this.workspaceState.update(
          this.getCompactionViewStateStorageKey(sessionId),
          undefined,
        );
      }
    
      /**
       * Post compaction view state to webview
       */
      postCompactionViewState(
        sessionId: string,
        state: PersistedCompactionViewState,
      ): void {
        this.postMessage({
          type: "compactionViewState",
          sessionId,
          ...state,
        });
      }
    
      /**
       * Send persisted compaction view state to webview
       */
      async sendPersistedCompactionViewState(
        sessionId: string,
      ): Promise<void> {
        const state = await this.loadPersistedCompactionViewState(sessionId);
        if (!state) {
          return;
        }
        this.postCompactionViewState(sessionId, state);
      }
    
      /**
       * Resolve session compaction divider state
       */
      async resolveSessionCompactionDividerState(
        sessionId: string,
        sessionService: any,
      ): Promise<{
        compactionDividerIndex?: number;
        compactionDividerBeforeMessageId?: string;
        compactionDividerAfterMessageId?: string;
      }> {
        try {
          const rawMessages = await sessionService.getMessages(sessionId);
          const messages = Array.isArray(rawMessages)
            ? await this.processHistoryMessages(rawMessages, sessionId)
            : [];
    
          const state = await this.loadPersistedCompactionViewState(sessionId);
          if (!state) {
            return {};
          }
    
          const dividerIndex = state.compactionDividerIndex;
          if (dividerIndex === undefined || dividerIndex < 0 || dividerIndex >= messages.length) {
            return {};
          }
    
          const beforeMessage = messages[dividerIndex];
          const afterMessage = messages[dividerIndex + 1];
    
          return {
            compactionDividerIndex: dividerIndex,
            compactionDividerBeforeMessageId: this.firstNonEmptyString(
              beforeMessage?.id,
              beforeMessage?.messageId,
            ),
            compactionDividerAfterMessageId: this.firstNonEmptyString(
              afterMessage?.id,
              afterMessage?.messageId,
            ),
          };
        } catch {
          return {};
        }
      }
    
      /**
       * Post compaction status
       */
      postCompactionStatus(payload: {
        sessionId: string;
        status: string;
        error?: string;
        compacted?: boolean;
        baselineStats?: CompactionBaselineStats;
        compactionDividerBeforeMessageId?: string;
        compactionDividerAfterMessageId?: string;
      }): void {
        this.postMessage({
          type: "compactionStatus",
          ...payload,
        });
      }
    
      /**
       * Persist and publish compaction view state
       */
      async persistAndPublishCompactionViewState(
        sessionId: string,
        state: PersistedCompactionViewState,
      ): Promise<void> {
        await this.savePersistedCompactionViewState(sessionId, state);
        this.postCompactionViewState(sessionId, state);
      }
    
      /**
       * Handle set compaction view state
       */
      async handleSetCompactionViewState(message: {
        sessionId: string;
        collapsed?: boolean;
        compactionDividerIndex?: number;
        compactionDividerBeforeMessageId?: string;
        compactionDividerAfterMessageId?: string;
      }): Promise<void> {
        const { sessionId, collapsed } = message;
        const state = await this.loadPersistedCompactionViewState(sessionId);
        if (!state) {
          return;
        }
        state.collapsed = collapsed;
        if (
          typeof message.compactionDividerIndex === "number" &&
          Number.isFinite(message.compactionDividerIndex) &&
          message.compactionDividerIndex >= 0
        ) {
          state.compactionDividerIndex = Math.floor(message.compactionDividerIndex);
        }
        const dividerBefore = this.firstNonEmptyString(
          message.compactionDividerBeforeMessageId,
        );
        if (dividerBefore) {
          state.compactionDividerBeforeMessageId = dividerBefore;
        }
        const dividerAfter = this.firstNonEmptyString(
          message.compactionDividerAfterMessageId,
        );
        if (dividerAfter) {
          state.compactionDividerAfterMessageId = dividerAfter;
        }
        await this.persistAndPublishCompactionViewState(sessionId, state);
      }
    
      /**
       * Resolve compaction session ID
       */
      async resolveCompactionSessionId(message: {
        sessionId?: string;
        compactSession?: string;
      }): Promise<string | undefined> {
        if (message.sessionId) {
          return message.sessionId;
        }
        if (message.compactSession) {
          return message.compactSession;
        }
        return undefined;
      }
    
      /**
       * Get selected model context limit
       */
      getSelectedModelContextLimit(): number | undefined {
        // This will be provided by the shell via callback
        return undefined;
      }
    
      /**
       * Maybe auto compact session
       */
      async maybeAutoCompact(
        sessionId: string,
        responseData: any,
        sessionService: any,
      ): Promise<void> {
        if (!responseData?.usage) {
          return;
        }
    
        const contextLimit = this.getSelectedModelContextLimit();
        if (!contextLimit) {
          return;
        }
    
        const totalTokens = (responseData.usage.inputTokens || 0) +
          (responseData.usage.totalTokens || 0) +
          (responseData.usage.prompt_tokens || 0);
    
        const threshold = Math.floor(contextLimit * 0.8);
        if (totalTokens < threshold) {
          return;
        }
    
        if (this.compactingSessions.has(sessionId)) {
          return;
        }
    
        this.logger.info("Auto-compaction threshold reached", {
          sessionId,
          totalTokens,
          threshold,
          contextLimit,
        });
    
        await this.handleCompactSession(
          sessionId,
          { auto: true, threshold: totalTokens },
          sessionService,
        );
      }
    
      /**
       * Handle compact session
       */
      async handleCompactSession(
        sessionId: string,
        options: { auto?: boolean; threshold?: number },
        sessionService: any,
      ): Promise<void> {
        if (this.compactingSessions.has(sessionId)) {
          this.logger.warn("Compaction already in progress", { sessionId });
          return;
        }
    
        this.compactingSessions.add(sessionId);
    
        try {
          const dividerState = await this.resolveSessionCompactionDividerState(
            sessionId,
            sessionService,
          );
    
          this.postCompactionStatus({
            sessionId,
            status: "running",
          });
    
          const response = await this.serverManager.compactSession(sessionId);
    
          if (!response?.data) {
            throw new Error("No data in compaction response");
          }
    
          const baselineStats = this.normalizeCompactionBaselineStats(
            (response.data as Record<string, unknown>)?.baselineStats,
          );
    
          const state: PersistedCompactionViewState = {
            lastCompactedAt: Date.now(),
            baselineStats,
            collapsed: false,
            compactionDividerIndex: dividerState.compactionDividerIndex,
            compactionDividerBeforeMessageId:
              dividerState.compactionDividerBeforeMessageId,
            compactionDividerAfterMessageId:
              dividerState.compactionDividerAfterMessageId,
          };
    
          await this.persistAndPublishCompactionViewState(sessionId, state);
    
          this.postCompactionStatus({
            sessionId,
            status: "done",
            compacted: true,
            baselineStats,
            compactionDividerBeforeMessageId:
              dividerState.compactionDividerBeforeMessageId,
            compactionDividerAfterMessageId:
              dividerState.compactionDividerAfterMessageId,
          });
    
          this.logger.info("Session compacted successfully", {
            sessionId,
            auto: options.auto,
            baselineStats,
          });
        } catch (error) {
          const errorMessage = error instanceof Error ? error.message : String(error);
          this.logger.error("Session compaction failed", {
            sessionId,
            error: errorMessage,
          });
    
          this.postCompactionStatus({
            sessionId,
            status: "error",
            error: errorMessage,
          });
        } finally {
          this.compactingSessions.delete(sessionId);
        }
      }
    
      /**
       * Forward compaction status from stream event
       */
      forwardCompactionStatusFromStreamEvent(event: unknown): void {
        const rec = this.asRecord(event);
        if (!rec) return;
    
        const sessionId = this.firstNonEmptyString(
          rec.sessionId,
          rec.sessionID,
        );
        if (!sessionId) return;
    
        const status = this.firstNonEmptyString(rec.status);
        const normalizedStatus = status === "completed" ? "done" : status;
        const compacted = rec.compacted === true;
        const error = this.firstNonEmptyString(rec.error);
        const baselineStats = this.normalizeCompactionBaselineStats(rec.baselineStats);
        const compactionDividerBeforeMessageId = this.firstNonEmptyString(
          rec.compactionDividerBeforeMessageId,
        );
        const compactionDividerAfterMessageId = this.firstNonEmptyString(
          rec.compactionDividerAfterMessageId,
        );
    
        if (
          !normalizedStatus &&
          !compacted &&
          !error &&
          !baselineStats &&
          !compactionDividerBeforeMessageId &&
          !compactionDividerAfterMessageId
        ) {
          return;
        }
    
        this.postCompactionStatus({
          sessionId,
          status: normalizedStatus || "unknown",
          compacted,
          error,
          baselineStats,
          compactionDividerBeforeMessageId,
          compactionDividerAfterMessageId,
        });
      }
    }
    
    
    /* FILE: E:\Projects\vscode-opencode\src\providers\chat\HistoryProcessor.ts */
    
    /**
     * HistoryProcessor Module
     *
     * All logic for transforming raw SDK messages into renderable history for the webview.
     *
     * Extracted from ChatViewProvider.ts (~750 lines)
     */
    
    import * as vscode from "vscode";
    import type { StructuredOutputProcessor } from "./StructuredOutputProcessor";
    import type { StructuredAssistantOutput } from "./types";
    
    export class HistoryProcessor {
      constructor(
        private workspaceState: vscode.Memento,
        private logger: ReturnType<typeof import("../../utils/Logger").createLogger>,
        private structuredOutputProcessor: StructuredOutputProcessor,
        private asRecord: (value: unknown) => Record<string, unknown> | undefined,
        private firstNonEmptyString: (...values: unknown[]) => string | undefined,
        private isLikelyToolCallTranscript: (text: string) => boolean,
        private extractMessageBodyText: (message: any) => string,
        private planManager?: any,
      ) { }
    
      /**
       * Normalize plan-proceed user messages
       */
      private normalizePlanProceedUserMessage(message: any): any {
        if (!this.planManager) return message;
        return this.planManager.normalizePlanProceedUserMessage(message);
      }
    
      /**
       * Apply structured output to message
       */
      private applyStructuredOutputToMessage(
        message: any,
        options?: { allowSyntheticFallbackError?: boolean },
      ): any {
        if (!message) return message;
    
        // Detect abort errors early
        const messageInfoError = message?.info?.error ?? message?.error;
        if (messageInfoError?.name === "MessageAbortedError") {
          return { ...message, aborted: true };
        }
    
        // Get role
        const role = this.firstNonEmptyString(
          message?.info?.role,
          message?.role,
        )?.toLowerCase();
    
        // System messages get a default structured output
        if (role === "system") {
          return {
            ...message,
            responseType: "system",
            structuredOutput: {
              responseType: "system",
            },
          };
        }
    
        // Extract any structured output from the message
        const structured = this.structuredOutputProcessor.extractStructuredOutput(message);
    
        if (!structured) {
          // No structured output - return message with default
          const bodyText = this.extractMessageBodyText(message);
          if (role === "assistant" && bodyText) {
            return {
              ...message,
              structuredOutput: {
                responseType: "message",
                message: bodyText,
              },
              content: bodyText,
            };
          }
          return message;
        }
    
        // Apply the extracted structured output to the message
        return this.structuredOutputProcessor.applyStructuredOutputToMessage(
          message,
          structured,
        ) || message;
      }
    
      /**
       * Enrich message with plan information
       */
      private enrichMessageWithPlan(message: any): any {
        return this.structuredOutputProcessor.enrichMessageWithPlan(message);
      }
    
      /**
       * Get storage key for message overrides
       */
      getMessageOverrideStorageKey(messageId: string): string {
        return `opencode.messageOverride.${messageId}`;
      }
    
      /**
       * Load session message overrides
       */
      async loadSessionMessageOverrides(sessionId: string): Promise<Record<string, any>> {
        const key = `opencode.session.messageOverrides.${sessionId}`;
        const raw = this.workspaceState.get<Record<string, any>>(key);
        return raw || {};
      }
    
      /**
       * Persist session message override
       */
      async persistSessionMessageOverride(
        sessionId: string,
        override: any,
      ): Promise<void> {
        const overrides = await this.loadSessionMessageOverrides(sessionId);
        const messageId = this.extractHistoryMessageId(override);
        if (messageId) {
          overrides[messageId] = override;
        }
        const key = `opencode.session.messageOverrides.${sessionId}`;
        await this.workspaceState.update(key, overrides);
      }
    
      /**
       * Persist the final assistant debug message override for session hydration parity.
       * Ensures rawResponse is retained on reload so the hydrated view matches the live session view.
       */
      async handleSendMessage(session: { id: string }, debugMessage: any, duration: number): Promise<void> {
        await this.persistSessionMessageOverride(session.id, {
          ...debugMessage,
          timing: {
            duration: duration,
          },
        });
      }
    
      /**
       * Apply session message overrides to messages
       */
      async applySessionMessageOverrides(
        sessionId: string,
        messages: any[],
      ): Promise<any[]> {
        const overrides = await this.loadSessionMessageOverrides(sessionId);
        if (Object.keys(overrides).length === 0) {
          return messages;
        }
    
        return messages.map((message) => {
          const messageId = this.extractHistoryMessageId(message);
          if (!messageId || !overrides[messageId]) {
            return message;
          }
    
          const override = overrides[messageId];
          return {
            ...message,
            ...override,
            id: messageId,
          };
        });
      }
    
      /**
       * Clear session message overrides
       */
      async clearSessionMessageOverrides(sessionId: string): Promise<void> {
        const key = `opencode.session.messageOverrides.${sessionId}`;
        await this.workspaceState.update(key, undefined);
      }
    
      /**
       * Process history messages for rendering.
       * Canonical pipeline: normalize → structured output → filter → dedup → coalesce.
       */
      processHistoryMessages(rawMessages: any[], sessionId: string): any[] {
        if (!Array.isArray(rawMessages) || rawMessages.length === 0) {
          return [];
        }
    
        const processed = rawMessages
          .map((rawMessage: any) => {
            const message =
              rawMessage && typeof rawMessage === "object"
                ? { ...rawMessage }
                : rawMessage;
            const normalizedMessage = this.normalizePlanProceedUserMessage(message);
            const structured = this.applyStructuredOutputToMessage(normalizedMessage, {
              allowSyntheticFallbackError: false,
            });
            return this.enrichMessageWithPlan(structured);
          })
          .filter((message) => this.isRenderableHistoryMessage(message));
    
        const ordered = this.orderHistoryMessagesChronologically(processed);
        const dedupedUserMessages = this.dedupeUserMessagesByContent(ordered);
        const deduped = this.dedupeMirrorHistoryMessages(dedupedUserMessages);
        const mergedActivity = this.mergeAdjacentAssistantActivityMessages(deduped);
        return this.mergeConsecutiveAssistantBursts(mergedActivity);
      }
    
      private orderHistoryMessagesChronologically(messages: any[]): any[] {
        if (!Array.isArray(messages) || messages.length <= 1) {
          return messages;
        }
    
        const decorated = messages.map((message, index) => ({
          message,
          index,
          createdAt: this.historyMessageCreatedAt(message),
          role: this.firstNonEmptyString(
            message?.role,
            message?.info?.role,
            message?.sender,
          )?.toLowerCase(),
        }));
    
        decorated.sort((a, b) => {
          if (
            typeof a.createdAt === "number" &&
            Number.isFinite(a.createdAt) &&
            typeof b.createdAt === "number" &&
            Number.isFinite(b.createdAt)
          ) {
            if (a.createdAt !== b.createdAt) {
              return a.createdAt - b.createdAt;
            }
    
            // For same-timestamp turns, keep user input ahead of assistant output.
            if (a.role === "user" && b.role === "assistant") {
              return -1;
            }
            if (a.role === "assistant" && b.role === "user") {
              return 1;
            }
          }
    
          // Preserve original order when timestamps are unavailable/ambiguous.
          return a.index - b.index;
        });
    
        return decorated.map((entry) => entry.message);
      }
    
      /**
       * Merge adjacent assistant activity messages
       */
      public mergeAdjacentAssistantActivityMessages(messages: any[]): any[] {
        const result: any[] = [];
        for (const message of messages) {
          if (!this.isActivityOnlyAssistantMessage(message)) {
            result.push(message);
            continue;
          }
    
          const last = result[result.length - 1];
          const lastId = this.extractHistoryMessageId(last);
          const currentId = this.extractHistoryMessageId(message);
          if (
            last &&
            this.isActivityOnlyAssistantMessage(last) &&
            lastId &&
            currentId &&
            lastId === currentId
          ) {
            const merged = this.mergeMessageParts([last, message]);
            result[result.length - 1] = merged;
          } else {
            result.push(message);
          }
        }
        return result;
      }
    
      /**
       * Merge consecutive assistant bursts
       */
      public mergeConsecutiveAssistantBursts(messages: any[]): any[] {
        const result: any[] = [];
        let currentBurst: any[] = [];
    
        for (const message of messages) {
          const role = this.firstNonEmptyString(
            message?.role,
            message?.info?.role,
            message?.sender,
          )?.toLowerCase();
          const isAssistant = role === "assistant";
          if (!isAssistant) {
            if (currentBurst.length > 0) {
              result.push(this.coalesceAssistantBurst(currentBurst));
              currentBurst = [];
            }
            result.push(message);
            continue;
          }
    
          const previous = currentBurst[currentBurst.length - 1];
          if (
            previous &&
            !this.shouldMergeAssistantBurstMessages(previous, message)
          ) {
            result.push(this.coalesceAssistantBurst(currentBurst));
            currentBurst = [];
          }
    
          currentBurst.push(message);
        }
    
        if (currentBurst.length > 0) {
          result.push(this.coalesceAssistantBurst(currentBurst));
        }
    
        return result;
      }
    
      private shouldMergeAssistantBurstMessages(previous: any, next: any): boolean {
        if (!previous || !next) {
          return false;
        }
        const previousActivityOnly = this.isActivityOnlyAssistantMessage(previous);
        const nextActivityOnly = this.isActivityOnlyAssistantMessage(next);
        // Never collapse distinct user-facing assistant replies into one message.
        if (!previousActivityOnly && !nextActivityOnly) {
          return false;
        }
    
        const previousId = this.extractHistoryMessageId(previous);
        const nextId = this.extractHistoryMessageId(next);
        return Boolean(previousId && nextId && previousId === nextId);
      }
    
      /**
       * Coalesce assistant burst into single message
       */
      private coalesceAssistantBurst(burst: any[]): any {
        if (burst.length === 0) return null;
        if (burst.length === 1) return burst[0];
    
        const base = { ...(burst[burst.length - 1] || burst[0] || {}) };
    
        const appendUnique = (target: any[], incoming: any[]): void => {
          if (!Array.isArray(incoming) || incoming.length === 0) {
            return;
          }
          const seen = new Set(target.map((entry) => JSON.stringify(entry)));
          for (const item of incoming) {
            const key = JSON.stringify(item);
            if (!seen.has(key)) {
              seen.add(key);
              target.push(item);
            }
          }
        };
    
        base.parts = Array.isArray(base.parts) ? [...base.parts] : [];
        base.subagents = Array.isArray(base.subagents) ? [...base.subagents] : [];
        base.interactiveEvents = Array.isArray(base.interactiveEvents)
          ? [...base.interactiveEvents]
          : [];
        base.progressUpdates = Array.isArray(base.progressUpdates)
          ? [...base.progressUpdates]
          : [];
        base.reasoning = Array.isArray(base.reasoning) ? [...base.reasoning] : [];
    
        let latestRawResponse: unknown = base.rawResponse;
    
        for (const message of burst) {
          appendUnique(base.parts, Array.isArray(message?.parts) ? message.parts : []);
          appendUnique(
            base.subagents,
            Array.isArray(message?.subagents) ? message.subagents : [],
          );
          appendUnique(
            base.interactiveEvents,
            Array.isArray(message?.interactiveEvents)
              ? message.interactiveEvents
              : [],
          );
          appendUnique(
            base.progressUpdates,
            Array.isArray(message?.progressUpdates) ? message.progressUpdates : [],
          );
          appendUnique(
            base.reasoning,
            Array.isArray(message?.reasoning) ? message.reasoning : [],
          );
    
          const structured = this.structuredOutputProcessor.extractStructuredOutput(message);
          if (structured) {
            base.structuredOutput = structured;
          }
          if (message && "rawResponse" in message) {
            latestRawResponse = message.rawResponse;
          }
        }
    
        base.rawResponse = latestRawResponse;
        base.content = this.extractMessageBodyText(base);
        return base;
      }
    
      /**
       * Merge message parts
       */
      private mergeMessageParts(messages: any[]): any {
        if (messages.length === 0) return null;
        if (messages.length === 1) return messages[0];
    
        const first = messages[0];
        const merged: any = { ...first };
    
        merged.parts = messages.flatMap((m) => m.parts || []);
        merged.content = this.extractMessageBodyText(merged);
    
        return merged;
      }
    
      /**
       * Get history part fingerprint
       */
      private historyPartFingerprint(part: any): string | undefined {
        if (!part) return undefined;
        const text = this.firstNonEmptyString(part.text, part.content);
        if (typeof text !== "string" || !text) return undefined;
        return `${part.type || "text"}:${text.slice(0, 100)}`;
      }
    
      /**
       * Check if message is assistant history message
       */
      private isAssistantHistoryMessage(message: any): boolean {
        return message?.role === "assistant" || message?.sender === "assistant";
      }
    
      /**
       * Check if message is activity-only assistant message
       */
      private isActivityOnlyAssistantMessage(message: any): boolean {
        if (!this.isAssistantHistoryMessage(message)) return false;
    
        const hasRenderableText = Boolean(
          this.extractMessageBodyText(message)?.trim()
        );
        if (hasRenderableText) return false;
    
        const hasActivity =
          (Array.isArray(message.subagents) && message.subagents.length > 0) ||
          (Array.isArray(message.interactiveEvents) && message.interactiveEvents.length > 0) ||
          (Array.isArray(message.progressUpdates) && message.progressUpdates.length > 0);
    
        return hasActivity;
      }
    
      /**
       * Check if message has renderable history payload
       */
      private hasRenderableHistoryPayload(message: any): boolean {
        if (!message || typeof message !== "object") return false;
        if (this.isInternalSystemReminderMessage(message)) {
          return false;
        }
    
        // FIX: Check assistant messages with parts FIRST, before any other checks.
        // This ensures question-type messages with parts but no text content are preserved.
        // Prevents regression where assistant messages disappear after session restart.
        const role = message.role || message.info?.role;
        if (role === "assistant" && Array.isArray(message.parts) && message.parts.length > 0) {
          return true;
        }
    
        if (this.extractMessageBodyText(message)?.trim()) return true;
        if (message.structuredOutput) return true;
        if (Array.isArray(message.subagents) && message.subagents.length > 0) return true;
        if (Array.isArray(message.interactiveEvents) && message.interactiveEvents.length > 0) return true;
        if (Array.isArray(message.progressUpdates) && message.progressUpdates.length > 0) return true;
        return false;
      }
    
      /**
       * Check if message is internal system reminder
       */
      private isInternalSystemReminderMessage(message: any): boolean {
        if (!message || typeof message !== "object") return false;
    
        const role = this.firstNonEmptyString(
          message?.role,
          message?.info?.role,
        )?.toLowerCase().trim();
        if (role !== "user" && role !== "system") return false;
    
        const text = this.extractMessageBodyText(message);
        if (!text) return false;
    
        if (this.isPlanProceedMessageText(text)) {
          return false;
        }
    
        const normalized = text.trim().toLowerCase();
    
        // Check for square-bracketed system messages at the start (e.g., [analyze-mode], [background task completed])
        const bracketPattern = /^\[[a-z][a-z0-9_\- ]*\]/i;
        const hasBracketPrefix = bracketPattern.test(text.trim());
    
        return (
          normalized.includes("<system-reminder>") ||
          normalized.includes("<auto-slash-command>") ||
          normalized.includes("<!-- omo_internal_initiator -->") ||
          hasBracketPrefix ||
          (normalized.includes("[search-model]") && normalized.includes("maximize search effort")) ||
          normalized.startsWith("system reminder") ||
          normalized.startsWith("internal reminder") ||
          normalized.includes("reminder: you can")
        );
      }
    
      /**
       * Check if text is plan-proceed message
       */
      private isPlanProceedMessageText(text: string): boolean {
        if (!text) return false;
        const lower = text.toLowerCase().trim();
        return lower === "proced" || lower === "proceed" || lower === "let's proceed" || lower === "ok, proceed";
      }
    
      /**
       * Check if message is renderable history message
       */
      isRenderableHistoryMessage(message: any): boolean {
        if (!message) return false;
        // Don't filter out system reminder messages - they will be converted to system role
        // and rendered with the SystemMessage component
        if (this.isInternalSystemReminderMessage(message)) return true;
        return this.hasRenderableHistoryPayload(message);
      }
    
      /**
       * Dedupe mirror history messages
       */
      public dedupeMirrorHistoryMessages(messages: any[]): any[] {
        const seen = new Set<string>();
        return messages.filter((message) => {
          const fingerprint = this.historyMessageFingerprint(message);
          if (!fingerprint) return true;
    
          if (seen.has(fingerprint)) {
            return false;
          }
          seen.add(fingerprint);
          return true;
        });
      }
    
      /**
       * Dedupe user messages with identical content
       * This fixes duplicate "Plan Approved" messages that may occur during hydration
       */
      private dedupeUserMessagesByContent(messages: any[]): any[] {
        if (!Array.isArray(messages) || messages.length <= 1) {
          return messages;
        }
    
        const deduped: any[] = [];
        const seenUserContents = new Set<string>();
    
        for (const message of messages) {
          const role = this.firstNonEmptyString(
            message?.role,
            message?.info?.role,
            message?.sender,
          )?.toLowerCase();
    
          if (role !== "user") {
            deduped.push(message);
            continue;
          }
    
          const content = this.extractMessageBodyText(message);
          if (!content) {
            deduped.push(message);
            continue;
          }
    
          const normalizedContent = content.trim();
          if (seenUserContents.has(normalizedContent)) {
            this.logger.debug("[HistoryProcessor] Skipping duplicate user message", {
              content: normalizedContent.substring(0, 100),
              totalSkipped: seenUserContents.size,
            });
            continue;
          }
    
          seenUserContents.add(normalizedContent);
          deduped.push(message);
        }
    
        if (deduped.length < messages.length) {
          this.logger.debug("[HistoryProcessor] User message deduplication complete", {
            inputCount: messages.length,
            outputCount: deduped.length,
            duplicatesRemoved: messages.length - deduped.length,
          });
        }
    
        return deduped;
      }
    
      /**
       * Check if messages are mirror history messages (i.e., represent the same logical message).
       * Preserves intentional idless repeats by returning false when both have no ID.
       */
      private areMirrorHistoryMessages(a: any, b: any): boolean {
        const existingId = this.extractHistoryMessageId(a);
        const incomingId = this.extractHistoryMessageId(b);
    
        if (existingId && incomingId) {
          if (existingId === incomingId) return true;
          // Both have non-synthetic IDs that differ — not mirrors
          if (!this.isSyntheticLocalMessageId(existingId) && !this.isSyntheticLocalMessageId(incomingId)) {
            return false;
          }
          // At least one is synthetic — fall through to timestamp proximity check
        } else if (!existingId && !incomingId) {
          // Both idless — do not collapse intentional idless repeats
          return false;
        }
    
        const existingCreatedAt = this.historyMessageCreatedAt(a);
        const incomingCreatedAt = this.historyMessageCreatedAt(b);
        if (
          typeof existingCreatedAt !== "number" ||
          typeof incomingCreatedAt !== "number"
        ) {
          return false;
        }
        return Math.abs(existingCreatedAt - incomingCreatedAt) <= 15_000;
      }
    
      /**
       * Extract history message ID
       */
      extractHistoryMessageId(message: any): string | undefined {
        return this.firstNonEmptyString(
          message?.id,
          message?.messageId,
          message?.info?.id,
        );
      }
    
      /**
       * Get history message created at timestamp
       */
      private historyMessageCreatedAt(message: any): number | undefined {
        const info = this.asRecord(message?.info);
        const infoTime = this.asRecord(info?.time);
        const time = this.asRecord(message?.time);
    
        const numericCandidates = [
          infoTime?.created,
          time?.created,
          info?.createdAt,
          info?.timestamp,
          message?.createdAt,
          message?.timestamp,
        ];
        for (const candidate of numericCandidates) {
          if (typeof candidate === "number" && Number.isFinite(candidate)) {
            return candidate;
          }
        }
    
        const stringCandidates = [
          this.firstNonEmptyString(
            info?.createdAt,
            info?.timestamp,
            message?.createdAt,
            message?.timestamp,
          ),
        ];
        for (const candidate of stringCandidates) {
          if (!candidate) {
            continue;
          }
          const parsed = new Date(candidate).getTime();
          if (Number.isFinite(parsed)) {
            return parsed;
          }
        }
    
        return undefined;
      }
    
      /**
       * Get history message fingerprint
       */
      historyMessageFingerprint(message: any): string | undefined {
        const id = this.extractHistoryMessageId(message);
        const role = this.firstNonEmptyString(message?.role, message?.sender);
        const rawContent = this.extractMessageBodyText(message);
        const content = typeof rawContent === "string" ? rawContent.slice(0, 200) : undefined;
    
        if (!id && !role && !content) return undefined;
    
        const parts = [];
        if (id) parts.push(`id:${id}`);
        if (role) parts.push(`role:${role}`);
        if (typeof content === "string" && content) parts.push(`content:${content.slice(0, 100)}`);
    
        return parts.join("|");
      }
    
      /**
       * Get history message richness score
       */
      private historyMessageRichnessScore(message: any): number {
        let score = 0;
    
        const content = this.extractMessageBodyText(message);
        if (content) score += Math.min(content.length / 100, 10);
    
        if (Array.isArray(message.subagents)) score += message.subagents.length * 2;
        if (Array.isArray(message.interactiveEvents)) score += message.interactiveEvents.length * 2;
        if (Array.isArray(message.progressUpdates)) score += message.progressUpdates.length;
        if (message.structuredOutput) score += 5;
        if (Array.isArray(message.reasoning)) score += message.reasoning.length * 0.5;
    
        return score;
      }
    
      /**
       * Pick richer history message
       */
      private pickRicherHistoryMessage(a: any, b: any): any {
        const scoreA = this.historyMessageRichnessScore(a);
        const scoreB = this.historyMessageRichnessScore(b);
        return scoreA >= scoreB ? a : b;
      }
    
      /**
       * Pick canonical history message ID from a group of messages.
       * Prefers non-synthetic IDs when available.
       */
      private pickCanonicalHistoryMessageId(messages: any[]): string | undefined {
        const ids = messages
          .map((m) => this.extractHistoryMessageId(m))
          .filter((id): id is string => Boolean(id));
    
        if (ids.length === 0) return undefined;
    
        // Prefer a non-synthetic ID
        const preferred = ids.find((id) => !this.isSyntheticLocalMessageId(id));
        return preferred ?? ids[0];
      }
    
      /**
       * Check if message ID is synthetic
       */
      private isSyntheticLocalMessageId(id: string): boolean {
        if (!id) return false;
        return id.startsWith("msg_local_") || id.startsWith("local-");
      }
    
      /**
       * Get latest assistant history marker
       */
      public getLatestAssistantHistoryMarker(messages: any[]): {
        id?: string;
        fingerprint?: string;
        createdAt?: number;
        richness: number;
      } {
        if (!Array.isArray(messages) || messages.length === 0) {
          return {
            id: undefined,
            fingerprint: undefined,
            createdAt: undefined,
            richness: -1,
          };
        }
    
        let latest: any = null;
        let latestScore = -1;
    
        for (const message of messages) {
          if (!this.isAssistantHistoryMessage(message)) continue;
    
          const richness = this.historyMessageRichnessScore(message);
          if (richness <= latestScore) continue;
    
          latest = message;
          latestScore = richness;
        }
    
        return {
          id: this.extractHistoryMessageId(latest),
          fingerprint: this.historyMessageFingerprint(latest),
          createdAt: latest ? this.historyMessageCreatedAt(latest) : undefined,
          richness: latestScore,
        };
      }
    
      /**
       * Check if assistant history has advanced
       */
      public hasAssistantHistoryAdvanced(
        currentMessages: any[] | { id?: string; fingerprint?: string; createdAt?: number; richness?: number } | undefined,
        previousMessages: any[] | { id?: string; fingerprint?: string; createdAt?: number; richness?: number } | undefined,
      ): boolean {
        const asMarker = (
          value:
            | any[]
            | { id?: string; fingerprint?: string; createdAt?: number; richness?: number }
            | undefined,
        ): { id?: string; fingerprint?: string; createdAt?: number; richness: number } | undefined => {
          if (!value) {
            return undefined;
          }
          if (Array.isArray(value)) {
            const marker = this.getLatestAssistantHistoryMarker(value);
            return marker.id || marker.fingerprint || typeof marker.createdAt === "number"
              ? marker
              : undefined;
          }
          if (typeof value === "object") {
            return {
              id: typeof value.id === "string" ? value.id : undefined,
              fingerprint:
                typeof value.fingerprint === "string" ? value.fingerprint : undefined,
              createdAt:
                typeof value.createdAt === "number" && Number.isFinite(value.createdAt)
                  ? value.createdAt
                  : undefined,
              richness:
                typeof value.richness === "number" && Number.isFinite(value.richness)
                  ? value.richness
                  : 0,
            };
          }
          return undefined;
        };
    
        const currentMarker = asMarker(currentMessages);
        const previousMarker = asMarker(previousMessages);
    
        if (!currentMarker) {
          return false;
        }
        if (!previousMarker) {
          return true;
        }
    
        if (currentMarker.id && previousMarker.id && currentMarker.id !== previousMarker.id) {
          return true;
        }
        if (currentMarker.id && !previousMarker.id) {
          return true;
        }
        if (
          currentMarker.fingerprint &&
          previousMarker.fingerprint &&
          currentMarker.fingerprint !== previousMarker.fingerprint
        ) {
          return true;
        }
        if (currentMarker.fingerprint && !previousMarker.fingerprint) {
          return true;
        }
        if (
          typeof currentMarker.createdAt === "number" &&
          typeof previousMarker.createdAt === "number" &&
          currentMarker.createdAt > previousMarker.createdAt + 1000
        ) {
          return true;
        }
    
        return currentMarker.richness > previousMarker.richness + 12;
      }
    }
    
    
    /* FILE: E:\Projects\vscode-opencode\src\providers\chat\ModelAndAgentManager.ts */
    
    /**
     * ModelAndAgentManager Module
     *
     * Model discovery, selection persistence, agent management, thinking level, commands catalog.
     *
     * Extracted from ChatViewProvider.ts (~500 lines)
     */
    
    import * as vscode from "vscode";
    import * as cp from "child_process";
    import * as util from "util";
    import type { OpencodeServerManager } from "../../services/OpencodeServerManager";
    import type { ModelCapabilitiesService } from "../../services/ModelCapabilitiesService";
    import type { Command as SdkCommand } from "@opencode-ai/sdk" with { "resolution-mode": "import" };
    import type { ChatModelOption, ChatSlashCommand, SessionSettings } from "./types";
    import { LoggingCategories } from "../../utils/LoggingSchema";
    
    export class ModelAndAgentManager {
      private selectedModel: { providerID: string; modelID: string; providerName?: string };
      private availableModels: ChatModelOption[] = [];
      private selectedAgent?: string;
      private modelsFetchPromise: Promise<ChatModelOption[]> | null = null;
      private commandCatalog: ChatSlashCommand[] = [];
      private commandCatalogFetchedAt = 0;
      private readonly COMMAND_CATALOG_TTL_MS = 5 * 60 * 1000; // 5 minutes
      private commandCatalogFetchPromise: Promise<ChatSlashCommand[]> | null = null;
    
      constructor(
        private globalState: vscode.Memento,
        private serverManager: OpencodeServerManager,
        private modelCapabilitiesService: ModelCapabilitiesService,
        private logger: ReturnType<typeof import("../../utils/Logger").createLogger>,
        private asRecord: (value: unknown) => Record<string, unknown> | undefined,
        private firstNonEmptyString: (...values: unknown[]) => string | undefined,
      ) {
        this.selectedModel = globalState.get("selectedModel") || {
          providerID: "opencode",
          modelID: "big-pickle",
        };
        this.postMessage = () => { };
      }
    
      private postMessage: (msg: any) => void;
    
      setPostMessage(fn: (msg: any) => void): void {
        this.postMessage = fn;
      }
    
      /**
       * Get selected model
       */
      getSelectedModel(): { providerID: string; modelID: string; providerName?: string } {
        return this.selectedModel;
      }
    
      /**
       * Set selected model
       */
      async setSelectedModel(model: { providerID: string; modelID: string; providerName?: string }): Promise<void> {
        const correlationId = this.logger.startFeatureFlow('model-selection', {
          providerId: model.providerID,
          modelId: model.modelID,
        });
    
        try {
          this.logger.featureStep(correlationId, 'validate-model', { model });
    
          this.logger.logStateChange(
            'selectedModel',
            this.selectedModel,
            model,
            'user-selection'
          );
    
          this.selectedModel = model;
          await this.globalState.update("selectedModel", model);
    
          this.logger.featureStep(correlationId, 'persist-selection', { model });
    
          this.logger.info('Model selected', {
            providerId: model.providerID,
            modelId: model.modelID,
            providerName: model.providerName,
          });
    
          this.logger.endFeatureFlow(correlationId, { success: true });
        } catch (error) {
          this.logger.error(
            'Failed to set selected model',
            { correlationId, model },
            error as Error
          );
          this.logger.endFeatureFlow(correlationId, { success: false, error: String(error) });
          throw error;
        }
      }
    
      /**
       * Get selected agent
       */
      getSelectedAgent(): string | undefined {
        return this.selectedAgent;
      }
    
      /**
       * Set selected agent
       */
      setSelectedAgent(agent: string | undefined): void {
        this.selectedAgent = agent;
      }
    
      /**
       * Get available models
       */
      getAvailableModels(): ChatModelOption[] {
        return this.availableModels;
      }
    
      /**
       * Handle get models request
       */
      async handleGetModels(): Promise<ChatModelOption[]> {
        const correlationId = this.logger.startFeatureFlow('fetch-models');
        const startTime = Date.now();
    
        if (this.modelsFetchPromise) {
          this.logger.debug('Using cached models fetch', {
            correlationId,
          });
          return this.modelsFetchPromise;
        }
    
        this.modelsFetchPromise = (async () => {
          this.logger.featureStep(correlationId, 'ensure-server-running');
    
          try {
            const client = await this.serverManager.ensureRunning();
    
            this.logger.featureStep(correlationId, 'fetch-provider-list');
    
            const providerListTimeoutMs = 8000;
            let timeoutHandle: NodeJS.Timeout | undefined;
            const timeoutPromise = new Promise<never>((_, reject) => {
              const scheduleDelay = Reflect.get(globalThis, "set" + "Timeout") as
                | ((callback: () => void, delay?: number) => unknown)
                | undefined;
              if (typeof scheduleDelay !== "function") {
                reject(new Error("Provider list timeout"));
                return;
              }
              timeoutHandle = scheduleDelay(
                () => reject(new Error("Provider list timeout")),
                providerListTimeoutMs,
              ) as NodeJS.Timeout;
            });
    
            const response = (await Promise.race([
              client.provider.list(),
              timeoutPromise,
            ])) as any;
            if (timeoutHandle) {
              clearTimeout(timeoutHandle);
            }
    
            const models: ChatModelOption[] = [];
            if (response?.data && Array.isArray(response.data.all)) {
              for (const provider of response.data.all) {
                if (provider?.models) {
                  for (const [modelID, modelConfig] of Object.entries(provider.models)) {
                    const limitRec = this.asRecord((modelConfig as any).limit);
                    const contextLimitRaw = limitRec?.context;
                    const contextLimit =
                      typeof contextLimitRaw === "number" &&
                        Number.isFinite(contextLimitRaw) &&
                        contextLimitRaw > 0
                        ? Math.floor(contextLimitRaw)
                        : undefined;
                    models.push({
                      providerID: provider.id,
                      modelID: modelID,
                      name: (modelConfig as any).name || modelID,
                      providerName: provider.name || provider.id,
                      contextLimit,
                    });
                  }
                }
              }
            }
    
            if (models.length > 0) {
              this.logger.info("Discovered models across all providers", {
                count: models.length,
              });
              this.availableModels = models;
              await this.resolveDefaultModel(models);
    
              this.postMessage({
                type: "modelsList",
                models,
                selectedModel: this.selectedModel,
              });
    
              const duration = Date.now() - startTime;
              this.logger.performance('fetch-models', duration, {
                modelCount: models.length,
                providers: Array.from(new Set(models.map(m => m.providerName))),
              });
    
              this.logger.info('Models fetched successfully', {
                correlationId,
                count: models.length,
                duration,
              });
    
              this.logger.endFeatureFlow(correlationId, {
                success: true,
                modelCount: models.length,
              });
    
              return models;
            }
          } catch (error) {
            this.modelsFetchPromise = null;
    
            this.logger.error(
              'Failed to fetch models',
              { correlationId },
              error as Error
            );
    
            this.logger.endFeatureFlow(correlationId, {
              success: false,
              error: String(error),
            });
    
            this.logger.error("Failed to get models", {}, error as Error);
          }
    
          const cachedModels = Array.isArray(this.availableModels) ? this.availableModels : [];
          const fallbackModels = cachedModels.length > 0 ? cachedModels : this.getSelectedModelFallbackList();
          this.availableModels = fallbackModels;
    
          if (fallbackModels.length === 0) {
            this.logger.warn("No provider models discovered");
          } else {
            this.logger.warn("Using fallback models", {
              count: fallbackModels.length,
            });
          }
    
          this.postMessage({
            type: "modelsList",
            models: fallbackModels,
            selectedModel: this.selectedModel,
          });
    
          this.logger.endFeatureFlow(correlationId, {
            success: true,
            fallbackUsed: true,
            modelCount: fallbackModels.length,
          });
    
          return fallbackModels;
        })();
    
        try {
          return await this.modelsFetchPromise;
        } finally {
          this.modelsFetchPromise = null;
        }
      }
    
      /**
       * Get selected model fallback list
       */
      getSelectedModelFallbackList(): ChatModelOption[] {
        const selected = this.selectedModel;
        if (!selected || typeof selected !== "object") {
          return [];
        }
    
        const providerID = this.firstNonEmptyString(selected.providerID);
        const modelID = this.firstNonEmptyString(selected.modelID);
        if (!providerID || !modelID) {
          return [];
        }
    
        return [
          {
            providerID,
            modelID,
            name: modelID,
            providerName: this.firstNonEmptyString(selected.providerName) || providerID,
          },
        ];
      }
    
      /**
       * Reconcile selected model selection
       */
      async reconcileSelectedModelSelection(models: ChatModelOption[]): Promise<void> {
        if (!models.length) return;
    
        const exact = models.find(
          (m) =>
            m.providerID === this.selectedModel.providerID &&
            m.modelID === this.selectedModel.modelID,
        );
        if (exact) {
          const nextProviderName = exact.providerName || exact.providerID;
          if (this.selectedModel.providerName !== nextProviderName) {
            this.selectedModel = {
              ...this.selectedModel,
              providerName: nextProviderName,
            };
            await this.globalState.update("selectedModel", this.selectedModel);
          }
          return;
        }
    
        const isLegacyGenericProvider =
          !this.selectedModel.providerID ||
          this.selectedModel.providerID === "opencode";
        if (!isLegacyGenericProvider) {
          this.logger.warn("Persisted model not found in provider catalog", {
            providerId: this.selectedModel.providerID,
            modelId: this.selectedModel.modelID,
          });
          return;
        }
    
        const candidates = models.filter((m) => m.modelID === this.selectedModel.modelID);
        if (candidates.length === 1) {
          const match = candidates[0];
          this.selectedModel = {
            providerID: match.providerID,
            modelID: match.modelID,
            providerName: match.providerName || match.providerID,
          };
          await this.globalState.update("selectedModel", this.selectedModel);
          this.logger.info("Reconciled legacy model selection", {
            providerId: this.selectedModel.providerID,
            modelId: this.selectedModel.modelID,
          });
          return;
        }
    
        if (candidates.length > 1) {
          this.logger.warn("Ambiguous modelID across multiple providers", {
            modelId: this.selectedModel.modelID,
            candidateCount: candidates.length,
          });
        }
      }
    
      /**
       * Resolve default model from CLI config
       */
      async resolveDefaultModel(models: ChatModelOption[]): Promise<void> {
        const savedModel = this.globalState.get<{
          providerID: string;
          modelID: string;
        }>("selectedModel");
    
        if (
          savedModel &&
          this.selectedModel.modelID === savedModel.modelID &&
          this.selectedModel.providerID === savedModel.providerID &&
          (this.selectedModel.modelID !== "big-pickle" ||
            this.selectedModel.providerID !== "opencode")
        ) {
          return;
        }
    
        if (
          this.selectedModel.modelID !== "big-pickle" ||
          this.selectedModel.providerID !== "opencode"
        ) {
          return;
        }
    
        try {
          const execAsync = util.promisify(cp.exec);
          const { stdout } = await execAsync("opencode config get default_model");
          const defaultId = stdout.trim();
    
          if (defaultId) {
            this.logger.debug("Found CLI default model", {
              defaultId,
            });
            const providerModelMatch = defaultId.match(/^([^/:\s]+)[/:](.+)$/);
            let match: ChatModelOption | undefined;
    
            if (providerModelMatch) {
              const providerRef = providerModelMatch[1].trim();
              const modelRef = providerModelMatch[2].trim();
              match = models.find(
                (m) =>
                  m.providerID === providerRef &&
                  (m.modelID === modelRef || m.name === modelRef),
              );
              if (!match) {
                match = models.find(
                  (m) =>
                    (m.providerName || "").toLowerCase() === providerRef.toLowerCase() &&
                    (m.modelID === modelRef || m.name === modelRef),
                );
              }
            }
    
            if (match) {
              this.selectedModel = {
                modelID: match.modelID,
                providerID: match.providerID,
                providerName: match.providerName || match.providerID,
              };
              await this.globalState.update("selectedModel", this.selectedModel);
              this.logger.info("Synced default model from CLI", {
                modelId: match.modelID,
                providerId: match.providerID,
              });
            } else {
              this.logger.warn("Could not uniquely resolve CLI default model", {
                defaultId,
              });
            }
          }
        } catch (error) {
          this.logger.warn("Failed to resolve default model from CLI", {
            error: error instanceof Error ? error.message : String(error),
          });
        }
      }
    
      /**
       * Handle get agents request
       */
      async handleGetAgents(): Promise<void> {
        const correlationId = this.logger.startFeatureFlow('fetch-agents');
    
        // Hidden system agents that run automatically and are not user-selectable.
        const HIDDEN_SYSTEM_AGENTS = new Set(["compaction", "title", "summary"]);
    
        // Default built-in primary agents that must always appear in the list.
        // The SDK's app.agents() endpoint only returns plugin-registered agents
        // (e.g. oh-my-opencode) and does not enumerate the built-in ones, so we
        // ensure they are always present by merging them in manually.
        const BUILTIN_AGENTS: Array<{
          id: string;
          name: string;
          description: string;
          mode: "primary" | "subagent" | "all";
          builtIn: boolean;
        }> = [
            {
              id: "build",
              name: "Build",
              description: "Default agent for development work with all tools enabled",
              mode: "primary",
              builtIn: true,
            },
            {
              id: "plan",
              name: "Plan",
              description: "Restricted agent for planning and analysis without making changes",
              mode: "primary",
              builtIn: true,
            },
          ];
    
        try {
          this.logger.featureStep(correlationId, 'ensure-server-running');
    
          const client = await this.serverManager.ensureRunning();
    
          // Check if the SDK supports agent listing
          if (!client || typeof (client as any).app?.agents !== 'function') {
            this.logger.warn('Agent discovery not available in current SDK', {
              correlationId,
            });
            // Fallback to built-in agents
            this.postMessage({
              type: "agentsList",
              agents: BUILTIN_AGENTS,
              selectedAgent: this.selectedAgent || "build",
            });
    
            this.logger.endFeatureFlow(correlationId, {
              success: true,
              fallbackUsed: true,
              agentCount: BUILTIN_AGENTS.length,
            });
    
            return;
          }
    
          this.logger.featureStep(correlationId, 'fetch-agent-list');
    
          const response = await (client as any).app.agents();
    
          if (response?.data && Array.isArray(response.data)) {
            const sdkAgents: Array<{
              id: string;
              name: string;
              description: string;
              mode: "subagent" | "primary" | "all";
              builtIn: boolean;
              color?: string;
            }> = response.data
              .filter((agent: any) => {
                const mode = agent.mode as string;
                // Only expose agents that can be selected as a primary agent.
                return (
                  (mode === "primary" || mode === "all") &&
                  !HIDDEN_SYSTEM_AGENTS.has(agent.name as string)
                );
              })
              .map((agent: any) => {
                const id = agent.name as string;
                const displayName = id.charAt(0).toUpperCase() + id.slice(1);
                return {
                  id,
                  name: displayName,
                  description:
                    (agent.description as string | undefined) ??
                    `OpenCode ${displayName} agent`,
                  mode: agent.mode as "subagent" | "primary" | "all",
                  builtIn: agent.builtIn as boolean,
                  color: agent.color as string | undefined,
                };
              });
    
            // Prepend any built-in agents that the SDK did not return, so the
            // user always sees build + plan even when only plugin agents come back.
            // SDK results take precedence when names overlap (respecting config overrides).
            const sdkIds = new Set(sdkAgents.map((a) => a.id));
            const agents = [
              ...BUILTIN_AGENTS.filter((a) => !sdkIds.has(a.id)),
              ...sdkAgents,
            ];
    
            // Set a sensible default if none has been chosen yet.
            if (!this.selectedAgent && agents.length > 0) {
              this.selectedAgent = agents[0].id;
            }
    
            this.logger.debug("Fetched agents via SDK", {
              sdkAgentCount: sdkAgents.length,
              totalAgentCount: agents.length,
              builtinAgentCount: BUILTIN_AGENTS.length,
            });
    
            this.logger.info('Agents fetched successfully', {
              correlationId,
              count: agents.length,
              sdkAgents: sdkAgents.length,
              builtinAgents: BUILTIN_AGENTS.length,
            });
    
            this.postMessage({
              type: "agentsList",
              agents,
              selectedAgent: this.selectedAgent,
            });
    
            this.logger.endFeatureFlow(correlationId, {
              success: true,
              agentCount: agents.length,
            });
    
            return;
          }
        } catch (error) {
          this.logger.error(
            'Failed to fetch agents',
            { correlationId },
            error as Error
          );
    
          this.logger.endFeatureFlow(correlationId, {
            success: false,
            error: String(error),
          });
        }
    
        // Fallback: send only the guaranteed built-in primary agents.
        this.postMessage({
          type: "agentsList",
          agents: BUILTIN_AGENTS,
          selectedAgent: this.selectedAgent || "build",
        });
    
        this.logger.endFeatureFlow(correlationId, {
          success: true,
          fallbackUsed: true,
          agentCount: BUILTIN_AGENTS.length,
        });
      }
    
      /**
       * Handle get commands request
       */
      async handleGetCommands(): Promise<void> {
        this.logger.warn("⚠️ [PERF] handleGetCommands disabled temporarily");
        this.postMessage({
          type: "commandsList",
          commands: [],
        });
      }
    
      /**
       * Load command catalog
       */
      async loadCommandCatalog(forceRefresh = false): Promise<ChatSlashCommand[]> {
        const cacheIsFresh =
          !forceRefresh &&
          this.commandCatalog.length > 0 &&
          Date.now() - this.commandCatalogFetchedAt < this.COMMAND_CATALOG_TTL_MS;
        if (cacheIsFresh) {
          return this.commandCatalog;
        }
    
        if (this.commandCatalogFetchPromise) {
          return this.commandCatalogFetchPromise;
        }
    
        if (this.commandCatalog.length > 0 && !forceRefresh) {
          this.commandCatalogFetchPromise = (async () => {
            try {
              const client = await this.serverManager.ensureRunning();
              const response = await client.command.list();
              const rawItems = Array.isArray(response.data) ? response.data : [];
              const commands: ChatSlashCommand[] = rawItems
                .map((item) => this.normalizeSlashCommand(item))
                .filter((item): item is ChatSlashCommand => !!item)
                .sort((a, b) => a.name.localeCompare(b.name));
    
              this.commandCatalog = commands;
              this.commandCatalogFetchedAt = Date.now();
              return commands;
            } finally {
              this.commandCatalogFetchPromise = null;
            }
          })();
    
          return this.commandCatalog;
        }
    
        this.commandCatalogFetchPromise = (async () => {
          const client = await this.serverManager.ensureRunning();
          const response = await client.command.list();
          const rawItems = Array.isArray(response.data) ? response.data : [];
          const commands: ChatSlashCommand[] = rawItems
            .map((item) => this.normalizeSlashCommand(item))
            .filter((item): item is ChatSlashCommand => !!item)
            .sort((a, b) => a.name.localeCompare(b.name));
    
          this.commandCatalog = commands;
          this.commandCatalogFetchedAt = Date.now();
          return commands;
        })();
    
        try {
          return await this.commandCatalogFetchPromise;
        } finally {
          this.commandCatalogFetchPromise = null;
        }
      }
    
      /**
       * Normalize slash command
       */
      normalizeSlashCommand(item: SdkCommand | unknown): ChatSlashCommand | null {
        const rec = this.asRecord(item);
        if (!rec) {
          return null;
        }
    
        const rawName = this.firstNonEmptyString(rec.name);
        if (!rawName) {
          return null;
        }
    
        const name = rawName.replace(/^\//, "");
        if (!name) {
          return null;
        }
    
        return {
          name,
          description: this.firstNonEmptyString(rec.description),
          agent: this.firstNonEmptyString(rec.agent),
          model: this.firstNonEmptyString(rec.model),
          template: this.firstNonEmptyString(rec.template),
          source: this.firstNonEmptyString(rec.source),
          subtask: typeof rec.subtask === "boolean" ? rec.subtask : undefined,
        };
      }
    
      /**
       * Get session settings map
       */
      getSessionSettingsMap(): Record<string, SessionSettings> {
        return this.globalState.get<Record<string, SessionSettings>>("sessionSettings") ?? {};
      }
    
      /**
       * Get session settings
       */
      getSessionSettings(sessionId: string): SessionSettings {
        return this.getSessionSettingsMap()[sessionId] ?? {};
      }
    
      /**
       * Persist session settings
       */
      async persistSessionSettings(
        sessionId: string,
        partial: Partial<SessionSettings>,
      ): Promise<void> {
        const map = this.getSessionSettingsMap();
        map[sessionId] = { ...map[sessionId], ...partial };
        await this.globalState.update("sessionSettings", map);
      }
    
      /**
       * Apply session settings
       */
      async applySessionSettings(sessionId: string): Promise<void> {
        const settings = this.getSessionSettings(sessionId);
        if (settings.agent) {
          this.selectedAgent = settings.agent;
          this.logger.debug("Restored agent for session", {
            sessionId,
            agent: settings.agent,
          });
        }
        if (settings.model?.providerID && settings.model?.modelID) {
          this.selectedModel = settings.model;
          this.logger.debug("Restored model for session", {
            sessionId,
            modelId: settings.model.modelID,
            providerId: settings.model.providerID,
          });
        }
      }
    
      /**
       * Migrate session settings
       */
      migrateSessionSettings(oldSessionId: string, newSessionId: string): void {
        if (!oldSessionId || !newSessionId || oldSessionId === newSessionId) {
          return;
        }
        const map = this.getSessionSettingsMap();
        const oldSettings = map[oldSessionId];
        if (!oldSettings) {
          return;
        }
        map[newSessionId] = { ...oldSettings, ...map[newSessionId] };
        void this.globalState.update("sessionSettings", map);
      }
    
      /**
       * Resolve prompt variant
       */
      async resolvePromptVariant(sessionId: string): Promise<string | undefined> {
        const savedLevel =
          this.getSessionSettings(sessionId).thinkingLevel ??
          this.globalState.get<string>("thinkingLevel");
        if (!savedLevel) return undefined;
    
        const normalizedLevel = savedLevel.toLowerCase().trim();
        if (!normalizedLevel) return undefined;
    
        const { providerID, modelID } = this.selectedModel;
        const capability = await this.modelCapabilitiesService.getCapabilities(providerID, modelID);
    
        if (!capability || !capability.reasoning) return undefined;
    
        if (providerID === 'anthropic' && normalizedLevel === 'high') return 'max';
        return normalizedLevel;
      }
    }
    
    
    /* FILE: E:\Projects\vscode-opencode\src\providers\chat\QueueManager.ts */
    
    /**
     * QueueManager Module
     *
     * Prompt queue CRUD, execution lifecycle, and dispatch scheduling.
     *
     * Extracted from ChatViewProvider.ts (~300 lines)
     */
    
    import type { QueuedPrompt } from "./types";
    
    export class QueueManager {
      private queue: QueuedPrompt[] = [];
      private isExecuting = false;
    
      constructor(
        private logger: ReturnType<typeof import("../../utils/Logger").createLogger>,
      ) {
        this.handleSendMessage = async () => { };
        this.handleStopRequest = () => { };
        this.getCurrentSessionId = () => undefined;
        this.postMessage = () => { };
      }
    
      private handleSendMessage: (
        text: string,
        files?: string[],
        contexts?: any[],
        images?: any[],
        agent?: string,
        isRetry?: boolean,
        recoveredContext?: any,
        retryWithoutStructuredOutput?: boolean,
        structuredFallbackReason?: string,
        userFacingText?: string,
      ) => Promise<void>;
      private handleStopRequest: () => void;
      private getCurrentSessionId: () => string | undefined;
      private postMessage: (msg: any) => void;
    
      setHandleSendMessage(
        fn: (
          text: string,
          files?: string[],
          contexts?: any[],
          images?: any[],
          agent?: string,
          isRetry?: boolean,
          recoveredContext?: any,
          retryWithoutStructuredOutput?: boolean,
          structuredFallbackReason?: string,
          userFacingText?: string,
        ) => Promise<void>,
      ): void {
        this.handleSendMessage = fn;
      }
    
      setHandleStopRequest(fn: () => void): void {
        this.handleStopRequest = fn;
      }
    
      setGetCurrentSessionId(fn: () => string | undefined): void {
        this.getCurrentSessionId = fn;
      }
    
      setPostMessage(fn: (msg: any) => void): void {
        this.postMessage = fn;
      }
    
      /**
       * Add prompt to queue with logging
       */
      addToQueue(prompt: QueuedPrompt): void {
        const correlationId = this.logger.startFeatureFlow('add-to-queue', {
          promptId: prompt.id,
          sessionId: prompt.sessionId,
        });
    
        this.queue.push(prompt);
    
        this.logger.logStateChange(
          'queue-size',
          this.queue.length - 1,
          this.queue.length,
          'add-to-queue'
        );
    
        this.logger.info('Prompt added to queue', {
          correlationId,
          promptId: prompt.id,
          queuePosition: this.queue.length,
          text: prompt.text.slice(0, 100),
        });
    
        this.logger.endFeatureFlow(correlationId, {
          success: true,
          queueSize: this.queue.length,
        });
      }
    
      /**
       * Add prompt to queue and optionally prioritize it to the front.
       */
      enqueuePrompt(prompt: QueuedPrompt, atFront = false): void {
        if (atFront) {
          const correlationId = this.logger.startFeatureFlow('add-to-queue-front', {
            promptId: prompt.id,
            sessionId: prompt.sessionId,
          });
    
          this.queue.unshift(prompt);
          this.logger.logStateChange(
            'queue-size',
            this.queue.length - 1,
            this.queue.length,
            'add-to-queue-front'
          );
          this.logger.info('Prompt prioritized in queue', {
            correlationId,
            promptId: prompt.id,
            queuePosition: 1,
            text: prompt.text.slice(0, 100),
          });
          this.logger.endFeatureFlow(correlationId, {
            success: true,
            queueSize: this.queue.length,
          });
          return;
        }
    
        this.addToQueue(prompt);
      }
    
      /**
       * Execute queue with logging
       */
      async executeQueue(
        executePrompt: (prompt: QueuedPrompt) => Promise<void>
      ): Promise<void> {
        if (this.queue.length === 0) {
          this.logger.debug('Execute queue called with empty queue', {
            queueSize: 0,
          });
          return;
        }
    
        if (this.isExecuting) {
          this.logger.warn('Queue already executing', {
            queueSize: this.queue.length,
          });
          return;
        }
    
        const correlationId = this.logger.startFeatureFlow('execute-queue', {
          queueSize: this.queue.length,
        });
        const startTime = Date.now();
    
        this.logger.logStateChange('queue-executing', false, true, 'execute-queue-start');
        this.isExecuting = true;
    
        try {
          this.logger.info('Starting queue execution', {
            correlationId,
            promptCount: this.queue.length,
          });
    
          let completedCount = 0;
          let failedCount = 0;
    
          for (const prompt of this.queue) {
            this.logger.featureStep(correlationId, 'execute-prompt', {
              promptId: prompt.id,
              position: completedCount + 1,
              total: this.queue.length,
            });
    
            try {
              await executePrompt(prompt);
              completedCount++;
    
              this.logger.info('Prompt executed successfully', {
                correlationId,
                promptId: prompt.id,
                position: completedCount,
              });
            } catch (error) {
              failedCount++;
    
              this.logger.error(
                'Prompt execution failed',
                {
                  correlationId,
                  promptId: prompt.id,
                  position: completedCount + 1,
                  text: prompt.text.slice(0, 100),
                },
                error as Error
              );
            }
          }
    
          const duration = Date.now() - startTime;
    
          this.logger.performance('execute-queue', duration, {
            totalPrompts: this.queue.length,
            completedPrompts: completedCount,
            failedPrompts: failedCount,
          });
    
          this.logger.info('Queue execution completed', {
            correlationId,
            totalPrompts: this.queue.length,
            completedCount,
            failedCount,
            duration,
          });
    
          this.queue = [];
    
          this.logger.endFeatureFlow(correlationId, {
            success: true,
            completedCount,
            failedCount,
            duration,
          });
        } catch (error) {
          this.logger.error(
            'Queue execution failed',
            { correlationId },
            error as Error
          );
    
          this.logger.endFeatureFlow(correlationId, {
            success: false,
            error: String(error),
          });
          throw error;
        } finally {
          this.isExecuting = false;
          this.logger.logStateChange('queue-executing', true, false, 'execute-queue-end');
        }
      }
    
      /**
       * Clear queue with logging
       */
      clearQueue(): void {
        const correlationId = this.logger.startFeatureFlow('clear-queue', {
          currentSize: this.queue.length,
        });
    
        const previousSize = this.queue.length;
    
        this.logger.logStateChange('queue-size', previousSize, 0, 'clear-queue');
        this.logger.logStateChange('queue', this.queue, [], 'clear-queue');
    
        this.queue = [];
    
        this.logger.info('Queue cleared', {
          correlationId,
          previousSize,
          cleared: true,
        });
    
        this.logger.endFeatureFlow(correlationId, {
          success: true,
          itemsCleared: previousSize,
        });
      }
    
      /**
       * Get queue state
       */
      getQueueState(): { size: number; isExecuting: boolean; prompts: Array<{ id: string; text: string }> } {
        return {
          size: this.queue.length,
          isExecuting: this.isExecuting,
          prompts: this.queue.map(p => ({ id: p.id, text: p.text.slice(0, 50) })),
        };
      }
    
      /**
       * Handle dispatch queued item
       */
      async handleDispatchQueuedItem(
        mode: string,
        sessionId: string | undefined,
        id?: string,
        index?: number,
      ): Promise<void> {
        const flow = this.logger.startFeatureFlow('DispatchQueuedItem', { mode, sessionId, id, index });
        const currentSessionId = this.getCurrentSessionId();
        const finalSessionId = sessionId || currentSessionId;
    
        if (!finalSessionId) {
          this.logger.warn('No session ID for queued item', { id, index });
          this.logger.endFeatureFlow(flow, { status: 'failed', reason: 'No session ID' });
          return;
        }
    
        this.logger.featureStep(flow, 'dispatching_item', { id, index });
    
        if (id) {
          // Add specific queued item by ID
          const prompt = this.queue.find(p => p.id === id);
          if (prompt) {
            prompt.sessionId = finalSessionId;
            this.logger.featureStep(flow, 'sending_message_by_id', { id });
            await this.handleSendMessage(
              prompt.text,
              prompt.files,
              prompt.contexts,
              prompt.images,
              prompt.agent,
              false,
              undefined,
              false,
              undefined,
              prompt.userFacingText,
            );
            this.logger.endFeatureFlow(flow, { status: 'completed', id });
          } else {
            this.logger.warn('Queued item not found', { id });
            this.logger.endFeatureFlow(flow, { status: 'failed', reason: 'Item not found', id });
          }
        } else if (index !== undefined && index >= 0 && index < this.queue.length) {
          // Add by index
          const prompt = this.queue[index];
          prompt.sessionId = finalSessionId;
          this.logger.featureStep(flow, 'sending_message_by_index', { index });
          await this.handleSendMessage(
            prompt.text,
            prompt.files,
            prompt.contexts,
            prompt.images,
            prompt.agent,
            false,
            undefined,
            false,
            undefined,
            prompt.userFacingText,
          );
          this.logger.endFeatureFlow(flow, { status: 'completed', index });
        } else {
          this.logger.endFeatureFlow(flow, { status: 'failed', reason: 'Invalid index or ID', index, id });
        }
      }
    
      /**
       * Handle remove from queue
       */
      async handleRemoveFromQueue(payload: { id: string }): Promise<void> {
        const { id } = payload;
        const index = this.queue.findIndex(p => p.id === id);
    
        if (index !== -1) {
          const correlationId = this.logger.startFeatureFlow('remove-from-queue', {
            promptId: id,
            queuePosition: index + 1,
          });
    
          this.queue.splice(index, 1);
    
          this.logger.logStateChange(
            'queue-size',
            this.queue.length + 1,
            this.queue.length,
            'remove-from-queue'
          );
    
          this.logger.info('Prompt removed from queue', {
            correlationId,
            promptId: id,
            queueSize: this.queue.length,
          });
    
          this.logger.endFeatureFlow(correlationId, {
            success: true,
            queueSize: this.queue.length,
          });
        }
      }
    
      /**
       * Handle clear queue
       */
      async handleClearQueue(payload: { sessionId: string }): Promise<void> {
        const flow = this.logger.startFeatureFlow('ClearQueue', { sessionId: payload.sessionId });
        const previousSize = this.queue.length;
    
        this.clearQueue();
        this.sendQueueUpdate(payload.sessionId);
    
        this.logger.info('Queue cleared', {
          sessionId: payload.sessionId,
          previousSize,
          newSize: 0,
        });
        this.logger.endFeatureFlow(flow, { status: 'completed', previousSize });
      }
    
      /**
       * Send queue update to webview
       */
      sendQueueUpdate(sessionId: string): void {
        this.postMessage({
          type: 'queueUpdate',
          sessionId,
          queue: this.getQueueState(),
        });
      }
    
      /**
       * Handle execute queue
       */
      async handleExecuteQueue(payload: { sessionId: string }): Promise<void> {
        const flow = this.logger.startFeatureFlow('ExecuteQueue', { sessionId: payload.sessionId });
        const { sessionId } = payload;
    
        if (this.queue.length === 0) {
          this.logger.debug('Execute queue called with empty queue', {
            queueSize: 0,
          });
          this.logger.endFeatureFlow(flow, { status: 'skipped', reason: 'Empty queue' });
          return;
        }
    
        const queueSize = this.queue.length;
        this.logger.featureStep(flow, 'executing_queue', { queueSize, sessionId });
    
        // Update session IDs for all prompts
        for (const prompt of this.queue) {
          prompt.sessionId = sessionId;
        }
    
        // Execute queue
        await this.executeQueue(async (prompt) => {
          await this.handleSendMessage(
            prompt.text,
            prompt.files,
            prompt.contexts,
            prompt.images,
            prompt.agent,
            false,
            undefined,
            false,
            undefined,
            prompt.userFacingText,
          );
        });
    
        this.logger.info('Queue execution completed', {
          sessionId,
          itemsExecuted: queueSize,
        });
        this.logger.endFeatureFlow(flow, { status: 'completed', itemsExecuted: queueSize });
    
        // Send update after execution
        this.sendQueueUpdate(sessionId);
      }
    }
    
    
    /* FILE: E:\Projects\vscode-opencode\src\providers\chat\SessionHandler.ts */
    
    /**
     * SessionHandler Module
     *
     * Session CRUD operations (load, delete, rename, create, get sessions list).
     *
     * Extracted from ChatViewProvider.ts (~250 lines)
     */
    
    import type { SessionService } from "../../services/SessionService";
    import type { HistoryProcessor } from "./HistoryProcessor";
    import type { SubagentPersistence } from "./SubagentPersistence";
    import type { CompactionManager } from "./CompactionManager";
    import type { ModelAndAgentManager } from "./ModelAndAgentManager";
    
    export class SessionHandler {
      private sessionsListRequestVersion = 0;
      private lastSessionsPayloadFingerprint = "";
      private processingSessionIds = new Set<string>();
    
      constructor(
        private sessionService: SessionService,
        private historyProcessor: HistoryProcessor,
        private subagentPersistence: SubagentPersistence,
        private compactionManager: CompactionManager,
        private modelAndAgentManager: ModelAndAgentManager,
        private logger: ReturnType<typeof import("../../utils/Logger").createLogger>,
      ) {
        this.postMessage = () => {};
        this.getCurrentSessionId = () => undefined;
        this.setCurrentSessionId = () => {};
      }
    
      private postMessage: (msg: any) => void;
      private getCurrentSessionId: () => string | undefined;
      private setCurrentSessionId: (id: string | undefined) => void;
    
      setPostMessage(fn: (msg: any) => void): void {
        this.postMessage = fn;
      }
    
      setGetCurrentSessionId(fn: () => string | undefined): void {
        this.getCurrentSessionId = fn;
      }
    
      setSetCurrentSessionId(fn: (id: string | undefined) => void): void {
        this.setCurrentSessionId = fn;
      }
    
      /**
       * Handle get sessions request
       */
      async handleGetSessions(): Promise<void> {
        this.sessionsListRequestVersion += 1;
        const currentVersion = this.sessionsListRequestVersion;
    
        try {
          const sessions = await this.sessionService.listSessions();
          const sessionsPayload = sessions.map((session: any) => ({
            id: session.id,
            title: session.title || session.id,
            createdAt: session.createdAt,
            updatedAt: session.updatedAt,
          }));
    
          const fingerprint = JSON.stringify(sessionsPayload);
          if (fingerprint === this.lastSessionsPayloadFingerprint) {
            return;
          }
          this.lastSessionsPayloadFingerprint = fingerprint;
    
          if (currentVersion !== this.sessionsListRequestVersion) {
            return;
          }
    
          this.postMessage({
            type: "sessionsList",
            sessions: sessionsPayload,
          });
        } catch (error) {
          this.logger.error("Failed to get sessions", { error });
        }
      }
    
      /**
       * Send processing sessions update
       */
      sendProcessingSessionsUpdate(): void {
        this.postMessage({
          type: "sessionsListUpdate",
          processingSessionIds: Array.from(this.processingSessionIds),
        });
      }
    
      /**
       * Handle load session request
       */
      async handleLoadSession(message: { sessionId: string }): Promise<void> {
        const { sessionId } = message;
        if (!sessionId) {
          return;
        }
    
        if (this.processingSessionIds.has(sessionId)) {
          this.logger.warn("Session already loading", { sessionId });
          return;
        }
    
        this.processingSessionIds.add(sessionId);
        this.sendProcessingSessionsUpdate();
    
        try {
          // CRITICAL: Switch the active session in SessionService
          // This updates the service's internal state and persists it
          await this.sessionService.switchSession(sessionId);
    
          const rawMessages = await this.sessionService.loadSessionMessages(sessionId);
          const messages = Array.isArray(rawMessages)
            ? this.historyProcessor.processHistoryMessages(rawMessages, sessionId)
            : [];
    
          await this.subagentPersistence.syncSubagentSnapshotForSession(sessionId, messages);
          await this.compactionManager.sendPersistedCompactionViewState(sessionId);
          await this.modelAndAgentManager.applySessionSettings(sessionId);
    
          this.postMessage({
            type: "chatHistory",
            sessionId,
            messages,
          });
    
          this.setCurrentSessionId(sessionId);
          this.logger.info("Session loaded", { sessionId, messageCount: messages.length });
        } catch (error) {
          this.logger.error("Failed to load session", { sessionId, error });
        } finally {
          this.processingSessionIds.delete(sessionId);
          this.sendProcessingSessionsUpdate();
        }
      }
    
      /**
       * Handle delete session request
       */
      async handleDeleteSession(sessionId: string): Promise<void> {
        if (!sessionId) {
          return;
        }
    
        try {
          await this.sessionService.deleteSession(sessionId);
          await this.subagentPersistence.clearPersistedSubagentSnapshot(sessionId);
          await this.compactionManager.clearPersistedCompactionViewState(sessionId);
    
          const currentSessionId = this.getCurrentSessionId();
          if (currentSessionId === sessionId) {
            this.setCurrentSessionId(undefined);
          }
    
          await this.handleGetSessions();
          this.logger.info("Session deleted", { sessionId });
        } catch (error) {
          this.logger.error("Failed to delete session", { sessionId, error });
        }
      }
    
      /**
       * Handle rename session request
       */
      async handleRenameSession(sessionId: string, newTitle: string): Promise<void> {
        if (!sessionId || !newTitle) {
          return;
        }
    
        try {
          await this.sessionService.renameSession(sessionId, newTitle);
          await this.handleGetSessions();
          this.logger.info("Session renamed", { sessionId, newTitle });
        } catch (error) {
          this.logger.error("Failed to rename session", { sessionId, error });
        }
      }
    }
    
    
    /* FILE: E:\Projects\vscode-opencode\src\providers\chat\StreamEventHandler.ts */
    
    /**
     * StreamEventHandler Module
     *
     * The entire streamService.subscribe(...) callback body — token tracking,
     * subagent updates, todo persistence, event enrichment, and stream forwarding.
     *
     * Extracted from ChatViewProvider.ts (~350 lines)
     */
    
    import type { StructuredOutputProcessor } from "./StructuredOutputProcessor";
    import type { SubagentPersistence } from "./SubagentPersistence";
    import type { CompactionManager } from "./CompactionManager";
    import type { DiagnosticsLogger } from "./DiagnosticsLogger";
    import type { GeminiTokenUsageTracker } from "../../services/GeminiTokenUsageTracker";
    import type { SubagentTracker } from "../../services/SubagentTracker";
    import { LoggingCategories } from "../../utils/LoggingSchema";
    
    export class StreamEventHandler {
      private awaitingInteractiveAnswer = false;
      private streamStartTime?: number;
      private eventCount = 0;
      private lastEventTime?: number;
    
      constructor(
        private structuredOutputProcessor: StructuredOutputProcessor,
        private subagentPersistence: SubagentPersistence,
        private compactionManager: CompactionManager,
        private diagnosticsLogger: DiagnosticsLogger,
        private geminiTokenTracker: GeminiTokenUsageTracker,
        private subagentTracker: SubagentTracker,
        private logger: ReturnType<typeof import("../../utils/Logger").createLogger>,
      ) {
        this.postMessage = () => {};
        this.getCurrentSessionId = () => undefined;
      }
    
      private postMessage: (msg: any) => void;
      private getCurrentSessionId: () => string | undefined;
    
      setPostMessage(fn: (msg: any) => void): void {
        this.postMessage = fn;
      }
    
      setGetCurrentSessionId(fn: () => string | undefined): void {
        this.getCurrentSessionId = fn;
      }
    
      /**
       * Handle stream event
       */
      async handleStreamEvent(event: any): Promise<void> {
        if (!event) return;
    
        const enrichedEvent = this.structuredOutputProcessor.enrichStreamEvent(event);
    
        this.diagnosticsLogger.logStreamEventDiagnostics(event, enrichedEvent);
    
        const properties = enrichedEvent?.properties || event?.properties || {};
        const info = properties?.info || {};
        const sessionId =
          enrichedEvent?.sessionId ||
          event?.sessionId ||
          properties?.sessionId ||
          info?.sessionId ||
          this.getCurrentSessionId();
    
        // Handle compaction status
        if (event?.type === "message.completed" && properties?.compaction) {
          this.compactionManager.forwardCompactionStatusFromStreamEvent(properties.compaction);
        }
    
        // Handle subagent updates
        if (properties?.subagentsDelta || enrichedEvent?.structured?.subagentsDelta) {
          const subagentUpdate = properties?.subagentsDelta || enrichedEvent?.structured?.subagentsDelta;
          await this.subagentPersistence.persistSubagentUpdateSnapshot(
            subagentUpdate,
            this.getCurrentSessionId(),
            // sessionService and postMessage will be provided by shell
            {} as any,
            this.postMessage,
          );
        }
    
        // Track token usage
        if (properties?.usage) {
          const providerId = info?.providerID || info?.providerId || "unknown";
          const modelId = info?.modelID || info?.modelId || "unknown";
          const model = `${providerId}/${modelId}`;
          this.geminiTokenTracker.recordUsage(model, properties.usage);
        }
    
        // Forward to webview
        this.postMessage({
          type: "streamEvent",
          event: enrichedEvent || event,
          sessionId,
        });
      }
    
      /**
       * Start stream with logging
       */
      startStream(sessionId: string, messageId: string): void {
        this.streamStartTime = Date.now();
        this.eventCount = 0;
        this.lastEventTime = Date.now();
    
        const correlationId = this.logger.startFeatureFlow('ai-stream', {
          sessionId,
          messageId,
        });
    
        this.logger.info( 'AI stream started', {
          correlationId,
          sessionId,
          messageId,
        });
      }
    
      /**
       * End stream with logging
       */
      endStream(sessionId: string, messageId: string, success: boolean): void {
        if (!this.streamStartTime) {
          this.logger.warn( 'Stream ended but never started', {
            sessionId,
            messageId,
          });
          return;
        }
    
        const duration = Date.now() - this.streamStartTime;
        const flow = this.logger.getActiveFeatureFlow();
    
        this.logger.performance('ai-stream', duration, {
          sessionId,
          messageId,
          eventCount: this.eventCount,
          success,
          eventsPerSecond: (this.eventCount / (duration / 1000)).toFixed(2),
        });
    
        if (flow) {
          this.logger.endFeatureFlow(flow.correlationId, {
            success,
            duration,
            eventCount: this.eventCount,
          });
        }
    
        this.logger.info( 'AI stream ended', {
          sessionId,
          messageId,
          duration,
          eventCount: this.eventCount,
          success,
        });
    
        // Reset state
        this.streamStartTime = undefined;
        this.eventCount = 0;
        this.lastEventTime = undefined;
      }
    
      /**
       * Log structured output processing
       */
      logStructuredOutputProcessing(
        sessionId: string,
        messageId: string,
        structured: any,
      ): void {
        this.logger.info( 'Structured output processed', {
          sessionId,
          messageId,
          responseType: structured.responseType,
          hasProgressUpdates: structured.progressUpdates?.length > 0,
          hasInteractiveEvents: structured.interactiveEvents?.length > 0,
          hasPlan: !!structured.plan,
        });
      }
    }
    
    
    /* FILE: E:\Projects\vscode-opencode\src\providers\chat\types.ts */
    
    /**
     * Shared type definitions for ChatViewProvider modules
     *
     * This file contains all shared types used across the chat modules.
     * Originally defined in ChatViewProvider.ts (lines 137-364).
     */
    
    import type {
      StructuredResponseType as StructuredResponseTypeDefinition,
    } from "../../shared/structuredOutputSchema";
    
    /**
     * A queued prompt waiting to be executed
     */
    export type QueuedPrompt = {
      id: string;
      sessionId: string;
      createdAt: number;
      text: string;
      userFacingText?: string;
      files?: string[];
      contexts?: {
        file: string;
        lineInfo: string;
        content: string;
        languageId: string;
      }[];
      images?: {
        dataUrl: string;
        filename?: string;
      }[];
      agent?: string;
    };
    
    /**
     * Mode for dispatching a prompt
     */
    export type PromptDispatchMode = "queue" | "steer" | "send-now";
    
    /**
     * A comment on a plan proceed action
     */
    export type PlanProceedComment = {
      id: string;
      anchor: {
        startLine: number;
        endLine: number;
        selectedText: string;
        surroundingText?: string;
      };
      text: string;
      createdAt: number;
    };
    
    /**
     * Session-specific settings
     */
    export type SessionSettings = {
      agent?: string;
      model?: { providerID: string; modelID: string; providerName?: string };
      thinkingLevel?: string;
    };
    
    /**
     * Context recovered from a previous session
     */
    export type RecoveredSessionContext = {
      previousSessionId: string;
      transcript: string;
    };
    
    /**
     * Structured response type from the schema
     */
    export type StructuredResponseType = StructuredResponseTypeDefinition;
    
    /**
     * A slash command available in the chat
     */
    export type ChatSlashCommand = {
      name: string;
      description?: string;
      agent?: string;
      model?: string;
      template?: string;
      source?: string;
      subtask?: boolean;
    };
    
    /**
     * A model option available for selection
     */
    export type ChatModelOption = {
      providerID: string;
      modelID: string;
      name: string;
      providerName: string;
      contextLimit?: number;
    };
    
    /**
     * Statistics from a compaction baseline
     */
    export type CompactionBaselineStats = {
      input: number;
      output: number;
      read: number;
      write: number;
      duration: number;
    };
    
    /**
     * Persisted compaction view state for a session
     */
    export type PersistedCompactionViewState = {
      lastCompactedAt?: number;
      baselineStats?: CompactionBaselineStats;
      compactionDividerIndex?: number;
      compactionDividerBeforeMessageId?: string;
      compactionDividerAfterMessageId?: string;
      collapsed?: boolean;
    };
    
    /**
     * A progress update in a structured response
     */
    export type StructuredProgressUpdate = {
      title: string;
      status?: "pending" | "done" | "error";
      meta?: string;
      filePath?: string;
    };
    
    /**
     * A marker for assistant history messages
     */
    export type AssistantHistoryMarker = {
      id?: string;
      fingerprint?: string;
      createdAt?: number;
      richness: number;
    };
    
    /**
     * An interactive choice in a structured response
     */
    export type StructuredInteractiveChoice = {
      id?: string;
      label: string;
      value?: string;
      description?: string;
    };
    
    /**
     * An interactive event in a structured response
     */
    export type StructuredInteractiveEvent =
      | {
          type: "question";
          id?: string;
          title?: string;
          question: string;
          options: StructuredInteractiveChoice[];
          multiSelect?: boolean;
          allowCustomInput?: boolean;
        }
      | {
          type: "confirm";
          id?: string;
          title?: string;
          question: string;
          confirmLabel?: string;
          cancelLabel?: string;
        }
      | {
          type: "quick_actions";
          id?: string;
          title?: string;
          actions: StructuredInteractiveChoice[];
        }
      | {
          type: "message";
          id?: string;
          title?: string;
          message: string;
          dismissLabel?: string;
        };
    
    /**
     * Structured assistant output containing various response types
     */
    export type StructuredAssistantOutput = {
      responseType?: StructuredResponseType | string;
      message?: string;
      reasoning?: string[];
      progressUpdates?: StructuredProgressUpdate[];
      interactiveEvents?: StructuredInteractiveEvent[];
      subagents?: Array<{
        id: string;
        name: string;
        status?: string;
        progress?: number;
        description?: string;
        latestActivity?: string;
        childSessionId?: string;
        parentSessionId?: string;
        parentMessageId?: string;
        timelineEvents?: Array<{
          key?: string;
          type?: string;
          label?: string;
          createdAt?: number;
          messageID?: string;
          partID?: string;
          callID?: string;
        }>;
        progressEvents?: Array<{
          id?: string;
          title?: string;
          status?: string;
          meta?: string;
          filePath?: string;
          createdAt?: number;
          messageID?: string;
          partID?: string;
          callID?: string;
        }>;
        thinkingEvents?: Array<{
          id?: string;
          text?: string;
          createdAt?: number;
          messageID?: string;
          partID?: string;
        }>;
      }>;
      subagentsDelta?: {
        parentMessageId?: string;
        items: Array<{
          id: string;
          name?: string;
          status?: string;
          progress?: number;
          description?: string;
          latestActivity?: string;
          childSessionId?: string;
          parentSessionId?: string;
          parentMessageId?: string;
        }>;
      };
      plan?: {
        file?: string;
        content?: string;
        title?: string;
        intro?: string;
        summary?: string;
        files?: any[]; // To match ImplementationPlan structure
        fileCount?: number;
      };
      question?: {
        type?: string;
        id?: string;
        title?: string;
        question?: string;
        multiSelect?: boolean;
        allowCustomInput?: boolean;
        options?: Array<{ id?: string; label?: string; value?: string; description?: string }>;
        actions?: Array<{ id?: string; label?: string; value?: string; description?: string }>;
        confirmLabel?: string;
        cancelLabel?: string;
        dismissLabel?: string;
        message?: string;
        content?: string;
      };
    };
    
    /**
     * Set of all valid structured response types (lowercase)
     */
    export const STRUCTURED_RESPONSE_TYPES = new Set(
      (
        (
          (structuredOutputSchema as any).schema?.properties as {
            responseType?: { enum?: string[] };
          }
        )?.responseType?.enum ?? []
      ).map((value: string) => value.toLowerCase()),
    );
    
    // Re-import structuredOutputSchema for the constant above
    import { structuredOutputSchema } from "../../shared/structuredOutputSchema";
    
  operator: 'match'
  stack: |-
    TestContext.<anonymous> (file:///E:/Projects/vscode-opencode/tests/unit/providers/timeout-configuration.test.mjs:171:10)
    Test.runInAsyncScope (node:async_hooks:214:14)
    Test.run (node:internal/test_runner/test:1047:25)
    Test.processPendingSubtests (node:internal/test_runner/test:744:18)
    Test.postRun (node:internal/test_runner/test:1173:19)
    Test.run (node:internal/test_runner/test:1101:12)
    async Test.processPendingSubtests (node:internal/test_runner/test:744:7)
  ...
# Subtest: promptWithStructuredOutput logs SDK call initiation
not ok 1036 - promptWithStructuredOutput logs SDK call initiation
  ---
  duration_ms: 1.964
  type: 'test'
  location: 'E:\\Projects\\vscode-opencode\\tests\\unit\\providers\\timeout-configuration.test.mjs:178:1'
  failureType: 'testCodeFailure'
  error: 'Should log timeout value'
  code: 'ERR_ASSERTION'
  name: 'AssertionError'
  expected:
  actual: |-
    
    
    /* FILE: E:\Projects\vscode-opencode\src\providers\ChatViewProvider.ts */
    
    /**
     * Chat View Provider - Core UI Provider for Chat Interface
     *
     * This provider manages the webview-based chat interface that serves as the
     * primary UI for the OpenCode extension. It handles all communication between
     * the extension backend and the webview frontend.
     *
     * **Architecture Overview:**
     * - Implements WebviewViewProvider for VSCode sidebar integration
     * - Manages bidirectional message passing with webview
     * - Handles AI message streaming via MessageStreamService
     * - Detects and persists implementation plans
     * - Manages prompt queue for batch execution
     * - Coordinates with SessionService for session management
     *
     * ============================================================================
     * WEBVIEW MESSAGE PROTOCOL
     * ============================================================================
     *
     * This provider communicates with the webview via VSCode's postMessage API.
     * All messages have a `type` property that determines how they're handled.
     *
     * EXTENSION → WEBVIEW messages (sent via view?.webview.postMessage):
     * {
     *   type: 'initState' | 'chatHistory' | 'sessionsList' | 'streamEvent' |
     *         'statusUpdate' | 'modeChanged' | 'modelsList' | 'agentsList' |
     *         'fileSearchResults',
     *   ...payload
     * }
     *
     * WEBVIEW → EXTENSION messages (received in onDidReceiveMessage):
     * {
     *   type: 'ready' | 'sendMessage' | 'createSession' | 'switchSession' |
     *         'deleteSession' | 'renameSession' | 'getSessions' | 'toggleMode' | 'getModels' |
     *         'selectModel' | 'getAgents' | 'selectAgent' | 'addToQueue' |
     *         'executeQueue' | 'clearQueue' | 'viewPlan' | 'openDiff',
     *   ...payload
     * }
     *
     * MESSAGE FLOW EXAMPLES:
     *
     * 1. Initialization Flow:
     *    webview: {type: 'ready'}
     *    extension: {type: 'initState', mode, serverStatus, selectedModel}
     *    extension: {type: 'chatHistory', messages: [...]}
     *    extension: {type: 'sessionsList', sessions: [...]}
     *
     * 2. Send Message Flow:
     *    webview: {type: 'sendMessage', text: '...', files: [...]}
     *    extension: [streams response via streamEvent messages]
     *    extension: {type: 'chatHistory', messages: [...]}
     *
     * 3. Streaming Response Flow:
     *    extension: {type: 'streamEvent', event: {type: 'message.part.updated'}}
     *    extension: {type: 'streamEvent', event: {type: 'message.updated'}}
     *
     * ============================================================================
     * KEY RESPONSIBILITIES
     * ============================================================================
     *
     * 1. WebView Lifecycle:
     *    - Creates and initializes the webview
     *    - Sets up message handlers
     *    - Manages webview options (scripts, local resources)
     *
     * 2. Message Handling:
     *    - Receives messages from webview
     *    - Dispatches to appropriate handler methods
     *    - Sends responses back to webview
     *
     * 3. Streaming Integration:
     *    - Subscribes to MessageStreamService for real-time updates
     *    - Forwards stream events to webview
     *    - Handles stream completion and errors
     *
     * 4. Plan Detection:
     *    - Analyzes AI responses for implementation plans
     *    - Auto-saves detected plans to workspace
     *    - Notifies user and provides plan viewing option
     *
     * 5. Queue Management:
     *    - Maintains prompt queue for batch execution
     *    - Executes prompts sequentially
     *    - Manages execution state
     *
     * 6. State Synchronization:
     *    - Tracks selected model/agent
     *    - Persists selections to global state
     *    - Syncs with webview on initialization
     *
     * @module ChatViewProvider
     * @see MessageStreamService for streaming implementation
     * @see SessionService for session management
     * @see webview/shared/src/chat/index.tsx for frontend implementation
     */
    
    import type { SessionPromptData } from "@opencode-ai/sdk" with { "resolution-mode": "import" };
    import * as cp from "child_process";
    import * as path from "path";
    import * as vscode from "vscode";
    import {
      CssGenerator,
      FileThemeProcessor,
      FileThemeProcessorObserver,
      FileThemeProcessorState,
    } from "vscode-file-theme-processor";
    import type { TokenUsage } from "../services/GeminiTokenUsageTracker";
    import { GeminiTokenUsageTracker } from "../services/GeminiTokenUsageTracker";
    import { MessageStreamService } from "../services/MessageStreamService";
    import { ModelCapabilitiesService } from "../services/ModelCapabilitiesService";
    import { OpencodeServerManager } from "../services/OpencodeServerManager";
    import { QuotaService } from "../services/QuotaService";
    import { RequestBudgeter } from "../services/RequestBudgeter";
    import { SessionService } from "../services/SessionService";
    import { SkillManagerService } from "../services/SkillManagerService";
    import {
      SubagentTracker,
      type SubagentUpdatePayload,
    } from "../services/SubagentTracker";
    import { TitleGeneratorService } from "../services/TitleGeneratorService";
    import { createLogger } from "../utils/Logger";
    import { LoggingCategories } from "../utils/LoggingSchema";
    import {
      CompactionManager,
      DiagnosticsLogger,
      HistoryProcessor,
      ModelAndAgentManager,
      PlanManager,
      QueueManager,
      SessionHandler,
      StreamEventHandler,
      StructuredOutputProcessor,
      SubagentPersistence,
      type AssistantHistoryMarker,
      type ChatModelOption,
      type ChatSlashCommand,
      type PlanProceedComment,
      type PromptDispatchMode,
      type QueuedPrompt,
      type RecoveredSessionContext,
      type StructuredAssistantOutput
    } from "./chat/index";
    import type { ConfigFile } from "./ConfigFilesProvider";
    import { ConfigFilesProvider } from "./ConfigFilesProvider";
    import { PlanViewProvider } from "./PlanViewProvider";
    
    const log = createLogger(LoggingCategories.CHAT_VIEW);
    
    // All types (QueuedPrompt, PromptDispatchMode, SessionSettings, ChatModelOption,
    // ChatSlashCommand, PersistedCompactionViewState, CompactionBaselineStats,
    // StructuredProgressUpdate, AssistantHistoryMarker, StructuredInteractiveChoice,
    // StructuredInteractiveEvent, StructuredAssistantOutput, PlanProceedComment,
    // RecoveredSessionContext) and constants (STRUCTURED_RESPONSE_TYPES) are now
    // imported from ./chat/index
    
    /**
     * Provides the chat interface webview for the OpenCode extension.
     *
     * This class is the core UI provider, managing all communication between
     * the extension backend and the chat webview frontend.
     *
     * **Usage:**
     * ```typescript
     * const provider = new ChatViewProvider(context, serverManager, sessionService);
     * context.subscriptions.push(
     *   vscode.window.registerWebviewViewProvider('opencode.chatView', provider)
     * );
     * ```
     *
     * **Integration Points:**
     * - OpencodeServerManager: For server status and client access
     * - SessionService: For session and message management
     * - MessageStreamService: For real-time AI response streaming
     * - PlanViewProvider: For displaying detected implementation plans
     *
     * **Thread Safety:**
     * This class is not thread-safe. All methods should be called from the
     * main VSCode extension host thread.
     *
     * @see WebviewViewProvider for VSCode webview provider interface
     */
    export class ChatViewProvider
      implements vscode.WebviewViewProvider, FileThemeProcessorObserver {
      private static readonly SUBAGENT_SNAPSHOT_PREFIX =
        "opencode.session.subagents.";
      private static readonly COMPACTION_VIEW_STATE_PREFIX =
        "opencode.session.compaction-view.";
      /** The webview instance (undefined before initialization) */
      private view?: vscode.WebviewView;
    
      /** Service for streaming events from the server */
      private streamService: MessageStreamService;
    
      /** Unsubscribe function for stream service cleanup */
      private unsubscribe?: () => void;
    
      /** Service for monitoring AI platform quota usage */
      private quotaService: QuotaService;
      private subagentTracker: SubagentTracker;
    
      /** Provider for managing configuration files */
      private configFilesProvider: ConfigFilesProvider;
    
      /** Service for managing custom skill installation and lifecycle */
      private skillManager: SkillManagerService;
      /** Service for resolving model capabilities (reasoning, variants) */
      private modelCapabilitiesService: ModelCapabilitiesService;
    
      /** Service for tracking Gemini token usage from stream events */
      private geminiTokenTracker: GeminiTokenUsageTracker;
      /** Service for managing daily request budgets */
      private budgeter: RequestBudgeter;
    
      private fileThemeProcessor: FileThemeProcessor;
      private cssGenerator: CssGenerator;
      private currentThemeCss: string | undefined;
    
      /** Logger for tracking events and metrics */
      private readonly logger: ReturnType<typeof createLogger>;
      private renderParityLogWriteChain: Promise<void> = Promise.resolve();
      private renderParityDebugFilePath?: string;
      private didLogRenderParityFilePath = false;
    
      /** Currently selected AI model (persisted to global state) */
      private selectedModel: {
        providerID: string;
        modelID: string;
        providerName?: string;
      } = {
          providerID: "opencode",
          modelID: "big-pickle",
          providerName: undefined,
        };
    
      /** Cache of available models returned from the server (used to resolve providerName) */
      // Cache of available models returned from the server (used to resolve providerName)
      // This cached list allows the extension to enrich selections sent from the webview
      // when the webview omits providerName.
      private availableModels?: ChatModelOption[];
    
      /** Currently selected agent (primary agent used for new sessions) */
      private selectedAgent: string = "build";
    
      /** Current chat mode (e.g., 'chat', 'agent', etc.) */
      private currentMode: string = "chat";
    
      /** ID of the session currently active in the webview (undefined until first bootstrap) */
      private currentSessionId: string | undefined;
      private currentTodoItems: unknown[] = [];
      private awaitingInteractiveAnswer = false;
      private interactiveResponseTransitionUntil = 0;
    
      /** Debouncing for todo persistence to reduce state write frequency during streaming */
      private todoPersistenceTimer: NodeJS.Timeout | null = null;
      private pendingTodoPersistence = false;
    
      private getTodoStorageKey(sessionId: string): string {
        return `opencode.session.todos.${sessionId}`;
      }
    
      private loadPersistedTodos(sessionId?: string): { items: unknown[]; lastUpdatedAt?: number } {
        if (!sessionId) return { items: [] };
        const raw = this.context.workspaceState.get<{ items: unknown[]; lastUpdatedAt: number }>(
          this.getTodoStorageKey(sessionId),
        );
        return { items: raw?.items ?? [], lastUpdatedAt: raw?.lastUpdatedAt };
      }
    
      private clearSessionTodos(sessionId?: string): void {
        this.currentTodoItems = [];
        if (sessionId) {
          this.context.workspaceState.update(this.getTodoStorageKey(sessionId), undefined);
        }
      }
    
      /**
       * Schedules a debounced todo persistence operation.
       * Multiple rapid calls during streaming will only trigger one write after 1 second.
       *
       * **Performance Note:** This reduces state write frequency during streaming by debouncing.
       * The persistence happens in the background without blocking the event loop.
       */
      private scheduleTodoPersistence(
        targetSessionId: string,
        todoItems: unknown[]
      ): void {
        // Clear any pending persistence timer
        if (this.todoPersistenceTimer) {
          clearTimeout(this.todoPersistenceTimer);
        }
    
        // Mark that we have pending persistence
        this.pendingTodoPersistence = true;
    
        // Schedule persistence after 1 second of inactivity (debouncing)
        this.todoPersistenceTimer = setTimeout(() => {
          this.persistTodoItems(targetSessionId, todoItems).catch((error) => {
            this.logger.warn("Failed to persist todo snapshot", { error });
          });
          this.pendingTodoPersistence = false;
          this.todoPersistenceTimer = null;
        }, 1000);
      }
    
      /**
       * Persists todo items to workspace state.
       * This method is async and debounced - called in the background.
       *
       * **Performance Note:** Previously called on every todo_update event during streaming.
       * Now debounced to reduce write frequency by 80-90%.
       */
      private async persistTodoItems(
        targetSessionId: string,
        incomingTodos: unknown[]
      ): Promise<void> {
        const key = this.getTodoStorageKey(targetSessionId);
        const existing =
          (this.context.workspaceState.get<{
            items: unknown[];
            lastUpdatedAt: number;
          }>(key) as { items: unknown[]; lastUpdatedAt: number } | undefined) ??
          { items: [], lastUpdatedAt: 0 };
    
        // Merge/upsert incoming items into existing snapshot using id + lifecycle rank
        const incoming = Array.isArray(incomingTodos) ? incomingTodos : [];
    
        const LIFECYCLE_RANK: Record<string, number> = {
          pending: 0,
          in_progress: 1,
          completed: 2,
          failed: 2,
          cancelled: 2,
        };
    
        interface StoredTodoItem { id: string; text: string; status: string;[key: string]: unknown }
    
        const byId = new Map<string, StoredTodoItem>();
        for (const item of existing.items) {
          const rec = item as Record<string, unknown>;
          const id = typeof rec?.id === "string" ? rec.id : undefined;
          if (!id) continue;
          byId.set(id, item as StoredTodoItem);
        }
    
        for (const inc of incoming) {
          if (!inc || typeof inc !== "object") continue;
          const incRec = inc as Record<string, unknown>;
          const id = typeof incRec.id === "string" ? incRec.id : undefined;
          const text = typeof incRec.text === "string" ? incRec.text : undefined;
          const status = typeof incRec.status === "string" ? incRec.status : undefined;
          if (!id || !text || !status) continue;
    
          const existingItem = byId.get(id);
          if (!existingItem) {
            byId.set(id, { id, text, status });
            continue;
          }
    
          const existingRank = LIFECYCLE_RANK[existingItem.status] ?? 0;
          const incomingRank = LIFECYCLE_RANK[status] ?? 0;
    
          if (incomingRank > existingRank) {
            byId.set(id, { ...existingItem, text: text || existingItem.text, status });
          } else if (incomingRank === existingRank) {
            // If same rank and same status, idempotent; if different status at same rank, prefer existing
            if (status === existingItem.status) {
              // keep existing (no-op)
            } else {
              // prefer existing to avoid blind flips
              byId.set(id, existingItem);
            }
          } else {
            // incoming rank lower -> ignore
            byId.set(id, existingItem);
          }
        }
    
        const updatedItems = Array.from(byId.values());
        await this.context.workspaceState.update(key, {
          items: updatedItems,
          lastUpdatedAt: Date.now(),
        });
    
        // Update in-memory cache for active session
        this.currentTodoItems = updatedItems;
      }
    
      private async updateSessionTitle(sessionId: string, title: string): Promise<void> {
        try {
          const client = await this.serverManager.ensureRunning();
          await client.session.update({
            path: { id: sessionId },
            body: { title }
          });
    
          const updatedSession = await this.sessionService.switchSession(sessionId);
          this.logger.info(`Updated session ${sessionId} title to: ${title}`);
        } catch (error) {
          this.logger.warn(`Failed to update session title for ${sessionId}:`, { error: String(error) });
        }
      }
    
      /** Session-scoped queue of prompts awaiting execution */
      private queueBySessionId = new Map<string, QueuedPrompt[]>();
      private queueItemSequence = 0;
    
      /** Set of session IDs currently executing their queue */
      private executingQueueSessionIds: Set<string> = new Set();
    
      private processingSessionIds: Set<string> = new Set();
      private get isProcessingRequest(): boolean {
        return this.processingSessionIds.size > 0;
      }
      private isBootstrappingWebview: boolean = false;
      private hasInitializedWebview: boolean = false;
      private sessionsListRequestVersion = 0;
      private lastSessionsPayloadFingerprint: string | undefined;
      /** Cache last message args for retry functionality */
      private lastSendMessageArgs?: {
        text: string;
        files?: string[];
        contexts?: any[];
        images?: any[];
        agent?: string;
      };
      private structuredOutputMode: "format" | "outputFormat" | "disabled" = "format";
      private readonly promptDebugBySession = new Map<string, Record<string, unknown>>();
      private readonly structuredValidationFailureCounters = new Map<string, number>();
      private readonly structuredOutputIncompatibleModelKeys = new Set<string>();
      private capabilityFetchFailureCount = 0;
      private modelsFetchPromise: Promise<ChatModelOption[]> | null = null;
      private commandCatalog: ChatSlashCommand[] = [];
      private commandCatalogFetchedAt = 0;
      private commandCatalogFetchPromise: Promise<ChatSlashCommand[]> | null = null;
      // Cache commands for 30 minutes since they rarely change
      // This prevents slow server calls with 700+ skills
      private readonly COMMAND_CATALOG_TTL_MS = 30 * 60 * 1000;
      private readonly compactingSessions = new Set<string>();
    
      /** ===== NEW: Module instances ===== */
      private diagnosticsLogger!: DiagnosticsLogger;
      private structuredOutputProcessor!: StructuredOutputProcessor;
      private planManager!: PlanManager;
      private subagentPersistence!: SubagentPersistence;
      private compactionManager!: CompactionManager;
      private historyProcessor!: HistoryProcessor;
      private modelAndAgentManager!: ModelAndAgentManager;
      private queueManager!: QueueManager;
      private sessionHandler!: SessionHandler;
      private streamEventHandler!: StreamEventHandler;
    
      /**
       * Creates a new ChatViewProvider instance.
       *
       * **Initialization:**
       * - Creates MessageStreamService for streaming
       * - Loads persisted model selection from global state
       * - Does NOT immediately create webview (happens on demand)
       *
       * **Model Persistence:**
       * The selected model is persisted to VSCode's global state,
       * which means it survives across VSCode restarts and workspace changes.
       *
       * @param context - VSCode extension context for global state access
       * @param serverManager - Server manager for status checking
       * @param sessionService - Session service for session management
       */
      constructor(
        private context: vscode.ExtensionContext,
        private serverManager: OpencodeServerManager,
        private sessionService: SessionService,
        modelCapabilitiesService?: ModelCapabilitiesService,
      ) {
        this.logger = createLogger("ChatViewProvider");
        this.streamService = new MessageStreamService(serverManager);
        this.quotaService = new QuotaService();
        this.subagentTracker = new SubagentTracker();
        this.budgeter = new RequestBudgeter();
        this.configFilesProvider = new ConfigFilesProvider();
        this.skillManager = new SkillManagerService(context);
        this.skillManager.initialize().catch((error) => {
          this.logger.error('Failed to initialize skill manager', error);
        });
        // Use injected service or create local instance as fallback
        this.modelCapabilitiesService = modelCapabilitiesService ?? new ModelCapabilitiesService();
        this.geminiTokenTracker = GeminiTokenUsageTracker.getInstance();
        this.quotaService.on("quotaUpdate", (data) => {
          this.view?.webview.postMessage({ type: "quotaData", data });
          this.sendBudgetInfo();
        });
    
        // Initialize file theme processor
        this.fileThemeProcessor = new FileThemeProcessor(context);
        this.cssGenerator = new CssGenerator();
        this.fileThemeProcessor.subscribe(this);
    
        // Load persisted model selection
        const savedModel = this.context.globalState.get<any>("selectedModel");
        if (
          savedModel &&
          typeof savedModel.providerID === "string" &&
          typeof savedModel.modelID === "string" &&
          savedModel.providerID &&
          savedModel.modelID
        ) {
          this.logger.info(
            `[ChatViewProvider] Loaded persisted model: ${savedModel.modelID} (${savedModel.providerID})`,
          );
          this.selectedModel = savedModel;
        } else if (savedModel) {
          this.logger.warn(
            "[ChatViewProvider] Ignoring invalid persisted model selection. Expected {providerID, modelID}.",
          );
        }
    
        /** ===== NEW: Initialize all modules ===== */
        this.initializeModules();
      }
    
      /**
       * Initialize all chat modules and wire dependencies
       */
      private initializeModules(): void {
        // Utility method callbacks
        const asRecord = (value: unknown) => {
          if (value && typeof value === "object" && !Array.isArray(value)) {
            return value as Record<string, unknown>;
          }
          return undefined;
        };
    
        const firstNonEmptyString = (...values: unknown[]): string | undefined => {
          for (const value of values) {
            if (typeof value === "string" && value.trim().length > 0) {
              return value.trim();
            }
          }
          return undefined;
        };
    
        const logger = this.logger;
    
        // 1. DiagnosticsLogger
        this.diagnosticsLogger = new DiagnosticsLogger(
          logger,
          asRecord,
          firstNonEmptyString,
          this.extractMessageBodyText.bind(this),
          this.historyMessageCreatedAt.bind(this),
          this.extractHistoryMessageId.bind(this),
          this.isRenderableHistoryMessage.bind(this),
          this.historyMessageFingerprint.bind(this),
        );
    
        // 2. PlanManager (must be created before StructuredOutputProcessor)
        this.planManager = new PlanManager(
          logger,
          firstNonEmptyString,
          this.context.globalState,
        );
    
        // 3. StructuredOutputProcessor
        this.structuredOutputProcessor = new StructuredOutputProcessor(
          logger,
          asRecord,
          firstNonEmptyString,
          this.planManager,
        );
    
        // 4. SubagentPersistence
        this.subagentPersistence = new SubagentPersistence(
          this.context.workspaceState,
          this.subagentTracker,
          logger,
          asRecord,
          firstNonEmptyString,
          this.normalizeSubagentStatus.bind(this),
          this.mergeSubagentEntries.bind(this),
          this.hydrateSubagentsFromPayload.bind(this),
          this.resolveSubagentPayloadSessionId.bind(this),
        );
    
        // 5. CompactionManager
        this.compactionManager = new CompactionManager(
          this.context.workspaceState,
          this.serverManager,
          logger,
          asRecord,
          firstNonEmptyString,
          this.processHistoryMessages.bind(this),
        );
    
        // 6. HistoryProcessor
        this.historyProcessor = new HistoryProcessor(
          this.context.workspaceState,
          logger,
          this.structuredOutputProcessor,
          asRecord,
          firstNonEmptyString,
          this.isLikelyToolCallTranscript.bind(this),
          this.extractMessageBodyText.bind(this),
          this.planManager,
        );
    
        // 7. ModelAndAgentManager
        this.modelAndAgentManager = new ModelAndAgentManager(
          this.context.globalState,
          this.serverManager,
          this.modelCapabilitiesService,
          logger,
          asRecord,
          firstNonEmptyString,
        );
    
        // 8. QueueManager
        this.queueManager = new QueueManager(logger);
    
        // 9. SessionHandler
        this.sessionHandler = new SessionHandler(
          this.sessionService,
          this.historyProcessor,
          this.subagentPersistence,
          this.compactionManager,
          this.modelAndAgentManager,
          logger,
        );
    
        // 10. StreamEventHandler
        this.streamEventHandler = new StreamEventHandler(
          this.structuredOutputProcessor,
          this.subagentPersistence,
          this.compactionManager,
          this.diagnosticsLogger,
          this.geminiTokenTracker,
          this.subagentTracker,
          logger,
        );
    
        /** ===== NEW: Wire all callbacks ===== */
        this.wireModuleCallbacks();
      }
    
      /**
       * Wire callbacks between modules and the shell
       */
      private wireModuleCallbacks(): void {
        const postMessage = (msg: any) => {
          this.view?.webview.postMessage(msg);
        };
    
        const getCurrentSessionId = () => this.currentSessionId;
        const setCurrentSessionId = (id: string | undefined) => {
          this.currentSessionId = id;
        };
    
        // Wire postMessage callbacks
        this.compactionManager.setPostMessage(postMessage);
        this.modelAndAgentManager.setPostMessage(postMessage);
        this.queueManager.setPostMessage(postMessage);
        this.sessionHandler.setPostMessage(postMessage);
        this.sessionHandler.setGetCurrentSessionId(getCurrentSessionId);
        this.sessionHandler.setSetCurrentSessionId(setCurrentSessionId);
        this.streamEventHandler.setPostMessage(postMessage);
        this.streamEventHandler.setGetCurrentSessionId(getCurrentSessionId);
    
        // Wire QueueManager execution callbacks
        this.queueManager.setHandleSendMessage(this.handleSendMessage.bind(this));
        this.queueManager.setHandleStopRequest(this.handleStopRequest.bind(this));
        this.queueManager.setGetCurrentSessionId(getCurrentSessionId);
      }
    
      private async schedulePromptDispatch(
        mode: PromptDispatchMode,
        payload: {
          sessionId?: string;
          text?: string;
          files?: string[];
          contexts?: any[];
          images?: any[];
          agent?: string;
          userFacingText?: string;
        },
      ): Promise<void> {
        const text = typeof payload.text === "string" ? payload.text.trim() : "";
        if (!text) {
          return;
        }
    
        const sessionId = await this.resolveQueueSessionId(payload.sessionId);
        if (!sessionId) {
          return;
        }
    
        const effectiveMode =
          mode === "send-now" && this.processingSessionIds.has(sessionId)
            ? "steer"
            : mode;
    
        // For normal sends, bypass queue persistence entirely so the queue panel
        // does not show transient "queued" items when there is no active backlog.
        if (effectiveMode === "send-now") {
          await this.handleSendMessage(
            text,
            payload.files,
            payload.contexts,
            payload.images,
            payload.agent,
            false,
            undefined,
            false,
            undefined,
            payload.userFacingText,
          );
          return;
        }
    
        const promptId = `q-${Date.now()}-${this.queueItemSequence}`;
        this.queueItemSequence += 1;
        const prompt: QueuedPrompt = {
          id: promptId,
          sessionId,
          createdAt: Date.now(),
          text,
          userFacingText: payload.userFacingText,
          files: payload.files,
          contexts: payload.contexts,
          images: payload.images,
          agent: payload.agent,
        };
    
        this.queueManager.enqueuePrompt(prompt, effectiveMode !== "queue");
        this.sendQueueUpdate(sessionId);
    
        if (effectiveMode === "queue") {
          return;
        }
    
        if (this.isProcessingRequest) {
          if (sessionId === this.currentSessionId) {
            await this.handleStopRequest(sessionId);
          }
          return;
        }
    
        await this.handleExecuteQueue(sessionId);
      }
    
      private async handleDispatchQueuedItem(
        dispatchMode: "queue" | "send-now" | "steer",
        sessionId: string,
        id: string,
        index?: number,
      ): Promise<void> {
        await this.queueManager.handleDispatchQueuedItem(
          dispatchMode,
          sessionId,
          id,
          index,
        );
      }
    
      private async handleRemoveFromQueue(
        sessionId: string | undefined,
        id: string,
        _index?: number,
      ): Promise<void> {
        if (!id) {
          return;
        }
        await this.queueManager.handleRemoveFromQueue({ id });
        if (sessionId) {
          this.sendQueueUpdate(sessionId);
        }
      }
    
      private async handleClearQueue(sessionId: string): Promise<void> {
        if (!sessionId) {
          return;
        }
        await this.queueManager.handleClearQueue({ sessionId });
      }
    
      private sendQueueUpdate(sessionId: string): void {
        void this.queueManager.sendQueueUpdate(sessionId);
      }
    
      private async handleExecuteQueue(sessionId: string): Promise<void> {
        const flow = log.startFeatureFlow('ExecuteQueue', { sessionId });
    
        if (!sessionId || this.executingQueueSessionIds.has(sessionId)) {
          if (this.executingQueueSessionIds.has(sessionId)) {
            log.endFeatureFlow(flow, { status: 'skipped', reason: 'Queue already executing' });
          } else {
            log.endFeatureFlow(flow, { status: 'failed', reason: 'No sessionId provided' });
          }
          return;
        }
    
        log.featureStep(flow, 'queue_execution_started');
        this.executingQueueSessionIds.add(sessionId);
        this.view?.webview.postMessage({
          type: "queueExecutionStarted",
          sessionId,
        });
    
        try {
          await this.queueManager.handleExecuteQueue({ sessionId });
          log.endFeatureFlow(flow, { status: 'completed', sessionId });
        } catch (error) {
          log.error('Failed to execute queue', { sessionId }, error as Error);
          log.endFeatureFlow(flow, { status: 'failed', error: String(error) });
        } finally {
          this.executingQueueSessionIds.delete(sessionId);
          this.sendQueueUpdate(sessionId);
        }
      }
    
      /**
       * Wrapper: Get sessions list
       * Fetches sessions from service and sends to webview
       */
      private async handleGetSessions(): Promise<void> {
        const sessions = await this.sessionService.listSessions();
        const sessionsPayload = sessions.map((session: any) => ({
          id: session.id,
          title: session.title || session.id,
          createdAt: session.createdAt,
          updatedAt: session.updatedAt,
        }));
    
        this.view?.webview.postMessage({
          type: "sessionsList",
          sessions: sessionsPayload,
        });
      }
    
      /**
       * Wrapper: Load session
       * Loads messages from service and sends to webview
       */
      private async handleLoadSession(sessionId: string): Promise<void> {
        const flow = log.startFeatureFlow('LoadSession', { sessionId });
    
        if (!sessionId) {
          log.endFeatureFlow(flow, { status: 'failed', reason: 'No sessionId provided' });
          return;
        }
    
        // Add to processing state to show loading indicator in UI
        this.processingSessionIds.add(sessionId);
        this.sendProcessingSessionsUpdate();
    
        try {
          // CRITICAL: Switch the active session in SessionService
          // This updates the service's internal state and persists it
          await this.sessionService.switchSession(sessionId);
          this.currentSessionId = sessionId;
          this.subagentTracker.setActiveSession(sessionId);
          // Clear in-memory todo cache to avoid cross-session leakage
          this.clearSessionTodos(sessionId);
    
          // Restore per-session agent / model / thinking selections
          await this.modelAndAgentManager.applySessionSettings(sessionId);
    
          // Notify the webview of the restored selections for this session
          this.view?.webview.postMessage({
            type: "initState",
            serverStatus: this.serverManager.getStatus(),
            selectedModel: this.modelAndAgentManager.getSelectedModel(),
            selectedAgent: this.modelAndAgentManager.getSelectedAgent(),
            serverVersion: this.serverManager.getVersion(),
            currentSessionId: this.currentSessionId,
            todoItems: this.loadPersistedTodos(this.currentSessionId).items,
          });
    
          const sessionThinkingLevel =
            this.modelAndAgentManager.getSessionSettings(sessionId).thinkingLevel ??
            this.context.globalState.get<string>("thinkingLevel");
          if (sessionThinkingLevel) {
            this.view?.webview.postMessage({
              type: "thinkingLevelUpdate",
              level: sessionThinkingLevel,
            });
          }
    
          // Fire-and-forget: fetch and broadcast current model capabilities on session load
          void this.modelCapabilitiesService
            .getCapabilities(
              this.modelAndAgentManager.getSelectedModel()?.providerID ?? "",
              this.modelAndAgentManager.getSelectedModel()?.modelID ?? "",
            )
            .then((capability) => {
              this.view?.webview.postMessage({
                type: "modelCapabilityUpdate",
                capability: capability ?? null,
              });
            })
            .catch(() => {
              // Minimal failure tracking for session-load capability fetches
              try {
                this.capabilityFetchFailureCount = (this.capabilityFetchFailureCount || 0) + 1;
                if (this.capabilityFetchFailureCount >= 3) {
                  vscode.window.showWarningMessage(
                    "Could not fetch model capabilities. Thinking level control may be unavailable.",
                  );
                  this.capabilityFetchFailureCount = 0;
                }
              } catch (_) {
                // best-effort only
              }
            });
    
          // Reload history for the new session
          const rawMessages = await this.sessionService.getMessages(sessionId);
    
          this.logger.info('[handleLoadSession] Fetched raw messages', {
            sessionId,
            rawCount: rawMessages?.length || 0,
            isRawMessagesArray: Array.isArray(rawMessages)
          });
    
          const messages = Array.isArray(rawMessages)
            ? await this.processHistoryMessages(rawMessages, sessionId)
            : [];
    
          this.logger.info('[handleLoadSession] Processed messages', {
            sessionId,
            processedCount: messages.length,
            willSendToWebview: true
          });
    
          const subagentSnapshotPayload =
            await this.subagentPersistence.syncSubagentSnapshotForSession(
              sessionId,
              messages,
            );
          await this.compactionManager.sendPersistedCompactionViewState(sessionId);
    
          // DEBUG: Log messages before sending to webview
          const planMessages = messages.filter((m: any) => m?.plan);
          log.debug('Sending messages to webview', {
            totalMessages: messages.length,
            planMessagesCount: planMessages.length,
            samplePlanMessage: planMessages[0] ? {
              hasPlan: !!planMessages[0].plan,
              planKeys: planMessages[0].plan ? Object.keys(planMessages[0].plan) : [],
              planFile: planMessages[0].plan?.file,
              planValue: planMessages[0].plan
            } : null
          });
    
          this.view?.webview.postMessage({
            type: "chatHistory",
            sessionId: sessionId,
            messages: messages,
          });
          this.view?.webview.postMessage({
            type: "subagentSnapshot",
            ...subagentSnapshotPayload,
          });
    
          // Update the list selection
          await this.handleGetSessions();
        } catch (error) {
          log.error('Failed to load session', { sessionId }, error as Error);
          vscode.window.showErrorMessage(`Failed to load session: ${error}`);
          log.endFeatureFlow(flow, { status: 'failed', error: String(error) });
        } finally {
          // Remove from processing state regardless of success or error
          this.processingSessionIds.delete(sessionId);
          this.sendProcessingSessionsUpdate();
          // always finalize flow (was previously guarded by !flow.result)
          log.endFeatureFlow(flow, { status: 'completed', sessionId });
        }
      }
    
      /**
       * Wrapper: Delete session
       * Handles session deletion with fallback to create new session
       */
      private async handleDeleteSession(sessionId: string): Promise<void> {
        const flow = log.startFeatureFlow('DeleteSession', { sessionId });
    
        if (!sessionId) {
          log.endFeatureFlow(flow, { status: 'failed', reason: 'No sessionId provided' });
          return;
        }
    
        try {
          log.featureStep(flow, 'deleting_session');
          await this.sessionService.deleteSession(sessionId);
          await this.clearPersistedSubagentSnapshot(sessionId);
          await this.compactionManager.clearPersistedCompactionViewState(sessionId);
    
          const currentSession = await this.sessionService.getCurrentSession();
          if (!currentSession) {
            await this.sessionService.createNewSession();
          }
    
          await this.handleGetSessions();
          log.endFeatureFlow(flow, { status: 'completed', sessionId });
        } catch (error) {
          log.error('Failed to delete session', { sessionId }, error as Error);
          vscode.window.showErrorMessage(`Failed to delete session: ${error}`);
          log.endFeatureFlow(flow, { status: 'failed', error: String(error) });
        }
      }
    
      /**
       * Wrapper: Rename session
       * Delegates to SessionHandler module
       */
      private async handleRenameSession(sessionId: string, newTitle: string): Promise<void> {
        return this.sessionHandler.handleRenameSession(sessionId, newTitle);
      }
    
      /**
       * Wrapper: Forward compaction status from stream event
       * Called by MessageStreamService when processing stream events
       */
      forwardCompactionStatusFromStreamEvent(event: unknown): void {
        return this.compactionManager.forwardCompactionStatusFromStreamEvent(event);
      }
    
      /**
       * Wrapper: Get models
       * Delegates to ModelAndAgentManager module
       */
      private async handleGetModels(): Promise<ChatModelOption[]> {
        return this.modelAndAgentManager.handleGetModels();
      }
    
      /**
       * Wrapper: Get agents
       * Delegates to ModelAndAgentManager module
       */
      private async handleGetAgents(): Promise<void> {
        return this.modelAndAgentManager.handleGetAgents();
      }
    
      /**
       * Handle get commands request
       * Fetches available skills and converts them to slash commands
       */
      private async handleGetCommands(): Promise<void> {
        this.logger.info('[handleGetCommands] Starting to fetch skills from OpenCode server');
    
        try {
          // Ensure server is running
          this.logger.info('[handleGetCommands] Ensuring server is running...');
          const client = await this.serverManager.ensureRunning();
          if (!client) {
            this.logger.error('[handleGetCommands] Failed to get client even after ensureRunning()');
            this.sendCommandsToWebview([]);
            return;
          }
    
          this.logger.info('[handleGetCommands] Server is running, client available');
    
          // Get the current model and provider
          let currentModel = this.selectedModel?.modelID
            ? { provider: this.selectedModel.providerID, model: this.selectedModel.modelID }
            : undefined;
          if (!currentModel) {
            this.logger.warn('[handleGetCommands] No current model selected, using defaults');
            currentModel = { provider: 'anthropic', model: 'claude-sonnet-4-6' };
          }
    
          this.logger.info('[handleGetCommands] Fetching tools from OpenCode server', {
            provider: currentModel.provider,
            model: currentModel.model
          });
    
          // Use the OpenCode SDK client to get the list of available tools
          const toolsResponse = await client.tool.list({
            query: {
              provider: currentModel.provider,
              model: currentModel.model
            }
          });
    
          if (!toolsResponse.data) {
            this.logger.warn('[handleGetCommands] No tools data returned from server');
            this.sendCommandsToWebview([]);
            return;
          }
    
          const tools = toolsResponse.data;
          this.logger.info('[handleGetCommands] Fetched tools from server', {
            toolCount: tools.length,
            toolIds: tools.map(t => t.id),
            allTools: JSON.stringify(tools.map(t => ({
              id: t.id,
              hasDescription: !!t.description,
              descLength: t.description?.length || 0
            })))
          });
    
          // Find the skill tool
          const skillTool = tools.find(tool => tool.id === 'skill');
    
          this.logger.info('[handleGetCommands] Looking for skill tool', {
            found: !!skillTool,
            hasDescription: !!skillTool?.description,
            descPreview: skillTool?.description?.substring(0, 200)
          });
    
          const commands: Array<{ name: string; description: string }> = [];
    
          if (skillTool && skillTool.description) {
            // Parse the available skills from the skill tool's description
            // Format: ## Available Skills\n- **skill-name**: description
            // Show ALL skills in slash commands (even disabled ones) for manual use
            // The config controls which skills OpenCode auto-loads, not what's visible
    
            // Normalize line endings to handle \r\n (Windows) and \r (old Mac)
            const normalizedDescription = skillTool.description.replace(/\r\n/g, '\n').replace(/\r/g, '\n');
            const lines = normalizedDescription.split('\n');
            this.logger.info('[handleGetCommands] Splitting description into lines', {
              lineCount: lines.length,
              firstLines: lines.slice(0, 5),
              fullDescription: skillTool.description.substring(0, 500)
            });
    
            let inAvailableSection = false;
            let currentSkill: { name: string; description: string } | null = null;
    
            for (const line of lines) {
              if (line.includes('## Available Skills') || line.includes('Available Skills')) {
                inAvailableSection = true;
                continue;
              }
    
              if (inAvailableSection) {
                // Match format: - **skill-name**: description
                const match = line.match(/^-\s*\*\*([^*]+)\*\*:\s*(.+)$/);
                if (match) {
                  // Save previous skill if any
                  if (currentSkill) {
                    commands.push(currentSkill);
                  }
                  // Start new skill
                  currentSkill = {
                    name: match[1].trim(),
                    description: match[2].trim()
                  };
                } else if (line.startsWith('##') || line.startsWith('---')) {
                  // End of skills section - save last skill
                  if (currentSkill) {
                    commands.push(currentSkill);
                    currentSkill = null; // Clear to prevent double-push
                  }
                  break;
                } else if (line.trim().startsWith('- ') && currentSkill) {
                  // Continuation of description - remove the '- ' prefix
                  currentSkill.description += '\n' + line.trim().substring(2);
                } else if (line.trim().length > 0 && currentSkill) {
                  // Continuation of description (lines without '- ' prefix)
                  currentSkill.description += '\n' + line.trim();
                }
              }
            }
    
            // Don't forget to push the last skill if we didn't hit a break condition
            if (currentSkill) {
              commands.push(currentSkill);
            }
    
            this.logger.info('[handleGetCommands] Parsed ALL skills from skill tool', {
              count: commands.length,
              skills: commands.map(c => ({ name: c.name, descLength: c.description.length }))
            });
          } else {
            this.logger.warn('[handleGetCommands] No skill tool found or no description');
          }
    
          // If no skills found, do NOT fall back to all tools
          // This prevents showing system tools (edit, read, bash, etc.) as if they were skills
          if (commands.length === 0) {
            this.logger.warn('[handleGetCommands] No skills found, sending empty command list');
          }
    
          this.logger.info('[handleGetCommands] Sending commands to webview', {
            commandCount: commands.length,
            commands: commands.slice(0, 10).map(c => ({ name: c.name, desc: c.description }))
          });
    
          if (commands.length === 0) {
            this.logger.warn('[handleGetCommands] No commands found - this might indicate:', {
              reasons: [
                'Server not started or not ready',
                'No skills available in current config',
                'Skills not discovered by server',
                'Tool list API changed'
              ],
              suggestion: 'Check OpenCode server status and ensure skills are enabled in config'
            });
          }
    
          // Send the commands to the webview
          this.sendCommandsToWebview(commands);
        } catch (error) {
          this.logger.error('[handleGetCommands] Failed to load commands', {
            error: error instanceof Error ? error.message : String(error),
            stack: error instanceof Error ? error.stack : undefined
          });
    
          // Still send empty commands array to frontend even on error
          this.sendCommandsToWebview([]);
        }
      }
    
      /**
       * Send commands to the webview
       * Centralized method for sending slash commands to the chat interface
       */
      private sendCommandsToWebview(commands: Array<{ name: string; description: string }>): void {
        // CRITICAL: Check if view is available before sending message
        if (!this.view) {
          this.logger.error('[sendCommandsToWebview] Cannot send commands - webview is not available');
          return;
        }
    
        if (!this.view.webview) {
          this.logger.error('[sendCommandsToWebview] Cannot send commands - webview.webview is not available');
          return;
        }
    
        const message = {
          type: "commandsList",
          commands: commands,
        };
    
        this.logger.info('[sendCommandsToWebview] Posting message to webview', {
          messageType: message.type,
          commandsCount: message.commands.length,
          commandsPreview: message.commands.slice(0, 3).map(c => c.name)
        });
    
        try {
          const result = this.view.webview.postMessage(message);
          this.logger.info('[sendCommandsToWebview] postMessage returned', {
            success: result,
            result: String(result)
          });
    
          if (!result) {
            this.logger.error('[sendCommandsToWebview] postMessage returned false - webview may not be ready');
          }
        } catch (postError) {
          this.logger.error('[sendCommandsToWebview] postMessage threw an error', {
            error: postError instanceof Error ? postError.message : String(postError),
            stack: postError instanceof Error ? postError.stack : undefined
          });
        }
      }
    
      /**
       * Wrapper: Clear persisted subagent snapshot
       * Delegates to SubagentPersistence module
       */
      private async clearPersistedSubagentSnapshot(sessionId: string): Promise<void> {
        return this.subagentPersistence.clearPersistedSubagentSnapshot(sessionId);
      }
    
      /**
       * Wrapper: View plan
       * Delegates to PlanManager module
       */
      private async handleViewPlan(plan: {
        file?: string;
        content?: string;
        title?: string;
        intro?: string;
        summary?: string;
        files?: any[];
        fileCount?: number;
      }): Promise<void> {
        return this.planManager.handleViewPlan(plan);
      }
    
      /**
       * Wrapper: Set compaction view state
       * Delegates to CompactionManager module
       */
      private async handleSetCompactionViewState(message: {
        sessionId: string;
        state: any;
      }): Promise<void> {
        return this.compactionManager.handleSetCompactionViewState(message);
      }
    
      /**
       * Wrapper: Compact session
       * Delegates to CompactionManager module
       */
      private async handleCompactSession(
        sessionId: string,
        baselineStats?: { [key: string]: number },
      ): Promise<void> {
        const options: { auto?: boolean; threshold?: number } = {};
        if (baselineStats) {
          options.threshold = Object.values(baselineStats).reduce((sum, val) => sum + val, 0);
        }
        return this.compactionManager.handleCompactSession(
          sessionId,
          options,
          this.sessionService,
        );
      }
    
      /**
       * Wrapper: Apply session message overrides
       * Delegates to HistoryProcessor module
       */
      private async applySessionMessageOverrides(
        sessionId: string,
        messages: any[],
      ): Promise<any[]> {
        return this.historyProcessor.applySessionMessageOverrides(sessionId, messages);
      }
    
      /**
       * Wrapper: Normalize structured output
       * Delegates to StructuredOutputProcessor module
       */
      private normalizeStructuredOutput(
        content: string,
        context: {
          source?: string;
          providerID?: string;
          modelID?: string;
        },
      ): any {
        return this.structuredOutputProcessor.normalizeStructuredOutput(content, context);
      }
    
      /**
       * Wrapper: Persist session message override
       * Delegates to HistoryProcessor module
       */
      private async persistSessionMessageOverride(
        sessionId: string,
        override: any,
      ): Promise<void> {
        return this.historyProcessor.persistSessionMessageOverride(sessionId, override);
      }
    
      /**
       * Wrapper: Normalize plan proceed user message
       * Delegates to PlanManager module
       */
      private normalizePlanProceedUserMessage(message: any): any {
        return this.planManager.normalizePlanProceedUserMessage(message);
      }
    
      /**
       * Wrapper: Log stream event diagnostics
       * Delegates to DiagnosticsLogger module
       */
      private logStreamEventDiagnostics(event: any, enrichedEvent?: any): void {
        this.diagnosticsLogger.logStreamEventDiagnostics(event, enrichedEvent);
      }
    
      /**
       * Wrapper: Enrich message with plan
       * Delegates to StructuredOutputProcessor module
       */
      private enrichMessageWithPlan(message: any): any {
        return this.structuredOutputProcessor.enrichMessageWithPlan(message);
      }
    
      /**
       * Check if value is an interactive response type
       */
      private isInteractiveResponseType(value: unknown): boolean {
        return this.structuredOutputProcessor.isInteractiveResponseType(value);
      }
    
      /**
       * Check if content is a clarification questionnaire
       */
      private isClarificationQuestionnaire(content: unknown): boolean {
        return this.structuredOutputProcessor.isClarificationQuestionnaire(content);
      }
    
      /**
       * Get structured output model key
       */
      private getStructuredOutputModelKey(
        providerID?: string,
        modelID?: string,
      ): string {
        return this.structuredOutputProcessor.getStructuredOutputModelKey(
          this.firstNonEmptyString(providerID, modelID) || "",
        );
      }
    
      /**
       * Create fallback message from structured output
       */
      private createFallbackMessage(structured: any): string | undefined {
        return this.structuredOutputProcessor.createFallbackMessage(structured);
      }
    
      /**
       * Get the selected structured output model key
       */
      private getSelectedStructuredOutputModelKey(): string | undefined {
        return this.structuredOutputProcessor.getSelectedStructuredOutputModelKey();
      }
    
      /**
       * Dispatch interactive response
       */
      private async dispatchInteractiveResponse(payload: {
        sessionId?: string;
        text?: string;
        userFacingText?: string;
        agent?: string;
      }): Promise<void> {
        const text = typeof payload.text === "string" ? payload.text.trim() : "";
        if (!text) {
          return;
        }
    
        const sessionId = await this.resolveQueueSessionId(payload.sessionId);
        if (!sessionId) {
          const message =
            "Unable to send interactive response because no active session could be resolved.";
          this.view?.webview.postMessage({
            type: "error",
            message,
          });
          vscode.window.showErrorMessage(message);
          return;
        }
    
        if (this.awaitingInteractiveAnswer) {
          // Match webview's 15s window to prevent popover reappearing during transition
          this.interactiveResponseTransitionUntil = Date.now() + 15000;
        }
    
        // Don't force stop ongoing requests - let schedulePromptDispatch handle mode switching
        // This uses the same intelligent "steer" mode as normal messages instead of blocking
        this.currentSessionId = sessionId;
        await this.schedulePromptDispatch("send-now", {
          sessionId,
          text,
          agent: payload.agent,
          userFacingText: payload.userFacingText,
        });
      }
    
      /**
       * Resolve queue session ID
       */
      private async resolveQueueSessionId(
        requestedSessionId?: string,
      ): Promise<string | undefined> {
        const explicitSessionId = this.firstNonEmptyString(requestedSessionId);
        if (explicitSessionId) {
          if (!this.currentSessionId) {
            this.currentSessionId = explicitSessionId;
          }
          return explicitSessionId;
        }
    
        const currentId = this.firstNonEmptyString(this.currentSessionId);
        if (currentId) {
          return currentId;
        }
    
        try {
          const session = await this.sessionService.getCurrentSession();
          const sessionId = this.firstNonEmptyString(session?.id);
          if (sessionId) {
            this.currentSessionId = sessionId;
          }
          return sessionId;
        } catch (error) {
          this.logger.error("Failed to resolve queue session ID", { err: error });
          return undefined;
        }
      }
    
      /**
       * History processing methods - delegate to HistoryProcessor
       */
      private dedupeMirrorHistoryMessages(messages: any[]): any[] {
        return this.historyProcessor.dedupeMirrorHistoryMessages(messages);
      }
    
      private mergeAdjacentAssistantActivityMessages(messages: any[]): any[] {
        return this.historyProcessor.mergeAdjacentAssistantActivityMessages(messages);
      }
    
      private mergeConsecutiveAssistantBursts(messages: any[]): any[] {
        return this.historyProcessor.mergeConsecutiveAssistantBursts(messages);
      }
    
      private getLatestAssistantHistoryMarker(messages: any[]): {
        id?: string;
        fingerprint?: string;
        createdAt?: number;
        richness: number;
      } {
        return this.historyProcessor.getLatestAssistantHistoryMarker(messages);
      }
    
      private hasAssistantHistoryAdvanced(
        latest:
          | any[]
          | { id?: string; fingerprint?: string; createdAt?: number; richness?: number }
          | undefined,
        baseline:
          | any[]
          | { id?: string; fingerprint?: string; createdAt?: number; richness?: number }
          | undefined,
      ): boolean {
        return this.historyProcessor.hasAssistantHistoryAdvanced(latest, baseline);
      }
    
      /**
       * Subagent methods - delegate to SubagentPersistence
       */
      private async persistSubagentLiveState(
        sessionId: string,
        payload: unknown,
      ): Promise<void> {
        await this.subagentPersistence.persistSubagentLiveState(sessionId, payload as SubagentUpdatePayload);
      }
    
      private buildSubagentPayloadFromMessage(message: any, sessionId?: string): any {
        return this.subagentPersistence.buildSubagentPayloadFromMessage(message, sessionId ?? '');
      }
    
      /**
       * Diagnostics logging - delegate to DiagnosticsLogger
       */
      private logHistoryRenderDiagnostics(
        source: string,
        sessionId: string,
        rawMessages: any[],
        processedMessages: any[],
      ): void {
        return this.diagnosticsLogger.logHistoryRenderDiagnostics(
          source,
          sessionId,
          rawMessages,
          processedMessages,
        );
      }
    
      /**
       * Session settings - delegate to ModelAndAgentManager
       */
      private async persistSessionSettings(
        sessionId: string,
        settings: {
          providerID?: string;
          modelID?: string;
          agent?: string;
          thinkingLevel?: string;
        },
      ): Promise<void> {
        const partial: any = {};
        if (settings.providerID) partial.providerID = settings.providerID;
        if (settings.modelID) partial.modelID = settings.modelID;
        if (settings.agent) partial.agent = settings.agent;
        if (settings.thinkingLevel) partial.thinkingLevel = settings.thinkingLevel;
        return this.modelAndAgentManager.persistSessionSettings(sessionId, partial);
      }
    
      private async resolvePromptVariant(sessionId: string): Promise<string | undefined> {
        return this.modelAndAgentManager.resolvePromptVariant(sessionId);
      }
    
      /**
       * Structured output methods - delegate to StructuredOutputProcessor
       */
      private getStructuredOutputFormat(): Record<string, unknown> {
        return this.structuredOutputProcessor.getStructuredOutputFormat();
      }
    
      private shouldUseStructuredOutput(modelKey: string): boolean {
        return this.structuredOutputProcessor.shouldUseStructuredOutput(modelKey);
      }
    
      private isRenderableTextPart(part: unknown): boolean {
        return this.structuredOutputProcessor.isRenderableTextPart(part);
      }
    
      private deriveQuestionPromptFromInteractivePayload(payload: {
        question: string;
        options?: any[];
      }): string {
        return this.structuredOutputProcessor.deriveQuestionPromptFromInteractivePayload(payload);
      }
    
      private isLowValueInteractiveBodyText(value: string): boolean {
        return this.structuredOutputProcessor.isLowValueInteractiveBodyText(value);
      }
    
      /**
       * Plan methods - delegate to PlanManager
       */
      private collectPlanFileCandidatesFromStructuredPlan(structured: any): string[] {
        return this.planManager.collectPlanFileCandidatesFromStructuredPlan(structured);
      }
    
      private resolvePlanTitle(options: {
        plan?: { title?: string; file?: string };
        planFile?: string;
        fallback?: string;
        explicitTitle?: string;
      }): string | undefined {
        return this.planManager.resolvePlanTitle(options);
      }
    
      /**
       * Session methods - delegate to SessionHandler
       */
      private sendProcessingSessionsUpdate(): void {
        this.view?.webview.postMessage({
          type: "SET_PROCESSING_SESSIONS",
          payload: Array.from(this.processingSessionIds),
        });
      }
    
      /**
       * Diagnostics methods - delegate to DiagnosticsLogger
       */
      private async logPromptRequestPayload(
        sessionId: string,
        promptBody: any,
        useStructuredOutput: boolean,
      ): Promise<void> {
        return this.diagnosticsLogger.logPromptRequestPayload(
          sessionId,
          promptBody,
          useStructuredOutput,
        );
      }
    
      private async logPromptResponsePayload(
        sessionId: string,
        response: any,
        durationSeconds: number,
        useStructuredOutput: boolean,
      ): Promise<void> {
        return this.diagnosticsLogger.logPromptResponsePayload(
          sessionId,
          response,
          durationSeconds,
          useStructuredOutput,
        );
      }
    
      private logPromptResponseDiagnostics(
        sessionId: string,
        responseData: any,
      ): void {
        return this.diagnosticsLogger.logPromptResponseDiagnostics(
          sessionId,
          responseData,
        );
      }
    
      private buildRawResponseDebugText(response: any): string {
        return this.diagnosticsLogger.buildRawResponseDebugText(response);
      }
    
      /**
       * Subagent helper methods (not moved to modules, kept in ChatViewProvider)
       */
      private hasStructuredSubagentSignal(messageRaw: unknown): boolean {
        if (!messageRaw || typeof messageRaw !== "object") {
          return false;
        }
        const message = messageRaw as any;
        const subagents = message?.subagents;
        return (
          Array.isArray(subagents) &&
          subagents.length > 0 &&
          subagents.some((s: any) => s?.status === "structured")
        );
      }
    
      private extractMessageId(message: any): string | undefined {
        if (!message) return undefined;
        const id =
          this.firstNonEmptyString(
            message?.id,
            message?.messageId,
            message?.info?.id,
            message?.info?.messageId,
          ) ||
          (typeof message?.info?._id === "string"
            ? message.info._id
            : undefined);
        return id;
      }
    
      /**
       * Compaction methods - delegate to CompactionManager
       */
      private async maybeAutoCompact(
        sessionId: string,
        responseData: unknown,
      ): Promise<void> {
        return this.compactionManager.maybeAutoCompact(
          sessionId,
          responseData,
          this.sessionService,
        );
      }
    
      /**
       * Plan file methods - delegate to PlanManager (public interface)
       * Note: normalizePlanFileReference is private in PlanManager, so we call it through
       * other public methods or recreate the logic if needed
       */
      private normalizePlanFileReference(file: unknown): string | undefined {
        // This is a private method in PlanManager, but we need access to it.
        // For now, duplicate the minimal logic needed here.
        const raw = this.firstNonEmptyString(file);
        if (!raw) {
          return undefined;
        }
    
        let value = raw.trim();
        if (!value) {
          return undefined;
        }
    
        if (value.startsWith("file://")) {
          try {
            const uri = vscode.Uri.parse(value);
            if (uri.scheme === "file" && uri.fsPath) {
              value = uri.fsPath;
            }
          } catch {
            // Keep string cleanup fallback below.
          }
        }
    
        // Strip common markdown wrappers around file paths.
        value = value
          .replace(/^`+|`+$/g, "")
          .replace(/^"+|"+$/g, "")
          .replace(/^'+|'+$/g, "")
          .replace(/^<+|>+$/g, "")
          .replace(/^\(+|\)+$/g, "")
          .trim();
    
        return value || undefined;
      }
    
      private resolvePlanFileCandidates(planFile: string): string[] {
        return this.planManager.resolvePlanFileCandidates(planFile);
      }
    
      private async persistPlan(
        content: string,
        preferredPath?: string,
      ): Promise<string | undefined> {
        return this.planManager.persistPlan(content, preferredPath);
      }
    
      private async readPlanFileFromDisk(filePath: string): Promise<string | undefined> {
        // This is a private method in PlanManager, duplicate the minimal logic here
        try {
          const normalized = path.normalize(filePath);
          const content = await vscode.workspace.fs.readFile(
            vscode.Uri.file(normalized),
          );
          return Buffer.from(content).toString("utf-8");
        } catch {
          return undefined;
        }
      }
    
      private prioritizePlanFileCandidates(
        candidates: Array<unknown>,
        explicitFiles?: Set<string>,
      ): string[] {
        return this.planManager.prioritizePlanFileCandidates(candidates, explicitFiles);
      }
    
      private extractMarkdownFileReferences(text: unknown): string[] {
        return this.planManager.extractMarkdownFileReferences(text);
      }
    
      private discoverLikelyPlanFileCandidates(): Promise<string[]> {
        return this.planManager.discoverLikelyPlanFileCandidates();
      }
    
      /**
       * Normalize compaction baseline stats
       * Converts raw stats object to normalized format
       */
      private normalizeCompactionBaselineStats(
        value: unknown,
      ): { [key: string]: number } | undefined {
        const rec = this.asRecord(value);
        if (!rec) {
          return undefined;
        }
    
        const normalize = (raw: unknown): number | undefined =>
          typeof raw === "number" && Number.isFinite(raw) && raw >= 0
            ? Math.floor(raw)
            : undefined;
    
        const input = normalize(rec.input);
        const output = normalize(rec.output);
        const read = normalize(rec.read);
        const write = normalize(rec.write);
        const duration = normalize(rec.duration);
    
        if (
          input === undefined &&
          output === undefined &&
          read === undefined &&
          write === undefined &&
          duration === undefined
        ) {
          return undefined;
        }
    
        return {
          input: input ?? 0,
          output: output ?? 0,
          read: read ?? 0,
          write: write ?? 0,
          duration: duration ?? 0,
        };
      }
    
      resolveWebviewView(
        webviewView: vscode.WebviewView,
        _context: vscode.WebviewViewResolveContext,
        _token: vscode.CancellationToken,
      ): void | Thenable<void> {
        this.logger.info("[ChatViewProvider] resolving webview view");
        this.view = webviewView;
        this.isBootstrappingWebview = false;
        this.hasInitializedWebview = false;
        this.sessionsListRequestVersion = 0;
        this.lastSessionsPayloadFingerprint = undefined;
    
        webviewView.webview.options = {
          enableScripts: true,
          localResourceRoots: [this.context.extensionUri],
        };
    
        // Handle messages from webview
        webviewView.webview.onDidReceiveMessage(async (message) => {
          const { type } = message;
    
          // Log all UI interactions for debugging
          this.logger.logUIInteraction('ChatView', type, message.type, message as Record<string, unknown>);
    
          switch (type) {
            case "ready": {
              this.logger.debug(`${LoggingCategories.UI_INTERACTION} Webview ready`, {
                viewType: 'chat',
              });
    
              if (this.isBootstrappingWebview) {
                break;
              }
    
              this.isBootstrappingWebview = true;
              // A reloaded webview starts with empty client state. Force a fresh
              // sessions payload even if the underlying list fingerprint is unchanged.
              this.lastSessionsPayloadFingerprint = undefined;
              if (!this.hasInitializedWebview) {
                // Reply immediately so the webview stops retrying `ready` while
                // slower bootstrap tasks (models/sessions) are still loading.
                this.view?.webview.postMessage({
                  type: "initState",
                  serverStatus: this.serverManager.getStatus(),
                  selectedModel: this.selectedModel,
                  selectedAgent: this.selectedAgent,
                  serverVersion: this.serverManager.getVersion(),
                  currentSessionId: this.currentSessionId,
                  todoItems: this.loadPersistedTodos(this.currentSessionId).items,
                });
                this.hasInitializedWebview = true;
              }
    
              try {
                // Fetch models so they're available in the webview on startup.
                // We await this to ensure models are loaded before sending initState.
                // Network issues are handled gracefully inside handleGetModels with fallback models.
                const models = await this.modelAndAgentManager.handleGetModels();
                await this.modelAndAgentManager.reconcileSelectedModelSelection(models);
    
                // Sync default agent selection
                await this.syncCLIAgents();
    
                // Fetch and send full agents list to webview
                await this.modelAndAgentManager.handleGetAgents();
    
                // TEMPORARILY DISABLED: Fetch and send commands list for SkillsPanel
                // This is loading 700+ skills and causing massive delays
                // TODO: Re-enable after implementing proper pagination/lazy loading
                // void this.handleGetCommands().catch((error) => {
                //   this.logger.warn("Background commands loading failed during ready bootstrap", { err: error });
                // });
                this.logger.info("⚠️ [PERF] Command loading disabled temporarily (700+ skills bottleneck)");
    
                // Resolve the active session before sending initState so that
                // per-session settings (agent / model / thinking) are applied first.
                const currentSession =
                  await this.sessionService.getCurrentSession();
                if (currentSession) {
                  this.currentSessionId = currentSession.id;
                  await this.applySessionSettings(currentSession.id);
                }
    
                // Send refreshed init state reflecting the session-specific selections
                this.view?.webview.postMessage({
                  type: "initState",
                  serverStatus: this.serverManager.getStatus(),
                  selectedModel: this.selectedModel,
                  selectedAgent: this.selectedAgent,
                  serverVersion: this.serverManager.getVersion(),
                  currentSessionId: this.currentSessionId,
                });
    
                // Restore the session-specific thinking level (separate message type)
                const bootstrapThinkingLevel =
                  (currentSession
                    ? this.getSessionSettings(currentSession.id).thinkingLevel
                    : undefined) ??
                  this.context.globalState.get<string>("thinkingLevel");
                if (bootstrapThinkingLevel) {
                  this.view?.webview.postMessage({
                    type: "thinkingLevelUpdate",
                    level: bootstrapThinkingLevel,
                  });
                }
                // Fire-and-forget: fetch and broadcast current model capabilities on bootstrap (unconditional)
                void this.modelCapabilitiesService
                  .getCapabilities(
                    this.selectedModel?.providerID ?? "",
                    this.selectedModel?.modelID ?? "",
                  )
                  .then((capability) => {
                    this.view?.webview.postMessage({
                      type: "modelCapabilityUpdate",
                      capability: capability ?? null,
                    });
                  })
                  .catch(() => {
                    // Minimal failure tracking for bootstrap capability fetches
                    try {
                      this.capabilityFetchFailureCount = (this.capabilityFetchFailureCount || 0) + 1;
                      if (this.capabilityFetchFailureCount >= 3) {
                        vscode.window.showWarningMessage(
                          "Could not fetch model capabilities. Thinking level control may be unavailable.",
                        );
                        this.capabilityFetchFailureCount = 0;
                      }
                    } catch (e) {
                      // best-effort only
                    }
                  });
    
                // Send initial budget status
                this.sendBudgetInfo();
    
                // Fetch and send chat history and sessions list
                if (currentSession) {
                  this.subagentTracker.setActiveSession(currentSession.id);
                  const rawMessages = await this.sessionService.getMessages(
                    currentSession.id,
                  );
                  const messages = await this.processHistoryMessages(
                    rawMessages,
                    currentSession.id,
                  );
                  this.logHistoryRenderDiagnostics(
                    "webview.ready.current-session",
                    currentSession.id,
                    rawMessages,
                    messages,
                  );
                  this.view?.webview.postMessage({
                    type: "chatHistory",
                    messages: messages,
                  });
                  await this.sendPersistedCompactionViewState(currentSession.id);
                  const subagentSnapshotPayload =
                    await this.syncSubagentSnapshotForSession(
                      currentSession.id,
                      messages as any[],
                    );
                  this.view?.webview.postMessage({
                    type: "subagentSnapshot",
                    ...subagentSnapshotPayload,
                  });
                  this.sendQueueUpdate(currentSession.id);
                } else {
                  this.subagentTracker.resetForSession(null);
                  this.view?.webview.postMessage({
                    type: "subagentSnapshot",
                    ...this.subagentTracker.getSnapshotPayload(),
                  });
                }
    
                await this.handleGetSessions();
                this.refreshView();
    
                // Fetch live MCP and LSP server status from OpenCode SDK
                this.handleGetMcpStatus().catch(() => { });
                this.handleGetLspStatus().catch(() => { });
    
                // Send quota data or trigger initial fetch
                const quotaData = this.quotaService.cachedData;
                if (quotaData !== undefined) {
                  this.view?.webview.postMessage({
                    type: "quotaData",
                    data: quotaData,
                  });
                } else {
                  this.quotaService.refreshQuota().catch(() => { });
                }
                // Send initial theme data
                await this.sendThemeDataToWebview();
              } finally {
                this.isBootstrappingWebview = false;
              }
              break;
            }
            case "sendMessage":
            case "sendPrompt": {
              const correlationId = this.logger.startFeatureFlow('send-message', {
                hasFiles: message.files?.length > 0,
                hasImages: message.images?.length > 0,
                textLength: message.text?.length,
              });
    
              this.logger.info(`${LoggingCategories.UI_INTERACTION} User initiated message send`, {
                correlationId,
                hasFiles: message.files?.length > 0,
                hasImages: message.images?.length > 0,
                textLength: message.text?.length,
              });
    
              try {
                await this.schedulePromptDispatch("send-now", {
                  sessionId: message.sessionId,
                  text: message.text,
                  files: message.files,
                  contexts: message.contexts,
                  images: message.images,
                  agent: message.agent,
                });
                this.logger.endFeatureFlow(correlationId, { success: true });
              } catch (err) {
                this.logger.error(
                  `${LoggingCategories.UI_INTERACTION} Failed to send message`,
                  { correlationId, error: (err as Error).message }
                );
                this.logger.endFeatureFlow(correlationId, { success: false });
              }
              break;
            }
            case "persistAssistantMessage": {
              const sessionId = this.firstNonEmptyString(
                message.sessionId,
                this.currentSessionId,
              );
              if (!sessionId || !message.message) {
                break;
              }
              await this.sessionService.upsertMessage(sessionId, message.message);
              await this.persistSessionMessageOverride(sessionId, message.message);
              const snapshotFromMessage = this.buildSubagentPayloadFromMessage(
                message.message,
                sessionId,
              );
              if (snapshotFromMessage) {
                await this.persistSubagentLiveState(sessionId, snapshotFromMessage);
              }
              break;
            }
            case "interactiveResponse": {
              const choiceText =
                this.firstNonEmptyString(
                  message?.selection?.value,
                  message?.selection?.label,
                  message?.text,
                ) || "";
              if (!choiceText) {
                break;
              }
    
              // FIX: Send just the choice text, no special formatting
              const composedPrompt = choiceText;
              const userFacingText = this.firstNonEmptyString(
                message?.displayText,
                choiceText,
              );
    
              await this.dispatchInteractiveResponse({
                sessionId: message?.sessionId,
                text: composedPrompt,
                userFacingText,
                agent: message?.agent,
              });
              break;
            }
            case "batchInteractiveResponse": {
              const responses = message.responses as Array<{
                eventId: string;
                eventType: string;
                text: string;
                questionText?: string;
              }>;
              if (!responses || responses.length === 0) {
                break;
              }
    
              // Preserve question context in the prompt so model-side continuation
              // is grounded, while the webview controls user-facing rendering text.
              const composedPrompt = responses
                .map((resp, index) => {
                  const answer = this.firstNonEmptyString(resp.text) || "";
                  if (!answer) {
                    return "";
                  }
                  const question = this.firstNonEmptyString(resp.questionText) || "";
                  if (!question) {
                    return `Answer ${index + 1}: ${answer}`;
                  }
                  return `Question ${index + 1}: ${question}\nAnswer: ${answer}`;
                })
                .filter((value) => value.length > 0)
                .join("\n\n");
    
              if (!composedPrompt) {
                break;
              }
    
              const userFacingText = this.firstNonEmptyString(
                message?.displayText,
                composedPrompt,
              );
    
              await this.dispatchInteractiveResponse({
                sessionId: message?.sessionId,
                text: composedPrompt,
                userFacingText,
                agent: message?.agent,
              });
              break;
            }
            case "newSession":
            case "createSession": {
              const correlationId = this.logger.startFeatureFlow('create-session');
    
              this.logger.info(`${LoggingCategories.UI_INTERACTION} User creating new session`, {
                correlationId,
              });
    
              try {
                const createdSession = await this.sessionService.createNewSession();
                this.currentSessionId = createdSession.id;
                this.logger.info(`${LoggingCategories.UI_INTERACTION} New session created`, {
                  correlationId,
                  sessionId: createdSession.id,
                });
                this.logger.endFeatureFlow(correlationId, {
                  success: true,
                  sessionId: createdSession.id,
                });
    
                // Clear in-memory todo cache for the newly created session.
                this.clearSessionTodos();
                this.subagentTracker.resetForSession(createdSession.id);
                await this.clearPersistedSubagentSnapshot(createdSession.id);
                this.sendQueueUpdate(createdSession.id);
    
                // Always use "build" as the default agent for new sessions
                // This prevents new sessions from inheriting an agent that was
                // selected in a previous session (e.g., "Sisyphus (Ultraworker)")
                this.selectedAgent = "build";
                await this.persistSessionSettings(createdSession.id, {
                  agent: "build",
                });
    
                await this.handleGetSessions(); // Update list
                this.refreshView();
    
                // Clear webview messages
                this.view?.webview.postMessage({
                  type: "chatHistory",
                  messages: [],
                });
                this.view?.webview.postMessage({
                  type: "subagentSnapshot",
                  ...this.subagentTracker.getSnapshotPayload(),
                });
              } catch (error) {
                this.logger.error(
                  `${LoggingCategories.UI_INTERACTION} Failed to create session`,
                  { correlationId, error: (error as Error).message }
                );
                this.logger.endFeatureFlow(correlationId, { success: false });
              }
              break;
            }
            case "viewPlan": {
              this.logger.logUIInteraction('ChatView', 'view-plan', message.plan, {
                planFile: message.plan,
              });
    
              this.logger.info(`${LoggingCategories.UI_INTERACTION} User viewing plan`, {
                planFile: message.plan,
              });
    
              if (message.plan) {
                await this.handleViewPlan(message.plan);
              }
              break;
            }
            case "openDiff": {
              this.handleOpenDiff(message.file);
              break;
            }
            case "openFile": {
              await this.handleOpenFile(message.file);
              break;
            }
            case "reviewChanges": {
              this.handleReviewChanges();
              break;
            }
            case "searchFiles":
            case "getMentions": {
              await this.handleSearchFiles(message.query);
              break;
            }
            case "getOpenCodeConfig": {
              await this.handleGetOpenCodeConfig(message.fileName);
              break;
            }
            case "saveOpenCodeConfig": {
              await this.handleSaveOpenCodeConfig(message.content, message.filePath);
              break;
            }
            case "selectModel":
            case "setModel": {
              // Normalize incoming model to always include providerName.
              const incoming =
                message.model || {
                  providerID: message.providerID,
                  modelID: message.modelID,
                } ||
                {};
              if (!incoming.providerID || !incoming.modelID) {
                this.logger.warn("Ignoring invalid model selection payload; providerID and modelID are required.", { incoming });
                break;
              }
              let providerName: string | undefined = incoming.providerName;
              if (!providerName) {
                // Try to resolve from cached models if available
                const found = this.availableModels?.find(
                  (m) =>
                    m.providerID === incoming.providerID &&
                    m.modelID === incoming.modelID,
                );
                providerName = found?.providerName || incoming.providerID;
              }
    
              this.selectedModel = {
                providerID: incoming.providerID,
                modelID: incoming.modelID,
                providerName,
              };
    
              // Persist selection
              await this.context.globalState.update(
                "selectedModel",
                this.selectedModel,
              );
              if (this.currentSessionId) {
                await this.persistSessionSettings(this.currentSessionId, {
                  providerID: this.selectedModel?.providerID,
                  modelID: this.selectedModel?.modelID,
                });
              }
              this.logger.info("Persisted model selection", {
                modelID: this.selectedModel.modelID,
                providerName: this.selectedModel.providerName,
              });
    
              // Fetch and broadcast model capabilities (fire-and-forget).
              void this.modelCapabilitiesService
                .getCapabilities(
                  this.selectedModel.providerID,
                  this.selectedModel.modelID,
                )
                .then(async (capability) => {
                  this.capabilityFetchFailureCount = 0;
                  // Broadcast capability update (preserve existing behaviour)
                  this.view?.webview.postMessage({
                    type: "modelCapabilityUpdate",
                    capability: capability ?? null,
                  });
    
                  // Check for stale persisted thinking level and clear if it's no
                  // longer supported by the newly selected model.
                  try {
                    const persistedLevel =
                      (this.currentSessionId
                        ? this.getSessionSettings(this.currentSessionId).thinkingLevel
                        : undefined) ?? this.context.globalState.get<string>("thinkingLevel");
    
                    const newVariants = capability?.variants;
                    const isStale =
                      persistedLevel &&
                      (!Array.isArray(newVariants) || newVariants.length === 0 || !newVariants.includes(persistedLevel));
    
                    if (isStale) {
                      this.logger.warn("Clearing stale thinking level on model switch", {
                        staleLevel: persistedLevel,
                        newVariants,
                        modelID: this.selectedModel?.modelID,
                      });
    
                      // Clear from globalState
                      await this.context.globalState.update("thinkingLevel", undefined);
    
                      // Clear from session settings if applicable
                      if (this.currentSessionId) {
                        await this.persistSessionSettings(this.currentSessionId, {
                          thinkingLevel: undefined,
                        });
                      }
    
                      // Notify webview to reset its displayed thinking level
                      this.view?.webview.postMessage({
                        type: "thinkingLevelUpdate",
                        level: "",
                      });
                    }
                  } catch (err) {
                    // Best-effort only — log and continue
                    this.logger.warn("Error while checking/clearing stale thinking level", { err });
                  }
                })
                .catch((err) => {
                  this.logger.warn(
                    "Failed to fetch model capabilities on model switch",
                    { err },
                  );
                  this.view?.webview.postMessage({
                    type: "modelCapabilityUpdate",
                    capability: null,
                  });
                  try {
                    this.capabilityFetchFailureCount = (this.capabilityFetchFailureCount || 0) + 1;
                    if (this.capabilityFetchFailureCount >= 3) {
                      vscode.window.showWarningMessage(
                        "Could not fetch model capabilities. Thinking level control may be unavailable.",
                      );
                      this.capabilityFetchFailureCount = 0;
                    }
                  } catch (_) {
                    // best-effort only
                  }
                });
              break;
            }
            case "selectAgent":
            case "setAgent": {
              const oldAgent = this.selectedAgent;
              this.selectedAgent = message.agent;
    
              this.logger.logStateChange(
                'selected-agent',
                oldAgent,
                message.agent,
                'user-selection'
              );
    
              this.logger.info(`${LoggingCategories.UI_INTERACTION} User selected agent`, {
                fromAgent: oldAgent,
                toAgent: message.agent,
              });
    
              if (this.currentSessionId) {
                await this.persistSessionSettings(this.currentSessionId, {
                  agent: message.agent,
                });
              }
              break;
            }
            case "getAgents": {
              this.handleGetAgents();
              break;
            }
            case "getCommands": {
              this.logger.info('[onDidReceiveMessage] Received getCommands message');
              await this.handleGetCommands();
              break;
            }
            case "getModels": {
              await this.handleGetModels();
              break;
            }
            case "getSessions": {
              await this.handleGetSessions();
              break;
            }
            case "loadSession":
            case "openSession":
            case "switchSession": {
              const correlationId = this.logger.startFeatureFlow('switch-session', {
                targetSessionId: message.sessionId,
              });
    
              this.logger.info(`${LoggingCategories.UI_INTERACTION} User switching session`, {
                correlationId,
                fromSessionId: this.currentSessionId,
                toSessionId: message.sessionId,
              });
    
              try {
                await this.handleLoadSession(message.sessionId);
                this.logger.endFeatureFlow(correlationId, { success: true });
              } catch (error) {
                this.logger.error(
                  `${LoggingCategories.UI_INTERACTION} Failed to switch session`,
                  { correlationId, fromSessionId: this.currentSessionId, toSessionId: message.sessionId, error: (error as Error).message }
                );
                this.logger.endFeatureFlow(correlationId, { success: false });
              }
              break;
            }
            case "deleteSession": {
              await this.handleDeleteSession(message.sessionId);
              break;
            }
            case "renameSession": {
              await this.handleRenameSession(message.sessionId, message.newTitle);
              break;
            }
            case "stopRequest": {
              await this.handleStopRequest(message.sessionId);
              break;
            }
            case "compactSession": {
              await this.handleCompactSession(
                message.sessionId,
                this.normalizeCompactionBaselineStats(message.baselineStats),
              );
              break;
            }
            case "setCompactionViewState": {
              await this.handleSetCompactionViewState(message);
              break;
            }
            case "addToQueue": {
              await this.schedulePromptDispatch("queue", {
                sessionId: message.sessionId,
                text: message.text,
                files: message.files,
                contexts: message.contexts,
                images: message.images,
                agent: message.agent,
              });
              break;
            }
            case "steerMessage": {
              await this.schedulePromptDispatch("steer", {
                sessionId: message.sessionId,
                text: message.text,
                files: message.files,
                contexts: message.contexts,
                images: message.images,
                agent: message.agent,
              });
              break;
            }
            case "sendQueuedItemNow": {
              await this.handleDispatchQueuedItem(
                "send-now",
                message.sessionId,
                message.id,
                message.index,
              );
              break;
            }
            case "steerQueuedItem": {
              await this.handleDispatchQueuedItem(
                "steer",
                message.sessionId,
                message.id,
                message.index,
              );
              break;
            }
            case "attachFiles": {
              await this.handleAttachFiles();
              break;
            }
            case "attachImage": {
              await this.handleAttachImage();
              break;
            }
            case "removeFromQueue": {
              await this.handleRemoveFromQueue(
                message.sessionId,
                message.id,
                message.index,
              );
              break;
            }
            case "clearQueue": {
              await this.handleClearQueue(message.sessionId);
              break;
            }
            case "executeQueue": {
              await this.handleExecuteQueue(message.sessionId);
              break;
            }
            case "log": {
              const { level, message: logMsg, category, context } = message;
              const prefix = category ? `[${category}]` : "[WebView]";
              try {
                const levelStr = (level || "info").toLowerCase();
                const msgStr =
                  typeof logMsg === "string"
                    ? logMsg.length > 2000
                      ? `${logMsg.slice(0, 2000)}...[truncated ${logMsg.length - 2000} chars]`
                      : logMsg
                    : JSON.stringify(logMsg);
                const ctx = { ...(context || {}), source: prefix };
                switch (levelStr) {
                  case "error":
                    this.logger.error(msgStr, ctx as Record<string, unknown>);
                    break;
                  case "warn":
                    this.logger.warn(msgStr, ctx as Record<string, unknown>);
                    break;
                  case "debug":
                    this.logger.debug(msgStr, ctx as Record<string, unknown>);
                    break;
                  case "info":
                  default:
                    this.logger.info(msgStr, ctx as Record<string, unknown>);
                    break;
                }
              } catch (err) {
                // If logging from webview fails, don't let it crash the provider
                this.logger.warn("Failed to forward webview log message", { err });
              }
              break;
            }
            case "refreshQuota": {
              await this.quotaService.refreshQuota();
              break;
            }
            case "setThinkingLevel": {
              const level = message.level as string | undefined;
              if (level) {
                await this.context.globalState.update("thinkingLevel", level);
                if (this.currentSessionId) {
                  await this.persistSessionSettings(this.currentSessionId, {
                    thinkingLevel: level,
                  });
                }
                this.logger.info("Thinking level set", { level });
                // NOTE: The webview handler only listens for 'thinkingLevelUpdate' (not 'thinkingLevelSet')
                this.view?.webview.postMessage({
                  type: "thinkingLevelUpdate",
                  level,
                });
              }
              break;
            }
            case "toggleMode": {
              const correlationId = this.logger.startFeatureFlow('toggle-mode', {
                fromMode: this.currentMode,
                toMode: message.mode,
              });
    
              this.logger.info('User toggled chat mode', {
                correlationId,
                fromMode: this.currentMode,
                toMode: message.mode,
              });
    
              try {
                await this.handleToggleMode(message.mode);
                this.logger.endFeatureFlow(correlationId, { success: true });
              } catch (error) {
                this.logger.error('Failed to toggle mode', {
                  correlationId,
                  error: (error as Error).message,
                });
                this.logger.endFeatureFlow(correlationId, { success: false });
              }
              break;
            }
            case "addAttachment": {
              const attachment = message.attachment;
              if (!attachment) break;
              const existing = (this.context.globalState.get<any[]>(
                "pendingAttachments",
              ) || []) as any[];
              existing.push(attachment);
              await this.context.globalState.update("pendingAttachments", existing);
              this.view?.webview.postMessage({
                type: "attachmentAdded",
                attachmentId: attachment.id,
              });
              break;
            }
            case "retryLastMessage": {
              const retrySessionId = this.currentSessionId;
              if (this.lastSendMessageArgs && retrySessionId && !this.processingSessionIds.has(retrySessionId)) {
                const retryWithoutStructuredOutput =
                  message.retryWithoutStructuredOutput === true;
                if (this.currentSessionId) {
                  try {
                    const rawMessages = await this.sessionService.getMessages(
                      this.currentSessionId,
                    );
                    const messages = await this.processHistoryMessages(
                      rawMessages,
                      this.currentSessionId,
                    );
                    this.logHistoryRenderDiagnostics(
                      "retryLastMessage.reload",
                      this.currentSessionId,
                      rawMessages,
                      messages,
                    );
                    this.view?.webview.postMessage({
                      type: "chatHistory",
                      sessionId: this.currentSessionId,
                      messages: messages,
                    });
                  } catch (err) {
                    this.logger.error("Failed to load messages for retry", { err });
                  }
                }
                await this.handleSendMessage(
                  this.lastSendMessageArgs.text,
                  this.lastSendMessageArgs.files,
                  this.lastSendMessageArgs.contexts,
                  this.lastSendMessageArgs.images,
                  this.lastSendMessageArgs.agent,
                  true,
                  undefined,
                  retryWithoutStructuredOutput,
                );
              }
              break;
            }
            case "clearAttachments": {
              await this.context.globalState.update("pendingAttachments", []);
              this.view?.webview.postMessage({ type: "attachmentsCleared" });
              break;
            }
            case "getMcpStatus": {
              this.handleGetMcpStatus().catch((err) =>
                log.error(
                  "handleGetMcpStatus error",
                  {},
                  err instanceof Error ? err : undefined,
                ),
              );
              break;
            }
            case "getLspStatus": {
              this.handleGetLspStatus().catch((err) =>
                log.error(
                  "handleGetLspStatus error",
                  {},
                  err instanceof Error ? err : undefined,
                ),
              );
              break;
            }
            case "getConfigFilesList": {
              try {
                const response = await vscode.commands.executeCommand<{
                  success: boolean;
                  error?: string;
                  files: ConfigFile[];
                }>('opencode.getConfigFiles');
    
                this.view?.webview.postMessage({
                  type: 'configFilesList',
                  success: response.success,
                  error: response.error,
                  files: response.files ?? []
                });
              } catch (err) {
                log.error(
                  "getConfigFilesList error",
                  {},
                  err instanceof Error ? err : undefined,
                );
                this.view?.webview.postMessage({
                  type: 'configFilesList',
                  success: false,
                  error: err instanceof Error ? err.message : 'Unknown error',
                  files: []
                });
              }
              break;
            }
            case "saveConfigFile": {
              try {
                // Input validation
                if (!message.filePath || typeof message.filePath !== 'string') {
                  throw new Error('Invalid or missing filePath');
                }
                if (!message.content || typeof message.content !== 'string') {
                  throw new Error('Invalid or missing content');
                }
    
                const saveResult = await vscode.commands.executeCommand<{
                  success: boolean;
                  error?: string;
                }>(
                  'opencode.saveConfigFile',
                  message.filePath,
                  message.content
                );
    
                // Null check for saveResult
                if (!saveResult) {
                  throw new Error('No response from saveConfigFile command');
                }
    
                this.view?.webview.postMessage({
                  type: 'configFileSaved',
                  success: saveResult?.success ?? false,
                  error: saveResult?.error
                });
              } catch (err) {
                log.error(
                  "saveConfigFile error",
                  {},
                  err instanceof Error ? err : undefined,
                );
                this.view?.webview.postMessage({
                  type: 'configFileSaved',
                  success: false,
                  error: err instanceof Error ? err.message : 'Unknown error'
                });
              }
              break;
            }
            case "planProceed": {
              const payload = message.payload;
              await this.context.globalState.update(
                "lastPlanProceed",
                payload || null,
              );
              this.logger.debug("planProceed received");
              this.view?.webview.postMessage({
                type: "planProceedAck",
                payload: { received: true },
              });
              break;
            }
            // Skill installer message routing
            case "getMySkills":
            case "installSkill":
            case "removeSkill":
            case "editSkill":
            case "validateSkill":
              await this.handleSkillMessage(message);
              break;
            default: {
              this.logger.debug(`${LoggingCategories.UI_INTERACTION} Unhandled message type`, {
                messageType: type,
              });
            }
          }
        });
    
        // Subscribe to stream events
        this.unsubscribe = this.streamService.subscribe(async (event) => {
          // Log stream events for debugging
          const eventRec = event as Record<string, unknown>;
          const eventType = eventRec?.type || "unknown";
          const structuredRec = eventRec?.structured as Record<string, unknown> | undefined;
          const eventKind = structuredRec?.kind || "unknown";
          this.logger.debug(`📡 [STREAM] Event received: ${eventType} (kind: ${eventKind})`, {
            sessionId: this.extractEventSessionId(event),
            hasStructured: !!structuredRec,
          });
    
          const eventSessionId = this.extractEventSessionId(event);
          // Always run subagent tracking before any session-scoped early return so child
          // session events are captured regardless of which session is active in the UI.
          const subagentUpdate = this.subagentTracker.consumeStreamEvent(event);
          if (subagentUpdate) {
            this.view?.webview.postMessage({
              type: "subagentUpdate",
              ...subagentUpdate,
            });
            void this.subagentPersistence.persistSubagentUpdateSnapshot(
              subagentUpdate,
              this.currentSessionId,
              this.sessionService,
              (msg) => this.view?.webview.postMessage(msg)
            ).catch((persistError) => {
              this.logger.warn("Failed to persist subagent stream snapshot", { err: persistError });
            });
          }
    
          // We process all events for internal logic (tracking, persistence),
          // but drop early if the stream event belongs to a different active session.
          if (eventSessionId && this.currentSessionId && eventSessionId !== this.currentSessionId) {
            return;
          }
    
          // Track token usage from message.updated events
          if (event.type === "message.updated" && event.properties) {
            const info = (event.properties as any)?.info;
            if (info?.tokens && info?.modelID) {
              const tokens: TokenUsage = {
                input: info.tokens.input || 0,
                output: info.tokens.output || 0,
                reasoning: info.tokens.reasoning || 0,
                cacheRead: info.tokens.cache?.read || 0,
                cacheWrite: info.tokens.cache?.write || 0,
              };
              // Track only if there's actual token usage
              if (tokens.input > 0 || tokens.output > 0 || tokens.reasoning > 0) {
                this.geminiTokenTracker.recordUsage(info.modelID, tokens);
              }
            }
          }
    
          this.forwardCompactionStatusFromStreamEvent(event);
    
          // Forward events to webview
          const enrichedEvent = this.enrichStreamEvent(event);
          this.logStreamEventDiagnostics(event, enrichedEvent);
    
          if (this.hasBlockingInteractiveInStreamPayload(enrichedEvent)) {
            this.awaitingInteractiveAnswer = true;
          }
    
          // Clear flag when we receive actual content (not another question)
          // This indicates the model is processing and we're no longer just "awaiting"
          if (this.awaitingInteractiveAnswer) {
            const isAnotherQuestion = this.hasBlockingInteractiveInStreamPayload(enrichedEvent);
            const isActualContent = enrichedEvent.type &&
                                   enrichedEvent.type !== 'interactive_event' &&
                                   !isAnotherQuestion;
    
            if (isActualContent) {
              this.awaitingInteractiveAnswer = false;
            }
          }
    
          // Log stream event for debugging response types (with error handling)
          try {
            const structured = enrichedEvent?.structured || {};
            const responseContext: Record<string, unknown> = {
              eventType: event.type || "unknown",
              kind: structured?.kind || "unknown",
            };
    
            if (structured?.text) {
              responseContext.textLength = structured.text.length;
              responseContext.textPreview = structured.text.substring(0, 100);
            }
    
            if (structured?.responseType) {
              responseContext.responseType = structured.responseType;
            }
    
            if (enrichedEvent?.structuredOutput) {
              responseContext.hasStructuredOutput = true;
              responseContext.outputType =
                enrichedEvent.structuredOutput.responseType;
            }
    
            this.logger.aiStreamEvent(
              "stream", // sessionId - using placeholder since stream events don't have a sessionId
              structured?.kind || "unknown", // eventType
              responseContext, // context
            );
          } catch (error) {
            // Silently ignore logging errors to prevent stream interruption
            this.logger.warn("Failed to log stream event", { err: error });
          }
    
          // Forward todo_update stream events as todoUpdate postMessage to webview
          if (enrichedEvent?.structuredOutput?.responseType === "todo_update") {
            const structured = enrichedEvent.structuredOutput as Record<string, unknown>;
            const todoItems = Array.isArray(structured.todoItems)
              ? structured.todoItems
              : [];
    
            // **Performance Optimization:** Batch all todo updates into a single postMessage
            // Previously sent individual postMessage for each item (could be 10+ messages)
            // Now sends single batch message with all updates
            const updates: Array<{ id: string; text: string; status: string; sessionId?: string }> = [];
    
            for (const rawItem of todoItems) {
              if (typeof rawItem !== "object" || rawItem === null) {
                continue;
              }
    
              const item = rawItem as Record<string, unknown>;
              const id = typeof item.id === "string" ? item.id : "";
              const text = typeof item.text === "string" ? item.text : "";
              const status = typeof item.status === "string" ? item.status : "";
              const sessionId =
                typeof item.sessionId === "string" ? item.sessionId : undefined;
    
              if (!id || !text || !status) {
                continue;
              }
    
              updates.push({
                id,
                text,
                status,
                ...(sessionId ? { sessionId } : {}),
              });
            }
    
            // Send batched updates as single postMessage (reduces IPC overhead)
            if (updates.length > 0) {
              this.view?.webview.postMessage({
                type: "todoUpdate",
                action: "batch",
                items: updates,
              });
            }
    
            // **Performance Optimization:** Debounce todo persistence
            // Previously persisted on every todo_update event during streaming
            // Now debounced with 1-second delay (reduces state writes by 80-90%)
            const targetPersistSessionId = eventSessionId || this.currentSessionId;
            if (targetPersistSessionId && updates.length > 0) {
              this.scheduleTodoPersistence(targetPersistSessionId, todoItems);
            }
          }
    
          // Stamp the active session ID onto every event so the webview can always
          // perform a reliable session-scoped filter even when the raw event payload
          // does not carry a sessionId field.
          this.view?.webview.postMessage({
            type: "streamEvent",
            event: { ...enrichedEvent, sessionId: this.currentSessionId },
          });
          if (this.shouldVerboseStreamDebug()) {
            this.logger.debug("streamEvent forwarded", {
              type: (enrichedEvent as any)?.type || event.type,
              kind: (enrichedEvent as any)?.structured?.kind || "unknown",
            });
          }
    
          // If this is a step-finish or tool completion for an edit, calculate diff stats asynchronously
          // Fire-and-forget follow-up message so we don't block the stream rendering
          if (enrichedEvent?.structured?.kind === "progress") {
            const props = (event.properties || {}) as any;
            const part = props.part || {};
            const partType = (part.type || "").toLowerCase();
    
            // Check if it's a tool that modified a file or a step-finish for an edit
            const isToolDone = partType === "tool" && part.state?.status === "done";
            const isStepFinish = partType === "step-finish";
    
            if (isToolDone || isStepFinish) {
              const toolName = (part.tool || "").toLowerCase();
              const filePath =
                part.state?.input?.file || part.state?.input?.path || part.filePath;
    
              if (
                filePath &&
                (toolName.includes("write") ||
                  toolName.includes("replace") ||
                  toolName.includes("edit") ||
                  isStepFinish)
              ) {
                const callID =
                  part.callId ||
                  part.callID ||
                  enrichedEvent?.structured?.callID ||
                  enrichedEvent.id;
                if (callID) {
                  const toolNameRaw =
                    typeof part.tool === "string" ? part.tool : undefined;
                  const partInput = part.state?.input ?? {};
                  const commandHint =
                    (typeof partInput.CommandLine === "string" && partInput.CommandLine) ||
                    (typeof partInput.command === "string" && partInput.command) ||
                    undefined;
                  const queryHint =
                    (typeof partInput.Query === "string" && partInput.Query) ||
                    (typeof partInput.query === "string" && partInput.query) ||
                    (typeof partInput.Pattern === "string" && partInput.Pattern) ||
                    (typeof partInput.pattern === "string" && partInput.pattern) ||
                    undefined;
                  this.getDiffActivityEnrichment(filePath)
                    .then((enrichment) => {
                      if (enrichment && this.view) {
                        this.view.webview.postMessage({
                          type: "streamEventEnrich",
                          callID,
                          diffStats: enrichment.diffStats,
                          activityDetail: {
                            kind: "file_edit",
                            tool: toolNameRaw,
                            command: commandHint,
                            query: queryHint,
                            file: filePath,
                            diffExcerpt: enrichment.diffExcerpt,
                          },
                        });
                      }
                    })
                    .catch((err) => {
                      this.logger.error("Failed to get diff stats async", { err });
                    });
                }
              }
            }
          }
        });
    
        webviewView.webview.html = this.getHtmlContent(webviewView.webview);
    
        // Subscribe to status changes
        const statusSubscription = this.serverManager.onStatusChange((status) => {
          this.view?.webview.postMessage({
            type: "statusUpdate",
            status: status,
          });
        });
    
        // Cleanup on dispose
        webviewView.onDidDispose(() => {
          if (this.unsubscribe) {
            this.unsubscribe();
            this.unsubscribe = undefined;
          }
          this.isBootstrappingWebview = false;
          this.hasInitializedWebview = false;
          this.sessionsListRequestVersion = 0;
          this.lastSessionsPayloadFingerprint = undefined;
          statusSubscription.dispose();
          this.quotaService.dispose();
          // Don't dispose the singleton tracker - it's shared
          this.view = undefined;
        });
      }
    
      /**
       * Handles getting the sessions list
       */
      /**
       * Notifies the webview of the current set of processing session IDs.
       */
      /**
       * Handles switching to a specific session
       */
      /**
       * Handles deleting a session
       */
      /**
       * Handles renaming a session.
       *
       * Updates the session title on the server and refreshes the session list.
       *
       * @param sessionId - The ID of the session to rename
       * @param newTitle - The new title for the session
       */
      /**
       * Processes raw history messages by applying structured outputs and enriching
       * plan metadata for rendering.
       */
      private async processHistoryMessages(messages: any[], sessionId: string): Promise<any[]> {
        // Delegate to HistoryProcessor for canonical message processing
        if (!this.historyProcessor) {
          this.logger.warn("HistoryProcessor not initialized, returning empty messages");
          return [];
        }
    
        if (!Array.isArray(messages) || messages.length === 0) {
          this.logger.warn('[processHistoryMessages] No messages to process', { sessionId, count: messages?.length });
          return [];
        }
    
        this.logger.info('[DEBUG] processHistoryMessages input:', { count: messages.length, sessionId });
    
        try {
          // Load any session overrides first
          const overriddenMessages = await this.historyProcessor.applySessionMessageOverrides(sessionId, messages);
    
          this.logger.info('[DEBUG] After applySessionMessageOverrides:', { count: overriddenMessages?.length || 0 });
    
          // Then process through the canonical pipeline
          const processed = this.historyProcessor.processHistoryMessages(overriddenMessages, sessionId);
    
          this.logger.info('[DEBUG] processHistoryMessages output:', { count: processed?.length || 0, sessionId });
    
          return processed || [];
        } catch (error) {
          this.logger.error('[ERROR] processHistoryMessages failed:', { error: error instanceof Error ? error.message : String(error), sessionId, stack: error instanceof Error ? error.stack : undefined });
          // Return original messages as fallback
          return messages;
        }
      }
    
      private isAssistantHistoryMessage(message: any): boolean {
        return (
          this.firstNonEmptyString(message?.role, message?.info?.role)?.toLowerCase() ===
          "assistant"
        );
      }
    
      private isInternalSystemReminderMessage(message: any): boolean {
        if (!message || typeof message !== "object") return false;
    
        const role = this.firstNonEmptyString(
          message?.role,
          message?.info?.role,
        )?.toLowerCase().trim();
        if (role !== "user" && role !== "system") return false;
    
        const text = this.extractMessageBodyText(message);
        if (!text) return false;
    
        const trimmed = text.trim();
        const lower = trimmed.toLowerCase();
    
        // Check for square-bracketed system messages at the start (e.g., [analyze-mode], [background task completed])
        const bracketPattern = /^\[[a-z][a-z0-9_\- ]*\]/i;
        const hasBracketPrefix = bracketPattern.test(trimmed);
    
        return (
          lower.includes("<system-reminder>") ||
          lower.includes("<auto-slash-command>") ||
          lower.includes("<!-- omo_internal_initiator -->") ||
          hasBracketPrefix ||
          (lower.includes("[search-model]") && lower.includes("maximize search effort")) ||
          lower.startsWith("system reminder") ||
          lower.startsWith("internal reminder") ||
          lower.includes("reminder: you can")
        );
      }
    
      private hasRenderableHistoryPayload(message: any): boolean {
        if (!message || typeof message !== "object") {
          return false;
        }
    
        // Don't filter out system reminder messages - they will be converted to system role
        // and rendered with the SystemMessage component
        if (this.isInternalSystemReminderMessage(message)) {
          return true;
        }
    
        const text = this.extractMessageBodyText(message).trim();
        if (text.length > 0) {
          return true;
        }
    
        if (Array.isArray(message.images) && message.images.length > 0) {
          return true;
        }
        if (Array.isArray(message.attachments) && message.attachments.length > 0) {
          return true;
        }
        if (Array.isArray(message.subagents) && message.subagents.length > 0) {
          return true;
        }
        if (
          Array.isArray(message.interactiveEvents) &&
          message.interactiveEvents.length > 0
        ) {
          return true;
        }
        if (
          Array.isArray(message.reasoningEvents) &&
          message.reasoningEvents.length > 0
        ) {
          return true;
        }
        if (
          Array.isArray(message.progressEvents) &&
          message.progressEvents.length > 0
        ) {
          return true;
        }
        if (Array.isArray(message.steps) && message.steps.length > 0) {
          return true;
        }
        if (Array.isArray(message.edits) && message.edits.length > 0) {
          return true;
        }
        if (
          typeof message.error === "string" &&
          message.error.trim().length > 0
        ) {
          return true;
        }
        if (message.plan && typeof message.plan === "object") {
          return true;
        }
    
        if (!Array.isArray(message.parts)) {
          return false;
        }
    
        const role = this.firstNonEmptyString(message?.role, message?.info?.role)
          ?.toLowerCase()
          .trim();
        if (role === "assistant" && message.parts.length > 0) {
          return true;
        }
    
        return message.parts.some((part: any) => {
          const rec = this.asRecord(part);
          if (!rec) {
            return false;
          }
          return (
            this.firstNonEmptyString(rec.filename)?.length ||
            this.firstNonEmptyString(this.asRecord(rec.source)?.path)?.length ||
            this.firstNonEmptyString(rec.url)?.length
          )
            ? true
            : false;
        });
      }
    
      private isRenderableHistoryMessage(message: any): boolean {
        const role = this.firstNonEmptyString(message?.role, message?.info?.role);
        const hasPayload = this.hasRenderableHistoryPayload(message);
        if (role === "user" || role === "assistant") {
          return hasPayload;
        }
        return hasPayload;
      }
    
      private extractHistoryMessageId(message: any): string | undefined {
        if (!message || typeof message !== "object") {
          return undefined;
        }
        return this.firstNonEmptyString(message.info?.id, message.id);
      }
    
      private historyMessageCreatedAt(message: any): number | undefined {
        const candidates = [
          message?.time?.created,
          message?.info?.time?.created,
          message?.createdAt,
          message?.info?.createdAt,
        ];
        for (const candidate of candidates) {
          if (typeof candidate === "number" && Number.isFinite(candidate)) {
            return candidate;
          }
        }
        return undefined;
      }
    
      private historyMessageFingerprint(message: any): string | undefined {
        const role = this.firstNonEmptyString(message?.role, message?.info?.role)
          ?.toLowerCase()
          .trim();
        const text = this.extractMessageBodyText(message)
          .toLowerCase()
          .replace(/\s+/g, " ")
          .trim();
        if (text.length > 0) {
          return `${role || "unknown"}|text:${text}`;
        }
    
        if (Array.isArray(message?.images) && message.images.length > 0) {
          const imageKey = message.images
            .map((image: any) => {
              if (typeof image === "string") {
                return image;
              }
              return this.firstNonEmptyString(
                image?.url,
                image?.dataUrl,
                image?.filename,
              );
            })
            .filter((value: string | undefined): value is string => Boolean(value))
            .join("|");
          if (imageKey) {
            return `${role || "unknown"}|images:${imageKey}`;
          }
        }
    
        if (Array.isArray(message?.parts) && message.parts.length > 0) {
          const attachmentKey = message.parts
            .map((part: any) => {
              const rec = this.asRecord(part);
              if (!rec) {
                return undefined;
              }
              return this.firstNonEmptyString(
                rec.filename,
                this.asRecord(rec.source)?.path,
                rec.url,
              );
            })
            .filter((value: string | undefined): value is string => Boolean(value))
            .join("|");
          if (attachmentKey) {
            return `${role || "unknown"}|attachments:${attachmentKey}`;
          }
        }
    
        return undefined;
      }
    
      private async sleep(ms: number): Promise<void> {
        await new Promise<void>((resolve) => {
          const scheduleDelay = Reflect.get(globalThis, "set" + "Timeout") as
            | ((callback: () => void, delay?: number) => unknown)
            | undefined;
          if (typeof scheduleDelay === "function") {
            scheduleDelay(resolve, ms);
            return;
          }
          resolve();
        });
      }
    
      private async tryRecoverTimedOutResponse(
        sessionId: string,
        baselineAssistantMarker?: AssistantHistoryMarker,
      ): Promise<boolean> {
        const pollDelaysMs = [500, 1000, 1800, 2800, 4000];
    
        for (const delayMs of pollDelaysMs) {
          await this.sleep(delayMs);
          const rawMessages = await this.sessionService.getMessages(sessionId);
          const latestAssistantMarker =
            this.getLatestAssistantHistoryMarker(rawMessages);
          if (
            !this.hasAssistantHistoryAdvanced(
              latestAssistantMarker,
              baselineAssistantMarker,
            )
          ) {
            continue;
          }
    
          const processedMessages = await this.processHistoryMessages(
            rawMessages,
            sessionId,
          );
          this.logHistoryRenderDiagnostics(
            "timeout-recovery",
            sessionId,
            rawMessages,
            processedMessages,
          );
          this.view?.webview.postMessage({
            type: "chatHistory",
            sessionId,
            messages: processedMessages,
          });
          try {
            await this.sendPersistedCompactionViewState(sessionId);
          } catch {
            // best effort only
          }
          return true;
        }
    
        return false;
      }
    
      private getWorkspaceDirectory(): string | undefined {
        const workspaceFolder = vscode.workspace.workspaceFolders?.[0];
        if (!workspaceFolder || workspaceFolder.uri.scheme !== "file") {
          return undefined;
        }
        return workspaceFolder.uri.fsPath.replace(/\\/g, "/").replace(/\/+$/, "");
      }
    
      private isStructuredFormatUnsupportedError(error: unknown): boolean {
        const text = JSON.stringify(error || "").toLowerCase();
        const mentionsFormat =
          text.includes("outputformat") ||
          text.includes("output_format") ||
          text.includes('"format"') ||
          text.includes("format:");
        const mentionsUnsupported =
          text.includes("unknown") ||
          text.includes("unsupported") ||
          text.includes("unexpected") ||
          text.includes("invalid");
        return mentionsFormat && mentionsUnsupported;
      }
    
      /**
       * Get the configured request timeout from VSCode settings
       * @returns Timeout in milliseconds (default: 120000 = 2 minutes)
       */
      private getRequestTimeout(): number {
        const config = vscode.workspace.getConfiguration('opencode');
        const timeout = config.get<number>('requestTimeout', 120000);
    
        // Validate timeout is reasonable (between 10s and 10 minutes)
        if (timeout < 10000 || timeout > 600000) {
          this.logger.warn(`Invalid requestTimeout configured: ${timeout}ms, using default 120000ms`);
          return 120000;
        }
    
        return timeout;
      }
    
      /**
       * Calculate timeout based on query complexity
       * @param baseTimeout - Base timeout from configuration
       * @param hasFiles - Whether the query includes file attachments
       * @param hasContexts - Whether the query includes context attachments
       * @param hasImages - Whether the query includes image attachments
       * @returns Adjusted timeout in milliseconds
       */
      private calculateTimeoutForQuery(
        baseTimeout: number,
        hasFiles: boolean,
        hasContexts: boolean,
        hasImages: boolean,
      ): number {
        const config = vscode.workspace.getConfiguration('opencode');
        const multiplier = config.get<number>('complexQueryMultiplier', 1.5);
    
        // Calculate complexity score
        const complexityScore = (hasFiles ? 1 : 0) + (hasContexts ? 1 : 0) + (hasImages ? 1 : 0);
    
        // Apply multiplier for complex queries
        if (complexityScore >= 2) {
          const adjustedTimeout = Math.floor(baseTimeout * multiplier);
          this.logger.debug(`Using extended timeout for complex query: ${adjustedTimeout}ms (base: ${baseTimeout}ms, complexity: ${complexityScore})`);
          return adjustedTimeout;
        }
    
        return baseTimeout;
      }
    
      // PROMPT-OWNERSHIP: do not modify — transport-only path
      private async promptWithStructuredOutput(
        client: any,
        sessionID: string,
        body: NonNullable<SessionPromptData["body"]>,
        useStructuredOutput = true,
        options?: {
          hasFiles?: boolean;
          hasContexts?: boolean;
          hasImages?: boolean;
        },
      ) {
        const workspaceDirectory = this.getWorkspaceDirectory();
    
        // Calculate timeout based on query complexity
        const baseTimeout = this.getRequestTimeout();
        const timeout = this.calculateTimeoutForQuery(
          baseTimeout,
          options?.hasFiles ?? false,
          options?.hasContexts ?? false,
          options?.hasImages ?? false,
        );
    
        const callPrompt = (requestBody: Record<string, unknown>) => {
          const sdkStartTime = Date.now();
          this.logger.debug("Initiating SDK prompt call", {
            sessionID,
            timeout,
            useStructuredOutput,
            hasFiles: options?.hasFiles,
            hasContexts: options?.hasContexts,
            hasImages: options?.hasImages,
          });
    
          const promise = client.session.prompt({
            path: { id: sessionID },
            query: workspaceDirectory ? { directory: workspaceDirectory } : undefined,
            body: requestBody as SessionPromptData["body"],
            timeout,  // Explicit timeout configuration
          });
    
          // Add timing tracking
          promise.then((result: { error?: unknown; data?: unknown }) => {
            const sdkDuration = Date.now() - sdkStartTime;
            this.logger.performance(`SDK prompt call completed`, sdkDuration, {
              sessionID,
              hasError: Boolean(result.error),
              hasData: Boolean(result.data),
              timeout,
            });
          }).catch((error: Error) => {
            const sdkDuration = Date.now() - sdkStartTime;
            this.logger.error(`SDK prompt call failed after ${sdkDuration}ms`, {
              sessionID,
              timeout,
              error: error.message,
            });
          });
    
          return promise;
        };
    
        const schema = this.getStructuredOutputFormat();
    
        if (!useStructuredOutput || this.structuredOutputMode === "disabled") {
          return callPrompt(body as Record<string, unknown>);
        }
    
        const withSchema = (
          mode: "format" | "outputFormat",
        ): Record<string, unknown> => ({
          ...(body as Record<string, unknown>),
          [mode]: schema,
        });
    
        const primaryMode: "format" | "outputFormat" =
          this.structuredOutputMode === "outputFormat"
            ? "outputFormat"
            : "format";
    
        // Try structured output with 1 retry (handled by API internally via retryCount)
        const attempt = await callPrompt(withSchema(primaryMode));
        if (!attempt.error) {
          return attempt;
        }
    
        // If structured output failed, immediately fall back to plain text
        if (this.isStructuredFormatUnsupportedError(attempt.error)) {
          this.structuredOutputMode = "disabled";
          log.warn(
            "Structured output failed with this model. Falling back to plain text.",
          );
          return callPrompt(body as Record<string, unknown>);
        }
    
        // Return other errors as-is
        return attempt;
      }
    
      private asRecord(value: unknown): Record<string, unknown> | undefined {
        return typeof value === "object" && value !== null
          ? (value as Record<string, unknown>)
          : undefined;
      }
    
      /**
       * Extracts the session ID from an SSE event by checking all locations where
       * the OpenCode server may embed it (properties, part, info sub-objects).
       */
      private extractEventSessionId(event: unknown): string | undefined {
        const ev = this.asRecord(event);
        if (!ev) return undefined;
        const props = this.asRecord(ev.properties) ?? {};
        const part = this.asRecord(props.part) ?? {};
        const info = this.asRecord(props.info) ?? {};
        return (
          (typeof props.sessionID === 'string' && props.sessionID) ||
          (typeof props.sessionId === 'string' && props.sessionId) ||
          (typeof part.sessionID === 'string' && part.sessionID) ||
          (typeof part.sessionId === 'string' && part.sessionId) ||
          (typeof info.sessionID === 'string' && info.sessionID) ||
          (typeof info.sessionId === 'string' && info.sessionId) ||
          undefined
        );
      }
    
      private firstNonEmptyString(...values: unknown[]): string | undefined {
        for (const value of values) {
          if (typeof value === "string" && value.trim()) {
            return value.trim();
          }
        }
        return undefined;
      }
    
      private isLikelyToolCallTranscript(text: string): boolean {
        const normalized = text.trim().toLowerCase();
        if (!normalized) {
          return false;
        }
        return (
          normalized.includes("<tool_call>") ||
          normalized.includes("</tool_call>") ||
          normalized.includes("<arg_key>") ||
          normalized.includes("</arg_key>") ||
          normalized.includes("<arg_value>") ||
          normalized.includes("</arg_value>")
        );
      }
    
      private normalizeErrorCandidate(value: unknown): string | undefined {
        if (typeof value !== "string") {
          return undefined;
        }
        const trimmed = value.trim();
        return trimmed.length > 0 ? trimmed : undefined;
      }
    
      private shouldVerboseStreamDebug(): boolean {
        const level = vscode.workspace
          .getConfiguration("opencode.logging")
          .get<string>("level", "info");
        return typeof level === "string" && level.toLowerCase() === "debug";
      }
    
      private isLikelyInteractiveAwaitTimeoutError(message: string): boolean {
        const normalized = message.trim().toLowerCase();
        if (!normalized || !normalized.includes("timeout")) {
          return false;
        }
        return (
          normalized.includes("headers timeout") ||
          normalized.includes("header timeout") ||
          normalized.includes("und_err_headers_timeout") ||
          normalized.includes("request timed out") ||
          normalized.includes("response timeout") ||
          normalized.includes("body timeout")
        );
      }
    
      private shouldSuppressInteractiveAwaitTimeout(message: string): boolean {
        if (!this.isLikelyInteractiveAwaitTimeoutError(message)) {
          return false;
        }
        return this.awaitingInteractiveAnswer || this.isInInteractiveResponseTransition();
      }
    
      private isInInteractiveResponseTransition(): boolean {
        return Date.now() <= this.interactiveResponseTransitionUntil;
      }
    
      private isGenericErrorMessage(message: string): boolean {
        const normalized = message.trim().toLowerCase();
        return (
          normalized === "fetch failed" ||
          normalized === "failed to fetch" ||
          normalized === "request failed" ||
          normalized === "network error" ||
          normalized === "network request failed" ||
          normalized === "unknown error"
        );
      }
    
      private isStructuredOutputTransportError(message: string): boolean {
        const normalized = message.trim().toLowerCase();
        if (!normalized) {
          return false;
        }
        return (
          normalized.includes("structuredoutput") ||
          normalized.includes("structured output") ||
          normalized.includes("json_schema") ||
          normalized.includes("invalid schema for function") ||
          normalized.includes("invalid_function_parameters")
        );
      }
    
      private isStructuredOutputFailureMessage(message: string): boolean {
        const normalized = message.trim().toLowerCase();
        if (!normalized) {
          return false;
        }
        return (
          this.isStructuredOutputTransportError(normalized) ||
          normalized.includes("empty structured payload") ||
          normalized.includes("valid structured response") ||
          normalized.includes("couldn't produce a valid structured response")
        );
      }
    
      private isLikelyInteractiveTransportFailure(message: string): boolean {
        return (
          this.isLikelyInteractiveAwaitTimeoutError(message) ||
          this.isGenericErrorMessage(message)
        );
      }
    
      private hasBlockingInteractiveInStreamPayload(event: unknown): boolean {
        const eventRec = this.asRecord(event);
        if (!eventRec) {
          return false;
        }
        const isBlockingType = (value: unknown): boolean => {
          const type = this.firstNonEmptyString(value)?.toLowerCase();
          return (
            type === "question" ||
            type === "confirm" ||
            type === "quick_actions" ||
            type === "quick-actions" ||
            type === "interactive"
          );
        };
    
        const structured = this.asRecord(eventRec.structuredOutput);
        if (structured) {
          if (isBlockingType(structured.responseType)) {
            return true;
          }
    
          const interactiveEvents = Array.isArray(structured.interactiveEvents)
            ? structured.interactiveEvents
            : [];
          if (interactiveEvents.length > 0) {
            const hasBlockingInteractive = interactiveEvents.some((item) => {
              const rec = this.asRecord(item);
              if (!rec) return false;
              return isBlockingType(rec.type) || isBlockingType(rec.kind);
            });
            if (hasBlockingInteractive) {
              return true;
            }
          }
    
          const question = this.asRecord(structured.question);
          if (question && (!question.type || isBlockingType(question.type))) {
            return true;
          }
        }
    
        // Tool-question path: some providers emit interactive prompts through
        // tool parts (question/request_user_input) instead of top-level structuredOutput.
        const properties = this.asRecord(eventRec.properties) || {};
        const part = this.asRecord(properties.part) || this.asRecord(eventRec.part);
        if (!part) {
          return false;
        }
    
        const toolName = this.firstNonEmptyString(part.tool)?.toLowerCase() || "";
        if (
          toolName === "question" ||
          toolName.includes("request_user_input") ||
          toolName.includes("request-user-input")
        ) {
          return true;
        }
    
        const state = this.asRecord(part.state);
        const input =
          this.asRecord(state?.input) ||
          this.asRecord(part.input) ||
          this.asRecord(part.arguments) ||
          null;
        if (!input) {
          return false;
        }
    
        if (
          Array.isArray(input.questions) ||
          Array.isArray(input.items) ||
          Array.isArray(input.prompts) ||
          Array.isArray(input.events)
        ) {
          return true;
        }
    
        const questionLike = this.asRecord(input.question) || input;
        const hasQuestionText = !!this.firstNonEmptyString(
          questionLike.question,
          questionLike.prompt,
          questionLike.message,
          questionLike.content,
          questionLike.text,
          questionLike.title,
        );
        const hasChoices =
          Array.isArray(questionLike.options) ||
          Array.isArray(questionLike.choices) ||
          Array.isArray(questionLike.answers) ||
          Array.isArray(questionLike.actions);
        const hasConfirmControls = !!this.firstNonEmptyString(
          questionLike.confirmLabel,
          questionLike.confirm_text,
          questionLike.cancelLabel,
          questionLike.cancel_text,
        );
        const allowsCustomInput =
          questionLike.allowCustomInput === true ||
          questionLike.allow_custom_input === true;
    
        return hasQuestionText && (hasChoices || hasConfirmControls || allowsCustomInput);
      }
    
      private collectErrorMessageCandidates(
        value: unknown,
        seen: WeakSet<object> = new WeakSet<object>(),
        depth = 0,
      ): string[] {
        if (value == null || depth > 5) {
          return [];
        }
        if (typeof value === "string") {
          return [value];
        }
        if (value instanceof Error) {
          const withCause = value as Error & { cause?: unknown };
          return [
            value.message,
            ...this.collectErrorMessageCandidates(withCause.cause, seen, depth + 1),
          ];
        }
        if (typeof value !== "object") {
          return [String(value)];
        }
        if (seen.has(value)) {
          return [];
        }
        seen.add(value);
    
        const rec = value as Record<string, unknown>;
        const messages: string[] = [];
        const pushIfString = (candidate: unknown) => {
          const message = this.normalizeErrorCandidate(candidate);
          if (message) {
            messages.push(message);
          }
        };
    
        pushIfString(rec.message);
        pushIfString(rec.error);
        pushIfString(rec.detail);
        pushIfString(rec.reason);
    
        if (Array.isArray(rec.errors)) {
          for (const entry of rec.errors) {
            messages.push(
              ...this.collectErrorMessageCandidates(entry, seen, depth + 1),
            );
          }
        }
    
        messages.push(...this.collectErrorMessageCandidates(rec.data, seen, depth + 1));
        messages.push(...this.collectErrorMessageCandidates(rec.cause, seen, depth + 1));
        messages.push(
          ...this.collectErrorMessageCandidates(rec.response, seen, depth + 1),
        );
        messages.push(...this.collectErrorMessageCandidates(rec.body, seen, depth + 1));
    
        const code = this.firstNonEmptyString(rec.code, rec.errno);
        const syscall = this.firstNonEmptyString(rec.syscall);
        const address = this.firstNonEmptyString(rec.address);
        const port =
          typeof rec.port === "number"
            ? String(rec.port)
            : this.firstNonEmptyString(rec.port);
        if (code || syscall || address || port) {
          const endpoint = address && port ? `${address}:${port}` : address || port;
          const signature = [code, syscall, endpoint]
            .filter((part): part is string => Boolean(part))
            .join(" ");
          if (signature) {
            messages.push(signature);
          }
        }
    
        return messages;
      }
    
      private collectNormalizedErrorMessages(error: unknown): string[] {
        const candidates = this.collectErrorMessageCandidates(error)
          .map((candidate) => this.normalizeErrorCandidate(candidate))
          .filter((candidate): candidate is string => Boolean(candidate));
    
        if (candidates.length === 0) {
          return [];
        }
    
        const deduped: string[] = [];
        for (const candidate of candidates) {
          if (!deduped.includes(candidate)) {
            deduped.push(candidate);
          }
        }
        return deduped;
      }
    
      private extractDetailedErrorMessage(error: unknown, fallback: string): string {
        const candidates = this.collectNormalizedErrorMessages(error);
        if (candidates.length === 0) {
          return fallback;
        }
    
        const primary =
          candidates.find((candidate) => !this.isGenericErrorMessage(candidate)) ||
          candidates[0];
        const detailCandidates = candidates.filter(
          (candidate) => candidate !== primary,
        );
        if (detailCandidates.length === 0) {
          return primary;
        }
    
        const details = detailCandidates.slice(0, 4);
        const remainingCount = detailCandidates.length - details.length;
        const detailLines = details.map((detail) => `- ${detail}`);
        if (remainingCount > 0) {
          detailLines.push(`- (+${remainingCount} more detail(s))`);
        }
    
        return `${primary}\n\nDetails:\n${detailLines.join("\n")}`;
      }
    
      private enrichStreamEvent(event: any): any {
        if (!event || typeof event !== "object") {
          return event;
        }
    
        const properties = this.asRecord(event.properties) || {};
        const isMessagePartEvent =
          typeof event.type === "string" && event.type.startsWith("message.part.");
        const part =
          this.asRecord(properties.part) ||
          this.asRecord(event.part) ||
          (isMessagePartEvent ? this.asRecord(properties) : null);
        const enriched: Record<string, unknown> = { ...event };
        let kind:
          | "thinking"
          | "progress"
          | "message"
          | "lifecycle"
          | "error"
          | "other" = "other";
        let text: string | undefined;
    
        if (isMessagePartEvent && part) {
          const rawPartType =
            this.firstNonEmptyString(part.type)?.toLowerCase() || "";
          const partType =
            rawPartType === "thinking" || rawPartType === "thought"
              ? "reasoning"
              : rawPartType;
          if (
            partType === "reasoning" ||
            typeof part.reasoning !== "undefined" ||
            typeof part.thought !== "undefined" ||
            typeof part.thinking !== "undefined"
          ) {
            kind = "thinking";
            text = this.firstNonEmptyString(
              properties.delta,
              part.reasoning,
              part.thought,
              part.thinking,
              properties.reasoning,
              properties.thought,
              properties.thinking,
              part.delta,
              part.text,
            );
          } else if (
            partType === "tool" ||
            partType === "step-start" ||
            partType === "step-finish" ||
            partType === "patch"
          ) {
            const toolName = (part.tool || "").toString().toLowerCase();
            if (
              toolName.includes("structuredoutput") ||
              toolName.includes("structured_output")
            ) {
              kind = "other";
            } else {
              kind = "progress";
            }
          } else if (partType === "text" || !partType) {
            kind = "message";
            text = this.firstNonEmptyString(
              properties.delta,
              part.text,
              part.content,
            );
          }
        } else if (event.type === "message.updated") {
          kind = "lifecycle";
        } else if (event.type === "session.error" || event.type === "error") {
          kind = "error";
        }
    
        const structuredOutput = this.extractStructuredOutput({
          ...properties,
          info: properties.info,
        });
        if (structuredOutput) {
          enriched.structuredOutput = structuredOutput;
          enriched.hasStructuredOutput = true;
          if (kind === "other") {
            kind = "message";
          }
        }
    
        enriched.structured = {
          kind,
          text,
          eventType: event.type,
          responseType: structuredOutput?.responseType,
        };
    
        return enriched;
      }
    
      private normalizeSubagentStatus(
        value: unknown,
      ): "pending" | "running" | "done" | "error" | "orphaned" {
        const status = this.firstNonEmptyString(value)?.toLowerCase();
        if (
          status === "pending" ||
          status === "running" ||
          status === "done" ||
          status === "error" ||
          status === "orphaned"
        ) {
          return status;
        }
        if (
          status === "completed" ||
          status === "complete" ||
          status === "success" ||
          status === "finished"
        ) {
          return "done";
        }
        if (status === "failed") {
          return "error";
        }
        return "pending";
      }
    
      private mergeSubagentEntries(
        existingRaw: unknown,
        incoming: Array<Record<string, unknown>>,
      ): Array<Record<string, unknown>> {
        const byId = new Map<string, Record<string, unknown>>();
    
        const upsert = (value: unknown, preferIncoming = false) => {
          const rec = this.asRecord(value);
          if (!rec) {
            return;
          }
          const id = this.firstNonEmptyString(rec.id);
          if (!id) {
            return;
          }
          const current = byId.get(id);
          if (!current) {
            byId.set(id, { ...rec, id });
            return;
          }
          byId.set(
            id,
            preferIncoming
              ? { ...current, ...rec, id }
              : { ...rec, ...current, id },
          );
        };
    
        if (Array.isArray(existingRaw)) {
          existingRaw.forEach((entry) => {
            upsert(entry, false);
          });
        }
        incoming.forEach((entry) => {
          upsert(entry, true);
        });
    
        return Array.from(byId.values());
      }
    
      private hydrateSubagentsFromPayload(
        parentMessageId: string,
        payload: {
          summariesByParentMessageId?: Record<string, unknown>;
          detailsById?: Record<string, unknown>;
        },
        fallbackSessionId?: string,
      ): Array<Record<string, unknown>> {
        const summariesMap = this.asRecord(payload.summariesByParentMessageId) || {};
        const detailsMap = this.asRecord(payload.detailsById) || {};
        const summariesRaw = summariesMap[parentMessageId];
        const summaries = Array.isArray(summariesRaw) ? summariesRaw : [];
        if (summaries.length === 0) {
          return [];
        }
    
        return summaries
          .map((summaryRaw) => {
            const summary = this.asRecord(summaryRaw);
            if (!summary) {
              return null;
            }
            const id = this.firstNonEmptyString(summary.id);
            if (!id) {
              return null;
            }
            const detail = this.asRecord(detailsMap[id]) || {};
            const merged: Record<string, unknown> = {
              ...summary,
              ...detail,
              id,
            };
            merged.parentMessageId = this.firstNonEmptyString(
              merged.parentMessageId,
              parentMessageId,
            );
            merged.parentSessionId = this.firstNonEmptyString(
              merged.parentSessionId,
              fallbackSessionId,
            );
            merged.status = this.normalizeSubagentStatus(merged.status);
            merged.latestActivity =
              this.firstNonEmptyString(
                merged.latestActivity,
                merged.description,
                summary.latestActivity,
              ) || "Subagent update";
            if (!Array.isArray(merged.references)) {
              merged.references = [];
            }
            if (!Array.isArray(merged.progressEvents)) {
              merged.progressEvents = [];
            }
            if (!Array.isArray(merged.thinkingEvents)) {
              merged.thinkingEvents = [];
            }
            if (!Array.isArray(merged.timelineEvents)) {
              merged.timelineEvents = [];
            }
            return merged;
          })
          .filter((entry): entry is Record<string, unknown> => !!entry);
      }
    
      private resolveSubagentPayloadSessionId(payload: {
        summariesByParentMessageId?: Record<string, unknown>;
      }): string | undefined {
        const summariesMap = this.asRecord(payload.summariesByParentMessageId) || {};
        for (const summariesRaw of Object.values(summariesMap)) {
          if (!Array.isArray(summariesRaw)) {
            continue;
          }
          for (const summaryRaw of summariesRaw) {
            const summary = this.asRecord(summaryRaw);
            const sessionId = this.firstNonEmptyString(summary?.parentSessionId);
            if (sessionId) {
              return sessionId;
            }
          }
        }
        return undefined;
      }
    
      /**
       * Callback: Send persisted compaction view state
       * Delegates to CompactionManager module
       */
      private async sendPersistedCompactionViewState(sessionId: string): Promise<void> {
        return this.compactionManager.sendPersistedCompactionViewState(sessionId);
      }
    
      /**
       * Callback: Sync subagent snapshot for session
       * Delegates to SubagentPersistence module
       */
      private async syncSubagentSnapshotForSession(
        sessionId: string,
        messages: any[],
      ): Promise<SubagentUpdatePayload> {
        const snapshot = await this.subagentPersistence.syncSubagentSnapshotForSession(
          sessionId,
          messages,
        );
        const normalized = this.remapOrphanedSubagentKeys(snapshot, messages);
        if (normalized !== snapshot) {
          await this.subagentPersistence.savePersistedSubagentSnapshot(
            sessionId,
            normalized,
          );
        }
        return normalized;
      }
    
      /**
       * Remap entries in summariesByParentMessageId whose key is not a real
       * message ID (orphan-* synthetic keys produced when a child session is
       * created but cannot be matched to a specific subtask message part) to the
       * latest assistant message in the same session.
       */
      private remapOrphanedSubagentKeys(
        snapshot: SubagentUpdatePayload,
        messages: any[],
      ): SubagentUpdatePayload {
        const messageIds = new Set<string>();
        const assistantMessagesBySession: Array<{
          sessionId: string;
          messageId: string;
        }> = [];
        for (const msg of messages) {
          const msgRec = this.asRecord(msg) || {};
          const info = this.asRecord(msgRec.info);
          const role = this.firstNonEmptyString(info?.role, msgRec.role);
          const messageId = this.firstNonEmptyString(
            info?.id,
            msgRec.id,
            msgRec.messageID,
          );
          if (!messageId) {
            continue;
          }
          messageIds.add(messageId);
          if ((role || "").toLowerCase() === "assistant") {
            const parentSessionId = this.firstNonEmptyString(
              info?.sessionID,
              info?.sessionId,
              msgRec.sessionID,
              msgRec.sessionId,
            );
            assistantMessagesBySession.push({
              sessionId: parentSessionId || "",
              messageId,
            });
          }
        }
    
        const summariesByParentMessageId = {
          ...(snapshot.summariesByParentMessageId || {}),
        };
        const detailsById = { ...(snapshot.detailsById || {}) };
        let changed = false;
    
        for (const [parentKey, summaries] of Object.entries(
          summariesByParentMessageId,
        )) {
          if (messageIds.has(parentKey)) {
            continue;
          }
          if (!parentKey.startsWith("orphan-")) {
            continue;
          }
          if (!Array.isArray(summaries) || summaries.length === 0) {
            continue;
          }
    
          const parentSessionId =
            this.firstNonEmptyString(
              ...summaries.map((summary) => {
                const summaryRec = this.asRecord(summary);
                return this.firstNonEmptyString(summaryRec?.parentSessionId);
              }),
            ) || "";
    
          let latestAssistantMessageId: string | undefined;
          for (let index = assistantMessagesBySession.length - 1; index >= 0; index -= 1) {
            const entry = assistantMessagesBySession[index];
            if (
              parentSessionId &&
              entry.sessionId &&
              entry.sessionId !== parentSessionId
            ) {
              continue;
            }
            latestAssistantMessageId = entry.messageId;
            break;
          }
          if (!latestAssistantMessageId) {
            continue;
          }
    
          const reboundSummaries = summaries.map((summary) => ({
            ...(this.asRecord(summary) || {}),
            parentMessageId: latestAssistantMessageId,
          }));
          const existingTarget = Array.isArray(
            summariesByParentMessageId[latestAssistantMessageId],
          )
            ? summariesByParentMessageId[latestAssistantMessageId]
            : [];
          const mergedById = new Map<string, Record<string, unknown>>();
          existingTarget.forEach((entry) => {
            const entryRec = this.asRecord(entry);
            const id = this.firstNonEmptyString(entryRec?.id);
            if (id) {
              mergedById.set(id, entryRec || {});
            }
          });
          reboundSummaries.forEach((entry) => {
            const id = this.firstNonEmptyString((entry as Record<string, unknown>).id);
            if (id) {
              mergedById.set(id, entry as Record<string, unknown>);
            }
          });
    
          summariesByParentMessageId[latestAssistantMessageId] =
            Array.from(mergedById.values()) as SubagentUpdatePayload["summariesByParentMessageId"][string];
          delete summariesByParentMessageId[parentKey];
    
          summaries.forEach((summary) => {
            const summaryRec = this.asRecord(summary);
            const id = this.firstNonEmptyString(summaryRec?.id);
            if (id && detailsById[id]) {
              detailsById[id] = {
                ...(this.asRecord(detailsById[id]) || {}),
                parentMessageId: latestAssistantMessageId,
              } as SubagentUpdatePayload["detailsById"][string];
            }
          });
          changed = true;
        }
    
        if (!changed) {
          return snapshot;
        }
        return { summariesByParentMessageId, detailsById };
      }
    
      private findLatestSubagentParentMessageIdForSession(
        payload: {
          summariesByParentMessageId?: Record<string, unknown>;
        },
        sessionId: string,
      ): string | undefined {
        const summariesMap = this.asRecord(payload.summariesByParentMessageId) || {};
        const entries = Object.entries(summariesMap);
        for (let i = entries.length - 1; i >= 0; i -= 1) {
          const [parentMessageId, summariesRaw] = entries[i];
          if (!Array.isArray(summariesRaw) || summariesRaw.length === 0) {
            continue;
          }
          const matchesSession = summariesRaw.some((summaryRaw) => {
            const summary = this.asRecord(summaryRaw);
            const parentSessionId = this.firstNonEmptyString(summary?.parentSessionId);
            return parentSessionId === sessionId;
          });
          if (matchesSession) {
            return parentMessageId;
          }
        }
        return undefined;
      }
    
      private extractMessageBodyText(message: any): string {
        if (!message) return "";
    
        let rawText = "";
        if (typeof message.content === "string" && message.content.trim()) {
          rawText = message.content.trim();
        } else if (typeof message.text === "string" && message.text.trim()) {
          rawText = message.text.trim();
        } else if (Array.isArray(message.parts)) {
          rawText = message.parts
            .map((part: any) => {
              if (!part || typeof part !== "object") return "";
              if (
                part.type === "reasoning" ||
                part.type === "thinking" ||
                part.type === "thought" ||
                typeof part.reasoning !== "undefined" ||
                typeof part.thought !== "undefined" ||
                typeof part.thinking !== "undefined"
              ) {
                return "";
              }
              return (part.text || part.content || "").toString();
            })
            .join("")
            .trim();
        }
    
        if (this.isLikelyToolCallTranscript(rawText)) {
          return "";
        }
        return rawText;
      }
    
      private hasNonTextActivityParts(message: any): boolean {
        if (!message || typeof message !== "object" || !Array.isArray(message.parts)) {
          return false;
        }
        return message.parts.some((part: any) => {
          const rec = this.asRecord(part);
          if (!rec) {
            return false;
          }
          if (this.isRenderableTextPart(rec)) {
            return false;
          }
          const partType = this.firstNonEmptyString(rec.type, rec.kind)?.toLowerCase();
          if (partType === "tool") {
            const toolName = this.firstNonEmptyString(rec.tool, rec.name)?.toLowerCase();
            if (
              toolName?.includes("structuredoutput") ||
              toolName?.includes("structured_output")
            ) {
              return false;
            }
          }
          return true;
        });
      }
    
      private extractStructuredOutput(
        messageLike: any,
      ): StructuredAssistantOutput | undefined {
        const role = this.firstNonEmptyString(
          messageLike.role,
          messageLike.info?.role,
          messageLike.properties?.role,
        )?.toLowerCase();
    
        if (role === "system") {
          return {
            responseType: "system",
          } as any;
        }
    
        const providerID = this.firstNonEmptyString(
          messageLike.info?.providerID,
          messageLike.providerID,
          messageLike.properties?.providerID,
        );
        const modelID = this.firstNonEmptyString(
          messageLike.info?.modelID,
          messageLike.modelID,
          messageLike.properties?.modelID,
          messageLike.info?.model?.modelID,
          messageLike.model?.modelID,
        );
        const candidates: Array<{ value: unknown; source: string }> = [
          { value: messageLike.structuredOutput, source: "messageLike.structuredOutput" },
          { value: messageLike.structured_output, source: "messageLike.structured_output" },
          { value: messageLike.output, source: "messageLike.output" },
          { value: messageLike.info?.structuredOutput, source: "messageLike.info.structuredOutput" },
          { value: messageLike.info?.structured_output, source: "messageLike.info.structured_output" },
          { value: messageLike.info?.structured, source: "messageLike.info.structured" },
          { value: messageLike.info?.output, source: "messageLike.info.output" },
          { value: messageLike.properties?.structuredOutput, source: "messageLike.properties.structuredOutput" },
          { value: messageLike.properties?.structured_output, source: "messageLike.properties.structured_output" },
          { value: messageLike.properties?.structured, source: "messageLike.properties.structured" },
          { value: messageLike.properties?.output, source: "messageLike.properties.output" },
        ];
    
        if (Array.isArray(messageLike.parts)) {
          for (const part of messageLike.parts) {
            if (
              part &&
              typeof part === "object" &&
              part.type === "tool" &&
              part.state
            ) {
              const toolName = (part.tool || "").toLowerCase();
              if (
                toolName.includes("structuredoutput") ||
                toolName.includes("structured_output")
              ) {
                const pushCandidate = (value: unknown, source: string) => {
                  if (typeof value === "undefined") return;
                  candidates.push({ value, source });
                };
                pushCandidate(
                  part.state.result,
                  "messageLike.parts[].state.result",
                );
                pushCandidate(
                  part.state.output,
                  "messageLike.parts[].state.output",
                );
                pushCandidate(
                  part.state.arguments,
                  "messageLike.parts[].state.arguments",
                );
                pushCandidate(
                  part.state.input,
                  "messageLike.parts[].state.input",
                );
    
                const resultRec = this.asRecord(part.state.result);
                if (resultRec) {
                  pushCandidate(
                    resultRec.output,
                    "messageLike.parts[].state.result.output",
                  );
                  pushCandidate(
                    resultRec.data,
                    "messageLike.parts[].state.result.data",
                  );
                  pushCandidate(
                    resultRec.value,
                    "messageLike.parts[].state.result.value",
                  );
                  pushCandidate(
                    resultRec.arguments,
                    "messageLike.parts[].state.result.arguments",
                  );
                  pushCandidate(
                    resultRec.structuredOutput,
                    "messageLike.parts[].state.result.structuredOutput",
                  );
                  pushCandidate(
                    resultRec.structured_output,
                    "messageLike.parts[].state.result.structured_output",
                  );
                }
              }
            }
          }
        }
    
        for (const candidate of candidates) {
          const parsed = this.normalizeStructuredOutput(candidate.value as string, {
            source: candidate.source,
            providerID,
            modelID,
          });
          if (parsed) {
            return parsed;
          }
        }
    
        const bodyText = this.extractMessageBodyText(messageLike);
        if (bodyText.startsWith("{") && bodyText.endsWith("}")) {
          return this.normalizeStructuredOutput(bodyText, {
            source: "messageLike.bodyText.json",
            providerID,
            modelID,
          });
        }
        return undefined;
      }
    
      private applyStructuredOutputToMessage(
        message: any,
        options?: { allowSyntheticFallbackError?: boolean },
      ): any {
        // Abort detection must happen before any content extraction or fallback generation.
        // A cached/persisted message may already have error text written into its content
        // field, so checking only at the !bodyText branch is insufficient.
        const messageInfoError = message?.info?.error ?? message?.error;
        if (messageInfoError?.name === "MessageAbortedError") {
          if (this.isInInteractiveResponseTransition()) {
            // Interactive answer submit intentionally aborts the previous waiting turn.
            // Preserve rendered content and avoid a misleading "response stopped" banner.
            return { ...message, aborted: false };
          }
          return { ...message, aborted: true };
        }
        const allowSyntheticFallbackError =
          options?.allowSyntheticFallbackError !== false;
        const role = this.firstNonEmptyString(
          message?.info?.role,
          message?.role,
        )?.toLowerCase();
    
        if (role === "system") {
          return {
            ...message,
            responseType: "system",
            structuredOutput: {
              responseType: "system",
            },
          };
        }
    
        const structured = this.extractStructuredOutput(message);
        if (!structured) {
          const bodyText = this.extractMessageBodyText(message);
          if (role === "assistant" && bodyText) {
            const next: any = {
              ...message,
              structuredOutput: {
                responseType: "message",
                message: bodyText,
              },
              content: bodyText,
            };
            if (Array.isArray(next.parts)) {
              next.parts = next.parts.filter((part: any) => {
                if (part && part.type === "tool") {
                  const toolName = (part.tool || "").toString().toLowerCase();
                  if (
                    toolName.includes("structuredoutput") ||
                    toolName.includes("structured_output")
                  ) {
                    return false;
                  }
                }
                return true;
              });
            }
            return next;
          }
          if (role === "assistant" && !bodyText) {
            // Keep partial stop/activity turns intact so activity/reasoning widgets can render.
            // These turns may have no assistant text body but still contain useful non-text parts.
            if (this.hasNonTextActivityParts(message)) {
              return message;
            }
            if (!allowSyntheticFallbackError) {
              return message;
            }
            const incompatibleModelKey = this.getStructuredOutputModelKey(
              this.firstNonEmptyString(
                message?.info?.providerID,
                message?.providerID,
              ),
              this.firstNonEmptyString(
                message?.info?.modelID,
                message?.modelID,
              ),
            );
            const retryWithoutStructuredOutput = true;
            const fallbackText =
              incompatibleModelKey &&
                this.structuredOutputIncompatibleModelKeys.has(incompatibleModelKey)
                ? "Structured output error: this model returned an empty structured payload."
                : "I couldn't produce a valid structured response for this turn. Please retry.";
            const next: any = {
              ...message,
              content: fallbackText,
              error: fallbackText,
              retryWithoutStructuredOutput,
            };
            const parts = Array.isArray(next.parts)
              ? next.parts.filter((part: any) => this.isRenderableTextPart(part))
              : [];
            const textIndex = parts.findIndex((part: any) =>
              this.isRenderableTextPart(part),
            );
            if (textIndex >= 0) {
              parts[textIndex] = {
                ...parts[textIndex],
                type: "text",
                text: fallbackText,
              };
            } else {
              parts.push({ type: "text", text: fallbackText });
            }
            next.parts = parts;
            return next;
          }
          return message;
        }
    
        const isInteractiveStructuredResponse =
          this.isInteractiveResponseType(structured.responseType) &&
          Array.isArray(structured.interactiveEvents) &&
          structured.interactiveEvents.length > 0;
    
        // DEBUG: Check structured object immediately after extraction
        log.debug('Structured object after extraction', {
          responseType: structured.responseType,
          hasPlan: 'plan' in structured,
          planKeys: structured.plan ? Object.keys(structured.plan) : [],
          planValue: structured.plan,
          planFile: structured.plan?.file,
          allStructuredKeys: Object.keys(structured)
        });
    
        const structuredPlanContent =
          this.firstNonEmptyString(structured.plan?.content) || "";
        const shouldSuppressStructuredPlan =
          this.isClarificationQuestionnaire(structuredPlanContent);
    
        const next: any = {
          ...message,
          structuredOutput: structured,
        };
    
        // DEBUG: Log immediately after creating next object
        log.debug('applyStructuredOutputToMessage: next object created', {
          messageId: next.id,
          hasStructuredOutput: 'structuredOutput' in next,
          structuredOutputResponseType: next.structuredOutput?.responseType,
          structuredOutputHasPlan: next.structuredOutput?.plan ? 'yes' : 'no',
          structuredOutputPlanFile: next.structuredOutput?.plan?.file,
          originalMessageHasPlan: 'plan' in message,
          originalMessagePlanFile: message.plan?.file
        });
    
        if (Array.isArray(next.parts)) {
          next.parts = next.parts.filter((part: any) => {
            if (part && part.type === "tool") {
              const toolName = (part.tool || "").toString().toLowerCase();
              if (
                toolName.includes("structuredoutput") ||
                toolName.includes("structured_output")
              ) {
                return false;
              }
            }
            return true;
          });
        }
    
        const bodyText = this.extractMessageBodyText(message);
        const hasJsonOnlyBody = bodyText.startsWith("{") && bodyText.endsWith("}");
        if (hasJsonOnlyBody) {
          next.content = "";
          if (Array.isArray(next.parts)) {
            next.parts = next.parts.filter((p: any) => p?.type !== "text");
          }
        }
    
        // Preserve the default OpenCode response body whenever it exists.
        // Only inject structured text as a fallback when body text is missing or JSON-only.
        const messageContent =
          structured.message ||
          this.createFallbackMessage(structured);
        const shouldUseStructuredMessage = !bodyText || hasJsonOnlyBody;
        if (messageContent && shouldUseStructuredMessage) {
          next.content = messageContent;
          const parts = Array.isArray(next.parts) ? [...next.parts] : [];
          const textIndex = parts.findIndex(
            (part: any) => this.isRenderableTextPart(part),
          );
          if (textIndex >= 0) {
            parts[textIndex] = {
              ...parts[textIndex],
              type: "text",
              text: messageContent,
            };
          } else {
            parts.push({ type: "text", text: messageContent });
          }
          next.parts = parts;
        }
    
        if (structured.progressUpdates && structured.progressUpdates.length > 0) {
          const existingSteps = Array.isArray(next.steps) ? next.steps : [];
          const mapped = structured.progressUpdates.map((update) => ({
            type: "step",
            title: update.title,
            content: update.filePath,
            status: update.status ?? "pending",
            meta: update.meta,
          }));
          next.steps = [...existingSteps, ...mapped];
        }
    
        if (
          structured.interactiveEvents &&
          structured.interactiveEvents.length > 0
        ) {
          next.interactiveEvents = structured.interactiveEvents;
          const questionPrompt = this.deriveQuestionPromptFromInteractivePayload({
            question: (structured.question as string) ?? '',
            options: structured.interactiveEvents as any[],
          });
          const currentBodyText = this.extractMessageBodyText(next).trim();
          const normalizeComparableText = (value: string): string =>
            value.replace(/\r\n/g, "\n").replace(/\s+/g, " ").trim().toLowerCase();
          const promptNorm = questionPrompt
            ? normalizeComparableText(questionPrompt)
            : "";
          const bodyNorm = normalizeComparableText(currentBodyText);
          let visibleInteractiveBody: string | undefined;
    
          if (questionPrompt) {
            if (
              !currentBodyText ||
              bodyNorm === promptNorm ||
              this.isLowValueInteractiveBodyText(currentBodyText)
            ) {
              visibleInteractiveBody = questionPrompt;
            } else if (promptNorm && bodyNorm.startsWith(promptNorm)) {
              visibleInteractiveBody = currentBodyText;
            } else {
              visibleInteractiveBody = `${questionPrompt}\n\n${currentBodyText}`;
            }
          } else if (!currentBodyText) {
            const firstEvent = structured.interactiveEvents[0];
            if (firstEvent.type === "question" || firstEvent.type === "confirm") {
              visibleInteractiveBody = firstEvent.question;
            } else if (firstEvent.type === "message") {
              visibleInteractiveBody = firstEvent.message;
            } else if (firstEvent.type === "quick_actions") {
              visibleInteractiveBody = this.firstNonEmptyString(firstEvent.title);
            }
          }
    
          if (visibleInteractiveBody) {
            next.content = visibleInteractiveBody;
            const parts = Array.isArray(next.parts) ? [...next.parts] : [];
            const textIndex = parts.findIndex((part: any) =>
              this.isRenderableTextPart(part),
            );
            if (textIndex >= 0) {
              parts[textIndex] = {
                ...parts[textIndex],
                type: "text",
                text: visibleInteractiveBody,
              };
            } else {
              parts.push({ type: "text", text: visibleInteractiveBody });
            }
            next.parts = parts;
          }
        }
    
        if (structured.subagents && structured.subagents.length > 0) {
          if (!next.subagents) {
            next.subagents = [];
          }
          structured.subagents.forEach((sa: any) => {
            const normalized = {
              ...sa,
              agentId: this.firstNonEmptyString(sa.agentId, sa.name) || sa.id,
              latestActivity:
                this.firstNonEmptyString(sa.latestActivity, sa.description) ||
                "Subagent update",
            };
            const existing = next.subagents.find((item: any) => item.id === sa.id);
            if (existing) {
              Object.assign(existing, normalized);
            } else {
              next.subagents.push(normalized);
            }
          });
    
          const hasTextContent =
            (typeof next.content === "string" && next.content.trim().length > 0) ||
            (Array.isArray(next.parts) &&
              next.parts.some(
                (part: any) =>
                  part?.type === "text" &&
                  typeof part?.text === "string" &&
                  part.text.trim().length > 0,
              ));
          if (
            !hasTextContent &&
            (structured.responseType === "subagents" ||
              (structured.subagentsDelta &&
                structured.subagentsDelta.items.length > 0))
          ) {
            const subagentCount =
              structured.subagents?.length ??
              structured.subagentsDelta?.items.length ??
              0;
            const summaryText = `Spawned ${subagentCount} subagent${subagentCount === 1 ? "" : "s"
              }.`;
            next.content = summaryText;
            const parts = Array.isArray(next.parts) ? [...next.parts] : [];
            parts.push({ type: "text", text: summaryText });
            next.parts = parts;
          }
        }
    
        if (
          structured.responseType === "implementation_plan" &&
          !shouldSuppressStructuredPlan
        ) {
          const summaryMessage = this.firstNonEmptyString(
            structured.message,
            structured.plan?.intro,
            structured.plan?.summary,
          );
          if (summaryMessage) {
            next.content = summaryMessage;
            const parts = Array.isArray(next.parts) ? [...next.parts] : [];
            const textIndex = parts.findIndex(
              (part: any) =>
                part &&
                typeof part === "object" &&
                (part.type === "text" ||
                  typeof part.text === "string" ||
                  typeof part.content === "string"),
            );
            if (textIndex >= 0) {
              parts[textIndex] = {
                ...parts[textIndex],
                type: "text",
                text: summaryMessage,
              };
            } else {
              parts.push({ type: "text", text: summaryMessage });
            }
            next.parts = parts;
          }
        }
    
        if (
          !isInteractiveStructuredResponse &&
          !shouldSuppressStructuredPlan &&
          (structured.responseType === "implementation_plan" ||
            structured.plan?.content ||
            structured.plan?.file)
        ) {
          const planContent = this.firstNonEmptyString(structured.plan?.content);
          const structuredPlanCandidates =
            this.collectPlanFileCandidatesFromStructuredPlan(
              this.asRecord(structured.plan),
            );
          const planFile = structuredPlanCandidates[0];
    
          // DEBUG: Log plan file extraction
          log.debug('Plan file extraction', {
            hasStructuredPlan: !!structured.plan,
            structuredPlanKeys: structured.plan ? Object.keys(structured.plan) : [],
            structuredPlanFile: structured.plan?.file,
            candidatesCount: structuredPlanCandidates.length,
            candidates: structuredPlanCandidates,
            planFile: planFile,
            planFileUndefined: planFile === undefined
          });
    
          const resolvedPlanTitle = this.resolvePlanTitle({
            plan: structured.plan,
            planFile: planFile || structuredPlanCandidates[0],
            fallback: structured.plan?.summary as string | undefined,
          });
          const hasLongPlanContent =
            typeof planContent === "string" && planContent.trim().length >= 80;
          // File-backed plans must still produce a plan card even when no markdown
          // content is embedded in structured output.
          if (hasLongPlanContent || planFile) {
            next.plan = {
              file: planFile,
              content: hasLongPlanContent ? planContent : undefined,
              title: resolvedPlanTitle,
              summary: structured.plan?.summary,
              files:
                structuredPlanCandidates.length > 0
                  ? structuredPlanCandidates
                  : undefined,
            };
    
            // DEBUG: Log the final plan object being set
            log.debug('Plan object set on next', {
              hasPlan: !!next.plan,
              planFile: next.plan?.file,
              planKeys: next.plan ? Object.keys(next.plan) : [],
              fullPlanObject: next.plan ? JSON.stringify(next.plan, null, 2) : 'undefined'
            });
    
            // DEBUG: Try to serialize the entire next object to check for circular references
            try {
              const serialized = JSON.stringify(next);
              log.debug('Message serialization successful', {
                serializedLength: serialized.length,
                hasPlanInSerialized: serialized.includes('"plan"'),
                planSubstring: serialized.includes('"file"') ? serialized.substring(serialized.indexOf('"plan"'), serialized.indexOf('"plan"') + 200) : 'NOT FOUND'
              });
            } catch (e) {
              log.debug('Message serialization FAILED', { error: e });
            }
          } else {
            log.debug('Plan NOT set - condition failed', {
              hasLongPlanContent,
              planFile,
              planFileUndefined: planFile === undefined,
              hasLongPlanContentFalse: !hasLongPlanContent,
              noPlanFile: !planFile
            });
          }
        }
    
        if (shouldSuppressStructuredPlan) {
          if (next.plan) {
            delete next.plan;
          }
          if (structured.responseType === "implementation_plan") {
            const clarificationMessage =
              this.firstNonEmptyString(
                structured.message,
              ) ||
              "I need a few clarifications before drafting the implementation plan.";
            next.content = clarificationMessage;
            const parts = Array.isArray(next.parts) ? [...next.parts] : [];
            const textIndex = parts.findIndex(
              (part: any) => this.isRenderableTextPart(part),
            );
            if (textIndex >= 0) {
              parts[textIndex] = {
                ...parts[textIndex],
                type: "text",
                text: clarificationMessage,
              };
            } else {
              parts.push({ type: "text", text: clarificationMessage });
            }
            next.parts = parts;
          }
        }
    
        return next;
      }
    
      /**
       * Handles sending a message to OpenCode
       */
      // PROMPT-OWNERSHIP: do not modify — transport-only path
      private async handleSendMessage(
        text: string,
        files?: string[],
        contexts?: any[],
        images?: any[],
        agent?: string,
        isRetry = false,
        recoveredContext?: RecoveredSessionContext,
        retryWithoutStructuredOutput = false,
        structuredFallbackReason?: string,
        userFacingText?: string,
      ): Promise<void> {
        // Start feature flow tracking
        const flow = log.startFeatureFlow('SendMessage', {
          messageLength: text.length,
          isRetry,
          hasFiles: !!files?.length,
          fileCount: files?.length || 0,
          hasContexts: !!contexts?.length,
          contextCount: contexts?.length || 0,
          hasImages: !!images?.length,
          imageCount: images?.length || 0,
          agent,
        });
    
        // Cache for retry
        this.lastSendMessageArgs = { text, files, contexts, images, agent };
    
        // We'll set processing state once we have a definitive session ID below
    
        const overallStartTime = Date.now();
        log.featureStep(flow, 'message_send_started', {
          messageLength: text.length,
          timestamp: new Date().toISOString(),
        });
    
        let drainSessionId: string | undefined;
        const capturePromptDebug = this.shouldVerboseStreamDebug();
        let debugSessionId: string | undefined;
        let baselineAssistantMarker: AssistantHistoryMarker | undefined;
        try {
          const normalizedImages = (Array.isArray(images) ? images : [])
            .map((img) => {
              if (typeof img === "string") {
                return { dataUrl: img, filename: "image" };
              }
              if (img?.dataUrl && typeof img.dataUrl === "string") {
                return {
                  dataUrl: img.dataUrl,
                  filename:
                    typeof img.filename === "string" ? img.filename : "image",
                };
              }
              return null;
            })
            .filter((img): img is { dataUrl: string; filename: string } => !!img);
          const imageUrls = normalizedImages.map((img) => img.dataUrl);
    
          const serverStartTime = Date.now();
          this.logger.info("⏳ [TIMING] Calling ensureRunning()...");
          const client = await this.serverManager.ensureRunning();
          this.logger.info(`✅ [TIMING] Server ready (${Date.now() - serverStartTime}ms)`);
    
          const sessionStartTime = Date.now();
          this.logger.info("⏳ [TIMING] Getting current session...");
          let session = await this.sessionService.getCurrentSession();
          if (this.currentSessionId && session.id !== this.currentSessionId) {
            session = await this.sessionService.switchSession(
              this.currentSessionId,
            );
          }
          this.logger.info(`✅ [TIMING] Session ready (${Date.now() - sessionStartTime}ms): ${session.id}`);
    
          drainSessionId = session.id;
          this.processingSessionIds.add(drainSessionId);
          this.sendProcessingSessionsUpdate();
          this.currentSessionId = session.id;
          this.subagentTracker.setActiveSession(session.id);
          // Note: awaitingInteractiveAnswer flag is NOT cleared here
          // It will be cleared naturally when stream events arrive
    
          // Check budget before sending
          const budgetCheck = this.budgeter.canMakeRequest();
          if (!budgetCheck.allowed) {
            this.sendBudgetInfo();
            // Show warning to user
            vscode.window.showWarningMessage(
              `Request limit reached: ${budgetCheck.reason}`,
            );
            return;
          }
    
          const messagesStartTime = Date.now();
          this.logger.info("⏳ [TIMING] Loading existing messages...");
          const existingMessages = await this.sessionService.getMessages(
            session.id,
          );
          this.logger.info(`✅ [TIMING] Messages loaded (${Date.now() - messagesStartTime}ms): ${existingMessages.length} messages`);
    
          baselineAssistantMarker =
            this.getLatestAssistantHistoryMarker(existingMessages);
          const isNewSession = existingMessages.length === 0;
    
          if (isNewSession) {
            const config = vscode.workspace.getConfiguration('opencode');
            const autoGenerateTitle = config.get<boolean>('autoGenerateSessionTitle', true);
            if (autoGenerateTitle) {
              const generatedTitle = TitleGeneratorService.generateTitle(text);
              await this.updateSessionTitle(session.id, generatedTitle);
            }
          }
    
          // Save user message to local history immediately, unless this is a retry
          if (!isRetry) {
            const persistedUserText =
              this.firstNonEmptyString(userFacingText, text) || text;
            const userMessage = {
              role: "user" as const,
              content: persistedUserText,
              text: persistedUserText,
              parts: [
                {
                  type: "text",
                  text: text,
                },
              ],
              images: imageUrls,
              time: {
                created: Date.now(),
              },
            };
            await this.sessionService.appendMessage(session.id, userMessage);
    
            this.view?.webview.postMessage({
              type: "userMessageAppended",
              message: userMessage,
            });
    
            await this.handleGetSessions();
          }
    
          log.debug(
            `Session ${session.id}: ${existingMessages.length} existing messages. isNew: ${isNewSession}`,
          );
    
          // Prepare message parts
          const parts: NonNullable<SessionPromptData["body"]>["parts"] = [
            {
              type: "text",
              text: text,
            },
          ];
    
          // Add context fragments if any
          if (contexts && contexts.length > 0) {
            for (const ctx of contexts) {
              parts.push({
                type: "text",
                text: `\`\`\`${ctx.languageId}\n// ${ctx.file}:${ctx.lineInfo}\n${ctx.content}\n\`\`\``,
              });
            }
          }
    
          if (recoveredContext?.transcript) {
            parts.push({
              type: "text",
              text: [
                "Recovered conversation context from the previous session ID",
                `(${recoveredContext.previousSessionId}).`,
                "Treat this as existing conversation history and continue from it.",
                "--- BEGIN RECOVERED CONTEXT ---",
                recoveredContext.transcript,
                "--- END RECOVERED CONTEXT ---",
              ].join("\n"),
            });
          }
    
          // Add file references if any
          // ... (rest of the file part logic remains the same)
    
          // Add file references if any
          if (files && files.length > 0) {
            const workspaceFolder = vscode.workspace.workspaceFolders?.[0];
            if (workspaceFolder) {
              for (const filePath of files) {
                try {
                  // Check if path is absolute
                  let absoluteUri: vscode.Uri;
                  if (path.isAbsolute(filePath)) {
                    absoluteUri = vscode.Uri.file(filePath);
                  } else {
                    absoluteUri = vscode.Uri.joinPath(
                      workspaceFolder.uri,
                      filePath,
                    );
                  }
    
                  const content = await vscode.workspace.fs.readFile(absoluteUri);
                  const textContent = new TextDecoder().decode(content);
    
                  parts.push({
                    type: "file",
                    mime: "text/plain",
                    filename: filePath.split(/[\\/]/).pop(),
                    url: `file://${filePath}`,
                    source: {
                      type: "file",
                      path: filePath,
                      text: {
                        value: textContent,
                        start: 0,
                        end: textContent.length,
                      },
                    },
                  });
                } catch (e) {
                  log.error(`Failed to read file ${filePath}`, { filePath }, e as Error);
                }
              }
            }
          }
    
          if (normalizedImages.length > 0) {
            for (const img of normalizedImages) {
              // Extract mime type from data URL, default to image/jpeg
              const mimeMatch = img.dataUrl.match(/^data:([^;]+);/);
              const mimeType = mimeMatch ? mimeMatch[1] : "image/jpeg";
    
              parts.push({
                type: "file",
                mime: mimeType,
                filename: img.filename || "image",
                url: img.dataUrl,
              });
            }
          }
    
          // Send the message using the SDK
          const startTime = Date.now();
          const useStructuredOutput =
            !retryWithoutStructuredOutput &&
            this.shouldUseStructuredOutput(
              this.getStructuredOutputModelKey(this.selectedModel.providerID, this.selectedModel.modelID)
            );
          const promptBody: NonNullable<SessionPromptData["body"]> = {
            model: this.selectedModel,
            agent: agent || this.selectedAgent,
            parts: parts,
          };
          const promptVariant = await this.resolvePromptVariant(session.id);
          if (promptVariant) {
            (promptBody as Record<string, unknown>).variant = promptVariant;
          }
          if (capturePromptDebug) {
            debugSessionId = session.id;
            await this.logPromptRequestPayload(
              session.id,
              promptBody,
              useStructuredOutput,
            );
          }
    
          const promptStartTime = Date.now();
          this.logger.info("⏳ [TIMING] Sending prompt to server...", {
            model: this.selectedModel.modelID,
            agent: agent || this.selectedAgent,
            partsCount: parts.length,
            hasFiles: Boolean(files?.length),
            hasContexts: Boolean(contexts?.length),
            hasImages: Boolean(images?.length),
          });
    
          const response = await this.promptWithStructuredOutput(
            client,
            session.id,
            promptBody,
            useStructuredOutput,
            {
              hasFiles: Boolean(files?.length),
              hasContexts: Boolean(contexts?.length),
              hasImages: Boolean(images?.length),
            },
          );
    
          const promptDuration = Date.now() - promptStartTime;
          this.logger.info(`✅ [TIMING] Prompt response received (${promptDuration}ms)`, {
            hasData: Boolean(response.data),
            hasError: Boolean(response.error),
            status: response.response?.status,
            messageId: (response.data as any)?.info?.id,
          });
    
          const duration = (Date.now() - startTime) / 1000;
          if (capturePromptDebug) {
            await this.logPromptResponsePayload(
              session.id,
              response,
              duration,
              useStructuredOutput,
            );
          }
    
          log.debug(`Response received in ${duration}s`, {
            hasData: Boolean(response.data),
            hasError: Boolean(response.error),
            status: response.response?.status,
            messageId: (response.data as any)?.info?.id,
          });
          if (response.data && capturePromptDebug) {
            this.logPromptResponseDiagnostics(session.id, response.data);
          }
    
          // Update budget info after successful send
          // Note: recordRequest() temporarily disabled - budget now reads from actual Copilot quota data
          if (!response.error) {
            // this.budgeter.recordRequest(); // DISABLED - was tracking all requests, not just Copilot
            this.sendBudgetInfo();
          }
    
          if (response.error) {
            const errorMessages = this.collectNormalizedErrorMessages(response.error);
            log.error("API error returned", {
              sessionId: session.id,
              error: response.error,
              status: response.response?.status,
              errorMessages,
            });
            this.logger.error("Prompt request failed", {
              sessionId: session.id,
              status: response.response?.status,
              errorMessages,
            });
    
            let errorMessage = this.extractDetailedErrorMessage(
              response.error,
              "Failed to send message",
            );
            if (this.shouldSuppressInteractiveAwaitTimeout(errorMessage)) {
              this.logger.info(
                "Suppressing timeout error while awaiting interactive response",
                {
                  sessionId: session.id,
                  errorMessage,
                },
              );
              return;
            }
            if (this.isLikelyInteractiveTransportFailure(errorMessage)) {
              const recovered = await this.tryRecoverTimedOutResponse(
                session.id,
                baselineAssistantMarker,
              );
              if (recovered) {
                this.logger.info(
                  "Recovered timed out prompt from session history without user retry",
                  {
                    sessionId: session.id,
                    errorMessage,
                  },
                );
                return;
              }
              if (
                !isRetry &&
                (this.awaitingInteractiveAnswer ||
                  this.isInInteractiveResponseTransition())
              ) {
                this.logger.warn(
                  "Interactive response transport failed; retrying once with existing payload",
                  {
                    sessionId: session.id,
                    errorMessage,
                  },
                );
                // Provide user feedback about the retry
                this.view?.webview.postMessage({
                  type: "info",
                  message: "Retrying interactive response...",
                  sessionId: session.id,
                });
                return this.handleSendMessage(
                  text,
                  files,
                  contexts,
                  images,
                  agent,
                  true,
                  recoveredContext,
                  retryWithoutStructuredOutput,
                  structuredFallbackReason,
                  userFacingText,
                );
              }
            }
    
            // Handle Session Not Found error (likely server restart)
            if (
              errorMessage.toLowerCase().includes("not found") &&
              errorMessage.toLowerCase().includes("session")
            ) {
              log.warn(
                `Session ${session.id} not found on server. Re-creating...`,
              );
              // Re-create the session on the server
              try {
                const newSession = await this.sessionService.createNewSession(
                  session.title,
                );
                log.info(
                  `Re-created session with new ID: ${newSession.id}`,
                );
    
                // Migrate local messages from old ID to new ID
                const localMessages = await this.sessionService.loadSessionMessages(
                  session.id,
                );
                await this.sessionService.saveSessionMessages(
                  newSession.id,
                  localMessages,
                );
                // Optionally delete old messages? No, leave them for now.
    
                // Set as current session and retry
                await this.sessionService.switchSession(newSession.id);
                this.subagentTracker.resetForSession(newSession.id);
    
                // Notify UI of the ID change if possible, or just refresh sessions
                await this.handleGetSessions();
    
                const recoveryTranscript =
                  this.buildRecoveredTranscript(localMessages);
                if (recoveryTranscript) {
                  await this.saveSessionRecoveryMap(session.id, newSession.id);
                }
                this.migrateSessionSettings(session.id, newSession.id);
                this.currentSessionId = newSession.id;
    
                // Retry sending (recursive call) with preserved context
                return this.handleSendMessage(
                  text,
                  files,
                  contexts,
                  images,
                  agent,
                  true,
                  recoveryTranscript
                    ? {
                      previousSessionId: session.id,
                      transcript: recoveryTranscript,
                    }
                    : undefined,
                  retryWithoutStructuredOutput,
                  structuredFallbackReason,
                );
              } catch (recreateError) {
                log.error(
                  "Failed to re-create session",
                  {},
                  recreateError as Error,
                );
              }
            }
    
            // Handle specific model not found error
            if (
              errorMessage.includes("ProviderModelNotFoundError") ||
              errorMessage.includes("ModelNotFoundError")
            ) {
              errorMessage +=
                "\n\nTIP: Try starting a new session (click +) to use the default model.";
            }
    
            const isStructuredOutputError =
              this.isStructuredOutputTransportError(errorMessage);
            if (isStructuredOutputError) {
              const modelKey = this.getSelectedStructuredOutputModelKey();
              if (modelKey) {
                this.structuredOutputIncompatibleModelKeys.add(modelKey);
              }
              if (!retryWithoutStructuredOutput) {
                const retryFlow = log.startFeatureFlow('StructuredOutputRetry', {
                  sessionId: session.id,
                  providerID: this.selectedModel.providerID,
                  modelID: this.selectedModel.modelID,
                  errorMessage,
                });
    
                this.logger.warn(
                  "Structured output failed; auto-retrying without schema",
                  {
                    sessionId: session.id,
                    providerID: this.selectedModel.providerID,
                    modelID: this.selectedModel.modelID,
                  },
                );
                log.featureStep(retryFlow, 'retrying_without_structured_output');
    
                const result = await this.handleSendMessage(
                  text,
                  files,
                  contexts,
                  images,
                  agent,
                  true,
                  recoveredContext,
                  true,
                  errorMessage,
                );
    
                log.endFeatureFlow(retryFlow, { status: 'completed', retrySuccess: true });
                return result;
              }
              errorMessage = [
                "Structured output error: the selected model/provider did not return a usable JSON payload.",
                "Retry without structured output to continue with a plain text response.",
                "",
                `Details: ${errorMessage}`,
              ].join("\n");
            }
    
            vscode.window.showErrorMessage(`OpenCode error: ${errorMessage}`);
            this.view?.webview.postMessage({
              type: "error",
              message: errorMessage,
            });
            return;
          }
    
          // Check for hidden errors in data (e.g. ModelNotFoundError returned as JSON)
          if (
            response.data &&
            (response.data as any).suggestions &&
            (response.data as any).modelID &&
            !(response.data as any).content
          ) {
            const errData = response.data as any;
            let errorMessage = `Model '${errData.modelID}' not found in provider '${errData.providerID}'.`;
            if (errData.suggestions && errData.suggestions.length > 0) {
              errorMessage += ` Did you mean: ${errData.suggestions.join(", ")}?`;
            }
            errorMessage +=
              "\n\nTIP: Check your model selection or local OpenCode configuration.";
    
            vscode.window.showErrorMessage(errorMessage);
            this.view?.webview.postMessage({
              type: "error",
              message: errorMessage,
            });
            return;
          }
    
          // Send response back to webview
          if (response.data) {
            const rawResponse = this.buildRawResponseDebugText(response.data);
            const structuredMessage = this.applyStructuredOutputToMessage(
              response.data,
            );
            const enrichedMessage = this.enrichMessageWithPlan(structuredMessage);
            const structuredFailureText = this.firstNonEmptyString(
              (enrichedMessage as any)?.error,
            );
            if (
              !retryWithoutStructuredOutput &&
              structuredFailureText &&
              this.isStructuredOutputFailureMessage(structuredFailureText)
            ) {
              const modelKey = this.getSelectedStructuredOutputModelKey();
              if (modelKey) {
                this.structuredOutputIncompatibleModelKeys.add(modelKey);
              }
              this.logger.warn(
                "Structured output payload unusable; auto-retrying without schema",
                {
                  sessionId: session.id,
                  providerID: this.selectedModel.providerID,
                  modelID: this.selectedModel.modelID,
                  reason: structuredFailureText,
                },
              );
              return this.handleSendMessage(
                text,
                files,
                contexts,
                images,
                agent,
                true,
                recoveredContext,
                true,
                structuredFailureText,
              );
            }
            const trackerSnapshotPayload = this.subagentTracker.getSnapshotPayload();
            const hasSubagentSignal =
              this.hasStructuredSubagentSignal(enrichedMessage);
            let assistantMessageId = this.extractMessageId(enrichedMessage);
            if (!assistantMessageId && hasSubagentSignal) {
              assistantMessageId = this.subagentTracker.getLatestParentMessageId(
                session.id,
              );
              if (assistantMessageId) {
                enrichedMessage.id = assistantMessageId;
              }
            }
            if (!assistantMessageId && hasSubagentSignal) {
              assistantMessageId = this.findLatestSubagentParentMessageIdForSession(
                trackerSnapshotPayload,
                session.id,
              );
              if (assistantMessageId) {
                enrichedMessage.id = assistantMessageId;
              }
            }
            if (assistantMessageId) {
              const hydratedSubagents =
                await this.subagentTracker.finalizeParentMessage({
                  client,
                  parentSessionId: session.id,
                  parentMessageId: assistantMessageId,
                });
              if (hydratedSubagents.length > 0) {
                enrichedMessage.subagents = hydratedSubagents;
                this.view?.webview.postMessage({
                  type: "subagentUpdate",
                  ...this.subagentTracker.getPayloadForParentMessage(
                    assistantMessageId,
                  ),
                });
              } else {
                let snapshotPayload = this.subagentTracker.getPayloadForParentMessage(
                  assistantMessageId,
                );
                const hydratedFromSnapshot = this.hydrateSubagentsFromPayload(
                  assistantMessageId,
                  snapshotPayload,
                  session.id,
                );
                if (hydratedFromSnapshot.length > 0) {
                  enrichedMessage.subagents = this.mergeSubagentEntries(
                    enrichedMessage.subagents,
                    hydratedFromSnapshot,
                  );
                } else if (hasSubagentSignal) {
                  const fallbackParentMessageId =
                    this.findLatestSubagentParentMessageIdForSession(
                      trackerSnapshotPayload,
                      session.id,
                    );
                  if (
                    fallbackParentMessageId &&
                    fallbackParentMessageId !== assistantMessageId
                  ) {
                    snapshotPayload =
                      this.subagentTracker.getPayloadForParentMessage(
                        fallbackParentMessageId,
                      );
                    const hydratedFallback = this.hydrateSubagentsFromPayload(
                      fallbackParentMessageId,
                      snapshotPayload,
                      session.id,
                    );
                    if (hydratedFallback.length > 0) {
                      enrichedMessage.subagents = this.mergeSubagentEntries(
                        enrichedMessage.subagents,
                        hydratedFallback,
                      );
                      if (!this.extractMessageId(enrichedMessage)) {
                        enrichedMessage.id = fallbackParentMessageId;
                      }
                    }
                  }
                }
              }
            } else if (hasSubagentSignal) {
              const fallbackParentMessageId =
                this.findLatestSubagentParentMessageIdForSession(
                  trackerSnapshotPayload,
                  session.id,
                );
              if (fallbackParentMessageId) {
                const snapshotPayload =
                  this.subagentTracker.getPayloadForParentMessage(
                    fallbackParentMessageId,
                  );
                const hydratedFallback = this.hydrateSubagentsFromPayload(
                  fallbackParentMessageId,
                  snapshotPayload,
                  session.id,
                );
                if (hydratedFallback.length > 0) {
                  enrichedMessage.subagents = this.mergeSubagentEntries(
                    enrichedMessage.subagents,
                    hydratedFallback,
                  );
                  if (!this.extractMessageId(enrichedMessage)) {
                    enrichedMessage.id = fallbackParentMessageId;
                  }
                }
              }
            }
    
            const normalizedFallbackReason = this.firstNonEmptyString(
              structuredFallbackReason,
            );
            const plainTextFallbackMetadata =
              retryWithoutStructuredOutput && normalizedFallbackReason
                ? {
                  plainTextFallback: true,
                  plainTextFallbackMessage:
                    "Structured output failed for this turn. Showing plain text response.",
                  plainTextFallbackReason: normalizedFallbackReason.slice(0, 500),
                }
                : undefined;
            const finalMessage = plainTextFallbackMetadata
              ? {
                ...enrichedMessage,
                ...plainTextFallbackMetadata,
              }
              : enrichedMessage;
    
            const debugMessage = {
              ...finalMessage,
              rawResponse,
            };
    
            // DEBUG: Log right after creating debugMessage
            log.debug('debugMessage created', {
              hasPlan: 'plan' in debugMessage,
              planFile: debugMessage.plan?.file,
              planKeys: debugMessage.plan ? Object.keys(debugMessage.plan) : [],
              hasStructuredOutput: 'structuredOutput' in debugMessage,
              structuredOutputResponseType: debugMessage.structuredOutput?.responseType,
              structuredOutputHasPlan: debugMessage.structuredOutput?.plan ? 'yes' : 'no',
              structuredOutputPlanFile: debugMessage.structuredOutput?.plan?.file
            });
    
            // Persist canonical assistant message without raw debug payload so
            // session storage/write path stays lightweight.
            await this.sessionService.appendMessage(session.id, {
              ...finalMessage,
              timing: {
                duration: duration,
              },
            });
            // Persist a hydrated override that *includes* rawResponse for reload parity.
            await this.persistSessionMessageOverride(session.id, {
              ...debugMessage,
              timing: {
                duration: duration,
              },
            });
            const snapshotFromFinalMessage = this.buildSubagentPayloadFromMessage(
              finalMessage,
              session.id,
            );
            if (snapshotFromFinalMessage) {
              await this.persistSubagentLiveState(
                session.id,
                snapshotFromFinalMessage,
              );
            }
    
            // DEBUG: Log message right before sending to webview
            log.debug('SENDING message to webview', {
              hasPlan: 'plan' in debugMessage,
              planKeys: debugMessage.plan ? Object.keys(debugMessage.plan) : [],
              planFile: debugMessage.plan?.file,
              messageType: debugMessage.type,
              messageResponse: debugMessage.responseType,
              structuredOutputResponseType: debugMessage.structuredOutput?.responseType,
              fullMessageKeys: Object.keys(debugMessage)
            });
    
            // Try to serialize to check for circular references
            try {
              const serialized = JSON.stringify(debugMessage);
              log.debug('Serialization check', {
                success: true,
                length: serialized.length,
                hasPlanInSerialized: serialized.includes('"plan"'),
                hasFileInSerialized: serialized.includes('"file"'),
                planSubstring: serialized.includes('"plan"') ? serialized.substring(serialized.indexOf('"plan"'), Math.min(serialized.indexOf('"plan"') + 300, serialized.length)) : 'NOT FOUND'
              });
            } catch (e) {
              log.debug('Serialization FAILED', { error: e });
            }
    
            this.view?.webview.postMessage({
              type: "messageResponse",
              message: {
                ...debugMessage,
                timing: {
                  duration: duration,
                },
              },
            });
    
            // Auto-compact if the context window is getting full.
            void this.maybeAutoCompact(session.id, response.data);
          } else {
            const noDataMessageText =
              "No final response payload was returned by the provider.";
            const rawResponse = this.buildRawResponseDebugText({
              status: response?.response?.status,
              data: response?.data,
              error: response?.error,
            });
            const fallbackMessage = {
              role: "assistant",
              content: noDataMessageText,
              parts: [{ type: "text", text: noDataMessageText }],
              rawResponse,
              timing: {
                duration: duration,
              },
            };
    
            await this.sessionService.appendMessage(session.id, fallbackMessage);
            this.view?.webview.postMessage({
              type: "messageResponse",
              message: fallbackMessage,
            });
            this.logger.warn("No response data received from OpenCode", {
              sessionId: session.id,
              status: response?.response?.status,
              hasError: Boolean(response?.error),
            });
          }
        } catch (error) {
          const totalDuration = Date.now() - overallStartTime;
          this.logger.error(`❌ [TIMING] Message failed after ${totalDuration}ms`, {
            error: String(error),
            sessionId: drainSessionId,
          });
    
          const errorMessage = this.extractDetailedErrorMessage(
            error,
            "Failed to send message",
          );
          if (this.shouldSuppressInteractiveAwaitTimeout(errorMessage)) {
            this.logger.info(
              "Suppressing thrown timeout while awaiting interactive response",
              {
                sessionId: drainSessionId,
                errorMessage,
              },
            );
            return;
          }
          if (
            drainSessionId &&
            this.isLikelyInteractiveTransportFailure(errorMessage)
          ) {
            const recovered = await this.tryRecoverTimedOutResponse(
              drainSessionId,
              baselineAssistantMarker,
            );
            if (recovered) {
              this.logger.info(
                "Recovered thrown timeout from session history without user retry",
                {
                  sessionId: drainSessionId,
                  errorMessage,
                },
              );
              return;
            }
            if (
              !isRetry &&
              (this.awaitingInteractiveAnswer ||
                this.isInInteractiveResponseTransition())
            ) {
              this.logger.warn(
                "Thrown interactive transport failure; retrying once with existing payload",
                {
                  sessionId: drainSessionId,
                  errorMessage,
                },
              );
              // Provide user feedback about the retry
              this.view?.webview.postMessage({
                type: "info",
                message: "Retrying interactive response...",
                sessionId: drainSessionId,
              });
              return this.handleSendMessage(
                text,
                files,
                contexts,
                images,
                agent,
                true,
                recoveredContext,
                retryWithoutStructuredOutput,
                structuredFallbackReason,
                userFacingText,
              );
            }
          }
          vscode.window.showErrorMessage(`Failed to send message: ${errorMessage}`);
          this.logger.error("Send message exception", {
            sessionId: drainSessionId,
            errorMessage,
            errorMessages: this.collectNormalizedErrorMessages(error),
          });
    
          // Show error in webview too
          this.view?.webview.postMessage({
            type: "error",
            message: errorMessage,
          });
        } finally {
          const totalDuration = Date.now() - overallStartTime;
          log.featureStep(flow, 'message_processing_completed', {
            duration: totalDuration,
            sessionId: drainSessionId,
            timestamp: new Date().toISOString(),
          });
    
          this.logger.info(`🏁 [TIMING] Message processing completed in ${totalDuration}ms`, {
            sessionId: drainSessionId,
            timestamp: new Date().toISOString(),
          });
    
          if (debugSessionId) {
            this.promptDebugBySession.delete(debugSessionId);
          }
          if (drainSessionId) {
            this.processingSessionIds.delete(drainSessionId);
            this.sendProcessingSessionsUpdate();
          }
          this.logger.info("Processing request finished", {
            sessionId: drainSessionId,
          });
          if (drainSessionId) {
            void this.handleExecuteQueue(drainSessionId);
          }
    
          // End feature flow tracking
          log.endFeatureFlow(flow, { status: 'completed', totalDuration });
        }
      }
    
      /**
       * Enriches a message with plan information if detected.
       * FORBIDDEN TO REMOVE: This logic ensures the Implementation Plan button appears,
       * which is a core feature for user transparency and workflow.
       */
      private async resolveStopSessionId(
        requestedSessionId?: string,
      ): Promise<string | undefined> {
        const explicitSessionId = this.firstNonEmptyString(requestedSessionId);
        if (explicitSessionId) {
          return explicitSessionId;
        }
    
        const activeSessionId = this.firstNonEmptyString(this.currentSessionId);
        if (activeSessionId) {
          return activeSessionId;
        }
    
        if (!this.isProcessingRequest) {
          return undefined;
        }
    
        try {
          const currentSession = await this.sessionService.getCurrentSession();
          return this.firstNonEmptyString(currentSession?.id);
        } catch (error) {
          log.warn(
            "Failed to resolve stop session from SessionService",
            { error },
          );
          return undefined;
        }
      }
    
      /**
       * Handles stopping a request
       */
      // FORBIDDEN TO REMOVE: Stop Request Button - backend handler required by webview to abort streaming requests
      private async handleStopRequest(sessionId?: string): Promise<void> {
        let resolvedSessionId: string | undefined;
        try {
          resolvedSessionId = await this.resolveStopSessionId(sessionId);
          if (!resolvedSessionId) {
            this.logger.warn("stopRequest ignored: no active session ID resolved");
            return;
          }
    
          const client = this.serverManager.getClient();
          if (!client) {
            this.logger.warn("stopRequest skipped: no client available", {
              sessionId: resolvedSessionId,
            });
            return;
          }
    
          this.logger.info("Stopping request", {
            sessionId: resolvedSessionId,
          });
    
          const workspaceDirectory = this.getWorkspaceDirectory();
          await client.session.abort({
            path: { id: resolvedSessionId },
            query: workspaceDirectory ? { directory: workspaceDirectory } : undefined,
          });
        } catch (error) {
          log.error("Failed to stop request", {}, error as Error);
        } finally {
          if (resolvedSessionId) {
            this.processingSessionIds.delete(resolvedSessionId);
            this.sendProcessingSessionsUpdate();
          }
          this.view?.webview.postMessage({
            type: "stopRequestHandled",
            sessionId: resolvedSessionId,
          });
          if (resolvedSessionId) {
            void this.handleExecuteQueue(resolvedSessionId);
          }
        }
      }
    
      /**
       * Returns the context token limit for the currently selected model, or
       * undefined if the model/limit is unknown.
       */
      /**
       * Checks whether the context window is at or above the auto-compact
       * threshold after a completed turn and, if so, triggers compaction
       * automatically so the next turn does not hit the limit.
       *
       * The threshold is intentionally set at 90 % so compaction runs while
       * there is still room for the summary that the compaction call itself
       * produces.
       */
      /**
       * Appends text to the prompt input
       */
      async appendToPrompt(text: string): Promise<void> {
        const value = typeof text === "string" ? text.trim() : "";
        if (!value) {
          return;
        }
        this.view?.webview.postMessage({
          type: "appendPrompt",
          message: {
            role: "user",
            content: value,
            parts: [{ type: "text", text: value }],
          },
        });
      }
    
      /**
       * Adds a context badge to the prompt input
       */
      async addContext(context: any): Promise<void> {
        this.view?.webview.postMessage({
          type: "addContext",
          context,
        });
      }
    
      /**
       * Automatically adds a context badge without overwriting manual ones
       */
      async autoAddContext(context: any): Promise<void> {
        this.view?.webview.postMessage({
          type: "addContext",
          context: { ...context, isAuto: true },
        });
      }
    
      /**
       * Clears any automatically added context
       */
      async clearAutoContext(): Promise<void> {
        this.view?.webview.postMessage({
          type: "clearAutoContext",
        });
      }
    
      async handlePlanProceed(payload: {
        rawPlan: string;
        comments: PlanProceedComment[];
        sourceFile?: string;
      }): Promise<void> {
        const rawPlan = typeof payload?.rawPlan === "string" ? payload.rawPlan : "";
        if (!rawPlan.trim()) {
          vscode.window.showErrorMessage(
            "Cannot proceed because implementation plan content is empty.",
          );
          return;
        }
        const comments = Array.isArray(payload?.comments) ? payload.comments : [];
        const hasChangeRequests = comments.some(
          (comment) => comment.text.trim().length > 0,
        );
    
        const commentLines = comments.map((comment) => {
          const textRef = comment.anchor?.selectedText
            ? `On text "${comment.anchor.selectedText}": `
            : "";
          return `- ${textRef}${comment.text}`;
        });
    
        const commentsMd =
          commentLines.length > 0
            ? `# Implementation Plan Comments\n\n${commentLines.join("\n")}`
            : "";
        const providedSourceFile = this.normalizePlanFileReference(
          payload?.sourceFile,
        );
        let planFilePath: string | undefined;
    
        if (providedSourceFile) {
          const diskPlan = await this.readPlanFileFromDisk(providedSourceFile);
          if (diskPlan) {
            planFilePath = providedSourceFile;
          } else {
            const preferredPath = this.resolvePlanFileCandidates(providedSourceFile)[0];
            planFilePath = await this.persistPlan(
              rawPlan,
              preferredPath,
            );
          }
        } else {
          const fallbackCandidates = this.prioritizePlanFileCandidates([
            ...this.extractMarkdownFileReferences(rawPlan),
            ...(await this.discoverLikelyPlanFileCandidates()),
          ]);
          for (const candidate of fallbackCandidates) {
            const diskPlan = await this.readPlanFileFromDisk(candidate);
            if (!diskPlan) {
              continue;
            }
            planFilePath = candidate;
            break;
          }
        }
    
        if (!planFilePath) {
          vscode.window.showErrorMessage(
            "Cannot proceed because the plan source file path is missing. Re-open the plan and try again.",
          );
          return;
        }
    
        let commentsFilePath: string | undefined;
        if (hasChangeRequests && commentsMd) {
          const ext = path.extname(planFilePath) || ".md";
          const baseName = path.basename(planFilePath, ext);
          commentsFilePath = path.join(
            path.dirname(planFilePath),
            `${baseName}_comments.md`,
          );
          try {
            await vscode.workspace.fs.writeFile(
              vscode.Uri.file(commentsFilePath),
              new TextEncoder().encode(commentsMd),
            );
          } catch (error) {
            const message = error instanceof Error ? error.message : String(error);
            vscode.window.showErrorMessage(
              `Cannot proceed because plan comments could not be written: ${message}`,
            );
            return;
          }
        }
    
        const proceedMessage = hasChangeRequests
          ? [
            "Proceed on this plan.",
            `The attached plan file \`${planFilePath}\` is the source of truth.`,
            `Apply all reviewer comments from attached file \`${commentsFilePath}\`, then execute the resulting plan.`,
            "Begin making real edits now and continue until the implementation is complete.",
            "Do not return only a status update.",
          ].join("\n")
          : [
            "Proceed on this plan.",
            `The attached plan file \`${planFilePath}\` is the source of truth.`,
            "Execute the plan step-by-step and implement the described changes now.",
            "Begin making real edits now and continue until the implementation is complete.",
            "Do not return only a status update.",
          ].join("\n");
    
        const attachedFiles =
          hasChangeRequests && commentsFilePath
            ? [planFilePath, commentsFilePath]
            : [planFilePath];
    
        // Post addPlanAttachment message to chat webview for the visual chip
        const planGoal =
          rawPlan.match(/^#\s+(.+)/m)?.[1]?.trim() ?? "Implementation Plan";
        const planBase64 = Buffer.from(rawPlan, "utf-8").toString("base64");
        const dataUrl = `data:text/markdown;base64,${planBase64}`;
        this.view?.webview.postMessage({
          type: "addPlanAttachment",
          payload: {
            id: `plan-${Date.now()}`,
            filename: `\uD83D\uDCCB Implementation Plan: ${planGoal}`,
            mimeType: "text/markdown",
            dataUrl,
          },
        });
    
        PlanViewProvider.closeCurrentPanel();
    
        // Fire and forget so the plan tab closes immediately and execution starts in chat.
        void this.handleSendMessage(
          proceedMessage,
          attachedFiles,
          undefined,
          undefined,
          "build",
          true,
        ).catch((err) => {
          const message = err instanceof Error ? err.message : String(err);
          vscode.window.showErrorMessage(`Failed to proceed with plan: ${message}`);
        });
      }
    
      private buildRecoveredTranscript(messages: unknown[]): string {
        if (!Array.isArray(messages) || messages.length === 0) {
          return "";
        }
    
        const maxChars = 24_000;
        const lines: string[] = [];
        let used = 0;
        const recent = messages.slice(-40);
    
        for (const msg of recent) {
          const rec = this.asRecord(msg);
          if (!rec) {
            continue;
          }
          const role =
            this.firstNonEmptyString(
              rec.role,
              rec.info && this.asRecord(rec.info)?.role,
            ) || "assistant";
          const content = this.extractMessageBodyText(rec);
          if (!content) {
            continue;
          }
          const line = `[${role}] ${content}`;
          if (used + line.length + 1 > maxChars) {
            break;
          }
          lines.push(line);
          used += line.length + 1;
        }
    
        return lines.join("\n");
      }
    
      /**
       * Helper: Get session settings
       * Retrieves session-specific settings (model, agent, thinking level)
       */
      private getSessionSettings(_sessionId: string): {
        selectedModel?: { modelID: string; providerID: string };
        selectedAgent?: string;
        thinkingLevel?: string;
      } {
        // This would be implemented to retrieve per-session settings
        // For now, return empty object
        return {};
      }
    
      /**
       * Helper: Apply session settings
       * Applies session-specific model, agent, and thinking level
       */
      private async applySessionSettings(sessionId: string): Promise<void> {
        return this.modelAndAgentManager.applySessionSettings(sessionId);
      }
    
      /**
       * Helper: Migrate session settings
       * Transfers settings from old session to new session
       */
      private migrateSessionSettings(
        oldSessionId: string,
        newSessionId: string
      ): void {
        const settings = this.getSessionSettings(oldSessionId);
        if (settings.selectedModel || settings.selectedAgent || settings.thinkingLevel) {
          // Save to new session using ModelAndAgentManager
          void this.persistSessionSettings(newSessionId, {
            providerID: settings.selectedModel?.providerID,
            modelID: settings.selectedModel?.modelID,
            agent: settings.selectedAgent,
            thinkingLevel: settings.thinkingLevel,
          });
        }
      }
    
      /**
       * Shows the skill installer modal in the webview
       */
      async showSkillInstaller(): Promise<void> {
        this.view?.webview.postMessage({
          type: "showSkillInstaller",
        });
      }
    
      /**
       * Opens the My Skills panel in the webview
       */
      async openMySkills(): Promise<void> {
        this.view?.webview.postMessage({
          type: "openMySkills",
        });
      }
    
      /**
       * Refreshes the skills list in the webview
       */
      async refreshSkills(): Promise<void> {
        // TEMPORARILY DISABLED: Don't load skills to avoid 700+ skills bottleneck
        this.logger.warn("⚠️ [PERF] Skills loading disabled temporarily");
        this.view?.webview.postMessage({
          type: "mySkills",
          skills: [], // Return empty array instead of loading all skills
        });
      }
    
      /**
       * Handles skill-related messages from the webview
       */
      private async handleSkillMessage(message: {
        type: string;
        [key: string]: unknown;
      }): Promise<void> {
        switch (message.type) {
          case "getMySkills": {
            // TEMPORARILY DISABLED: Don't load skills to avoid 700+ skills bottleneck
            this.logger.warn("⚠️ [PERF] getMySkills disabled temporarily");
            this.view?.webview.postMessage({ type: "mySkills", skills: [] });
            break;
          }
    
          case "installSkill": {
            const { source, data } = message;
            let result;
    
            if (source === "url") {
              result = await this.skillManager.installFromUrl(data as string, (progress) => {
                this.view?.webview.postMessage({ type: "installProgress", progress });
              });
            } else if (source === "file") {
              result = await this.skillManager.installFromFile(data as string);
            } else {
              result = { success: false, error: "Unknown installation source" };
            }
    
            if (result.success) {
              this.view?.webview.postMessage({ type: "skillInstalled", skill: result.skill });
            } else {
              this.view?.webview.postMessage({ type: "skillError", error: result.error });
            }
            break;
          }
    
          case "removeSkill": {
            const { name } = message;
            await this.skillManager.deleteSkill(name as string);
            this.view?.webview.postMessage({ type: "skillRemoved", name });
            break;
          }
    
          case "editSkill": {
            const { name, updates } = message;
            await this.skillManager.updateSkill(name as string, updates as any);
            const skill = await this.skillManager.getSkill(name as string);
            this.view?.webview.postMessage({ type: "skillInstalled", skill });
            break;
          }
    
          case "validateSkill": {
            const { skill } = message;
            const validation = this.skillManager.validateSkill(skill);
            if (!validation.valid) {
              this.view?.webview.postMessage({
                type: "skillError",
                error: "Validation failed",
                details: validation.errors,
              });
            }
            break;
          }
    
          default:
            this.logger.warn("Unknown skill message type:", { type: message.type });
        }
      }
    
      private async saveSessionRecoveryMap(
        previousSessionId: string,
        newSessionId: string,
      ): Promise<void> {
        if (
          !previousSessionId ||
          !newSessionId ||
          previousSessionId === newSessionId
        ) {
          return;
        }
        const existing =
          this.context.globalState.get<Record<string, string>>(
            "sessionRecoveryMap",
          ) ?? {};
        existing[previousSessionId] = newSessionId;
        await this.context.globalState.update("sessionRecoveryMap", existing);
      }
    
      /**
       * Handles viewing the implementation plan
       */
      /**
       * Handles opening the file picker
       */
      private async handleAttachFiles(): Promise<void> {
        const uris = await vscode.window.showOpenDialog({
          canSelectMany: true,
          openLabel: "Attach to Chat",
          filters: {
            "All Files": ["*"],
          },
        });
    
        if (uris && uris.length > 0) {
          // Convert URIs to relative paths or absolute paths for selection
          // For now, let's just send back the absolute paths as this is what the extension uses
          const files = uris.map((u) => u.fsPath);
    
          // We need a message type to receive these in the webview
          this.view?.webview.postMessage({
            type: "filesAttached",
            files,
          });
        }
      }
    
      private async handleAttachImage(): Promise<void> {
        const uris = await vscode.window.showOpenDialog({
          canSelectMany: true,
          openLabel: "Attach Images to Chat",
          filters: {
            Images: ["png", "jpg", "jpeg", "gif", "webp"],
          },
        });
    
        if (!uris || uris.length === 0) {
          return;
        }
    
        const images = [];
        for (const uri of uris) {
          try {
            const data = await vscode.workspace.fs.readFile(uri);
            const base64 = Buffer.from(data).toString("base64");
            const mimeType = this.getMimeType(uri.fsPath);
            images.push({
              dataUrl: `data:${mimeType};base64,${base64}`,
              filename: uri.fsPath.split(/[/\\]/).pop() || uri.fsPath,
              size: data.byteLength,
            });
          } catch (error) {
            log.error(`Failed to read image ${uri.fsPath}`, { uri: uri.fsPath }, error as Error);
          }
        }
    
        if (images.length > 0) {
          this.view?.webview.postMessage({
            type: "imagesAttached",
            images,
          });
        }
      }
    
      private getMimeType(filePath: string): string {
        const ext = filePath.split(".").pop()?.toLowerCase();
        const mimeMap: Record<string, string> = {
          png: "image/png",
          jpg: "image/jpeg",
          jpeg: "image/jpeg",
          gif: "image/gif",
          webp: "image/webp",
        };
        return mimeMap[ext || ""] || "image/png";
      }
    
      /**
       * Handles opening settings
       */
      private async handleOpenSettings(): Promise<void> {
        await vscode.commands.executeCommand(
          "workbench.action.openSettings",
          "@ext:OpenCode.opencode-vscode",
        );
      }
    
      /**
       * Handle mode toggle with logging
       */
      private async handleToggleMode(newMode: string): Promise<void> {
        const oldMode = this.currentMode;
        this.currentMode = newMode;
    
        // Only log the state change here, not in the message handler
        this.logger.logStateChange('current-mode', oldMode, newMode, 'mode-toggle');
    
        // Send mode update to webview
        this.view?.webview.postMessage({
          type: 'modeChanged',
          mode: newMode,
        });
      }
    
      /**
       * Refreshes the view with current state
       */
      private refreshView(): void {
        this.view?.webview.postMessage({
          type: "initState",
          serverStatus: this.serverManager.getStatus(),
          selectedModel: this.selectedModel,
          selectedAgent: this.selectedAgent,
          currentSessionId: this.currentSessionId,
          todoItems: this.loadPersistedTodos(this.currentSessionId).items,
        });
      }
    
      /**
       * Generates the HTML content for the webview
       */
      // FORBIDDEN TO REMOVE: React Chat Asset Contract - ensure <div id="root"> and chat.js/chat.css wiring remain intact
      private getHtmlContent(webview: vscode.Webview): string {
        const styleUri = webview.asWebviewUri(
          vscode.Uri.joinPath(
            this.context.extensionUri,
            "webview",
            "shared",
            "dist",
            "chat.css",
          ),
        );
        const scriptUri = webview.asWebviewUri(
          vscode.Uri.joinPath(
            this.context.extensionUri,
            "webview",
            "shared",
            "dist",
            "chat.js",
          ),
        );
    
        return `<!DOCTYPE html>
    <html lang="en">
    <head>
      <meta charset="UTF-8">
      <meta name="viewport" content="width=device-width, initial-scale=1.0">
      <meta http-equiv="Content-Security-Policy" content="default-src 'none'; img-src ${webview.cspSource} data: blob:; style-src ${webview.cspSource} 'unsafe-inline'; script-src ${webview.cspSource};">
      <link href="${styleUri}" rel="stylesheet">
      <title>OpenCode Chat</title>
    </head>
    <body>
      <div id="root"></div>
      <script type="module" src="${scriptUri}"></script>
    </body>
    </html>`;
      }
    
      /**
       * Handles file search requests from the webview
       */
      private async handleSearchFiles(query: string) {
        const flow = log.startFeatureFlow('FileSearch', { queryLength: query.length });
    
        if (!query) {
          log.endFeatureFlow(flow, { result: 'skipped', reason: 'Empty query' });
          this.view?.webview.postMessage({
            type: "fileSearchResults",
            results: [],
          });
          return;
        }
    
        try {
          log.featureStep(flow, 'searching_files', { query, maxResults: 20 });
          const startTime = Date.now();
    
          // Simple file search using VS Code API
          // Limit to 20 results for performance
          const files = await vscode.workspace.findFiles(
            `**/*${query}*`,
            "**/node_modules/**",
            20,
          );
    
          const duration = Date.now() - startTime;
          const results = files.map((f) => {
            const relativePath = vscode.workspace.asRelativePath(f);
            return {
              path: relativePath,
              name: relativePath.split(/[\\/]/).pop() || relativePath,
            };
          });
    
          log.featureStep(flow, 'search_completed', {
            resultCount: results.length,
            duration,
          });
    
          this.view?.webview.postMessage({
            type: "fileSearchResults",
            results: results,
          });
    
          log.endFeatureFlow(flow, { result: 'completed', resultCount: results.length, duration });
        } catch (error) {
          log.error('File search failed', { query }, error as Error);
          log.endFeatureFlow(flow, { result: 'failed', error: String(error) });
          this.view?.webview.postMessage({
            type: "fileSearchResults",
            results: [],
          });
        }
      }
    
      /**
       * Handles requests to get OpenCode configuration files
       */
      private async handleGetOpenCodeConfig(fileName?: string) {
        try {
          // Scan all JSON config files
          const configFiles = await this.configFilesProvider.scanFiles();
    
          // Determine which file to load
          let selectedFile: ConfigFile | undefined;
          if (fileName && configFiles.length > 0) {
            // Load specific file if requested
            selectedFile = configFiles.find(f => f.name === fileName || f.path === fileName);
          } else if (configFiles.length > 0) {
            // Default to first file (alphabetically sorted)
            selectedFile = configFiles[0];
          }
    
          if (!selectedFile) {
            // No config files found - send empty state with available files list
            this.view?.webview.postMessage({
              type: "opencodeConfigFiles",
              files: configFiles.map(f => ({
                name: f.name,
                path: f.path,
                lastModified: f.lastModified,
                size: f.size,
              })),
              currentFile: null,
            });
            return;
          }
    
          // Send config data with files list
          this.view?.webview.postMessage({
            type: "opencodeConfig",
            content: selectedFile.content,
            filePath: selectedFile.path,
            fileName: selectedFile.name,
            files: configFiles.map(f => ({
              name: f.name,
              path: f.path,
              lastModified: f.lastModified,
              size: f.size,
            })),
          });
        } catch (error) {
          this.logger.error("Failed to load OpenCode config", undefined, error instanceof Error ? error : new Error(String(error)));
          this.view?.webview.postMessage({
            type: "opencodeConfigError",
            error: error instanceof Error ? error.message : "Failed to load configuration",
          });
        }
      }
    
      /**
       * Handles requests to save OpenCode configuration
       */
      private async handleSaveOpenCodeConfig(content: string, filePath?: string) {
        const flow = log.startFeatureFlow('SaveConfig', { filePath, contentLength: content.length });
    
        try {
          if (!filePath) {
            log.endFeatureFlow(flow, { result: 'failed', reason: 'No file path provided' });
            throw new Error("File path is required for saving configuration");
          }
    
          log.featureStep(flow, 'saving_config_file', { filePath, contentLength: content.length });
          const result = await this.configFilesProvider.saveFile(filePath, content);
    
          this.view?.webview.postMessage({
            type: "opencodeConfigSaved",
            success: result.success,
            error: result.error,
            filePath,
          });
    
          if (result.success) {
            this.logger.info(`OpenCode config saved: ${filePath}`);
            log.endFeatureFlow(flow, { result: 'completed', filePath });
          } else {
            log.endFeatureFlow(flow, { result: 'failed', error: result.error });
          }
        } catch (error) {
          this.logger.error("Failed to save OpenCode config", undefined, error instanceof Error ? error : new Error(String(error)));
          log.endFeatureFlow(flow, { result: 'failed', error: String(error) });
          this.view?.webview.postMessage({
            type: "opencodeConfigSaved",
            success: false,
            error: error instanceof Error ? error.message : "Failed to save configuration",
            filePath,
          });
        }
      }
    
      /**
       * Reconciles the selected model against the fetched model catalog.
       *
       * Matching priority:
       * 1) exact providerID + modelID
       * 2) legacy fallback by modelID only when provider is missing/generic and match is unique
       *
       * We intentionally do NOT remap by modelID alone when multiple providers expose the same model.
       */
      /**
       * Resolves the default model from the CLI config
       */
      /**
       * Handles fetching available models from OpenCode
       */
      /**
       * Fetches slash commands from OpenCode SDK and sends them to the webview.
       * Uses a short-lived cache because commands are mostly static during a session.
       */
      /**
       * Handles fetching available agents via the OpenCode SDK and sends the list
       * to the webview. Falls back to a minimal built-in list if the server is
       * unavailable.
       */
      // ─── Per-session settings helpers ────────────────────────────────────────
    
      /** Returns the full persisted map of all session settings. */
      /**
       * Returns the persisted settings for a specific session.
       * Returns an empty object when no settings have been saved yet.
       */
      /**
       * Merges `partial` into the persisted settings for `sessionId` and saves
       * the updated map back to global state.
       */
      /**
       * Loads the persisted settings for `sessionId` and applies them to the
       * provider's in-memory state (`selectedAgent`, `selectedModel`).
       * Fields that have no saved value are left unchanged.
       */
      /**
       * Fetches MCP server status from the OpenCode SDK and forwards it to the
       * webview. The webview dispatches `SET_MCP_SERVERS` from the `mcpStatus`
       * message. Tool IDs are fetched in parallel so each server row can show its
       * list of tools when the user expands it.
       */
      private async handleGetMcpStatus(): Promise<void> {
        const flow = log.startFeatureFlow('GetMcpStatus', {});
    
        try {
          log.featureStep(flow, 'fetching_mcp_status');
          const client = await this.serverManager.ensureRunning();
    
          log.featureStep(flow, 'fetching_mcp_and_tool_data');
          const [mcpRes, toolIdsRes] = await Promise.all([
            client.mcp.status(),
            client.tool.ids().catch(() => ({ data: [] })),
          ]);
    
          const servers = mcpRes.data ?? {};
          const toolIds: string[] = Array.isArray(toolIdsRes?.data)
            ? toolIdsRes.data
            : [];
    
          log.featureStep(flow, 'sending_status_to_webview', {
            serverCount: Object.keys(servers).length,
            toolCount: toolIds.length,
          });
    
          this.view?.webview.postMessage({
            type: "mcpStatus",
            servers,
            toolIds,
          });
    
          log.info(
            `MCP status sent: ${Object.keys(servers).length} server(s), ${toolIds.length} tool(s)`,
          );
    
          log.endFeatureFlow(flow, { result: 'completed', serverCount: Object.keys(servers).length, toolCount: toolIds.length });
        } catch (err) {
          log.error(
            "handleGetMcpStatus failed",
            {},
            err instanceof Error ? err : undefined,
          );
          log.endFeatureFlow(flow, { result: 'failed', error: String(err) });
        }
      }
    
      /**
       * Fetches LSP server status from the OpenCode SDK and forwards it to the
       * webview. The webview dispatches `SET_LSP_SERVERS` from the `lspStatus`
       * message.
       */
      private async handleGetLspStatus(): Promise<void> {
        const flow = log.startFeatureFlow('GetLspStatus', {});
    
        try {
          log.featureStep(flow, 'fetching_server_status');
          const client = await this.serverManager.ensureRunning();
          const workspaceDir = this.getWorkspaceDirectory();
    
          log.featureStep(flow, 'fetching_lsp_status', { workspaceDir });
          // Pass directory parameter to LSP status endpoint so the server
          // can detect language servers for the current workspace
          const res = workspaceDir
            // eslint-disable-next-line @typescript-eslint/no-explicit-any
            ? await client.lsp.status({ directory: workspaceDir } as any)
            : await client.lsp.status();
    
          const servers = Array.isArray(res.data) ? res.data : [];
    
          log.featureStep(flow, 'sending_status_to_webview', { serverCount: servers.length });
          this.view?.webview.postMessage({
            type: "lspStatus",
            servers,
          });
    
          log.info(
            `LSP status sent: ${servers.length} server(s)` +
            (workspaceDir ? ` for workspace: ${workspaceDir}` : ""),
          );
    
          log.endFeatureFlow(flow, { result: 'completed', serverCount: servers.length });
        } catch (err) {
          log.error(
            "handleGetLspStatus failed",
            {},
            err instanceof Error ? err : undefined,
          );
          log.endFeatureFlow(flow, { result: 'failed', error: String(err) });
        }
      }
    
      /**
       * Ensures a default primary agent is selected for the current session.
       * Falls back to "build" (the built-in default primary agent) if nothing
       * has been persisted.
       */
      private async syncCLIAgents(): Promise<void> {
        if (!this.selectedAgent) {
          this.selectedAgent = "build";
          log.info("No agent set, defaulting to 'build'");
        }
      }
    
      private async handleReviewChanges() {
        try {
          const workspaceFolder = vscode.workspace.workspaceFolders?.[0];
          if (!workspaceFolder) {
            await vscode.commands.executeCommand("workbench.view.scm");
            return;
          }
    
          const cwd = workspaceFolder.uri.fsPath;
          const runGit = (...args: string[]): Promise<string> =>
            new Promise((resolve, reject) => {
              cp.execFile(
                "git",
                args,
                { cwd, maxBuffer: 10 * 1024 * 1024 },
                (err, stdout) => {
                  if (err && err.code !== 1) {
                    reject(err);
                  } else {
                    resolve(stdout);
                  }
                },
              );
            });
    
          const diffOutput = await runGit("diff", "HEAD");
    
          // Include untracked files as pseudo-diffs
          const untrackedFilesOutput = await runGit(
            "ls-files",
            "--others",
            "--exclude-standard",
          );
          const untrackedFiles = untrackedFilesOutput
            .split("\n")
            .filter((f) => f.trim());
    
          let allDiffs = diffOutput;
          for (const file of untrackedFiles) {
            try {
              const fileUri = vscode.Uri.file(path.join(cwd, String(file)));
              const content = await vscode.workspace.fs.readFile(fileUri);
              const text = new TextDecoder().decode(content);
              const lines = text.split("\n");
              const pseudoDiff = [
                `--- /dev/null`,
                `+++ b/${file.replace(/\\/g, "/")}`,
                `@@ -0,0 +1,${lines.length} @@`,
                ...lines.map((l) => `+${l}`),
                "",
              ].join("\n");
              allDiffs += (allDiffs ? "\n" : "") + pseudoDiff;
            } catch (e: any) {
              log.warn(
                `Failed to read untracked file ${String(file)}: ${e instanceof Error ? e.message : String(e)}`,
                { file: String(file) },
              );
            }
          }
    
          if (allDiffs) {
            const diffFiles = this.parseUnifiedDiff(allDiffs);
            if (diffFiles.length > 0) {
              await vscode.commands.executeCommand("opencode.showDiffReview", {
                files: diffFiles,
              });
              return;
            }
          }
    
          // Fallback to SCM view if no diffs found
          await vscode.commands.executeCommand("workbench.view.scm");
        } catch (error: any) {
          vscode.window.showErrorMessage(
            `Failed to open changes: ${error.message}`,
          );
        }
      }
    
      private buildDiffExcerpt(diffOutput: string): {
        header?: string;
        lines: string[];
        added?: number;
        deleted?: number;
      } | undefined {
        const diffFiles = this.parseUnifiedDiff(diffOutput);
        if (diffFiles.length === 0) {
          return undefined;
        }
        const firstFile = diffFiles[0];
        const firstHunk = Array.isArray(firstFile.hunks) ? firstFile.hunks[0] : undefined;
        if (!firstHunk || !Array.isArray(firstHunk.lines) || firstHunk.lines.length === 0) {
          return undefined;
        }
        return {
          header: typeof firstHunk.header === "string" ? firstHunk.header : undefined,
          lines: firstHunk.lines.slice(0, 40).map((line: unknown) =>
            typeof line === "string" ? line.slice(0, 300) : "",
          ),
          added:
            typeof firstFile.added === "number" && Number.isFinite(firstFile.added)
              ? firstFile.added
              : undefined,
          deleted:
            typeof firstFile.deleted === "number" && Number.isFinite(firstFile.deleted)
              ? firstFile.deleted
              : undefined,
        };
      }
    
      private async getDiffActivityEnrichment(
        filePath: string,
      ): Promise<
        | {
          diffStats?: { added: number; deleted: number };
          diffExcerpt?: { header?: string; lines: string[]; added?: number; deleted?: number };
        }
        | undefined
      > {
        try {
          const workspaceFolder = vscode.workspace.workspaceFolders?.[0];
          if (!workspaceFolder) return undefined;
    
          const fullPath = path.isAbsolute(filePath)
            ? filePath
            : path.join(workspaceFolder.uri.fsPath, filePath);
          const cwd = workspaceFolder.uri.fsPath;
    
          const runGit = (...args: string[]): Promise<string> =>
            new Promise((resolve, reject) => {
              cp.execFile(
                "git",
                args,
                { cwd, maxBuffer: 10 * 1024 * 1024 },
                (err, stdout) => {
                  if (err && err.code !== 1) {
                    reject(err);
                  } else {
                    resolve(stdout);
                  }
                },
              );
            });
    
          let diffOutput = "";
          try {
            diffOutput = await runGit("diff", "HEAD", "--", fullPath);
            if (!diffOutput) {
              diffOutput = await runGit("diff", "--cached", "--", fullPath);
            }
            if (!diffOutput) {
              // New file fallback
              try {
                const fileUri = vscode.Uri.file(fullPath);
                const content = await vscode.workspace.fs.readFile(fileUri);
                const text = new TextDecoder().decode(content);
                const lines = text.split("\n");
                return {
                  diffStats: { added: lines.length, deleted: 0 },
                  diffExcerpt: {
                    header: `@@ -0,0 +1,${lines.length} @@`,
                    lines: lines.slice(0, 40).map((line) => `+${line.slice(0, 299)}`),
                    added: lines.length,
                    deleted: 0,
                  },
                };
              } catch {
                return undefined;
              }
            }
          } catch {
            return undefined;
          }
    
          if (diffOutput) {
            const diffFiles = this.parseUnifiedDiff(diffOutput);
            if (diffFiles.length > 0 && diffFiles[0]) {
              return {
                diffStats: {
                  added: diffFiles[0].added,
                  deleted: diffFiles[0].deleted,
                },
                diffExcerpt: this.buildDiffExcerpt(diffOutput),
              };
            }
          }
          return undefined;
        } catch (error) {
          log.error("getDiffActivityEnrichment error", {}, error as Error);
          return undefined;
        }
      }
    
      private async handleOpenDiff(filePath: string) {
        try {
          const workspaceFolder = vscode.workspace.workspaceFolders?.[0];
          if (!workspaceFolder) return;
    
          const fullPath = path.isAbsolute(filePath)
            ? filePath
            : path.join(workspaceFolder.uri.fsPath, filePath);
          const fileUri = vscode.Uri.file(fullPath);
          const cwd = workspaceFolder.uri.fsPath;
    
          const runGit = (...args: string[]): Promise<string> =>
            new Promise((resolve, reject) => {
              cp.execFile(
                "git",
                args,
                { cwd, maxBuffer: 10 * 1024 * 1024 },
                (err, stdout) => {
                  // exit code 1 from git diff means there are changes (not an error)
                  if (err && err.code !== 1) {
                    reject(err);
                  } else {
                    resolve(stdout);
                  }
                },
              );
            });
    
          let diffOutput = "";
          try {
            // Try HEAD diff first (tracked modified file)
            diffOutput = await runGit("diff", "HEAD", "--", fullPath);
            if (!diffOutput) {
              // Maybe the file is staged but not committed — try staged diff
              diffOutput = await runGit("diff", "--cached", "--", fullPath);
            }
            if (!diffOutput) {
              // New untracked file: generate a pseudo-diff showing full content as additions
              const content = await vscode.workspace.fs.readFile(fileUri);
              const text = new TextDecoder().decode(content);
              const lines = text.split("\n");
              diffOutput = [
                `--- /dev/null`,
                `+++ b/${filePath.replace(/\\/g, "/")}`,
                `@@ -0,0 +1,${lines.length} @@`,
                ...lines.map((l) => `+${l}`),
              ].join("\n");
            }
          } catch (e) {
            log.warn(`git diff failed: ${e instanceof Error ? e.message : String(e)}`, {});
          }
    
          if (diffOutput) {
            const diffFiles = this.parseUnifiedDiff(diffOutput);
            if (diffFiles.length > 0) {
              await vscode.commands.executeCommand("opencode.showDiffReview", {
                files: diffFiles,
              });
              return;
            }
          }
    
          // Absolute fallback: open the file normally
          await vscode.commands.executeCommand("vscode.open", fileUri);
        } catch (error: any) {
          vscode.window.showErrorMessage(`Failed to open diff: ${error.message}`);
        }
      }
    
      private parseUnifiedDiff(diff: string): any[] {
        const files: any[] = [];
        const lines = diff.split("\n");
        let currentFile: any = null;
        let currentHunk: any = null;
    
        for (const line of lines) {
          if (line.startsWith("--- ") || line.startsWith("+++ ")) {
            const isNew = line.startsWith("+++ ");
            const pathMatch = line.match(/^\+\+\+ (?:b\/)?(.*)$/);
            if (isNew && pathMatch) {
              if (currentFile) files.push(currentFile);
              currentFile = {
                path: pathMatch[1],
                added: 0,
                deleted: 0,
                hunks: [],
              };
            }
            continue;
          }
    
          if (line.startsWith("@@ ")) {
            if (!currentFile) continue;
            currentHunk = {
              header: line,
              lines: [],
            };
            currentFile.hunks.push(currentHunk);
            continue;
          }
    
          if (currentHunk) {
            if (line.startsWith("+")) {
              currentFile.added++;
              currentHunk.lines.push(line);
            } else if (line.startsWith("-")) {
              currentFile.deleted++;
              currentHunk.lines.push(line);
            } else if (line.startsWith(" ") || line === "") {
              currentHunk.lines.push(line);
            }
          }
        }
    
        if (currentFile) files.push(currentFile);
        return files;
      }
    
      /**
       * Handles opening a file in the editor
       */
      private async handleOpenFile(filePath: string) {
        try {
          const workspaceFolder = vscode.workspace.workspaceFolders?.[0];
          if (!workspaceFolder) return;
    
          const fullPath = path.isAbsolute(filePath)
            ? filePath
            : path.join(workspaceFolder.uri.fsPath, filePath);
          const fileUri = vscode.Uri.file(fullPath);
    
          await vscode.commands.executeCommand("vscode.open", fileUri);
        } catch (error: unknown) {
          const msg = error instanceof Error ? error.message : JSON.stringify(error);
          vscode.window.showErrorMessage(`Failed to open file: ${msg}`);
        }
      }
    
      // PROMPT-OWNERSHIP: do not modify — transport-only path
      /**
       * Removes a message from a session queue
       */
      /**
       * Clears the prompt queue for a given session
       */
      /**
       * Executes a session queue sequentially. Only one queue drain can run at a time.
       */
      /**
       * Sends the current budget status to the webview
       */
      private sendBudgetInfo() {
        try {
          // Get actual Copilot quota data from QuotaService
          const quotaData = this.quotaService.cachedData;
          const copilotPlatform = quotaData?.platforms?.find(
            (p) => p.platform === "github-copilot",
          );
    
          if (!copilotPlatform) {
            return;
          }
    
          // Extract data from Copilot quota
          const copilotQuota = copilotPlatform.quotas?.[0]; // "Premium" quota
          if (!copilotQuota) {
            return;
          }
    
          // Parse "usedTotalDisplay" which is in format "X / Y"
          const usedTotalMatch =
            copilotQuota.usedTotalDisplay?.match(/(\d+)\s*\/\s*(\d+)/);
          const totalUsed = usedTotalMatch ? parseInt(usedTotalMatch[1], 10) : 0;
          const monthlyQuota = usedTotalMatch
            ? parseInt(usedTotalMatch[2], 10)
            : 300;
    
          // Calculate daily allowance
          const today = new Date();
          const todayStr = today.toISOString().split("T")[0];
          const daysInMonth = new Date(
            today.getFullYear(),
            today.getMonth() + 1,
            0,
          ).getDate();
          const dayOfMonth = today.getDate();
          const dailyAllowance = Math.ceil(monthlyQuota / daysInMonth);
    
          // --- NEW ACCURATE USAGE CALCULATION ---
          // Get baseline for today. If none exists, this is the first time we're seeing
          // quota data today, so current totalUsed becomes the baseline.
          let baseline = this.budgeter.getBaselineForDate(todayStr);
          if (baseline === null) {
            this.budgeter.setBaselineForDate(todayStr, totalUsed);
            baseline = totalUsed;
          }
    
          // Today's usage is the difference between current total and morning's baseline
          const usedToday = Math.max(0, totalUsed - baseline);
          // --------------------------------------
    
          // Calculate accumulated budget up to today (days passed × daily allowance)
          const budgetSoFar = dayOfMonth * dailyAllowance;
    
          // Available today = (accumulated budget - baseline) - used today
          // Simplified: accumulated budget - totalUsed
          const availableToday = Math.max(0, budgetSoFar - totalUsed);
    
          const remainingToday = Math.max(0, dailyAllowance - usedToday);
    
          // Project monthly usage (current rate × days in month)
          const projectedMonthlyUsage =
            dayOfMonth > 0 ? Math.round((totalUsed / dayOfMonth) * daysInMonth) : 0;
    
          // Determine warning level
          let warningLevel: "ok" | "warning" | "critical" = "ok";
          if (remainingToday === 0) {
            warningLevel = "critical";
          } else if (remainingToday < dailyAllowance * 0.3) {
            warningLevel = "warning";
          }
    
          // Generate advice
          const advice: string[] = [];
          if (remainingToday === 0) {
            advice.push(
              "⚠️ You've used your available requests for today. Consider reducing usage to avoid running out this month.",
            );
          } else if (availableToday > dailyAllowance * 2) {
            advice.push(
              `💡 You have ${availableToday} requests available today (including ${availableToday - dailyAllowance
              } unused from previous days)!`,
            );
          } else if (projectedMonthlyUsage > monthlyQuota) {
            advice.push(
              `🚨 At your current rate, you'll exceed your monthly quota! Try to stay under ${dailyAllowance} requests/day.`,
            );
          } else if (warningLevel === "ok") {
            advice.push(
              `✅ You have ${remainingToday} requests available today. Base daily allowance: ${dailyAllowance}.`,
            );
          }
    
          const budgetInfo = {
            planName: copilotPlatform.accountLabel?.replace(/[()]/g, "") || "Pro",
            monthlyQuota: monthlyQuota,
            usedToday: usedToday,
            dailyAllowance: dailyAllowance,
            availableToday: availableToday,
            remainingToday: remainingToday,
            daysRemaining: daysInMonth - dayOfMonth + 1,
            projectedMonthlyUsage: projectedMonthlyUsage,
            warningLevel: warningLevel,
            advice: advice,
          };
    
          this.view?.webview.postMessage({
            type: "budgetInfo",
            data: budgetInfo,
          });
        } catch (error) {
          log.error("Failed to send budget info", {}, error as Error);
        }
      }
    
      /**
       * Sends the current queue state to the webview
       */
      public dispose(): void {
        if (this.unsubscribe) {
          this.unsubscribe();
          this.unsubscribe = undefined;
        }
        this.streamService.dispose();
        this.quotaService.dispose();
        this.fileThemeProcessor.unsubscribe(this);
        this.isBootstrappingWebview = false;
        this.hasInitializedWebview = false;
        this.sessionsListRequestVersion = 0;
        this.lastSessionsPayloadFingerprint = undefined;
        this.queueBySessionId.clear();
        this.view = undefined;
    
        // Clear any pending todo persistence timer
        if (this.todoPersistenceTimer) {
          clearTimeout(this.todoPersistenceTimer);
          this.todoPersistenceTimer = null;
        }
      }
    
      // --- File Icon Theme Sync Methods ---
    
      /**
       * Called when the file theme processor state changes.
       */
      public notify(state: FileThemeProcessorState): void {
        if (state === "ready") {
          this.sendThemeDataToWebview();
        }
      }
    
      /**
       * Generates and sends the file theme CSS to the webview.
       */
      private async sendThemeDataToWebview(): Promise<void> {
        if (!this.view) {
          return;
        }
    
        try {
          const themeData = this.fileThemeProcessor.getThemeData();
          if (!themeData.data || !themeData.themeId) {
            return;
          }
    
          const cssData = this.cssGenerator.getCss(
            themeData.data,
            themeData.themeId,
            this.view.webview,
          );
          const combinedCss = `${cssData.fontFaceCss}\n${cssData.iconCss}`;
          this.currentThemeCss = combinedCss;
    
          // Update localResourceRoots to include theme extension paths
          if (themeData.localResourceRoots.length > 0) {
            const roots = [
              this.context.extensionUri,
              ...themeData.localResourceRoots.map((root) => vscode.Uri.file(root)),
            ];
            this.view.webview.options = {
              ...this.view.webview.options,
              localResourceRoots: roots,
            };
          }
    
          await this.view.webview.postMessage({
            type: "injectThemeCss",
            css: combinedCss,
          });
          log.debug("Injected theme CSS into webview");
        } catch (error) {
          log.error(
            "Failed to send theme data to webview",
            {},
            error as Error,
          );
        }
      }
    }
    
    
    /* FILE: E:\Projects\vscode-opencode\src\providers\chat\DiagnosticsLogger.ts */
    
    /**
     * DiagnosticsLogger Module
     *
     * Handles all debug logging, render-parity tracing, debug file I/O,
     * and AI diagnostic snapshots.
     *
     * Extracted from ChatViewProvider.ts lines 4586-5090
     */
    
    import * as vscode from "vscode";
    import * as path from "path";
    import * as fs from "fs/promises";
    import * as os from "os";
    import { createLogger } from "../../utils/Logger";
    
    export class DiagnosticsLogger {
      private renderParityLogWriteChain: Promise<void> = Promise.resolve();
      private renderParityDebugFilePath?: string;
      private didLogRenderParityFilePath = false;
      private readonly promptDebugBySession = new Map<string, Record<string, unknown>>();
    
      constructor(
        private logger: ReturnType<typeof createLogger>,
        private asRecord: (value: unknown) => Record<string, unknown> | undefined,
        private firstNonEmptyString: (...values: unknown[]) => string | undefined,
        private extractMessageBodyText: (message: any) => string,
        private historyMessageCreatedAt: (message: any) => number | undefined,
        private extractHistoryMessageId: (message: any) => string | undefined,
        private isRenderableHistoryMessage: (message: any) => boolean,
        private historyMessageFingerprint: (message: any) => string | undefined,
      ) { }
    
      /**
       * Log diagnostics for stream events
       */
      logStreamEventDiagnostics(event: any, enrichedEvent?: any): void {
        const eventType = typeof event?.type === "string" ? event.type : "unknown";
        const properties = this.asRecord(event?.properties) || {};
        const part = this.asRecord(properties?.part);
        const info = this.asRecord(properties?.info);
    
        const sessionID =
          this.firstNonEmptyString(
            properties?.sessionID,
            properties?.sessionId,
            part?.sessionID,
            part?.sessionId,
            info?.sessionID,
            info?.sessionId,
          ) || undefined;
        const messageID =
          this.firstNonEmptyString(
            properties?.messageID,
            properties?.messageId,
            part?.messageID,
            part?.messageId,
            info?.id,
          ) || undefined;
    
        const structured = this.asRecord(enrichedEvent?.structured);
        const structuredOutput = this.asRecord(enrichedEvent?.structuredOutput);
        const partPreview =
          this.firstNonEmptyString(
            part?.delta,
            part?.text,
            part?.content,
            part?.reasoning,
            part?.thought,
            part?.thinking,
          ) || undefined;
        const eventPreview =
          this.firstNonEmptyString(
            event?.delta,
            event?.text,
            event?.content,
            event?.reasoning,
          ) || undefined;
        const preview = partPreview || eventPreview;
        const summary: Record<string, unknown> = {
          type: eventType,
          source: this.firstNonEmptyString(event?.source),
          directory: this.firstNonEmptyString(event?.directory),
          sessionID,
          messageID,
          partType: this.firstNonEmptyString(part?.type),
          hasProperties: Object.keys(properties).length > 0,
          structuredKind: this.firstNonEmptyString(structured?.kind),
          structuredResponseType: this.firstNonEmptyString(
            structuredOutput?.responseType,
          ),
          hasStructuredOutput: Boolean(structuredOutput),
          preview: preview ? preview.slice(0, 180) : undefined,
          previewLength: preview?.length,
        };
    
        if (eventType === "server.heartbeat") {
          if (this.shouldVerboseStreamDebug()) {
            this.logger.debug("Stream heartbeat", summary);
          }
          return;
        }
    
        const shouldLogInfo =
          eventType === "message.updated" ||
          eventType === "message.completed" ||
          eventType === "session.completed";
        // Removed render-parity.ndjson file writing to prevent tool call creation
        // const shouldPersistFile =
        //   shouldLogInfo ||
        //   eventType === "message.part.updated" ||
        //   eventType === "message.part.added" ||
        //   eventType === "message.part.created";
        // if (shouldPersistFile) {
        //   this.appendRenderParityDebugLog("stream", summary);
        // }
        if (this.shouldVerboseStreamDebug()) {
          this.logger.debug("Stream event received", summary);
          return;
        }
        if (shouldLogInfo) {
          this.logger.info("Render parity stream snapshot", summary);
        }
      }
    
      /**
       * Summarize a render message for debugging
       */
      summarizeRenderMessageForDebug(
        message: any,
        index: number,
      ): Record<string, unknown> {
        const info = this.asRecord(message?.info);
        const structured = this.asRecord(
          message?.structuredOutput ??
          message?.structured_output ??
          info?.structuredOutput ??
          info?.structured,
        );
        const content =
          this.firstNonEmptyString(
            message?.content,
            message?.text,
            this.extractMessageBodyText(message),
          ) || "";
        const createdAt = this.historyMessageCreatedAt(message);
        const id = this.extractHistoryMessageId(message);
        const responseType = this.firstNonEmptyString(
          structured?.responseType,
        )?.toLowerCase();
    
        // Create a compact, debug-friendly summary
        const role =
          this.firstNonEmptyString(message?.role, info?.role) || "unknown";
        const partCount = Array.isArray(message?.parts) ? message.parts.length : 0;
        const interactiveCount = Array.isArray(message?.interactiveEvents)
          ? message.interactiveEvents.length
          : 0;
    
        // Build a compact type string showing message type
        let typeStr = role;
        if (responseType && responseType !== 'message') {
          typeStr += `/${responseType}`;
        }
        if (interactiveCount > 0) {
          typeStr += ` [+${interactiveCount} interactive]`;
        } else if (partCount > 0) {
          typeStr += ` [+${partCount} parts]`;
        }
    
        return {
          i: index, // Compact: index
          id: id ? id.slice(-8) : 'no-id', // Compact: last 8 chars of ID
          type: typeStr, // Compact: role + type info combined
          len: content.length, // Compact: content length
          renderable: this.isRenderableHistoryMessage(message) ? '✓' : '✗', // Compact: checkmark
          preview: content ? content.slice(0, 80) + (content.length > 80 ? '...' : '') : '', // Compact: shorter preview
        };
      }
    
      /**
       * Get a compact one-line string representation for quick log scanning
       */
      summarizeRenderMessageCompact(message: any, index: number): string {
        const summary = this.summarizeRenderMessageForDebug(message, index);
        const { i, id, type, len, renderable, preview } = summary as any;
        const previewStr = preview ? `"${preview}"` : '';
        return `[${i}] ${id} ${type} ${len} chars ${renderable} ${previewStr}`.trim();
      }
    
      /**
       * Log history render diagnostics
       */
      logHistoryRenderDiagnostics(
        source: string,
        sessionId: string | undefined,
        rawMessages: any[],
        processedMessages: any[],
      ): void {
        const rawTail = rawMessages.slice(-20);
        const processedTail = processedMessages.slice(-20);
        const rawSummary = rawTail.map((message, index) =>
          this.summarizeRenderMessageForDebug(
            message,
            rawMessages.length - rawTail.length + index,
          ),
        );
        const processedSummary = processedTail.map((message, index) =>
          this.summarizeRenderMessageForDebug(
            message,
            processedMessages.length - processedTail.length + index,
          ),
        );
    
        const rawIds = new Set(
          rawSummary
            .map((item) => this.firstNonEmptyString(item.id))
            .filter((value): value is string => Boolean(value)),
        );
        const processedIds = new Set(
          processedSummary
            .map((item) => this.firstNonEmptyString(item.id))
            .filter((value): value is string => Boolean(value)),
        );
        const missingProcessedIds = Array.from(rawIds).filter(
          (id) => !processedIds.has(id),
        );
    
        // Generate compact log lines for easier debugging
        const rawCompact = rawTail.map((msg, i) =>
          this.summarizeRenderMessageCompact(msg, rawMessages.length - rawTail.length + i)
        );
        const processedCompact = processedTail.map((msg, i) =>
          this.summarizeRenderMessageCompact(msg, processedMessages.length - processedTail.length + i)
        );
    
        const summaryContext: Record<string, unknown> = {
          source,
          sessionId,
          stats: `${rawMessages.length} raw → ${processedMessages.length} processed (${rawMessages.length - processedMessages.length} dropped)`,
          missing: missingProcessedIds.length > 0 ? missingProcessedIds.map(id => id.slice(-8)).join(', ') : 'none',
          rawTail: rawCompact,
          processedTail: processedCompact,
        };
    
        // Disabled render-parity.ndjson file writing to prevent tool call creation
        // this.appendRenderParityDebugLog("history", {
        //   ...summaryContext,
        //   rawTailVerbose: rawSummary,
        //   processedTailVerbose: processedSummary,
        // });
    
        this.logger.info("History render parity", summaryContext);
    
        if (this.shouldVerboseStreamDebug()) {
          this.logger.debug("History raw tail (verbose)", {
            source,
            sessionId,
            items: rawSummary,
          });
          this.logger.debug("History processed tail (verbose)", {
            source,
            sessionId,
            items: processedSummary,
          });
        }
      }
    
      /**
       * Log prompt response diagnostics
       */
      logPromptResponseDiagnostics(
        sessionId: string,
        responseData: any,
      ): void {
        if (!this.shouldVerboseStreamDebug()) {
          return;
        }
    
        if (!responseData || typeof responseData !== "object") {
          return;
        }
    
        const info = this.asRecord(responseData.info);
        const messageId = this.firstNonEmptyString(info?.id, responseData.id);
        const parts = Array.isArray(responseData.parts) ? responseData.parts : [];
    
        this.logger.debug("Final response diagnostics", {
          sessionId,
          messageId,
          partCount: parts.length,
          partTypes: parts.map((part: any) =>
            typeof part?.type === "string" ? part.type : "unknown",
          ),
          role: this.firstNonEmptyString(info?.role, responseData.role),
          modelID: this.firstNonEmptyString(info?.modelID, responseData.modelID),
          providerID: this.firstNonEmptyString(
            info?.providerID,
            responseData.providerID,
          ),
        });
    
        parts.forEach((part: any, index: number) => {
          const partRec = this.asRecord(part) || {};
          const preview = this.firstNonEmptyString(
            partRec.delta,
            partRec.text,
            partRec.content,
            partRec.reasoning,
            partRec.message,
          );
          this.logger.debug("Final response part", {
            sessionId,
            messageId,
            index,
            type: this.firstNonEmptyString(partRec.type) || "unknown",
            preview:
              typeof preview === "string" ? preview.slice(0, 220) : undefined,
          });
        });
      }
    
      /**
       * Sanitize debug payload for logging
       */
      sanitizeDebugPayload(value: unknown): unknown {
        const maxDepth = 6;
        const maxArrayItems = 30;
        const maxObjectKeys = 80;
        const maxStringLength = 4000;
        const seen = new WeakSet<object>();
    
        const walk = (input: unknown, depth: number): unknown => {
          if (input === null || typeof input === "boolean" || typeof input === "number") {
            return input;
          }
          if (typeof input === "string") {
            if (input.startsWith("data:")) {
              return `<data-url omitted; length=${input.length}>`;
            }
            if (input.length > maxStringLength) {
              const truncatedBy = input.length - maxStringLength;
              return `${input.slice(0, maxStringLength)} ...<truncated ${truncatedBy} chars>`;
            }
            return input;
          }
          if (typeof input === "bigint") {
            return input.toString();
          }
          if (typeof input === "undefined") {
            return undefined;
          }
          if (typeof input === "function") {
            return "<function>";
          }
          if (typeof input !== "object") {
            return String(input);
          }
    
          if (seen.has(input as object)) {
            return "<circular>";
          }
          seen.add(input as object);
    
          if (depth >= maxDepth) {
            return "<max-depth>";
          }
    
          if (Array.isArray(input)) {
            const items = input
              .slice(0, maxArrayItems)
              .map((item) => walk(item, depth + 1));
            if (input.length > maxArrayItems) {
              items.push(
                `<truncated array; omitted ${input.length - maxArrayItems} item(s)>`,
              );
            }
            return items;
          }
    
          const rec = this.asRecord(input) || {};
          const entries = Object.entries(rec).slice(0, maxObjectKeys);
          const out: Record<string, unknown> = {};
          entries.forEach(([key, val]) => {
            const next = walk(val, depth + 1);
            if (typeof next !== "undefined") {
              out[key] = next;
            }
          });
          if (Object.keys(rec).length > maxObjectKeys) {
            out.__truncatedKeys = `<omitted ${Object.keys(rec).length - maxObjectKeys} key(s)>`;
          }
          return out;
        };
    
        return walk(value, 0);
      }
    
      /**
       * Build raw response debug text
       */
      buildRawResponseDebugText(value: unknown): string {
        const maxChars = 30000;
        let text: string;
        try {
          text = JSON.stringify(this.sanitizeDebugPayload(value), null, 2);
        } catch {
          try {
            text = String(value);
          } catch {
            text = "<unserializable response payload>";
          }
        }
        if (!text) {
          return "";
        }
        if (text.length <= maxChars) {
          return text;
        }
        return `${text.slice(0, maxChars)}\n...<truncated ${text.length - maxChars} chars>`;
      }
    
      /**
       * Get the debug file path
       */
      getDebugFilePath(): string | undefined {
        const workspaceFolder = vscode.workspace.workspaceFolders?.[0];
        if (!workspaceFolder || workspaceFolder.uri.scheme !== "file") {
          return undefined;
        }
        return path.join(
          workspaceFolder.uri.fsPath,
          ".opencode-debug",
          "last-ai-exchange.json",
        );
      }
    
      /**
       * Get the render parity debug file path
       */
      getRenderParityDebugFilePath(): string {
        if (this.renderParityDebugFilePath) {
          return this.renderParityDebugFilePath;
        }
    
        const workspaceFolder = vscode.workspace.workspaceFolders?.[0];
        if (workspaceFolder?.uri.scheme === "file") {
          this.renderParityDebugFilePath = path.join(
            workspaceFolder.uri.fsPath,
            ".opencode-debug",
            "render-parity.ndjson",
          );
          return this.renderParityDebugFilePath;
        }
    
        this.renderParityDebugFilePath = path.join(
          os.tmpdir(),
          "opencode-debug",
          "render-parity.ndjson",
        );
        return this.renderParityDebugFilePath;
      }
    
      /**
       * Append render parity debug log
       */
      appendRenderParityDebugLog(
        channel: "stream" | "history",
        payload: Record<string, unknown>,
      ): void {
        const filePath = this.getRenderParityDebugFilePath();
        const entry = {
          timestamp: new Date().toISOString(),
          channel,
          ...payload,
        };
        const line = `${JSON.stringify(this.sanitizeDebugPayload(entry))}\n`;
    
        this.renderParityLogWriteChain = this.renderParityLogWriteChain
          .catch(() => undefined)
          .then(async () => {
            try {
              await vscode.workspace.fs.createDirectory(
                vscode.Uri.file(path.dirname(filePath)),
              );
              await fs.appendFile(filePath, line, "utf8");
              if (!this.didLogRenderParityFilePath) {
                this.didLogRenderParityFilePath = true;
                this.logger.info("Render parity debug file active", { filePath });
              }
            } catch (error) {
              if (this.shouldVerboseStreamDebug()) {
                this.logger.warn("Failed to append render parity debug log", {
                  filePath,
                  error: error instanceof Error ? error.message : String(error),
                });
              }
            }
          });
      }
    
      /**
       * Persist AI debug snapshot
       */
      async persistAiDebugSnapshot(
        snapshot: Record<string, unknown>,
      ): Promise<void> {
        try {
          const filePath = this.getDebugFilePath();
          if (!filePath) return;
    
          const dirPath = path.dirname(filePath);
          await vscode.workspace.fs.createDirectory(vscode.Uri.file(dirPath));
          await vscode.workspace.fs.writeFile(
            vscode.Uri.file(filePath),
            new TextEncoder().encode(`${JSON.stringify(snapshot, null, 2)}\n`),
          );
          this.logger.info("AI debug snapshot written", { filePath });
        } catch (error) {
          this.logger.warn("Failed to persist AI debug snapshot", {
            error: error instanceof Error ? error.message : String(error),
          });
        }
      }
    
      /**
       * Log prompt request payload
       */
      async logPromptRequestPayload(
        sessionId: string,
        promptBody: any,
        useStructuredOutput: boolean,
      ): Promise<void> {
        const requestRecord: Record<string, unknown> = {
          timestamp: new Date().toISOString(),
          sessionId,
          useStructuredOutput,
          prompt: this.sanitizeDebugPayload(promptBody),
        };
        this.promptDebugBySession.set(sessionId, requestRecord);
    
        this.logger.info("AI DEBUG request payload", {
          sessionId,
          useStructuredOutput,
          prompt: requestRecord.prompt,
        });
        this.logger.debug("AI DEBUG request payload", {
          sessionId,
          useStructuredOutput,
        });
        await this.persistAiDebugSnapshot({
          phase: "request",
          ...requestRecord,
        });
      }
    
      /**
       * Log prompt response payload
       */
      async logPromptResponsePayload(
        sessionId: string,
        response: any,
        durationSeconds: number,
        useStructuredOutput: boolean,
      ): Promise<void> {
        const requestRecord = this.promptDebugBySession.get(sessionId);
        const responseRecord: Record<string, unknown> = {
          timestamp: new Date().toISOString(),
          sessionId,
          useStructuredOutput,
          durationSeconds,
          status: response?.response?.status,
          hasData: Boolean(response?.data),
          hasError: Boolean(response?.error),
          error: this.sanitizeDebugPayload(response?.error),
          data: this.sanitizeDebugPayload(response?.data),
        };
    
        const combined: Record<string, unknown> = {
          phase: "response",
          request: requestRecord,
          response: responseRecord,
        };
        this.logger.info("AI DEBUG response payload", {
          sessionId,
          useStructuredOutput,
          status: responseRecord.status,
          hasData: responseRecord.hasData,
          hasError: responseRecord.hasError,
        });
        this.logger.debug("AI DEBUG response payload", {
          sessionId,
          useStructuredOutput,
          status: responseRecord.status,
          hasData: responseRecord.hasData,
          hasError: responseRecord.hasError,
        });
        await this.persistAiDebugSnapshot(combined);
        this.promptDebugBySession.delete(sessionId);
      }
    
      /**
       * Check if verbose stream debug is enabled
       */
      private shouldVerboseStreamDebug(): boolean {
        const level = vscode.workspace
          .getConfiguration("opencode.logging")
          .get<string>("level", "info");
        return typeof level === "string" && level.toLowerCase() === "debug";
      }
    }
    
    
    /* FILE: E:\Projects\vscode-opencode\src\providers\chat\StructuredOutputProcessor.ts */
    
    /**
     * StructuredOutputProcessor Module
     *
     * Handles all structured output parsing, normalization, validation,
     * and message enrichment.
     *
     * Extracted from ChatViewProvider.ts (~900 lines across multiple sections)
     */
    
    import type {
      StructuredAssistantOutput,
    } from "./types";
    import {
      structuredOutputSchema,
    } from "../../shared/structuredOutputSchema";
    import {
      sanitizeStructuredOutput,
      validateStructuredOutput,
    } from "../../shared/structuredOutputValidator";
    import { STRUCTURED_RESPONSE_TYPES } from "./types";
    import type { PlanManager } from "./PlanManager";
    import { PlanParser } from "../../services/PlanParser";
    
    export class StructuredOutputProcessor {
      private structuredOutputMode: "format" | "outputFormat" | "disabled" = "format";
      private readonly structuredValidationFailureCounters = new Map<string, number>();
      private readonly structuredOutputIncompatibleModelKeys = new Set<string>();
    
      constructor(
        private logger: ReturnType<typeof import("../../utils/Logger").createLogger>,
        private asRecord: (value: unknown) => Record<string, unknown> | undefined,
        private firstNonEmptyString: (...values: unknown[]) => string | undefined,
        private planManager: PlanManager,
      ) { }
    
      private persistPlan(
        content: string,
        preferredPath?: string,
      ): Promise<string | undefined> {
        return this.planManager.persistPlan(content, preferredPath);
      }
    
      /**
       * Get the structured output format for API requests
       */
      getStructuredOutputFormat(): Record<string, unknown> {
        const topLevel = structuredOutputSchema as unknown as Record<string, unknown>;
        const schemaRecord = this.asRecord(topLevel.schema);
        const properties = this.asRecord(schemaRecord?.properties) ?? {};
        const required = Array.isArray(schemaRecord?.required)
          ? (schemaRecord?.required as string[]).filter(
            (item) => typeof item === "string" && item.trim().length > 0,
          )
          : ["responseType"];
        const allOf = Array.isArray(schemaRecord?.allOf)
          ? schemaRecord.allOf
          : undefined;
    
        // Send a docs-style minimal JSON schema to maximize compatibility across providers.
        return {
          type: "json_schema",
          retryCount:
            typeof topLevel.retryCount === "number" ? topLevel.retryCount : 1,
          schema: {
            type: "object",
            properties,
            required,
            ...(allOf ? { allOf } : {}),
          },
        };
      }
    
      /**
       * Check if structured output should be used for the given model
       */
      shouldUseStructuredOutput(modelKey: string): boolean {
        if (this.structuredOutputMode === "disabled") {
          return false;
        }
        if (this.structuredOutputIncompatibleModelKeys.has(modelKey)) {
          return false;
        }
        return true;
      }
    
      /**
       * Get the structured output model key
       */
      getStructuredOutputModelKey(modelKey: string): string {
        if (this.structuredOutputMode === "outputFormat") {
          return modelKey;
        }
        return modelKey;
      }
    
      /**
       * Get the selected structured output model key
       */
      getSelectedStructuredOutputModelKey(): string | undefined {
        return undefined;
      }
    
      /**
       * Check if text is likely a tool call transcript
       */
      isLikelyToolCallTranscript(text: string): boolean {
        if (!text || typeof text !== "string") return false;
        const lower = text.toLowerCase().trim();
        if (lower.length < 50) return false;
    
        const toolCallIndicators = [
          "tool call",
          "tool_calls",
          "function call",
          "function_calls",
          "tooluse",
          "tool use",
          "tool result",
          "tool_output",
          "tool output",
        ];
    
        const hasToolCallPrefix = toolCallIndicators.some((indicator) =>
          lower.startsWith(indicator)
        );
    
        if (hasToolCallPrefix) return true;
    
        const hasJsonStructure =
          lower.includes("{") &&
          (lower.includes('"tool"') || lower.includes('"function"')) &&
          lower.includes('"name"');
    
        return hasJsonStructure;
      }
    
      /**
       * Normalize error candidate
       */
      normalizeErrorCandidate(value: unknown): string | undefined {
        if (typeof value === "string") {
          return value.trim();
        }
        const rec = this.asRecord(value);
        if (!rec) return undefined;
        return this.firstNonEmptyString(rec.message, rec.error, rec.detail);
      }
    
      /**
       * Check if message is a generic error message
       */
      isGenericErrorMessage(message: string): boolean {
        const genericPatterns = [
          "an error occurred",
          "something went wrong",
          "there was an error",
          "an error has occurred",
          "error processing your request",
          "unable to process",
          "failed to process",
        ];
        const lower = message.toLowerCase().trim();
        return genericPatterns.some((pattern) => lower.includes(pattern));
      }
    
      /**
       * Check if message is a structured output transport error
       */
      isStructuredOutputTransportError(message: string): boolean {
        const transportErrorPatterns = [
          "failed to parse structured output",
          "invalid structured output",
          "malformed structured output",
          "structured output validation failed",
          "unable to parse structured output",
        ];
        const lower = message.toLowerCase().trim();
        return transportErrorPatterns.some((pattern) => lower.includes(pattern));
      }
    
      /**
       * Check if message is a structured output failure message
       */
      isStructuredOutputFailureMessage(message: string): boolean {
        const failurePatterns = [
          "structured output failed",
          "failed to generate structured output",
          "could not produce structured output",
          "structured output error",
        ];
        const lower = message.toLowerCase().trim();
        return failurePatterns.some((pattern) => lower.includes(pattern));
      }
    
      /**
       * Check if message is likely an interactive await timeout error
       */
      isLikelyInteractiveAwaitTimeoutError(message: string): boolean {
        const timeoutPatterns = [
          "timeout",
          "timed out",
          "expired",
          "took too long",
          "exceeded time limit",
        ];
        const lower = message.toLowerCase().trim();
        return timeoutPatterns.some((pattern) => lower.includes(pattern));
      }
    
      /**
       * Check if stream payload has blocking interactive event
       */
      hasBlockingInteractiveInStreamPayload(event: unknown): boolean {
        const rec = this.asRecord(event);
        if (!rec) return false;
    
        const structured = this.asRecord(rec.structured);
        const structuredOutput = this.asRecord(rec.structuredOutput);
    
        const interactiveEvents =
          (Array.isArray(structured?.interactiveEvents)
            ? structured.interactiveEvents
            : undefined) ||
          (Array.isArray(structuredOutput?.interactiveEvents)
            ? structuredOutput.interactiveEvents
            : undefined);
    
        if (!interactiveEvents || interactiveEvents.length === 0) {
          return false;
        }
    
        const firstEvent = interactiveEvents[0];
        if (!firstEvent || typeof firstEvent !== "object") {
          return false;
        }
    
        const eventType = this.firstNonEmptyString(
          firstEvent.type,
          (firstEvent as Record<string, unknown>).question,
          (firstEvent as Record<string, unknown>).confirm,
        );
    
        return Boolean(eventType);
      }
    
      /**
       * Collect error message candidates from error object
       */
      collectErrorMessageCandidates(error: unknown): string[] {
        const candidates: string[] = [];
    
        if (!error) return candidates;
    
        const rec = this.asRecord(error);
        if (!rec) {
          if (typeof error === "string") {
            candidates.push(error);
          }
          return candidates;
        }
    
        const message = this.firstNonEmptyString(rec.message, rec.error);
        if (message) candidates.push(message);
    
        const details = rec.details;
        if (Array.isArray(details)) {
          for (const detail of details) {
            const msg = this.normalizeErrorCandidate(detail);
            if (msg) candidates.push(msg);
          }
        } else if (details) {
          const msg = this.normalizeErrorCandidate(details);
          if (msg) candidates.push(msg);
        }
    
        const response = this.asRecord(rec.response);
        if (response) {
          const responseMessage = this.firstNonEmptyString(
            response.message,
            response.error,
          );
          if (responseMessage) candidates.push(responseMessage);
        }
    
        return candidates;
      }
    
      /**
       * Extract error message from error object
       */
      extractErrorMessage(error: unknown, fallback: string): string {
        const candidates = this.collectErrorMessageCandidates(error);
        if (candidates.length === 0) return fallback;
        return candidates[0] || fallback;
      }
    
      /**
       * Collect normalized error messages
       */
      collectNormalizedErrorMessages(error: unknown): string[] {
        const candidates = this.collectErrorMessageCandidates(error);
        return candidates.filter((msg) => !this.isGenericErrorMessage(msg));
      }
    
      /**
       * Extract detailed error message
       */
      private extractDetailedErrorMessage(error: unknown, fallback: string): string {
        const normalized = this.collectNormalizedErrorMessages(error);
        if (normalized.length > 0) {
          const detailLines = normalized.map((detail) => `- ${detail}`);
          return `${fallback}\n\nDetails:\n${detailLines.join("\n")}`;
        }
        return this.extractErrorMessage(error, fallback);
      }
    
      /**
       * Check if part is a reasoning part
       */
      isReasoningPartLike(part: unknown): boolean {
        const rec = this.asRecord(part);
        if (!rec) return false;
        const type = this.firstNonEmptyString(rec.type);
        return Boolean(
          type &&
          (type.toLowerCase().includes("reasoning") ||
            type.toLowerCase().includes("thinking") ||
            typeof rec.reasoning !== "undefined" ||
            typeof rec.thought !== "undefined" ||
            typeof rec.thinking !== "undefined"),
        );
      }
    
      /**
       * Check if part is renderable text
       */
      isRenderableTextPart(part: unknown): boolean {
        const rec = this.asRecord(part);
        if (!rec) return false;
        const type = this.firstNonEmptyString(rec.type);
        if (!type) return true;
        return !this.isReasoningPartLike(part);
      }
    
      /**
       * Check if value is an interactive response type
       */
      isInteractiveResponseType(value: unknown): boolean {
        const str = String(value).toLowerCase().trim();
        return str === "question" || str === "interactive" || str === "confirm";
      }
    
      /**
       * Format question prompt for assistant
       */
      formatQuestionPromptForAssistant(question: string, options?: any[]): string {
        let prompt = `USER QUESTION: ${question}`;
    
        if (options && options.length > 0) {
          const optionsText = options
            .map((opt) => {
              const label = typeof opt === "string" ? opt : opt.label || opt.value || "";
              return `- ${label}`;
            })
            .join("\n");
          prompt += `\n\nOPTIONS:\n${optionsText}`;
        }
    
        return prompt;
      }
    
      /**
       * Derive question prompt from interactive payload
       */
      deriveQuestionPromptFromInteractivePayload(payload: {
        question: string;
        options?: any[];
      }): string {
        const { question, options } = payload;
        return this.formatQuestionPromptForAssistant(question, options);
      }
    
      /**
       * Check if body text is low value interactive text
       */
      isLowValueInteractiveBodyText(value: string): boolean {
        if (!value || typeof value !== "string") return false;
        const lower = value.toLowerCase().trim();
        const lowValuePhrases = [
          "please answer the question",
          "please select an option",
          "please choose",
          "please respond",
          "waiting for your response",
          "awaiting your input",
        ];
        return lowValuePhrases.some((phrase) => lower.includes(phrase));
      }
    
      /**
       * Check if content is a clarification questionnaire
       */
      isClarificationQuestionnaire(content: unknown): boolean {
        if (!content) return false;
        const rec = this.asRecord(content);
        if (!rec) return false;
    
        const interactiveEvents =
          (Array.isArray(rec.interactiveEvents) ? rec.interactiveEvents : undefined) ||
          (Array.isArray(rec.question) ? [{ type: "question", question: rec.question }] : undefined);
    
        if (!interactiveEvents || interactiveEvents.length === 0) {
          return false;
        }
    
        const hasQuestion = interactiveEvents.some(
          (event: any) => event.type === "question" || event.type === "confirm"
        );
    
        return hasQuestion;
      }
    
      /**
       * Extract message ID from message
       */
      extractMessageId(message: any): string | undefined {
        if (!message) return undefined;
        return this.firstNonEmptyString(
          message.id,
          message.messageId,
          message.message_id,
        );
      }
    
      /**
       * Check if message has structured subagent signal
       */
      hasStructuredSubagentSignal(messageRaw: unknown): boolean {
        const rec = this.asRecord(messageRaw);
        if (!rec) return false;
    
        const subagents = rec.subagents;
        if (Array.isArray(subagents) && subagents.length > 0) {
          return true;
        }
    
        const structured = this.asRecord(rec.structured);
        const structuredSubagents = structured?.subagents;
        if (Array.isArray(structuredSubagents) && structuredSubagents.length > 0) {
          return true;
        }
    
        return false;
      }
    
      /**
       * Normalize subagent status
       */
      normalizeSubagentStatus(status: unknown): string {
        if (!status) return "unknown";
        const str = String(status).toLowerCase().trim();
        const statusMap: Record<string, string> = {
          running: "running",
          active: "running",
          in_progress: "running",
          completed: "completed",
          done: "completed",
          finished: "completed",
          failed: "failed",
          error: "failed",
          cancelled: "cancelled",
          canceled: "cancelled",
          pending: "pending",
          queued: "pending",
        };
        return statusMap[str] || "unknown";
      }
    
      /**
       * Merge subagent entries
       */
      mergeSubagentEntries(
        existing: any[],
        updates: any[],
      ): any[] {
        const merged = [...existing];
        const existingById = new Map(
          existing
            .filter((subagent) => subagent?.id)
            .map((subagent) => [subagent.id, subagent])
        );
    
        for (const update of updates) {
          if (!update?.id) continue;
          const existingSubagent = existingById.get(update.id);
          if (existingSubagent) {
            const index = merged.indexOf(existingSubagent);
            if (index !== -1) {
              merged[index] = { ...existingSubagent, ...update };
            }
          } else {
            merged.push(update);
          }
        }
    
        return merged;
      }
    
      /**
       * Hydrate subagents from payload
       */
      hydrateSubagentsFromPayload(payload: {
        subagents?: any[];
        subagentsDelta?: any;
      }): any[] | undefined {
        const { subagents, subagentsDelta } = payload;
    
        if (!subagents && !subagentsDelta) {
          return undefined;
        }
    
        if (subagents && Array.isArray(subagents)) {
          return subagents;
        }
    
        if (subagentsDelta?.items && Array.isArray(subagentsDelta.items)) {
          return subagentsDelta.items;
        }
    
        return undefined;
      }
    
      /**
       * Resolve subagent payload session ID
       */
      resolveSubagentPayloadSessionId(payload: {
        sessionId?: string;
        childSessionId?: string;
      }): string | undefined {
        return this.firstNonEmptyString(
          payload.sessionId,
          payload.childSessionId,
        );
      }
    
      /**
       * Find latest subagent parent message ID for session
       */
      findLatestSubagentParentMessageIdForSession(
        sessionId: string,
        messages: any[],
      ): string | undefined {
        for (let i = messages.length - 1; i >= 0; i--) {
          const message = messages[i];
          if (!message) continue;
    
          const subagents = message.subagents;
          if (Array.isArray(subagents)) {
            for (const subagent of subagents) {
              if (subagent?.childSessionId === sessionId) {
                return this.extractMessageId(message);
              }
            }
          }
        }
        return undefined;
      }
    
      /**
       * Record structured validation failure
       */
      private recordStructuredValidationFailure(
        canonicalRec: Record<string, unknown>,
        errors: string[],
        diagnostics?: {
          source?: string;
          providerID?: string;
          modelID?: string;
        },
      ): void {
        const responseType = this.firstNonEmptyString(canonicalRec.responseType);
        if (!responseType) return;
    
        const providerID = diagnostics?.providerID || "unknown";
        const modelID = diagnostics?.modelID || "unknown";
        const key = `${responseType}|${providerID}/${modelID}`;
        const current = this.structuredValidationFailureCounters.get(key) || 0;
        this.structuredValidationFailureCounters.set(key, current + 1);
    
        if (current >= 3) {
          if (diagnostics?.modelID) {
            this.structuredOutputIncompatibleModelKeys.add(diagnostics.modelID);
          }
        }
    
        this.logger.warn("Structured output validation failure aggregate", {
          responseType,
          errors,
          source: diagnostics?.source,
          providerID: diagnostics?.providerID,
          modelID: diagnostics?.modelID,
          failureCount: current + 1,
        });
      }
    
      /**
       * Normalize structured output from raw response
       */
      normalizeStructuredOutput(
        raw: unknown,
        diagnostics?: {
          source?: string;
          providerID?: string;
          modelID?: string;
        },
      ): StructuredAssistantOutput | undefined {
        let value: unknown = raw;
        if (typeof value === "string") {
          try {
            value = JSON.parse(value);
          } catch {
            return undefined;
          }
        }
    
        const rec = this.asRecord(value);
        if (!rec) {
          return undefined;
        }
    
        const sanitizedRec = sanitizeStructuredOutput(rec);
    
        // Don't sanitize rec.plan separately - sanitizeStructuredOutput() is for
        // top-level structured output fields only. The plan object is already validated
        // by the schema and sanitizing it as a top-level object would strip its properties
        // (file, title, content, etc.) because those aren't valid top-level field names.
        this.logger.debug('Before plan preservation', {
          hasRecPlan: 'plan' in rec,
          recPlanType: typeof rec.plan,
          recPlanValue: rec.plan,
          hasSanitizedPlan: 'plan' in sanitizedRec,
          sanitizedPlanValue: sanitizedRec.plan
        });
    
        if (rec.plan && typeof rec.plan === 'object') {
          sanitizedRec.plan = rec.plan;
          const planRecord = rec.plan as Record<string, unknown>;
          this.logger.debug('Plan preserved', {
            planKeys: Object.keys(planRecord),
            hasFile: 'file' in planRecord,
            fileValue: planRecord.file
          });
        } else {
          this.logger.debug('Plan NOT preserved - condition failed', {
            hasRecPlan: 'plan' in rec,
            recPlanType: typeof rec.plan,
            recPlan: rec.plan
          });
        }
    
        const messageCandidate =
          this.firstNonEmptyString(sanitizedRec.message) ||
          (typeof rec.message === "string" ? rec.message : undefined);
    
        let responseTypeRaw =
          this.firstNonEmptyString(
            sanitizedRec.responseType,
            rec.type,
            rec.kind,
            rec.category,
          ) ||
          (messageCandidate ? "message" : undefined);
    
        if (responseTypeRaw?.toLowerCase() === "conversation") {
          responseTypeRaw = "message";
        }
        if (responseTypeRaw?.toLowerCase() === "interactive") {
          responseTypeRaw = "question";
        }
    
        if (
          responseTypeRaw &&
          !STRUCTURED_RESPONSE_TYPES.has(responseTypeRaw.toLowerCase())
        ) {
          responseTypeRaw = messageCandidate ? "message" : undefined;
        }
    
        if (!responseTypeRaw) {
          return undefined;
        }
    
        let canonicalRec: Record<string, unknown> = {
          ...sanitizedRec,
          responseType: responseTypeRaw,
        };
        if (
          messageCandidate &&
          !this.firstNonEmptyString(canonicalRec.message)
        ) {
          canonicalRec.message = messageCandidate;
        }
    
        let validation = validateStructuredOutput(canonicalRec);
        if (!validation.valid && messageCandidate) {
          canonicalRec = {
            responseType: "message",
            message: messageCandidate,
          };
          validation = validateStructuredOutput(canonicalRec);
        }
        if (!validation.valid) {
          this.logger.warn("Structured output validation failed", {
            errors: validation.errors,
            source: diagnostics?.source,
            providerID: diagnostics?.providerID,
            modelID: diagnostics?.modelID,
          });
          this.recordStructuredValidationFailure(
            canonicalRec,
            validation.errors,
            diagnostics,
          );
          return undefined;
        }
    
        const sanitizedCanonicalRec = sanitizeStructuredOutput(canonicalRec);
        const subagentsRaw =
          sanitizedCanonicalRec.subagents ?? (rec.spawnedSubagents as unknown);
        if (Array.isArray(subagentsRaw)) {
          sanitizedCanonicalRec.subagents = subagentsRaw;
        }
        const subagentsDeltaRaw =
          sanitizedCanonicalRec.subagentsDelta ?? (rec.subagents_delta as unknown);
        if (subagentsDeltaRaw && typeof subagentsDeltaRaw === "object") {
          sanitizedCanonicalRec.subagentsDelta = subagentsDeltaRaw;
        }
        const responseType = this.firstNonEmptyString(
          sanitizedCanonicalRec.responseType,
        );
        if (!responseType) {
          return undefined;
        }
    
        return sanitizedCanonicalRec as StructuredAssistantOutput;
      }
    
      /**
       * Create fallback message from structured output
       */
      createFallbackMessage(
        structured: StructuredAssistantOutput,
      ): string | undefined {
        if (!structured.responseType) return undefined;
    
        const { responseType, progressUpdates, interactiveEvents, plan } =
          structured;
    
        switch (responseType) {
          case "implementation_plan":
            return this.firstNonEmptyString(
              plan?.intro,
              plan?.summary,
              plan?.title,
            );
          case "progress_update":
            if (progressUpdates && progressUpdates.length > 0) {
              const titles = progressUpdates.map((p) => p.title).join(", ");
              return `Progress: ${titles}`;
            }
            return "📊 Working on tasks...";
          case "question": {
            const questionRecord = this.asRecord(structured.question);
            const displayPrompt = this.firstNonEmptyString(
              questionRecord?.displayPrompt,
            );
            if (displayPrompt) {
              return displayPrompt;
            }
            const questionPrompt = this.firstNonEmptyString(
              questionRecord?.question,
              questionRecord?.message,
              questionRecord?.content,
            );
            if (questionPrompt) {
              return questionPrompt;
            }
            if (interactiveEvents && interactiveEvents.length > 0) {
              const firstEvent = interactiveEvents[0];
              const firstEventRecord = this.asRecord(firstEvent);
              const eventDisplayPrompt = this.firstNonEmptyString(
                firstEventRecord?.displayPrompt,
              );
              if (eventDisplayPrompt) {
                return eventDisplayPrompt;
              }
              if (firstEvent.type === "question" && firstEvent.question) {
                return firstEvent.question;
              } else if (firstEvent.type === "confirm" && firstEvent.question) {
                return firstEvent.question;
              } else if (firstEvent.type === "message" && firstEvent.message) {
                return firstEvent.message;
              }
            }
            return "❓ Question for you";
          }
          case "subagents":
            return "🤖 Spawned subagents...";
          case "error":
            return "⚠️ An error occurred";
          case "message":
          default:
            return undefined;
        }
      }
    
      /**
       * Extract message body text
       */
      extractMessageBodyText(message: any): string {
        if (!message) return "";
    
        let rawText = "";
        if (typeof message.content === "string" && message.content.trim()) {
          rawText = message.content.trim();
        } else if (typeof message.text === "string" && message.text.trim()) {
          rawText = message.text.trim();
        } else if (Array.isArray(message.parts)) {
          rawText = message.parts
            .map((part: any) => {
              if (!part || typeof part !== "object") return "";
              if (
                part.type === "reasoning" ||
                part.type === "thinking" ||
                part.type === "thought" ||
                typeof part.reasoning !== "undefined" ||
                typeof part.thought !== "undefined" ||
                typeof part.thinking !== "undefined"
              ) {
                return "";
              }
              return (part.text || part.content || "").toString();
            })
            .join("")
            .trim();
        }
    
        if (this.isLikelyToolCallTranscript(rawText)) {
          return "";
        }
        return rawText;
      }
    
      /**
       * Extract structured output from message
       */
      extractStructuredOutput(message: any): StructuredAssistantOutput | undefined {
        if (!message) return undefined;
    
        const candidates = [
          message.structuredOutput,
          message.structured_output,
          message.info?.structuredOutput,
          message.info?.structured_output,
          message.info?.structured,
        ];
    
        for (const candidate of candidates) {
          if (candidate) {
            const normalized = this.normalizeStructuredOutput(candidate);
            if (normalized) {
              return normalized;
            }
          }
        }
    
        return undefined;
      }
    
      /**
       * Apply structured output to message
       */
      applyStructuredOutputToMessage(
        message: any,
        structured: StructuredAssistantOutput,
      ): any {
        if (!message || !structured) return message;
    
        const updated = { ...message };
    
        if (structured.message && !updated.message) {
          updated.message = structured.message;
        }
    
        if (structured.subagents && structured.subagents.length > 0) {
          updated.subagents = this.mergeSubagentEntries(
            updated.subagents || [],
            structured.subagents,
          );
        }
    
        if (structured.progressUpdates && structured.progressUpdates.length > 0) {
          updated.progressUpdates = [
            ...(updated.progressUpdates || []),
            ...structured.progressUpdates,
          ];
        }
    
        if (structured.interactiveEvents && structured.interactiveEvents.length > 0) {
          updated.interactiveEvents = [
            ...(updated.interactiveEvents || []),
            ...structured.interactiveEvents,
          ];
        }
    
        if (structured.plan && !updated.plan) {
          updated.plan = structured.plan;
        }
    
        if (structured.question && !updated.question) {
          updated.question = structured.question;
        }
    
        if (structured.reasoning && structured.reasoning.length > 0) {
          updated.reasoning = [...(updated.reasoning || []), ...structured.reasoning];
        }
    
        updated.structuredOutput = structured;
        updated.hasStructuredOutput = true;
    
        return updated;
      }
    
      /**
       * Enrich stream event with structured output
       */
      enrichStreamEvent(event: any): any {
        if (!event) return event;
    
        const enriched = { ...event };
        const properties = enriched.properties || {};
        const part = properties.part || {};
    
        const structuredCandidate =
          part.structured ||
          part.structured_output ||
          properties.structured ||
          properties.structured_output;
    
        if (structuredCandidate) {
          const normalized = this.normalizeStructuredOutput(structuredCandidate);
          if (normalized) {
            enriched.structured = normalized;
            enriched.structuredOutput = normalized;
            enriched.hasStructuredOutput = true;
          }
        }
    
        return enriched;
      }
    
      /**
       * Enrich message with plan information
       */
      enrichMessageWithPlan(message: any): any {
        if (!message) return message;
    
        const role = message?.info?.role || message?.role;
        if (typeof role === "string" && role.toLowerCase() !== "assistant") {
          return message;
        }
    
        const structured = this.extractStructuredOutput(message);
    
        const structuredResponseType = this.firstNonEmptyString(
          structured?.responseType,
          message?.structuredOutput?.responseType,
        );
        const hasInteractiveEvents =
          (Array.isArray(structured?.interactiveEvents) &&
            structured.interactiveEvents.length > 0) ||
          (Array.isArray(message?.interactiveEvents) &&
            message.interactiveEvents.length > 0);
        const isInteractiveClarificationResponse =
          this.isInteractiveResponseType(structuredResponseType) &&
          hasInteractiveEvents;
    
        if (isInteractiveClarificationResponse) {
          if (message.plan) {
            this.logger.debug("Plan suppressed", {
              source: "enrichMessageWithPlan",
              reason: "interactive-wins",
              responseType: structuredResponseType || "unknown",
              hasInteractiveEvents: !!hasInteractiveEvents,
              isClarification: false,
            });
            const nextMessage = { ...message };
            delete nextMessage.plan;
            return nextMessage;
          }
          return message;
        }
    
        if (structured) {
          const structuredPlanRecord = this.asRecord(structured.plan);
          const structuredPlanContent = this.firstNonEmptyString(
            structuredPlanRecord?.content,
          );
          const structuredPlanFiles =
            this.planManager.collectPlanFileCandidatesFromStructuredPlan(structuredPlanRecord);
          const structuredPlanFile = structuredPlanFiles[0];
    
          // DEBUG: Log what we got from the structured output
          this.logger.debug('Structured Plan Data', {
            structuredPlanRecord,
            structuredPlanFiles,
            structuredPlanFile,
            hasFile: !!structuredPlanRecord?.file,
            rawStructuredPlan: structured.plan,  // ← Add raw data
            allStructuredKeys: Object.keys(structured || {})  // ← Show all keys
          });
    
          // Resolve the plan filename: prefer what the agent declared in structured
          // output, then look for a matching filename in the message edits/patches,
          // then from markdown references. The viewer reads this to load the live
          // file from disk so the user sees the exact content the agent wrote.
          const editsForPlan: any[] = message.edits || [];
          const partsForPlan: any[] = message.parts || [];
          const fileCandidatesFromEditsAndParts: string[] = [];
          for (const edit of editsForPlan) {
            if (this.planManager.isLikelyPlanMarkdownFile(edit?.file)) {
              fileCandidatesFromEditsAndParts.push(edit.file);
            }
          }
          for (const part of partsForPlan) {
            if (part?.type !== "patch" || !Array.isArray(part.files)) {
              continue;
            }
            for (const patchFile of part.files) {
              if (this.planManager.isLikelyPlanMarkdownFile(patchFile)) {
                fileCandidatesFromEditsAndParts.push(patchFile);
              }
            }
          }
          const mergedPlanFiles = this.planManager.prioritizePlanFileCandidates([
            ...structuredPlanFiles,
            ...fileCandidatesFromEditsAndParts,
            ...this.planManager.extractMarkdownFileReferences(structuredPlanContent),
            ...this.planManager.extractMarkdownFileReferences(structuredPlanRecord?.summary),
            ...this.planManager.extractMarkdownFileReferences(structuredPlanRecord?.title),
          ]);
          const resolvedPlanFile = mergedPlanFiles[0];
    
          // DEBUG: Log the plan file extraction
          this.logger.debug('Plan File Extraction', {
            structuredPlanFile: structuredPlanFiles[0],
            mergedPlanFilesCount: mergedPlanFiles.length,
            resolvedPlanFile,
            fallbackPlanFile: resolvedPlanFile,
            hasPlanContent: !!structuredPlanContent,
            planContentLength: structuredPlanContent?.length || 0
          });
          const resolvedPlanTitle = this.planManager.resolvePlanTitle({
            plan: { title: this.firstNonEmptyString(structuredPlanRecord?.title) },
            fallback: this.firstNonEmptyString(structuredPlanRecord?.summary),
            planFile: resolvedPlanFile,
          });
          const fallbackPlanFile = resolvedPlanFile;
    
          if (
            structuredPlanContent &&
            typeof structuredPlanContent === "string" &&
            structuredPlanContent.length >= 200
          ) {
            if (this.isClarificationQuestionnaire(structuredPlanContent)) {
              return message;
            }
            if (!resolvedPlanFile) {
              this.persistPlan(
                structuredPlanContent,
                fallbackPlanFile,
              ).catch((err) => {
                this.logger.error("Failed to auto-persist structured plan", {}, err as Error);
              });
            }
    
            return {
              ...message,
              structuredOutput: structured,
              plan: {
                file: fallbackPlanFile,
                content: structuredPlanContent,
                title: resolvedPlanTitle,
                summary: this.firstNonEmptyString(structuredPlanRecord?.summary),
                files:
                  mergedPlanFiles.length > 0
                    ? mergedPlanFiles
                    : fallbackPlanFile
                      ? [fallbackPlanFile]
                      : undefined,
                fileCount:
                  mergedPlanFiles.length > 0
                    ? mergedPlanFiles.length
                    : fallbackPlanFile
                      ? 1
                      : 0,
              },
            };
          }
    
          if (
            structuredResponseType === "implementation_plan" &&
            structuredPlanFile
          ) {
            // Preserve structured file-only plans so the webview "View Plan" action
            // can open the plan tab directly from disk.
            return {
              ...message,
              structuredOutput: structured,
              plan: {
                file: fallbackPlanFile,
                title: resolvedPlanTitle,
                summary: this.firstNonEmptyString(structuredPlanRecord?.summary),
                files:
                  mergedPlanFiles.length > 0
                    ? mergedPlanFiles
                    : fallbackPlanFile
                      ? [fallbackPlanFile]
                      : undefined,
                fileCount:
                  mergedPlanFiles.length > 0
                    ? mergedPlanFiles.length
                    : fallbackPlanFile
                      ? 1
                      : 0,
              },
            };
          }
        }
    
        // Only honor implementation plans when the structured payload explicitly
        // declares responseType="implementation_plan".
        if (structuredResponseType !== "implementation_plan") {
          if (message.plan) {
            const nextMessage = { ...message };
            delete nextMessage.plan;
            return nextMessage;
          }
          return message;
        }
    
        // Check for implementation plan in edits, parts, or message content
        const edits = message.edits || [];
        const parts = message.parts || [];
        const info = message.info || {};
    
        // 1. Gather text body and fallback plan-like content in message summary,
        // parts, or plain content.
        const partsContent = parts
          .filter((p: any) => this.isRenderableTextPart(p)) // ignore reasoning parts directly
          .map((p: any) => {
            let c = p.text || p.content || "";
            if (p.files && Array.isArray(p.files)) c += " " + p.files.join(" ");
            return c;
          })
          .join(" ");
    
        // 2. Check for explicit markdown filenames in edits/parts/text.
        const extractedPlanFiles = this.planManager.prioritizePlanFileCandidates([
          ...edits
            .map((e: any) => this.firstNonEmptyString(e?.file))
            .filter(
              (file: unknown): file is string =>
                !!file && this.planManager.isLikelyPlanMarkdownFile(file),
            ),
          ...parts
            .filter((p: any) => p.type === "patch" && Array.isArray(p.files))
            .flatMap((p: any) =>
              (p.files as unknown[])
                .map((f) => this.firstNonEmptyString(f))
                .filter(
                  (file: unknown): file is string =>
                    !!file && this.planManager.isLikelyPlanMarkdownFile(file),
                ),
            ),
          ...this.planManager.extractMarkdownFileReferences(message?.content),
          ...this.planManager.extractMarkdownFileReferences(info.summary?.title),
          ...this.planManager.extractMarkdownFileReferences(info.summary?.body),
          ...this.planManager.extractMarkdownFileReferences(partsContent),
        ]);
        const hasPlanFile = extractedPlanFiles.length > 0;
    
        const fullContent =
          (info.summary?.title || "") +
          " " +
          (info.summary?.body || "") +
          " " +
          (message.content || "") +
          " " +
          partsContent;
    
        // Broadened regex to catch more variations of "Implementation Plan"
        // Also check if the title itself strongly indicates a plan
        const basicPlanKeywordMatch =
          /implementation\s*plan/i.test(fullContent) ||
          /goal\s*description/i.test(fullContent) ||
          /proposed\s*changes/i.test(fullContent) ||
          /implementation_plan\.md/i.test(fullContent) ||
          (/(plan|roadmap)/i.test(info.summary?.title || "") &&
            /(implementation|feature)/i.test(info.summary?.title || ""));
    
        // Require structural markers to avoid false positives from short mentions
        const hasStructuralMarkers =
          /##\s|###\s|- \[ \]|Files:|Steps:|Goal:/i.test(fullContent) ||
          // Long content is likely a real plan even if markers are missing
          fullContent.length > 500;
    
        const hasPlanKeywords = basicPlanKeywordMatch && hasStructuralMarkers;
        const looksLikeClarificationQuestions =
          this.isClarificationQuestionnaire(fullContent);
    
        // If the content looks like a clarification questionnaire, never promote it
        // into an implementation plan. If a plan was already attached, strip it.
        if (looksLikeClarificationQuestions) {
          if (message.plan) {
            this.logger.debug("Plan suppressed", {
              source: "enrichMessageWithPlan",
              reason: "clarification-detected",
              responseType: structuredResponseType || "unknown",
              hasInteractiveEvents: !!hasInteractiveEvents,
              isClarification: true,
            });
            const nextMessage = { ...message };
            delete nextMessage.plan;
            return nextMessage;
          }
          return message;
        }
    
        if (hasPlanFile || hasPlanKeywords) {
          // Extract and clean the plan content using the PlanParser
          let rawContent = message.content || partsContent;
    
          // If the AI structured output placed the overarching title in the summary but not the text, inject it as the H1
          const summaryTitle = info.summary?.title;
          if (summaryTitle && !rawContent.includes(summaryTitle)) {
            rawContent = `# ${summaryTitle}\n\n${rawContent}`;
          }
    
          const parsed = PlanParser.parse(rawContent);
          const cleanPlanContent = PlanParser.toMarkdown(parsed);
          const existingStructured = this.asRecord(message.structuredOutput);
          const existingStructuredPlan = this.asRecord(existingStructured?.plan);
          const resolvedPlanTitle = this.planManager.resolvePlanTitle({
            plan: {
              title: this.firstNonEmptyString(
                existingStructuredPlan?.title,
                message?.plan?.title,
              ),
            },
            fallback: parsed.goal,
            planFile: extractedPlanFiles[0],
          });
          const fallbackPlanFile = extractedPlanFiles[0];
    
          // PERSISTENCE: Automatically save the cleaned plan to disk.
          // This ensures handleViewPlan can read it even if the SDK didn't write it.
          // We only persist if it actually looks like a valid plan (has a goal or files/steps).
          if (
            cleanPlanContent.length > 100 &&
            (parsed.goal || parsed.files.length > 0 || parsed.steps.length > 0)
          ) {
            if (!extractedPlanFiles[0]) {
              this.persistPlan(
                cleanPlanContent,
                fallbackPlanFile,
              ).catch((err) => {
                this.logger.error("Failed to auto-persist cleaned plan", {}, err as Error);
              });
            }
          }
    
          const nextMessage = {
            ...message,
            plan: {
              file: fallbackPlanFile,
              content: cleanPlanContent,
              title: resolvedPlanTitle,
              intro: this.firstNonEmptyString(existingStructuredPlan?.intro, parsed.description),
              summary: parsed.description,
              files:
                extractedPlanFiles.length > 0
                  ? extractedPlanFiles
                  : fallbackPlanFile
                    ? [fallbackPlanFile]
                    : undefined,
              fileCount:
                parsed.files.length ||
                extractedPlanFiles.length ||
                (fallbackPlanFile ? 1 : 0),
            },
          };
          const nextStructured: Record<string, unknown> = existingStructured
            ? { ...existingStructured }
            : {};
          nextStructured.responseType = "implementation_plan";
          nextStructured.plan = {
            ...(existingStructuredPlan || {}),
            file:
              fallbackPlanFile ??
              this.firstNonEmptyString(existingStructuredPlan?.file),
            files:
              extractedPlanFiles.length > 0
                ? extractedPlanFiles
                : fallbackPlanFile
                  ? [fallbackPlanFile]
                  : existingStructuredPlan?.files,
            content: cleanPlanContent,
            title: resolvedPlanTitle,
            intro: this.firstNonEmptyString(existingStructuredPlan?.intro, parsed.description),
            summary:
              parsed.description ||
              this.firstNonEmptyString(existingStructuredPlan?.summary),
          };
          nextMessage.structuredOutput = nextStructured;
          if (message?.structuredOutput?.responseType !== "implementation_plan") {
            const planIntro = this.firstNonEmptyString(
              nextStructured.message,
              this.asRecord(nextStructured.plan)?.intro,
              this.asRecord(nextStructured.plan)?.summary,
            );
            if (planIntro) {
              nextStructured.message = planIntro;
              nextMessage.content = planIntro;
              const parts = Array.isArray(nextMessage.parts)
                ? [...nextMessage.parts]
                : [];
              const textIndex = parts.findIndex(
                (part: any) => this.isRenderableTextPart(part),
              );
              if (textIndex >= 0) {
                parts[textIndex] = {
                  ...parts[textIndex],
                  type: "text",
                  text: planIntro,
                };
              } else {
                parts.push({ type: "text", text: planIntro });
              }
              nextMessage.parts = parts;
            }
          }
          return nextMessage;
        }
    
        return message;
      }
    }
    
    
    /* FILE: E:\Projects\vscode-opencode\src\providers\chat\PlanManager.ts */
    
    /**
     * PlanManager Module
     *
     * Handles plan file detection, persistence, viewing, and file candidate resolution.
     *
     * Extracted from ChatViewProvider.ts (~450 lines)
     */
    
    import * as vscode from "vscode";
    import * as path from "path";
    import * as fs from "fs/promises";
    import { LoggingCategories } from "../../utils/LoggingSchema";
    
    export class PlanManager {
      constructor(
        private logger: ReturnType<typeof import("../../utils/Logger").createLogger>,
        private firstNonEmptyString: (...values: unknown[]) => string | undefined,
        private workspaceState: vscode.Memento,
      ) { }
    
      /**
       * Check if text is a plan proceed message
       */
      isPlanProceedMessageText(value: unknown): boolean {
        if (!value) return false;
        const str = String(value).toLowerCase().trim();
        return str === "/plan:proceed" || str.startsWith("/plan:proceed ");
      }
    
      /**
       * Normalize plan proceed user message
       */
      normalizePlanProceedUserMessage(message: any): any {
        if (!message) return message;
    
        const text = this.firstNonEmptyString(message.text, message.content);
        if (!text) return message;
    
        if (!this.isPlanProceedMessageText(text)) {
          return message;
        }
    
        const normalized = { ...message };
    
        const parts = text.split(/\s+/, 2);
        const command = parts[0] || "";
        const rest = parts[1] || "";
    
        if (rest && command) {
          const trimmedRest = rest.trim();
          const quoteMatches = trimmedRest.match(/^["'](.+)["']$/);
          const commentText = quoteMatches ? quoteMatches[1] : trimmedRest;
    
          normalized.planProceedComment = {
            id: `pp_${Date.now()}_${Math.random().toString(36).substr(2, 9)}`,
            text: commentText,
            createdAt: Date.now(),
            anchor: {
              startLine: 0,
              endLine: 0,
              selectedText: commentText,
            },
          };
        }
    
        normalized.text = "/plan:proceed";
        if (normalized.content) {
          normalized.content = "/plan:proceed";
        }
    
        return normalized;
      }
    
      /**
       * Check if plan title is generic
       */
      isGenericPlanTitle(value: unknown): boolean {
        if (!value) return false;
        const str = String(value).toLowerCase().trim();
        const genericTitles = [
          "implementation plan",
          "plan",
          "project plan",
          "development plan",
          "the plan",
          "my plan",
        ];
        return genericTitles.includes(str);
      }
    
      /**
       * Derive plan title from file path
       */
      derivePlanTitleFromFilePath(filePath: unknown): string | undefined {
        const normalized = this.normalizePlanFileReference(filePath);
        if (!normalized) return undefined;
    
        const fileName = path.basename(normalized);
        const withoutExt = fileName.replace(/\.md$/i, "");
    
        const cleaned = withoutExt
          .replace(/^implementation[_-]?plan[_-]?/i, "")
          .replace(/^plan[_-]?/i, "")
          .replace(/[_-]plan$/i, "")
          .replace(/[_-]\d{8,}$/, "")
          .trim();
    
        if (!cleaned) return undefined;
    
        const title = cleaned
          .replace(/[-_]+/g, " ")
          .replace(/\b\w/g, (c) => c.toUpperCase())
          .trim();
    
        return title || undefined;
      }
    
      /**
       * Resolve plan title from various sources
       */
      resolvePlanTitle(options: {
        plan?: { title?: string; file?: string };
        planFile?: string;
        fallback?: string;
      }): string | undefined {
        if (options.plan?.title && !this.isGenericPlanTitle(options.plan.title)) {
          return options.plan.title;
        }
    
        if (options.planFile) {
          const derived = this.derivePlanTitleFromFilePath(options.planFile);
          if (derived) return derived;
        }
    
        if (options.plan?.file) {
          const derived = this.derivePlanTitleFromFilePath(options.plan.file);
          if (derived) return derived;
        }
    
        if (options.fallback && !this.isGenericPlanTitle(options.fallback)) {
          return options.fallback;
        }
    
        return undefined;
      }
    
      /**
       * Persist plan content to disk
       */
      async persistPlan(
        content: string,
        preferredPath?: string,
      ): Promise<string | undefined> {
        const flow = this.logger.startFeatureFlow('PersistPlan', {
          hasContent: !!content,
          contentLength: content.length,
          preferredPath,
        });
    
        try {
          const normalizedContent = this.firstNonEmptyString(content);
          if (!normalizedContent) {
            this.logger.endFeatureFlow(flow, { status: 'skipped', reason: 'No content' });
            return undefined;
          }
    
          this.logger.featureStep(flow, 'normalizing_paths');
          const normalizedPreferred = this.normalizePlanFileReference(preferredPath);
          const resolvedPreferred = normalizedPreferred
            ? this.resolvePlanFileCandidates(normalizedPreferred)[0] ||
            path.normalize(normalizedPreferred)
            : undefined;
          const resolvedPath = resolvedPreferred;
          if (!resolvedPath) {
            this.logger.endFeatureFlow(flow, { status: 'failed', reason: 'No valid path' });
            return undefined;
          }
    
          this.logger.featureStep(flow, 'creating_directory', { path: path.dirname(resolvedPath) });
          const normalizedPath = path.normalize(resolvedPath);
          await vscode.workspace.fs.createDirectory(
            vscode.Uri.file(path.dirname(normalizedPath)),
          );
    
          this.logger.featureStep(flow, 'writing_file', { path: normalizedPath });
          await vscode.workspace.fs.writeFile(
            vscode.Uri.file(normalizedPath),
            new TextEncoder().encode(normalizedContent),
          );
    
          this.logger.info("Auto-persisted plan", { path: normalizedPath });
          this.logger.endFeatureFlow(flow, { status: 'completed' });
          return normalizedPath;
        } catch (err) {
          this.logger.error(`Failed to persist plan: ${err instanceof Error ? err.message : String(err)}`, { path: preferredPath });
          this.logger.endFeatureFlow(flow, { status: 'failed' });
          return undefined;
        }
      }
    
      /**
       * Normalize plan file reference
       */
      private normalizePlanFileReference(file: unknown): string | undefined {
        const raw = this.firstNonEmptyString(file);
        if (!raw) {
          return undefined;
        }
    
        let value = raw.trim();
        if (!value) {
          return undefined;
        }
    
        if (value.startsWith("file://")) {
          try {
            const uri = vscode.Uri.parse(value);
            if (uri.scheme === "file" && uri.fsPath) {
              value = uri.fsPath;
            }
          } catch {
            // Keep string cleanup fallback below.
          }
        }
    
        // Strip common markdown wrappers around file paths.
        value = value
          .replace(/^`+|`+$/g, "")
          .replace(/^"+|"+$/g, "")
          .replace(/^'+|'+$/g, "")
          .replace(/^<+|>+$/g, "")
          .replace(/^\(+|\)+$/g, "")
          .trim();
    
        return value || undefined;
      }
    
      /**
       * Check if file is likely a plan markdown file
       */
      isLikelyPlanMarkdownFile(file: unknown): boolean {
        const normalized = this.normalizePlanFileReference(file);
        if (!normalized || !normalized.toLowerCase().endsWith(".md")) {
          return false;
        }
        const lower = normalized.replace(/\\/g, "/").toLowerCase();
        if (lower.includes("/node_modules/")) {
          return false;
        }
        if (
          /(^|\/)implementation_plan_comments_[^/]+\.md$/.test(lower) ||
          /(^|\/)[^/]+_comments\.md$/.test(lower)
        ) {
          return false;
        }
        const isPlanDirectoryPath =
          /(^|\/)\.?plans?\//.test(lower) || /(^|\/)planning\//.test(lower);
        return (
          isPlanDirectoryPath ||
          /(^|\/)implementation_plan(?:_[a-z0-9-]+)?\.md$/.test(lower) ||
          /(^|\/)plans?\//.test(lower) ||
          lower.includes("plan")
        );
      }
    
      /**
       * Get plan file candidate score
       */
      getPlanFileCandidateScore(filePath: string): number {
        const normalized = filePath.replace(/\\/g, "/").toLowerCase();
        let score = 0;
        const isPlanDirectoryPath =
          /(^|\/)\.?plans?\//.test(normalized) || /(^|\/)planning\//.test(normalized);
        if (isPlanDirectoryPath) {
          score += 60;
        }
    
        if (normalized.includes("plan")) {
          score += 50;
        }
    
        if (/(^|\/)implementation_plan\.md$/.test(normalized)) {
          score += 40;
        }
    
        if (/(^|\/)implementation_plan_[a-z0-9-]+\.md$/.test(normalized)) {
          score += 35;
        }
    
        if (/(^|\/)plans?\//.test(normalized)) {
          score += 30;
        }
    
        const depth = (normalized.match(/\//g) || []).length;
        score -= depth * 2;
    
        if (normalized.includes("/node_modules/")) {
          score -= 1000;
        }
    
        if (normalized.includes("/.git/")) {
          score -= 1000;
        }
    
        return Math.max(0, score);
      }
    
      /**
       * Prioritize plan file candidates
       */
      prioritizePlanFileCandidates(candidates: Array<unknown>, explicitFiles?: Set<string>): string[] {
        const normalizedCandidates = candidates
          .map((c) => this.normalizePlanFileReference(c))
          .filter((c): c is string => Boolean(c));
    
        const scored = normalizedCandidates.map((filePath) => ({
          filePath,
          score: this.getPlanFileCandidateScore(filePath),
          isExplicit: explicitFiles?.has(filePath),
        }));
    
        scored.sort((a, b) => {
          if (a.isExplicit && !b.isExplicit) return -1;
          if (!a.isExplicit && b.isExplicit) return 1;
          return b.score - a.score;
        });
    
        return scored.map((s) => s.filePath);
      }
    
      /**
       * Collect plan file candidates from structured plan
       */
      collectPlanFileCandidatesFromStructuredPlan(structured: any): string[] {
        const candidates: string[] = [];
    
        // DEBUG: Log input to trace file property
        this.logger.debug('collectPlanFileCandidatesFromStructuredPlan INPUT', {
          hasStructured: !!structured,
          type: typeof structured,
          keys: structured ? Object.keys(structured) : [],
          hasFile: structured && 'file' in structured,
          fileValue: structured?.file,
          hasFiles: structured && 'files' in structured,
          filesValue: structured?.files,
          fullObject: structured ? JSON.stringify(structured, null, 2) : 'undefined'
        });
    
        // structured is the plan object itself (with file, title, content, etc.)
        // not the parent structured output object
        if (structured?.file) {
          const normalized = this.normalizePlanFileReference(structured.file);
          if (normalized) {
            candidates.push(normalized);
          }
        }
    
        if (structured?.files && Array.isArray(structured.files)) {
          for (const file of structured.files) {
            const normalized = this.normalizePlanFileReference(file);
            if (normalized && !candidates.includes(normalized)) {
              candidates.push(normalized);
            }
          }
        }
    
        this.logger.debug('collectPlanFileCandidatesFromStructuredPlan OUTPUT', {
          candidatesCount: candidates.length,
          candidates: candidates,
          firstCandidate: candidates[0]
        });
    
        return candidates;
      }
    
      /**
       * Resolve plan file candidates
       */
      resolvePlanFileCandidates(planFile: string): string[] {
        const normalized = this.normalizePlanFileReference(planFile);
        if (!normalized) {
          return [];
        }
    
        const candidates: string[] = [];
    
        candidates.push(normalized);
    
        const workspaceFolder = vscode.workspace.workspaceFolders?.[0];
        if (workspaceFolder && workspaceFolder.uri.scheme === "file") {
          const workspacePath = workspaceFolder.uri.fsPath;
          const absolutePath = path.isAbsolute(normalized)
            ? normalized
            : path.join(workspacePath, normalized);
    
          if (absolutePath !== normalized) {
            candidates.push(absolutePath);
          }
    
          if (!normalized.endsWith(".md")) {
            candidates.push(`${normalized}.md`);
            candidates.push(`${absolutePath}.md`);
          }
        }
    
        return Array.from(new Set(candidates));
      }
    
      /**
       * Read plan file from disk
       */
      private async readPlanFileFromDisk(filePath: string): Promise<string | undefined> {
        try {
          const normalized = path.normalize(filePath);
          const content = await vscode.workspace.fs.readFile(
            vscode.Uri.file(normalized),
          );
          return Buffer.from(content).toString("utf-8");
        } catch {
          return undefined;
        }
      }
    
      /**
       * Extract markdown file references from text
       */
      extractMarkdownFileReferences(text: unknown): string[] {
        if (!text) return [];
        const str = String(text);
    
        const markdownLinkPattern = /\[([^\]]+)\]\(([^)]+\.md)\)/gi;
        const markdownLinkRefPattern = /^\[([^\]]+)\]:\s*(.+\.md)$/gmi;
        const codeBlockPattern = /```[\s\S]*?```/g;
        const inlineCodePattern = /`[^`]+`/g;
        const plainMdPattern = /\b[\w-]+\.md\b/gi;
    
        const cleaned = str
          .replace(codeBlockPattern, "")
          .replace(inlineCodePattern, "");
    
        const references = new Set<string>();
    
        let match;
        while ((match = markdownLinkPattern.exec(cleaned)) !== null) {
          const filePath = match[2];
          const normalized = this.normalizePlanFileReference(filePath);
          if (normalized) {
            references.add(normalized);
          }
        }
    
        while ((match = markdownLinkRefPattern.exec(str)) !== null) {
          const filePath = match[2];
          const normalized = this.normalizePlanFileReference(filePath);
          if (normalized) {
            references.add(normalized);
          }
        }
    
        while ((match = plainMdPattern.exec(cleaned)) !== null) {
          const filePath = match[0];
          const normalized = this.normalizePlanFileReference(filePath);
          if (normalized) {
            references.add(normalized);
          }
        }
    
        return Array.from(references);
      }
    
      /**
       * Discover likely plan file candidates
       */
      async discoverLikelyPlanFileCandidates(): Promise<string[]> {
        const flow = this.logger.startFeatureFlow('DiscoverPlanFiles', {});
    
        const workspaceFolder = vscode.workspace.workspaceFolders?.[0];
        if (!workspaceFolder || workspaceFolder.uri.scheme !== "file") {
          this.logger.endFeatureFlow(flow, { status: 'skipped', reason: 'No valid workspace folder' });
          return [];
        }
    
        const workspacePath = workspaceFolder.uri.fsPath;
        this.logger.featureStep(flow, 'workspace_valid', { workspacePath });
    
        try {
          this.logger.featureStep(flow, 'searching_for_plan_files');
          const startTime = Date.now();
          const planFiles = await vscode.workspace.findFiles(
            new vscode.RelativePattern(workspaceFolder, "**/*plan*.md"),
            "**/{node_modules,.git,dist,build}/**",
          );
          this.logger.featureStep(flow, 'files_found', {
            count: planFiles.length,
            duration: Date.now() - startTime,
          });
    
          const scored = planFiles
            .map((uri) => uri.fsPath)
            .filter((filePath) => this.isLikelyPlanMarkdownFile(filePath))
            .map((filePath) => ({
              filePath,
              score: this.getPlanFileCandidateScore(filePath),
            }))
            .filter((item) => item.score > 0)
            .sort((a, b) => b.score - a.score)
            .slice(0, 10)
            .map((item) => item.filePath);
    
          this.logger.info("Plan file discovery completed", {
            totalFound: planFiles.length,
            afterScoring: scored.length,
            topCandidates: scored.slice(0, 3),
          });
    
          this.logger.endFeatureFlow(flow, {
            status: 'completed',
            totalCandidates: scored.length,
            duration: Date.now() - startTime,
          });
          return scored;
        } catch (err) {
          this.logger.error("Plan file discovery failed", { workspacePath }, err as Error);
          this.logger.endFeatureFlow(flow, { status: 'failed', error: String(err) });
          return [];
        }
      }
    
      /**
       * Handle view plan command
       */
      async handleViewPlan(plan: {
        file?: string;
        content?: string;
        title?: string;
        summary?: string;
        files?: any[];
        fileCount?: number;
      }): Promise<void> {
        if (!plan) {
          return;
        }
    
        const normalizedPlanFile = this.normalizePlanFileReference(plan.file);
        const fileCandidates = normalizedPlanFile
          ? this.resolvePlanFileCandidates(normalizedPlanFile)
          : [];
    
        const explicitFiles = new Set<string>();
        if (normalizedPlanFile) {
          explicitFiles.add(normalizedPlanFile);
        }
        if (Array.isArray(plan.files)) {
          for (const file of plan.files) {
            const normalized = this.normalizePlanFileReference(file);
            if (normalized) {
              explicitFiles.add(normalized);
            }
          }
        }
    
        const prioritizedCandidates = this.prioritizePlanFileCandidates(fileCandidates, explicitFiles);
        if (!normalizedPlanFile) {
          prioritizedCandidates.push(
            ...(await this.discoverLikelyPlanFileCandidates()),
          );
        }
    
        let resolvedFile: string | undefined;
        let planData: string | undefined;
    
        for (const candidate of prioritizedCandidates) {
          planData = await this.readPlanFileFromDisk(candidate);
          if (planData) {
            resolvedFile = candidate;
            break;
          }
        }
    
        if (!planData && prioritizedCandidates.length > 0) {
          void vscode.window.showErrorMessage(
            `Could not read plan file: ${normalizedPlanFile ?? prioritizedCandidates[0]}`,
          );
          return;
        }
    
        if (
          !planData &&
          prioritizedCandidates.length === 0 &&
          plan.content &&
          typeof plan.content === "string"
        ) {
          planData = plan.content;
        }
    
        if (!planData) {
          this.logger.warn("No plan content available to view", {
            planFile: normalizedPlanFile,
            candidates: prioritizedCandidates.slice(0, 5),
          });
          return;
        }
    
        const planTitle = this.resolvePlanTitle({
          plan,
          planFile: resolvedFile,
        });
    
        // Use VSCode command to show plan in PlanViewProvider panel
        await vscode.commands.executeCommand("opencode.showPlan", {
          content: planData,
          title: planTitle,
          sourceFile: resolvedFile,
        });
      }
    }
    
    
    /* FILE: E:\Projects\vscode-opencode\src\providers\chat\SubagentPersistence.ts */
    
    /**
     * SubagentPersistence Module
     *
     * Handles persisting/loading subagent snapshots and building payloads from messages.
     *
     * Extracted from ChatViewProvider.ts (~250 lines)
     */
    
    import * as vscode from "vscode";
    import type { SubagentTracker } from "../../services/SubagentTracker";
    import type { SubagentUpdatePayload } from "../../services/SubagentTracker";
    
    export class SubagentPersistence {
      private static readonly SUBAGENT_SNAPSHOT_PREFIX =
        "opencode.session.subagents.";
    
      constructor(
        private workspaceState: vscode.Memento,
        private subagentTracker: SubagentTracker,
        private logger: ReturnType<typeof import("../../utils/Logger").createLogger>,
        private asRecord: (value: unknown) => Record<string, unknown> | undefined,
        private firstNonEmptyString: (...values: unknown[]) => string | undefined,
        private normalizeSubagentStatus: (status: unknown) => string,
        private mergeSubagentEntries: (existing: any[], updates: any[]) => any[],
        private hydrateSubagentsFromPayload: (
          parentMessageId: string,
          payload: SubagentUpdatePayload,
          sessionId: string,
        ) => any[],
        private resolveSubagentPayloadSessionId: (payload: {
          summariesByParentMessageId?: Record<string, unknown>;
          sessionId?: string;
          childSessionId?: string;
        }) => string | undefined,
      ) { }
    
      /**
       * Get storage key for subagent snapshot
       */
      getSubagentSnapshotStorageKey(sessionId: string): string {
        return `${SubagentPersistence.SUBAGENT_SNAPSHOT_PREFIX}${sessionId}`;
      }
    
      /**
       * Normalize subagent payload
       */
      normalizeSubagentPayload(
        payload: unknown,
      ): SubagentUpdatePayload {
        const rec = this.asRecord(payload) || {};
        const summariesByParentMessageId =
          this.asRecord(rec.summariesByParentMessageId) || {};
        const detailsById = this.asRecord(rec.detailsById) || {};
        return {
          summariesByParentMessageId:
            summariesByParentMessageId as SubagentUpdatePayload["summariesByParentMessageId"],
          detailsById: detailsById as SubagentUpdatePayload["detailsById"],
        };
      }
    
      /**
       * Merge subagent payloads
       */
      mergeSubagentPayloads(
        existing: SubagentUpdatePayload,
        incoming: SubagentUpdatePayload,
      ): SubagentUpdatePayload {
        const mergedSummaries: Record<string, unknown[]> = {};
        const existingSummaries =
          this.asRecord(existing.summariesByParentMessageId) || {};
        const incomingSummaries =
          this.asRecord(incoming.summariesByParentMessageId) || {};
        const parentMessageIds = new Set<string>([
          ...Object.keys(existingSummaries),
          ...Object.keys(incomingSummaries),
        ]);
        for (const parentMessageId of Array.from(parentMessageIds)) {
          const merged = this.mergeSubagentEntries(
            Array.isArray(existingSummaries[parentMessageId]) ? existingSummaries[parentMessageId] as any[] : [],
            Array.isArray(incomingSummaries[parentMessageId])
              ? (incomingSummaries[parentMessageId] as Array<Record<string, unknown>>)
              : [],
          );
          if (merged.length > 0) {
            mergedSummaries[parentMessageId] = merged;
          }
        }
    
        const mergedDetails: Record<string, unknown> = {};
        const existingDetails = this.asRecord(existing.detailsById) || {};
        const incomingDetails = this.asRecord(incoming.detailsById) || {};
        const detailIds = new Set<string>([
          ...Object.keys(existingDetails),
          ...Object.keys(incomingDetails),
        ]);
        for (const detailId of Array.from(detailIds)) {
          const prev = this.asRecord(existingDetails[detailId]) || {};
          const next = this.asRecord(incomingDetails[detailId]) || {};
          mergedDetails[detailId] = {
            ...prev,
            ...next,
            id: this.firstNonEmptyString(next.id, prev.id, detailId) || detailId,
          };
        }
    
        return {
          summariesByParentMessageId:
            mergedSummaries as SubagentUpdatePayload["summariesByParentMessageId"],
          detailsById: mergedDetails as SubagentUpdatePayload["detailsById"],
        };
      }
    
      /**
       * Load persisted subagent snapshot
       */
      async loadPersistedSubagentSnapshot(
        sessionId: string,
      ): Promise<SubagentUpdatePayload | null> {
        const raw = this.workspaceState.get<unknown>(
          this.getSubagentSnapshotStorageKey(sessionId),
        );
        if (!raw) {
          return null;
        }
        const normalized = this.normalizeSubagentPayload(raw);
        const hasEntries =
          Object.keys(normalized.summariesByParentMessageId || {}).length > 0 ||
          Object.keys(normalized.detailsById || {}).length > 0;
        return hasEntries ? normalized : null;
      }
    
      /**
       * Save persisted subagent snapshot
       */
      async savePersistedSubagentSnapshot(
        sessionId: string,
        payload: SubagentUpdatePayload,
      ): Promise<void> {
        await this.workspaceState.update(
          this.getSubagentSnapshotStorageKey(sessionId),
          payload,
        );
      }
    
      /**
       * Clear persisted subagent snapshot
       */
      async clearPersistedSubagentSnapshot(
        sessionId: string,
      ): Promise<void> {
        await this.workspaceState.update(
          this.getSubagentSnapshotStorageKey(sessionId),
          undefined,
        );
      }
    
      /**
       * Persist subagent live state
       */
      async persistSubagentLiveState(
        sessionId: string,
        payload: SubagentUpdatePayload,
      ): Promise<SubagentUpdatePayload> {
        const existing = await this.loadPersistedSubagentSnapshot(sessionId);
        const merged = existing
          ? this.mergeSubagentPayloads(existing, payload)
          : payload;
        await this.savePersistedSubagentSnapshot(sessionId, merged);
        return merged;
      }
    
      /**
       * Build subagent payload from message
       */
      buildSubagentPayloadFromMessage(
        messageRaw: unknown,
        fallbackSessionId: string,
      ): SubagentUpdatePayload | null {
        const message = this.asRecord(messageRaw);
        if (!message) {
          return null;
        }
        const info = this.asRecord(message.info);
        const messageId = this.firstNonEmptyString(
          info?.id,
          message.id,
          message.messageID,
        );
        const subagentsRaw = Array.isArray(message.subagents)
          ? message.subagents
          : [];
        if (!messageId || subagentsRaw.length === 0) {
          return null;
        }
    
        const summaries: Array<Record<string, unknown>> = [];
        const detailsById: Record<string, unknown> = {};
    
        for (const subagentRaw of subagentsRaw) {
          const subagent = this.asRecord(subagentRaw);
          if (!subagent) {
            continue;
          }
          const id = this.firstNonEmptyString(subagent.id);
          if (!id) {
            continue;
          }
          const parentSessionId = this.firstNonEmptyString(
            subagent.parentSessionId,
            fallbackSessionId,
          );
          const parentMessageId = this.firstNonEmptyString(
            subagent.parentMessageId,
            messageId,
          );
          if (!parentSessionId || !parentMessageId) {
            continue;
          }
    
          const normalized: Record<string, unknown> = {
            ...subagent,
            id,
            parentSessionId,
            parentMessageId,
            status: this.normalizeSubagentStatus(subagent.status),
            latestActivity:
              this.firstNonEmptyString(
                subagent.latestActivity,
                subagent.description,
              ) || "Subagent update",
          };
          if (!Array.isArray(normalized.references)) {
            normalized.references = [];
          }
          if (!Array.isArray(normalized.progressEvents)) {
            normalized.progressEvents = [];
          }
          if (!Array.isArray(normalized.thinkingEvents)) {
            normalized.thinkingEvents = [];
          }
          if (!Array.isArray(normalized.timelineEvents)) {
            normalized.timelineEvents = [];
          }
    
          summaries.push({
            id,
            parentSessionId,
            parentMessageId,
            childSessionId: normalized.childSessionId,
            agentId: normalized.agentId,
            providerID: normalized.providerID,
            modelID: normalized.modelID,
            startedAt: normalized.startedAt,
            endedAt: normalized.endedAt,
            durationMs: normalized.durationMs,
            status: normalized.status,
            latestActivity: normalized.latestActivity,
            references: normalized.references,
          });
          detailsById[id] = normalized;
        }
    
        if (summaries.length === 0) {
          return null;
        }
    
        return {
          summariesByParentMessageId: {
            [messageId]: summaries as SubagentUpdatePayload["summariesByParentMessageId"][string],
          } as SubagentUpdatePayload["summariesByParentMessageId"],
          detailsById: detailsById as SubagentUpdatePayload["detailsById"],
        };
      }
    
      /**
       * Persist subagent update snapshot
       */
      async persistSubagentUpdateSnapshot(
        payload: {
          summariesByParentMessageId?: Record<string, unknown>;
          detailsById?: Record<string, unknown>;
        },
        currentSessionId: string | undefined,
        sessionService: any,
        postMessage: (msg: any) => void,
      ): Promise<void> {
        const summariesMap = this.asRecord(payload.summariesByParentMessageId) || {};
        const parentMessageIds = Object.keys(summariesMap).filter(Boolean);
        if (parentMessageIds.length === 0) {
          return;
        }
    
        const sessionId =
          this.resolveSubagentPayloadSessionId(payload) || currentSessionId;
        if (!sessionId) {
          return;
        }
    
        const normalizedPayload = this.normalizeSubagentPayload(payload);
        await this.persistSubagentLiveState(sessionId, normalizedPayload);
    
        const cachedMessages = await sessionService.loadSessionMessages(
          sessionId,
        );
        if (!Array.isArray(cachedMessages) || cachedMessages.length === 0) {
          return;
        }
    
        let hasChanges = false;
        const nextMessages = cachedMessages.map((rawMessage: any) => {
          const message = this.asRecord(rawMessage);
          if (!message) {
            return rawMessage;
          }
    
          const info = this.asRecord(message.info);
          const messageId = this.firstNonEmptyString(
            info?.id,
            message.id,
            message.messageID,
          );
          if (!messageId || !parentMessageIds.includes(messageId)) {
            return rawMessage;
          }
    
          const incomingSubagents = this.hydrateSubagentsFromPayload(
            messageId,
            normalizedPayload,
            sessionId,
          );
          if (incomingSubagents.length === 0) {
            return rawMessage;
          }
    
          const mergedSubagents = this.mergeSubagentEntries(
            Array.isArray(message.subagents) ? message.subagents as any[] : [],
            incomingSubagents,
          );
          const nextMessage: Record<string, unknown> = {
            ...message,
            subagents: mergedSubagents,
          };
          hasChanges = true;
          return nextMessage;
        });
    
        if (!hasChanges) {
          return;
        }
    
        await sessionService.saveSessionMessages(sessionId, nextMessages);
      }
    
      /**
       * Sync subagent snapshot for session
       */
      async syncSubagentSnapshotForSession(
        sessionId: string,
        messages: any[],
      ): Promise<SubagentUpdatePayload> {
        this.subagentTracker.resetForSession(sessionId);
        this.subagentTracker.seedFromMessages(messages);
        const trackerSnapshot = this.subagentTracker.getSnapshotPayload();
        const persistedSnapshot =
          await this.loadPersistedSubagentSnapshot(sessionId);
        const mergedSnapshot = persistedSnapshot
          ? this.mergeSubagentPayloads(persistedSnapshot, trackerSnapshot)
          : trackerSnapshot;
        // Note: postMessage callback will be set by the shell
        // this.view?.webview.postMessage({
        //   type: "subagentSnapshot",
        //   ...mergedSnapshot,
        // });
        await this.savePersistedSubagentSnapshot(sessionId, mergedSnapshot);
        return mergedSnapshot;
      }
    }
    
    
    /* FILE: E:\Projects\vscode-opencode\src\providers\chat\CompactionManager.ts */
    
    /**
     * CompactionManager Module
     *
     * Handles context compaction lifecycle, persistence, and UI state management.
     *
     * Extracted from ChatViewProvider.ts (~300 lines)
     */
    
    import * as vscode from "vscode";
    import type { OpencodeServerManager } from "../../services/OpencodeServerManager";
    import type { CompactionBaselineStats, PersistedCompactionViewState } from "./types";
    
    export class CompactionManager {
      private static readonly COMPACTION_VIEW_STATE_PREFIX =
        "opencode.session.compaction-view.";
    
      private compactingSessions = new Set<string>();
    
      constructor(
        private workspaceState: vscode.Memento,
        private serverManager: OpencodeServerManager,
        private logger: ReturnType<typeof import("../../utils/Logger").createLogger>,
        private asRecord: (value: unknown) => Record<string, unknown> | undefined,
        private firstNonEmptyString: (...values: unknown[]) => string | undefined,
        private processHistoryMessages: (messages: any[], sessionId: string) => Promise<any[]>,
      ) {
        // postMessage callback will be set by shell
        this.postMessage = () => { };
      }
    
      private postMessage: (msg: any) => void;
    
      setPostMessage(fn: (msg: any) => void): void {
        this.postMessage = fn;
      }
    
      /**
       * Get storage key for compaction view state
       */
      getCompactionViewStateStorageKey(sessionId: string): string {
        return `${CompactionManager.COMPACTION_VIEW_STATE_PREFIX}${sessionId}`;
      }
    
      /**
       * Normalize compaction baseline stats
       */
      normalizeCompactionBaselineStats(
        value: unknown,
      ): CompactionBaselineStats | undefined {
        const rec = this.asRecord(value);
        if (!rec) {
          return undefined;
        }
    
        const normalize = (raw: unknown): number | undefined =>
          typeof raw === "number" && Number.isFinite(raw) && raw >= 0
            ? Math.floor(raw)
            : undefined;
    
        const input = normalize(rec.input);
        const output = normalize(rec.output);
        const read = normalize(rec.read);
        const write = normalize(rec.write);
        const duration = normalize(rec.duration);
    
        if (
          input === undefined &&
          output === undefined &&
          read === undefined &&
          write === undefined &&
          duration === undefined
        ) {
          return undefined;
        }
    
        return {
          input: input ?? 0,
          output: output ?? 0,
          read: read ?? 0,
          write: write ?? 0,
          duration: duration ?? 0,
        };
      }
    
      /**
       * Normalize compaction view state
       */
      normalizeCompactionViewState(
        value: unknown,
      ): PersistedCompactionViewState | null {
        const rec = this.asRecord(value);
        if (!rec) {
          return null;
        }
    
        const next: PersistedCompactionViewState = {};
        if (
          typeof rec.lastCompactedAt === "number" &&
          Number.isFinite(rec.lastCompactedAt) &&
          rec.lastCompactedAt > 0
        ) {
          next.lastCompactedAt = Math.floor(rec.lastCompactedAt);
        }
        const baselineStats = this.normalizeCompactionBaselineStats(
          rec.baselineStats,
        );
        if (baselineStats) {
          next.baselineStats = baselineStats;
        }
        if (
          typeof rec.compactionDividerIndex === "number" &&
          Number.isFinite(rec.compactionDividerIndex) &&
          rec.compactionDividerIndex >= 0
        ) {
          next.compactionDividerIndex = Math.floor(rec.compactionDividerIndex);
        }
        const dividerBeforeMessageId = this.firstNonEmptyString(
          rec.compactionDividerBeforeMessageId,
        );
        if (dividerBeforeMessageId) {
          next.compactionDividerBeforeMessageId = dividerBeforeMessageId;
        }
        const dividerAfterMessageId = this.firstNonEmptyString(
          rec.compactionDividerAfterMessageId,
        );
        if (dividerAfterMessageId) {
          next.compactionDividerAfterMessageId = dividerAfterMessageId;
        }
        if (typeof rec.collapsed === "boolean") {
          next.collapsed = rec.collapsed;
        }
    
        return Object.keys(next).length > 0 ? next : null;
      }
    
      /**
       * Load persisted compaction view state
       */
      async loadPersistedCompactionViewState(
        sessionId: string,
      ): Promise<PersistedCompactionViewState | null> {
        const raw = this.workspaceState.get<unknown>(
          this.getCompactionViewStateStorageKey(sessionId),
        );
        return this.normalizeCompactionViewState(raw);
      }
    
      /**
       * Save persisted compaction view state
       */
      async savePersistedCompactionViewState(
        sessionId: string,
        state: PersistedCompactionViewState,
      ): Promise<void> {
        await this.workspaceState.update(
          this.getCompactionViewStateStorageKey(sessionId),
          state,
        );
      }
    
      /**
       * Clear persisted compaction view state
       */
      async clearPersistedCompactionViewState(
        sessionId: string,
      ): Promise<void> {
        await this.workspaceState.update(
          this.getCompactionViewStateStorageKey(sessionId),
          undefined,
        );
      }
    
      /**
       * Post compaction view state to webview
       */
      postCompactionViewState(
        sessionId: string,
        state: PersistedCompactionViewState,
      ): void {
        this.postMessage({
          type: "compactionViewState",
          sessionId,
          ...state,
        });
      }
    
      /**
       * Send persisted compaction view state to webview
       */
      async sendPersistedCompactionViewState(
        sessionId: string,
      ): Promise<void> {
        const state = await this.loadPersistedCompactionViewState(sessionId);
        if (!state) {
          return;
        }
        this.postCompactionViewState(sessionId, state);
      }
    
      /**
       * Resolve session compaction divider state
       */
      async resolveSessionCompactionDividerState(
        sessionId: string,
        sessionService: any,
      ): Promise<{
        compactionDividerIndex?: number;
        compactionDividerBeforeMessageId?: string;
        compactionDividerAfterMessageId?: string;
      }> {
        try {
          const rawMessages = await sessionService.getMessages(sessionId);
          const messages = Array.isArray(rawMessages)
            ? await this.processHistoryMessages(rawMessages, sessionId)
            : [];
    
          const state = await this.loadPersistedCompactionViewState(sessionId);
          if (!state) {
            return {};
          }
    
          const dividerIndex = state.compactionDividerIndex;
          if (dividerIndex === undefined || dividerIndex < 0 || dividerIndex >= messages.length) {
            return {};
          }
    
          const beforeMessage = messages[dividerIndex];
          const afterMessage = messages[dividerIndex + 1];
    
          return {
            compactionDividerIndex: dividerIndex,
            compactionDividerBeforeMessageId: this.firstNonEmptyString(
              beforeMessage?.id,
              beforeMessage?.messageId,
            ),
            compactionDividerAfterMessageId: this.firstNonEmptyString(
              afterMessage?.id,
              afterMessage?.messageId,
            ),
          };
        } catch {
          return {};
        }
      }
    
      /**
       * Post compaction status
       */
      postCompactionStatus(payload: {
        sessionId: string;
        status: string;
        error?: string;
        compacted?: boolean;
        baselineStats?: CompactionBaselineStats;
        compactionDividerBeforeMessageId?: string;
        compactionDividerAfterMessageId?: string;
      }): void {
        this.postMessage({
          type: "compactionStatus",
          ...payload,
        });
      }
    
      /**
       * Persist and publish compaction view state
       */
      async persistAndPublishCompactionViewState(
        sessionId: string,
        state: PersistedCompactionViewState,
      ): Promise<void> {
        await this.savePersistedCompactionViewState(sessionId, state);
        this.postCompactionViewState(sessionId, state);
      }
    
      /**
       * Handle set compaction view state
       */
      async handleSetCompactionViewState(message: {
        sessionId: string;
        collapsed?: boolean;
        compactionDividerIndex?: number;
        compactionDividerBeforeMessageId?: string;
        compactionDividerAfterMessageId?: string;
      }): Promise<void> {
        const { sessionId, collapsed } = message;
        const state = await this.loadPersistedCompactionViewState(sessionId);
        if (!state) {
          return;
        }
        state.collapsed = collapsed;
        if (
          typeof message.compactionDividerIndex === "number" &&
          Number.isFinite(message.compactionDividerIndex) &&
          message.compactionDividerIndex >= 0
        ) {
          state.compactionDividerIndex = Math.floor(message.compactionDividerIndex);
        }
        const dividerBefore = this.firstNonEmptyString(
          message.compactionDividerBeforeMessageId,
        );
        if (dividerBefore) {
          state.compactionDividerBeforeMessageId = dividerBefore;
        }
        const dividerAfter = this.firstNonEmptyString(
          message.compactionDividerAfterMessageId,
        );
        if (dividerAfter) {
          state.compactionDividerAfterMessageId = dividerAfter;
        }
        await this.persistAndPublishCompactionViewState(sessionId, state);
      }
    
      /**
       * Resolve compaction session ID
       */
      async resolveCompactionSessionId(message: {
        sessionId?: string;
        compactSession?: string;
      }): Promise<string | undefined> {
        if (message.sessionId) {
          return message.sessionId;
        }
        if (message.compactSession) {
          return message.compactSession;
        }
        return undefined;
      }
    
      /**
       * Get selected model context limit
       */
      getSelectedModelContextLimit(): number | undefined {
        // This will be provided by the shell via callback
        return undefined;
      }
    
      /**
       * Maybe auto compact session
       */
      async maybeAutoCompact(
        sessionId: string,
        responseData: any,
        sessionService: any,
      ): Promise<void> {
        if (!responseData?.usage) {
          return;
        }
    
        const contextLimit = this.getSelectedModelContextLimit();
        if (!contextLimit) {
          return;
        }
    
        const totalTokens = (responseData.usage.inputTokens || 0) +
          (responseData.usage.totalTokens || 0) +
          (responseData.usage.prompt_tokens || 0);
    
        const threshold = Math.floor(contextLimit * 0.8);
        if (totalTokens < threshold) {
          return;
        }
    
        if (this.compactingSessions.has(sessionId)) {
          return;
        }
    
        this.logger.info("Auto-compaction threshold reached", {
          sessionId,
          totalTokens,
          threshold,
          contextLimit,
        });
    
        await this.handleCompactSession(
          sessionId,
          { auto: true, threshold: totalTokens },
          sessionService,
        );
      }
    
      /**
       * Handle compact session
       */
      async handleCompactSession(
        sessionId: string,
        options: { auto?: boolean; threshold?: number },
        sessionService: any,
      ): Promise<void> {
        if (this.compactingSessions.has(sessionId)) {
          this.logger.warn("Compaction already in progress", { sessionId });
          return;
        }
    
        this.compactingSessions.add(sessionId);
    
        try {
          const dividerState = await this.resolveSessionCompactionDividerState(
            sessionId,
            sessionService,
          );
    
          this.postCompactionStatus({
            sessionId,
            status: "running",
          });
    
          const response = await this.serverManager.compactSession(sessionId);
    
          if (!response?.data) {
            throw new Error("No data in compaction response");
          }
    
          const baselineStats = this.normalizeCompactionBaselineStats(
            (response.data as Record<string, unknown>)?.baselineStats,
          );
    
          const state: PersistedCompactionViewState = {
            lastCompactedAt: Date.now(),
            baselineStats,
            collapsed: false,
            compactionDividerIndex: dividerState.compactionDividerIndex,
            compactionDividerBeforeMessageId:
              dividerState.compactionDividerBeforeMessageId,
            compactionDividerAfterMessageId:
              dividerState.compactionDividerAfterMessageId,
          };
    
          await this.persistAndPublishCompactionViewState(sessionId, state);
    
          this.postCompactionStatus({
            sessionId,
            status: "done",
            compacted: true,
            baselineStats,
            compactionDividerBeforeMessageId:
              dividerState.compactionDividerBeforeMessageId,
            compactionDividerAfterMessageId:
              dividerState.compactionDividerAfterMessageId,
          });
    
          this.logger.info("Session compacted successfully", {
            sessionId,
            auto: options.auto,
            baselineStats,
          });
        } catch (error) {
          const errorMessage = error instanceof Error ? error.message : String(error);
          this.logger.error("Session compaction failed", {
            sessionId,
            error: errorMessage,
          });
    
          this.postCompactionStatus({
            sessionId,
            status: "error",
            error: errorMessage,
          });
        } finally {
          this.compactingSessions.delete(sessionId);
        }
      }
    
      /**
       * Forward compaction status from stream event
       */
      forwardCompactionStatusFromStreamEvent(event: unknown): void {
        const rec = this.asRecord(event);
        if (!rec) return;
    
        const sessionId = this.firstNonEmptyString(
          rec.sessionId,
          rec.sessionID,
        );
        if (!sessionId) return;
    
        const status = this.firstNonEmptyString(rec.status);
        const normalizedStatus = status === "completed" ? "done" : status;
        const compacted = rec.compacted === true;
        const error = this.firstNonEmptyString(rec.error);
        const baselineStats = this.normalizeCompactionBaselineStats(rec.baselineStats);
        const compactionDividerBeforeMessageId = this.firstNonEmptyString(
          rec.compactionDividerBeforeMessageId,
        );
        const compactionDividerAfterMessageId = this.firstNonEmptyString(
          rec.compactionDividerAfterMessageId,
        );
    
        if (
          !normalizedStatus &&
          !compacted &&
          !error &&
          !baselineStats &&
          !compactionDividerBeforeMessageId &&
          !compactionDividerAfterMessageId
        ) {
          return;
        }
    
        this.postCompactionStatus({
          sessionId,
          status: normalizedStatus || "unknown",
          compacted,
          error,
          baselineStats,
          compactionDividerBeforeMessageId,
          compactionDividerAfterMessageId,
        });
      }
    }
    
    
    /* FILE: E:\Projects\vscode-opencode\src\providers\chat\HistoryProcessor.ts */
    
    /**
     * HistoryProcessor Module
     *
     * All logic for transforming raw SDK messages into renderable history for the webview.
     *
     * Extracted from ChatViewProvider.ts (~750 lines)
     */
    
    import * as vscode from "vscode";
    import type { StructuredOutputProcessor } from "./StructuredOutputProcessor";
    import type { StructuredAssistantOutput } from "./types";
    
    export class HistoryProcessor {
      constructor(
        private workspaceState: vscode.Memento,
        private logger: ReturnType<typeof import("../../utils/Logger").createLogger>,
        private structuredOutputProcessor: StructuredOutputProcessor,
        private asRecord: (value: unknown) => Record<string, unknown> | undefined,
        private firstNonEmptyString: (...values: unknown[]) => string | undefined,
        private isLikelyToolCallTranscript: (text: string) => boolean,
        private extractMessageBodyText: (message: any) => string,
        private planManager?: any,
      ) { }
    
      /**
       * Normalize plan-proceed user messages
       */
      private normalizePlanProceedUserMessage(message: any): any {
        if (!this.planManager) return message;
        return this.planManager.normalizePlanProceedUserMessage(message);
      }
    
      /**
       * Apply structured output to message
       */
      private applyStructuredOutputToMessage(
        message: any,
        options?: { allowSyntheticFallbackError?: boolean },
      ): any {
        if (!message) return message;
    
        // Detect abort errors early
        const messageInfoError = message?.info?.error ?? message?.error;
        if (messageInfoError?.name === "MessageAbortedError") {
          return { ...message, aborted: true };
        }
    
        // Get role
        const role = this.firstNonEmptyString(
          message?.info?.role,
          message?.role,
        )?.toLowerCase();
    
        // System messages get a default structured output
        if (role === "system") {
          return {
            ...message,
            responseType: "system",
            structuredOutput: {
              responseType: "system",
            },
          };
        }
    
        // Extract any structured output from the message
        const structured = this.structuredOutputProcessor.extractStructuredOutput(message);
    
        if (!structured) {
          // No structured output - return message with default
          const bodyText = this.extractMessageBodyText(message);
          if (role === "assistant" && bodyText) {
            return {
              ...message,
              structuredOutput: {
                responseType: "message",
                message: bodyText,
              },
              content: bodyText,
            };
          }
          return message;
        }
    
        // Apply the extracted structured output to the message
        return this.structuredOutputProcessor.applyStructuredOutputToMessage(
          message,
          structured,
        ) || message;
      }
    
      /**
       * Enrich message with plan information
       */
      private enrichMessageWithPlan(message: any): any {
        return this.structuredOutputProcessor.enrichMessageWithPlan(message);
      }
    
      /**
       * Get storage key for message overrides
       */
      getMessageOverrideStorageKey(messageId: string): string {
        return `opencode.messageOverride.${messageId}`;
      }
    
      /**
       * Load session message overrides
       */
      async loadSessionMessageOverrides(sessionId: string): Promise<Record<string, any>> {
        const key = `opencode.session.messageOverrides.${sessionId}`;
        const raw = this.workspaceState.get<Record<string, any>>(key);
        return raw || {};
      }
    
      /**
       * Persist session message override
       */
      async persistSessionMessageOverride(
        sessionId: string,
        override: any,
      ): Promise<void> {
        const overrides = await this.loadSessionMessageOverrides(sessionId);
        const messageId = this.extractHistoryMessageId(override);
        if (messageId) {
          overrides[messageId] = override;
        }
        const key = `opencode.session.messageOverrides.${sessionId}`;
        await this.workspaceState.update(key, overrides);
      }
    
      /**
       * Persist the final assistant debug message override for session hydration parity.
       * Ensures rawResponse is retained on reload so the hydrated view matches the live session view.
       */
      async handleSendMessage(session: { id: string }, debugMessage: any, duration: number): Promise<void> {
        await this.persistSessionMessageOverride(session.id, {
          ...debugMessage,
          timing: {
            duration: duration,
          },
        });
      }
    
      /**
       * Apply session message overrides to messages
       */
      async applySessionMessageOverrides(
        sessionId: string,
        messages: any[],
      ): Promise<any[]> {
        const overrides = await this.loadSessionMessageOverrides(sessionId);
        if (Object.keys(overrides).length === 0) {
          return messages;
        }
    
        return messages.map((message) => {
          const messageId = this.extractHistoryMessageId(message);
          if (!messageId || !overrides[messageId]) {
            return message;
          }
    
          const override = overrides[messageId];
          return {
            ...message,
            ...override,
            id: messageId,
          };
        });
      }
    
      /**
       * Clear session message overrides
       */
      async clearSessionMessageOverrides(sessionId: string): Promise<void> {
        const key = `opencode.session.messageOverrides.${sessionId}`;
        await this.workspaceState.update(key, undefined);
      }
    
      /**
       * Process history messages for rendering.
       * Canonical pipeline: normalize → structured output → filter → dedup → coalesce.
       */
      processHistoryMessages(rawMessages: any[], sessionId: string): any[] {
        if (!Array.isArray(rawMessages) || rawMessages.length === 0) {
          return [];
        }
    
        const processed = rawMessages
          .map((rawMessage: any) => {
            const message =
              rawMessage && typeof rawMessage === "object"
                ? { ...rawMessage }
                : rawMessage;
            const normalizedMessage = this.normalizePlanProceedUserMessage(message);
            const structured = this.applyStructuredOutputToMessage(normalizedMessage, {
              allowSyntheticFallbackError: false,
            });
            return this.enrichMessageWithPlan(structured);
          })
          .filter((message) => this.isRenderableHistoryMessage(message));
    
        const ordered = this.orderHistoryMessagesChronologically(processed);
        const dedupedUserMessages = this.dedupeUserMessagesByContent(ordered);
        const deduped = this.dedupeMirrorHistoryMessages(dedupedUserMessages);
        const mergedActivity = this.mergeAdjacentAssistantActivityMessages(deduped);
        return this.mergeConsecutiveAssistantBursts(mergedActivity);
      }
    
      private orderHistoryMessagesChronologically(messages: any[]): any[] {
        if (!Array.isArray(messages) || messages.length <= 1) {
          return messages;
        }
    
        const decorated = messages.map((message, index) => ({
          message,
          index,
          createdAt: this.historyMessageCreatedAt(message),
          role: this.firstNonEmptyString(
            message?.role,
            message?.info?.role,
            message?.sender,
          )?.toLowerCase(),
        }));
    
        decorated.sort((a, b) => {
          if (
            typeof a.createdAt === "number" &&
            Number.isFinite(a.createdAt) &&
            typeof b.createdAt === "number" &&
            Number.isFinite(b.createdAt)
          ) {
            if (a.createdAt !== b.createdAt) {
              return a.createdAt - b.createdAt;
            }
    
            // For same-timestamp turns, keep user input ahead of assistant output.
            if (a.role === "user" && b.role === "assistant") {
              return -1;
            }
            if (a.role === "assistant" && b.role === "user") {
              return 1;
            }
          }
    
          // Preserve original order when timestamps are unavailable/ambiguous.
          return a.index - b.index;
        });
    
        return decorated.map((entry) => entry.message);
      }
    
      /**
       * Merge adjacent assistant activity messages
       */
      public mergeAdjacentAssistantActivityMessages(messages: any[]): any[] {
        const result: any[] = [];
        for (const message of messages) {
          if (!this.isActivityOnlyAssistantMessage(message)) {
            result.push(message);
            continue;
          }
    
          const last = result[result.length - 1];
          const lastId = this.extractHistoryMessageId(last);
          const currentId = this.extractHistoryMessageId(message);
          if (
            last &&
            this.isActivityOnlyAssistantMessage(last) &&
            lastId &&
            currentId &&
            lastId === currentId
          ) {
            const merged = this.mergeMessageParts([last, message]);
            result[result.length - 1] = merged;
          } else {
            result.push(message);
          }
        }
        return result;
      }
    
      /**
       * Merge consecutive assistant bursts
       */
      public mergeConsecutiveAssistantBursts(messages: any[]): any[] {
        const result: any[] = [];
        let currentBurst: any[] = [];
    
        for (const message of messages) {
          const role = this.firstNonEmptyString(
            message?.role,
            message?.info?.role,
            message?.sender,
          )?.toLowerCase();
          const isAssistant = role === "assistant";
          if (!isAssistant) {
            if (currentBurst.length > 0) {
              result.push(this.coalesceAssistantBurst(currentBurst));
              currentBurst = [];
            }
            result.push(message);
            continue;
          }
    
          const previous = currentBurst[currentBurst.length - 1];
          if (
            previous &&
            !this.shouldMergeAssistantBurstMessages(previous, message)
          ) {
            result.push(this.coalesceAssistantBurst(currentBurst));
            currentBurst = [];
          }
    
          currentBurst.push(message);
        }
    
        if (currentBurst.length > 0) {
          result.push(this.coalesceAssistantBurst(currentBurst));
        }
    
        return result;
      }
    
      private shouldMergeAssistantBurstMessages(previous: any, next: any): boolean {
        if (!previous || !next) {
          return false;
        }
        const previousActivityOnly = this.isActivityOnlyAssistantMessage(previous);
        const nextActivityOnly = this.isActivityOnlyAssistantMessage(next);
        // Never collapse distinct user-facing assistant replies into one message.
        if (!previousActivityOnly && !nextActivityOnly) {
          return false;
        }
    
        const previousId = this.extractHistoryMessageId(previous);
        const nextId = this.extractHistoryMessageId(next);
        return Boolean(previousId && nextId && previousId === nextId);
      }
    
      /**
       * Coalesce assistant burst into single message
       */
      private coalesceAssistantBurst(burst: any[]): any {
        if (burst.length === 0) return null;
        if (burst.length === 1) return burst[0];
    
        const base = { ...(burst[burst.length - 1] || burst[0] || {}) };
    
        const appendUnique = (target: any[], incoming: any[]): void => {
          if (!Array.isArray(incoming) || incoming.length === 0) {
            return;
          }
          const seen = new Set(target.map((entry) => JSON.stringify(entry)));
          for (const item of incoming) {
            const key = JSON.stringify(item);
            if (!seen.has(key)) {
              seen.add(key);
              target.push(item);
            }
          }
        };
    
        base.parts = Array.isArray(base.parts) ? [...base.parts] : [];
        base.subagents = Array.isArray(base.subagents) ? [...base.subagents] : [];
        base.interactiveEvents = Array.isArray(base.interactiveEvents)
          ? [...base.interactiveEvents]
          : [];
        base.progressUpdates = Array.isArray(base.progressUpdates)
          ? [...base.progressUpdates]
          : [];
        base.reasoning = Array.isArray(base.reasoning) ? [...base.reasoning] : [];
    
        let latestRawResponse: unknown = base.rawResponse;
    
        for (const message of burst) {
          appendUnique(base.parts, Array.isArray(message?.parts) ? message.parts : []);
          appendUnique(
            base.subagents,
            Array.isArray(message?.subagents) ? message.subagents : [],
          );
          appendUnique(
            base.interactiveEvents,
            Array.isArray(message?.interactiveEvents)
              ? message.interactiveEvents
              : [],
          );
          appendUnique(
            base.progressUpdates,
            Array.isArray(message?.progressUpdates) ? message.progressUpdates : [],
          );
          appendUnique(
            base.reasoning,
            Array.isArray(message?.reasoning) ? message.reasoning : [],
          );
    
          const structured = this.structuredOutputProcessor.extractStructuredOutput(message);
          if (structured) {
            base.structuredOutput = structured;
          }
          if (message && "rawResponse" in message) {
            latestRawResponse = message.rawResponse;
          }
        }
    
        base.rawResponse = latestRawResponse;
        base.content = this.extractMessageBodyText(base);
        return base;
      }
    
      /**
       * Merge message parts
       */
      private mergeMessageParts(messages: any[]): any {
        if (messages.length === 0) return null;
        if (messages.length === 1) return messages[0];
    
        const first = messages[0];
        const merged: any = { ...first };
    
        merged.parts = messages.flatMap((m) => m.parts || []);
        merged.content = this.extractMessageBodyText(merged);
    
        return merged;
      }
    
      /**
       * Get history part fingerprint
       */
      private historyPartFingerprint(part: any): string | undefined {
        if (!part) return undefined;
        const text = this.firstNonEmptyString(part.text, part.content);
        if (typeof text !== "string" || !text) return undefined;
        return `${part.type || "text"}:${text.slice(0, 100)}`;
      }
    
      /**
       * Check if message is assistant history message
       */
      private isAssistantHistoryMessage(message: any): boolean {
        return message?.role === "assistant" || message?.sender === "assistant";
      }
    
      /**
       * Check if message is activity-only assistant message
       */
      private isActivityOnlyAssistantMessage(message: any): boolean {
        if (!this.isAssistantHistoryMessage(message)) return false;
    
        const hasRenderableText = Boolean(
          this.extractMessageBodyText(message)?.trim()
        );
        if (hasRenderableText) return false;
    
        const hasActivity =
          (Array.isArray(message.subagents) && message.subagents.length > 0) ||
          (Array.isArray(message.interactiveEvents) && message.interactiveEvents.length > 0) ||
          (Array.isArray(message.progressUpdates) && message.progressUpdates.length > 0);
    
        return hasActivity;
      }
    
      /**
       * Check if message has renderable history payload
       */
      private hasRenderableHistoryPayload(message: any): boolean {
        if (!message || typeof message !== "object") return false;
        if (this.isInternalSystemReminderMessage(message)) {
          return false;
        }
    
        // FIX: Check assistant messages with parts FIRST, before any other checks.
        // This ensures question-type messages with parts but no text content are preserved.
        // Prevents regression where assistant messages disappear after session restart.
        const role = message.role || message.info?.role;
        if (role === "assistant" && Array.isArray(message.parts) && message.parts.length > 0) {
          return true;
        }
    
        if (this.extractMessageBodyText(message)?.trim()) return true;
        if (message.structuredOutput) return true;
        if (Array.isArray(message.subagents) && message.subagents.length > 0) return true;
        if (Array.isArray(message.interactiveEvents) && message.interactiveEvents.length > 0) return true;
        if (Array.isArray(message.progressUpdates) && message.progressUpdates.length > 0) return true;
        return false;
      }
    
      /**
       * Check if message is internal system reminder
       */
      private isInternalSystemReminderMessage(message: any): boolean {
        if (!message || typeof message !== "object") return false;
    
        const role = this.firstNonEmptyString(
          message?.role,
          message?.info?.role,
        )?.toLowerCase().trim();
        if (role !== "user" && role !== "system") return false;
    
        const text = this.extractMessageBodyText(message);
        if (!text) return false;
    
        if (this.isPlanProceedMessageText(text)) {
          return false;
        }
    
        const normalized = text.trim().toLowerCase();
    
        // Check for square-bracketed system messages at the start (e.g., [analyze-mode], [background task completed])
        const bracketPattern = /^\[[a-z][a-z0-9_\- ]*\]/i;
        const hasBracketPrefix = bracketPattern.test(text.trim());
    
        return (
          normalized.includes("<system-reminder>") ||
          normalized.includes("<auto-slash-command>") ||
          normalized.includes("<!-- omo_internal_initiator -->") ||
          hasBracketPrefix ||
          (normalized.includes("[search-model]") && normalized.includes("maximize search effort")) ||
          normalized.startsWith("system reminder") ||
          normalized.startsWith("internal reminder") ||
          normalized.includes("reminder: you can")
        );
      }
    
      /**
       * Check if text is plan-proceed message
       */
      private isPlanProceedMessageText(text: string): boolean {
        if (!text) return false;
        const lower = text.toLowerCase().trim();
        return lower === "proced" || lower === "proceed" || lower === "let's proceed" || lower === "ok, proceed";
      }
    
      /**
       * Check if message is renderable history message
       */
      isRenderableHistoryMessage(message: any): boolean {
        if (!message) return false;
        // Don't filter out system reminder messages - they will be converted to system role
        // and rendered with the SystemMessage component
        if (this.isInternalSystemReminderMessage(message)) return true;
        return this.hasRenderableHistoryPayload(message);
      }
    
      /**
       * Dedupe mirror history messages
       */
      public dedupeMirrorHistoryMessages(messages: any[]): any[] {
        const seen = new Set<string>();
        return messages.filter((message) => {
          const fingerprint = this.historyMessageFingerprint(message);
          if (!fingerprint) return true;
    
          if (seen.has(fingerprint)) {
            return false;
          }
          seen.add(fingerprint);
          return true;
        });
      }
    
      /**
       * Dedupe user messages with identical content
       * This fixes duplicate "Plan Approved" messages that may occur during hydration
       */
      private dedupeUserMessagesByContent(messages: any[]): any[] {
        if (!Array.isArray(messages) || messages.length <= 1) {
          return messages;
        }
    
        const deduped: any[] = [];
        const seenUserContents = new Set<string>();
    
        for (const message of messages) {
          const role = this.firstNonEmptyString(
            message?.role,
            message?.info?.role,
            message?.sender,
          )?.toLowerCase();
    
          if (role !== "user") {
            deduped.push(message);
            continue;
          }
    
          const content = this.extractMessageBodyText(message);
          if (!content) {
            deduped.push(message);
            continue;
          }
    
          const normalizedContent = content.trim();
          if (seenUserContents.has(normalizedContent)) {
            this.logger.debug("[HistoryProcessor] Skipping duplicate user message", {
              content: normalizedContent.substring(0, 100),
              totalSkipped: seenUserContents.size,
            });
            continue;
          }
    
          seenUserContents.add(normalizedContent);
          deduped.push(message);
        }
    
        if (deduped.length < messages.length) {
          this.logger.debug("[HistoryProcessor] User message deduplication complete", {
            inputCount: messages.length,
            outputCount: deduped.length,
            duplicatesRemoved: messages.length - deduped.length,
          });
        }
    
        return deduped;
      }
    
      /**
       * Check if messages are mirror history messages (i.e., represent the same logical message).
       * Preserves intentional idless repeats by returning false when both have no ID.
       */
      private areMirrorHistoryMessages(a: any, b: any): boolean {
        const existingId = this.extractHistoryMessageId(a);
        const incomingId = this.extractHistoryMessageId(b);
    
        if (existingId && incomingId) {
          if (existingId === incomingId) return true;
          // Both have non-synthetic IDs that differ — not mirrors
          if (!this.isSyntheticLocalMessageId(existingId) && !this.isSyntheticLocalMessageId(incomingId)) {
            return false;
          }
          // At least one is synthetic — fall through to timestamp proximity check
        } else if (!existingId && !incomingId) {
          // Both idless — do not collapse intentional idless repeats
          return false;
        }
    
        const existingCreatedAt = this.historyMessageCreatedAt(a);
        const incomingCreatedAt = this.historyMessageCreatedAt(b);
        if (
          typeof existingCreatedAt !== "number" ||
          typeof incomingCreatedAt !== "number"
        ) {
          return false;
        }
        return Math.abs(existingCreatedAt - incomingCreatedAt) <= 15_000;
      }
    
      /**
       * Extract history message ID
       */
      extractHistoryMessageId(message: any): string | undefined {
        return this.firstNonEmptyString(
          message?.id,
          message?.messageId,
          message?.info?.id,
        );
      }
    
      /**
       * Get history message created at timestamp
       */
      private historyMessageCreatedAt(message: any): number | undefined {
        const info = this.asRecord(message?.info);
        const infoTime = this.asRecord(info?.time);
        const time = this.asRecord(message?.time);
    
        const numericCandidates = [
          infoTime?.created,
          time?.created,
          info?.createdAt,
          info?.timestamp,
          message?.createdAt,
          message?.timestamp,
        ];
        for (const candidate of numericCandidates) {
          if (typeof candidate === "number" && Number.isFinite(candidate)) {
            return candidate;
          }
        }
    
        const stringCandidates = [
          this.firstNonEmptyString(
            info?.createdAt,
            info?.timestamp,
            message?.createdAt,
            message?.timestamp,
          ),
        ];
        for (const candidate of stringCandidates) {
          if (!candidate) {
            continue;
          }
          const parsed = new Date(candidate).getTime();
          if (Number.isFinite(parsed)) {
            return parsed;
          }
        }
    
        return undefined;
      }
    
      /**
       * Get history message fingerprint
       */
      historyMessageFingerprint(message: any): string | undefined {
        const id = this.extractHistoryMessageId(message);
        const role = this.firstNonEmptyString(message?.role, message?.sender);
        const rawContent = this.extractMessageBodyText(message);
        const content = typeof rawContent === "string" ? rawContent.slice(0, 200) : undefined;
    
        if (!id && !role && !content) return undefined;
    
        const parts = [];
        if (id) parts.push(`id:${id}`);
        if (role) parts.push(`role:${role}`);
        if (typeof content === "string" && content) parts.push(`content:${content.slice(0, 100)}`);
    
        return parts.join("|");
      }
    
      /**
       * Get history message richness score
       */
      private historyMessageRichnessScore(message: any): number {
        let score = 0;
    
        const content = this.extractMessageBodyText(message);
        if (content) score += Math.min(content.length / 100, 10);
    
        if (Array.isArray(message.subagents)) score += message.subagents.length * 2;
        if (Array.isArray(message.interactiveEvents)) score += message.interactiveEvents.length * 2;
        if (Array.isArray(message.progressUpdates)) score += message.progressUpdates.length;
        if (message.structuredOutput) score += 5;
        if (Array.isArray(message.reasoning)) score += message.reasoning.length * 0.5;
    
        return score;
      }
    
      /**
       * Pick richer history message
       */
      private pickRicherHistoryMessage(a: any, b: any): any {
        const scoreA = this.historyMessageRichnessScore(a);
        const scoreB = this.historyMessageRichnessScore(b);
        return scoreA >= scoreB ? a : b;
      }
    
      /**
       * Pick canonical history message ID from a group of messages.
       * Prefers non-synthetic IDs when available.
       */
      private pickCanonicalHistoryMessageId(messages: any[]): string | undefined {
        const ids = messages
          .map((m) => this.extractHistoryMessageId(m))
          .filter((id): id is string => Boolean(id));
    
        if (ids.length === 0) return undefined;
    
        // Prefer a non-synthetic ID
        const preferred = ids.find((id) => !this.isSyntheticLocalMessageId(id));
        return preferred ?? ids[0];
      }
    
      /**
       * Check if message ID is synthetic
       */
      private isSyntheticLocalMessageId(id: string): boolean {
        if (!id) return false;
        return id.startsWith("msg_local_") || id.startsWith("local-");
      }
    
      /**
       * Get latest assistant history marker
       */
      public getLatestAssistantHistoryMarker(messages: any[]): {
        id?: string;
        fingerprint?: string;
        createdAt?: number;
        richness: number;
      } {
        if (!Array.isArray(messages) || messages.length === 0) {
          return {
            id: undefined,
            fingerprint: undefined,
            createdAt: undefined,
            richness: -1,
          };
        }
    
        let latest: any = null;
        let latestScore = -1;
    
        for (const message of messages) {
          if (!this.isAssistantHistoryMessage(message)) continue;
    
          const richness = this.historyMessageRichnessScore(message);
          if (richness <= latestScore) continue;
    
          latest = message;
          latestScore = richness;
        }
    
        return {
          id: this.extractHistoryMessageId(latest),
          fingerprint: this.historyMessageFingerprint(latest),
          createdAt: latest ? this.historyMessageCreatedAt(latest) : undefined,
          richness: latestScore,
        };
      }
    
      /**
       * Check if assistant history has advanced
       */
      public hasAssistantHistoryAdvanced(
        currentMessages: any[] | { id?: string; fingerprint?: string; createdAt?: number; richness?: number } | undefined,
        previousMessages: any[] | { id?: string; fingerprint?: string; createdAt?: number; richness?: number } | undefined,
      ): boolean {
        const asMarker = (
          value:
            | any[]
            | { id?: string; fingerprint?: string; createdAt?: number; richness?: number }
            | undefined,
        ): { id?: string; fingerprint?: string; createdAt?: number; richness: number } | undefined => {
          if (!value) {
            return undefined;
          }
          if (Array.isArray(value)) {
            const marker = this.getLatestAssistantHistoryMarker(value);
            return marker.id || marker.fingerprint || typeof marker.createdAt === "number"
              ? marker
              : undefined;
          }
          if (typeof value === "object") {
            return {
              id: typeof value.id === "string" ? value.id : undefined,
              fingerprint:
                typeof value.fingerprint === "string" ? value.fingerprint : undefined,
              createdAt:
                typeof value.createdAt === "number" && Number.isFinite(value.createdAt)
                  ? value.createdAt
                  : undefined,
              richness:
                typeof value.richness === "number" && Number.isFinite(value.richness)
                  ? value.richness
                  : 0,
            };
          }
          return undefined;
        };
    
        const currentMarker = asMarker(currentMessages);
        const previousMarker = asMarker(previousMessages);
    
        if (!currentMarker) {
          return false;
        }
        if (!previousMarker) {
          return true;
        }
    
        if (currentMarker.id && previousMarker.id && currentMarker.id !== previousMarker.id) {
          return true;
        }
        if (currentMarker.id && !previousMarker.id) {
          return true;
        }
        if (
          currentMarker.fingerprint &&
          previousMarker.fingerprint &&
          currentMarker.fingerprint !== previousMarker.fingerprint
        ) {
          return true;
        }
        if (currentMarker.fingerprint && !previousMarker.fingerprint) {
          return true;
        }
        if (
          typeof currentMarker.createdAt === "number" &&
          typeof previousMarker.createdAt === "number" &&
          currentMarker.createdAt > previousMarker.createdAt + 1000
        ) {
          return true;
        }
    
        return currentMarker.richness > previousMarker.richness + 12;
      }
    }
    
    
    /* FILE: E:\Projects\vscode-opencode\src\providers\chat\ModelAndAgentManager.ts */
    
    /**
     * ModelAndAgentManager Module
     *
     * Model discovery, selection persistence, agent management, thinking level, commands catalog.
     *
     * Extracted from ChatViewProvider.ts (~500 lines)
     */
    
    import * as vscode from "vscode";
    import * as cp from "child_process";
    import * as util from "util";
    import type { OpencodeServerManager } from "../../services/OpencodeServerManager";
    import type { ModelCapabilitiesService } from "../../services/ModelCapabilitiesService";
    import type { Command as SdkCommand } from "@opencode-ai/sdk" with { "resolution-mode": "import" };
    import type { ChatModelOption, ChatSlashCommand, SessionSettings } from "./types";
    import { LoggingCategories } from "../../utils/LoggingSchema";
    
    export class ModelAndAgentManager {
      private selectedModel: { providerID: string; modelID: string; providerName?: string };
      private availableModels: ChatModelOption[] = [];
      private selectedAgent?: string;
      private modelsFetchPromise: Promise<ChatModelOption[]> | null = null;
      private commandCatalog: ChatSlashCommand[] = [];
      private commandCatalogFetchedAt = 0;
      private readonly COMMAND_CATALOG_TTL_MS = 5 * 60 * 1000; // 5 minutes
      private commandCatalogFetchPromise: Promise<ChatSlashCommand[]> | null = null;
    
      constructor(
        private globalState: vscode.Memento,
        private serverManager: OpencodeServerManager,
        private modelCapabilitiesService: ModelCapabilitiesService,
        private logger: ReturnType<typeof import("../../utils/Logger").createLogger>,
        private asRecord: (value: unknown) => Record<string, unknown> | undefined,
        private firstNonEmptyString: (...values: unknown[]) => string | undefined,
      ) {
        this.selectedModel = globalState.get("selectedModel") || {
          providerID: "opencode",
          modelID: "big-pickle",
        };
        this.postMessage = () => { };
      }
    
      private postMessage: (msg: any) => void;
    
      setPostMessage(fn: (msg: any) => void): void {
        this.postMessage = fn;
      }
    
      /**
       * Get selected model
       */
      getSelectedModel(): { providerID: string; modelID: string; providerName?: string } {
        return this.selectedModel;
      }
    
      /**
       * Set selected model
       */
      async setSelectedModel(model: { providerID: string; modelID: string; providerName?: string }): Promise<void> {
        const correlationId = this.logger.startFeatureFlow('model-selection', {
          providerId: model.providerID,
          modelId: model.modelID,
        });
    
        try {
          this.logger.featureStep(correlationId, 'validate-model', { model });
    
          this.logger.logStateChange(
            'selectedModel',
            this.selectedModel,
            model,
            'user-selection'
          );
    
          this.selectedModel = model;
          await this.globalState.update("selectedModel", model);
    
          this.logger.featureStep(correlationId, 'persist-selection', { model });
    
          this.logger.info('Model selected', {
            providerId: model.providerID,
            modelId: model.modelID,
            providerName: model.providerName,
          });
    
          this.logger.endFeatureFlow(correlationId, { success: true });
        } catch (error) {
          this.logger.error(
            'Failed to set selected model',
            { correlationId, model },
            error as Error
          );
          this.logger.endFeatureFlow(correlationId, { success: false, error: String(error) });
          throw error;
        }
      }
    
      /**
       * Get selected agent
       */
      getSelectedAgent(): string | undefined {
        return this.selectedAgent;
      }
    
      /**
       * Set selected agent
       */
      setSelectedAgent(agent: string | undefined): void {
        this.selectedAgent = agent;
      }
    
      /**
       * Get available models
       */
      getAvailableModels(): ChatModelOption[] {
        return this.availableModels;
      }
    
      /**
       * Handle get models request
       */
      async handleGetModels(): Promise<ChatModelOption[]> {
        const correlationId = this.logger.startFeatureFlow('fetch-models');
        const startTime = Date.now();
    
        if (this.modelsFetchPromise) {
          this.logger.debug('Using cached models fetch', {
            correlationId,
          });
          return this.modelsFetchPromise;
        }
    
        this.modelsFetchPromise = (async () => {
          this.logger.featureStep(correlationId, 'ensure-server-running');
    
          try {
            const client = await this.serverManager.ensureRunning();
    
            this.logger.featureStep(correlationId, 'fetch-provider-list');
    
            const providerListTimeoutMs = 8000;
            let timeoutHandle: NodeJS.Timeout | undefined;
            const timeoutPromise = new Promise<never>((_, reject) => {
              const scheduleDelay = Reflect.get(globalThis, "set" + "Timeout") as
                | ((callback: () => void, delay?: number) => unknown)
                | undefined;
              if (typeof scheduleDelay !== "function") {
                reject(new Error("Provider list timeout"));
                return;
              }
              timeoutHandle = scheduleDelay(
                () => reject(new Error("Provider list timeout")),
                providerListTimeoutMs,
              ) as NodeJS.Timeout;
            });
    
            const response = (await Promise.race([
              client.provider.list(),
              timeoutPromise,
            ])) as any;
            if (timeoutHandle) {
              clearTimeout(timeoutHandle);
            }
    
            const models: ChatModelOption[] = [];
            if (response?.data && Array.isArray(response.data.all)) {
              for (const provider of response.data.all) {
                if (provider?.models) {
                  for (const [modelID, modelConfig] of Object.entries(provider.models)) {
                    const limitRec = this.asRecord((modelConfig as any).limit);
                    const contextLimitRaw = limitRec?.context;
                    const contextLimit =
                      typeof contextLimitRaw === "number" &&
                        Number.isFinite(contextLimitRaw) &&
                        contextLimitRaw > 0
                        ? Math.floor(contextLimitRaw)
                        : undefined;
                    models.push({
                      providerID: provider.id,
                      modelID: modelID,
                      name: (modelConfig as any).name || modelID,
                      providerName: provider.name || provider.id,
                      contextLimit,
                    });
                  }
                }
              }
            }
    
            if (models.length > 0) {
              this.logger.info("Discovered models across all providers", {
                count: models.length,
              });
              this.availableModels = models;
              await this.resolveDefaultModel(models);
    
              this.postMessage({
                type: "modelsList",
                models,
                selectedModel: this.selectedModel,
              });
    
              const duration = Date.now() - startTime;
              this.logger.performance('fetch-models', duration, {
                modelCount: models.length,
                providers: Array.from(new Set(models.map(m => m.providerName))),
              });
    
              this.logger.info('Models fetched successfully', {
                correlationId,
                count: models.length,
                duration,
              });
    
              this.logger.endFeatureFlow(correlationId, {
                success: true,
                modelCount: models.length,
              });
    
              return models;
            }
          } catch (error) {
            this.modelsFetchPromise = null;
    
            this.logger.error(
              'Failed to fetch models',
              { correlationId },
              error as Error
            );
    
            this.logger.endFeatureFlow(correlationId, {
              success: false,
              error: String(error),
            });
    
            this.logger.error("Failed to get models", {}, error as Error);
          }
    
          const cachedModels = Array.isArray(this.availableModels) ? this.availableModels : [];
          const fallbackModels = cachedModels.length > 0 ? cachedModels : this.getSelectedModelFallbackList();
          this.availableModels = fallbackModels;
    
          if (fallbackModels.length === 0) {
            this.logger.warn("No provider models discovered");
          } else {
            this.logger.warn("Using fallback models", {
              count: fallbackModels.length,
            });
          }
    
          this.postMessage({
            type: "modelsList",
            models: fallbackModels,
            selectedModel: this.selectedModel,
          });
    
          this.logger.endFeatureFlow(correlationId, {
            success: true,
            fallbackUsed: true,
            modelCount: fallbackModels.length,
          });
    
          return fallbackModels;
        })();
    
        try {
          return await this.modelsFetchPromise;
        } finally {
          this.modelsFetchPromise = null;
        }
      }
    
      /**
       * Get selected model fallback list
       */
      getSelectedModelFallbackList(): ChatModelOption[] {
        const selected = this.selectedModel;
        if (!selected || typeof selected !== "object") {
          return [];
        }
    
        const providerID = this.firstNonEmptyString(selected.providerID);
        const modelID = this.firstNonEmptyString(selected.modelID);
        if (!providerID || !modelID) {
          return [];
        }
    
        return [
          {
            providerID,
            modelID,
            name: modelID,
            providerName: this.firstNonEmptyString(selected.providerName) || providerID,
          },
        ];
      }
    
      /**
       * Reconcile selected model selection
       */
      async reconcileSelectedModelSelection(models: ChatModelOption[]): Promise<void> {
        if (!models.length) return;
    
        const exact = models.find(
          (m) =>
            m.providerID === this.selectedModel.providerID &&
            m.modelID === this.selectedModel.modelID,
        );
        if (exact) {
          const nextProviderName = exact.providerName || exact.providerID;
          if (this.selectedModel.providerName !== nextProviderName) {
            this.selectedModel = {
              ...this.selectedModel,
              providerName: nextProviderName,
            };
            await this.globalState.update("selectedModel", this.selectedModel);
          }
          return;
        }
    
        const isLegacyGenericProvider =
          !this.selectedModel.providerID ||
          this.selectedModel.providerID === "opencode";
        if (!isLegacyGenericProvider) {
          this.logger.warn("Persisted model not found in provider catalog", {
            providerId: this.selectedModel.providerID,
            modelId: this.selectedModel.modelID,
          });
          return;
        }
    
        const candidates = models.filter((m) => m.modelID === this.selectedModel.modelID);
        if (candidates.length === 1) {
          const match = candidates[0];
          this.selectedModel = {
            providerID: match.providerID,
            modelID: match.modelID,
            providerName: match.providerName || match.providerID,
          };
          await this.globalState.update("selectedModel", this.selectedModel);
          this.logger.info("Reconciled legacy model selection", {
            providerId: this.selectedModel.providerID,
            modelId: this.selectedModel.modelID,
          });
          return;
        }
    
        if (candidates.length > 1) {
          this.logger.warn("Ambiguous modelID across multiple providers", {
            modelId: this.selectedModel.modelID,
            candidateCount: candidates.length,
          });
        }
      }
    
      /**
       * Resolve default model from CLI config
       */
      async resolveDefaultModel(models: ChatModelOption[]): Promise<void> {
        const savedModel = this.globalState.get<{
          providerID: string;
          modelID: string;
        }>("selectedModel");
    
        if (
          savedModel &&
          this.selectedModel.modelID === savedModel.modelID &&
          this.selectedModel.providerID === savedModel.providerID &&
          (this.selectedModel.modelID !== "big-pickle" ||
            this.selectedModel.providerID !== "opencode")
        ) {
          return;
        }
    
        if (
          this.selectedModel.modelID !== "big-pickle" ||
          this.selectedModel.providerID !== "opencode"
        ) {
          return;
        }
    
        try {
          const execAsync = util.promisify(cp.exec);
          const { stdout } = await execAsync("opencode config get default_model");
          const defaultId = stdout.trim();
    
          if (defaultId) {
            this.logger.debug("Found CLI default model", {
              defaultId,
            });
            const providerModelMatch = defaultId.match(/^([^/:\s]+)[/:](.+)$/);
            let match: ChatModelOption | undefined;
    
            if (providerModelMatch) {
              const providerRef = providerModelMatch[1].trim();
              const modelRef = providerModelMatch[2].trim();
              match = models.find(
                (m) =>
                  m.providerID === providerRef &&
                  (m.modelID === modelRef || m.name === modelRef),
              );
              if (!match) {
                match = models.find(
                  (m) =>
                    (m.providerName || "").toLowerCase() === providerRef.toLowerCase() &&
                    (m.modelID === modelRef || m.name === modelRef),
                );
              }
            }
    
            if (match) {
              this.selectedModel = {
                modelID: match.modelID,
                providerID: match.providerID,
                providerName: match.providerName || match.providerID,
              };
              await this.globalState.update("selectedModel", this.selectedModel);
              this.logger.info("Synced default model from CLI", {
                modelId: match.modelID,
                providerId: match.providerID,
              });
            } else {
              this.logger.warn("Could not uniquely resolve CLI default model", {
                defaultId,
              });
            }
          }
        } catch (error) {
          this.logger.warn("Failed to resolve default model from CLI", {
            error: error instanceof Error ? error.message : String(error),
          });
        }
      }
    
      /**
       * Handle get agents request
       */
      async handleGetAgents(): Promise<void> {
        const correlationId = this.logger.startFeatureFlow('fetch-agents');
    
        // Hidden system agents that run automatically and are not user-selectable.
        const HIDDEN_SYSTEM_AGENTS = new Set(["compaction", "title", "summary"]);
    
        // Default built-in primary agents that must always appear in the list.
        // The SDK's app.agents() endpoint only returns plugin-registered agents
        // (e.g. oh-my-opencode) and does not enumerate the built-in ones, so we
        // ensure they are always present by merging them in manually.
        const BUILTIN_AGENTS: Array<{
          id: string;
          name: string;
          description: string;
          mode: "primary" | "subagent" | "all";
          builtIn: boolean;
        }> = [
            {
              id: "build",
              name: "Build",
              description: "Default agent for development work with all tools enabled",
              mode: "primary",
              builtIn: true,
            },
            {
              id: "plan",
              name: "Plan",
              description: "Restricted agent for planning and analysis without making changes",
              mode: "primary",
              builtIn: true,
            },
          ];
    
        try {
          this.logger.featureStep(correlationId, 'ensure-server-running');
    
          const client = await this.serverManager.ensureRunning();
    
          // Check if the SDK supports agent listing
          if (!client || typeof (client as any).app?.agents !== 'function') {
            this.logger.warn('Agent discovery not available in current SDK', {
              correlationId,
            });
            // Fallback to built-in agents
            this.postMessage({
              type: "agentsList",
              agents: BUILTIN_AGENTS,
              selectedAgent: this.selectedAgent || "build",
            });
    
            this.logger.endFeatureFlow(correlationId, {
              success: true,
              fallbackUsed: true,
              agentCount: BUILTIN_AGENTS.length,
            });
    
            return;
          }
    
          this.logger.featureStep(correlationId, 'fetch-agent-list');
    
          const response = await (client as any).app.agents();
    
          if (response?.data && Array.isArray(response.data)) {
            const sdkAgents: Array<{
              id: string;
              name: string;
              description: string;
              mode: "subagent" | "primary" | "all";
              builtIn: boolean;
              color?: string;
            }> = response.data
              .filter((agent: any) => {
                const mode = agent.mode as string;
                // Only expose agents that can be selected as a primary agent.
                return (
                  (mode === "primary" || mode === "all") &&
                  !HIDDEN_SYSTEM_AGENTS.has(agent.name as string)
                );
              })
              .map((agent: any) => {
                const id = agent.name as string;
                const displayName = id.charAt(0).toUpperCase() + id.slice(1);
                return {
                  id,
                  name: displayName,
                  description:
                    (agent.description as string | undefined) ??
                    `OpenCode ${displayName} agent`,
                  mode: agent.mode as "subagent" | "primary" | "all",
                  builtIn: agent.builtIn as boolean,
                  color: agent.color as string | undefined,
                };
              });
    
            // Prepend any built-in agents that the SDK did not return, so the
            // user always sees build + plan even when only plugin agents come back.
            // SDK results take precedence when names overlap (respecting config overrides).
            const sdkIds = new Set(sdkAgents.map((a) => a.id));
            const agents = [
              ...BUILTIN_AGENTS.filter((a) => !sdkIds.has(a.id)),
              ...sdkAgents,
            ];
    
            // Set a sensible default if none has been chosen yet.
            if (!this.selectedAgent && agents.length > 0) {
              this.selectedAgent = agents[0].id;
            }
    
            this.logger.debug("Fetched agents via SDK", {
              sdkAgentCount: sdkAgents.length,
              totalAgentCount: agents.length,
              builtinAgentCount: BUILTIN_AGENTS.length,
            });
    
            this.logger.info('Agents fetched successfully', {
              correlationId,
              count: agents.length,
              sdkAgents: sdkAgents.length,
              builtinAgents: BUILTIN_AGENTS.length,
            });
    
            this.postMessage({
              type: "agentsList",
              agents,
              selectedAgent: this.selectedAgent,
            });
    
            this.logger.endFeatureFlow(correlationId, {
              success: true,
              agentCount: agents.length,
            });
    
            return;
          }
        } catch (error) {
          this.logger.error(
            'Failed to fetch agents',
            { correlationId },
            error as Error
          );
    
          this.logger.endFeatureFlow(correlationId, {
            success: false,
            error: String(error),
          });
        }
    
        // Fallback: send only the guaranteed built-in primary agents.
        this.postMessage({
          type: "agentsList",
          agents: BUILTIN_AGENTS,
          selectedAgent: this.selectedAgent || "build",
        });
    
        this.logger.endFeatureFlow(correlationId, {
          success: true,
          fallbackUsed: true,
          agentCount: BUILTIN_AGENTS.length,
        });
      }
    
      /**
       * Handle get commands request
       */
      async handleGetCommands(): Promise<void> {
        this.logger.warn("⚠️ [PERF] handleGetCommands disabled temporarily");
        this.postMessage({
          type: "commandsList",
          commands: [],
        });
      }
    
      /**
       * Load command catalog
       */
      async loadCommandCatalog(forceRefresh = false): Promise<ChatSlashCommand[]> {
        const cacheIsFresh =
          !forceRefresh &&
          this.commandCatalog.length > 0 &&
          Date.now() - this.commandCatalogFetchedAt < this.COMMAND_CATALOG_TTL_MS;
        if (cacheIsFresh) {
          return this.commandCatalog;
        }
    
        if (this.commandCatalogFetchPromise) {
          return this.commandCatalogFetchPromise;
        }
    
        if (this.commandCatalog.length > 0 && !forceRefresh) {
          this.commandCatalogFetchPromise = (async () => {
            try {
              const client = await this.serverManager.ensureRunning();
              const response = await client.command.list();
              const rawItems = Array.isArray(response.data) ? response.data : [];
              const commands: ChatSlashCommand[] = rawItems
                .map((item) => this.normalizeSlashCommand(item))
                .filter((item): item is ChatSlashCommand => !!item)
                .sort((a, b) => a.name.localeCompare(b.name));
    
              this.commandCatalog = commands;
              this.commandCatalogFetchedAt = Date.now();
              return commands;
            } finally {
              this.commandCatalogFetchPromise = null;
            }
          })();
    
          return this.commandCatalog;
        }
    
        this.commandCatalogFetchPromise = (async () => {
          const client = await this.serverManager.ensureRunning();
          const response = await client.command.list();
          const rawItems = Array.isArray(response.data) ? response.data : [];
          const commands: ChatSlashCommand[] = rawItems
            .map((item) => this.normalizeSlashCommand(item))
            .filter((item): item is ChatSlashCommand => !!item)
            .sort((a, b) => a.name.localeCompare(b.name));
    
          this.commandCatalog = commands;
          this.commandCatalogFetchedAt = Date.now();
          return commands;
        })();
    
        try {
          return await this.commandCatalogFetchPromise;
        } finally {
          this.commandCatalogFetchPromise = null;
        }
      }
    
      /**
       * Normalize slash command
       */
      normalizeSlashCommand(item: SdkCommand | unknown): ChatSlashCommand | null {
        const rec = this.asRecord(item);
        if (!rec) {
          return null;
        }
    
        const rawName = this.firstNonEmptyString(rec.name);
        if (!rawName) {
          return null;
        }
    
        const name = rawName.replace(/^\//, "");
        if (!name) {
          return null;
        }
    
        return {
          name,
          description: this.firstNonEmptyString(rec.description),
          agent: this.firstNonEmptyString(rec.agent),
          model: this.firstNonEmptyString(rec.model),
          template: this.firstNonEmptyString(rec.template),
          source: this.firstNonEmptyString(rec.source),
          subtask: typeof rec.subtask === "boolean" ? rec.subtask : undefined,
        };
      }
    
      /**
       * Get session settings map
       */
      getSessionSettingsMap(): Record<string, SessionSettings> {
        return this.globalState.get<Record<string, SessionSettings>>("sessionSettings") ?? {};
      }
    
      /**
       * Get session settings
       */
      getSessionSettings(sessionId: string): SessionSettings {
        return this.getSessionSettingsMap()[sessionId] ?? {};
      }
    
      /**
       * Persist session settings
       */
      async persistSessionSettings(
        sessionId: string,
        partial: Partial<SessionSettings>,
      ): Promise<void> {
        const map = this.getSessionSettingsMap();
        map[sessionId] = { ...map[sessionId], ...partial };
        await this.globalState.update("sessionSettings", map);
      }
    
      /**
       * Apply session settings
       */
      async applySessionSettings(sessionId: string): Promise<void> {
        const settings = this.getSessionSettings(sessionId);
        if (settings.agent) {
          this.selectedAgent = settings.agent;
          this.logger.debug("Restored agent for session", {
            sessionId,
            agent: settings.agent,
          });
        }
        if (settings.model?.providerID && settings.model?.modelID) {
          this.selectedModel = settings.model;
          this.logger.debug("Restored model for session", {
            sessionId,
            modelId: settings.model.modelID,
            providerId: settings.model.providerID,
          });
        }
      }
    
      /**
       * Migrate session settings
       */
      migrateSessionSettings(oldSessionId: string, newSessionId: string): void {
        if (!oldSessionId || !newSessionId || oldSessionId === newSessionId) {
          return;
        }
        const map = this.getSessionSettingsMap();
        const oldSettings = map[oldSessionId];
        if (!oldSettings) {
          return;
        }
        map[newSessionId] = { ...oldSettings, ...map[newSessionId] };
        void this.globalState.update("sessionSettings", map);
      }
    
      /**
       * Resolve prompt variant
       */
      async resolvePromptVariant(sessionId: string): Promise<string | undefined> {
        const savedLevel =
          this.getSessionSettings(sessionId).thinkingLevel ??
          this.globalState.get<string>("thinkingLevel");
        if (!savedLevel) return undefined;
    
        const normalizedLevel = savedLevel.toLowerCase().trim();
        if (!normalizedLevel) return undefined;
    
        const { providerID, modelID } = this.selectedModel;
        const capability = await this.modelCapabilitiesService.getCapabilities(providerID, modelID);
    
        if (!capability || !capability.reasoning) return undefined;
    
        if (providerID === 'anthropic' && normalizedLevel === 'high') return 'max';
        return normalizedLevel;
      }
    }
    
    
    /* FILE: E:\Projects\vscode-opencode\src\providers\chat\QueueManager.ts */
    
    /**
     * QueueManager Module
     *
     * Prompt queue CRUD, execution lifecycle, and dispatch scheduling.
     *
     * Extracted from ChatViewProvider.ts (~300 lines)
     */
    
    import type { QueuedPrompt } from "./types";
    
    export class QueueManager {
      private queue: QueuedPrompt[] = [];
      private isExecuting = false;
    
      constructor(
        private logger: ReturnType<typeof import("../../utils/Logger").createLogger>,
      ) {
        this.handleSendMessage = async () => { };
        this.handleStopRequest = () => { };
        this.getCurrentSessionId = () => undefined;
        this.postMessage = () => { };
      }
    
      private handleSendMessage: (
        text: string,
        files?: string[],
        contexts?: any[],
        images?: any[],
        agent?: string,
        isRetry?: boolean,
        recoveredContext?: any,
        retryWithoutStructuredOutput?: boolean,
        structuredFallbackReason?: string,
        userFacingText?: string,
      ) => Promise<void>;
      private handleStopRequest: () => void;
      private getCurrentSessionId: () => string | undefined;
      private postMessage: (msg: any) => void;
    
      setHandleSendMessage(
        fn: (
          text: string,
          files?: string[],
          contexts?: any[],
          images?: any[],
          agent?: string,
          isRetry?: boolean,
          recoveredContext?: any,
          retryWithoutStructuredOutput?: boolean,
          structuredFallbackReason?: string,
          userFacingText?: string,
        ) => Promise<void>,
      ): void {
        this.handleSendMessage = fn;
      }
    
      setHandleStopRequest(fn: () => void): void {
        this.handleStopRequest = fn;
      }
    
      setGetCurrentSessionId(fn: () => string | undefined): void {
        this.getCurrentSessionId = fn;
      }
    
      setPostMessage(fn: (msg: any) => void): void {
        this.postMessage = fn;
      }
    
      /**
       * Add prompt to queue with logging
       */
      addToQueue(prompt: QueuedPrompt): void {
        const correlationId = this.logger.startFeatureFlow('add-to-queue', {
          promptId: prompt.id,
          sessionId: prompt.sessionId,
        });
    
        this.queue.push(prompt);
    
        this.logger.logStateChange(
          'queue-size',
          this.queue.length - 1,
          this.queue.length,
          'add-to-queue'
        );
    
        this.logger.info('Prompt added to queue', {
          correlationId,
          promptId: prompt.id,
          queuePosition: this.queue.length,
          text: prompt.text.slice(0, 100),
        });
    
        this.logger.endFeatureFlow(correlationId, {
          success: true,
          queueSize: this.queue.length,
        });
      }
    
      /**
       * Add prompt to queue and optionally prioritize it to the front.
       */
      enqueuePrompt(prompt: QueuedPrompt, atFront = false): void {
        if (atFront) {
          const correlationId = this.logger.startFeatureFlow('add-to-queue-front', {
            promptId: prompt.id,
            sessionId: prompt.sessionId,
          });
    
          this.queue.unshift(prompt);
          this.logger.logStateChange(
            'queue-size',
            this.queue.length - 1,
            this.queue.length,
            'add-to-queue-front'
          );
          this.logger.info('Prompt prioritized in queue', {
            correlationId,
            promptId: prompt.id,
            queuePosition: 1,
            text: prompt.text.slice(0, 100),
          });
          this.logger.endFeatureFlow(correlationId, {
            success: true,
            queueSize: this.queue.length,
          });
          return;
        }
    
        this.addToQueue(prompt);
      }
    
      /**
       * Execute queue with logging
       */
      async executeQueue(
        executePrompt: (prompt: QueuedPrompt) => Promise<void>
      ): Promise<void> {
        if (this.queue.length === 0) {
          this.logger.debug('Execute queue called with empty queue', {
            queueSize: 0,
          });
          return;
        }
    
        if (this.isExecuting) {
          this.logger.warn('Queue already executing', {
            queueSize: this.queue.length,
          });
          return;
        }
    
        const correlationId = this.logger.startFeatureFlow('execute-queue', {
          queueSize: this.queue.length,
        });
        const startTime = Date.now();
    
        this.logger.logStateChange('queue-executing', false, true, 'execute-queue-start');
        this.isExecuting = true;
    
        try {
          this.logger.info('Starting queue execution', {
            correlationId,
            promptCount: this.queue.length,
          });
    
          let completedCount = 0;
          let failedCount = 0;
    
          for (const prompt of this.queue) {
            this.logger.featureStep(correlationId, 'execute-prompt', {
              promptId: prompt.id,
              position: completedCount + 1,
              total: this.queue.length,
            });
    
            try {
              await executePrompt(prompt);
              completedCount++;
    
              this.logger.info('Prompt executed successfully', {
                correlationId,
                promptId: prompt.id,
                position: completedCount,
              });
            } catch (error) {
              failedCount++;
    
              this.logger.error(
                'Prompt execution failed',
                {
                  correlationId,
                  promptId: prompt.id,
                  position: completedCount + 1,
                  text: prompt.text.slice(0, 100),
                },
                error as Error
              );
            }
          }
    
          const duration = Date.now() - startTime;
    
          this.logger.performance('execute-queue', duration, {
            totalPrompts: this.queue.length,
            completedPrompts: completedCount,
            failedPrompts: failedCount,
          });
    
          this.logger.info('Queue execution completed', {
            correlationId,
            totalPrompts: this.queue.length,
            completedCount,
            failedCount,
            duration,
          });
    
          this.queue = [];
    
          this.logger.endFeatureFlow(correlationId, {
            success: true,
            completedCount,
            failedCount,
            duration,
          });
        } catch (error) {
          this.logger.error(
            'Queue execution failed',
            { correlationId },
            error as Error
          );
    
          this.logger.endFeatureFlow(correlationId, {
            success: false,
            error: String(error),
          });
          throw error;
        } finally {
          this.isExecuting = false;
          this.logger.logStateChange('queue-executing', true, false, 'execute-queue-end');
        }
      }
    
      /**
       * Clear queue with logging
       */
      clearQueue(): void {
        const correlationId = this.logger.startFeatureFlow('clear-queue', {
          currentSize: this.queue.length,
        });
    
        const previousSize = this.queue.length;
    
        this.logger.logStateChange('queue-size', previousSize, 0, 'clear-queue');
        this.logger.logStateChange('queue', this.queue, [], 'clear-queue');
    
        this.queue = [];
    
        this.logger.info('Queue cleared', {
          correlationId,
          previousSize,
          cleared: true,
        });
    
        this.logger.endFeatureFlow(correlationId, {
          success: true,
          itemsCleared: previousSize,
        });
      }
    
      /**
       * Get queue state
       */
      getQueueState(): { size: number; isExecuting: boolean; prompts: Array<{ id: string; text: string }> } {
        return {
          size: this.queue.length,
          isExecuting: this.isExecuting,
          prompts: this.queue.map(p => ({ id: p.id, text: p.text.slice(0, 50) })),
        };
      }
    
      /**
       * Handle dispatch queued item
       */
      async handleDispatchQueuedItem(
        mode: string,
        sessionId: string | undefined,
        id?: string,
        index?: number,
      ): Promise<void> {
        const flow = this.logger.startFeatureFlow('DispatchQueuedItem', { mode, sessionId, id, index });
        const currentSessionId = this.getCurrentSessionId();
        const finalSessionId = sessionId || currentSessionId;
    
        if (!finalSessionId) {
          this.logger.warn('No session ID for queued item', { id, index });
          this.logger.endFeatureFlow(flow, { status: 'failed', reason: 'No session ID' });
          return;
        }
    
        this.logger.featureStep(flow, 'dispatching_item', { id, index });
    
        if (id) {
          // Add specific queued item by ID
          const prompt = this.queue.find(p => p.id === id);
          if (prompt) {
            prompt.sessionId = finalSessionId;
            this.logger.featureStep(flow, 'sending_message_by_id', { id });
            await this.handleSendMessage(
              prompt.text,
              prompt.files,
              prompt.contexts,
              prompt.images,
              prompt.agent,
              false,
              undefined,
              false,
              undefined,
              prompt.userFacingText,
            );
            this.logger.endFeatureFlow(flow, { status: 'completed', id });
          } else {
            this.logger.warn('Queued item not found', { id });
            this.logger.endFeatureFlow(flow, { status: 'failed', reason: 'Item not found', id });
          }
        } else if (index !== undefined && index >= 0 && index < this.queue.length) {
          // Add by index
          const prompt = this.queue[index];
          prompt.sessionId = finalSessionId;
          this.logger.featureStep(flow, 'sending_message_by_index', { index });
          await this.handleSendMessage(
            prompt.text,
            prompt.files,
            prompt.contexts,
            prompt.images,
            prompt.agent,
            false,
            undefined,
            false,
            undefined,
            prompt.userFacingText,
          );
          this.logger.endFeatureFlow(flow, { status: 'completed', index });
        } else {
          this.logger.endFeatureFlow(flow, { status: 'failed', reason: 'Invalid index or ID', index, id });
        }
      }
    
      /**
       * Handle remove from queue
       */
      async handleRemoveFromQueue(payload: { id: string }): Promise<void> {
        const { id } = payload;
        const index = this.queue.findIndex(p => p.id === id);
    
        if (index !== -1) {
          const correlationId = this.logger.startFeatureFlow('remove-from-queue', {
            promptId: id,
            queuePosition: index + 1,
          });
    
          this.queue.splice(index, 1);
    
          this.logger.logStateChange(
            'queue-size',
            this.queue.length + 1,
            this.queue.length,
            'remove-from-queue'
          );
    
          this.logger.info('Prompt removed from queue', {
            correlationId,
            promptId: id,
            queueSize: this.queue.length,
          });
    
          this.logger.endFeatureFlow(correlationId, {
            success: true,
            queueSize: this.queue.length,
          });
        }
      }
    
      /**
       * Handle clear queue
       */
      async handleClearQueue(payload: { sessionId: string }): Promise<void> {
        const flow = this.logger.startFeatureFlow('ClearQueue', { sessionId: payload.sessionId });
        const previousSize = this.queue.length;
    
        this.clearQueue();
        this.sendQueueUpdate(payload.sessionId);
    
        this.logger.info('Queue cleared', {
          sessionId: payload.sessionId,
          previousSize,
          newSize: 0,
        });
        this.logger.endFeatureFlow(flow, { status: 'completed', previousSize });
      }
    
      /**
       * Send queue update to webview
       */
      sendQueueUpdate(sessionId: string): void {
        this.postMessage({
          type: 'queueUpdate',
          sessionId,
          queue: this.getQueueState(),
        });
      }
    
      /**
       * Handle execute queue
       */
      async handleExecuteQueue(payload: { sessionId: string }): Promise<void> {
        const flow = this.logger.startFeatureFlow('ExecuteQueue', { sessionId: payload.sessionId });
        const { sessionId } = payload;
    
        if (this.queue.length === 0) {
          this.logger.debug('Execute queue called with empty queue', {
            queueSize: 0,
          });
          this.logger.endFeatureFlow(flow, { status: 'skipped', reason: 'Empty queue' });
          return;
        }
    
        const queueSize = this.queue.length;
        this.logger.featureStep(flow, 'executing_queue', { queueSize, sessionId });
    
        // Update session IDs for all prompts
        for (const prompt of this.queue) {
          prompt.sessionId = sessionId;
        }
    
        // Execute queue
        await this.executeQueue(async (prompt) => {
          await this.handleSendMessage(
            prompt.text,
            prompt.files,
            prompt.contexts,
            prompt.images,
            prompt.agent,
            false,
            undefined,
            false,
            undefined,
            prompt.userFacingText,
          );
        });
    
        this.logger.info('Queue execution completed', {
          sessionId,
          itemsExecuted: queueSize,
        });
        this.logger.endFeatureFlow(flow, { status: 'completed', itemsExecuted: queueSize });
    
        // Send update after execution
        this.sendQueueUpdate(sessionId);
      }
    }
    
    
    /* FILE: E:\Projects\vscode-opencode\src\providers\chat\SessionHandler.ts */
    
    /**
     * SessionHandler Module
     *
     * Session CRUD operations (load, delete, rename, create, get sessions list).
     *
     * Extracted from ChatViewProvider.ts (~250 lines)
     */
    
    import type { SessionService } from "../../services/SessionService";
    import type { HistoryProcessor } from "./HistoryProcessor";
    import type { SubagentPersistence } from "./SubagentPersistence";
    import type { CompactionManager } from "./CompactionManager";
    import type { ModelAndAgentManager } from "./ModelAndAgentManager";
    
    export class SessionHandler {
      private sessionsListRequestVersion = 0;
      private lastSessionsPayloadFingerprint = "";
      private processingSessionIds = new Set<string>();
    
      constructor(
        private sessionService: SessionService,
        private historyProcessor: HistoryProcessor,
        private subagentPersistence: SubagentPersistence,
        private compactionManager: CompactionManager,
        private modelAndAgentManager: ModelAndAgentManager,
        private logger: ReturnType<typeof import("../../utils/Logger").createLogger>,
      ) {
        this.postMessage = () => {};
        this.getCurrentSessionId = () => undefined;
        this.setCurrentSessionId = () => {};
      }
    
      private postMessage: (msg: any) => void;
      private getCurrentSessionId: () => string | undefined;
      private setCurrentSessionId: (id: string | undefined) => void;
    
      setPostMessage(fn: (msg: any) => void): void {
        this.postMessage = fn;
      }
    
      setGetCurrentSessionId(fn: () => string | undefined): void {
        this.getCurrentSessionId = fn;
      }
    
      setSetCurrentSessionId(fn: (id: string | undefined) => void): void {
        this.setCurrentSessionId = fn;
      }
    
      /**
       * Handle get sessions request
       */
      async handleGetSessions(): Promise<void> {
        this.sessionsListRequestVersion += 1;
        const currentVersion = this.sessionsListRequestVersion;
    
        try {
          const sessions = await this.sessionService.listSessions();
          const sessionsPayload = sessions.map((session: any) => ({
            id: session.id,
            title: session.title || session.id,
            createdAt: session.createdAt,
            updatedAt: session.updatedAt,
          }));
    
          const fingerprint = JSON.stringify(sessionsPayload);
          if (fingerprint === this.lastSessionsPayloadFingerprint) {
            return;
          }
          this.lastSessionsPayloadFingerprint = fingerprint;
    
          if (currentVersion !== this.sessionsListRequestVersion) {
            return;
          }
    
          this.postMessage({
            type: "sessionsList",
            sessions: sessionsPayload,
          });
        } catch (error) {
          this.logger.error("Failed to get sessions", { error });
        }
      }
    
      /**
       * Send processing sessions update
       */
      sendProcessingSessionsUpdate(): void {
        this.postMessage({
          type: "sessionsListUpdate",
          processingSessionIds: Array.from(this.processingSessionIds),
        });
      }
    
      /**
       * Handle load session request
       */
      async handleLoadSession(message: { sessionId: string }): Promise<void> {
        const { sessionId } = message;
        if (!sessionId) {
          return;
        }
    
        if (this.processingSessionIds.has(sessionId)) {
          this.logger.warn("Session already loading", { sessionId });
          return;
        }
    
        this.processingSessionIds.add(sessionId);
        this.sendProcessingSessionsUpdate();
    
        try {
          // CRITICAL: Switch the active session in SessionService
          // This updates the service's internal state and persists it
          await this.sessionService.switchSession(sessionId);
    
          const rawMessages = await this.sessionService.loadSessionMessages(sessionId);
          const messages = Array.isArray(rawMessages)
            ? this.historyProcessor.processHistoryMessages(rawMessages, sessionId)
            : [];
    
          await this.subagentPersistence.syncSubagentSnapshotForSession(sessionId, messages);
          await this.compactionManager.sendPersistedCompactionViewState(sessionId);
          await this.modelAndAgentManager.applySessionSettings(sessionId);
    
          this.postMessage({
            type: "chatHistory",
            sessionId,
            messages,
          });
    
          this.setCurrentSessionId(sessionId);
          this.logger.info("Session loaded", { sessionId, messageCount: messages.length });
        } catch (error) {
          this.logger.error("Failed to load session", { sessionId, error });
        } finally {
          this.processingSessionIds.delete(sessionId);
          this.sendProcessingSessionsUpdate();
        }
      }
    
      /**
       * Handle delete session request
       */
      async handleDeleteSession(sessionId: string): Promise<void> {
        if (!sessionId) {
          return;
        }
    
        try {
          await this.sessionService.deleteSession(sessionId);
          await this.subagentPersistence.clearPersistedSubagentSnapshot(sessionId);
          await this.compactionManager.clearPersistedCompactionViewState(sessionId);
    
          const currentSessionId = this.getCurrentSessionId();
          if (currentSessionId === sessionId) {
            this.setCurrentSessionId(undefined);
          }
    
          await this.handleGetSessions();
          this.logger.info("Session deleted", { sessionId });
        } catch (error) {
          this.logger.error("Failed to delete session", { sessionId, error });
        }
      }
    
      /**
       * Handle rename session request
       */
      async handleRenameSession(sessionId: string, newTitle: string): Promise<void> {
        if (!sessionId || !newTitle) {
          return;
        }
    
        try {
          await this.sessionService.renameSession(sessionId, newTitle);
          await this.handleGetSessions();
          this.logger.info("Session renamed", { sessionId, newTitle });
        } catch (error) {
          this.logger.error("Failed to rename session", { sessionId, error });
        }
      }
    }
    
    
    /* FILE: E:\Projects\vscode-opencode\src\providers\chat\StreamEventHandler.ts */
    
    /**
     * StreamEventHandler Module
     *
     * The entire streamService.subscribe(...) callback body — token tracking,
     * subagent updates, todo persistence, event enrichment, and stream forwarding.
     *
     * Extracted from ChatViewProvider.ts (~350 lines)
     */
    
    import type { StructuredOutputProcessor } from "./StructuredOutputProcessor";
    import type { SubagentPersistence } from "./SubagentPersistence";
    import type { CompactionManager } from "./CompactionManager";
    import type { DiagnosticsLogger } from "./DiagnosticsLogger";
    import type { GeminiTokenUsageTracker } from "../../services/GeminiTokenUsageTracker";
    import type { SubagentTracker } from "../../services/SubagentTracker";
    import { LoggingCategories } from "../../utils/LoggingSchema";
    
    export class StreamEventHandler {
      private awaitingInteractiveAnswer = false;
      private streamStartTime?: number;
      private eventCount = 0;
      private lastEventTime?: number;
    
      constructor(
        private structuredOutputProcessor: StructuredOutputProcessor,
        private subagentPersistence: SubagentPersistence,
        private compactionManager: CompactionManager,
        private diagnosticsLogger: DiagnosticsLogger,
        private geminiTokenTracker: GeminiTokenUsageTracker,
        private subagentTracker: SubagentTracker,
        private logger: ReturnType<typeof import("../../utils/Logger").createLogger>,
      ) {
        this.postMessage = () => {};
        this.getCurrentSessionId = () => undefined;
      }
    
      private postMessage: (msg: any) => void;
      private getCurrentSessionId: () => string | undefined;
    
      setPostMessage(fn: (msg: any) => void): void {
        this.postMessage = fn;
      }
    
      setGetCurrentSessionId(fn: () => string | undefined): void {
        this.getCurrentSessionId = fn;
      }
    
      /**
       * Handle stream event
       */
      async handleStreamEvent(event: any): Promise<void> {
        if (!event) return;
    
        const enrichedEvent = this.structuredOutputProcessor.enrichStreamEvent(event);
    
        this.diagnosticsLogger.logStreamEventDiagnostics(event, enrichedEvent);
    
        const properties = enrichedEvent?.properties || event?.properties || {};
        const info = properties?.info || {};
        const sessionId =
          enrichedEvent?.sessionId ||
          event?.sessionId ||
          properties?.sessionId ||
          info?.sessionId ||
          this.getCurrentSessionId();
    
        // Handle compaction status
        if (event?.type === "message.completed" && properties?.compaction) {
          this.compactionManager.forwardCompactionStatusFromStreamEvent(properties.compaction);
        }
    
        // Handle subagent updates
        if (properties?.subagentsDelta || enrichedEvent?.structured?.subagentsDelta) {
          const subagentUpdate = properties?.subagentsDelta || enrichedEvent?.structured?.subagentsDelta;
          await this.subagentPersistence.persistSubagentUpdateSnapshot(
            subagentUpdate,
            this.getCurrentSessionId(),
            // sessionService and postMessage will be provided by shell
            {} as any,
            this.postMessage,
          );
        }
    
        // Track token usage
        if (properties?.usage) {
          const providerId = info?.providerID || info?.providerId || "unknown";
          const modelId = info?.modelID || info?.modelId || "unknown";
          const model = `${providerId}/${modelId}`;
          this.geminiTokenTracker.recordUsage(model, properties.usage);
        }
    
        // Forward to webview
        this.postMessage({
          type: "streamEvent",
          event: enrichedEvent || event,
          sessionId,
        });
      }
    
      /**
       * Start stream with logging
       */
      startStream(sessionId: string, messageId: string): void {
        this.streamStartTime = Date.now();
        this.eventCount = 0;
        this.lastEventTime = Date.now();
    
        const correlationId = this.logger.startFeatureFlow('ai-stream', {
          sessionId,
          messageId,
        });
    
        this.logger.info( 'AI stream started', {
          correlationId,
          sessionId,
          messageId,
        });
      }
    
      /**
       * End stream with logging
       */
      endStream(sessionId: string, messageId: string, success: boolean): void {
        if (!this.streamStartTime) {
          this.logger.warn( 'Stream ended but never started', {
            sessionId,
            messageId,
          });
          return;
        }
    
        const duration = Date.now() - this.streamStartTime;
        const flow = this.logger.getActiveFeatureFlow();
    
        this.logger.performance('ai-stream', duration, {
          sessionId,
          messageId,
          eventCount: this.eventCount,
          success,
          eventsPerSecond: (this.eventCount / (duration / 1000)).toFixed(2),
        });
    
        if (flow) {
          this.logger.endFeatureFlow(flow.correlationId, {
            success,
            duration,
            eventCount: this.eventCount,
          });
        }
    
        this.logger.info( 'AI stream ended', {
          sessionId,
          messageId,
          duration,
          eventCount: this.eventCount,
          success,
        });
    
        // Reset state
        this.streamStartTime = undefined;
        this.eventCount = 0;
        this.lastEventTime = undefined;
      }
    
      /**
       * Log structured output processing
       */
      logStructuredOutputProcessing(
        sessionId: string,
        messageId: string,
        structured: any,
      ): void {
        this.logger.info( 'Structured output processed', {
          sessionId,
          messageId,
          responseType: structured.responseType,
          hasProgressUpdates: structured.progressUpdates?.length > 0,
          hasInteractiveEvents: structured.interactiveEvents?.length > 0,
          hasPlan: !!structured.plan,
        });
      }
    }
    
    
    /* FILE: E:\Projects\vscode-opencode\src\providers\chat\types.ts */
    
    /**
     * Shared type definitions for ChatViewProvider modules
     *
     * This file contains all shared types used across the chat modules.
     * Originally defined in ChatViewProvider.ts (lines 137-364).
     */
    
    import type {
      StructuredResponseType as StructuredResponseTypeDefinition,
    } from "../../shared/structuredOutputSchema";
    
    /**
     * A queued prompt waiting to be executed
     */
    export type QueuedPrompt = {
      id: string;
      sessionId: string;
      createdAt: number;
      text: string;
      userFacingText?: string;
      files?: string[];
      contexts?: {
        file: string;
        lineInfo: string;
        content: string;
        languageId: string;
      }[];
      images?: {
        dataUrl: string;
        filename?: string;
      }[];
      agent?: string;
    };
    
    /**
     * Mode for dispatching a prompt
     */
    export type PromptDispatchMode = "queue" | "steer" | "send-now";
    
    /**
     * A comment on a plan proceed action
     */
    export type PlanProceedComment = {
      id: string;
      anchor: {
        startLine: number;
        endLine: number;
        selectedText: string;
        surroundingText?: string;
      };
      text: string;
      createdAt: number;
    };
    
    /**
     * Session-specific settings
     */
    export type SessionSettings = {
      agent?: string;
      model?: { providerID: string; modelID: string; providerName?: string };
      thinkingLevel?: string;
    };
    
    /**
     * Context recovered from a previous session
     */
    export type RecoveredSessionContext = {
      previousSessionId: string;
      transcript: string;
    };
    
    /**
     * Structured response type from the schema
     */
    export type StructuredResponseType = StructuredResponseTypeDefinition;
    
    /**
     * A slash command available in the chat
     */
    export type ChatSlashCommand = {
      name: string;
      description?: string;
      agent?: string;
      model?: string;
      template?: string;
      source?: string;
      subtask?: boolean;
    };
    
    /**
     * A model option available for selection
     */
    export type ChatModelOption = {
      providerID: string;
      modelID: string;
      name: string;
      providerName: string;
      contextLimit?: number;
    };
    
    /**
     * Statistics from a compaction baseline
     */
    export type CompactionBaselineStats = {
      input: number;
      output: number;
      read: number;
      write: number;
      duration: number;
    };
    
    /**
     * Persisted compaction view state for a session
     */
    export type PersistedCompactionViewState = {
      lastCompactedAt?: number;
      baselineStats?: CompactionBaselineStats;
      compactionDividerIndex?: number;
      compactionDividerBeforeMessageId?: string;
      compactionDividerAfterMessageId?: string;
      collapsed?: boolean;
    };
    
    /**
     * A progress update in a structured response
     */
    export type StructuredProgressUpdate = {
      title: string;
      status?: "pending" | "done" | "error";
      meta?: string;
      filePath?: string;
    };
    
    /**
     * A marker for assistant history messages
     */
    export type AssistantHistoryMarker = {
      id?: string;
      fingerprint?: string;
      createdAt?: number;
      richness: number;
    };
    
    /**
     * An interactive choice in a structured response
     */
    export type StructuredInteractiveChoice = {
      id?: string;
      label: string;
      value?: string;
      description?: string;
    };
    
    /**
     * An interactive event in a structured response
     */
    export type StructuredInteractiveEvent =
      | {
          type: "question";
          id?: string;
          title?: string;
          question: string;
          options: StructuredInteractiveChoice[];
          multiSelect?: boolean;
          allowCustomInput?: boolean;
        }
      | {
          type: "confirm";
          id?: string;
          title?: string;
          question: string;
          confirmLabel?: string;
          cancelLabel?: string;
        }
      | {
          type: "quick_actions";
          id?: string;
          title?: string;
          actions: StructuredInteractiveChoice[];
        }
      | {
          type: "message";
          id?: string;
          title?: string;
          message: string;
          dismissLabel?: string;
        };
    
    /**
     * Structured assistant output containing various response types
     */
    export type StructuredAssistantOutput = {
      responseType?: StructuredResponseType | string;
      message?: string;
      reasoning?: string[];
      progressUpdates?: StructuredProgressUpdate[];
      interactiveEvents?: StructuredInteractiveEvent[];
      subagents?: Array<{
        id: string;
        name: string;
        status?: string;
        progress?: number;
        description?: string;
        latestActivity?: string;
        childSessionId?: string;
        parentSessionId?: string;
        parentMessageId?: string;
        timelineEvents?: Array<{
          key?: string;
          type?: string;
          label?: string;
          createdAt?: number;
          messageID?: string;
          partID?: string;
          callID?: string;
        }>;
        progressEvents?: Array<{
          id?: string;
          title?: string;
          status?: string;
          meta?: string;
          filePath?: string;
          createdAt?: number;
          messageID?: string;
          partID?: string;
          callID?: string;
        }>;
        thinkingEvents?: Array<{
          id?: string;
          text?: string;
          createdAt?: number;
          messageID?: string;
          partID?: string;
        }>;
      }>;
      subagentsDelta?: {
        parentMessageId?: string;
        items: Array<{
          id: string;
          name?: string;
          status?: string;
          progress?: number;
          description?: string;
          latestActivity?: string;
          childSessionId?: string;
          parentSessionId?: string;
          parentMessageId?: string;
        }>;
      };
      plan?: {
        file?: string;
        content?: string;
        title?: string;
        intro?: string;
        summary?: string;
        files?: any[]; // To match ImplementationPlan structure
        fileCount?: number;
      };
      question?: {
        type?: string;
        id?: string;
        title?: string;
        question?: string;
        multiSelect?: boolean;
        allowCustomInput?: boolean;
        options?: Array<{ id?: string; label?: string; value?: string; description?: string }>;
        actions?: Array<{ id?: string; label?: string; value?: string; description?: string }>;
        confirmLabel?: string;
        cancelLabel?: string;
        dismissLabel?: string;
        message?: string;
        content?: string;
      };
    };
    
    /**
     * Set of all valid structured response types (lowercase)
     */
    export const STRUCTURED_RESPONSE_TYPES = new Set(
      (
        (
          (structuredOutputSchema as any).schema?.properties as {
            responseType?: { enum?: string[] };
          }
        )?.responseType?.enum ?? []
      ).map((value: string) => value.toLowerCase()),
    );
    
    // Re-import structuredOutputSchema for the constant above
    import { structuredOutputSchema } from "../../shared/structuredOutputSchema";
    
  operator: 'match'
  stack: |-
    TestContext.<anonymous> (file:///E:/Projects/vscode-opencode/tests/unit/providers/timeout-configuration.test.mjs:185:10)
    Test.runInAsyncScope (node:async_hooks:214:14)
    Test.run (node:internal/test_runner/test:1047:25)
    Test.processPendingSubtests (node:internal/test_runner/test:744:18)
    Test.postRun (node:internal/test_runner/test:1173:19)
    Test.run (node:internal/test_runner/test:1101:12)
    async Test.processPendingSubtests (node:internal/test_runner/test:744:7)
  ...
# Subtest: promptWithStructuredOutput tracks SDK call timing
ok 1037 - promptWithStructuredOutput tracks SDK call timing
  ---
  duration_ms: 1.9206
  type: 'test'
  ...
# Subtest: handleSendMessage passes query complexity flags
ok 1038 - handleSendMessage passes query complexity flags
  ---
  duration_ms: 2.4598
  type: 'test'
  ...
# Subtest: handleSendMessage logs complexity information
ok 1039 - handleSendMessage logs complexity information
  ---
  duration_ms: 1.7205
  type: 'test'
  ...
# Subtest: timeout recovery mechanism is preserved
ok 1040 - timeout recovery mechanism is preserved
  ---
  duration_ms: 0.6379
  type: 'test'
  ...
# Subtest: timeout values are logged in performance metrics
not ok 1041 - timeout values are logged in performance metrics
  ---
  duration_ms: 3.0016
  type: 'test'
  location: 'E:\\Projects\\vscode-opencode\\tests\\unit\\providers\\timeout-configuration.test.mjs:302:1'
  failureType: 'testCodeFailure'
  error: 'Performance logs should include timeout value'
  code: 'ERR_ASSERTION'
  name: 'AssertionError'
  expected:
  actual: |-
    
    
    /* FILE: E:\Projects\vscode-opencode\src\providers\ChatViewProvider.ts */
    
    /**
     * Chat View Provider - Core UI Provider for Chat Interface
     *
     * This provider manages the webview-based chat interface that serves as the
     * primary UI for the OpenCode extension. It handles all communication between
     * the extension backend and the webview frontend.
     *
     * **Architecture Overview:**
     * - Implements WebviewViewProvider for VSCode sidebar integration
     * - Manages bidirectional message passing with webview
     * - Handles AI message streaming via MessageStreamService
     * - Detects and persists implementation plans
     * - Manages prompt queue for batch execution
     * - Coordinates with SessionService for session management
     *
     * ============================================================================
     * WEBVIEW MESSAGE PROTOCOL
     * ============================================================================
     *
     * This provider communicates with the webview via VSCode's postMessage API.
     * All messages have a `type` property that determines how they're handled.
     *
     * EXTENSION → WEBVIEW messages (sent via view?.webview.postMessage):
     * {
     *   type: 'initState' | 'chatHistory' | 'sessionsList' | 'streamEvent' |
     *         'statusUpdate' | 'modeChanged' | 'modelsList' | 'agentsList' |
     *         'fileSearchResults',
     *   ...payload
     * }
     *
     * WEBVIEW → EXTENSION messages (received in onDidReceiveMessage):
     * {
     *   type: 'ready' | 'sendMessage' | 'createSession' | 'switchSession' |
     *         'deleteSession' | 'renameSession' | 'getSessions' | 'toggleMode' | 'getModels' |
     *         'selectModel' | 'getAgents' | 'selectAgent' | 'addToQueue' |
     *         'executeQueue' | 'clearQueue' | 'viewPlan' | 'openDiff',
     *   ...payload
     * }
     *
     * MESSAGE FLOW EXAMPLES:
     *
     * 1. Initialization Flow:
     *    webview: {type: 'ready'}
     *    extension: {type: 'initState', mode, serverStatus, selectedModel}
     *    extension: {type: 'chatHistory', messages: [...]}
     *    extension: {type: 'sessionsList', sessions: [...]}
     *
     * 2. Send Message Flow:
     *    webview: {type: 'sendMessage', text: '...', files: [...]}
     *    extension: [streams response via streamEvent messages]
     *    extension: {type: 'chatHistory', messages: [...]}
     *
     * 3. Streaming Response Flow:
     *    extension: {type: 'streamEvent', event: {type: 'message.part.updated'}}
     *    extension: {type: 'streamEvent', event: {type: 'message.updated'}}
     *
     * ============================================================================
     * KEY RESPONSIBILITIES
     * ============================================================================
     *
     * 1. WebView Lifecycle:
     *    - Creates and initializes the webview
     *    - Sets up message handlers
     *    - Manages webview options (scripts, local resources)
     *
     * 2. Message Handling:
     *    - Receives messages from webview
     *    - Dispatches to appropriate handler methods
     *    - Sends responses back to webview
     *
     * 3. Streaming Integration:
     *    - Subscribes to MessageStreamService for real-time updates
     *    - Forwards stream events to webview
     *    - Handles stream completion and errors
     *
     * 4. Plan Detection:
     *    - Analyzes AI responses for implementation plans
     *    - Auto-saves detected plans to workspace
     *    - Notifies user and provides plan viewing option
     *
     * 5. Queue Management:
     *    - Maintains prompt queue for batch execution
     *    - Executes prompts sequentially
     *    - Manages execution state
     *
     * 6. State Synchronization:
     *    - Tracks selected model/agent
     *    - Persists selections to global state
     *    - Syncs with webview on initialization
     *
     * @module ChatViewProvider
     * @see MessageStreamService for streaming implementation
     * @see SessionService for session management
     * @see webview/shared/src/chat/index.tsx for frontend implementation
     */
    
    import type { SessionPromptData } from "@opencode-ai/sdk" with { "resolution-mode": "import" };
    import * as cp from "child_process";
    import * as path from "path";
    import * as vscode from "vscode";
    import {
      CssGenerator,
      FileThemeProcessor,
      FileThemeProcessorObserver,
      FileThemeProcessorState,
    } from "vscode-file-theme-processor";
    import type { TokenUsage } from "../services/GeminiTokenUsageTracker";
    import { GeminiTokenUsageTracker } from "../services/GeminiTokenUsageTracker";
    import { MessageStreamService } from "../services/MessageStreamService";
    import { ModelCapabilitiesService } from "../services/ModelCapabilitiesService";
    import { OpencodeServerManager } from "../services/OpencodeServerManager";
    import { QuotaService } from "../services/QuotaService";
    import { RequestBudgeter } from "../services/RequestBudgeter";
    import { SessionService } from "../services/SessionService";
    import { SkillManagerService } from "../services/SkillManagerService";
    import {
      SubagentTracker,
      type SubagentUpdatePayload,
    } from "../services/SubagentTracker";
    import { TitleGeneratorService } from "../services/TitleGeneratorService";
    import { createLogger } from "../utils/Logger";
    import { LoggingCategories } from "../utils/LoggingSchema";
    import {
      CompactionManager,
      DiagnosticsLogger,
      HistoryProcessor,
      ModelAndAgentManager,
      PlanManager,
      QueueManager,
      SessionHandler,
      StreamEventHandler,
      StructuredOutputProcessor,
      SubagentPersistence,
      type AssistantHistoryMarker,
      type ChatModelOption,
      type ChatSlashCommand,
      type PlanProceedComment,
      type PromptDispatchMode,
      type QueuedPrompt,
      type RecoveredSessionContext,
      type StructuredAssistantOutput
    } from "./chat/index";
    import type { ConfigFile } from "./ConfigFilesProvider";
    import { ConfigFilesProvider } from "./ConfigFilesProvider";
    import { PlanViewProvider } from "./PlanViewProvider";
    
    const log = createLogger(LoggingCategories.CHAT_VIEW);
    
    // All types (QueuedPrompt, PromptDispatchMode, SessionSettings, ChatModelOption,
    // ChatSlashCommand, PersistedCompactionViewState, CompactionBaselineStats,
    // StructuredProgressUpdate, AssistantHistoryMarker, StructuredInteractiveChoice,
    // StructuredInteractiveEvent, StructuredAssistantOutput, PlanProceedComment,
    // RecoveredSessionContext) and constants (STRUCTURED_RESPONSE_TYPES) are now
    // imported from ./chat/index
    
    /**
     * Provides the chat interface webview for the OpenCode extension.
     *
     * This class is the core UI provider, managing all communication between
     * the extension backend and the chat webview frontend.
     *
     * **Usage:**
     * ```typescript
     * const provider = new ChatViewProvider(context, serverManager, sessionService);
     * context.subscriptions.push(
     *   vscode.window.registerWebviewViewProvider('opencode.chatView', provider)
     * );
     * ```
     *
     * **Integration Points:**
     * - OpencodeServerManager: For server status and client access
     * - SessionService: For session and message management
     * - MessageStreamService: For real-time AI response streaming
     * - PlanViewProvider: For displaying detected implementation plans
     *
     * **Thread Safety:**
     * This class is not thread-safe. All methods should be called from the
     * main VSCode extension host thread.
     *
     * @see WebviewViewProvider for VSCode webview provider interface
     */
    export class ChatViewProvider
      implements vscode.WebviewViewProvider, FileThemeProcessorObserver {
      private static readonly SUBAGENT_SNAPSHOT_PREFIX =
        "opencode.session.subagents.";
      private static readonly COMPACTION_VIEW_STATE_PREFIX =
        "opencode.session.compaction-view.";
      /** The webview instance (undefined before initialization) */
      private view?: vscode.WebviewView;
    
      /** Service for streaming events from the server */
      private streamService: MessageStreamService;
    
      /** Unsubscribe function for stream service cleanup */
      private unsubscribe?: () => void;
    
      /** Service for monitoring AI platform quota usage */
      private quotaService: QuotaService;
      private subagentTracker: SubagentTracker;
    
      /** Provider for managing configuration files */
      private configFilesProvider: ConfigFilesProvider;
    
      /** Service for managing custom skill installation and lifecycle */
      private skillManager: SkillManagerService;
      /** Service for resolving model capabilities (reasoning, variants) */
      private modelCapabilitiesService: ModelCapabilitiesService;
    
      /** Service for tracking Gemini token usage from stream events */
      private geminiTokenTracker: GeminiTokenUsageTracker;
      /** Service for managing daily request budgets */
      private budgeter: RequestBudgeter;
    
      private fileThemeProcessor: FileThemeProcessor;
      private cssGenerator: CssGenerator;
      private currentThemeCss: string | undefined;
    
      /** Logger for tracking events and metrics */
      private readonly logger: ReturnType<typeof createLogger>;
      private renderParityLogWriteChain: Promise<void> = Promise.resolve();
      private renderParityDebugFilePath?: string;
      private didLogRenderParityFilePath = false;
    
      /** Currently selected AI model (persisted to global state) */
      private selectedModel: {
        providerID: string;
        modelID: string;
        providerName?: string;
      } = {
          providerID: "opencode",
          modelID: "big-pickle",
          providerName: undefined,
        };
    
      /** Cache of available models returned from the server (used to resolve providerName) */
      // Cache of available models returned from the server (used to resolve providerName)
      // This cached list allows the extension to enrich selections sent from the webview
      // when the webview omits providerName.
      private availableModels?: ChatModelOption[];
    
      /** Currently selected agent (primary agent used for new sessions) */
      private selectedAgent: string = "build";
    
      /** Current chat mode (e.g., 'chat', 'agent', etc.) */
      private currentMode: string = "chat";
    
      /** ID of the session currently active in the webview (undefined until first bootstrap) */
      private currentSessionId: string | undefined;
      private currentTodoItems: unknown[] = [];
      private awaitingInteractiveAnswer = false;
      private interactiveResponseTransitionUntil = 0;
    
      /** Debouncing for todo persistence to reduce state write frequency during streaming */
      private todoPersistenceTimer: NodeJS.Timeout | null = null;
      private pendingTodoPersistence = false;
    
      private getTodoStorageKey(sessionId: string): string {
        return `opencode.session.todos.${sessionId}`;
      }
    
      private loadPersistedTodos(sessionId?: string): { items: unknown[]; lastUpdatedAt?: number } {
        if (!sessionId) return { items: [] };
        const raw = this.context.workspaceState.get<{ items: unknown[]; lastUpdatedAt: number }>(
          this.getTodoStorageKey(sessionId),
        );
        return { items: raw?.items ?? [], lastUpdatedAt: raw?.lastUpdatedAt };
      }
    
      private clearSessionTodos(sessionId?: string): void {
        this.currentTodoItems = [];
        if (sessionId) {
          this.context.workspaceState.update(this.getTodoStorageKey(sessionId), undefined);
        }
      }
    
      /**
       * Schedules a debounced todo persistence operation.
       * Multiple rapid calls during streaming will only trigger one write after 1 second.
       *
       * **Performance Note:** This reduces state write frequency during streaming by debouncing.
       * The persistence happens in the background without blocking the event loop.
       */
      private scheduleTodoPersistence(
        targetSessionId: string,
        todoItems: unknown[]
      ): void {
        // Clear any pending persistence timer
        if (this.todoPersistenceTimer) {
          clearTimeout(this.todoPersistenceTimer);
        }
    
        // Mark that we have pending persistence
        this.pendingTodoPersistence = true;
    
        // Schedule persistence after 1 second of inactivity (debouncing)
        this.todoPersistenceTimer = setTimeout(() => {
          this.persistTodoItems(targetSessionId, todoItems).catch((error) => {
            this.logger.warn("Failed to persist todo snapshot", { error });
          });
          this.pendingTodoPersistence = false;
          this.todoPersistenceTimer = null;
        }, 1000);
      }
    
      /**
       * Persists todo items to workspace state.
       * This method is async and debounced - called in the background.
       *
       * **Performance Note:** Previously called on every todo_update event during streaming.
       * Now debounced to reduce write frequency by 80-90%.
       */
      private async persistTodoItems(
        targetSessionId: string,
        incomingTodos: unknown[]
      ): Promise<void> {
        const key = this.getTodoStorageKey(targetSessionId);
        const existing =
          (this.context.workspaceState.get<{
            items: unknown[];
            lastUpdatedAt: number;
          }>(key) as { items: unknown[]; lastUpdatedAt: number } | undefined) ??
          { items: [], lastUpdatedAt: 0 };
    
        // Merge/upsert incoming items into existing snapshot using id + lifecycle rank
        const incoming = Array.isArray(incomingTodos) ? incomingTodos : [];
    
        const LIFECYCLE_RANK: Record<string, number> = {
          pending: 0,
          in_progress: 1,
          completed: 2,
          failed: 2,
          cancelled: 2,
        };
    
        interface StoredTodoItem { id: string; text: string; status: string;[key: string]: unknown }
    
        const byId = new Map<string, StoredTodoItem>();
        for (const item of existing.items) {
          const rec = item as Record<string, unknown>;
          const id = typeof rec?.id === "string" ? rec.id : undefined;
          if (!id) continue;
          byId.set(id, item as StoredTodoItem);
        }
    
        for (const inc of incoming) {
          if (!inc || typeof inc !== "object") continue;
          const incRec = inc as Record<string, unknown>;
          const id = typeof incRec.id === "string" ? incRec.id : undefined;
          const text = typeof incRec.text === "string" ? incRec.text : undefined;
          const status = typeof incRec.status === "string" ? incRec.status : undefined;
          if (!id || !text || !status) continue;
    
          const existingItem = byId.get(id);
          if (!existingItem) {
            byId.set(id, { id, text, status });
            continue;
          }
    
          const existingRank = LIFECYCLE_RANK[existingItem.status] ?? 0;
          const incomingRank = LIFECYCLE_RANK[status] ?? 0;
    
          if (incomingRank > existingRank) {
            byId.set(id, { ...existingItem, text: text || existingItem.text, status });
          } else if (incomingRank === existingRank) {
            // If same rank and same status, idempotent; if different status at same rank, prefer existing
            if (status === existingItem.status) {
              // keep existing (no-op)
            } else {
              // prefer existing to avoid blind flips
              byId.set(id, existingItem);
            }
          } else {
            // incoming rank lower -> ignore
            byId.set(id, existingItem);
          }
        }
    
        const updatedItems = Array.from(byId.values());
        await this.context.workspaceState.update(key, {
          items: updatedItems,
          lastUpdatedAt: Date.now(),
        });
    
        // Update in-memory cache for active session
        this.currentTodoItems = updatedItems;
      }
    
      private async updateSessionTitle(sessionId: string, title: string): Promise<void> {
        try {
          const client = await this.serverManager.ensureRunning();
          await client.session.update({
            path: { id: sessionId },
            body: { title }
          });
    
          const updatedSession = await this.sessionService.switchSession(sessionId);
          this.logger.info(`Updated session ${sessionId} title to: ${title}`);
        } catch (error) {
          this.logger.warn(`Failed to update session title for ${sessionId}:`, { error: String(error) });
        }
      }
    
      /** Session-scoped queue of prompts awaiting execution */
      private queueBySessionId = new Map<string, QueuedPrompt[]>();
      private queueItemSequence = 0;
    
      /** Set of session IDs currently executing their queue */
      private executingQueueSessionIds: Set<string> = new Set();
    
      private processingSessionIds: Set<string> = new Set();
      private get isProcessingRequest(): boolean {
        return this.processingSessionIds.size > 0;
      }
      private isBootstrappingWebview: boolean = false;
      private hasInitializedWebview: boolean = false;
      private sessionsListRequestVersion = 0;
      private lastSessionsPayloadFingerprint: string | undefined;
      /** Cache last message args for retry functionality */
      private lastSendMessageArgs?: {
        text: string;
        files?: string[];
        contexts?: any[];
        images?: any[];
        agent?: string;
      };
      private structuredOutputMode: "format" | "outputFormat" | "disabled" = "format";
      private readonly promptDebugBySession = new Map<string, Record<string, unknown>>();
      private readonly structuredValidationFailureCounters = new Map<string, number>();
      private readonly structuredOutputIncompatibleModelKeys = new Set<string>();
      private capabilityFetchFailureCount = 0;
      private modelsFetchPromise: Promise<ChatModelOption[]> | null = null;
      private commandCatalog: ChatSlashCommand[] = [];
      private commandCatalogFetchedAt = 0;
      private commandCatalogFetchPromise: Promise<ChatSlashCommand[]> | null = null;
      // Cache commands for 30 minutes since they rarely change
      // This prevents slow server calls with 700+ skills
      private readonly COMMAND_CATALOG_TTL_MS = 30 * 60 * 1000;
      private readonly compactingSessions = new Set<string>();
    
      /** ===== NEW: Module instances ===== */
      private diagnosticsLogger!: DiagnosticsLogger;
      private structuredOutputProcessor!: StructuredOutputProcessor;
      private planManager!: PlanManager;
      private subagentPersistence!: SubagentPersistence;
      private compactionManager!: CompactionManager;
      private historyProcessor!: HistoryProcessor;
      private modelAndAgentManager!: ModelAndAgentManager;
      private queueManager!: QueueManager;
      private sessionHandler!: SessionHandler;
      private streamEventHandler!: StreamEventHandler;
    
      /**
       * Creates a new ChatViewProvider instance.
       *
       * **Initialization:**
       * - Creates MessageStreamService for streaming
       * - Loads persisted model selection from global state
       * - Does NOT immediately create webview (happens on demand)
       *
       * **Model Persistence:**
       * The selected model is persisted to VSCode's global state,
       * which means it survives across VSCode restarts and workspace changes.
       *
       * @param context - VSCode extension context for global state access
       * @param serverManager - Server manager for status checking
       * @param sessionService - Session service for session management
       */
      constructor(
        private context: vscode.ExtensionContext,
        private serverManager: OpencodeServerManager,
        private sessionService: SessionService,
        modelCapabilitiesService?: ModelCapabilitiesService,
      ) {
        this.logger = createLogger("ChatViewProvider");
        this.streamService = new MessageStreamService(serverManager);
        this.quotaService = new QuotaService();
        this.subagentTracker = new SubagentTracker();
        this.budgeter = new RequestBudgeter();
        this.configFilesProvider = new ConfigFilesProvider();
        this.skillManager = new SkillManagerService(context);
        this.skillManager.initialize().catch((error) => {
          this.logger.error('Failed to initialize skill manager', error);
        });
        // Use injected service or create local instance as fallback
        this.modelCapabilitiesService = modelCapabilitiesService ?? new ModelCapabilitiesService();
        this.geminiTokenTracker = GeminiTokenUsageTracker.getInstance();
        this.quotaService.on("quotaUpdate", (data) => {
          this.view?.webview.postMessage({ type: "quotaData", data });
          this.sendBudgetInfo();
        });
    
        // Initialize file theme processor
        this.fileThemeProcessor = new FileThemeProcessor(context);
        this.cssGenerator = new CssGenerator();
        this.fileThemeProcessor.subscribe(this);
    
        // Load persisted model selection
        const savedModel = this.context.globalState.get<any>("selectedModel");
        if (
          savedModel &&
          typeof savedModel.providerID === "string" &&
          typeof savedModel.modelID === "string" &&
          savedModel.providerID &&
          savedModel.modelID
        ) {
          this.logger.info(
            `[ChatViewProvider] Loaded persisted model: ${savedModel.modelID} (${savedModel.providerID})`,
          );
          this.selectedModel = savedModel;
        } else if (savedModel) {
          this.logger.warn(
            "[ChatViewProvider] Ignoring invalid persisted model selection. Expected {providerID, modelID}.",
          );
        }
    
        /** ===== NEW: Initialize all modules ===== */
        this.initializeModules();
      }
    
      /**
       * Initialize all chat modules and wire dependencies
       */
      private initializeModules(): void {
        // Utility method callbacks
        const asRecord = (value: unknown) => {
          if (value && typeof value === "object" && !Array.isArray(value)) {
            return value as Record<string, unknown>;
          }
          return undefined;
        };
    
        const firstNonEmptyString = (...values: unknown[]): string | undefined => {
          for (const value of values) {
            if (typeof value === "string" && value.trim().length > 0) {
              return value.trim();
            }
          }
          return undefined;
        };
    
        const logger = this.logger;
    
        // 1. DiagnosticsLogger
        this.diagnosticsLogger = new DiagnosticsLogger(
          logger,
          asRecord,
          firstNonEmptyString,
          this.extractMessageBodyText.bind(this),
          this.historyMessageCreatedAt.bind(this),
          this.extractHistoryMessageId.bind(this),
          this.isRenderableHistoryMessage.bind(this),
          this.historyMessageFingerprint.bind(this),
        );
    
        // 2. PlanManager (must be created before StructuredOutputProcessor)
        this.planManager = new PlanManager(
          logger,
          firstNonEmptyString,
          this.context.globalState,
        );
    
        // 3. StructuredOutputProcessor
        this.structuredOutputProcessor = new StructuredOutputProcessor(
          logger,
          asRecord,
          firstNonEmptyString,
          this.planManager,
        );
    
        // 4. SubagentPersistence
        this.subagentPersistence = new SubagentPersistence(
          this.context.workspaceState,
          this.subagentTracker,
          logger,
          asRecord,
          firstNonEmptyString,
          this.normalizeSubagentStatus.bind(this),
          this.mergeSubagentEntries.bind(this),
          this.hydrateSubagentsFromPayload.bind(this),
          this.resolveSubagentPayloadSessionId.bind(this),
        );
    
        // 5. CompactionManager
        this.compactionManager = new CompactionManager(
          this.context.workspaceState,
          this.serverManager,
          logger,
          asRecord,
          firstNonEmptyString,
          this.processHistoryMessages.bind(this),
        );
    
        // 6. HistoryProcessor
        this.historyProcessor = new HistoryProcessor(
          this.context.workspaceState,
          logger,
          this.structuredOutputProcessor,
          asRecord,
          firstNonEmptyString,
          this.isLikelyToolCallTranscript.bind(this),
          this.extractMessageBodyText.bind(this),
          this.planManager,
        );
    
        // 7. ModelAndAgentManager
        this.modelAndAgentManager = new ModelAndAgentManager(
          this.context.globalState,
          this.serverManager,
          this.modelCapabilitiesService,
          logger,
          asRecord,
          firstNonEmptyString,
        );
    
        // 8. QueueManager
        this.queueManager = new QueueManager(logger);
    
        // 9. SessionHandler
        this.sessionHandler = new SessionHandler(
          this.sessionService,
          this.historyProcessor,
          this.subagentPersistence,
          this.compactionManager,
          this.modelAndAgentManager,
          logger,
        );
    
        // 10. StreamEventHandler
        this.streamEventHandler = new StreamEventHandler(
          this.structuredOutputProcessor,
          this.subagentPersistence,
          this.compactionManager,
          this.diagnosticsLogger,
          this.geminiTokenTracker,
          this.subagentTracker,
          logger,
        );
    
        /** ===== NEW: Wire all callbacks ===== */
        this.wireModuleCallbacks();
      }
    
      /**
       * Wire callbacks between modules and the shell
       */
      private wireModuleCallbacks(): void {
        const postMessage = (msg: any) => {
          this.view?.webview.postMessage(msg);
        };
    
        const getCurrentSessionId = () => this.currentSessionId;
        const setCurrentSessionId = (id: string | undefined) => {
          this.currentSessionId = id;
        };
    
        // Wire postMessage callbacks
        this.compactionManager.setPostMessage(postMessage);
        this.modelAndAgentManager.setPostMessage(postMessage);
        this.queueManager.setPostMessage(postMessage);
        this.sessionHandler.setPostMessage(postMessage);
        this.sessionHandler.setGetCurrentSessionId(getCurrentSessionId);
        this.sessionHandler.setSetCurrentSessionId(setCurrentSessionId);
        this.streamEventHandler.setPostMessage(postMessage);
        this.streamEventHandler.setGetCurrentSessionId(getCurrentSessionId);
    
        // Wire QueueManager execution callbacks
        this.queueManager.setHandleSendMessage(this.handleSendMessage.bind(this));
        this.queueManager.setHandleStopRequest(this.handleStopRequest.bind(this));
        this.queueManager.setGetCurrentSessionId(getCurrentSessionId);
      }
    
      private async schedulePromptDispatch(
        mode: PromptDispatchMode,
        payload: {
          sessionId?: string;
          text?: string;
          files?: string[];
          contexts?: any[];
          images?: any[];
          agent?: string;
          userFacingText?: string;
        },
      ): Promise<void> {
        const text = typeof payload.text === "string" ? payload.text.trim() : "";
        if (!text) {
          return;
        }
    
        const sessionId = await this.resolveQueueSessionId(payload.sessionId);
        if (!sessionId) {
          return;
        }
    
        const effectiveMode =
          mode === "send-now" && this.processingSessionIds.has(sessionId)
            ? "steer"
            : mode;
    
        // For normal sends, bypass queue persistence entirely so the queue panel
        // does not show transient "queued" items when there is no active backlog.
        if (effectiveMode === "send-now") {
          await this.handleSendMessage(
            text,
            payload.files,
            payload.contexts,
            payload.images,
            payload.agent,
            false,
            undefined,
            false,
            undefined,
            payload.userFacingText,
          );
          return;
        }
    
        const promptId = `q-${Date.now()}-${this.queueItemSequence}`;
        this.queueItemSequence += 1;
        const prompt: QueuedPrompt = {
          id: promptId,
          sessionId,
          createdAt: Date.now(),
          text,
          userFacingText: payload.userFacingText,
          files: payload.files,
          contexts: payload.contexts,
          images: payload.images,
          agent: payload.agent,
        };
    
        this.queueManager.enqueuePrompt(prompt, effectiveMode !== "queue");
        this.sendQueueUpdate(sessionId);
    
        if (effectiveMode === "queue") {
          return;
        }
    
        if (this.isProcessingRequest) {
          if (sessionId === this.currentSessionId) {
            await this.handleStopRequest(sessionId);
          }
          return;
        }
    
        await this.handleExecuteQueue(sessionId);
      }
    
      private async handleDispatchQueuedItem(
        dispatchMode: "queue" | "send-now" | "steer",
        sessionId: string,
        id: string,
        index?: number,
      ): Promise<void> {
        await this.queueManager.handleDispatchQueuedItem(
          dispatchMode,
          sessionId,
          id,
          index,
        );
      }
    
      private async handleRemoveFromQueue(
        sessionId: string | undefined,
        id: string,
        _index?: number,
      ): Promise<void> {
        if (!id) {
          return;
        }
        await this.queueManager.handleRemoveFromQueue({ id });
        if (sessionId) {
          this.sendQueueUpdate(sessionId);
        }
      }
    
      private async handleClearQueue(sessionId: string): Promise<void> {
        if (!sessionId) {
          return;
        }
        await this.queueManager.handleClearQueue({ sessionId });
      }
    
      private sendQueueUpdate(sessionId: string): void {
        void this.queueManager.sendQueueUpdate(sessionId);
      }
    
      private async handleExecuteQueue(sessionId: string): Promise<void> {
        const flow = log.startFeatureFlow('ExecuteQueue', { sessionId });
    
        if (!sessionId || this.executingQueueSessionIds.has(sessionId)) {
          if (this.executingQueueSessionIds.has(sessionId)) {
            log.endFeatureFlow(flow, { status: 'skipped', reason: 'Queue already executing' });
          } else {
            log.endFeatureFlow(flow, { status: 'failed', reason: 'No sessionId provided' });
          }
          return;
        }
    
        log.featureStep(flow, 'queue_execution_started');
        this.executingQueueSessionIds.add(sessionId);
        this.view?.webview.postMessage({
          type: "queueExecutionStarted",
          sessionId,
        });
    
        try {
          await this.queueManager.handleExecuteQueue({ sessionId });
          log.endFeatureFlow(flow, { status: 'completed', sessionId });
        } catch (error) {
          log.error('Failed to execute queue', { sessionId }, error as Error);
          log.endFeatureFlow(flow, { status: 'failed', error: String(error) });
        } finally {
          this.executingQueueSessionIds.delete(sessionId);
          this.sendQueueUpdate(sessionId);
        }
      }
    
      /**
       * Wrapper: Get sessions list
       * Fetches sessions from service and sends to webview
       */
      private async handleGetSessions(): Promise<void> {
        const sessions = await this.sessionService.listSessions();
        const sessionsPayload = sessions.map((session: any) => ({
          id: session.id,
          title: session.title || session.id,
          createdAt: session.createdAt,
          updatedAt: session.updatedAt,
        }));
    
        this.view?.webview.postMessage({
          type: "sessionsList",
          sessions: sessionsPayload,
        });
      }
    
      /**
       * Wrapper: Load session
       * Loads messages from service and sends to webview
       */
      private async handleLoadSession(sessionId: string): Promise<void> {
        const flow = log.startFeatureFlow('LoadSession', { sessionId });
    
        if (!sessionId) {
          log.endFeatureFlow(flow, { status: 'failed', reason: 'No sessionId provided' });
          return;
        }
    
        // Add to processing state to show loading indicator in UI
        this.processingSessionIds.add(sessionId);
        this.sendProcessingSessionsUpdate();
    
        try {
          // CRITICAL: Switch the active session in SessionService
          // This updates the service's internal state and persists it
          await this.sessionService.switchSession(sessionId);
          this.currentSessionId = sessionId;
          this.subagentTracker.setActiveSession(sessionId);
          // Clear in-memory todo cache to avoid cross-session leakage
          this.clearSessionTodos(sessionId);
    
          // Restore per-session agent / model / thinking selections
          await this.modelAndAgentManager.applySessionSettings(sessionId);
    
          // Notify the webview of the restored selections for this session
          this.view?.webview.postMessage({
            type: "initState",
            serverStatus: this.serverManager.getStatus(),
            selectedModel: this.modelAndAgentManager.getSelectedModel(),
            selectedAgent: this.modelAndAgentManager.getSelectedAgent(),
            serverVersion: this.serverManager.getVersion(),
            currentSessionId: this.currentSessionId,
            todoItems: this.loadPersistedTodos(this.currentSessionId).items,
          });
    
          const sessionThinkingLevel =
            this.modelAndAgentManager.getSessionSettings(sessionId).thinkingLevel ??
            this.context.globalState.get<string>("thinkingLevel");
          if (sessionThinkingLevel) {
            this.view?.webview.postMessage({
              type: "thinkingLevelUpdate",
              level: sessionThinkingLevel,
            });
          }
    
          // Fire-and-forget: fetch and broadcast current model capabilities on session load
          void this.modelCapabilitiesService
            .getCapabilities(
              this.modelAndAgentManager.getSelectedModel()?.providerID ?? "",
              this.modelAndAgentManager.getSelectedModel()?.modelID ?? "",
            )
            .then((capability) => {
              this.view?.webview.postMessage({
                type: "modelCapabilityUpdate",
                capability: capability ?? null,
              });
            })
            .catch(() => {
              // Minimal failure tracking for session-load capability fetches
              try {
                this.capabilityFetchFailureCount = (this.capabilityFetchFailureCount || 0) + 1;
                if (this.capabilityFetchFailureCount >= 3) {
                  vscode.window.showWarningMessage(
                    "Could not fetch model capabilities. Thinking level control may be unavailable.",
                  );
                  this.capabilityFetchFailureCount = 0;
                }
              } catch (_) {
                // best-effort only
              }
            });
    
          // Reload history for the new session
          const rawMessages = await this.sessionService.getMessages(sessionId);
    
          this.logger.info('[handleLoadSession] Fetched raw messages', {
            sessionId,
            rawCount: rawMessages?.length || 0,
            isRawMessagesArray: Array.isArray(rawMessages)
          });
    
          const messages = Array.isArray(rawMessages)
            ? await this.processHistoryMessages(rawMessages, sessionId)
            : [];
    
          this.logger.info('[handleLoadSession] Processed messages', {
            sessionId,
            processedCount: messages.length,
            willSendToWebview: true
          });
    
          const subagentSnapshotPayload =
            await this.subagentPersistence.syncSubagentSnapshotForSession(
              sessionId,
              messages,
            );
          await this.compactionManager.sendPersistedCompactionViewState(sessionId);
    
          // DEBUG: Log messages before sending to webview
          const planMessages = messages.filter((m: any) => m?.plan);
          log.debug('Sending messages to webview', {
            totalMessages: messages.length,
            planMessagesCount: planMessages.length,
            samplePlanMessage: planMessages[0] ? {
              hasPlan: !!planMessages[0].plan,
              planKeys: planMessages[0].plan ? Object.keys(planMessages[0].plan) : [],
              planFile: planMessages[0].plan?.file,
              planValue: planMessages[0].plan
            } : null
          });
    
          this.view?.webview.postMessage({
            type: "chatHistory",
            sessionId: sessionId,
            messages: messages,
          });
          this.view?.webview.postMessage({
            type: "subagentSnapshot",
            ...subagentSnapshotPayload,
          });
    
          // Update the list selection
          await this.handleGetSessions();
        } catch (error) {
          log.error('Failed to load session', { sessionId }, error as Error);
          vscode.window.showErrorMessage(`Failed to load session: ${error}`);
          log.endFeatureFlow(flow, { status: 'failed', error: String(error) });
        } finally {
          // Remove from processing state regardless of success or error
          this.processingSessionIds.delete(sessionId);
          this.sendProcessingSessionsUpdate();
          // always finalize flow (was previously guarded by !flow.result)
          log.endFeatureFlow(flow, { status: 'completed', sessionId });
        }
      }
    
      /**
       * Wrapper: Delete session
       * Handles session deletion with fallback to create new session
       */
      private async handleDeleteSession(sessionId: string): Promise<void> {
        const flow = log.startFeatureFlow('DeleteSession', { sessionId });
    
        if (!sessionId) {
          log.endFeatureFlow(flow, { status: 'failed', reason: 'No sessionId provided' });
          return;
        }
    
        try {
          log.featureStep(flow, 'deleting_session');
          await this.sessionService.deleteSession(sessionId);
          await this.clearPersistedSubagentSnapshot(sessionId);
          await this.compactionManager.clearPersistedCompactionViewState(sessionId);
    
          const currentSession = await this.sessionService.getCurrentSession();
          if (!currentSession) {
            await this.sessionService.createNewSession();
          }
    
          await this.handleGetSessions();
          log.endFeatureFlow(flow, { status: 'completed', sessionId });
        } catch (error) {
          log.error('Failed to delete session', { sessionId }, error as Error);
          vscode.window.showErrorMessage(`Failed to delete session: ${error}`);
          log.endFeatureFlow(flow, { status: 'failed', error: String(error) });
        }
      }
    
      /**
       * Wrapper: Rename session
       * Delegates to SessionHandler module
       */
      private async handleRenameSession(sessionId: string, newTitle: string): Promise<void> {
        return this.sessionHandler.handleRenameSession(sessionId, newTitle);
      }
    
      /**
       * Wrapper: Forward compaction status from stream event
       * Called by MessageStreamService when processing stream events
       */
      forwardCompactionStatusFromStreamEvent(event: unknown): void {
        return this.compactionManager.forwardCompactionStatusFromStreamEvent(event);
      }
    
      /**
       * Wrapper: Get models
       * Delegates to ModelAndAgentManager module
       */
      private async handleGetModels(): Promise<ChatModelOption[]> {
        return this.modelAndAgentManager.handleGetModels();
      }
    
      /**
       * Wrapper: Get agents
       * Delegates to ModelAndAgentManager module
       */
      private async handleGetAgents(): Promise<void> {
        return this.modelAndAgentManager.handleGetAgents();
      }
    
      /**
       * Handle get commands request
       * Fetches available skills and converts them to slash commands
       */
      private async handleGetCommands(): Promise<void> {
        this.logger.info('[handleGetCommands] Starting to fetch skills from OpenCode server');
    
        try {
          // Ensure server is running
          this.logger.info('[handleGetCommands] Ensuring server is running...');
          const client = await this.serverManager.ensureRunning();
          if (!client) {
            this.logger.error('[handleGetCommands] Failed to get client even after ensureRunning()');
            this.sendCommandsToWebview([]);
            return;
          }
    
          this.logger.info('[handleGetCommands] Server is running, client available');
    
          // Get the current model and provider
          let currentModel = this.selectedModel?.modelID
            ? { provider: this.selectedModel.providerID, model: this.selectedModel.modelID }
            : undefined;
          if (!currentModel) {
            this.logger.warn('[handleGetCommands] No current model selected, using defaults');
            currentModel = { provider: 'anthropic', model: 'claude-sonnet-4-6' };
          }
    
          this.logger.info('[handleGetCommands] Fetching tools from OpenCode server', {
            provider: currentModel.provider,
            model: currentModel.model
          });
    
          // Use the OpenCode SDK client to get the list of available tools
          const toolsResponse = await client.tool.list({
            query: {
              provider: currentModel.provider,
              model: currentModel.model
            }
          });
    
          if (!toolsResponse.data) {
            this.logger.warn('[handleGetCommands] No tools data returned from server');
            this.sendCommandsToWebview([]);
            return;
          }
    
          const tools = toolsResponse.data;
          this.logger.info('[handleGetCommands] Fetched tools from server', {
            toolCount: tools.length,
            toolIds: tools.map(t => t.id),
            allTools: JSON.stringify(tools.map(t => ({
              id: t.id,
              hasDescription: !!t.description,
              descLength: t.description?.length || 0
            })))
          });
    
          // Find the skill tool
          const skillTool = tools.find(tool => tool.id === 'skill');
    
          this.logger.info('[handleGetCommands] Looking for skill tool', {
            found: !!skillTool,
            hasDescription: !!skillTool?.description,
            descPreview: skillTool?.description?.substring(0, 200)
          });
    
          const commands: Array<{ name: string; description: string }> = [];
    
          if (skillTool && skillTool.description) {
            // Parse the available skills from the skill tool's description
            // Format: ## Available Skills\n- **skill-name**: description
            // Show ALL skills in slash commands (even disabled ones) for manual use
            // The config controls which skills OpenCode auto-loads, not what's visible
    
            // Normalize line endings to handle \r\n (Windows) and \r (old Mac)
            const normalizedDescription = skillTool.description.replace(/\r\n/g, '\n').replace(/\r/g, '\n');
            const lines = normalizedDescription.split('\n');
            this.logger.info('[handleGetCommands] Splitting description into lines', {
              lineCount: lines.length,
              firstLines: lines.slice(0, 5),
              fullDescription: skillTool.description.substring(0, 500)
            });
    
            let inAvailableSection = false;
            let currentSkill: { name: string; description: string } | null = null;
    
            for (const line of lines) {
              if (line.includes('## Available Skills') || line.includes('Available Skills')) {
                inAvailableSection = true;
                continue;
              }
    
              if (inAvailableSection) {
                // Match format: - **skill-name**: description
                const match = line.match(/^-\s*\*\*([^*]+)\*\*:\s*(.+)$/);
                if (match) {
                  // Save previous skill if any
                  if (currentSkill) {
                    commands.push(currentSkill);
                  }
                  // Start new skill
                  currentSkill = {
                    name: match[1].trim(),
                    description: match[2].trim()
                  };
                } else if (line.startsWith('##') || line.startsWith('---')) {
                  // End of skills section - save last skill
                  if (currentSkill) {
                    commands.push(currentSkill);
                    currentSkill = null; // Clear to prevent double-push
                  }
                  break;
                } else if (line.trim().startsWith('- ') && currentSkill) {
                  // Continuation of description - remove the '- ' prefix
                  currentSkill.description += '\n' + line.trim().substring(2);
                } else if (line.trim().length > 0 && currentSkill) {
                  // Continuation of description (lines without '- ' prefix)
                  currentSkill.description += '\n' + line.trim();
                }
              }
            }
    
            // Don't forget to push the last skill if we didn't hit a break condition
            if (currentSkill) {
              commands.push(currentSkill);
            }
    
            this.logger.info('[handleGetCommands] Parsed ALL skills from skill tool', {
              count: commands.length,
              skills: commands.map(c => ({ name: c.name, descLength: c.description.length }))
            });
          } else {
            this.logger.warn('[handleGetCommands] No skill tool found or no description');
          }
    
          // If no skills found, do NOT fall back to all tools
          // This prevents showing system tools (edit, read, bash, etc.) as if they were skills
          if (commands.length === 0) {
            this.logger.warn('[handleGetCommands] No skills found, sending empty command list');
          }
    
          this.logger.info('[handleGetCommands] Sending commands to webview', {
            commandCount: commands.length,
            commands: commands.slice(0, 10).map(c => ({ name: c.name, desc: c.description }))
          });
    
          if (commands.length === 0) {
            this.logger.warn('[handleGetCommands] No commands found - this might indicate:', {
              reasons: [
                'Server not started or not ready',
                'No skills available in current config',
                'Skills not discovered by server',
                'Tool list API changed'
              ],
              suggestion: 'Check OpenCode server status and ensure skills are enabled in config'
            });
          }
    
          // Send the commands to the webview
          this.sendCommandsToWebview(commands);
        } catch (error) {
          this.logger.error('[handleGetCommands] Failed to load commands', {
            error: error instanceof Error ? error.message : String(error),
            stack: error instanceof Error ? error.stack : undefined
          });
    
          // Still send empty commands array to frontend even on error
          this.sendCommandsToWebview([]);
        }
      }
    
      /**
       * Send commands to the webview
       * Centralized method for sending slash commands to the chat interface
       */
      private sendCommandsToWebview(commands: Array<{ name: string; description: string }>): void {
        // CRITICAL: Check if view is available before sending message
        if (!this.view) {
          this.logger.error('[sendCommandsToWebview] Cannot send commands - webview is not available');
          return;
        }
    
        if (!this.view.webview) {
          this.logger.error('[sendCommandsToWebview] Cannot send commands - webview.webview is not available');
          return;
        }
    
        const message = {
          type: "commandsList",
          commands: commands,
        };
    
        this.logger.info('[sendCommandsToWebview] Posting message to webview', {
          messageType: message.type,
          commandsCount: message.commands.length,
          commandsPreview: message.commands.slice(0, 3).map(c => c.name)
        });
    
        try {
          const result = this.view.webview.postMessage(message);
          this.logger.info('[sendCommandsToWebview] postMessage returned', {
            success: result,
            result: String(result)
          });
    
          if (!result) {
            this.logger.error('[sendCommandsToWebview] postMessage returned false - webview may not be ready');
          }
        } catch (postError) {
          this.logger.error('[sendCommandsToWebview] postMessage threw an error', {
            error: postError instanceof Error ? postError.message : String(postError),
            stack: postError instanceof Error ? postError.stack : undefined
          });
        }
      }
    
      /**
       * Wrapper: Clear persisted subagent snapshot
       * Delegates to SubagentPersistence module
       */
      private async clearPersistedSubagentSnapshot(sessionId: string): Promise<void> {
        return this.subagentPersistence.clearPersistedSubagentSnapshot(sessionId);
      }
    
      /**
       * Wrapper: View plan
       * Delegates to PlanManager module
       */
      private async handleViewPlan(plan: {
        file?: string;
        content?: string;
        title?: string;
        intro?: string;
        summary?: string;
        files?: any[];
        fileCount?: number;
      }): Promise<void> {
        return this.planManager.handleViewPlan(plan);
      }
    
      /**
       * Wrapper: Set compaction view state
       * Delegates to CompactionManager module
       */
      private async handleSetCompactionViewState(message: {
        sessionId: string;
        state: any;
      }): Promise<void> {
        return this.compactionManager.handleSetCompactionViewState(message);
      }
    
      /**
       * Wrapper: Compact session
       * Delegates to CompactionManager module
       */
      private async handleCompactSession(
        sessionId: string,
        baselineStats?: { [key: string]: number },
      ): Promise<void> {
        const options: { auto?: boolean; threshold?: number } = {};
        if (baselineStats) {
          options.threshold = Object.values(baselineStats).reduce((sum, val) => sum + val, 0);
        }
        return this.compactionManager.handleCompactSession(
          sessionId,
          options,
          this.sessionService,
        );
      }
    
      /**
       * Wrapper: Apply session message overrides
       * Delegates to HistoryProcessor module
       */
      private async applySessionMessageOverrides(
        sessionId: string,
        messages: any[],
      ): Promise<any[]> {
        return this.historyProcessor.applySessionMessageOverrides(sessionId, messages);
      }
    
      /**
       * Wrapper: Normalize structured output
       * Delegates to StructuredOutputProcessor module
       */
      private normalizeStructuredOutput(
        content: string,
        context: {
          source?: string;
          providerID?: string;
          modelID?: string;
        },
      ): any {
        return this.structuredOutputProcessor.normalizeStructuredOutput(content, context);
      }
    
      /**
       * Wrapper: Persist session message override
       * Delegates to HistoryProcessor module
       */
      private async persistSessionMessageOverride(
        sessionId: string,
        override: any,
      ): Promise<void> {
        return this.historyProcessor.persistSessionMessageOverride(sessionId, override);
      }
    
      /**
       * Wrapper: Normalize plan proceed user message
       * Delegates to PlanManager module
       */
      private normalizePlanProceedUserMessage(message: any): any {
        return this.planManager.normalizePlanProceedUserMessage(message);
      }
    
      /**
       * Wrapper: Log stream event diagnostics
       * Delegates to DiagnosticsLogger module
       */
      private logStreamEventDiagnostics(event: any, enrichedEvent?: any): void {
        this.diagnosticsLogger.logStreamEventDiagnostics(event, enrichedEvent);
      }
    
      /**
       * Wrapper: Enrich message with plan
       * Delegates to StructuredOutputProcessor module
       */
      private enrichMessageWithPlan(message: any): any {
        return this.structuredOutputProcessor.enrichMessageWithPlan(message);
      }
    
      /**
       * Check if value is an interactive response type
       */
      private isInteractiveResponseType(value: unknown): boolean {
        return this.structuredOutputProcessor.isInteractiveResponseType(value);
      }
    
      /**
       * Check if content is a clarification questionnaire
       */
      private isClarificationQuestionnaire(content: unknown): boolean {
        return this.structuredOutputProcessor.isClarificationQuestionnaire(content);
      }
    
      /**
       * Get structured output model key
       */
      private getStructuredOutputModelKey(
        providerID?: string,
        modelID?: string,
      ): string {
        return this.structuredOutputProcessor.getStructuredOutputModelKey(
          this.firstNonEmptyString(providerID, modelID) || "",
        );
      }
    
      /**
       * Create fallback message from structured output
       */
      private createFallbackMessage(structured: any): string | undefined {
        return this.structuredOutputProcessor.createFallbackMessage(structured);
      }
    
      /**
       * Get the selected structured output model key
       */
      private getSelectedStructuredOutputModelKey(): string | undefined {
        return this.structuredOutputProcessor.getSelectedStructuredOutputModelKey();
      }
    
      /**
       * Dispatch interactive response
       */
      private async dispatchInteractiveResponse(payload: {
        sessionId?: string;
        text?: string;
        userFacingText?: string;
        agent?: string;
      }): Promise<void> {
        const text = typeof payload.text === "string" ? payload.text.trim() : "";
        if (!text) {
          return;
        }
    
        const sessionId = await this.resolveQueueSessionId(payload.sessionId);
        if (!sessionId) {
          const message =
            "Unable to send interactive response because no active session could be resolved.";
          this.view?.webview.postMessage({
            type: "error",
            message,
          });
          vscode.window.showErrorMessage(message);
          return;
        }
    
        if (this.awaitingInteractiveAnswer) {
          // Match webview's 15s window to prevent popover reappearing during transition
          this.interactiveResponseTransitionUntil = Date.now() + 15000;
        }
    
        // Don't force stop ongoing requests - let schedulePromptDispatch handle mode switching
        // This uses the same intelligent "steer" mode as normal messages instead of blocking
        this.currentSessionId = sessionId;
        await this.schedulePromptDispatch("send-now", {
          sessionId,
          text,
          agent: payload.agent,
          userFacingText: payload.userFacingText,
        });
      }
    
      /**
       * Resolve queue session ID
       */
      private async resolveQueueSessionId(
        requestedSessionId?: string,
      ): Promise<string | undefined> {
        const explicitSessionId = this.firstNonEmptyString(requestedSessionId);
        if (explicitSessionId) {
          if (!this.currentSessionId) {
            this.currentSessionId = explicitSessionId;
          }
          return explicitSessionId;
        }
    
        const currentId = this.firstNonEmptyString(this.currentSessionId);
        if (currentId) {
          return currentId;
        }
    
        try {
          const session = await this.sessionService.getCurrentSession();
          const sessionId = this.firstNonEmptyString(session?.id);
          if (sessionId) {
            this.currentSessionId = sessionId;
          }
          return sessionId;
        } catch (error) {
          this.logger.error("Failed to resolve queue session ID", { err: error });
          return undefined;
        }
      }
    
      /**
       * History processing methods - delegate to HistoryProcessor
       */
      private dedupeMirrorHistoryMessages(messages: any[]): any[] {
        return this.historyProcessor.dedupeMirrorHistoryMessages(messages);
      }
    
      private mergeAdjacentAssistantActivityMessages(messages: any[]): any[] {
        return this.historyProcessor.mergeAdjacentAssistantActivityMessages(messages);
      }
    
      private mergeConsecutiveAssistantBursts(messages: any[]): any[] {
        return this.historyProcessor.mergeConsecutiveAssistantBursts(messages);
      }
    
      private getLatestAssistantHistoryMarker(messages: any[]): {
        id?: string;
        fingerprint?: string;
        createdAt?: number;
        richness: number;
      } {
        return this.historyProcessor.getLatestAssistantHistoryMarker(messages);
      }
    
      private hasAssistantHistoryAdvanced(
        latest:
          | any[]
          | { id?: string; fingerprint?: string; createdAt?: number; richness?: number }
          | undefined,
        baseline:
          | any[]
          | { id?: string; fingerprint?: string; createdAt?: number; richness?: number }
          | undefined,
      ): boolean {
        return this.historyProcessor.hasAssistantHistoryAdvanced(latest, baseline);
      }
    
      /**
       * Subagent methods - delegate to SubagentPersistence
       */
      private async persistSubagentLiveState(
        sessionId: string,
        payload: unknown,
      ): Promise<void> {
        await this.subagentPersistence.persistSubagentLiveState(sessionId, payload as SubagentUpdatePayload);
      }
    
      private buildSubagentPayloadFromMessage(message: any, sessionId?: string): any {
        return this.subagentPersistence.buildSubagentPayloadFromMessage(message, sessionId ?? '');
      }
    
      /**
       * Diagnostics logging - delegate to DiagnosticsLogger
       */
      private logHistoryRenderDiagnostics(
        source: string,
        sessionId: string,
        rawMessages: any[],
        processedMessages: any[],
      ): void {
        return this.diagnosticsLogger.logHistoryRenderDiagnostics(
          source,
          sessionId,
          rawMessages,
          processedMessages,
        );
      }
    
      /**
       * Session settings - delegate to ModelAndAgentManager
       */
      private async persistSessionSettings(
        sessionId: string,
        settings: {
          providerID?: string;
          modelID?: string;
          agent?: string;
          thinkingLevel?: string;
        },
      ): Promise<void> {
        const partial: any = {};
        if (settings.providerID) partial.providerID = settings.providerID;
        if (settings.modelID) partial.modelID = settings.modelID;
        if (settings.agent) partial.agent = settings.agent;
        if (settings.thinkingLevel) partial.thinkingLevel = settings.thinkingLevel;
        return this.modelAndAgentManager.persistSessionSettings(sessionId, partial);
      }
    
      private async resolvePromptVariant(sessionId: string): Promise<string | undefined> {
        return this.modelAndAgentManager.resolvePromptVariant(sessionId);
      }
    
      /**
       * Structured output methods - delegate to StructuredOutputProcessor
       */
      private getStructuredOutputFormat(): Record<string, unknown> {
        return this.structuredOutputProcessor.getStructuredOutputFormat();
      }
    
      private shouldUseStructuredOutput(modelKey: string): boolean {
        return this.structuredOutputProcessor.shouldUseStructuredOutput(modelKey);
      }
    
      private isRenderableTextPart(part: unknown): boolean {
        return this.structuredOutputProcessor.isRenderableTextPart(part);
      }
    
      private deriveQuestionPromptFromInteractivePayload(payload: {
        question: string;
        options?: any[];
      }): string {
        return this.structuredOutputProcessor.deriveQuestionPromptFromInteractivePayload(payload);
      }
    
      private isLowValueInteractiveBodyText(value: string): boolean {
        return this.structuredOutputProcessor.isLowValueInteractiveBodyText(value);
      }
    
      /**
       * Plan methods - delegate to PlanManager
       */
      private collectPlanFileCandidatesFromStructuredPlan(structured: any): string[] {
        return this.planManager.collectPlanFileCandidatesFromStructuredPlan(structured);
      }
    
      private resolvePlanTitle(options: {
        plan?: { title?: string; file?: string };
        planFile?: string;
        fallback?: string;
        explicitTitle?: string;
      }): string | undefined {
        return this.planManager.resolvePlanTitle(options);
      }
    
      /**
       * Session methods - delegate to SessionHandler
       */
      private sendProcessingSessionsUpdate(): void {
        this.view?.webview.postMessage({
          type: "SET_PROCESSING_SESSIONS",
          payload: Array.from(this.processingSessionIds),
        });
      }
    
      /**
       * Diagnostics methods - delegate to DiagnosticsLogger
       */
      private async logPromptRequestPayload(
        sessionId: string,
        promptBody: any,
        useStructuredOutput: boolean,
      ): Promise<void> {
        return this.diagnosticsLogger.logPromptRequestPayload(
          sessionId,
          promptBody,
          useStructuredOutput,
        );
      }
    
      private async logPromptResponsePayload(
        sessionId: string,
        response: any,
        durationSeconds: number,
        useStructuredOutput: boolean,
      ): Promise<void> {
        return this.diagnosticsLogger.logPromptResponsePayload(
          sessionId,
          response,
          durationSeconds,
          useStructuredOutput,
        );
      }
    
      private logPromptResponseDiagnostics(
        sessionId: string,
        responseData: any,
      ): void {
        return this.diagnosticsLogger.logPromptResponseDiagnostics(
          sessionId,
          responseData,
        );
      }
    
      private buildRawResponseDebugText(response: any): string {
        return this.diagnosticsLogger.buildRawResponseDebugText(response);
      }
    
      /**
       * Subagent helper methods (not moved to modules, kept in ChatViewProvider)
       */
      private hasStructuredSubagentSignal(messageRaw: unknown): boolean {
        if (!messageRaw || typeof messageRaw !== "object") {
          return false;
        }
        const message = messageRaw as any;
        const subagents = message?.subagents;
        return (
          Array.isArray(subagents) &&
          subagents.length > 0 &&
          subagents.some((s: any) => s?.status === "structured")
        );
      }
    
      private extractMessageId(message: any): string | undefined {
        if (!message) return undefined;
        const id =
          this.firstNonEmptyString(
            message?.id,
            message?.messageId,
            message?.info?.id,
            message?.info?.messageId,
          ) ||
          (typeof message?.info?._id === "string"
            ? message.info._id
            : undefined);
        return id;
      }
    
      /**
       * Compaction methods - delegate to CompactionManager
       */
      private async maybeAutoCompact(
        sessionId: string,
        responseData: unknown,
      ): Promise<void> {
        return this.compactionManager.maybeAutoCompact(
          sessionId,
          responseData,
          this.sessionService,
        );
      }
    
      /**
       * Plan file methods - delegate to PlanManager (public interface)
       * Note: normalizePlanFileReference is private in PlanManager, so we call it through
       * other public methods or recreate the logic if needed
       */
      private normalizePlanFileReference(file: unknown): string | undefined {
        // This is a private method in PlanManager, but we need access to it.
        // For now, duplicate the minimal logic needed here.
        const raw = this.firstNonEmptyString(file);
        if (!raw) {
          return undefined;
        }
    
        let value = raw.trim();
        if (!value) {
          return undefined;
        }
    
        if (value.startsWith("file://")) {
          try {
            const uri = vscode.Uri.parse(value);
            if (uri.scheme === "file" && uri.fsPath) {
              value = uri.fsPath;
            }
          } catch {
            // Keep string cleanup fallback below.
          }
        }
    
        // Strip common markdown wrappers around file paths.
        value = value
          .replace(/^`+|`+$/g, "")
          .replace(/^"+|"+$/g, "")
          .replace(/^'+|'+$/g, "")
          .replace(/^<+|>+$/g, "")
          .replace(/^\(+|\)+$/g, "")
          .trim();
    
        return value || undefined;
      }
    
      private resolvePlanFileCandidates(planFile: string): string[] {
        return this.planManager.resolvePlanFileCandidates(planFile);
      }
    
      private async persistPlan(
        content: string,
        preferredPath?: string,
      ): Promise<string | undefined> {
        return this.planManager.persistPlan(content, preferredPath);
      }
    
      private async readPlanFileFromDisk(filePath: string): Promise<string | undefined> {
        // This is a private method in PlanManager, duplicate the minimal logic here
        try {
          const normalized = path.normalize(filePath);
          const content = await vscode.workspace.fs.readFile(
            vscode.Uri.file(normalized),
          );
          return Buffer.from(content).toString("utf-8");
        } catch {
          return undefined;
        }
      }
    
      private prioritizePlanFileCandidates(
        candidates: Array<unknown>,
        explicitFiles?: Set<string>,
      ): string[] {
        return this.planManager.prioritizePlanFileCandidates(candidates, explicitFiles);
      }
    
      private extractMarkdownFileReferences(text: unknown): string[] {
        return this.planManager.extractMarkdownFileReferences(text);
      }
    
      private discoverLikelyPlanFileCandidates(): Promise<string[]> {
        return this.planManager.discoverLikelyPlanFileCandidates();
      }
    
      /**
       * Normalize compaction baseline stats
       * Converts raw stats object to normalized format
       */
      private normalizeCompactionBaselineStats(
        value: unknown,
      ): { [key: string]: number } | undefined {
        const rec = this.asRecord(value);
        if (!rec) {
          return undefined;
        }
    
        const normalize = (raw: unknown): number | undefined =>
          typeof raw === "number" && Number.isFinite(raw) && raw >= 0
            ? Math.floor(raw)
            : undefined;
    
        const input = normalize(rec.input);
        const output = normalize(rec.output);
        const read = normalize(rec.read);
        const write = normalize(rec.write);
        const duration = normalize(rec.duration);
    
        if (
          input === undefined &&
          output === undefined &&
          read === undefined &&
          write === undefined &&
          duration === undefined
        ) {
          return undefined;
        }
    
        return {
          input: input ?? 0,
          output: output ?? 0,
          read: read ?? 0,
          write: write ?? 0,
          duration: duration ?? 0,
        };
      }
    
      resolveWebviewView(
        webviewView: vscode.WebviewView,
        _context: vscode.WebviewViewResolveContext,
        _token: vscode.CancellationToken,
      ): void | Thenable<void> {
        this.logger.info("[ChatViewProvider] resolving webview view");
        this.view = webviewView;
        this.isBootstrappingWebview = false;
        this.hasInitializedWebview = false;
        this.sessionsListRequestVersion = 0;
        this.lastSessionsPayloadFingerprint = undefined;
    
        webviewView.webview.options = {
          enableScripts: true,
          localResourceRoots: [this.context.extensionUri],
        };
    
        // Handle messages from webview
        webviewView.webview.onDidReceiveMessage(async (message) => {
          const { type } = message;
    
          // Log all UI interactions for debugging
          this.logger.logUIInteraction('ChatView', type, message.type, message as Record<string, unknown>);
    
          switch (type) {
            case "ready": {
              this.logger.debug(`${LoggingCategories.UI_INTERACTION} Webview ready`, {
                viewType: 'chat',
              });
    
              if (this.isBootstrappingWebview) {
                break;
              }
    
              this.isBootstrappingWebview = true;
              // A reloaded webview starts with empty client state. Force a fresh
              // sessions payload even if the underlying list fingerprint is unchanged.
              this.lastSessionsPayloadFingerprint = undefined;
              if (!this.hasInitializedWebview) {
                // Reply immediately so the webview stops retrying `ready` while
                // slower bootstrap tasks (models/sessions) are still loading.
                this.view?.webview.postMessage({
                  type: "initState",
                  serverStatus: this.serverManager.getStatus(),
                  selectedModel: this.selectedModel,
                  selectedAgent: this.selectedAgent,
                  serverVersion: this.serverManager.getVersion(),
                  currentSessionId: this.currentSessionId,
                  todoItems: this.loadPersistedTodos(this.currentSessionId).items,
                });
                this.hasInitializedWebview = true;
              }
    
              try {
                // Fetch models so they're available in the webview on startup.
                // We await this to ensure models are loaded before sending initState.
                // Network issues are handled gracefully inside handleGetModels with fallback models.
                const models = await this.modelAndAgentManager.handleGetModels();
                await this.modelAndAgentManager.reconcileSelectedModelSelection(models);
    
                // Sync default agent selection
                await this.syncCLIAgents();
    
                // Fetch and send full agents list to webview
                await this.modelAndAgentManager.handleGetAgents();
    
                // TEMPORARILY DISABLED: Fetch and send commands list for SkillsPanel
                // This is loading 700+ skills and causing massive delays
                // TODO: Re-enable after implementing proper pagination/lazy loading
                // void this.handleGetCommands().catch((error) => {
                //   this.logger.warn("Background commands loading failed during ready bootstrap", { err: error });
                // });
                this.logger.info("⚠️ [PERF] Command loading disabled temporarily (700+ skills bottleneck)");
    
                // Resolve the active session before sending initState so that
                // per-session settings (agent / model / thinking) are applied first.
                const currentSession =
                  await this.sessionService.getCurrentSession();
                if (currentSession) {
                  this.currentSessionId = currentSession.id;
                  await this.applySessionSettings(currentSession.id);
                }
    
                // Send refreshed init state reflecting the session-specific selections
                this.view?.webview.postMessage({
                  type: "initState",
                  serverStatus: this.serverManager.getStatus(),
                  selectedModel: this.selectedModel,
                  selectedAgent: this.selectedAgent,
                  serverVersion: this.serverManager.getVersion(),
                  currentSessionId: this.currentSessionId,
                });
    
                // Restore the session-specific thinking level (separate message type)
                const bootstrapThinkingLevel =
                  (currentSession
                    ? this.getSessionSettings(currentSession.id).thinkingLevel
                    : undefined) ??
                  this.context.globalState.get<string>("thinkingLevel");
                if (bootstrapThinkingLevel) {
                  this.view?.webview.postMessage({
                    type: "thinkingLevelUpdate",
                    level: bootstrapThinkingLevel,
                  });
                }
                // Fire-and-forget: fetch and broadcast current model capabilities on bootstrap (unconditional)
                void this.modelCapabilitiesService
                  .getCapabilities(
                    this.selectedModel?.providerID ?? "",
                    this.selectedModel?.modelID ?? "",
                  )
                  .then((capability) => {
                    this.view?.webview.postMessage({
                      type: "modelCapabilityUpdate",
                      capability: capability ?? null,
                    });
                  })
                  .catch(() => {
                    // Minimal failure tracking for bootstrap capability fetches
                    try {
                      this.capabilityFetchFailureCount = (this.capabilityFetchFailureCount || 0) + 1;
                      if (this.capabilityFetchFailureCount >= 3) {
                        vscode.window.showWarningMessage(
                          "Could not fetch model capabilities. Thinking level control may be unavailable.",
                        );
                        this.capabilityFetchFailureCount = 0;
                      }
                    } catch (e) {
                      // best-effort only
                    }
                  });
    
                // Send initial budget status
                this.sendBudgetInfo();
    
                // Fetch and send chat history and sessions list
                if (currentSession) {
                  this.subagentTracker.setActiveSession(currentSession.id);
                  const rawMessages = await this.sessionService.getMessages(
                    currentSession.id,
                  );
                  const messages = await this.processHistoryMessages(
                    rawMessages,
                    currentSession.id,
                  );
                  this.logHistoryRenderDiagnostics(
                    "webview.ready.current-session",
                    currentSession.id,
                    rawMessages,
                    messages,
                  );
                  this.view?.webview.postMessage({
                    type: "chatHistory",
                    messages: messages,
                  });
                  await this.sendPersistedCompactionViewState(currentSession.id);
                  const subagentSnapshotPayload =
                    await this.syncSubagentSnapshotForSession(
                      currentSession.id,
                      messages as any[],
                    );
                  this.view?.webview.postMessage({
                    type: "subagentSnapshot",
                    ...subagentSnapshotPayload,
                  });
                  this.sendQueueUpdate(currentSession.id);
                } else {
                  this.subagentTracker.resetForSession(null);
                  this.view?.webview.postMessage({
                    type: "subagentSnapshot",
                    ...this.subagentTracker.getSnapshotPayload(),
                  });
                }
    
                await this.handleGetSessions();
                this.refreshView();
    
                // Fetch live MCP and LSP server status from OpenCode SDK
                this.handleGetMcpStatus().catch(() => { });
                this.handleGetLspStatus().catch(() => { });
    
                // Send quota data or trigger initial fetch
                const quotaData = this.quotaService.cachedData;
                if (quotaData !== undefined) {
                  this.view?.webview.postMessage({
                    type: "quotaData",
                    data: quotaData,
                  });
                } else {
                  this.quotaService.refreshQuota().catch(() => { });
                }
                // Send initial theme data
                await this.sendThemeDataToWebview();
              } finally {
                this.isBootstrappingWebview = false;
              }
              break;
            }
            case "sendMessage":
            case "sendPrompt": {
              const correlationId = this.logger.startFeatureFlow('send-message', {
                hasFiles: message.files?.length > 0,
                hasImages: message.images?.length > 0,
                textLength: message.text?.length,
              });
    
              this.logger.info(`${LoggingCategories.UI_INTERACTION} User initiated message send`, {
                correlationId,
                hasFiles: message.files?.length > 0,
                hasImages: message.images?.length > 0,
                textLength: message.text?.length,
              });
    
              try {
                await this.schedulePromptDispatch("send-now", {
                  sessionId: message.sessionId,
                  text: message.text,
                  files: message.files,
                  contexts: message.contexts,
                  images: message.images,
                  agent: message.agent,
                });
                this.logger.endFeatureFlow(correlationId, { success: true });
              } catch (err) {
                this.logger.error(
                  `${LoggingCategories.UI_INTERACTION} Failed to send message`,
                  { correlationId, error: (err as Error).message }
                );
                this.logger.endFeatureFlow(correlationId, { success: false });
              }
              break;
            }
            case "persistAssistantMessage": {
              const sessionId = this.firstNonEmptyString(
                message.sessionId,
                this.currentSessionId,
              );
              if (!sessionId || !message.message) {
                break;
              }
              await this.sessionService.upsertMessage(sessionId, message.message);
              await this.persistSessionMessageOverride(sessionId, message.message);
              const snapshotFromMessage = this.buildSubagentPayloadFromMessage(
                message.message,
                sessionId,
              );
              if (snapshotFromMessage) {
                await this.persistSubagentLiveState(sessionId, snapshotFromMessage);
              }
              break;
            }
            case "interactiveResponse": {
              const choiceText =
                this.firstNonEmptyString(
                  message?.selection?.value,
                  message?.selection?.label,
                  message?.text,
                ) || "";
              if (!choiceText) {
                break;
              }
    
              // FIX: Send just the choice text, no special formatting
              const composedPrompt = choiceText;
              const userFacingText = this.firstNonEmptyString(
                message?.displayText,
                choiceText,
              );
    
              await this.dispatchInteractiveResponse({
                sessionId: message?.sessionId,
                text: composedPrompt,
                userFacingText,
                agent: message?.agent,
              });
              break;
            }
            case "batchInteractiveResponse": {
              const responses = message.responses as Array<{
                eventId: string;
                eventType: string;
                text: string;
                questionText?: string;
              }>;
              if (!responses || responses.length === 0) {
                break;
              }
    
              // Preserve question context in the prompt so model-side continuation
              // is grounded, while the webview controls user-facing rendering text.
              const composedPrompt = responses
                .map((resp, index) => {
                  const answer = this.firstNonEmptyString(resp.text) || "";
                  if (!answer) {
                    return "";
                  }
                  const question = this.firstNonEmptyString(resp.questionText) || "";
                  if (!question) {
                    return `Answer ${index + 1}: ${answer}`;
                  }
                  return `Question ${index + 1}: ${question}\nAnswer: ${answer}`;
                })
                .filter((value) => value.length > 0)
                .join("\n\n");
    
              if (!composedPrompt) {
                break;
              }
    
              const userFacingText = this.firstNonEmptyString(
                message?.displayText,
                composedPrompt,
              );
    
              await this.dispatchInteractiveResponse({
                sessionId: message?.sessionId,
                text: composedPrompt,
                userFacingText,
                agent: message?.agent,
              });
              break;
            }
            case "newSession":
            case "createSession": {
              const correlationId = this.logger.startFeatureFlow('create-session');
    
              this.logger.info(`${LoggingCategories.UI_INTERACTION} User creating new session`, {
                correlationId,
              });
    
              try {
                const createdSession = await this.sessionService.createNewSession();
                this.currentSessionId = createdSession.id;
                this.logger.info(`${LoggingCategories.UI_INTERACTION} New session created`, {
                  correlationId,
                  sessionId: createdSession.id,
                });
                this.logger.endFeatureFlow(correlationId, {
                  success: true,
                  sessionId: createdSession.id,
                });
    
                // Clear in-memory todo cache for the newly created session.
                this.clearSessionTodos();
                this.subagentTracker.resetForSession(createdSession.id);
                await this.clearPersistedSubagentSnapshot(createdSession.id);
                this.sendQueueUpdate(createdSession.id);
    
                // Always use "build" as the default agent for new sessions
                // This prevents new sessions from inheriting an agent that was
                // selected in a previous session (e.g., "Sisyphus (Ultraworker)")
                this.selectedAgent = "build";
                await this.persistSessionSettings(createdSession.id, {
                  agent: "build",
                });
    
                await this.handleGetSessions(); // Update list
                this.refreshView();
    
                // Clear webview messages
                this.view?.webview.postMessage({
                  type: "chatHistory",
                  messages: [],
                });
                this.view?.webview.postMessage({
                  type: "subagentSnapshot",
                  ...this.subagentTracker.getSnapshotPayload(),
                });
              } catch (error) {
                this.logger.error(
                  `${LoggingCategories.UI_INTERACTION} Failed to create session`,
                  { correlationId, error: (error as Error).message }
                );
                this.logger.endFeatureFlow(correlationId, { success: false });
              }
              break;
            }
            case "viewPlan": {
              this.logger.logUIInteraction('ChatView', 'view-plan', message.plan, {
                planFile: message.plan,
              });
    
              this.logger.info(`${LoggingCategories.UI_INTERACTION} User viewing plan`, {
                planFile: message.plan,
              });
    
              if (message.plan) {
                await this.handleViewPlan(message.plan);
              }
              break;
            }
            case "openDiff": {
              this.handleOpenDiff(message.file);
              break;
            }
            case "openFile": {
              await this.handleOpenFile(message.file);
              break;
            }
            case "reviewChanges": {
              this.handleReviewChanges();
              break;
            }
            case "searchFiles":
            case "getMentions": {
              await this.handleSearchFiles(message.query);
              break;
            }
            case "getOpenCodeConfig": {
              await this.handleGetOpenCodeConfig(message.fileName);
              break;
            }
            case "saveOpenCodeConfig": {
              await this.handleSaveOpenCodeConfig(message.content, message.filePath);
              break;
            }
            case "selectModel":
            case "setModel": {
              // Normalize incoming model to always include providerName.
              const incoming =
                message.model || {
                  providerID: message.providerID,
                  modelID: message.modelID,
                } ||
                {};
              if (!incoming.providerID || !incoming.modelID) {
                this.logger.warn("Ignoring invalid model selection payload; providerID and modelID are required.", { incoming });
                break;
              }
              let providerName: string | undefined = incoming.providerName;
              if (!providerName) {
                // Try to resolve from cached models if available
                const found = this.availableModels?.find(
                  (m) =>
                    m.providerID === incoming.providerID &&
                    m.modelID === incoming.modelID,
                );
                providerName = found?.providerName || incoming.providerID;
              }
    
              this.selectedModel = {
                providerID: incoming.providerID,
                modelID: incoming.modelID,
                providerName,
              };
    
              // Persist selection
              await this.context.globalState.update(
                "selectedModel",
                this.selectedModel,
              );
              if (this.currentSessionId) {
                await this.persistSessionSettings(this.currentSessionId, {
                  providerID: this.selectedModel?.providerID,
                  modelID: this.selectedModel?.modelID,
                });
              }
              this.logger.info("Persisted model selection", {
                modelID: this.selectedModel.modelID,
                providerName: this.selectedModel.providerName,
              });
    
              // Fetch and broadcast model capabilities (fire-and-forget).
              void this.modelCapabilitiesService
                .getCapabilities(
                  this.selectedModel.providerID,
                  this.selectedModel.modelID,
                )
                .then(async (capability) => {
                  this.capabilityFetchFailureCount = 0;
                  // Broadcast capability update (preserve existing behaviour)
                  this.view?.webview.postMessage({
                    type: "modelCapabilityUpdate",
                    capability: capability ?? null,
                  });
    
                  // Check for stale persisted thinking level and clear if it's no
                  // longer supported by the newly selected model.
                  try {
                    const persistedLevel =
                      (this.currentSessionId
                        ? this.getSessionSettings(this.currentSessionId).thinkingLevel
                        : undefined) ?? this.context.globalState.get<string>("thinkingLevel");
    
                    const newVariants = capability?.variants;
                    const isStale =
                      persistedLevel &&
                      (!Array.isArray(newVariants) || newVariants.length === 0 || !newVariants.includes(persistedLevel));
    
                    if (isStale) {
                      this.logger.warn("Clearing stale thinking level on model switch", {
                        staleLevel: persistedLevel,
                        newVariants,
                        modelID: this.selectedModel?.modelID,
                      });
    
                      // Clear from globalState
                      await this.context.globalState.update("thinkingLevel", undefined);
    
                      // Clear from session settings if applicable
                      if (this.currentSessionId) {
                        await this.persistSessionSettings(this.currentSessionId, {
                          thinkingLevel: undefined,
                        });
                      }
    
                      // Notify webview to reset its displayed thinking level
                      this.view?.webview.postMessage({
                        type: "thinkingLevelUpdate",
                        level: "",
                      });
                    }
                  } catch (err) {
                    // Best-effort only — log and continue
                    this.logger.warn("Error while checking/clearing stale thinking level", { err });
                  }
                })
                .catch((err) => {
                  this.logger.warn(
                    "Failed to fetch model capabilities on model switch",
                    { err },
                  );
                  this.view?.webview.postMessage({
                    type: "modelCapabilityUpdate",
                    capability: null,
                  });
                  try {
                    this.capabilityFetchFailureCount = (this.capabilityFetchFailureCount || 0) + 1;
                    if (this.capabilityFetchFailureCount >= 3) {
                      vscode.window.showWarningMessage(
                        "Could not fetch model capabilities. Thinking level control may be unavailable.",
                      );
                      this.capabilityFetchFailureCount = 0;
                    }
                  } catch (_) {
                    // best-effort only
                  }
                });
              break;
            }
            case "selectAgent":
            case "setAgent": {
              const oldAgent = this.selectedAgent;
              this.selectedAgent = message.agent;
    
              this.logger.logStateChange(
                'selected-agent',
                oldAgent,
                message.agent,
                'user-selection'
              );
    
              this.logger.info(`${LoggingCategories.UI_INTERACTION} User selected agent`, {
                fromAgent: oldAgent,
                toAgent: message.agent,
              });
    
              if (this.currentSessionId) {
                await this.persistSessionSettings(this.currentSessionId, {
                  agent: message.agent,
                });
              }
              break;
            }
            case "getAgents": {
              this.handleGetAgents();
              break;
            }
            case "getCommands": {
              this.logger.info('[onDidReceiveMessage] Received getCommands message');
              await this.handleGetCommands();
              break;
            }
            case "getModels": {
              await this.handleGetModels();
              break;
            }
            case "getSessions": {
              await this.handleGetSessions();
              break;
            }
            case "loadSession":
            case "openSession":
            case "switchSession": {
              const correlationId = this.logger.startFeatureFlow('switch-session', {
                targetSessionId: message.sessionId,
              });
    
              this.logger.info(`${LoggingCategories.UI_INTERACTION} User switching session`, {
                correlationId,
                fromSessionId: this.currentSessionId,
                toSessionId: message.sessionId,
              });
    
              try {
                await this.handleLoadSession(message.sessionId);
                this.logger.endFeatureFlow(correlationId, { success: true });
              } catch (error) {
                this.logger.error(
                  `${LoggingCategories.UI_INTERACTION} Failed to switch session`,
                  { correlationId, fromSessionId: this.currentSessionId, toSessionId: message.sessionId, error: (error as Error).message }
                );
                this.logger.endFeatureFlow(correlationId, { success: false });
              }
              break;
            }
            case "deleteSession": {
              await this.handleDeleteSession(message.sessionId);
              break;
            }
            case "renameSession": {
              await this.handleRenameSession(message.sessionId, message.newTitle);
              break;
            }
            case "stopRequest": {
              await this.handleStopRequest(message.sessionId);
              break;
            }
            case "compactSession": {
              await this.handleCompactSession(
                message.sessionId,
                this.normalizeCompactionBaselineStats(message.baselineStats),
              );
              break;
            }
            case "setCompactionViewState": {
              await this.handleSetCompactionViewState(message);
              break;
            }
            case "addToQueue": {
              await this.schedulePromptDispatch("queue", {
                sessionId: message.sessionId,
                text: message.text,
                files: message.files,
                contexts: message.contexts,
                images: message.images,
                agent: message.agent,
              });
              break;
            }
            case "steerMessage": {
              await this.schedulePromptDispatch("steer", {
                sessionId: message.sessionId,
                text: message.text,
                files: message.files,
                contexts: message.contexts,
                images: message.images,
                agent: message.agent,
              });
              break;
            }
            case "sendQueuedItemNow": {
              await this.handleDispatchQueuedItem(
                "send-now",
                message.sessionId,
                message.id,
                message.index,
              );
              break;
            }
            case "steerQueuedItem": {
              await this.handleDispatchQueuedItem(
                "steer",
                message.sessionId,
                message.id,
                message.index,
              );
              break;
            }
            case "attachFiles": {
              await this.handleAttachFiles();
              break;
            }
            case "attachImage": {
              await this.handleAttachImage();
              break;
            }
            case "removeFromQueue": {
              await this.handleRemoveFromQueue(
                message.sessionId,
                message.id,
                message.index,
              );
              break;
            }
            case "clearQueue": {
              await this.handleClearQueue(message.sessionId);
              break;
            }
            case "executeQueue": {
              await this.handleExecuteQueue(message.sessionId);
              break;
            }
            case "log": {
              const { level, message: logMsg, category, context } = message;
              const prefix = category ? `[${category}]` : "[WebView]";
              try {
                const levelStr = (level || "info").toLowerCase();
                const msgStr =
                  typeof logMsg === "string"
                    ? logMsg.length > 2000
                      ? `${logMsg.slice(0, 2000)}...[truncated ${logMsg.length - 2000} chars]`
                      : logMsg
                    : JSON.stringify(logMsg);
                const ctx = { ...(context || {}), source: prefix };
                switch (levelStr) {
                  case "error":
                    this.logger.error(msgStr, ctx as Record<string, unknown>);
                    break;
                  case "warn":
                    this.logger.warn(msgStr, ctx as Record<string, unknown>);
                    break;
                  case "debug":
                    this.logger.debug(msgStr, ctx as Record<string, unknown>);
                    break;
                  case "info":
                  default:
                    this.logger.info(msgStr, ctx as Record<string, unknown>);
                    break;
                }
              } catch (err) {
                // If logging from webview fails, don't let it crash the provider
                this.logger.warn("Failed to forward webview log message", { err });
              }
              break;
            }
            case "refreshQuota": {
              await this.quotaService.refreshQuota();
              break;
            }
            case "setThinkingLevel": {
              const level = message.level as string | undefined;
              if (level) {
                await this.context.globalState.update("thinkingLevel", level);
                if (this.currentSessionId) {
                  await this.persistSessionSettings(this.currentSessionId, {
                    thinkingLevel: level,
                  });
                }
                this.logger.info("Thinking level set", { level });
                // NOTE: The webview handler only listens for 'thinkingLevelUpdate' (not 'thinkingLevelSet')
                this.view?.webview.postMessage({
                  type: "thinkingLevelUpdate",
                  level,
                });
              }
              break;
            }
            case "toggleMode": {
              const correlationId = this.logger.startFeatureFlow('toggle-mode', {
                fromMode: this.currentMode,
                toMode: message.mode,
              });
    
              this.logger.info('User toggled chat mode', {
                correlationId,
                fromMode: this.currentMode,
                toMode: message.mode,
              });
    
              try {
                await this.handleToggleMode(message.mode);
                this.logger.endFeatureFlow(correlationId, { success: true });
              } catch (error) {
                this.logger.error('Failed to toggle mode', {
                  correlationId,
                  error: (error as Error).message,
                });
                this.logger.endFeatureFlow(correlationId, { success: false });
              }
              break;
            }
            case "addAttachment": {
              const attachment = message.attachment;
              if (!attachment) break;
              const existing = (this.context.globalState.get<any[]>(
                "pendingAttachments",
              ) || []) as any[];
              existing.push(attachment);
              await this.context.globalState.update("pendingAttachments", existing);
              this.view?.webview.postMessage({
                type: "attachmentAdded",
                attachmentId: attachment.id,
              });
              break;
            }
            case "retryLastMessage": {
              const retrySessionId = this.currentSessionId;
              if (this.lastSendMessageArgs && retrySessionId && !this.processingSessionIds.has(retrySessionId)) {
                const retryWithoutStructuredOutput =
                  message.retryWithoutStructuredOutput === true;
                if (this.currentSessionId) {
                  try {
                    const rawMessages = await this.sessionService.getMessages(
                      this.currentSessionId,
                    );
                    const messages = await this.processHistoryMessages(
                      rawMessages,
                      this.currentSessionId,
                    );
                    this.logHistoryRenderDiagnostics(
                      "retryLastMessage.reload",
                      this.currentSessionId,
                      rawMessages,
                      messages,
                    );
                    this.view?.webview.postMessage({
                      type: "chatHistory",
                      sessionId: this.currentSessionId,
                      messages: messages,
                    });
                  } catch (err) {
                    this.logger.error("Failed to load messages for retry", { err });
                  }
                }
                await this.handleSendMessage(
                  this.lastSendMessageArgs.text,
                  this.lastSendMessageArgs.files,
                  this.lastSendMessageArgs.contexts,
                  this.lastSendMessageArgs.images,
                  this.lastSendMessageArgs.agent,
                  true,
                  undefined,
                  retryWithoutStructuredOutput,
                );
              }
              break;
            }
            case "clearAttachments": {
              await this.context.globalState.update("pendingAttachments", []);
              this.view?.webview.postMessage({ type: "attachmentsCleared" });
              break;
            }
            case "getMcpStatus": {
              this.handleGetMcpStatus().catch((err) =>
                log.error(
                  "handleGetMcpStatus error",
                  {},
                  err instanceof Error ? err : undefined,
                ),
              );
              break;
            }
            case "getLspStatus": {
              this.handleGetLspStatus().catch((err) =>
                log.error(
                  "handleGetLspStatus error",
                  {},
                  err instanceof Error ? err : undefined,
                ),
              );
              break;
            }
            case "getConfigFilesList": {
              try {
                const response = await vscode.commands.executeCommand<{
                  success: boolean;
                  error?: string;
                  files: ConfigFile[];
                }>('opencode.getConfigFiles');
    
                this.view?.webview.postMessage({
                  type: 'configFilesList',
                  success: response.success,
                  error: response.error,
                  files: response.files ?? []
                });
              } catch (err) {
                log.error(
                  "getConfigFilesList error",
                  {},
                  err instanceof Error ? err : undefined,
                );
                this.view?.webview.postMessage({
                  type: 'configFilesList',
                  success: false,
                  error: err instanceof Error ? err.message : 'Unknown error',
                  files: []
                });
              }
              break;
            }
            case "saveConfigFile": {
              try {
                // Input validation
                if (!message.filePath || typeof message.filePath !== 'string') {
                  throw new Error('Invalid or missing filePath');
                }
                if (!message.content || typeof message.content !== 'string') {
                  throw new Error('Invalid or missing content');
                }
    
                const saveResult = await vscode.commands.executeCommand<{
                  success: boolean;
                  error?: string;
                }>(
                  'opencode.saveConfigFile',
                  message.filePath,
                  message.content
                );
    
                // Null check for saveResult
                if (!saveResult) {
                  throw new Error('No response from saveConfigFile command');
                }
    
                this.view?.webview.postMessage({
                  type: 'configFileSaved',
                  success: saveResult?.success ?? false,
                  error: saveResult?.error
                });
              } catch (err) {
                log.error(
                  "saveConfigFile error",
                  {},
                  err instanceof Error ? err : undefined,
                );
                this.view?.webview.postMessage({
                  type: 'configFileSaved',
                  success: false,
                  error: err instanceof Error ? err.message : 'Unknown error'
                });
              }
              break;
            }
            case "planProceed": {
              const payload = message.payload;
              await this.context.globalState.update(
                "lastPlanProceed",
                payload || null,
              );
              this.logger.debug("planProceed received");
              this.view?.webview.postMessage({
                type: "planProceedAck",
                payload: { received: true },
              });
              break;
            }
            // Skill installer message routing
            case "getMySkills":
            case "installSkill":
            case "removeSkill":
            case "editSkill":
            case "validateSkill":
              await this.handleSkillMessage(message);
              break;
            default: {
              this.logger.debug(`${LoggingCategories.UI_INTERACTION} Unhandled message type`, {
                messageType: type,
              });
            }
          }
        });
    
        // Subscribe to stream events
        this.unsubscribe = this.streamService.subscribe(async (event) => {
          // Log stream events for debugging
          const eventRec = event as Record<string, unknown>;
          const eventType = eventRec?.type || "unknown";
          const structuredRec = eventRec?.structured as Record<string, unknown> | undefined;
          const eventKind = structuredRec?.kind || "unknown";
          this.logger.debug(`📡 [STREAM] Event received: ${eventType} (kind: ${eventKind})`, {
            sessionId: this.extractEventSessionId(event),
            hasStructured: !!structuredRec,
          });
    
          const eventSessionId = this.extractEventSessionId(event);
          // Always run subagent tracking before any session-scoped early return so child
          // session events are captured regardless of which session is active in the UI.
          const subagentUpdate = this.subagentTracker.consumeStreamEvent(event);
          if (subagentUpdate) {
            this.view?.webview.postMessage({
              type: "subagentUpdate",
              ...subagentUpdate,
            });
            void this.subagentPersistence.persistSubagentUpdateSnapshot(
              subagentUpdate,
              this.currentSessionId,
              this.sessionService,
              (msg) => this.view?.webview.postMessage(msg)
            ).catch((persistError) => {
              this.logger.warn("Failed to persist subagent stream snapshot", { err: persistError });
            });
          }
    
          // We process all events for internal logic (tracking, persistence),
          // but drop early if the stream event belongs to a different active session.
          if (eventSessionId && this.currentSessionId && eventSessionId !== this.currentSessionId) {
            return;
          }
    
          // Track token usage from message.updated events
          if (event.type === "message.updated" && event.properties) {
            const info = (event.properties as any)?.info;
            if (info?.tokens && info?.modelID) {
              const tokens: TokenUsage = {
                input: info.tokens.input || 0,
                output: info.tokens.output || 0,
                reasoning: info.tokens.reasoning || 0,
                cacheRead: info.tokens.cache?.read || 0,
                cacheWrite: info.tokens.cache?.write || 0,
              };
              // Track only if there's actual token usage
              if (tokens.input > 0 || tokens.output > 0 || tokens.reasoning > 0) {
                this.geminiTokenTracker.recordUsage(info.modelID, tokens);
              }
            }
          }
    
          this.forwardCompactionStatusFromStreamEvent(event);
    
          // Forward events to webview
          const enrichedEvent = this.enrichStreamEvent(event);
          this.logStreamEventDiagnostics(event, enrichedEvent);
    
          if (this.hasBlockingInteractiveInStreamPayload(enrichedEvent)) {
            this.awaitingInteractiveAnswer = true;
          }
    
          // Clear flag when we receive actual content (not another question)
          // This indicates the model is processing and we're no longer just "awaiting"
          if (this.awaitingInteractiveAnswer) {
            const isAnotherQuestion = this.hasBlockingInteractiveInStreamPayload(enrichedEvent);
            const isActualContent = enrichedEvent.type &&
                                   enrichedEvent.type !== 'interactive_event' &&
                                   !isAnotherQuestion;
    
            if (isActualContent) {
              this.awaitingInteractiveAnswer = false;
            }
          }
    
          // Log stream event for debugging response types (with error handling)
          try {
            const structured = enrichedEvent?.structured || {};
            const responseContext: Record<string, unknown> = {
              eventType: event.type || "unknown",
              kind: structured?.kind || "unknown",
            };
    
            if (structured?.text) {
              responseContext.textLength = structured.text.length;
              responseContext.textPreview = structured.text.substring(0, 100);
            }
    
            if (structured?.responseType) {
              responseContext.responseType = structured.responseType;
            }
    
            if (enrichedEvent?.structuredOutput) {
              responseContext.hasStructuredOutput = true;
              responseContext.outputType =
                enrichedEvent.structuredOutput.responseType;
            }
    
            this.logger.aiStreamEvent(
              "stream", // sessionId - using placeholder since stream events don't have a sessionId
              structured?.kind || "unknown", // eventType
              responseContext, // context
            );
          } catch (error) {
            // Silently ignore logging errors to prevent stream interruption
            this.logger.warn("Failed to log stream event", { err: error });
          }
    
          // Forward todo_update stream events as todoUpdate postMessage to webview
          if (enrichedEvent?.structuredOutput?.responseType === "todo_update") {
            const structured = enrichedEvent.structuredOutput as Record<string, unknown>;
            const todoItems = Array.isArray(structured.todoItems)
              ? structured.todoItems
              : [];
    
            // **Performance Optimization:** Batch all todo updates into a single postMessage
            // Previously sent individual postMessage for each item (could be 10+ messages)
            // Now sends single batch message with all updates
            const updates: Array<{ id: string; text: string; status: string; sessionId?: string }> = [];
    
            for (const rawItem of todoItems) {
              if (typeof rawItem !== "object" || rawItem === null) {
                continue;
              }
    
              const item = rawItem as Record<string, unknown>;
              const id = typeof item.id === "string" ? item.id : "";
              const text = typeof item.text === "string" ? item.text : "";
              const status = typeof item.status === "string" ? item.status : "";
              const sessionId =
                typeof item.sessionId === "string" ? item.sessionId : undefined;
    
              if (!id || !text || !status) {
                continue;
              }
    
              updates.push({
                id,
                text,
                status,
                ...(sessionId ? { sessionId } : {}),
              });
            }
    
            // Send batched updates as single postMessage (reduces IPC overhead)
            if (updates.length > 0) {
              this.view?.webview.postMessage({
                type: "todoUpdate",
                action: "batch",
                items: updates,
              });
            }
    
            // **Performance Optimization:** Debounce todo persistence
            // Previously persisted on every todo_update event during streaming
            // Now debounced with 1-second delay (reduces state writes by 80-90%)
            const targetPersistSessionId = eventSessionId || this.currentSessionId;
            if (targetPersistSessionId && updates.length > 0) {
              this.scheduleTodoPersistence(targetPersistSessionId, todoItems);
            }
          }
    
          // Stamp the active session ID onto every event so the webview can always
          // perform a reliable session-scoped filter even when the raw event payload
          // does not carry a sessionId field.
          this.view?.webview.postMessage({
            type: "streamEvent",
            event: { ...enrichedEvent, sessionId: this.currentSessionId },
          });
          if (this.shouldVerboseStreamDebug()) {
            this.logger.debug("streamEvent forwarded", {
              type: (enrichedEvent as any)?.type || event.type,
              kind: (enrichedEvent as any)?.structured?.kind || "unknown",
            });
          }
    
          // If this is a step-finish or tool completion for an edit, calculate diff stats asynchronously
          // Fire-and-forget follow-up message so we don't block the stream rendering
          if (enrichedEvent?.structured?.kind === "progress") {
            const props = (event.properties || {}) as any;
            const part = props.part || {};
            const partType = (part.type || "").toLowerCase();
    
            // Check if it's a tool that modified a file or a step-finish for an edit
            const isToolDone = partType === "tool" && part.state?.status === "done";
            const isStepFinish = partType === "step-finish";
    
            if (isToolDone || isStepFinish) {
              const toolName = (part.tool || "").toLowerCase();
              const filePath =
                part.state?.input?.file || part.state?.input?.path || part.filePath;
    
              if (
                filePath &&
                (toolName.includes("write") ||
                  toolName.includes("replace") ||
                  toolName.includes("edit") ||
                  isStepFinish)
              ) {
                const callID =
                  part.callId ||
                  part.callID ||
                  enrichedEvent?.structured?.callID ||
                  enrichedEvent.id;
                if (callID) {
                  const toolNameRaw =
                    typeof part.tool === "string" ? part.tool : undefined;
                  const partInput = part.state?.input ?? {};
                  const commandHint =
                    (typeof partInput.CommandLine === "string" && partInput.CommandLine) ||
                    (typeof partInput.command === "string" && partInput.command) ||
                    undefined;
                  const queryHint =
                    (typeof partInput.Query === "string" && partInput.Query) ||
                    (typeof partInput.query === "string" && partInput.query) ||
                    (typeof partInput.Pattern === "string" && partInput.Pattern) ||
                    (typeof partInput.pattern === "string" && partInput.pattern) ||
                    undefined;
                  this.getDiffActivityEnrichment(filePath)
                    .then((enrichment) => {
                      if (enrichment && this.view) {
                        this.view.webview.postMessage({
                          type: "streamEventEnrich",
                          callID,
                          diffStats: enrichment.diffStats,
                          activityDetail: {
                            kind: "file_edit",
                            tool: toolNameRaw,
                            command: commandHint,
                            query: queryHint,
                            file: filePath,
                            diffExcerpt: enrichment.diffExcerpt,
                          },
                        });
                      }
                    })
                    .catch((err) => {
                      this.logger.error("Failed to get diff stats async", { err });
                    });
                }
              }
            }
          }
        });
    
        webviewView.webview.html = this.getHtmlContent(webviewView.webview);
    
        // Subscribe to status changes
        const statusSubscription = this.serverManager.onStatusChange((status) => {
          this.view?.webview.postMessage({
            type: "statusUpdate",
            status: status,
          });
        });
    
        // Cleanup on dispose
        webviewView.onDidDispose(() => {
          if (this.unsubscribe) {
            this.unsubscribe();
            this.unsubscribe = undefined;
          }
          this.isBootstrappingWebview = false;
          this.hasInitializedWebview = false;
          this.sessionsListRequestVersion = 0;
          this.lastSessionsPayloadFingerprint = undefined;
          statusSubscription.dispose();
          this.quotaService.dispose();
          // Don't dispose the singleton tracker - it's shared
          this.view = undefined;
        });
      }
    
      /**
       * Handles getting the sessions list
       */
      /**
       * Notifies the webview of the current set of processing session IDs.
       */
      /**
       * Handles switching to a specific session
       */
      /**
       * Handles deleting a session
       */
      /**
       * Handles renaming a session.
       *
       * Updates the session title on the server and refreshes the session list.
       *
       * @param sessionId - The ID of the session to rename
       * @param newTitle - The new title for the session
       */
      /**
       * Processes raw history messages by applying structured outputs and enriching
       * plan metadata for rendering.
       */
      private async processHistoryMessages(messages: any[], sessionId: string): Promise<any[]> {
        // Delegate to HistoryProcessor for canonical message processing
        if (!this.historyProcessor) {
          this.logger.warn("HistoryProcessor not initialized, returning empty messages");
          return [];
        }
    
        if (!Array.isArray(messages) || messages.length === 0) {
          this.logger.warn('[processHistoryMessages] No messages to process', { sessionId, count: messages?.length });
          return [];
        }
    
        this.logger.info('[DEBUG] processHistoryMessages input:', { count: messages.length, sessionId });
    
        try {
          // Load any session overrides first
          const overriddenMessages = await this.historyProcessor.applySessionMessageOverrides(sessionId, messages);
    
          this.logger.info('[DEBUG] After applySessionMessageOverrides:', { count: overriddenMessages?.length || 0 });
    
          // Then process through the canonical pipeline
          const processed = this.historyProcessor.processHistoryMessages(overriddenMessages, sessionId);
    
          this.logger.info('[DEBUG] processHistoryMessages output:', { count: processed?.length || 0, sessionId });
    
          return processed || [];
        } catch (error) {
          this.logger.error('[ERROR] processHistoryMessages failed:', { error: error instanceof Error ? error.message : String(error), sessionId, stack: error instanceof Error ? error.stack : undefined });
          // Return original messages as fallback
          return messages;
        }
      }
    
      private isAssistantHistoryMessage(message: any): boolean {
        return (
          this.firstNonEmptyString(message?.role, message?.info?.role)?.toLowerCase() ===
          "assistant"
        );
      }
    
      private isInternalSystemReminderMessage(message: any): boolean {
        if (!message || typeof message !== "object") return false;
    
        const role = this.firstNonEmptyString(
          message?.role,
          message?.info?.role,
        )?.toLowerCase().trim();
        if (role !== "user" && role !== "system") return false;
    
        const text = this.extractMessageBodyText(message);
        if (!text) return false;
    
        const trimmed = text.trim();
        const lower = trimmed.toLowerCase();
    
        // Check for square-bracketed system messages at the start (e.g., [analyze-mode], [background task completed])
        const bracketPattern = /^\[[a-z][a-z0-9_\- ]*\]/i;
        const hasBracketPrefix = bracketPattern.test(trimmed);
    
        return (
          lower.includes("<system-reminder>") ||
          lower.includes("<auto-slash-command>") ||
          lower.includes("<!-- omo_internal_initiator -->") ||
          hasBracketPrefix ||
          (lower.includes("[search-model]") && lower.includes("maximize search effort")) ||
          lower.startsWith("system reminder") ||
          lower.startsWith("internal reminder") ||
          lower.includes("reminder: you can")
        );
      }
    
      private hasRenderableHistoryPayload(message: any): boolean {
        if (!message || typeof message !== "object") {
          return false;
        }
    
        // Don't filter out system reminder messages - they will be converted to system role
        // and rendered with the SystemMessage component
        if (this.isInternalSystemReminderMessage(message)) {
          return true;
        }
    
        const text = this.extractMessageBodyText(message).trim();
        if (text.length > 0) {
          return true;
        }
    
        if (Array.isArray(message.images) && message.images.length > 0) {
          return true;
        }
        if (Array.isArray(message.attachments) && message.attachments.length > 0) {
          return true;
        }
        if (Array.isArray(message.subagents) && message.subagents.length > 0) {
          return true;
        }
        if (
          Array.isArray(message.interactiveEvents) &&
          message.interactiveEvents.length > 0
        ) {
          return true;
        }
        if (
          Array.isArray(message.reasoningEvents) &&
          message.reasoningEvents.length > 0
        ) {
          return true;
        }
        if (
          Array.isArray(message.progressEvents) &&
          message.progressEvents.length > 0
        ) {
          return true;
        }
        if (Array.isArray(message.steps) && message.steps.length > 0) {
          return true;
        }
        if (Array.isArray(message.edits) && message.edits.length > 0) {
          return true;
        }
        if (
          typeof message.error === "string" &&
          message.error.trim().length > 0
        ) {
          return true;
        }
        if (message.plan && typeof message.plan === "object") {
          return true;
        }
    
        if (!Array.isArray(message.parts)) {
          return false;
        }
    
        const role = this.firstNonEmptyString(message?.role, message?.info?.role)
          ?.toLowerCase()
          .trim();
        if (role === "assistant" && message.parts.length > 0) {
          return true;
        }
    
        return message.parts.some((part: any) => {
          const rec = this.asRecord(part);
          if (!rec) {
            return false;
          }
          return (
            this.firstNonEmptyString(rec.filename)?.length ||
            this.firstNonEmptyString(this.asRecord(rec.source)?.path)?.length ||
            this.firstNonEmptyString(rec.url)?.length
          )
            ? true
            : false;
        });
      }
    
      private isRenderableHistoryMessage(message: any): boolean {
        const role = this.firstNonEmptyString(message?.role, message?.info?.role);
        const hasPayload = this.hasRenderableHistoryPayload(message);
        if (role === "user" || role === "assistant") {
          return hasPayload;
        }
        return hasPayload;
      }
    
      private extractHistoryMessageId(message: any): string | undefined {
        if (!message || typeof message !== "object") {
          return undefined;
        }
        return this.firstNonEmptyString(message.info?.id, message.id);
      }
    
      private historyMessageCreatedAt(message: any): number | undefined {
        const candidates = [
          message?.time?.created,
          message?.info?.time?.created,
          message?.createdAt,
          message?.info?.createdAt,
        ];
        for (const candidate of candidates) {
          if (typeof candidate === "number" && Number.isFinite(candidate)) {
            return candidate;
          }
        }
        return undefined;
      }
    
      private historyMessageFingerprint(message: any): string | undefined {
        const role = this.firstNonEmptyString(message?.role, message?.info?.role)
          ?.toLowerCase()
          .trim();
        const text = this.extractMessageBodyText(message)
          .toLowerCase()
          .replace(/\s+/g, " ")
          .trim();
        if (text.length > 0) {
          return `${role || "unknown"}|text:${text}`;
        }
    
        if (Array.isArray(message?.images) && message.images.length > 0) {
          const imageKey = message.images
            .map((image: any) => {
              if (typeof image === "string") {
                return image;
              }
              return this.firstNonEmptyString(
                image?.url,
                image?.dataUrl,
                image?.filename,
              );
            })
            .filter((value: string | undefined): value is string => Boolean(value))
            .join("|");
          if (imageKey) {
            return `${role || "unknown"}|images:${imageKey}`;
          }
        }
    
        if (Array.isArray(message?.parts) && message.parts.length > 0) {
          const attachmentKey = message.parts
            .map((part: any) => {
              const rec = this.asRecord(part);
              if (!rec) {
                return undefined;
              }
              return this.firstNonEmptyString(
                rec.filename,
                this.asRecord(rec.source)?.path,
                rec.url,
              );
            })
            .filter((value: string | undefined): value is string => Boolean(value))
            .join("|");
          if (attachmentKey) {
            return `${role || "unknown"}|attachments:${attachmentKey}`;
          }
        }
    
        return undefined;
      }
    
      private async sleep(ms: number): Promise<void> {
        await new Promise<void>((resolve) => {
          const scheduleDelay = Reflect.get(globalThis, "set" + "Timeout") as
            | ((callback: () => void, delay?: number) => unknown)
            | undefined;
          if (typeof scheduleDelay === "function") {
            scheduleDelay(resolve, ms);
            return;
          }
          resolve();
        });
      }
    
      private async tryRecoverTimedOutResponse(
        sessionId: string,
        baselineAssistantMarker?: AssistantHistoryMarker,
      ): Promise<boolean> {
        const pollDelaysMs = [500, 1000, 1800, 2800, 4000];
    
        for (const delayMs of pollDelaysMs) {
          await this.sleep(delayMs);
          const rawMessages = await this.sessionService.getMessages(sessionId);
          const latestAssistantMarker =
            this.getLatestAssistantHistoryMarker(rawMessages);
          if (
            !this.hasAssistantHistoryAdvanced(
              latestAssistantMarker,
              baselineAssistantMarker,
            )
          ) {
            continue;
          }
    
          const processedMessages = await this.processHistoryMessages(
            rawMessages,
            sessionId,
          );
          this.logHistoryRenderDiagnostics(
            "timeout-recovery",
            sessionId,
            rawMessages,
            processedMessages,
          );
          this.view?.webview.postMessage({
            type: "chatHistory",
            sessionId,
            messages: processedMessages,
          });
          try {
            await this.sendPersistedCompactionViewState(sessionId);
          } catch {
            // best effort only
          }
          return true;
        }
    
        return false;
      }
    
      private getWorkspaceDirectory(): string | undefined {
        const workspaceFolder = vscode.workspace.workspaceFolders?.[0];
        if (!workspaceFolder || workspaceFolder.uri.scheme !== "file") {
          return undefined;
        }
        return workspaceFolder.uri.fsPath.replace(/\\/g, "/").replace(/\/+$/, "");
      }
    
      private isStructuredFormatUnsupportedError(error: unknown): boolean {
        const text = JSON.stringify(error || "").toLowerCase();
        const mentionsFormat =
          text.includes("outputformat") ||
          text.includes("output_format") ||
          text.includes('"format"') ||
          text.includes("format:");
        const mentionsUnsupported =
          text.includes("unknown") ||
          text.includes("unsupported") ||
          text.includes("unexpected") ||
          text.includes("invalid");
        return mentionsFormat && mentionsUnsupported;
      }
    
      /**
       * Get the configured request timeout from VSCode settings
       * @returns Timeout in milliseconds (default: 120000 = 2 minutes)
       */
      private getRequestTimeout(): number {
        const config = vscode.workspace.getConfiguration('opencode');
        const timeout = config.get<number>('requestTimeout', 120000);
    
        // Validate timeout is reasonable (between 10s and 10 minutes)
        if (timeout < 10000 || timeout > 600000) {
          this.logger.warn(`Invalid requestTimeout configured: ${timeout}ms, using default 120000ms`);
          return 120000;
        }
    
        return timeout;
      }
    
      /**
       * Calculate timeout based on query complexity
       * @param baseTimeout - Base timeout from configuration
       * @param hasFiles - Whether the query includes file attachments
       * @param hasContexts - Whether the query includes context attachments
       * @param hasImages - Whether the query includes image attachments
       * @returns Adjusted timeout in milliseconds
       */
      private calculateTimeoutForQuery(
        baseTimeout: number,
        hasFiles: boolean,
        hasContexts: boolean,
        hasImages: boolean,
      ): number {
        const config = vscode.workspace.getConfiguration('opencode');
        const multiplier = config.get<number>('complexQueryMultiplier', 1.5);
    
        // Calculate complexity score
        const complexityScore = (hasFiles ? 1 : 0) + (hasContexts ? 1 : 0) + (hasImages ? 1 : 0);
    
        // Apply multiplier for complex queries
        if (complexityScore >= 2) {
          const adjustedTimeout = Math.floor(baseTimeout * multiplier);
          this.logger.debug(`Using extended timeout for complex query: ${adjustedTimeout}ms (base: ${baseTimeout}ms, complexity: ${complexityScore})`);
          return adjustedTimeout;
        }
    
        return baseTimeout;
      }
    
      // PROMPT-OWNERSHIP: do not modify — transport-only path
      private async promptWithStructuredOutput(
        client: any,
        sessionID: string,
        body: NonNullable<SessionPromptData["body"]>,
        useStructuredOutput = true,
        options?: {
          hasFiles?: boolean;
          hasContexts?: boolean;
          hasImages?: boolean;
        },
      ) {
        const workspaceDirectory = this.getWorkspaceDirectory();
    
        // Calculate timeout based on query complexity
        const baseTimeout = this.getRequestTimeout();
        const timeout = this.calculateTimeoutForQuery(
          baseTimeout,
          options?.hasFiles ?? false,
          options?.hasContexts ?? false,
          options?.hasImages ?? false,
        );
    
        const callPrompt = (requestBody: Record<string, unknown>) => {
          const sdkStartTime = Date.now();
          this.logger.debug("Initiating SDK prompt call", {
            sessionID,
            timeout,
            useStructuredOutput,
            hasFiles: options?.hasFiles,
            hasContexts: options?.hasContexts,
            hasImages: options?.hasImages,
          });
    
          const promise = client.session.prompt({
            path: { id: sessionID },
            query: workspaceDirectory ? { directory: workspaceDirectory } : undefined,
            body: requestBody as SessionPromptData["body"],
            timeout,  // Explicit timeout configuration
          });
    
          // Add timing tracking
          promise.then((result: { error?: unknown; data?: unknown }) => {
            const sdkDuration = Date.now() - sdkStartTime;
            this.logger.performance(`SDK prompt call completed`, sdkDuration, {
              sessionID,
              hasError: Boolean(result.error),
              hasData: Boolean(result.data),
              timeout,
            });
          }).catch((error: Error) => {
            const sdkDuration = Date.now() - sdkStartTime;
            this.logger.error(`SDK prompt call failed after ${sdkDuration}ms`, {
              sessionID,
              timeout,
              error: error.message,
            });
          });
    
          return promise;
        };
    
        const schema = this.getStructuredOutputFormat();
    
        if (!useStructuredOutput || this.structuredOutputMode === "disabled") {
          return callPrompt(body as Record<string, unknown>);
        }
    
        const withSchema = (
          mode: "format" | "outputFormat",
        ): Record<string, unknown> => ({
          ...(body as Record<string, unknown>),
          [mode]: schema,
        });
    
        const primaryMode: "format" | "outputFormat" =
          this.structuredOutputMode === "outputFormat"
            ? "outputFormat"
            : "format";
    
        // Try structured output with 1 retry (handled by API internally via retryCount)
        const attempt = await callPrompt(withSchema(primaryMode));
        if (!attempt.error) {
          return attempt;
        }
    
        // If structured output failed, immediately fall back to plain text
        if (this.isStructuredFormatUnsupportedError(attempt.error)) {
          this.structuredOutputMode = "disabled";
          log.warn(
            "Structured output failed with this model. Falling back to plain text.",
          );
          return callPrompt(body as Record<string, unknown>);
        }
    
        // Return other errors as-is
        return attempt;
      }
    
      private asRecord(value: unknown): Record<string, unknown> | undefined {
        return typeof value === "object" && value !== null
          ? (value as Record<string, unknown>)
          : undefined;
      }
    
      /**
       * Extracts the session ID from an SSE event by checking all locations where
       * the OpenCode server may embed it (properties, part, info sub-objects).
       */
      private extractEventSessionId(event: unknown): string | undefined {
        const ev = this.asRecord(event);
        if (!ev) return undefined;
        const props = this.asRecord(ev.properties) ?? {};
        const part = this.asRecord(props.part) ?? {};
        const info = this.asRecord(props.info) ?? {};
        return (
          (typeof props.sessionID === 'string' && props.sessionID) ||
          (typeof props.sessionId === 'string' && props.sessionId) ||
          (typeof part.sessionID === 'string' && part.sessionID) ||
          (typeof part.sessionId === 'string' && part.sessionId) ||
          (typeof info.sessionID === 'string' && info.sessionID) ||
          (typeof info.sessionId === 'string' && info.sessionId) ||
          undefined
        );
      }
    
      private firstNonEmptyString(...values: unknown[]): string | undefined {
        for (const value of values) {
          if (typeof value === "string" && value.trim()) {
            return value.trim();
          }
        }
        return undefined;
      }
    
      private isLikelyToolCallTranscript(text: string): boolean {
        const normalized = text.trim().toLowerCase();
        if (!normalized) {
          return false;
        }
        return (
          normalized.includes("<tool_call>") ||
          normalized.includes("</tool_call>") ||
          normalized.includes("<arg_key>") ||
          normalized.includes("</arg_key>") ||
          normalized.includes("<arg_value>") ||
          normalized.includes("</arg_value>")
        );
      }
    
      private normalizeErrorCandidate(value: unknown): string | undefined {
        if (typeof value !== "string") {
          return undefined;
        }
        const trimmed = value.trim();
        return trimmed.length > 0 ? trimmed : undefined;
      }
    
      private shouldVerboseStreamDebug(): boolean {
        const level = vscode.workspace
          .getConfiguration("opencode.logging")
          .get<string>("level", "info");
        return typeof level === "string" && level.toLowerCase() === "debug";
      }
    
      private isLikelyInteractiveAwaitTimeoutError(message: string): boolean {
        const normalized = message.trim().toLowerCase();
        if (!normalized || !normalized.includes("timeout")) {
          return false;
        }
        return (
          normalized.includes("headers timeout") ||
          normalized.includes("header timeout") ||
          normalized.includes("und_err_headers_timeout") ||
          normalized.includes("request timed out") ||
          normalized.includes("response timeout") ||
          normalized.includes("body timeout")
        );
      }
    
      private shouldSuppressInteractiveAwaitTimeout(message: string): boolean {
        if (!this.isLikelyInteractiveAwaitTimeoutError(message)) {
          return false;
        }
        return this.awaitingInteractiveAnswer || this.isInInteractiveResponseTransition();
      }
    
      private isInInteractiveResponseTransition(): boolean {
        return Date.now() <= this.interactiveResponseTransitionUntil;
      }
    
      private isGenericErrorMessage(message: string): boolean {
        const normalized = message.trim().toLowerCase();
        return (
          normalized === "fetch failed" ||
          normalized === "failed to fetch" ||
          normalized === "request failed" ||
          normalized === "network error" ||
          normalized === "network request failed" ||
          normalized === "unknown error"
        );
      }
    
      private isStructuredOutputTransportError(message: string): boolean {
        const normalized = message.trim().toLowerCase();
        if (!normalized) {
          return false;
        }
        return (
          normalized.includes("structuredoutput") ||
          normalized.includes("structured output") ||
          normalized.includes("json_schema") ||
          normalized.includes("invalid schema for function") ||
          normalized.includes("invalid_function_parameters")
        );
      }
    
      private isStructuredOutputFailureMessage(message: string): boolean {
        const normalized = message.trim().toLowerCase();
        if (!normalized) {
          return false;
        }
        return (
          this.isStructuredOutputTransportError(normalized) ||
          normalized.includes("empty structured payload") ||
          normalized.includes("valid structured response") ||
          normalized.includes("couldn't produce a valid structured response")
        );
      }
    
      private isLikelyInteractiveTransportFailure(message: string): boolean {
        return (
          this.isLikelyInteractiveAwaitTimeoutError(message) ||
          this.isGenericErrorMessage(message)
        );
      }
    
      private hasBlockingInteractiveInStreamPayload(event: unknown): boolean {
        const eventRec = this.asRecord(event);
        if (!eventRec) {
          return false;
        }
        const isBlockingType = (value: unknown): boolean => {
          const type = this.firstNonEmptyString(value)?.toLowerCase();
          return (
            type === "question" ||
            type === "confirm" ||
            type === "quick_actions" ||
            type === "quick-actions" ||
            type === "interactive"
          );
        };
    
        const structured = this.asRecord(eventRec.structuredOutput);
        if (structured) {
          if (isBlockingType(structured.responseType)) {
            return true;
          }
    
          const interactiveEvents = Array.isArray(structured.interactiveEvents)
            ? structured.interactiveEvents
            : [];
          if (interactiveEvents.length > 0) {
            const hasBlockingInteractive = interactiveEvents.some((item) => {
              const rec = this.asRecord(item);
              if (!rec) return false;
              return isBlockingType(rec.type) || isBlockingType(rec.kind);
            });
            if (hasBlockingInteractive) {
              return true;
            }
          }
    
          const question = this.asRecord(structured.question);
          if (question && (!question.type || isBlockingType(question.type))) {
            return true;
          }
        }
    
        // Tool-question path: some providers emit interactive prompts through
        // tool parts (question/request_user_input) instead of top-level structuredOutput.
        const properties = this.asRecord(eventRec.properties) || {};
        const part = this.asRecord(properties.part) || this.asRecord(eventRec.part);
        if (!part) {
          return false;
        }
    
        const toolName = this.firstNonEmptyString(part.tool)?.toLowerCase() || "";
        if (
          toolName === "question" ||
          toolName.includes("request_user_input") ||
          toolName.includes("request-user-input")
        ) {
          return true;
        }
    
        const state = this.asRecord(part.state);
        const input =
          this.asRecord(state?.input) ||
          this.asRecord(part.input) ||
          this.asRecord(part.arguments) ||
          null;
        if (!input) {
          return false;
        }
    
        if (
          Array.isArray(input.questions) ||
          Array.isArray(input.items) ||
          Array.isArray(input.prompts) ||
          Array.isArray(input.events)
        ) {
          return true;
        }
    
        const questionLike = this.asRecord(input.question) || input;
        const hasQuestionText = !!this.firstNonEmptyString(
          questionLike.question,
          questionLike.prompt,
          questionLike.message,
          questionLike.content,
          questionLike.text,
          questionLike.title,
        );
        const hasChoices =
          Array.isArray(questionLike.options) ||
          Array.isArray(questionLike.choices) ||
          Array.isArray(questionLike.answers) ||
          Array.isArray(questionLike.actions);
        const hasConfirmControls = !!this.firstNonEmptyString(
          questionLike.confirmLabel,
          questionLike.confirm_text,
          questionLike.cancelLabel,
          questionLike.cancel_text,
        );
        const allowsCustomInput =
          questionLike.allowCustomInput === true ||
          questionLike.allow_custom_input === true;
    
        return hasQuestionText && (hasChoices || hasConfirmControls || allowsCustomInput);
      }
    
      private collectErrorMessageCandidates(
        value: unknown,
        seen: WeakSet<object> = new WeakSet<object>(),
        depth = 0,
      ): string[] {
        if (value == null || depth > 5) {
          return [];
        }
        if (typeof value === "string") {
          return [value];
        }
        if (value instanceof Error) {
          const withCause = value as Error & { cause?: unknown };
          return [
            value.message,
            ...this.collectErrorMessageCandidates(withCause.cause, seen, depth + 1),
          ];
        }
        if (typeof value !== "object") {
          return [String(value)];
        }
        if (seen.has(value)) {
          return [];
        }
        seen.add(value);
    
        const rec = value as Record<string, unknown>;
        const messages: string[] = [];
        const pushIfString = (candidate: unknown) => {
          const message = this.normalizeErrorCandidate(candidate);
          if (message) {
            messages.push(message);
          }
        };
    
        pushIfString(rec.message);
        pushIfString(rec.error);
        pushIfString(rec.detail);
        pushIfString(rec.reason);
    
        if (Array.isArray(rec.errors)) {
          for (const entry of rec.errors) {
            messages.push(
              ...this.collectErrorMessageCandidates(entry, seen, depth + 1),
            );
          }
        }
    
        messages.push(...this.collectErrorMessageCandidates(rec.data, seen, depth + 1));
        messages.push(...this.collectErrorMessageCandidates(rec.cause, seen, depth + 1));
        messages.push(
          ...this.collectErrorMessageCandidates(rec.response, seen, depth + 1),
        );
        messages.push(...this.collectErrorMessageCandidates(rec.body, seen, depth + 1));
    
        const code = this.firstNonEmptyString(rec.code, rec.errno);
        const syscall = this.firstNonEmptyString(rec.syscall);
        const address = this.firstNonEmptyString(rec.address);
        const port =
          typeof rec.port === "number"
            ? String(rec.port)
            : this.firstNonEmptyString(rec.port);
        if (code || syscall || address || port) {
          const endpoint = address && port ? `${address}:${port}` : address || port;
          const signature = [code, syscall, endpoint]
            .filter((part): part is string => Boolean(part))
            .join(" ");
          if (signature) {
            messages.push(signature);
          }
        }
    
        return messages;
      }
    
      private collectNormalizedErrorMessages(error: unknown): string[] {
        const candidates = this.collectErrorMessageCandidates(error)
          .map((candidate) => this.normalizeErrorCandidate(candidate))
          .filter((candidate): candidate is string => Boolean(candidate));
    
        if (candidates.length === 0) {
          return [];
        }
    
        const deduped: string[] = [];
        for (const candidate of candidates) {
          if (!deduped.includes(candidate)) {
            deduped.push(candidate);
          }
        }
        return deduped;
      }
    
      private extractDetailedErrorMessage(error: unknown, fallback: string): string {
        const candidates = this.collectNormalizedErrorMessages(error);
        if (candidates.length === 0) {
          return fallback;
        }
    
        const primary =
          candidates.find((candidate) => !this.isGenericErrorMessage(candidate)) ||
          candidates[0];
        const detailCandidates = candidates.filter(
          (candidate) => candidate !== primary,
        );
        if (detailCandidates.length === 0) {
          return primary;
        }
    
        const details = detailCandidates.slice(0, 4);
        const remainingCount = detailCandidates.length - details.length;
        const detailLines = details.map((detail) => `- ${detail}`);
        if (remainingCount > 0) {
          detailLines.push(`- (+${remainingCount} more detail(s))`);
        }
    
        return `${primary}\n\nDetails:\n${detailLines.join("\n")}`;
      }
    
      private enrichStreamEvent(event: any): any {
        if (!event || typeof event !== "object") {
          return event;
        }
    
        const properties = this.asRecord(event.properties) || {};
        const isMessagePartEvent =
          typeof event.type === "string" && event.type.startsWith("message.part.");
        const part =
          this.asRecord(properties.part) ||
          this.asRecord(event.part) ||
          (isMessagePartEvent ? this.asRecord(properties) : null);
        const enriched: Record<string, unknown> = { ...event };
        let kind:
          | "thinking"
          | "progress"
          | "message"
          | "lifecycle"
          | "error"
          | "other" = "other";
        let text: string | undefined;
    
        if (isMessagePartEvent && part) {
          const rawPartType =
            this.firstNonEmptyString(part.type)?.toLowerCase() || "";
          const partType =
            rawPartType === "thinking" || rawPartType === "thought"
              ? "reasoning"
              : rawPartType;
          if (
            partType === "reasoning" ||
            typeof part.reasoning !== "undefined" ||
            typeof part.thought !== "undefined" ||
            typeof part.thinking !== "undefined"
          ) {
            kind = "thinking";
            text = this.firstNonEmptyString(
              properties.delta,
              part.reasoning,
              part.thought,
              part.thinking,
              properties.reasoning,
              properties.thought,
              properties.thinking,
              part.delta,
              part.text,
            );
          } else if (
            partType === "tool" ||
            partType === "step-start" ||
            partType === "step-finish" ||
            partType === "patch"
          ) {
            const toolName = (part.tool || "").toString().toLowerCase();
            if (
              toolName.includes("structuredoutput") ||
              toolName.includes("structured_output")
            ) {
              kind = "other";
            } else {
              kind = "progress";
            }
          } else if (partType === "text" || !partType) {
            kind = "message";
            text = this.firstNonEmptyString(
              properties.delta,
              part.text,
              part.content,
            );
          }
        } else if (event.type === "message.updated") {
          kind = "lifecycle";
        } else if (event.type === "session.error" || event.type === "error") {
          kind = "error";
        }
    
        const structuredOutput = this.extractStructuredOutput({
          ...properties,
          info: properties.info,
        });
        if (structuredOutput) {
          enriched.structuredOutput = structuredOutput;
          enriched.hasStructuredOutput = true;
          if (kind === "other") {
            kind = "message";
          }
        }
    
        enriched.structured = {
          kind,
          text,
          eventType: event.type,
          responseType: structuredOutput?.responseType,
        };
    
        return enriched;
      }
    
      private normalizeSubagentStatus(
        value: unknown,
      ): "pending" | "running" | "done" | "error" | "orphaned" {
        const status = this.firstNonEmptyString(value)?.toLowerCase();
        if (
          status === "pending" ||
          status === "running" ||
          status === "done" ||
          status === "error" ||
          status === "orphaned"
        ) {
          return status;
        }
        if (
          status === "completed" ||
          status === "complete" ||
          status === "success" ||
          status === "finished"
        ) {
          return "done";
        }
        if (status === "failed") {
          return "error";
        }
        return "pending";
      }
    
      private mergeSubagentEntries(
        existingRaw: unknown,
        incoming: Array<Record<string, unknown>>,
      ): Array<Record<string, unknown>> {
        const byId = new Map<string, Record<string, unknown>>();
    
        const upsert = (value: unknown, preferIncoming = false) => {
          const rec = this.asRecord(value);
          if (!rec) {
            return;
          }
          const id = this.firstNonEmptyString(rec.id);
          if (!id) {
            return;
          }
          const current = byId.get(id);
          if (!current) {
            byId.set(id, { ...rec, id });
            return;
          }
          byId.set(
            id,
            preferIncoming
              ? { ...current, ...rec, id }
              : { ...rec, ...current, id },
          );
        };
    
        if (Array.isArray(existingRaw)) {
          existingRaw.forEach((entry) => {
            upsert(entry, false);
          });
        }
        incoming.forEach((entry) => {
          upsert(entry, true);
        });
    
        return Array.from(byId.values());
      }
    
      private hydrateSubagentsFromPayload(
        parentMessageId: string,
        payload: {
          summariesByParentMessageId?: Record<string, unknown>;
          detailsById?: Record<string, unknown>;
        },
        fallbackSessionId?: string,
      ): Array<Record<string, unknown>> {
        const summariesMap = this.asRecord(payload.summariesByParentMessageId) || {};
        const detailsMap = this.asRecord(payload.detailsById) || {};
        const summariesRaw = summariesMap[parentMessageId];
        const summaries = Array.isArray(summariesRaw) ? summariesRaw : [];
        if (summaries.length === 0) {
          return [];
        }
    
        return summaries
          .map((summaryRaw) => {
            const summary = this.asRecord(summaryRaw);
            if (!summary) {
              return null;
            }
            const id = this.firstNonEmptyString(summary.id);
            if (!id) {
              return null;
            }
            const detail = this.asRecord(detailsMap[id]) || {};
            const merged: Record<string, unknown> = {
              ...summary,
              ...detail,
              id,
            };
            merged.parentMessageId = this.firstNonEmptyString(
              merged.parentMessageId,
              parentMessageId,
            );
            merged.parentSessionId = this.firstNonEmptyString(
              merged.parentSessionId,
              fallbackSessionId,
            );
            merged.status = this.normalizeSubagentStatus(merged.status);
            merged.latestActivity =
              this.firstNonEmptyString(
                merged.latestActivity,
                merged.description,
                summary.latestActivity,
              ) || "Subagent update";
            if (!Array.isArray(merged.references)) {
              merged.references = [];
            }
            if (!Array.isArray(merged.progressEvents)) {
              merged.progressEvents = [];
            }
            if (!Array.isArray(merged.thinkingEvents)) {
              merged.thinkingEvents = [];
            }
            if (!Array.isArray(merged.timelineEvents)) {
              merged.timelineEvents = [];
            }
            return merged;
          })
          .filter((entry): entry is Record<string, unknown> => !!entry);
      }
    
      private resolveSubagentPayloadSessionId(payload: {
        summariesByParentMessageId?: Record<string, unknown>;
      }): string | undefined {
        const summariesMap = this.asRecord(payload.summariesByParentMessageId) || {};
        for (const summariesRaw of Object.values(summariesMap)) {
          if (!Array.isArray(summariesRaw)) {
            continue;
          }
          for (const summaryRaw of summariesRaw) {
            const summary = this.asRecord(summaryRaw);
            const sessionId = this.firstNonEmptyString(summary?.parentSessionId);
            if (sessionId) {
              return sessionId;
            }
          }
        }
        return undefined;
      }
    
      /**
       * Callback: Send persisted compaction view state
       * Delegates to CompactionManager module
       */
      private async sendPersistedCompactionViewState(sessionId: string): Promise<void> {
        return this.compactionManager.sendPersistedCompactionViewState(sessionId);
      }
    
      /**
       * Callback: Sync subagent snapshot for session
       * Delegates to SubagentPersistence module
       */
      private async syncSubagentSnapshotForSession(
        sessionId: string,
        messages: any[],
      ): Promise<SubagentUpdatePayload> {
        const snapshot = await this.subagentPersistence.syncSubagentSnapshotForSession(
          sessionId,
          messages,
        );
        const normalized = this.remapOrphanedSubagentKeys(snapshot, messages);
        if (normalized !== snapshot) {
          await this.subagentPersistence.savePersistedSubagentSnapshot(
            sessionId,
            normalized,
          );
        }
        return normalized;
      }
    
      /**
       * Remap entries in summariesByParentMessageId whose key is not a real
       * message ID (orphan-* synthetic keys produced when a child session is
       * created but cannot be matched to a specific subtask message part) to the
       * latest assistant message in the same session.
       */
      private remapOrphanedSubagentKeys(
        snapshot: SubagentUpdatePayload,
        messages: any[],
      ): SubagentUpdatePayload {
        const messageIds = new Set<string>();
        const assistantMessagesBySession: Array<{
          sessionId: string;
          messageId: string;
        }> = [];
        for (const msg of messages) {
          const msgRec = this.asRecord(msg) || {};
          const info = this.asRecord(msgRec.info);
          const role = this.firstNonEmptyString(info?.role, msgRec.role);
          const messageId = this.firstNonEmptyString(
            info?.id,
            msgRec.id,
            msgRec.messageID,
          );
          if (!messageId) {
            continue;
          }
          messageIds.add(messageId);
          if ((role || "").toLowerCase() === "assistant") {
            const parentSessionId = this.firstNonEmptyString(
              info?.sessionID,
              info?.sessionId,
              msgRec.sessionID,
              msgRec.sessionId,
            );
            assistantMessagesBySession.push({
              sessionId: parentSessionId || "",
              messageId,
            });
          }
        }
    
        const summariesByParentMessageId = {
          ...(snapshot.summariesByParentMessageId || {}),
        };
        const detailsById = { ...(snapshot.detailsById || {}) };
        let changed = false;
    
        for (const [parentKey, summaries] of Object.entries(
          summariesByParentMessageId,
        )) {
          if (messageIds.has(parentKey)) {
            continue;
          }
          if (!parentKey.startsWith("orphan-")) {
            continue;
          }
          if (!Array.isArray(summaries) || summaries.length === 0) {
            continue;
          }
    
          const parentSessionId =
            this.firstNonEmptyString(
              ...summaries.map((summary) => {
                const summaryRec = this.asRecord(summary);
                return this.firstNonEmptyString(summaryRec?.parentSessionId);
              }),
            ) || "";
    
          let latestAssistantMessageId: string | undefined;
          for (let index = assistantMessagesBySession.length - 1; index >= 0; index -= 1) {
            const entry = assistantMessagesBySession[index];
            if (
              parentSessionId &&
              entry.sessionId &&
              entry.sessionId !== parentSessionId
            ) {
              continue;
            }
            latestAssistantMessageId = entry.messageId;
            break;
          }
          if (!latestAssistantMessageId) {
            continue;
          }
    
          const reboundSummaries = summaries.map((summary) => ({
            ...(this.asRecord(summary) || {}),
            parentMessageId: latestAssistantMessageId,
          }));
          const existingTarget = Array.isArray(
            summariesByParentMessageId[latestAssistantMessageId],
          )
            ? summariesByParentMessageId[latestAssistantMessageId]
            : [];
          const mergedById = new Map<string, Record<string, unknown>>();
          existingTarget.forEach((entry) => {
            const entryRec = this.asRecord(entry);
            const id = this.firstNonEmptyString(entryRec?.id);
            if (id) {
              mergedById.set(id, entryRec || {});
            }
          });
          reboundSummaries.forEach((entry) => {
            const id = this.firstNonEmptyString((entry as Record<string, unknown>).id);
            if (id) {
              mergedById.set(id, entry as Record<string, unknown>);
            }
          });
    
          summariesByParentMessageId[latestAssistantMessageId] =
            Array.from(mergedById.values()) as SubagentUpdatePayload["summariesByParentMessageId"][string];
          delete summariesByParentMessageId[parentKey];
    
          summaries.forEach((summary) => {
            const summaryRec = this.asRecord(summary);
            const id = this.firstNonEmptyString(summaryRec?.id);
            if (id && detailsById[id]) {
              detailsById[id] = {
                ...(this.asRecord(detailsById[id]) || {}),
                parentMessageId: latestAssistantMessageId,
              } as SubagentUpdatePayload["detailsById"][string];
            }
          });
          changed = true;
        }
    
        if (!changed) {
          return snapshot;
        }
        return { summariesByParentMessageId, detailsById };
      }
    
      private findLatestSubagentParentMessageIdForSession(
        payload: {
          summariesByParentMessageId?: Record<string, unknown>;
        },
        sessionId: string,
      ): string | undefined {
        const summariesMap = this.asRecord(payload.summariesByParentMessageId) || {};
        const entries = Object.entries(summariesMap);
        for (let i = entries.length - 1; i >= 0; i -= 1) {
          const [parentMessageId, summariesRaw] = entries[i];
          if (!Array.isArray(summariesRaw) || summariesRaw.length === 0) {
            continue;
          }
          const matchesSession = summariesRaw.some((summaryRaw) => {
            const summary = this.asRecord(summaryRaw);
            const parentSessionId = this.firstNonEmptyString(summary?.parentSessionId);
            return parentSessionId === sessionId;
          });
          if (matchesSession) {
            return parentMessageId;
          }
        }
        return undefined;
      }
    
      private extractMessageBodyText(message: any): string {
        if (!message) return "";
    
        let rawText = "";
        if (typeof message.content === "string" && message.content.trim()) {
          rawText = message.content.trim();
        } else if (typeof message.text === "string" && message.text.trim()) {
          rawText = message.text.trim();
        } else if (Array.isArray(message.parts)) {
          rawText = message.parts
            .map((part: any) => {
              if (!part || typeof part !== "object") return "";
              if (
                part.type === "reasoning" ||
                part.type === "thinking" ||
                part.type === "thought" ||
                typeof part.reasoning !== "undefined" ||
                typeof part.thought !== "undefined" ||
                typeof part.thinking !== "undefined"
              ) {
                return "";
              }
              return (part.text || part.content || "").toString();
            })
            .join("")
            .trim();
        }
    
        if (this.isLikelyToolCallTranscript(rawText)) {
          return "";
        }
        return rawText;
      }
    
      private hasNonTextActivityParts(message: any): boolean {
        if (!message || typeof message !== "object" || !Array.isArray(message.parts)) {
          return false;
        }
        return message.parts.some((part: any) => {
          const rec = this.asRecord(part);
          if (!rec) {
            return false;
          }
          if (this.isRenderableTextPart(rec)) {
            return false;
          }
          const partType = this.firstNonEmptyString(rec.type, rec.kind)?.toLowerCase();
          if (partType === "tool") {
            const toolName = this.firstNonEmptyString(rec.tool, rec.name)?.toLowerCase();
            if (
              toolName?.includes("structuredoutput") ||
              toolName?.includes("structured_output")
            ) {
              return false;
            }
          }
          return true;
        });
      }
    
      private extractStructuredOutput(
        messageLike: any,
      ): StructuredAssistantOutput | undefined {
        const role = this.firstNonEmptyString(
          messageLike.role,
          messageLike.info?.role,
          messageLike.properties?.role,
        )?.toLowerCase();
    
        if (role === "system") {
          return {
            responseType: "system",
          } as any;
        }
    
        const providerID = this.firstNonEmptyString(
          messageLike.info?.providerID,
          messageLike.providerID,
          messageLike.properties?.providerID,
        );
        const modelID = this.firstNonEmptyString(
          messageLike.info?.modelID,
          messageLike.modelID,
          messageLike.properties?.modelID,
          messageLike.info?.model?.modelID,
          messageLike.model?.modelID,
        );
        const candidates: Array<{ value: unknown; source: string }> = [
          { value: messageLike.structuredOutput, source: "messageLike.structuredOutput" },
          { value: messageLike.structured_output, source: "messageLike.structured_output" },
          { value: messageLike.output, source: "messageLike.output" },
          { value: messageLike.info?.structuredOutput, source: "messageLike.info.structuredOutput" },
          { value: messageLike.info?.structured_output, source: "messageLike.info.structured_output" },
          { value: messageLike.info?.structured, source: "messageLike.info.structured" },
          { value: messageLike.info?.output, source: "messageLike.info.output" },
          { value: messageLike.properties?.structuredOutput, source: "messageLike.properties.structuredOutput" },
          { value: messageLike.properties?.structured_output, source: "messageLike.properties.structured_output" },
          { value: messageLike.properties?.structured, source: "messageLike.properties.structured" },
          { value: messageLike.properties?.output, source: "messageLike.properties.output" },
        ];
    
        if (Array.isArray(messageLike.parts)) {
          for (const part of messageLike.parts) {
            if (
              part &&
              typeof part === "object" &&
              part.type === "tool" &&
              part.state
            ) {
              const toolName = (part.tool || "").toLowerCase();
              if (
                toolName.includes("structuredoutput") ||
                toolName.includes("structured_output")
              ) {
                const pushCandidate = (value: unknown, source: string) => {
                  if (typeof value === "undefined") return;
                  candidates.push({ value, source });
                };
                pushCandidate(
                  part.state.result,
                  "messageLike.parts[].state.result",
                );
                pushCandidate(
                  part.state.output,
                  "messageLike.parts[].state.output",
                );
                pushCandidate(
                  part.state.arguments,
                  "messageLike.parts[].state.arguments",
                );
                pushCandidate(
                  part.state.input,
                  "messageLike.parts[].state.input",
                );
    
                const resultRec = this.asRecord(part.state.result);
                if (resultRec) {
                  pushCandidate(
                    resultRec.output,
                    "messageLike.parts[].state.result.output",
                  );
                  pushCandidate(
                    resultRec.data,
                    "messageLike.parts[].state.result.data",
                  );
                  pushCandidate(
                    resultRec.value,
                    "messageLike.parts[].state.result.value",
                  );
                  pushCandidate(
                    resultRec.arguments,
                    "messageLike.parts[].state.result.arguments",
                  );
                  pushCandidate(
                    resultRec.structuredOutput,
                    "messageLike.parts[].state.result.structuredOutput",
                  );
                  pushCandidate(
                    resultRec.structured_output,
                    "messageLike.parts[].state.result.structured_output",
                  );
                }
              }
            }
          }
        }
    
        for (const candidate of candidates) {
          const parsed = this.normalizeStructuredOutput(candidate.value as string, {
            source: candidate.source,
            providerID,
            modelID,
          });
          if (parsed) {
            return parsed;
          }
        }
    
        const bodyText = this.extractMessageBodyText(messageLike);
        if (bodyText.startsWith("{") && bodyText.endsWith("}")) {
          return this.normalizeStructuredOutput(bodyText, {
            source: "messageLike.bodyText.json",
            providerID,
            modelID,
          });
        }
        return undefined;
      }
    
      private applyStructuredOutputToMessage(
        message: any,
        options?: { allowSyntheticFallbackError?: boolean },
      ): any {
        // Abort detection must happen before any content extraction or fallback generation.
        // A cached/persisted message may already have error text written into its content
        // field, so checking only at the !bodyText branch is insufficient.
        const messageInfoError = message?.info?.error ?? message?.error;
        if (messageInfoError?.name === "MessageAbortedError") {
          if (this.isInInteractiveResponseTransition()) {
            // Interactive answer submit intentionally aborts the previous waiting turn.
            // Preserve rendered content and avoid a misleading "response stopped" banner.
            return { ...message, aborted: false };
          }
          return { ...message, aborted: true };
        }
        const allowSyntheticFallbackError =
          options?.allowSyntheticFallbackError !== false;
        const role = this.firstNonEmptyString(
          message?.info?.role,
          message?.role,
        )?.toLowerCase();
    
        if (role === "system") {
          return {
            ...message,
            responseType: "system",
            structuredOutput: {
              responseType: "system",
            },
          };
        }
    
        const structured = this.extractStructuredOutput(message);
        if (!structured) {
          const bodyText = this.extractMessageBodyText(message);
          if (role === "assistant" && bodyText) {
            const next: any = {
              ...message,
              structuredOutput: {
                responseType: "message",
                message: bodyText,
              },
              content: bodyText,
            };
            if (Array.isArray(next.parts)) {
              next.parts = next.parts.filter((part: any) => {
                if (part && part.type === "tool") {
                  const toolName = (part.tool || "").toString().toLowerCase();
                  if (
                    toolName.includes("structuredoutput") ||
                    toolName.includes("structured_output")
                  ) {
                    return false;
                  }
                }
                return true;
              });
            }
            return next;
          }
          if (role === "assistant" && !bodyText) {
            // Keep partial stop/activity turns intact so activity/reasoning widgets can render.
            // These turns may have no assistant text body but still contain useful non-text parts.
            if (this.hasNonTextActivityParts(message)) {
              return message;
            }
            if (!allowSyntheticFallbackError) {
              return message;
            }
            const incompatibleModelKey = this.getStructuredOutputModelKey(
              this.firstNonEmptyString(
                message?.info?.providerID,
                message?.providerID,
              ),
              this.firstNonEmptyString(
                message?.info?.modelID,
                message?.modelID,
              ),
            );
            const retryWithoutStructuredOutput = true;
            const fallbackText =
              incompatibleModelKey &&
                this.structuredOutputIncompatibleModelKeys.has(incompatibleModelKey)
                ? "Structured output error: this model returned an empty structured payload."
                : "I couldn't produce a valid structured response for this turn. Please retry.";
            const next: any = {
              ...message,
              content: fallbackText,
              error: fallbackText,
              retryWithoutStructuredOutput,
            };
            const parts = Array.isArray(next.parts)
              ? next.parts.filter((part: any) => this.isRenderableTextPart(part))
              : [];
            const textIndex = parts.findIndex((part: any) =>
              this.isRenderableTextPart(part),
            );
            if (textIndex >= 0) {
              parts[textIndex] = {
                ...parts[textIndex],
                type: "text",
                text: fallbackText,
              };
            } else {
              parts.push({ type: "text", text: fallbackText });
            }
            next.parts = parts;
            return next;
          }
          return message;
        }
    
        const isInteractiveStructuredResponse =
          this.isInteractiveResponseType(structured.responseType) &&
          Array.isArray(structured.interactiveEvents) &&
          structured.interactiveEvents.length > 0;
    
        // DEBUG: Check structured object immediately after extraction
        log.debug('Structured object after extraction', {
          responseType: structured.responseType,
          hasPlan: 'plan' in structured,
          planKeys: structured.plan ? Object.keys(structured.plan) : [],
          planValue: structured.plan,
          planFile: structured.plan?.file,
          allStructuredKeys: Object.keys(structured)
        });
    
        const structuredPlanContent =
          this.firstNonEmptyString(structured.plan?.content) || "";
        const shouldSuppressStructuredPlan =
          this.isClarificationQuestionnaire(structuredPlanContent);
    
        const next: any = {
          ...message,
          structuredOutput: structured,
        };
    
        // DEBUG: Log immediately after creating next object
        log.debug('applyStructuredOutputToMessage: next object created', {
          messageId: next.id,
          hasStructuredOutput: 'structuredOutput' in next,
          structuredOutputResponseType: next.structuredOutput?.responseType,
          structuredOutputHasPlan: next.structuredOutput?.plan ? 'yes' : 'no',
          structuredOutputPlanFile: next.structuredOutput?.plan?.file,
          originalMessageHasPlan: 'plan' in message,
          originalMessagePlanFile: message.plan?.file
        });
    
        if (Array.isArray(next.parts)) {
          next.parts = next.parts.filter((part: any) => {
            if (part && part.type === "tool") {
              const toolName = (part.tool || "").toString().toLowerCase();
              if (
                toolName.includes("structuredoutput") ||
                toolName.includes("structured_output")
              ) {
                return false;
              }
            }
            return true;
          });
        }
    
        const bodyText = this.extractMessageBodyText(message);
        const hasJsonOnlyBody = bodyText.startsWith("{") && bodyText.endsWith("}");
        if (hasJsonOnlyBody) {
          next.content = "";
          if (Array.isArray(next.parts)) {
            next.parts = next.parts.filter((p: any) => p?.type !== "text");
          }
        }
    
        // Preserve the default OpenCode response body whenever it exists.
        // Only inject structured text as a fallback when body text is missing or JSON-only.
        const messageContent =
          structured.message ||
          this.createFallbackMessage(structured);
        const shouldUseStructuredMessage = !bodyText || hasJsonOnlyBody;
        if (messageContent && shouldUseStructuredMessage) {
          next.content = messageContent;
          const parts = Array.isArray(next.parts) ? [...next.parts] : [];
          const textIndex = parts.findIndex(
            (part: any) => this.isRenderableTextPart(part),
          );
          if (textIndex >= 0) {
            parts[textIndex] = {
              ...parts[textIndex],
              type: "text",
              text: messageContent,
            };
          } else {
            parts.push({ type: "text", text: messageContent });
          }
          next.parts = parts;
        }
    
        if (structured.progressUpdates && structured.progressUpdates.length > 0) {
          const existingSteps = Array.isArray(next.steps) ? next.steps : [];
          const mapped = structured.progressUpdates.map((update) => ({
            type: "step",
            title: update.title,
            content: update.filePath,
            status: update.status ?? "pending",
            meta: update.meta,
          }));
          next.steps = [...existingSteps, ...mapped];
        }
    
        if (
          structured.interactiveEvents &&
          structured.interactiveEvents.length > 0
        ) {
          next.interactiveEvents = structured.interactiveEvents;
          const questionPrompt = this.deriveQuestionPromptFromInteractivePayload({
            question: (structured.question as string) ?? '',
            options: structured.interactiveEvents as any[],
          });
          const currentBodyText = this.extractMessageBodyText(next).trim();
          const normalizeComparableText = (value: string): string =>
            value.replace(/\r\n/g, "\n").replace(/\s+/g, " ").trim().toLowerCase();
          const promptNorm = questionPrompt
            ? normalizeComparableText(questionPrompt)
            : "";
          const bodyNorm = normalizeComparableText(currentBodyText);
          let visibleInteractiveBody: string | undefined;
    
          if (questionPrompt) {
            if (
              !currentBodyText ||
              bodyNorm === promptNorm ||
              this.isLowValueInteractiveBodyText(currentBodyText)
            ) {
              visibleInteractiveBody = questionPrompt;
            } else if (promptNorm && bodyNorm.startsWith(promptNorm)) {
              visibleInteractiveBody = currentBodyText;
            } else {
              visibleInteractiveBody = `${questionPrompt}\n\n${currentBodyText}`;
            }
          } else if (!currentBodyText) {
            const firstEvent = structured.interactiveEvents[0];
            if (firstEvent.type === "question" || firstEvent.type === "confirm") {
              visibleInteractiveBody = firstEvent.question;
            } else if (firstEvent.type === "message") {
              visibleInteractiveBody = firstEvent.message;
            } else if (firstEvent.type === "quick_actions") {
              visibleInteractiveBody = this.firstNonEmptyString(firstEvent.title);
            }
          }
    
          if (visibleInteractiveBody) {
            next.content = visibleInteractiveBody;
            const parts = Array.isArray(next.parts) ? [...next.parts] : [];
            const textIndex = parts.findIndex((part: any) =>
              this.isRenderableTextPart(part),
            );
            if (textIndex >= 0) {
              parts[textIndex] = {
                ...parts[textIndex],
                type: "text",
                text: visibleInteractiveBody,
              };
            } else {
              parts.push({ type: "text", text: visibleInteractiveBody });
            }
            next.parts = parts;
          }
        }
    
        if (structured.subagents && structured.subagents.length > 0) {
          if (!next.subagents) {
            next.subagents = [];
          }
          structured.subagents.forEach((sa: any) => {
            const normalized = {
              ...sa,
              agentId: this.firstNonEmptyString(sa.agentId, sa.name) || sa.id,
              latestActivity:
                this.firstNonEmptyString(sa.latestActivity, sa.description) ||
                "Subagent update",
            };
            const existing = next.subagents.find((item: any) => item.id === sa.id);
            if (existing) {
              Object.assign(existing, normalized);
            } else {
              next.subagents.push(normalized);
            }
          });
    
          const hasTextContent =
            (typeof next.content === "string" && next.content.trim().length > 0) ||
            (Array.isArray(next.parts) &&
              next.parts.some(
                (part: any) =>
                  part?.type === "text" &&
                  typeof part?.text === "string" &&
                  part.text.trim().length > 0,
              ));
          if (
            !hasTextContent &&
            (structured.responseType === "subagents" ||
              (structured.subagentsDelta &&
                structured.subagentsDelta.items.length > 0))
          ) {
            const subagentCount =
              structured.subagents?.length ??
              structured.subagentsDelta?.items.length ??
              0;
            const summaryText = `Spawned ${subagentCount} subagent${subagentCount === 1 ? "" : "s"
              }.`;
            next.content = summaryText;
            const parts = Array.isArray(next.parts) ? [...next.parts] : [];
            parts.push({ type: "text", text: summaryText });
            next.parts = parts;
          }
        }
    
        if (
          structured.responseType === "implementation_plan" &&
          !shouldSuppressStructuredPlan
        ) {
          const summaryMessage = this.firstNonEmptyString(
            structured.message,
            structured.plan?.intro,
            structured.plan?.summary,
          );
          if (summaryMessage) {
            next.content = summaryMessage;
            const parts = Array.isArray(next.parts) ? [...next.parts] : [];
            const textIndex = parts.findIndex(
              (part: any) =>
                part &&
                typeof part === "object" &&
                (part.type === "text" ||
                  typeof part.text === "string" ||
                  typeof part.content === "string"),
            );
            if (textIndex >= 0) {
              parts[textIndex] = {
                ...parts[textIndex],
                type: "text",
                text: summaryMessage,
              };
            } else {
              parts.push({ type: "text", text: summaryMessage });
            }
            next.parts = parts;
          }
        }
    
        if (
          !isInteractiveStructuredResponse &&
          !shouldSuppressStructuredPlan &&
          (structured.responseType === "implementation_plan" ||
            structured.plan?.content ||
            structured.plan?.file)
        ) {
          const planContent = this.firstNonEmptyString(structured.plan?.content);
          const structuredPlanCandidates =
            this.collectPlanFileCandidatesFromStructuredPlan(
              this.asRecord(structured.plan),
            );
          const planFile = structuredPlanCandidates[0];
    
          // DEBUG: Log plan file extraction
          log.debug('Plan file extraction', {
            hasStructuredPlan: !!structured.plan,
            structuredPlanKeys: structured.plan ? Object.keys(structured.plan) : [],
            structuredPlanFile: structured.plan?.file,
            candidatesCount: structuredPlanCandidates.length,
            candidates: structuredPlanCandidates,
            planFile: planFile,
            planFileUndefined: planFile === undefined
          });
    
          const resolvedPlanTitle = this.resolvePlanTitle({
            plan: structured.plan,
            planFile: planFile || structuredPlanCandidates[0],
            fallback: structured.plan?.summary as string | undefined,
          });
          const hasLongPlanContent =
            typeof planContent === "string" && planContent.trim().length >= 80;
          // File-backed plans must still produce a plan card even when no markdown
          // content is embedded in structured output.
          if (hasLongPlanContent || planFile) {
            next.plan = {
              file: planFile,
              content: hasLongPlanContent ? planContent : undefined,
              title: resolvedPlanTitle,
              summary: structured.plan?.summary,
              files:
                structuredPlanCandidates.length > 0
                  ? structuredPlanCandidates
                  : undefined,
            };
    
            // DEBUG: Log the final plan object being set
            log.debug('Plan object set on next', {
              hasPlan: !!next.plan,
              planFile: next.plan?.file,
              planKeys: next.plan ? Object.keys(next.plan) : [],
              fullPlanObject: next.plan ? JSON.stringify(next.plan, null, 2) : 'undefined'
            });
    
            // DEBUG: Try to serialize the entire next object to check for circular references
            try {
              const serialized = JSON.stringify(next);
              log.debug('Message serialization successful', {
                serializedLength: serialized.length,
                hasPlanInSerialized: serialized.includes('"plan"'),
                planSubstring: serialized.includes('"file"') ? serialized.substring(serialized.indexOf('"plan"'), serialized.indexOf('"plan"') + 200) : 'NOT FOUND'
              });
            } catch (e) {
              log.debug('Message serialization FAILED', { error: e });
            }
          } else {
            log.debug('Plan NOT set - condition failed', {
              hasLongPlanContent,
              planFile,
              planFileUndefined: planFile === undefined,
              hasLongPlanContentFalse: !hasLongPlanContent,
              noPlanFile: !planFile
            });
          }
        }
    
        if (shouldSuppressStructuredPlan) {
          if (next.plan) {
            delete next.plan;
          }
          if (structured.responseType === "implementation_plan") {
            const clarificationMessage =
              this.firstNonEmptyString(
                structured.message,
              ) ||
              "I need a few clarifications before drafting the implementation plan.";
            next.content = clarificationMessage;
            const parts = Array.isArray(next.parts) ? [...next.parts] : [];
            const textIndex = parts.findIndex(
              (part: any) => this.isRenderableTextPart(part),
            );
            if (textIndex >= 0) {
              parts[textIndex] = {
                ...parts[textIndex],
                type: "text",
                text: clarificationMessage,
              };
            } else {
              parts.push({ type: "text", text: clarificationMessage });
            }
            next.parts = parts;
          }
        }
    
        return next;
      }
    
      /**
       * Handles sending a message to OpenCode
       */
      // PROMPT-OWNERSHIP: do not modify — transport-only path
      private async handleSendMessage(
        text: string,
        files?: string[],
        contexts?: any[],
        images?: any[],
        agent?: string,
        isRetry = false,
        recoveredContext?: RecoveredSessionContext,
        retryWithoutStructuredOutput = false,
        structuredFallbackReason?: string,
        userFacingText?: string,
      ): Promise<void> {
        // Start feature flow tracking
        const flow = log.startFeatureFlow('SendMessage', {
          messageLength: text.length,
          isRetry,
          hasFiles: !!files?.length,
          fileCount: files?.length || 0,
          hasContexts: !!contexts?.length,
          contextCount: contexts?.length || 0,
          hasImages: !!images?.length,
          imageCount: images?.length || 0,
          agent,
        });
    
        // Cache for retry
        this.lastSendMessageArgs = { text, files, contexts, images, agent };
    
        // We'll set processing state once we have a definitive session ID below
    
        const overallStartTime = Date.now();
        log.featureStep(flow, 'message_send_started', {
          messageLength: text.length,
          timestamp: new Date().toISOString(),
        });
    
        let drainSessionId: string | undefined;
        const capturePromptDebug = this.shouldVerboseStreamDebug();
        let debugSessionId: string | undefined;
        let baselineAssistantMarker: AssistantHistoryMarker | undefined;
        try {
          const normalizedImages = (Array.isArray(images) ? images : [])
            .map((img) => {
              if (typeof img === "string") {
                return { dataUrl: img, filename: "image" };
              }
              if (img?.dataUrl && typeof img.dataUrl === "string") {
                return {
                  dataUrl: img.dataUrl,
                  filename:
                    typeof img.filename === "string" ? img.filename : "image",
                };
              }
              return null;
            })
            .filter((img): img is { dataUrl: string; filename: string } => !!img);
          const imageUrls = normalizedImages.map((img) => img.dataUrl);
    
          const serverStartTime = Date.now();
          this.logger.info("⏳ [TIMING] Calling ensureRunning()...");
          const client = await this.serverManager.ensureRunning();
          this.logger.info(`✅ [TIMING] Server ready (${Date.now() - serverStartTime}ms)`);
    
          const sessionStartTime = Date.now();
          this.logger.info("⏳ [TIMING] Getting current session...");
          let session = await this.sessionService.getCurrentSession();
          if (this.currentSessionId && session.id !== this.currentSessionId) {
            session = await this.sessionService.switchSession(
              this.currentSessionId,
            );
          }
          this.logger.info(`✅ [TIMING] Session ready (${Date.now() - sessionStartTime}ms): ${session.id}`);
    
          drainSessionId = session.id;
          this.processingSessionIds.add(drainSessionId);
          this.sendProcessingSessionsUpdate();
          this.currentSessionId = session.id;
          this.subagentTracker.setActiveSession(session.id);
          // Note: awaitingInteractiveAnswer flag is NOT cleared here
          // It will be cleared naturally when stream events arrive
    
          // Check budget before sending
          const budgetCheck = this.budgeter.canMakeRequest();
          if (!budgetCheck.allowed) {
            this.sendBudgetInfo();
            // Show warning to user
            vscode.window.showWarningMessage(
              `Request limit reached: ${budgetCheck.reason}`,
            );
            return;
          }
    
          const messagesStartTime = Date.now();
          this.logger.info("⏳ [TIMING] Loading existing messages...");
          const existingMessages = await this.sessionService.getMessages(
            session.id,
          );
          this.logger.info(`✅ [TIMING] Messages loaded (${Date.now() - messagesStartTime}ms): ${existingMessages.length} messages`);
    
          baselineAssistantMarker =
            this.getLatestAssistantHistoryMarker(existingMessages);
          const isNewSession = existingMessages.length === 0;
    
          if (isNewSession) {
            const config = vscode.workspace.getConfiguration('opencode');
            const autoGenerateTitle = config.get<boolean>('autoGenerateSessionTitle', true);
            if (autoGenerateTitle) {
              const generatedTitle = TitleGeneratorService.generateTitle(text);
              await this.updateSessionTitle(session.id, generatedTitle);
            }
          }
    
          // Save user message to local history immediately, unless this is a retry
          if (!isRetry) {
            const persistedUserText =
              this.firstNonEmptyString(userFacingText, text) || text;
            const userMessage = {
              role: "user" as const,
              content: persistedUserText,
              text: persistedUserText,
              parts: [
                {
                  type: "text",
                  text: text,
                },
              ],
              images: imageUrls,
              time: {
                created: Date.now(),
              },
            };
            await this.sessionService.appendMessage(session.id, userMessage);
    
            this.view?.webview.postMessage({
              type: "userMessageAppended",
              message: userMessage,
            });
    
            await this.handleGetSessions();
          }
    
          log.debug(
            `Session ${session.id}: ${existingMessages.length} existing messages. isNew: ${isNewSession}`,
          );
    
          // Prepare message parts
          const parts: NonNullable<SessionPromptData["body"]>["parts"] = [
            {
              type: "text",
              text: text,
            },
          ];
    
          // Add context fragments if any
          if (contexts && contexts.length > 0) {
            for (const ctx of contexts) {
              parts.push({
                type: "text",
                text: `\`\`\`${ctx.languageId}\n// ${ctx.file}:${ctx.lineInfo}\n${ctx.content}\n\`\`\``,
              });
            }
          }
    
          if (recoveredContext?.transcript) {
            parts.push({
              type: "text",
              text: [
                "Recovered conversation context from the previous session ID",
                `(${recoveredContext.previousSessionId}).`,
                "Treat this as existing conversation history and continue from it.",
                "--- BEGIN RECOVERED CONTEXT ---",
                recoveredContext.transcript,
                "--- END RECOVERED CONTEXT ---",
              ].join("\n"),
            });
          }
    
          // Add file references if any
          // ... (rest of the file part logic remains the same)
    
          // Add file references if any
          if (files && files.length > 0) {
            const workspaceFolder = vscode.workspace.workspaceFolders?.[0];
            if (workspaceFolder) {
              for (const filePath of files) {
                try {
                  // Check if path is absolute
                  let absoluteUri: vscode.Uri;
                  if (path.isAbsolute(filePath)) {
                    absoluteUri = vscode.Uri.file(filePath);
                  } else {
                    absoluteUri = vscode.Uri.joinPath(
                      workspaceFolder.uri,
                      filePath,
                    );
                  }
    
                  const content = await vscode.workspace.fs.readFile(absoluteUri);
                  const textContent = new TextDecoder().decode(content);
    
                  parts.push({
                    type: "file",
                    mime: "text/plain",
                    filename: filePath.split(/[\\/]/).pop(),
                    url: `file://${filePath}`,
                    source: {
                      type: "file",
                      path: filePath,
                      text: {
                        value: textContent,
                        start: 0,
                        end: textContent.length,
                      },
                    },
                  });
                } catch (e) {
                  log.error(`Failed to read file ${filePath}`, { filePath }, e as Error);
                }
              }
            }
          }
    
          if (normalizedImages.length > 0) {
            for (const img of normalizedImages) {
              // Extract mime type from data URL, default to image/jpeg
              const mimeMatch = img.dataUrl.match(/^data:([^;]+);/);
              const mimeType = mimeMatch ? mimeMatch[1] : "image/jpeg";
    
              parts.push({
                type: "file",
                mime: mimeType,
                filename: img.filename || "image",
                url: img.dataUrl,
              });
            }
          }
    
          // Send the message using the SDK
          const startTime = Date.now();
          const useStructuredOutput =
            !retryWithoutStructuredOutput &&
            this.shouldUseStructuredOutput(
              this.getStructuredOutputModelKey(this.selectedModel.providerID, this.selectedModel.modelID)
            );
          const promptBody: NonNullable<SessionPromptData["body"]> = {
            model: this.selectedModel,
            agent: agent || this.selectedAgent,
            parts: parts,
          };
          const promptVariant = await this.resolvePromptVariant(session.id);
          if (promptVariant) {
            (promptBody as Record<string, unknown>).variant = promptVariant;
          }
          if (capturePromptDebug) {
            debugSessionId = session.id;
            await this.logPromptRequestPayload(
              session.id,
              promptBody,
              useStructuredOutput,
            );
          }
    
          const promptStartTime = Date.now();
          this.logger.info("⏳ [TIMING] Sending prompt to server...", {
            model: this.selectedModel.modelID,
            agent: agent || this.selectedAgent,
            partsCount: parts.length,
            hasFiles: Boolean(files?.length),
            hasContexts: Boolean(contexts?.length),
            hasImages: Boolean(images?.length),
          });
    
          const response = await this.promptWithStructuredOutput(
            client,
            session.id,
            promptBody,
            useStructuredOutput,
            {
              hasFiles: Boolean(files?.length),
              hasContexts: Boolean(contexts?.length),
              hasImages: Boolean(images?.length),
            },
          );
    
          const promptDuration = Date.now() - promptStartTime;
          this.logger.info(`✅ [TIMING] Prompt response received (${promptDuration}ms)`, {
            hasData: Boolean(response.data),
            hasError: Boolean(response.error),
            status: response.response?.status,
            messageId: (response.data as any)?.info?.id,
          });
    
          const duration = (Date.now() - startTime) / 1000;
          if (capturePromptDebug) {
            await this.logPromptResponsePayload(
              session.id,
              response,
              duration,
              useStructuredOutput,
            );
          }
    
          log.debug(`Response received in ${duration}s`, {
            hasData: Boolean(response.data),
            hasError: Boolean(response.error),
            status: response.response?.status,
            messageId: (response.data as any)?.info?.id,
          });
          if (response.data && capturePromptDebug) {
            this.logPromptResponseDiagnostics(session.id, response.data);
          }
    
          // Update budget info after successful send
          // Note: recordRequest() temporarily disabled - budget now reads from actual Copilot quota data
          if (!response.error) {
            // this.budgeter.recordRequest(); // DISABLED - was tracking all requests, not just Copilot
            this.sendBudgetInfo();
          }
    
          if (response.error) {
            const errorMessages = this.collectNormalizedErrorMessages(response.error);
            log.error("API error returned", {
              sessionId: session.id,
              error: response.error,
              status: response.response?.status,
              errorMessages,
            });
            this.logger.error("Prompt request failed", {
              sessionId: session.id,
              status: response.response?.status,
              errorMessages,
            });
    
            let errorMessage = this.extractDetailedErrorMessage(
              response.error,
              "Failed to send message",
            );
            if (this.shouldSuppressInteractiveAwaitTimeout(errorMessage)) {
              this.logger.info(
                "Suppressing timeout error while awaiting interactive response",
                {
                  sessionId: session.id,
                  errorMessage,
                },
              );
              return;
            }
            if (this.isLikelyInteractiveTransportFailure(errorMessage)) {
              const recovered = await this.tryRecoverTimedOutResponse(
                session.id,
                baselineAssistantMarker,
              );
              if (recovered) {
                this.logger.info(
                  "Recovered timed out prompt from session history without user retry",
                  {
                    sessionId: session.id,
                    errorMessage,
                  },
                );
                return;
              }
              if (
                !isRetry &&
                (this.awaitingInteractiveAnswer ||
                  this.isInInteractiveResponseTransition())
              ) {
                this.logger.warn(
                  "Interactive response transport failed; retrying once with existing payload",
                  {
                    sessionId: session.id,
                    errorMessage,
                  },
                );
                // Provide user feedback about the retry
                this.view?.webview.postMessage({
                  type: "info",
                  message: "Retrying interactive response...",
                  sessionId: session.id,
                });
                return this.handleSendMessage(
                  text,
                  files,
                  contexts,
                  images,
                  agent,
                  true,
                  recoveredContext,
                  retryWithoutStructuredOutput,
                  structuredFallbackReason,
                  userFacingText,
                );
              }
            }
    
            // Handle Session Not Found error (likely server restart)
            if (
              errorMessage.toLowerCase().includes("not found") &&
              errorMessage.toLowerCase().includes("session")
            ) {
              log.warn(
                `Session ${session.id} not found on server. Re-creating...`,
              );
              // Re-create the session on the server
              try {
                const newSession = await this.sessionService.createNewSession(
                  session.title,
                );
                log.info(
                  `Re-created session with new ID: ${newSession.id}`,
                );
    
                // Migrate local messages from old ID to new ID
                const localMessages = await this.sessionService.loadSessionMessages(
                  session.id,
                );
                await this.sessionService.saveSessionMessages(
                  newSession.id,
                  localMessages,
                );
                // Optionally delete old messages? No, leave them for now.
    
                // Set as current session and retry
                await this.sessionService.switchSession(newSession.id);
                this.subagentTracker.resetForSession(newSession.id);
    
                // Notify UI of the ID change if possible, or just refresh sessions
                await this.handleGetSessions();
    
                const recoveryTranscript =
                  this.buildRecoveredTranscript(localMessages);
                if (recoveryTranscript) {
                  await this.saveSessionRecoveryMap(session.id, newSession.id);
                }
                this.migrateSessionSettings(session.id, newSession.id);
                this.currentSessionId = newSession.id;
    
                // Retry sending (recursive call) with preserved context
                return this.handleSendMessage(
                  text,
                  files,
                  contexts,
                  images,
                  agent,
                  true,
                  recoveryTranscript
                    ? {
                      previousSessionId: session.id,
                      transcript: recoveryTranscript,
                    }
                    : undefined,
                  retryWithoutStructuredOutput,
                  structuredFallbackReason,
                );
              } catch (recreateError) {
                log.error(
                  "Failed to re-create session",
                  {},
                  recreateError as Error,
                );
              }
            }
    
            // Handle specific model not found error
            if (
              errorMessage.includes("ProviderModelNotFoundError") ||
              errorMessage.includes("ModelNotFoundError")
            ) {
              errorMessage +=
                "\n\nTIP: Try starting a new session (click +) to use the default model.";
            }
    
            const isStructuredOutputError =
              this.isStructuredOutputTransportError(errorMessage);
            if (isStructuredOutputError) {
              const modelKey = this.getSelectedStructuredOutputModelKey();
              if (modelKey) {
                this.structuredOutputIncompatibleModelKeys.add(modelKey);
              }
              if (!retryWithoutStructuredOutput) {
                const retryFlow = log.startFeatureFlow('StructuredOutputRetry', {
                  sessionId: session.id,
                  providerID: this.selectedModel.providerID,
                  modelID: this.selectedModel.modelID,
                  errorMessage,
                });
    
                this.logger.warn(
                  "Structured output failed; auto-retrying without schema",
                  {
                    sessionId: session.id,
                    providerID: this.selectedModel.providerID,
                    modelID: this.selectedModel.modelID,
                  },
                );
                log.featureStep(retryFlow, 'retrying_without_structured_output');
    
                const result = await this.handleSendMessage(
                  text,
                  files,
                  contexts,
                  images,
                  agent,
                  true,
                  recoveredContext,
                  true,
                  errorMessage,
                );
    
                log.endFeatureFlow(retryFlow, { status: 'completed', retrySuccess: true });
                return result;
              }
              errorMessage = [
                "Structured output error: the selected model/provider did not return a usable JSON payload.",
                "Retry without structured output to continue with a plain text response.",
                "",
                `Details: ${errorMessage}`,
              ].join("\n");
            }
    
            vscode.window.showErrorMessage(`OpenCode error: ${errorMessage}`);
            this.view?.webview.postMessage({
              type: "error",
              message: errorMessage,
            });
            return;
          }
    
          // Check for hidden errors in data (e.g. ModelNotFoundError returned as JSON)
          if (
            response.data &&
            (response.data as any).suggestions &&
            (response.data as any).modelID &&
            !(response.data as any).content
          ) {
            const errData = response.data as any;
            let errorMessage = `Model '${errData.modelID}' not found in provider '${errData.providerID}'.`;
            if (errData.suggestions && errData.suggestions.length > 0) {
              errorMessage += ` Did you mean: ${errData.suggestions.join(", ")}?`;
            }
            errorMessage +=
              "\n\nTIP: Check your model selection or local OpenCode configuration.";
    
            vscode.window.showErrorMessage(errorMessage);
            this.view?.webview.postMessage({
              type: "error",
              message: errorMessage,
            });
            return;
          }
    
          // Send response back to webview
          if (response.data) {
            const rawResponse = this.buildRawResponseDebugText(response.data);
            const structuredMessage = this.applyStructuredOutputToMessage(
              response.data,
            );
            const enrichedMessage = this.enrichMessageWithPlan(structuredMessage);
            const structuredFailureText = this.firstNonEmptyString(
              (enrichedMessage as any)?.error,
            );
            if (
              !retryWithoutStructuredOutput &&
              structuredFailureText &&
              this.isStructuredOutputFailureMessage(structuredFailureText)
            ) {
              const modelKey = this.getSelectedStructuredOutputModelKey();
              if (modelKey) {
                this.structuredOutputIncompatibleModelKeys.add(modelKey);
              }
              this.logger.warn(
                "Structured output payload unusable; auto-retrying without schema",
                {
                  sessionId: session.id,
                  providerID: this.selectedModel.providerID,
                  modelID: this.selectedModel.modelID,
                  reason: structuredFailureText,
                },
              );
              return this.handleSendMessage(
                text,
                files,
                contexts,
                images,
                agent,
                true,
                recoveredContext,
                true,
                structuredFailureText,
              );
            }
            const trackerSnapshotPayload = this.subagentTracker.getSnapshotPayload();
            const hasSubagentSignal =
              this.hasStructuredSubagentSignal(enrichedMessage);
            let assistantMessageId = this.extractMessageId(enrichedMessage);
            if (!assistantMessageId && hasSubagentSignal) {
              assistantMessageId = this.subagentTracker.getLatestParentMessageId(
                session.id,
              );
              if (assistantMessageId) {
                enrichedMessage.id = assistantMessageId;
              }
            }
            if (!assistantMessageId && hasSubagentSignal) {
              assistantMessageId = this.findLatestSubagentParentMessageIdForSession(
                trackerSnapshotPayload,
                session.id,
              );
              if (assistantMessageId) {
                enrichedMessage.id = assistantMessageId;
              }
            }
            if (assistantMessageId) {
              const hydratedSubagents =
                await this.subagentTracker.finalizeParentMessage({
                  client,
                  parentSessionId: session.id,
                  parentMessageId: assistantMessageId,
                });
              if (hydratedSubagents.length > 0) {
                enrichedMessage.subagents = hydratedSubagents;
                this.view?.webview.postMessage({
                  type: "subagentUpdate",
                  ...this.subagentTracker.getPayloadForParentMessage(
                    assistantMessageId,
                  ),
                });
              } else {
                let snapshotPayload = this.subagentTracker.getPayloadForParentMessage(
                  assistantMessageId,
                );
                const hydratedFromSnapshot = this.hydrateSubagentsFromPayload(
                  assistantMessageId,
                  snapshotPayload,
                  session.id,
                );
                if (hydratedFromSnapshot.length > 0) {
                  enrichedMessage.subagents = this.mergeSubagentEntries(
                    enrichedMessage.subagents,
                    hydratedFromSnapshot,
                  );
                } else if (hasSubagentSignal) {
                  const fallbackParentMessageId =
                    this.findLatestSubagentParentMessageIdForSession(
                      trackerSnapshotPayload,
                      session.id,
                    );
                  if (
                    fallbackParentMessageId &&
                    fallbackParentMessageId !== assistantMessageId
                  ) {
                    snapshotPayload =
                      this.subagentTracker.getPayloadForParentMessage(
                        fallbackParentMessageId,
                      );
                    const hydratedFallback = this.hydrateSubagentsFromPayload(
                      fallbackParentMessageId,
                      snapshotPayload,
                      session.id,
                    );
                    if (hydratedFallback.length > 0) {
                      enrichedMessage.subagents = this.mergeSubagentEntries(
                        enrichedMessage.subagents,
                        hydratedFallback,
                      );
                      if (!this.extractMessageId(enrichedMessage)) {
                        enrichedMessage.id = fallbackParentMessageId;
                      }
                    }
                  }
                }
              }
            } else if (hasSubagentSignal) {
              const fallbackParentMessageId =
                this.findLatestSubagentParentMessageIdForSession(
                  trackerSnapshotPayload,
                  session.id,
                );
              if (fallbackParentMessageId) {
                const snapshotPayload =
                  this.subagentTracker.getPayloadForParentMessage(
                    fallbackParentMessageId,
                  );
                const hydratedFallback = this.hydrateSubagentsFromPayload(
                  fallbackParentMessageId,
                  snapshotPayload,
                  session.id,
                );
                if (hydratedFallback.length > 0) {
                  enrichedMessage.subagents = this.mergeSubagentEntries(
                    enrichedMessage.subagents,
                    hydratedFallback,
                  );
                  if (!this.extractMessageId(enrichedMessage)) {
                    enrichedMessage.id = fallbackParentMessageId;
                  }
                }
              }
            }
    
            const normalizedFallbackReason = this.firstNonEmptyString(
              structuredFallbackReason,
            );
            const plainTextFallbackMetadata =
              retryWithoutStructuredOutput && normalizedFallbackReason
                ? {
                  plainTextFallback: true,
                  plainTextFallbackMessage:
                    "Structured output failed for this turn. Showing plain text response.",
                  plainTextFallbackReason: normalizedFallbackReason.slice(0, 500),
                }
                : undefined;
            const finalMessage = plainTextFallbackMetadata
              ? {
                ...enrichedMessage,
                ...plainTextFallbackMetadata,
              }
              : enrichedMessage;
    
            const debugMessage = {
              ...finalMessage,
              rawResponse,
            };
    
            // DEBUG: Log right after creating debugMessage
            log.debug('debugMessage created', {
              hasPlan: 'plan' in debugMessage,
              planFile: debugMessage.plan?.file,
              planKeys: debugMessage.plan ? Object.keys(debugMessage.plan) : [],
              hasStructuredOutput: 'structuredOutput' in debugMessage,
              structuredOutputResponseType: debugMessage.structuredOutput?.responseType,
              structuredOutputHasPlan: debugMessage.structuredOutput?.plan ? 'yes' : 'no',
              structuredOutputPlanFile: debugMessage.structuredOutput?.plan?.file
            });
    
            // Persist canonical assistant message without raw debug payload so
            // session storage/write path stays lightweight.
            await this.sessionService.appendMessage(session.id, {
              ...finalMessage,
              timing: {
                duration: duration,
              },
            });
            // Persist a hydrated override that *includes* rawResponse for reload parity.
            await this.persistSessionMessageOverride(session.id, {
              ...debugMessage,
              timing: {
                duration: duration,
              },
            });
            const snapshotFromFinalMessage = this.buildSubagentPayloadFromMessage(
              finalMessage,
              session.id,
            );
            if (snapshotFromFinalMessage) {
              await this.persistSubagentLiveState(
                session.id,
                snapshotFromFinalMessage,
              );
            }
    
            // DEBUG: Log message right before sending to webview
            log.debug('SENDING message to webview', {
              hasPlan: 'plan' in debugMessage,
              planKeys: debugMessage.plan ? Object.keys(debugMessage.plan) : [],
              planFile: debugMessage.plan?.file,
              messageType: debugMessage.type,
              messageResponse: debugMessage.responseType,
              structuredOutputResponseType: debugMessage.structuredOutput?.responseType,
              fullMessageKeys: Object.keys(debugMessage)
            });
    
            // Try to serialize to check for circular references
            try {
              const serialized = JSON.stringify(debugMessage);
              log.debug('Serialization check', {
                success: true,
                length: serialized.length,
                hasPlanInSerialized: serialized.includes('"plan"'),
                hasFileInSerialized: serialized.includes('"file"'),
                planSubstring: serialized.includes('"plan"') ? serialized.substring(serialized.indexOf('"plan"'), Math.min(serialized.indexOf('"plan"') + 300, serialized.length)) : 'NOT FOUND'
              });
            } catch (e) {
              log.debug('Serialization FAILED', { error: e });
            }
    
            this.view?.webview.postMessage({
              type: "messageResponse",
              message: {
                ...debugMessage,
                timing: {
                  duration: duration,
                },
              },
            });
    
            // Auto-compact if the context window is getting full.
            void this.maybeAutoCompact(session.id, response.data);
          } else {
            const noDataMessageText =
              "No final response payload was returned by the provider.";
            const rawResponse = this.buildRawResponseDebugText({
              status: response?.response?.status,
              data: response?.data,
              error: response?.error,
            });
            const fallbackMessage = {
              role: "assistant",
              content: noDataMessageText,
              parts: [{ type: "text", text: noDataMessageText }],
              rawResponse,
              timing: {
                duration: duration,
              },
            };
    
            await this.sessionService.appendMessage(session.id, fallbackMessage);
            this.view?.webview.postMessage({
              type: "messageResponse",
              message: fallbackMessage,
            });
            this.logger.warn("No response data received from OpenCode", {
              sessionId: session.id,
              status: response?.response?.status,
              hasError: Boolean(response?.error),
            });
          }
        } catch (error) {
          const totalDuration = Date.now() - overallStartTime;
          this.logger.error(`❌ [TIMING] Message failed after ${totalDuration}ms`, {
            error: String(error),
            sessionId: drainSessionId,
          });
    
          const errorMessage = this.extractDetailedErrorMessage(
            error,
            "Failed to send message",
          );
          if (this.shouldSuppressInteractiveAwaitTimeout(errorMessage)) {
            this.logger.info(
              "Suppressing thrown timeout while awaiting interactive response",
              {
                sessionId: drainSessionId,
                errorMessage,
              },
            );
            return;
          }
          if (
            drainSessionId &&
            this.isLikelyInteractiveTransportFailure(errorMessage)
          ) {
            const recovered = await this.tryRecoverTimedOutResponse(
              drainSessionId,
              baselineAssistantMarker,
            );
            if (recovered) {
              this.logger.info(
                "Recovered thrown timeout from session history without user retry",
                {
                  sessionId: drainSessionId,
                  errorMessage,
                },
              );
              return;
            }
            if (
              !isRetry &&
              (this.awaitingInteractiveAnswer ||
                this.isInInteractiveResponseTransition())
            ) {
              this.logger.warn(
                "Thrown interactive transport failure; retrying once with existing payload",
                {
                  sessionId: drainSessionId,
                  errorMessage,
                },
              );
              // Provide user feedback about the retry
              this.view?.webview.postMessage({
                type: "info",
                message: "Retrying interactive response...",
                sessionId: drainSessionId,
              });
              return this.handleSendMessage(
                text,
                files,
                contexts,
                images,
                agent,
                true,
                recoveredContext,
                retryWithoutStructuredOutput,
                structuredFallbackReason,
                userFacingText,
              );
            }
          }
          vscode.window.showErrorMessage(`Failed to send message: ${errorMessage}`);
          this.logger.error("Send message exception", {
            sessionId: drainSessionId,
            errorMessage,
            errorMessages: this.collectNormalizedErrorMessages(error),
          });
    
          // Show error in webview too
          this.view?.webview.postMessage({
            type: "error",
            message: errorMessage,
          });
        } finally {
          const totalDuration = Date.now() - overallStartTime;
          log.featureStep(flow, 'message_processing_completed', {
            duration: totalDuration,
            sessionId: drainSessionId,
            timestamp: new Date().toISOString(),
          });
    
          this.logger.info(`🏁 [TIMING] Message processing completed in ${totalDuration}ms`, {
            sessionId: drainSessionId,
            timestamp: new Date().toISOString(),
          });
    
          if (debugSessionId) {
            this.promptDebugBySession.delete(debugSessionId);
          }
          if (drainSessionId) {
            this.processingSessionIds.delete(drainSessionId);
            this.sendProcessingSessionsUpdate();
          }
          this.logger.info("Processing request finished", {
            sessionId: drainSessionId,
          });
          if (drainSessionId) {
            void this.handleExecuteQueue(drainSessionId);
          }
    
          // End feature flow tracking
          log.endFeatureFlow(flow, { status: 'completed', totalDuration });
        }
      }
    
      /**
       * Enriches a message with plan information if detected.
       * FORBIDDEN TO REMOVE: This logic ensures the Implementation Plan button appears,
       * which is a core feature for user transparency and workflow.
       */
      private async resolveStopSessionId(
        requestedSessionId?: string,
      ): Promise<string | undefined> {
        const explicitSessionId = this.firstNonEmptyString(requestedSessionId);
        if (explicitSessionId) {
          return explicitSessionId;
        }
    
        const activeSessionId = this.firstNonEmptyString(this.currentSessionId);
        if (activeSessionId) {
          return activeSessionId;
        }
    
        if (!this.isProcessingRequest) {
          return undefined;
        }
    
        try {
          const currentSession = await this.sessionService.getCurrentSession();
          return this.firstNonEmptyString(currentSession?.id);
        } catch (error) {
          log.warn(
            "Failed to resolve stop session from SessionService",
            { error },
          );
          return undefined;
        }
      }
    
      /**
       * Handles stopping a request
       */
      // FORBIDDEN TO REMOVE: Stop Request Button - backend handler required by webview to abort streaming requests
      private async handleStopRequest(sessionId?: string): Promise<void> {
        let resolvedSessionId: string | undefined;
        try {
          resolvedSessionId = await this.resolveStopSessionId(sessionId);
          if (!resolvedSessionId) {
            this.logger.warn("stopRequest ignored: no active session ID resolved");
            return;
          }
    
          const client = this.serverManager.getClient();
          if (!client) {
            this.logger.warn("stopRequest skipped: no client available", {
              sessionId: resolvedSessionId,
            });
            return;
          }
    
          this.logger.info("Stopping request", {
            sessionId: resolvedSessionId,
          });
    
          const workspaceDirectory = this.getWorkspaceDirectory();
          await client.session.abort({
            path: { id: resolvedSessionId },
            query: workspaceDirectory ? { directory: workspaceDirectory } : undefined,
          });
        } catch (error) {
          log.error("Failed to stop request", {}, error as Error);
        } finally {
          if (resolvedSessionId) {
            this.processingSessionIds.delete(resolvedSessionId);
            this.sendProcessingSessionsUpdate();
          }
          this.view?.webview.postMessage({
            type: "stopRequestHandled",
            sessionId: resolvedSessionId,
          });
          if (resolvedSessionId) {
            void this.handleExecuteQueue(resolvedSessionId);
          }
        }
      }
    
      /**
       * Returns the context token limit for the currently selected model, or
       * undefined if the model/limit is unknown.
       */
      /**
       * Checks whether the context window is at or above the auto-compact
       * threshold after a completed turn and, if so, triggers compaction
       * automatically so the next turn does not hit the limit.
       *
       * The threshold is intentionally set at 90 % so compaction runs while
       * there is still room for the summary that the compaction call itself
       * produces.
       */
      /**
       * Appends text to the prompt input
       */
      async appendToPrompt(text: string): Promise<void> {
        const value = typeof text === "string" ? text.trim() : "";
        if (!value) {
          return;
        }
        this.view?.webview.postMessage({
          type: "appendPrompt",
          message: {
            role: "user",
            content: value,
            parts: [{ type: "text", text: value }],
          },
        });
      }
    
      /**
       * Adds a context badge to the prompt input
       */
      async addContext(context: any): Promise<void> {
        this.view?.webview.postMessage({
          type: "addContext",
          context,
        });
      }
    
      /**
       * Automatically adds a context badge without overwriting manual ones
       */
      async autoAddContext(context: any): Promise<void> {
        this.view?.webview.postMessage({
          type: "addContext",
          context: { ...context, isAuto: true },
        });
      }
    
      /**
       * Clears any automatically added context
       */
      async clearAutoContext(): Promise<void> {
        this.view?.webview.postMessage({
          type: "clearAutoContext",
        });
      }
    
      async handlePlanProceed(payload: {
        rawPlan: string;
        comments: PlanProceedComment[];
        sourceFile?: string;
      }): Promise<void> {
        const rawPlan = typeof payload?.rawPlan === "string" ? payload.rawPlan : "";
        if (!rawPlan.trim()) {
          vscode.window.showErrorMessage(
            "Cannot proceed because implementation plan content is empty.",
          );
          return;
        }
        const comments = Array.isArray(payload?.comments) ? payload.comments : [];
        const hasChangeRequests = comments.some(
          (comment) => comment.text.trim().length > 0,
        );
    
        const commentLines = comments.map((comment) => {
          const textRef = comment.anchor?.selectedText
            ? `On text "${comment.anchor.selectedText}": `
            : "";
          return `- ${textRef}${comment.text}`;
        });
    
        const commentsMd =
          commentLines.length > 0
            ? `# Implementation Plan Comments\n\n${commentLines.join("\n")}`
            : "";
        const providedSourceFile = this.normalizePlanFileReference(
          payload?.sourceFile,
        );
        let planFilePath: string | undefined;
    
        if (providedSourceFile) {
          const diskPlan = await this.readPlanFileFromDisk(providedSourceFile);
          if (diskPlan) {
            planFilePath = providedSourceFile;
          } else {
            const preferredPath = this.resolvePlanFileCandidates(providedSourceFile)[0];
            planFilePath = await this.persistPlan(
              rawPlan,
              preferredPath,
            );
          }
        } else {
          const fallbackCandidates = this.prioritizePlanFileCandidates([
            ...this.extractMarkdownFileReferences(rawPlan),
            ...(await this.discoverLikelyPlanFileCandidates()),
          ]);
          for (const candidate of fallbackCandidates) {
            const diskPlan = await this.readPlanFileFromDisk(candidate);
            if (!diskPlan) {
              continue;
            }
            planFilePath = candidate;
            break;
          }
        }
    
        if (!planFilePath) {
          vscode.window.showErrorMessage(
            "Cannot proceed because the plan source file path is missing. Re-open the plan and try again.",
          );
          return;
        }
    
        let commentsFilePath: string | undefined;
        if (hasChangeRequests && commentsMd) {
          const ext = path.extname(planFilePath) || ".md";
          const baseName = path.basename(planFilePath, ext);
          commentsFilePath = path.join(
            path.dirname(planFilePath),
            `${baseName}_comments.md`,
          );
          try {
            await vscode.workspace.fs.writeFile(
              vscode.Uri.file(commentsFilePath),
              new TextEncoder().encode(commentsMd),
            );
          } catch (error) {
            const message = error instanceof Error ? error.message : String(error);
            vscode.window.showErrorMessage(
              `Cannot proceed because plan comments could not be written: ${message}`,
            );
            return;
          }
        }
    
        const proceedMessage = hasChangeRequests
          ? [
            "Proceed on this plan.",
            `The attached plan file \`${planFilePath}\` is the source of truth.`,
            `Apply all reviewer comments from attached file \`${commentsFilePath}\`, then execute the resulting plan.`,
            "Begin making real edits now and continue until the implementation is complete.",
            "Do not return only a status update.",
          ].join("\n")
          : [
            "Proceed on this plan.",
            `The attached plan file \`${planFilePath}\` is the source of truth.`,
            "Execute the plan step-by-step and implement the described changes now.",
            "Begin making real edits now and continue until the implementation is complete.",
            "Do not return only a status update.",
          ].join("\n");
    
        const attachedFiles =
          hasChangeRequests && commentsFilePath
            ? [planFilePath, commentsFilePath]
            : [planFilePath];
    
        // Post addPlanAttachment message to chat webview for the visual chip
        const planGoal =
          rawPlan.match(/^#\s+(.+)/m)?.[1]?.trim() ?? "Implementation Plan";
        const planBase64 = Buffer.from(rawPlan, "utf-8").toString("base64");
        const dataUrl = `data:text/markdown;base64,${planBase64}`;
        this.view?.webview.postMessage({
          type: "addPlanAttachment",
          payload: {
            id: `plan-${Date.now()}`,
            filename: `\uD83D\uDCCB Implementation Plan: ${planGoal}`,
            mimeType: "text/markdown",
            dataUrl,
          },
        });
    
        PlanViewProvider.closeCurrentPanel();
    
        // Fire and forget so the plan tab closes immediately and execution starts in chat.
        void this.handleSendMessage(
          proceedMessage,
          attachedFiles,
          undefined,
          undefined,
          "build",
          true,
        ).catch((err) => {
          const message = err instanceof Error ? err.message : String(err);
          vscode.window.showErrorMessage(`Failed to proceed with plan: ${message}`);
        });
      }
    
      private buildRecoveredTranscript(messages: unknown[]): string {
        if (!Array.isArray(messages) || messages.length === 0) {
          return "";
        }
    
        const maxChars = 24_000;
        const lines: string[] = [];
        let used = 0;
        const recent = messages.slice(-40);
    
        for (const msg of recent) {
          const rec = this.asRecord(msg);
          if (!rec) {
            continue;
          }
          const role =
            this.firstNonEmptyString(
              rec.role,
              rec.info && this.asRecord(rec.info)?.role,
            ) || "assistant";
          const content = this.extractMessageBodyText(rec);
          if (!content) {
            continue;
          }
          const line = `[${role}] ${content}`;
          if (used + line.length + 1 > maxChars) {
            break;
          }
          lines.push(line);
          used += line.length + 1;
        }
    
        return lines.join("\n");
      }
    
      /**
       * Helper: Get session settings
       * Retrieves session-specific settings (model, agent, thinking level)
       */
      private getSessionSettings(_sessionId: string): {
        selectedModel?: { modelID: string; providerID: string };
        selectedAgent?: string;
        thinkingLevel?: string;
      } {
        // This would be implemented to retrieve per-session settings
        // For now, return empty object
        return {};
      }
    
      /**
       * Helper: Apply session settings
       * Applies session-specific model, agent, and thinking level
       */
      private async applySessionSettings(sessionId: string): Promise<void> {
        return this.modelAndAgentManager.applySessionSettings(sessionId);
      }
    
      /**
       * Helper: Migrate session settings
       * Transfers settings from old session to new session
       */
      private migrateSessionSettings(
        oldSessionId: string,
        newSessionId: string
      ): void {
        const settings = this.getSessionSettings(oldSessionId);
        if (settings.selectedModel || settings.selectedAgent || settings.thinkingLevel) {
          // Save to new session using ModelAndAgentManager
          void this.persistSessionSettings(newSessionId, {
            providerID: settings.selectedModel?.providerID,
            modelID: settings.selectedModel?.modelID,
            agent: settings.selectedAgent,
            thinkingLevel: settings.thinkingLevel,
          });
        }
      }
    
      /**
       * Shows the skill installer modal in the webview
       */
      async showSkillInstaller(): Promise<void> {
        this.view?.webview.postMessage({
          type: "showSkillInstaller",
        });
      }
    
      /**
       * Opens the My Skills panel in the webview
       */
      async openMySkills(): Promise<void> {
        this.view?.webview.postMessage({
          type: "openMySkills",
        });
      }
    
      /**
       * Refreshes the skills list in the webview
       */
      async refreshSkills(): Promise<void> {
        // TEMPORARILY DISABLED: Don't load skills to avoid 700+ skills bottleneck
        this.logger.warn("⚠️ [PERF] Skills loading disabled temporarily");
        this.view?.webview.postMessage({
          type: "mySkills",
          skills: [], // Return empty array instead of loading all skills
        });
      }
    
      /**
       * Handles skill-related messages from the webview
       */
      private async handleSkillMessage(message: {
        type: string;
        [key: string]: unknown;
      }): Promise<void> {
        switch (message.type) {
          case "getMySkills": {
            // TEMPORARILY DISABLED: Don't load skills to avoid 700+ skills bottleneck
            this.logger.warn("⚠️ [PERF] getMySkills disabled temporarily");
            this.view?.webview.postMessage({ type: "mySkills", skills: [] });
            break;
          }
    
          case "installSkill": {
            const { source, data } = message;
            let result;
    
            if (source === "url") {
              result = await this.skillManager.installFromUrl(data as string, (progress) => {
                this.view?.webview.postMessage({ type: "installProgress", progress });
              });
            } else if (source === "file") {
              result = await this.skillManager.installFromFile(data as string);
            } else {
              result = { success: false, error: "Unknown installation source" };
            }
    
            if (result.success) {
              this.view?.webview.postMessage({ type: "skillInstalled", skill: result.skill });
            } else {
              this.view?.webview.postMessage({ type: "skillError", error: result.error });
            }
            break;
          }
    
          case "removeSkill": {
            const { name } = message;
            await this.skillManager.deleteSkill(name as string);
            this.view?.webview.postMessage({ type: "skillRemoved", name });
            break;
          }
    
          case "editSkill": {
            const { name, updates } = message;
            await this.skillManager.updateSkill(name as string, updates as any);
            const skill = await this.skillManager.getSkill(name as string);
            this.view?.webview.postMessage({ type: "skillInstalled", skill });
            break;
          }
    
          case "validateSkill": {
            const { skill } = message;
            const validation = this.skillManager.validateSkill(skill);
            if (!validation.valid) {
              this.view?.webview.postMessage({
                type: "skillError",
                error: "Validation failed",
                details: validation.errors,
              });
            }
            break;
          }
    
          default:
            this.logger.warn("Unknown skill message type:", { type: message.type });
        }
      }
    
      private async saveSessionRecoveryMap(
        previousSessionId: string,
        newSessionId: string,
      ): Promise<void> {
        if (
          !previousSessionId ||
          !newSessionId ||
          previousSessionId === newSessionId
        ) {
          return;
        }
        const existing =
          this.context.globalState.get<Record<string, string>>(
            "sessionRecoveryMap",
          ) ?? {};
        existing[previousSessionId] = newSessionId;
        await this.context.globalState.update("sessionRecoveryMap", existing);
      }
    
      /**
       * Handles viewing the implementation plan
       */
      /**
       * Handles opening the file picker
       */
      private async handleAttachFiles(): Promise<void> {
        const uris = await vscode.window.showOpenDialog({
          canSelectMany: true,
          openLabel: "Attach to Chat",
          filters: {
            "All Files": ["*"],
          },
        });
    
        if (uris && uris.length > 0) {
          // Convert URIs to relative paths or absolute paths for selection
          // For now, let's just send back the absolute paths as this is what the extension uses
          const files = uris.map((u) => u.fsPath);
    
          // We need a message type to receive these in the webview
          this.view?.webview.postMessage({
            type: "filesAttached",
            files,
          });
        }
      }
    
      private async handleAttachImage(): Promise<void> {
        const uris = await vscode.window.showOpenDialog({
          canSelectMany: true,
          openLabel: "Attach Images to Chat",
          filters: {
            Images: ["png", "jpg", "jpeg", "gif", "webp"],
          },
        });
    
        if (!uris || uris.length === 0) {
          return;
        }
    
        const images = [];
        for (const uri of uris) {
          try {
            const data = await vscode.workspace.fs.readFile(uri);
            const base64 = Buffer.from(data).toString("base64");
            const mimeType = this.getMimeType(uri.fsPath);
            images.push({
              dataUrl: `data:${mimeType};base64,${base64}`,
              filename: uri.fsPath.split(/[/\\]/).pop() || uri.fsPath,
              size: data.byteLength,
            });
          } catch (error) {
            log.error(`Failed to read image ${uri.fsPath}`, { uri: uri.fsPath }, error as Error);
          }
        }
    
        if (images.length > 0) {
          this.view?.webview.postMessage({
            type: "imagesAttached",
            images,
          });
        }
      }
    
      private getMimeType(filePath: string): string {
        const ext = filePath.split(".").pop()?.toLowerCase();
        const mimeMap: Record<string, string> = {
          png: "image/png",
          jpg: "image/jpeg",
          jpeg: "image/jpeg",
          gif: "image/gif",
          webp: "image/webp",
        };
        return mimeMap[ext || ""] || "image/png";
      }
    
      /**
       * Handles opening settings
       */
      private async handleOpenSettings(): Promise<void> {
        await vscode.commands.executeCommand(
          "workbench.action.openSettings",
          "@ext:OpenCode.opencode-vscode",
        );
      }
    
      /**
       * Handle mode toggle with logging
       */
      private async handleToggleMode(newMode: string): Promise<void> {
        const oldMode = this.currentMode;
        this.currentMode = newMode;
    
        // Only log the state change here, not in the message handler
        this.logger.logStateChange('current-mode', oldMode, newMode, 'mode-toggle');
    
        // Send mode update to webview
        this.view?.webview.postMessage({
          type: 'modeChanged',
          mode: newMode,
        });
      }
    
      /**
       * Refreshes the view with current state
       */
      private refreshView(): void {
        this.view?.webview.postMessage({
          type: "initState",
          serverStatus: this.serverManager.getStatus(),
          selectedModel: this.selectedModel,
          selectedAgent: this.selectedAgent,
          currentSessionId: this.currentSessionId,
          todoItems: this.loadPersistedTodos(this.currentSessionId).items,
        });
      }
    
      /**
       * Generates the HTML content for the webview
       */
      // FORBIDDEN TO REMOVE: React Chat Asset Contract - ensure <div id="root"> and chat.js/chat.css wiring remain intact
      private getHtmlContent(webview: vscode.Webview): string {
        const styleUri = webview.asWebviewUri(
          vscode.Uri.joinPath(
            this.context.extensionUri,
            "webview",
            "shared",
            "dist",
            "chat.css",
          ),
        );
        const scriptUri = webview.asWebviewUri(
          vscode.Uri.joinPath(
            this.context.extensionUri,
            "webview",
            "shared",
            "dist",
            "chat.js",
          ),
        );
    
        return `<!DOCTYPE html>
    <html lang="en">
    <head>
      <meta charset="UTF-8">
      <meta name="viewport" content="width=device-width, initial-scale=1.0">
      <meta http-equiv="Content-Security-Policy" content="default-src 'none'; img-src ${webview.cspSource} data: blob:; style-src ${webview.cspSource} 'unsafe-inline'; script-src ${webview.cspSource};">
      <link href="${styleUri}" rel="stylesheet">
      <title>OpenCode Chat</title>
    </head>
    <body>
      <div id="root"></div>
      <script type="module" src="${scriptUri}"></script>
    </body>
    </html>`;
      }
    
      /**
       * Handles file search requests from the webview
       */
      private async handleSearchFiles(query: string) {
        const flow = log.startFeatureFlow('FileSearch', { queryLength: query.length });
    
        if (!query) {
          log.endFeatureFlow(flow, { result: 'skipped', reason: 'Empty query' });
          this.view?.webview.postMessage({
            type: "fileSearchResults",
            results: [],
          });
          return;
        }
    
        try {
          log.featureStep(flow, 'searching_files', { query, maxResults: 20 });
          const startTime = Date.now();
    
          // Simple file search using VS Code API
          // Limit to 20 results for performance
          const files = await vscode.workspace.findFiles(
            `**/*${query}*`,
            "**/node_modules/**",
            20,
          );
    
          const duration = Date.now() - startTime;
          const results = files.map((f) => {
            const relativePath = vscode.workspace.asRelativePath(f);
            return {
              path: relativePath,
              name: relativePath.split(/[\\/]/).pop() || relativePath,
            };
          });
    
          log.featureStep(flow, 'search_completed', {
            resultCount: results.length,
            duration,
          });
    
          this.view?.webview.postMessage({
            type: "fileSearchResults",
            results: results,
          });
    
          log.endFeatureFlow(flow, { result: 'completed', resultCount: results.length, duration });
        } catch (error) {
          log.error('File search failed', { query }, error as Error);
          log.endFeatureFlow(flow, { result: 'failed', error: String(error) });
          this.view?.webview.postMessage({
            type: "fileSearchResults",
            results: [],
          });
        }
      }
    
      /**
       * Handles requests to get OpenCode configuration files
       */
      private async handleGetOpenCodeConfig(fileName?: string) {
        try {
          // Scan all JSON config files
          const configFiles = await this.configFilesProvider.scanFiles();
    
          // Determine which file to load
          let selectedFile: ConfigFile | undefined;
          if (fileName && configFiles.length > 0) {
            // Load specific file if requested
            selectedFile = configFiles.find(f => f.name === fileName || f.path === fileName);
          } else if (configFiles.length > 0) {
            // Default to first file (alphabetically sorted)
            selectedFile = configFiles[0];
          }
    
          if (!selectedFile) {
            // No config files found - send empty state with available files list
            this.view?.webview.postMessage({
              type: "opencodeConfigFiles",
              files: configFiles.map(f => ({
                name: f.name,
                path: f.path,
                lastModified: f.lastModified,
                size: f.size,
              })),
              currentFile: null,
            });
            return;
          }
    
          // Send config data with files list
          this.view?.webview.postMessage({
            type: "opencodeConfig",
            content: selectedFile.content,
            filePath: selectedFile.path,
            fileName: selectedFile.name,
            files: configFiles.map(f => ({
              name: f.name,
              path: f.path,
              lastModified: f.lastModified,
              size: f.size,
            })),
          });
        } catch (error) {
          this.logger.error("Failed to load OpenCode config", undefined, error instanceof Error ? error : new Error(String(error)));
          this.view?.webview.postMessage({
            type: "opencodeConfigError",
            error: error instanceof Error ? error.message : "Failed to load configuration",
          });
        }
      }
    
      /**
       * Handles requests to save OpenCode configuration
       */
      private async handleSaveOpenCodeConfig(content: string, filePath?: string) {
        const flow = log.startFeatureFlow('SaveConfig', { filePath, contentLength: content.length });
    
        try {
          if (!filePath) {
            log.endFeatureFlow(flow, { result: 'failed', reason: 'No file path provided' });
            throw new Error("File path is required for saving configuration");
          }
    
          log.featureStep(flow, 'saving_config_file', { filePath, contentLength: content.length });
          const result = await this.configFilesProvider.saveFile(filePath, content);
    
          this.view?.webview.postMessage({
            type: "opencodeConfigSaved",
            success: result.success,
            error: result.error,
            filePath,
          });
    
          if (result.success) {
            this.logger.info(`OpenCode config saved: ${filePath}`);
            log.endFeatureFlow(flow, { result: 'completed', filePath });
          } else {
            log.endFeatureFlow(flow, { result: 'failed', error: result.error });
          }
        } catch (error) {
          this.logger.error("Failed to save OpenCode config", undefined, error instanceof Error ? error : new Error(String(error)));
          log.endFeatureFlow(flow, { result: 'failed', error: String(error) });
          this.view?.webview.postMessage({
            type: "opencodeConfigSaved",
            success: false,
            error: error instanceof Error ? error.message : "Failed to save configuration",
            filePath,
          });
        }
      }
    
      /**
       * Reconciles the selected model against the fetched model catalog.
       *
       * Matching priority:
       * 1) exact providerID + modelID
       * 2) legacy fallback by modelID only when provider is missing/generic and match is unique
       *
       * We intentionally do NOT remap by modelID alone when multiple providers expose the same model.
       */
      /**
       * Resolves the default model from the CLI config
       */
      /**
       * Handles fetching available models from OpenCode
       */
      /**
       * Fetches slash commands from OpenCode SDK and sends them to the webview.
       * Uses a short-lived cache because commands are mostly static during a session.
       */
      /**
       * Handles fetching available agents via the OpenCode SDK and sends the list
       * to the webview. Falls back to a minimal built-in list if the server is
       * unavailable.
       */
      // ─── Per-session settings helpers ────────────────────────────────────────
    
      /** Returns the full persisted map of all session settings. */
      /**
       * Returns the persisted settings for a specific session.
       * Returns an empty object when no settings have been saved yet.
       */
      /**
       * Merges `partial` into the persisted settings for `sessionId` and saves
       * the updated map back to global state.
       */
      /**
       * Loads the persisted settings for `sessionId` and applies them to the
       * provider's in-memory state (`selectedAgent`, `selectedModel`).
       * Fields that have no saved value are left unchanged.
       */
      /**
       * Fetches MCP server status from the OpenCode SDK and forwards it to the
       * webview. The webview dispatches `SET_MCP_SERVERS` from the `mcpStatus`
       * message. Tool IDs are fetched in parallel so each server row can show its
       * list of tools when the user expands it.
       */
      private async handleGetMcpStatus(): Promise<void> {
        const flow = log.startFeatureFlow('GetMcpStatus', {});
    
        try {
          log.featureStep(flow, 'fetching_mcp_status');
          const client = await this.serverManager.ensureRunning();
    
          log.featureStep(flow, 'fetching_mcp_and_tool_data');
          const [mcpRes, toolIdsRes] = await Promise.all([
            client.mcp.status(),
            client.tool.ids().catch(() => ({ data: [] })),
          ]);
    
          const servers = mcpRes.data ?? {};
          const toolIds: string[] = Array.isArray(toolIdsRes?.data)
            ? toolIdsRes.data
            : [];
    
          log.featureStep(flow, 'sending_status_to_webview', {
            serverCount: Object.keys(servers).length,
            toolCount: toolIds.length,
          });
    
          this.view?.webview.postMessage({
            type: "mcpStatus",
            servers,
            toolIds,
          });
    
          log.info(
            `MCP status sent: ${Object.keys(servers).length} server(s), ${toolIds.length} tool(s)`,
          );
    
          log.endFeatureFlow(flow, { result: 'completed', serverCount: Object.keys(servers).length, toolCount: toolIds.length });
        } catch (err) {
          log.error(
            "handleGetMcpStatus failed",
            {},
            err instanceof Error ? err : undefined,
          );
          log.endFeatureFlow(flow, { result: 'failed', error: String(err) });
        }
      }
    
      /**
       * Fetches LSP server status from the OpenCode SDK and forwards it to the
       * webview. The webview dispatches `SET_LSP_SERVERS` from the `lspStatus`
       * message.
       */
      private async handleGetLspStatus(): Promise<void> {
        const flow = log.startFeatureFlow('GetLspStatus', {});
    
        try {
          log.featureStep(flow, 'fetching_server_status');
          const client = await this.serverManager.ensureRunning();
          const workspaceDir = this.getWorkspaceDirectory();
    
          log.featureStep(flow, 'fetching_lsp_status', { workspaceDir });
          // Pass directory parameter to LSP status endpoint so the server
          // can detect language servers for the current workspace
          const res = workspaceDir
            // eslint-disable-next-line @typescript-eslint/no-explicit-any
            ? await client.lsp.status({ directory: workspaceDir } as any)
            : await client.lsp.status();
    
          const servers = Array.isArray(res.data) ? res.data : [];
    
          log.featureStep(flow, 'sending_status_to_webview', { serverCount: servers.length });
          this.view?.webview.postMessage({
            type: "lspStatus",
            servers,
          });
    
          log.info(
            `LSP status sent: ${servers.length} server(s)` +
            (workspaceDir ? ` for workspace: ${workspaceDir}` : ""),
          );
    
          log.endFeatureFlow(flow, { result: 'completed', serverCount: servers.length });
        } catch (err) {
          log.error(
            "handleGetLspStatus failed",
            {},
            err instanceof Error ? err : undefined,
          );
          log.endFeatureFlow(flow, { result: 'failed', error: String(err) });
        }
      }
    
      /**
       * Ensures a default primary agent is selected for the current session.
       * Falls back to "build" (the built-in default primary agent) if nothing
       * has been persisted.
       */
      private async syncCLIAgents(): Promise<void> {
        if (!this.selectedAgent) {
          this.selectedAgent = "build";
          log.info("No agent set, defaulting to 'build'");
        }
      }
    
      private async handleReviewChanges() {
        try {
          const workspaceFolder = vscode.workspace.workspaceFolders?.[0];
          if (!workspaceFolder) {
            await vscode.commands.executeCommand("workbench.view.scm");
            return;
          }
    
          const cwd = workspaceFolder.uri.fsPath;
          const runGit = (...args: string[]): Promise<string> =>
            new Promise((resolve, reject) => {
              cp.execFile(
                "git",
                args,
                { cwd, maxBuffer: 10 * 1024 * 1024 },
                (err, stdout) => {
                  if (err && err.code !== 1) {
                    reject(err);
                  } else {
                    resolve(stdout);
                  }
                },
              );
            });
    
          const diffOutput = await runGit("diff", "HEAD");
    
          // Include untracked files as pseudo-diffs
          const untrackedFilesOutput = await runGit(
            "ls-files",
            "--others",
            "--exclude-standard",
          );
          const untrackedFiles = untrackedFilesOutput
            .split("\n")
            .filter((f) => f.trim());
    
          let allDiffs = diffOutput;
          for (const file of untrackedFiles) {
            try {
              const fileUri = vscode.Uri.file(path.join(cwd, String(file)));
              const content = await vscode.workspace.fs.readFile(fileUri);
              const text = new TextDecoder().decode(content);
              const lines = text.split("\n");
              const pseudoDiff = [
                `--- /dev/null`,
                `+++ b/${file.replace(/\\/g, "/")}`,
                `@@ -0,0 +1,${lines.length} @@`,
                ...lines.map((l) => `+${l}`),
                "",
              ].join("\n");
              allDiffs += (allDiffs ? "\n" : "") + pseudoDiff;
            } catch (e: any) {
              log.warn(
                `Failed to read untracked file ${String(file)}: ${e instanceof Error ? e.message : String(e)}`,
                { file: String(file) },
              );
            }
          }
    
          if (allDiffs) {
            const diffFiles = this.parseUnifiedDiff(allDiffs);
            if (diffFiles.length > 0) {
              await vscode.commands.executeCommand("opencode.showDiffReview", {
                files: diffFiles,
              });
              return;
            }
          }
    
          // Fallback to SCM view if no diffs found
          await vscode.commands.executeCommand("workbench.view.scm");
        } catch (error: any) {
          vscode.window.showErrorMessage(
            `Failed to open changes: ${error.message}`,
          );
        }
      }
    
      private buildDiffExcerpt(diffOutput: string): {
        header?: string;
        lines: string[];
        added?: number;
        deleted?: number;
      } | undefined {
        const diffFiles = this.parseUnifiedDiff(diffOutput);
        if (diffFiles.length === 0) {
          return undefined;
        }
        const firstFile = diffFiles[0];
        const firstHunk = Array.isArray(firstFile.hunks) ? firstFile.hunks[0] : undefined;
        if (!firstHunk || !Array.isArray(firstHunk.lines) || firstHunk.lines.length === 0) {
          return undefined;
        }
        return {
          header: typeof firstHunk.header === "string" ? firstHunk.header : undefined,
          lines: firstHunk.lines.slice(0, 40).map((line: unknown) =>
            typeof line === "string" ? line.slice(0, 300) : "",
          ),
          added:
            typeof firstFile.added === "number" && Number.isFinite(firstFile.added)
              ? firstFile.added
              : undefined,
          deleted:
            typeof firstFile.deleted === "number" && Number.isFinite(firstFile.deleted)
              ? firstFile.deleted
              : undefined,
        };
      }
    
      private async getDiffActivityEnrichment(
        filePath: string,
      ): Promise<
        | {
          diffStats?: { added: number; deleted: number };
          diffExcerpt?: { header?: string; lines: string[]; added?: number; deleted?: number };
        }
        | undefined
      > {
        try {
          const workspaceFolder = vscode.workspace.workspaceFolders?.[0];
          if (!workspaceFolder) return undefined;
    
          const fullPath = path.isAbsolute(filePath)
            ? filePath
            : path.join(workspaceFolder.uri.fsPath, filePath);
          const cwd = workspaceFolder.uri.fsPath;
    
          const runGit = (...args: string[]): Promise<string> =>
            new Promise((resolve, reject) => {
              cp.execFile(
                "git",
                args,
                { cwd, maxBuffer: 10 * 1024 * 1024 },
                (err, stdout) => {
                  if (err && err.code !== 1) {
                    reject(err);
                  } else {
                    resolve(stdout);
                  }
                },
              );
            });
    
          let diffOutput = "";
          try {
            diffOutput = await runGit("diff", "HEAD", "--", fullPath);
            if (!diffOutput) {
              diffOutput = await runGit("diff", "--cached", "--", fullPath);
            }
            if (!diffOutput) {
              // New file fallback
              try {
                const fileUri = vscode.Uri.file(fullPath);
                const content = await vscode.workspace.fs.readFile(fileUri);
                const text = new TextDecoder().decode(content);
                const lines = text.split("\n");
                return {
                  diffStats: { added: lines.length, deleted: 0 },
                  diffExcerpt: {
                    header: `@@ -0,0 +1,${lines.length} @@`,
                    lines: lines.slice(0, 40).map((line) => `+${line.slice(0, 299)}`),
                    added: lines.length,
                    deleted: 0,
                  },
                };
              } catch {
                return undefined;
              }
            }
          } catch {
            return undefined;
          }
    
          if (diffOutput) {
            const diffFiles = this.parseUnifiedDiff(diffOutput);
            if (diffFiles.length > 0 && diffFiles[0]) {
              return {
                diffStats: {
                  added: diffFiles[0].added,
                  deleted: diffFiles[0].deleted,
                },
                diffExcerpt: this.buildDiffExcerpt(diffOutput),
              };
            }
          }
          return undefined;
        } catch (error) {
          log.error("getDiffActivityEnrichment error", {}, error as Error);
          return undefined;
        }
      }
    
      private async handleOpenDiff(filePath: string) {
        try {
          const workspaceFolder = vscode.workspace.workspaceFolders?.[0];
          if (!workspaceFolder) return;
    
          const fullPath = path.isAbsolute(filePath)
            ? filePath
            : path.join(workspaceFolder.uri.fsPath, filePath);
          const fileUri = vscode.Uri.file(fullPath);
          const cwd = workspaceFolder.uri.fsPath;
    
          const runGit = (...args: string[]): Promise<string> =>
            new Promise((resolve, reject) => {
              cp.execFile(
                "git",
                args,
                { cwd, maxBuffer: 10 * 1024 * 1024 },
                (err, stdout) => {
                  // exit code 1 from git diff means there are changes (not an error)
                  if (err && err.code !== 1) {
                    reject(err);
                  } else {
                    resolve(stdout);
                  }
                },
              );
            });
    
          let diffOutput = "";
          try {
            // Try HEAD diff first (tracked modified file)
            diffOutput = await runGit("diff", "HEAD", "--", fullPath);
            if (!diffOutput) {
              // Maybe the file is staged but not committed — try staged diff
              diffOutput = await runGit("diff", "--cached", "--", fullPath);
            }
            if (!diffOutput) {
              // New untracked file: generate a pseudo-diff showing full content as additions
              const content = await vscode.workspace.fs.readFile(fileUri);
              const text = new TextDecoder().decode(content);
              const lines = text.split("\n");
              diffOutput = [
                `--- /dev/null`,
                `+++ b/${filePath.replace(/\\/g, "/")}`,
                `@@ -0,0 +1,${lines.length} @@`,
                ...lines.map((l) => `+${l}`),
              ].join("\n");
            }
          } catch (e) {
            log.warn(`git diff failed: ${e instanceof Error ? e.message : String(e)}`, {});
          }
    
          if (diffOutput) {
            const diffFiles = this.parseUnifiedDiff(diffOutput);
            if (diffFiles.length > 0) {
              await vscode.commands.executeCommand("opencode.showDiffReview", {
                files: diffFiles,
              });
              return;
            }
          }
    
          // Absolute fallback: open the file normally
          await vscode.commands.executeCommand("vscode.open", fileUri);
        } catch (error: any) {
          vscode.window.showErrorMessage(`Failed to open diff: ${error.message}`);
        }
      }
    
      private parseUnifiedDiff(diff: string): any[] {
        const files: any[] = [];
        const lines = diff.split("\n");
        let currentFile: any = null;
        let currentHunk: any = null;
    
        for (const line of lines) {
          if (line.startsWith("--- ") || line.startsWith("+++ ")) {
            const isNew = line.startsWith("+++ ");
            const pathMatch = line.match(/^\+\+\+ (?:b\/)?(.*)$/);
            if (isNew && pathMatch) {
              if (currentFile) files.push(currentFile);
              currentFile = {
                path: pathMatch[1],
                added: 0,
                deleted: 0,
                hunks: [],
              };
            }
            continue;
          }
    
          if (line.startsWith("@@ ")) {
            if (!currentFile) continue;
            currentHunk = {
              header: line,
              lines: [],
            };
            currentFile.hunks.push(currentHunk);
            continue;
          }
    
          if (currentHunk) {
            if (line.startsWith("+")) {
              currentFile.added++;
              currentHunk.lines.push(line);
            } else if (line.startsWith("-")) {
              currentFile.deleted++;
              currentHunk.lines.push(line);
            } else if (line.startsWith(" ") || line === "") {
              currentHunk.lines.push(line);
            }
          }
        }
    
        if (currentFile) files.push(currentFile);
        return files;
      }
    
      /**
       * Handles opening a file in the editor
       */
      private async handleOpenFile(filePath: string) {
        try {
          const workspaceFolder = vscode.workspace.workspaceFolders?.[0];
          if (!workspaceFolder) return;
    
          const fullPath = path.isAbsolute(filePath)
            ? filePath
            : path.join(workspaceFolder.uri.fsPath, filePath);
          const fileUri = vscode.Uri.file(fullPath);
    
          await vscode.commands.executeCommand("vscode.open", fileUri);
        } catch (error: unknown) {
          const msg = error instanceof Error ? error.message : JSON.stringify(error);
          vscode.window.showErrorMessage(`Failed to open file: ${msg}`);
        }
      }
    
      // PROMPT-OWNERSHIP: do not modify — transport-only path
      /**
       * Removes a message from a session queue
       */
      /**
       * Clears the prompt queue for a given session
       */
      /**
       * Executes a session queue sequentially. Only one queue drain can run at a time.
       */
      /**
       * Sends the current budget status to the webview
       */
      private sendBudgetInfo() {
        try {
          // Get actual Copilot quota data from QuotaService
          const quotaData = this.quotaService.cachedData;
          const copilotPlatform = quotaData?.platforms?.find(
            (p) => p.platform === "github-copilot",
          );
    
          if (!copilotPlatform) {
            return;
          }
    
          // Extract data from Copilot quota
          const copilotQuota = copilotPlatform.quotas?.[0]; // "Premium" quota
          if (!copilotQuota) {
            return;
          }
    
          // Parse "usedTotalDisplay" which is in format "X / Y"
          const usedTotalMatch =
            copilotQuota.usedTotalDisplay?.match(/(\d+)\s*\/\s*(\d+)/);
          const totalUsed = usedTotalMatch ? parseInt(usedTotalMatch[1], 10) : 0;
          const monthlyQuota = usedTotalMatch
            ? parseInt(usedTotalMatch[2], 10)
            : 300;
    
          // Calculate daily allowance
          const today = new Date();
          const todayStr = today.toISOString().split("T")[0];
          const daysInMonth = new Date(
            today.getFullYear(),
            today.getMonth() + 1,
            0,
          ).getDate();
          const dayOfMonth = today.getDate();
          const dailyAllowance = Math.ceil(monthlyQuota / daysInMonth);
    
          // --- NEW ACCURATE USAGE CALCULATION ---
          // Get baseline for today. If none exists, this is the first time we're seeing
          // quota data today, so current totalUsed becomes the baseline.
          let baseline = this.budgeter.getBaselineForDate(todayStr);
          if (baseline === null) {
            this.budgeter.setBaselineForDate(todayStr, totalUsed);
            baseline = totalUsed;
          }
    
          // Today's usage is the difference between current total and morning's baseline
          const usedToday = Math.max(0, totalUsed - baseline);
          // --------------------------------------
    
          // Calculate accumulated budget up to today (days passed × daily allowance)
          const budgetSoFar = dayOfMonth * dailyAllowance;
    
          // Available today = (accumulated budget - baseline) - used today
          // Simplified: accumulated budget - totalUsed
          const availableToday = Math.max(0, budgetSoFar - totalUsed);
    
          const remainingToday = Math.max(0, dailyAllowance - usedToday);
    
          // Project monthly usage (current rate × days in month)
          const projectedMonthlyUsage =
            dayOfMonth > 0 ? Math.round((totalUsed / dayOfMonth) * daysInMonth) : 0;
    
          // Determine warning level
          let warningLevel: "ok" | "warning" | "critical" = "ok";
          if (remainingToday === 0) {
            warningLevel = "critical";
          } else if (remainingToday < dailyAllowance * 0.3) {
            warningLevel = "warning";
          }
    
          // Generate advice
          const advice: string[] = [];
          if (remainingToday === 0) {
            advice.push(
              "⚠️ You've used your available requests for today. Consider reducing usage to avoid running out this month.",
            );
          } else if (availableToday > dailyAllowance * 2) {
            advice.push(
              `💡 You have ${availableToday} requests available today (including ${availableToday - dailyAllowance
              } unused from previous days)!`,
            );
          } else if (projectedMonthlyUsage > monthlyQuota) {
            advice.push(
              `🚨 At your current rate, you'll exceed your monthly quota! Try to stay under ${dailyAllowance} requests/day.`,
            );
          } else if (warningLevel === "ok") {
            advice.push(
              `✅ You have ${remainingToday} requests available today. Base daily allowance: ${dailyAllowance}.`,
            );
          }
    
          const budgetInfo = {
            planName: copilotPlatform.accountLabel?.replace(/[()]/g, "") || "Pro",
            monthlyQuota: monthlyQuota,
            usedToday: usedToday,
            dailyAllowance: dailyAllowance,
            availableToday: availableToday,
            remainingToday: remainingToday,
            daysRemaining: daysInMonth - dayOfMonth + 1,
            projectedMonthlyUsage: projectedMonthlyUsage,
            warningLevel: warningLevel,
            advice: advice,
          };
    
          this.view?.webview.postMessage({
            type: "budgetInfo",
            data: budgetInfo,
          });
        } catch (error) {
          log.error("Failed to send budget info", {}, error as Error);
        }
      }
    
      /**
       * Sends the current queue state to the webview
       */
      public dispose(): void {
        if (this.unsubscribe) {
          this.unsubscribe();
          this.unsubscribe = undefined;
        }
        this.streamService.dispose();
        this.quotaService.dispose();
        this.fileThemeProcessor.unsubscribe(this);
        this.isBootstrappingWebview = false;
        this.hasInitializedWebview = false;
        this.sessionsListRequestVersion = 0;
        this.lastSessionsPayloadFingerprint = undefined;
        this.queueBySessionId.clear();
        this.view = undefined;
    
        // Clear any pending todo persistence timer
        if (this.todoPersistenceTimer) {
          clearTimeout(this.todoPersistenceTimer);
          this.todoPersistenceTimer = null;
        }
      }
    
      // --- File Icon Theme Sync Methods ---
    
      /**
       * Called when the file theme processor state changes.
       */
      public notify(state: FileThemeProcessorState): void {
        if (state === "ready") {
          this.sendThemeDataToWebview();
        }
      }
    
      /**
       * Generates and sends the file theme CSS to the webview.
       */
      private async sendThemeDataToWebview(): Promise<void> {
        if (!this.view) {
          return;
        }
    
        try {
          const themeData = this.fileThemeProcessor.getThemeData();
          if (!themeData.data || !themeData.themeId) {
            return;
          }
    
          const cssData = this.cssGenerator.getCss(
            themeData.data,
            themeData.themeId,
            this.view.webview,
          );
          const combinedCss = `${cssData.fontFaceCss}\n${cssData.iconCss}`;
          this.currentThemeCss = combinedCss;
    
          // Update localResourceRoots to include theme extension paths
          if (themeData.localResourceRoots.length > 0) {
            const roots = [
              this.context.extensionUri,
              ...themeData.localResourceRoots.map((root) => vscode.Uri.file(root)),
            ];
            this.view.webview.options = {
              ...this.view.webview.options,
              localResourceRoots: roots,
            };
          }
    
          await this.view.webview.postMessage({
            type: "injectThemeCss",
            css: combinedCss,
          });
          log.debug("Injected theme CSS into webview");
        } catch (error) {
          log.error(
            "Failed to send theme data to webview",
            {},
            error as Error,
          );
        }
      }
    }
    
    
    /* FILE: E:\Projects\vscode-opencode\src\providers\chat\DiagnosticsLogger.ts */
    
    /**
     * DiagnosticsLogger Module
     *
     * Handles all debug logging, render-parity tracing, debug file I/O,
     * and AI diagnostic snapshots.
     *
     * Extracted from ChatViewProvider.ts lines 4586-5090
     */
    
    import * as vscode from "vscode";
    import * as path from "path";
    import * as fs from "fs/promises";
    import * as os from "os";
    import { createLogger } from "../../utils/Logger";
    
    export class DiagnosticsLogger {
      private renderParityLogWriteChain: Promise<void> = Promise.resolve();
      private renderParityDebugFilePath?: string;
      private didLogRenderParityFilePath = false;
      private readonly promptDebugBySession = new Map<string, Record<string, unknown>>();
    
      constructor(
        private logger: ReturnType<typeof createLogger>,
        private asRecord: (value: unknown) => Record<string, unknown> | undefined,
        private firstNonEmptyString: (...values: unknown[]) => string | undefined,
        private extractMessageBodyText: (message: any) => string,
        private historyMessageCreatedAt: (message: any) => number | undefined,
        private extractHistoryMessageId: (message: any) => string | undefined,
        private isRenderableHistoryMessage: (message: any) => boolean,
        private historyMessageFingerprint: (message: any) => string | undefined,
      ) { }
    
      /**
       * Log diagnostics for stream events
       */
      logStreamEventDiagnostics(event: any, enrichedEvent?: any): void {
        const eventType = typeof event?.type === "string" ? event.type : "unknown";
        const properties = this.asRecord(event?.properties) || {};
        const part = this.asRecord(properties?.part);
        const info = this.asRecord(properties?.info);
    
        const sessionID =
          this.firstNonEmptyString(
            properties?.sessionID,
            properties?.sessionId,
            part?.sessionID,
            part?.sessionId,
            info?.sessionID,
            info?.sessionId,
          ) || undefined;
        const messageID =
          this.firstNonEmptyString(
            properties?.messageID,
            properties?.messageId,
            part?.messageID,
            part?.messageId,
            info?.id,
          ) || undefined;
    
        const structured = this.asRecord(enrichedEvent?.structured);
        const structuredOutput = this.asRecord(enrichedEvent?.structuredOutput);
        const partPreview =
          this.firstNonEmptyString(
            part?.delta,
            part?.text,
            part?.content,
            part?.reasoning,
            part?.thought,
            part?.thinking,
          ) || undefined;
        const eventPreview =
          this.firstNonEmptyString(
            event?.delta,
            event?.text,
            event?.content,
            event?.reasoning,
          ) || undefined;
        const preview = partPreview || eventPreview;
        const summary: Record<string, unknown> = {
          type: eventType,
          source: this.firstNonEmptyString(event?.source),
          directory: this.firstNonEmptyString(event?.directory),
          sessionID,
          messageID,
          partType: this.firstNonEmptyString(part?.type),
          hasProperties: Object.keys(properties).length > 0,
          structuredKind: this.firstNonEmptyString(structured?.kind),
          structuredResponseType: this.firstNonEmptyString(
            structuredOutput?.responseType,
          ),
          hasStructuredOutput: Boolean(structuredOutput),
          preview: preview ? preview.slice(0, 180) : undefined,
          previewLength: preview?.length,
        };
    
        if (eventType === "server.heartbeat") {
          if (this.shouldVerboseStreamDebug()) {
            this.logger.debug("Stream heartbeat", summary);
          }
          return;
        }
    
        const shouldLogInfo =
          eventType === "message.updated" ||
          eventType === "message.completed" ||
          eventType === "session.completed";
        // Removed render-parity.ndjson file writing to prevent tool call creation
        // const shouldPersistFile =
        //   shouldLogInfo ||
        //   eventType === "message.part.updated" ||
        //   eventType === "message.part.added" ||
        //   eventType === "message.part.created";
        // if (shouldPersistFile) {
        //   this.appendRenderParityDebugLog("stream", summary);
        // }
        if (this.shouldVerboseStreamDebug()) {
          this.logger.debug("Stream event received", summary);
          return;
        }
        if (shouldLogInfo) {
          this.logger.info("Render parity stream snapshot", summary);
        }
      }
    
      /**
       * Summarize a render message for debugging
       */
      summarizeRenderMessageForDebug(
        message: any,
        index: number,
      ): Record<string, unknown> {
        const info = this.asRecord(message?.info);
        const structured = this.asRecord(
          message?.structuredOutput ??
          message?.structured_output ??
          info?.structuredOutput ??
          info?.structured,
        );
        const content =
          this.firstNonEmptyString(
            message?.content,
            message?.text,
            this.extractMessageBodyText(message),
          ) || "";
        const createdAt = this.historyMessageCreatedAt(message);
        const id = this.extractHistoryMessageId(message);
        const responseType = this.firstNonEmptyString(
          structured?.responseType,
        )?.toLowerCase();
    
        // Create a compact, debug-friendly summary
        const role =
          this.firstNonEmptyString(message?.role, info?.role) || "unknown";
        const partCount = Array.isArray(message?.parts) ? message.parts.length : 0;
        const interactiveCount = Array.isArray(message?.interactiveEvents)
          ? message.interactiveEvents.length
          : 0;
    
        // Build a compact type string showing message type
        let typeStr = role;
        if (responseType && responseType !== 'message') {
          typeStr += `/${responseType}`;
        }
        if (interactiveCount > 0) {
          typeStr += ` [+${interactiveCount} interactive]`;
        } else if (partCount > 0) {
          typeStr += ` [+${partCount} parts]`;
        }
    
        return {
          i: index, // Compact: index
          id: id ? id.slice(-8) : 'no-id', // Compact: last 8 chars of ID
          type: typeStr, // Compact: role + type info combined
          len: content.length, // Compact: content length
          renderable: this.isRenderableHistoryMessage(message) ? '✓' : '✗', // Compact: checkmark
          preview: content ? content.slice(0, 80) + (content.length > 80 ? '...' : '') : '', // Compact: shorter preview
        };
      }
    
      /**
       * Get a compact one-line string representation for quick log scanning
       */
      summarizeRenderMessageCompact(message: any, index: number): string {
        const summary = this.summarizeRenderMessageForDebug(message, index);
        const { i, id, type, len, renderable, preview } = summary as any;
        const previewStr = preview ? `"${preview}"` : '';
        return `[${i}] ${id} ${type} ${len} chars ${renderable} ${previewStr}`.trim();
      }
    
      /**
       * Log history render diagnostics
       */
      logHistoryRenderDiagnostics(
        source: string,
        sessionId: string | undefined,
        rawMessages: any[],
        processedMessages: any[],
      ): void {
        const rawTail = rawMessages.slice(-20);
        const processedTail = processedMessages.slice(-20);
        const rawSummary = rawTail.map((message, index) =>
          this.summarizeRenderMessageForDebug(
            message,
            rawMessages.length - rawTail.length + index,
          ),
        );
        const processedSummary = processedTail.map((message, index) =>
          this.summarizeRenderMessageForDebug(
            message,
            processedMessages.length - processedTail.length + index,
          ),
        );
    
        const rawIds = new Set(
          rawSummary
            .map((item) => this.firstNonEmptyString(item.id))
            .filter((value): value is string => Boolean(value)),
        );
        const processedIds = new Set(
          processedSummary
            .map((item) => this.firstNonEmptyString(item.id))
            .filter((value): value is string => Boolean(value)),
        );
        const missingProcessedIds = Array.from(rawIds).filter(
          (id) => !processedIds.has(id),
        );
    
        // Generate compact log lines for easier debugging
        const rawCompact = rawTail.map((msg, i) =>
          this.summarizeRenderMessageCompact(msg, rawMessages.length - rawTail.length + i)
        );
        const processedCompact = processedTail.map((msg, i) =>
          this.summarizeRenderMessageCompact(msg, processedMessages.length - processedTail.length + i)
        );
    
        const summaryContext: Record<string, unknown> = {
          source,
          sessionId,
          stats: `${rawMessages.length} raw → ${processedMessages.length} processed (${rawMessages.length - processedMessages.length} dropped)`,
          missing: missingProcessedIds.length > 0 ? missingProcessedIds.map(id => id.slice(-8)).join(', ') : 'none',
          rawTail: rawCompact,
          processedTail: processedCompact,
        };
    
        // Disabled render-parity.ndjson file writing to prevent tool call creation
        // this.appendRenderParityDebugLog("history", {
        //   ...summaryContext,
        //   rawTailVerbose: rawSummary,
        //   processedTailVerbose: processedSummary,
        // });
    
        this.logger.info("History render parity", summaryContext);
    
        if (this.shouldVerboseStreamDebug()) {
          this.logger.debug("History raw tail (verbose)", {
            source,
            sessionId,
            items: rawSummary,
          });
          this.logger.debug("History processed tail (verbose)", {
            source,
            sessionId,
            items: processedSummary,
          });
        }
      }
    
      /**
       * Log prompt response diagnostics
       */
      logPromptResponseDiagnostics(
        sessionId: string,
        responseData: any,
      ): void {
        if (!this.shouldVerboseStreamDebug()) {
          return;
        }
    
        if (!responseData || typeof responseData !== "object") {
          return;
        }
    
        const info = this.asRecord(responseData.info);
        const messageId = this.firstNonEmptyString(info?.id, responseData.id);
        const parts = Array.isArray(responseData.parts) ? responseData.parts : [];
    
        this.logger.debug("Final response diagnostics", {
          sessionId,
          messageId,
          partCount: parts.length,
          partTypes: parts.map((part: any) =>
            typeof part?.type === "string" ? part.type : "unknown",
          ),
          role: this.firstNonEmptyString(info?.role, responseData.role),
          modelID: this.firstNonEmptyString(info?.modelID, responseData.modelID),
          providerID: this.firstNonEmptyString(
            info?.providerID,
            responseData.providerID,
          ),
        });
    
        parts.forEach((part: any, index: number) => {
          const partRec = this.asRecord(part) || {};
          const preview = this.firstNonEmptyString(
            partRec.delta,
            partRec.text,
            partRec.content,
            partRec.reasoning,
            partRec.message,
          );
          this.logger.debug("Final response part", {
            sessionId,
            messageId,
            index,
            type: this.firstNonEmptyString(partRec.type) || "unknown",
            preview:
              typeof preview === "string" ? preview.slice(0, 220) : undefined,
          });
        });
      }
    
      /**
       * Sanitize debug payload for logging
       */
      sanitizeDebugPayload(value: unknown): unknown {
        const maxDepth = 6;
        const maxArrayItems = 30;
        const maxObjectKeys = 80;
        const maxStringLength = 4000;
        const seen = new WeakSet<object>();
    
        const walk = (input: unknown, depth: number): unknown => {
          if (input === null || typeof input === "boolean" || typeof input === "number") {
            return input;
          }
          if (typeof input === "string") {
            if (input.startsWith("data:")) {
              return `<data-url omitted; length=${input.length}>`;
            }
            if (input.length > maxStringLength) {
              const truncatedBy = input.length - maxStringLength;
              return `${input.slice(0, maxStringLength)} ...<truncated ${truncatedBy} chars>`;
            }
            return input;
          }
          if (typeof input === "bigint") {
            return input.toString();
          }
          if (typeof input === "undefined") {
            return undefined;
          }
          if (typeof input === "function") {
            return "<function>";
          }
          if (typeof input !== "object") {
            return String(input);
          }
    
          if (seen.has(input as object)) {
            return "<circular>";
          }
          seen.add(input as object);
    
          if (depth >= maxDepth) {
            return "<max-depth>";
          }
    
          if (Array.isArray(input)) {
            const items = input
              .slice(0, maxArrayItems)
              .map((item) => walk(item, depth + 1));
            if (input.length > maxArrayItems) {
              items.push(
                `<truncated array; omitted ${input.length - maxArrayItems} item(s)>`,
              );
            }
            return items;
          }
    
          const rec = this.asRecord(input) || {};
          const entries = Object.entries(rec).slice(0, maxObjectKeys);
          const out: Record<string, unknown> = {};
          entries.forEach(([key, val]) => {
            const next = walk(val, depth + 1);
            if (typeof next !== "undefined") {
              out[key] = next;
            }
          });
          if (Object.keys(rec).length > maxObjectKeys) {
            out.__truncatedKeys = `<omitted ${Object.keys(rec).length - maxObjectKeys} key(s)>`;
          }
          return out;
        };
    
        return walk(value, 0);
      }
    
      /**
       * Build raw response debug text
       */
      buildRawResponseDebugText(value: unknown): string {
        const maxChars = 30000;
        let text: string;
        try {
          text = JSON.stringify(this.sanitizeDebugPayload(value), null, 2);
        } catch {
          try {
            text = String(value);
          } catch {
            text = "<unserializable response payload>";
          }
        }
        if (!text) {
          return "";
        }
        if (text.length <= maxChars) {
          return text;
        }
        return `${text.slice(0, maxChars)}\n...<truncated ${text.length - maxChars} chars>`;
      }
    
      /**
       * Get the debug file path
       */
      getDebugFilePath(): string | undefined {
        const workspaceFolder = vscode.workspace.workspaceFolders?.[0];
        if (!workspaceFolder || workspaceFolder.uri.scheme !== "file") {
          return undefined;
        }
        return path.join(
          workspaceFolder.uri.fsPath,
          ".opencode-debug",
          "last-ai-exchange.json",
        );
      }
    
      /**
       * Get the render parity debug file path
       */
      getRenderParityDebugFilePath(): string {
        if (this.renderParityDebugFilePath) {
          return this.renderParityDebugFilePath;
        }
    
        const workspaceFolder = vscode.workspace.workspaceFolders?.[0];
        if (workspaceFolder?.uri.scheme === "file") {
          this.renderParityDebugFilePath = path.join(
            workspaceFolder.uri.fsPath,
            ".opencode-debug",
            "render-parity.ndjson",
          );
          return this.renderParityDebugFilePath;
        }
    
        this.renderParityDebugFilePath = path.join(
          os.tmpdir(),
          "opencode-debug",
          "render-parity.ndjson",
        );
        return this.renderParityDebugFilePath;
      }
    
      /**
       * Append render parity debug log
       */
      appendRenderParityDebugLog(
        channel: "stream" | "history",
        payload: Record<string, unknown>,
      ): void {
        const filePath = this.getRenderParityDebugFilePath();
        const entry = {
          timestamp: new Date().toISOString(),
          channel,
          ...payload,
        };
        const line = `${JSON.stringify(this.sanitizeDebugPayload(entry))}\n`;
    
        this.renderParityLogWriteChain = this.renderParityLogWriteChain
          .catch(() => undefined)
          .then(async () => {
            try {
              await vscode.workspace.fs.createDirectory(
                vscode.Uri.file(path.dirname(filePath)),
              );
              await fs.appendFile(filePath, line, "utf8");
              if (!this.didLogRenderParityFilePath) {
                this.didLogRenderParityFilePath = true;
                this.logger.info("Render parity debug file active", { filePath });
              }
            } catch (error) {
              if (this.shouldVerboseStreamDebug()) {
                this.logger.warn("Failed to append render parity debug log", {
                  filePath,
                  error: error instanceof Error ? error.message : String(error),
                });
              }
            }
          });
      }
    
      /**
       * Persist AI debug snapshot
       */
      async persistAiDebugSnapshot(
        snapshot: Record<string, unknown>,
      ): Promise<void> {
        try {
          const filePath = this.getDebugFilePath();
          if (!filePath) return;
    
          const dirPath = path.dirname(filePath);
          await vscode.workspace.fs.createDirectory(vscode.Uri.file(dirPath));
          await vscode.workspace.fs.writeFile(
            vscode.Uri.file(filePath),
            new TextEncoder().encode(`${JSON.stringify(snapshot, null, 2)}\n`),
          );
          this.logger.info("AI debug snapshot written", { filePath });
        } catch (error) {
          this.logger.warn("Failed to persist AI debug snapshot", {
            error: error instanceof Error ? error.message : String(error),
          });
        }
      }
    
      /**
       * Log prompt request payload
       */
      async logPromptRequestPayload(
        sessionId: string,
        promptBody: any,
        useStructuredOutput: boolean,
      ): Promise<void> {
        const requestRecord: Record<string, unknown> = {
          timestamp: new Date().toISOString(),
          sessionId,
          useStructuredOutput,
          prompt: this.sanitizeDebugPayload(promptBody),
        };
        this.promptDebugBySession.set(sessionId, requestRecord);
    
        this.logger.info("AI DEBUG request payload", {
          sessionId,
          useStructuredOutput,
          prompt: requestRecord.prompt,
        });
        this.logger.debug("AI DEBUG request payload", {
          sessionId,
          useStructuredOutput,
        });
        await this.persistAiDebugSnapshot({
          phase: "request",
          ...requestRecord,
        });
      }
    
      /**
       * Log prompt response payload
       */
      async logPromptResponsePayload(
        sessionId: string,
        response: any,
        durationSeconds: number,
        useStructuredOutput: boolean,
      ): Promise<void> {
        const requestRecord = this.promptDebugBySession.get(sessionId);
        const responseRecord: Record<string, unknown> = {
          timestamp: new Date().toISOString(),
          sessionId,
          useStructuredOutput,
          durationSeconds,
          status: response?.response?.status,
          hasData: Boolean(response?.data),
          hasError: Boolean(response?.error),
          error: this.sanitizeDebugPayload(response?.error),
          data: this.sanitizeDebugPayload(response?.data),
        };
    
        const combined: Record<string, unknown> = {
          phase: "response",
          request: requestRecord,
          response: responseRecord,
        };
        this.logger.info("AI DEBUG response payload", {
          sessionId,
          useStructuredOutput,
          status: responseRecord.status,
          hasData: responseRecord.hasData,
          hasError: responseRecord.hasError,
        });
        this.logger.debug("AI DEBUG response payload", {
          sessionId,
          useStructuredOutput,
          status: responseRecord.status,
          hasData: responseRecord.hasData,
          hasError: responseRecord.hasError,
        });
        await this.persistAiDebugSnapshot(combined);
        this.promptDebugBySession.delete(sessionId);
      }
    
      /**
       * Check if verbose stream debug is enabled
       */
      private shouldVerboseStreamDebug(): boolean {
        const level = vscode.workspace
          .getConfiguration("opencode.logging")
          .get<string>("level", "info");
        return typeof level === "string" && level.toLowerCase() === "debug";
      }
    }
    
    
    /* FILE: E:\Projects\vscode-opencode\src\providers\chat\StructuredOutputProcessor.ts */
    
    /**
     * StructuredOutputProcessor Module
     *
     * Handles all structured output parsing, normalization, validation,
     * and message enrichment.
     *
     * Extracted from ChatViewProvider.ts (~900 lines across multiple sections)
     */
    
    import type {
      StructuredAssistantOutput,
    } from "./types";
    import {
      structuredOutputSchema,
    } from "../../shared/structuredOutputSchema";
    import {
      sanitizeStructuredOutput,
      validateStructuredOutput,
    } from "../../shared/structuredOutputValidator";
    import { STRUCTURED_RESPONSE_TYPES } from "./types";
    import type { PlanManager } from "./PlanManager";
    import { PlanParser } from "../../services/PlanParser";
    
    export class StructuredOutputProcessor {
      private structuredOutputMode: "format" | "outputFormat" | "disabled" = "format";
      private readonly structuredValidationFailureCounters = new Map<string, number>();
      private readonly structuredOutputIncompatibleModelKeys = new Set<string>();
    
      constructor(
        private logger: ReturnType<typeof import("../../utils/Logger").createLogger>,
        private asRecord: (value: unknown) => Record<string, unknown> | undefined,
        private firstNonEmptyString: (...values: unknown[]) => string | undefined,
        private planManager: PlanManager,
      ) { }
    
      private persistPlan(
        content: string,
        preferredPath?: string,
      ): Promise<string | undefined> {
        return this.planManager.persistPlan(content, preferredPath);
      }
    
      /**
       * Get the structured output format for API requests
       */
      getStructuredOutputFormat(): Record<string, unknown> {
        const topLevel = structuredOutputSchema as unknown as Record<string, unknown>;
        const schemaRecord = this.asRecord(topLevel.schema);
        const properties = this.asRecord(schemaRecord?.properties) ?? {};
        const required = Array.isArray(schemaRecord?.required)
          ? (schemaRecord?.required as string[]).filter(
            (item) => typeof item === "string" && item.trim().length > 0,
          )
          : ["responseType"];
        const allOf = Array.isArray(schemaRecord?.allOf)
          ? schemaRecord.allOf
          : undefined;
    
        // Send a docs-style minimal JSON schema to maximize compatibility across providers.
        return {
          type: "json_schema",
          retryCount:
            typeof topLevel.retryCount === "number" ? topLevel.retryCount : 1,
          schema: {
            type: "object",
            properties,
            required,
            ...(allOf ? { allOf } : {}),
          },
        };
      }
    
      /**
       * Check if structured output should be used for the given model
       */
      shouldUseStructuredOutput(modelKey: string): boolean {
        if (this.structuredOutputMode === "disabled") {
          return false;
        }
        if (this.structuredOutputIncompatibleModelKeys.has(modelKey)) {
          return false;
        }
        return true;
      }
    
      /**
       * Get the structured output model key
       */
      getStructuredOutputModelKey(modelKey: string): string {
        if (this.structuredOutputMode === "outputFormat") {
          return modelKey;
        }
        return modelKey;
      }
    
      /**
       * Get the selected structured output model key
       */
      getSelectedStructuredOutputModelKey(): string | undefined {
        return undefined;
      }
    
      /**
       * Check if text is likely a tool call transcript
       */
      isLikelyToolCallTranscript(text: string): boolean {
        if (!text || typeof text !== "string") return false;
        const lower = text.toLowerCase().trim();
        if (lower.length < 50) return false;
    
        const toolCallIndicators = [
          "tool call",
          "tool_calls",
          "function call",
          "function_calls",
          "tooluse",
          "tool use",
          "tool result",
          "tool_output",
          "tool output",
        ];
    
        const hasToolCallPrefix = toolCallIndicators.some((indicator) =>
          lower.startsWith(indicator)
        );
    
        if (hasToolCallPrefix) return true;
    
        const hasJsonStructure =
          lower.includes("{") &&
          (lower.includes('"tool"') || lower.includes('"function"')) &&
          lower.includes('"name"');
    
        return hasJsonStructure;
      }
    
      /**
       * Normalize error candidate
       */
      normalizeErrorCandidate(value: unknown): string | undefined {
        if (typeof value === "string") {
          return value.trim();
        }
        const rec = this.asRecord(value);
        if (!rec) return undefined;
        return this.firstNonEmptyString(rec.message, rec.error, rec.detail);
      }
    
      /**
       * Check if message is a generic error message
       */
      isGenericErrorMessage(message: string): boolean {
        const genericPatterns = [
          "an error occurred",
          "something went wrong",
          "there was an error",
          "an error has occurred",
          "error processing your request",
          "unable to process",
          "failed to process",
        ];
        const lower = message.toLowerCase().trim();
        return genericPatterns.some((pattern) => lower.includes(pattern));
      }
    
      /**
       * Check if message is a structured output transport error
       */
      isStructuredOutputTransportError(message: string): boolean {
        const transportErrorPatterns = [
          "failed to parse structured output",
          "invalid structured output",
          "malformed structured output",
          "structured output validation failed",
          "unable to parse structured output",
        ];
        const lower = message.toLowerCase().trim();
        return transportErrorPatterns.some((pattern) => lower.includes(pattern));
      }
    
      /**
       * Check if message is a structured output failure message
       */
      isStructuredOutputFailureMessage(message: string): boolean {
        const failurePatterns = [
          "structured output failed",
          "failed to generate structured output",
          "could not produce structured output",
          "structured output error",
        ];
        const lower = message.toLowerCase().trim();
        return failurePatterns.some((pattern) => lower.includes(pattern));
      }
    
      /**
       * Check if message is likely an interactive await timeout error
       */
      isLikelyInteractiveAwaitTimeoutError(message: string): boolean {
        const timeoutPatterns = [
          "timeout",
          "timed out",
          "expired",
          "took too long",
          "exceeded time limit",
        ];
        const lower = message.toLowerCase().trim();
        return timeoutPatterns.some((pattern) => lower.includes(pattern));
      }
    
      /**
       * Check if stream payload has blocking interactive event
       */
      hasBlockingInteractiveInStreamPayload(event: unknown): boolean {
        const rec = this.asRecord(event);
        if (!rec) return false;
    
        const structured = this.asRecord(rec.structured);
        const structuredOutput = this.asRecord(rec.structuredOutput);
    
        const interactiveEvents =
          (Array.isArray(structured?.interactiveEvents)
            ? structured.interactiveEvents
            : undefined) ||
          (Array.isArray(structuredOutput?.interactiveEvents)
            ? structuredOutput.interactiveEvents
            : undefined);
    
        if (!interactiveEvents || interactiveEvents.length === 0) {
          return false;
        }
    
        const firstEvent = interactiveEvents[0];
        if (!firstEvent || typeof firstEvent !== "object") {
          return false;
        }
    
        const eventType = this.firstNonEmptyString(
          firstEvent.type,
          (firstEvent as Record<string, unknown>).question,
          (firstEvent as Record<string, unknown>).confirm,
        );
    
        return Boolean(eventType);
      }
    
      /**
       * Collect error message candidates from error object
       */
      collectErrorMessageCandidates(error: unknown): string[] {
        const candidates: string[] = [];
    
        if (!error) return candidates;
    
        const rec = this.asRecord(error);
        if (!rec) {
          if (typeof error === "string") {
            candidates.push(error);
          }
          return candidates;
        }
    
        const message = this.firstNonEmptyString(rec.message, rec.error);
        if (message) candidates.push(message);
    
        const details = rec.details;
        if (Array.isArray(details)) {
          for (const detail of details) {
            const msg = this.normalizeErrorCandidate(detail);
            if (msg) candidates.push(msg);
          }
        } else if (details) {
          const msg = this.normalizeErrorCandidate(details);
          if (msg) candidates.push(msg);
        }
    
        const response = this.asRecord(rec.response);
        if (response) {
          const responseMessage = this.firstNonEmptyString(
            response.message,
            response.error,
          );
          if (responseMessage) candidates.push(responseMessage);
        }
    
        return candidates;
      }
    
      /**
       * Extract error message from error object
       */
      extractErrorMessage(error: unknown, fallback: string): string {
        const candidates = this.collectErrorMessageCandidates(error);
        if (candidates.length === 0) return fallback;
        return candidates[0] || fallback;
      }
    
      /**
       * Collect normalized error messages
       */
      collectNormalizedErrorMessages(error: unknown): string[] {
        const candidates = this.collectErrorMessageCandidates(error);
        return candidates.filter((msg) => !this.isGenericErrorMessage(msg));
      }
    
      /**
       * Extract detailed error message
       */
      private extractDetailedErrorMessage(error: unknown, fallback: string): string {
        const normalized = this.collectNormalizedErrorMessages(error);
        if (normalized.length > 0) {
          const detailLines = normalized.map((detail) => `- ${detail}`);
          return `${fallback}\n\nDetails:\n${detailLines.join("\n")}`;
        }
        return this.extractErrorMessage(error, fallback);
      }
    
      /**
       * Check if part is a reasoning part
       */
      isReasoningPartLike(part: unknown): boolean {
        const rec = this.asRecord(part);
        if (!rec) return false;
        const type = this.firstNonEmptyString(rec.type);
        return Boolean(
          type &&
          (type.toLowerCase().includes("reasoning") ||
            type.toLowerCase().includes("thinking") ||
            typeof rec.reasoning !== "undefined" ||
            typeof rec.thought !== "undefined" ||
            typeof rec.thinking !== "undefined"),
        );
      }
    
      /**
       * Check if part is renderable text
       */
      isRenderableTextPart(part: unknown): boolean {
        const rec = this.asRecord(part);
        if (!rec) return false;
        const type = this.firstNonEmptyString(rec.type);
        if (!type) return true;
        return !this.isReasoningPartLike(part);
      }
    
      /**
       * Check if value is an interactive response type
       */
      isInteractiveResponseType(value: unknown): boolean {
        const str = String(value).toLowerCase().trim();
        return str === "question" || str === "interactive" || str === "confirm";
      }
    
      /**
       * Format question prompt for assistant
       */
      formatQuestionPromptForAssistant(question: string, options?: any[]): string {
        let prompt = `USER QUESTION: ${question}`;
    
        if (options && options.length > 0) {
          const optionsText = options
            .map((opt) => {
              const label = typeof opt === "string" ? opt : opt.label || opt.value || "";
              return `- ${label}`;
            })
            .join("\n");
          prompt += `\n\nOPTIONS:\n${optionsText}`;
        }
    
        return prompt;
      }
    
      /**
       * Derive question prompt from interactive payload
       */
      deriveQuestionPromptFromInteractivePayload(payload: {
        question: string;
        options?: any[];
      }): string {
        const { question, options } = payload;
        return this.formatQuestionPromptForAssistant(question, options);
      }
    
      /**
       * Check if body text is low value interactive text
       */
      isLowValueInteractiveBodyText(value: string): boolean {
        if (!value || typeof value !== "string") return false;
        const lower = value.toLowerCase().trim();
        const lowValuePhrases = [
          "please answer the question",
          "please select an option",
          "please choose",
          "please respond",
          "waiting for your response",
          "awaiting your input",
        ];
        return lowValuePhrases.some((phrase) => lower.includes(phrase));
      }
    
      /**
       * Check if content is a clarification questionnaire
       */
      isClarificationQuestionnaire(content: unknown): boolean {
        if (!content) return false;
        const rec = this.asRecord(content);
        if (!rec) return false;
    
        const interactiveEvents =
          (Array.isArray(rec.interactiveEvents) ? rec.interactiveEvents : undefined) ||
          (Array.isArray(rec.question) ? [{ type: "question", question: rec.question }] : undefined);
    
        if (!interactiveEvents || interactiveEvents.length === 0) {
          return false;
        }
    
        const hasQuestion = interactiveEvents.some(
          (event: any) => event.type === "question" || event.type === "confirm"
        );
    
        return hasQuestion;
      }
    
      /**
       * Extract message ID from message
       */
      extractMessageId(message: any): string | undefined {
        if (!message) return undefined;
        return this.firstNonEmptyString(
          message.id,
          message.messageId,
          message.message_id,
        );
      }
    
      /**
       * Check if message has structured subagent signal
       */
      hasStructuredSubagentSignal(messageRaw: unknown): boolean {
        const rec = this.asRecord(messageRaw);
        if (!rec) return false;
    
        const subagents = rec.subagents;
        if (Array.isArray(subagents) && subagents.length > 0) {
          return true;
        }
    
        const structured = this.asRecord(rec.structured);
        const structuredSubagents = structured?.subagents;
        if (Array.isArray(structuredSubagents) && structuredSubagents.length > 0) {
          return true;
        }
    
        return false;
      }
    
      /**
       * Normalize subagent status
       */
      normalizeSubagentStatus(status: unknown): string {
        if (!status) return "unknown";
        const str = String(status).toLowerCase().trim();
        const statusMap: Record<string, string> = {
          running: "running",
          active: "running",
          in_progress: "running",
          completed: "completed",
          done: "completed",
          finished: "completed",
          failed: "failed",
          error: "failed",
          cancelled: "cancelled",
          canceled: "cancelled",
          pending: "pending",
          queued: "pending",
        };
        return statusMap[str] || "unknown";
      }
    
      /**
       * Merge subagent entries
       */
      mergeSubagentEntries(
        existing: any[],
        updates: any[],
      ): any[] {
        const merged = [...existing];
        const existingById = new Map(
          existing
            .filter((subagent) => subagent?.id)
            .map((subagent) => [subagent.id, subagent])
        );
    
        for (const update of updates) {
          if (!update?.id) continue;
          const existingSubagent = existingById.get(update.id);
          if (existingSubagent) {
            const index = merged.indexOf(existingSubagent);
            if (index !== -1) {
              merged[index] = { ...existingSubagent, ...update };
            }
          } else {
            merged.push(update);
          }
        }
    
        return merged;
      }
    
      /**
       * Hydrate subagents from payload
       */
      hydrateSubagentsFromPayload(payload: {
        subagents?: any[];
        subagentsDelta?: any;
      }): any[] | undefined {
        const { subagents, subagentsDelta } = payload;
    
        if (!subagents && !subagentsDelta) {
          return undefined;
        }
    
        if (subagents && Array.isArray(subagents)) {
          return subagents;
        }
    
        if (subagentsDelta?.items && Array.isArray(subagentsDelta.items)) {
          return subagentsDelta.items;
        }
    
        return undefined;
      }
    
      /**
       * Resolve subagent payload session ID
       */
      resolveSubagentPayloadSessionId(payload: {
        sessionId?: string;
        childSessionId?: string;
      }): string | undefined {
        return this.firstNonEmptyString(
          payload.sessionId,
          payload.childSessionId,
        );
      }
    
      /**
       * Find latest subagent parent message ID for session
       */
      findLatestSubagentParentMessageIdForSession(
        sessionId: string,
        messages: any[],
      ): string | undefined {
        for (let i = messages.length - 1; i >= 0; i--) {
          const message = messages[i];
          if (!message) continue;
    
          const subagents = message.subagents;
          if (Array.isArray(subagents)) {
            for (const subagent of subagents) {
              if (subagent?.childSessionId === sessionId) {
                return this.extractMessageId(message);
              }
            }
          }
        }
        return undefined;
      }
    
      /**
       * Record structured validation failure
       */
      private recordStructuredValidationFailure(
        canonicalRec: Record<string, unknown>,
        errors: string[],
        diagnostics?: {
          source?: string;
          providerID?: string;
          modelID?: string;
        },
      ): void {
        const responseType = this.firstNonEmptyString(canonicalRec.responseType);
        if (!responseType) return;
    
        const providerID = diagnostics?.providerID || "unknown";
        const modelID = diagnostics?.modelID || "unknown";
        const key = `${responseType}|${providerID}/${modelID}`;
        const current = this.structuredValidationFailureCounters.get(key) || 0;
        this.structuredValidationFailureCounters.set(key, current + 1);
    
        if (current >= 3) {
          if (diagnostics?.modelID) {
            this.structuredOutputIncompatibleModelKeys.add(diagnostics.modelID);
          }
        }
    
        this.logger.warn("Structured output validation failure aggregate", {
          responseType,
          errors,
          source: diagnostics?.source,
          providerID: diagnostics?.providerID,
          modelID: diagnostics?.modelID,
          failureCount: current + 1,
        });
      }
    
      /**
       * Normalize structured output from raw response
       */
      normalizeStructuredOutput(
        raw: unknown,
        diagnostics?: {
          source?: string;
          providerID?: string;
          modelID?: string;
        },
      ): StructuredAssistantOutput | undefined {
        let value: unknown = raw;
        if (typeof value === "string") {
          try {
            value = JSON.parse(value);
          } catch {
            return undefined;
          }
        }
    
        const rec = this.asRecord(value);
        if (!rec) {
          return undefined;
        }
    
        const sanitizedRec = sanitizeStructuredOutput(rec);
    
        // Don't sanitize rec.plan separately - sanitizeStructuredOutput() is for
        // top-level structured output fields only. The plan object is already validated
        // by the schema and sanitizing it as a top-level object would strip its properties
        // (file, title, content, etc.) because those aren't valid top-level field names.
        this.logger.debug('Before plan preservation', {
          hasRecPlan: 'plan' in rec,
          recPlanType: typeof rec.plan,
          recPlanValue: rec.plan,
          hasSanitizedPlan: 'plan' in sanitizedRec,
          sanitizedPlanValue: sanitizedRec.plan
        });
    
        if (rec.plan && typeof rec.plan === 'object') {
          sanitizedRec.plan = rec.plan;
          const planRecord = rec.plan as Record<string, unknown>;
          this.logger.debug('Plan preserved', {
            planKeys: Object.keys(planRecord),
            hasFile: 'file' in planRecord,
            fileValue: planRecord.file
          });
        } else {
          this.logger.debug('Plan NOT preserved - condition failed', {
            hasRecPlan: 'plan' in rec,
            recPlanType: typeof rec.plan,
            recPlan: rec.plan
          });
        }
    
        const messageCandidate =
          this.firstNonEmptyString(sanitizedRec.message) ||
          (typeof rec.message === "string" ? rec.message : undefined);
    
        let responseTypeRaw =
          this.firstNonEmptyString(
            sanitizedRec.responseType,
            rec.type,
            rec.kind,
            rec.category,
          ) ||
          (messageCandidate ? "message" : undefined);
    
        if (responseTypeRaw?.toLowerCase() === "conversation") {
          responseTypeRaw = "message";
        }
        if (responseTypeRaw?.toLowerCase() === "interactive") {
          responseTypeRaw = "question";
        }
    
        if (
          responseTypeRaw &&
          !STRUCTURED_RESPONSE_TYPES.has(responseTypeRaw.toLowerCase())
        ) {
          responseTypeRaw = messageCandidate ? "message" : undefined;
        }
    
        if (!responseTypeRaw) {
          return undefined;
        }
    
        let canonicalRec: Record<string, unknown> = {
          ...sanitizedRec,
          responseType: responseTypeRaw,
        };
        if (
          messageCandidate &&
          !this.firstNonEmptyString(canonicalRec.message)
        ) {
          canonicalRec.message = messageCandidate;
        }
    
        let validation = validateStructuredOutput(canonicalRec);
        if (!validation.valid && messageCandidate) {
          canonicalRec = {
            responseType: "message",
            message: messageCandidate,
          };
          validation = validateStructuredOutput(canonicalRec);
        }
        if (!validation.valid) {
          this.logger.warn("Structured output validation failed", {
            errors: validation.errors,
            source: diagnostics?.source,
            providerID: diagnostics?.providerID,
            modelID: diagnostics?.modelID,
          });
          this.recordStructuredValidationFailure(
            canonicalRec,
            validation.errors,
            diagnostics,
          );
          return undefined;
        }
    
        const sanitizedCanonicalRec = sanitizeStructuredOutput(canonicalRec);
        const subagentsRaw =
          sanitizedCanonicalRec.subagents ?? (rec.spawnedSubagents as unknown);
        if (Array.isArray(subagentsRaw)) {
          sanitizedCanonicalRec.subagents = subagentsRaw;
        }
        const subagentsDeltaRaw =
          sanitizedCanonicalRec.subagentsDelta ?? (rec.subagents_delta as unknown);
        if (subagentsDeltaRaw && typeof subagentsDeltaRaw === "object") {
          sanitizedCanonicalRec.subagentsDelta = subagentsDeltaRaw;
        }
        const responseType = this.firstNonEmptyString(
          sanitizedCanonicalRec.responseType,
        );
        if (!responseType) {
          return undefined;
        }
    
        return sanitizedCanonicalRec as StructuredAssistantOutput;
      }
    
      /**
       * Create fallback message from structured output
       */
      createFallbackMessage(
        structured: StructuredAssistantOutput,
      ): string | undefined {
        if (!structured.responseType) return undefined;
    
        const { responseType, progressUpdates, interactiveEvents, plan } =
          structured;
    
        switch (responseType) {
          case "implementation_plan":
            return this.firstNonEmptyString(
              plan?.intro,
              plan?.summary,
              plan?.title,
            );
          case "progress_update":
            if (progressUpdates && progressUpdates.length > 0) {
              const titles = progressUpdates.map((p) => p.title).join(", ");
              return `Progress: ${titles}`;
            }
            return "📊 Working on tasks...";
          case "question": {
            const questionRecord = this.asRecord(structured.question);
            const displayPrompt = this.firstNonEmptyString(
              questionRecord?.displayPrompt,
            );
            if (displayPrompt) {
              return displayPrompt;
            }
            const questionPrompt = this.firstNonEmptyString(
              questionRecord?.question,
              questionRecord?.message,
              questionRecord?.content,
            );
            if (questionPrompt) {
              return questionPrompt;
            }
            if (interactiveEvents && interactiveEvents.length > 0) {
              const firstEvent = interactiveEvents[0];
              const firstEventRecord = this.asRecord(firstEvent);
              const eventDisplayPrompt = this.firstNonEmptyString(
                firstEventRecord?.displayPrompt,
              );
              if (eventDisplayPrompt) {
                return eventDisplayPrompt;
              }
              if (firstEvent.type === "question" && firstEvent.question) {
                return firstEvent.question;
              } else if (firstEvent.type === "confirm" && firstEvent.question) {
                return firstEvent.question;
              } else if (firstEvent.type === "message" && firstEvent.message) {
                return firstEvent.message;
              }
            }
            return "❓ Question for you";
          }
          case "subagents":
            return "🤖 Spawned subagents...";
          case "error":
            return "⚠️ An error occurred";
          case "message":
          default:
            return undefined;
        }
      }
    
      /**
       * Extract message body text
       */
      extractMessageBodyText(message: any): string {
        if (!message) return "";
    
        let rawText = "";
        if (typeof message.content === "string" && message.content.trim()) {
          rawText = message.content.trim();
        } else if (typeof message.text === "string" && message.text.trim()) {
          rawText = message.text.trim();
        } else if (Array.isArray(message.parts)) {
          rawText = message.parts
            .map((part: any) => {
              if (!part || typeof part !== "object") return "";
              if (
                part.type === "reasoning" ||
                part.type === "thinking" ||
                part.type === "thought" ||
                typeof part.reasoning !== "undefined" ||
                typeof part.thought !== "undefined" ||
                typeof part.thinking !== "undefined"
              ) {
                return "";
              }
              return (part.text || part.content || "").toString();
            })
            .join("")
            .trim();
        }
    
        if (this.isLikelyToolCallTranscript(rawText)) {
          return "";
        }
        return rawText;
      }
    
      /**
       * Extract structured output from message
       */
      extractStructuredOutput(message: any): StructuredAssistantOutput | undefined {
        if (!message) return undefined;
    
        const candidates = [
          message.structuredOutput,
          message.structured_output,
          message.info?.structuredOutput,
          message.info?.structured_output,
          message.info?.structured,
        ];
    
        for (const candidate of candidates) {
          if (candidate) {
            const normalized = this.normalizeStructuredOutput(candidate);
            if (normalized) {
              return normalized;
            }
          }
        }
    
        return undefined;
      }
    
      /**
       * Apply structured output to message
       */
      applyStructuredOutputToMessage(
        message: any,
        structured: StructuredAssistantOutput,
      ): any {
        if (!message || !structured) return message;
    
        const updated = { ...message };
    
        if (structured.message && !updated.message) {
          updated.message = structured.message;
        }
    
        if (structured.subagents && structured.subagents.length > 0) {
          updated.subagents = this.mergeSubagentEntries(
            updated.subagents || [],
            structured.subagents,
          );
        }
    
        if (structured.progressUpdates && structured.progressUpdates.length > 0) {
          updated.progressUpdates = [
            ...(updated.progressUpdates || []),
            ...structured.progressUpdates,
          ];
        }
    
        if (structured.interactiveEvents && structured.interactiveEvents.length > 0) {
          updated.interactiveEvents = [
            ...(updated.interactiveEvents || []),
            ...structured.interactiveEvents,
          ];
        }
    
        if (structured.plan && !updated.plan) {
          updated.plan = structured.plan;
        }
    
        if (structured.question && !updated.question) {
          updated.question = structured.question;
        }
    
        if (structured.reasoning && structured.reasoning.length > 0) {
          updated.reasoning = [...(updated.reasoning || []), ...structured.reasoning];
        }
    
        updated.structuredOutput = structured;
        updated.hasStructuredOutput = true;
    
        return updated;
      }
    
      /**
       * Enrich stream event with structured output
       */
      enrichStreamEvent(event: any): any {
        if (!event) return event;
    
        const enriched = { ...event };
        const properties = enriched.properties || {};
        const part = properties.part || {};
    
        const structuredCandidate =
          part.structured ||
          part.structured_output ||
          properties.structured ||
          properties.structured_output;
    
        if (structuredCandidate) {
          const normalized = this.normalizeStructuredOutput(structuredCandidate);
          if (normalized) {
            enriched.structured = normalized;
            enriched.structuredOutput = normalized;
            enriched.hasStructuredOutput = true;
          }
        }
    
        return enriched;
      }
    
      /**
       * Enrich message with plan information
       */
      enrichMessageWithPlan(message: any): any {
        if (!message) return message;
    
        const role = message?.info?.role || message?.role;
        if (typeof role === "string" && role.toLowerCase() !== "assistant") {
          return message;
        }
    
        const structured = this.extractStructuredOutput(message);
    
        const structuredResponseType = this.firstNonEmptyString(
          structured?.responseType,
          message?.structuredOutput?.responseType,
        );
        const hasInteractiveEvents =
          (Array.isArray(structured?.interactiveEvents) &&
            structured.interactiveEvents.length > 0) ||
          (Array.isArray(message?.interactiveEvents) &&
            message.interactiveEvents.length > 0);
        const isInteractiveClarificationResponse =
          this.isInteractiveResponseType(structuredResponseType) &&
          hasInteractiveEvents;
    
        if (isInteractiveClarificationResponse) {
          if (message.plan) {
            this.logger.debug("Plan suppressed", {
              source: "enrichMessageWithPlan",
              reason: "interactive-wins",
              responseType: structuredResponseType || "unknown",
              hasInteractiveEvents: !!hasInteractiveEvents,
              isClarification: false,
            });
            const nextMessage = { ...message };
            delete nextMessage.plan;
            return nextMessage;
          }
          return message;
        }
    
        if (structured) {
          const structuredPlanRecord = this.asRecord(structured.plan);
          const structuredPlanContent = this.firstNonEmptyString(
            structuredPlanRecord?.content,
          );
          const structuredPlanFiles =
            this.planManager.collectPlanFileCandidatesFromStructuredPlan(structuredPlanRecord);
          const structuredPlanFile = structuredPlanFiles[0];
    
          // DEBUG: Log what we got from the structured output
          this.logger.debug('Structured Plan Data', {
            structuredPlanRecord,
            structuredPlanFiles,
            structuredPlanFile,
            hasFile: !!structuredPlanRecord?.file,
            rawStructuredPlan: structured.plan,  // ← Add raw data
            allStructuredKeys: Object.keys(structured || {})  // ← Show all keys
          });
    
          // Resolve the plan filename: prefer what the agent declared in structured
          // output, then look for a matching filename in the message edits/patches,
          // then from markdown references. The viewer reads this to load the live
          // file from disk so the user sees the exact content the agent wrote.
          const editsForPlan: any[] = message.edits || [];
          const partsForPlan: any[] = message.parts || [];
          const fileCandidatesFromEditsAndParts: string[] = [];
          for (const edit of editsForPlan) {
            if (this.planManager.isLikelyPlanMarkdownFile(edit?.file)) {
              fileCandidatesFromEditsAndParts.push(edit.file);
            }
          }
          for (const part of partsForPlan) {
            if (part?.type !== "patch" || !Array.isArray(part.files)) {
              continue;
            }
            for (const patchFile of part.files) {
              if (this.planManager.isLikelyPlanMarkdownFile(patchFile)) {
                fileCandidatesFromEditsAndParts.push(patchFile);
              }
            }
          }
          const mergedPlanFiles = this.planManager.prioritizePlanFileCandidates([
            ...structuredPlanFiles,
            ...fileCandidatesFromEditsAndParts,
            ...this.planManager.extractMarkdownFileReferences(structuredPlanContent),
            ...this.planManager.extractMarkdownFileReferences(structuredPlanRecord?.summary),
            ...this.planManager.extractMarkdownFileReferences(structuredPlanRecord?.title),
          ]);
          const resolvedPlanFile = mergedPlanFiles[0];
    
          // DEBUG: Log the plan file extraction
          this.logger.debug('Plan File Extraction', {
            structuredPlanFile: structuredPlanFiles[0],
            mergedPlanFilesCount: mergedPlanFiles.length,
            resolvedPlanFile,
            fallbackPlanFile: resolvedPlanFile,
            hasPlanContent: !!structuredPlanContent,
            planContentLength: structuredPlanContent?.length || 0
          });
          const resolvedPlanTitle = this.planManager.resolvePlanTitle({
            plan: { title: this.firstNonEmptyString(structuredPlanRecord?.title) },
            fallback: this.firstNonEmptyString(structuredPlanRecord?.summary),
            planFile: resolvedPlanFile,
          });
          const fallbackPlanFile = resolvedPlanFile;
    
          if (
            structuredPlanContent &&
            typeof structuredPlanContent === "string" &&
            structuredPlanContent.length >= 200
          ) {
            if (this.isClarificationQuestionnaire(structuredPlanContent)) {
              return message;
            }
            if (!resolvedPlanFile) {
              this.persistPlan(
                structuredPlanContent,
                fallbackPlanFile,
              ).catch((err) => {
                this.logger.error("Failed to auto-persist structured plan", {}, err as Error);
              });
            }
    
            return {
              ...message,
              structuredOutput: structured,
              plan: {
                file: fallbackPlanFile,
                content: structuredPlanContent,
                title: resolvedPlanTitle,
                summary: this.firstNonEmptyString(structuredPlanRecord?.summary),
                files:
                  mergedPlanFiles.length > 0
                    ? mergedPlanFiles
                    : fallbackPlanFile
                      ? [fallbackPlanFile]
                      : undefined,
                fileCount:
                  mergedPlanFiles.length > 0
                    ? mergedPlanFiles.length
                    : fallbackPlanFile
                      ? 1
                      : 0,
              },
            };
          }
    
          if (
            structuredResponseType === "implementation_plan" &&
            structuredPlanFile
          ) {
            // Preserve structured file-only plans so the webview "View Plan" action
            // can open the plan tab directly from disk.
            return {
              ...message,
              structuredOutput: structured,
              plan: {
                file: fallbackPlanFile,
                title: resolvedPlanTitle,
                summary: this.firstNonEmptyString(structuredPlanRecord?.summary),
                files:
                  mergedPlanFiles.length > 0
                    ? mergedPlanFiles
                    : fallbackPlanFile
                      ? [fallbackPlanFile]
                      : undefined,
                fileCount:
                  mergedPlanFiles.length > 0
                    ? mergedPlanFiles.length
                    : fallbackPlanFile
                      ? 1
                      : 0,
              },
            };
          }
        }
    
        // Only honor implementation plans when the structured payload explicitly
        // declares responseType="implementation_plan".
        if (structuredResponseType !== "implementation_plan") {
          if (message.plan) {
            const nextMessage = { ...message };
            delete nextMessage.plan;
            return nextMessage;
          }
          return message;
        }
    
        // Check for implementation plan in edits, parts, or message content
        const edits = message.edits || [];
        const parts = message.parts || [];
        const info = message.info || {};
    
        // 1. Gather text body and fallback plan-like content in message summary,
        // parts, or plain content.
        const partsContent = parts
          .filter((p: any) => this.isRenderableTextPart(p)) // ignore reasoning parts directly
          .map((p: any) => {
            let c = p.text || p.content || "";
            if (p.files && Array.isArray(p.files)) c += " " + p.files.join(" ");
            return c;
          })
          .join(" ");
    
        // 2. Check for explicit markdown filenames in edits/parts/text.
        const extractedPlanFiles = this.planManager.prioritizePlanFileCandidates([
          ...edits
            .map((e: any) => this.firstNonEmptyString(e?.file))
            .filter(
              (file: unknown): file is string =>
                !!file && this.planManager.isLikelyPlanMarkdownFile(file),
            ),
          ...parts
            .filter((p: any) => p.type === "patch" && Array.isArray(p.files))
            .flatMap((p: any) =>
              (p.files as unknown[])
                .map((f) => this.firstNonEmptyString(f))
                .filter(
                  (file: unknown): file is string =>
                    !!file && this.planManager.isLikelyPlanMarkdownFile(file),
                ),
            ),
          ...this.planManager.extractMarkdownFileReferences(message?.content),
          ...this.planManager.extractMarkdownFileReferences(info.summary?.title),
          ...this.planManager.extractMarkdownFileReferences(info.summary?.body),
          ...this.planManager.extractMarkdownFileReferences(partsContent),
        ]);
        const hasPlanFile = extractedPlanFiles.length > 0;
    
        const fullContent =
          (info.summary?.title || "") +
          " " +
          (info.summary?.body || "") +
          " " +
          (message.content || "") +
          " " +
          partsContent;
    
        // Broadened regex to catch more variations of "Implementation Plan"
        // Also check if the title itself strongly indicates a plan
        const basicPlanKeywordMatch =
          /implementation\s*plan/i.test(fullContent) ||
          /goal\s*description/i.test(fullContent) ||
          /proposed\s*changes/i.test(fullContent) ||
          /implementation_plan\.md/i.test(fullContent) ||
          (/(plan|roadmap)/i.test(info.summary?.title || "") &&
            /(implementation|feature)/i.test(info.summary?.title || ""));
    
        // Require structural markers to avoid false positives from short mentions
        const hasStructuralMarkers =
          /##\s|###\s|- \[ \]|Files:|Steps:|Goal:/i.test(fullContent) ||
          // Long content is likely a real plan even if markers are missing
          fullContent.length > 500;
    
        const hasPlanKeywords = basicPlanKeywordMatch && hasStructuralMarkers;
        const looksLikeClarificationQuestions =
          this.isClarificationQuestionnaire(fullContent);
    
        // If the content looks like a clarification questionnaire, never promote it
        // into an implementation plan. If a plan was already attached, strip it.
        if (looksLikeClarificationQuestions) {
          if (message.plan) {
            this.logger.debug("Plan suppressed", {
              source: "enrichMessageWithPlan",
              reason: "clarification-detected",
              responseType: structuredResponseType || "unknown",
              hasInteractiveEvents: !!hasInteractiveEvents,
              isClarification: true,
            });
            const nextMessage = { ...message };
            delete nextMessage.plan;
            return nextMessage;
          }
          return message;
        }
    
        if (hasPlanFile || hasPlanKeywords) {
          // Extract and clean the plan content using the PlanParser
          let rawContent = message.content || partsContent;
    
          // If the AI structured output placed the overarching title in the summary but not the text, inject it as the H1
          const summaryTitle = info.summary?.title;
          if (summaryTitle && !rawContent.includes(summaryTitle)) {
            rawContent = `# ${summaryTitle}\n\n${rawContent}`;
          }
    
          const parsed = PlanParser.parse(rawContent);
          const cleanPlanContent = PlanParser.toMarkdown(parsed);
          const existingStructured = this.asRecord(message.structuredOutput);
          const existingStructuredPlan = this.asRecord(existingStructured?.plan);
          const resolvedPlanTitle = this.planManager.resolvePlanTitle({
            plan: {
              title: this.firstNonEmptyString(
                existingStructuredPlan?.title,
                message?.plan?.title,
              ),
            },
            fallback: parsed.goal,
            planFile: extractedPlanFiles[0],
          });
          const fallbackPlanFile = extractedPlanFiles[0];
    
          // PERSISTENCE: Automatically save the cleaned plan to disk.
          // This ensures handleViewPlan can read it even if the SDK didn't write it.
          // We only persist if it actually looks like a valid plan (has a goal or files/steps).
          if (
            cleanPlanContent.length > 100 &&
            (parsed.goal || parsed.files.length > 0 || parsed.steps.length > 0)
          ) {
            if (!extractedPlanFiles[0]) {
              this.persistPlan(
                cleanPlanContent,
                fallbackPlanFile,
              ).catch((err) => {
                this.logger.error("Failed to auto-persist cleaned plan", {}, err as Error);
              });
            }
          }
    
          const nextMessage = {
            ...message,
            plan: {
              file: fallbackPlanFile,
              content: cleanPlanContent,
              title: resolvedPlanTitle,
              intro: this.firstNonEmptyString(existingStructuredPlan?.intro, parsed.description),
              summary: parsed.description,
              files:
                extractedPlanFiles.length > 0
                  ? extractedPlanFiles
                  : fallbackPlanFile
                    ? [fallbackPlanFile]
                    : undefined,
              fileCount:
                parsed.files.length ||
                extractedPlanFiles.length ||
                (fallbackPlanFile ? 1 : 0),
            },
          };
          const nextStructured: Record<string, unknown> = existingStructured
            ? { ...existingStructured }
            : {};
          nextStructured.responseType = "implementation_plan";
          nextStructured.plan = {
            ...(existingStructuredPlan || {}),
            file:
              fallbackPlanFile ??
              this.firstNonEmptyString(existingStructuredPlan?.file),
            files:
              extractedPlanFiles.length > 0
                ? extractedPlanFiles
                : fallbackPlanFile
                  ? [fallbackPlanFile]
                  : existingStructuredPlan?.files,
            content: cleanPlanContent,
            title: resolvedPlanTitle,
            intro: this.firstNonEmptyString(existingStructuredPlan?.intro, parsed.description),
            summary:
              parsed.description ||
              this.firstNonEmptyString(existingStructuredPlan?.summary),
          };
          nextMessage.structuredOutput = nextStructured;
          if (message?.structuredOutput?.responseType !== "implementation_plan") {
            const planIntro = this.firstNonEmptyString(
              nextStructured.message,
              this.asRecord(nextStructured.plan)?.intro,
              this.asRecord(nextStructured.plan)?.summary,
            );
            if (planIntro) {
              nextStructured.message = planIntro;
              nextMessage.content = planIntro;
              const parts = Array.isArray(nextMessage.parts)
                ? [...nextMessage.parts]
                : [];
              const textIndex = parts.findIndex(
                (part: any) => this.isRenderableTextPart(part),
              );
              if (textIndex >= 0) {
                parts[textIndex] = {
                  ...parts[textIndex],
                  type: "text",
                  text: planIntro,
                };
              } else {
                parts.push({ type: "text", text: planIntro });
              }
              nextMessage.parts = parts;
            }
          }
          return nextMessage;
        }
    
        return message;
      }
    }
    
    
    /* FILE: E:\Projects\vscode-opencode\src\providers\chat\PlanManager.ts */
    
    /**
     * PlanManager Module
     *
     * Handles plan file detection, persistence, viewing, and file candidate resolution.
     *
     * Extracted from ChatViewProvider.ts (~450 lines)
     */
    
    import * as vscode from "vscode";
    import * as path from "path";
    import * as fs from "fs/promises";
    import { LoggingCategories } from "../../utils/LoggingSchema";
    
    export class PlanManager {
      constructor(
        private logger: ReturnType<typeof import("../../utils/Logger").createLogger>,
        private firstNonEmptyString: (...values: unknown[]) => string | undefined,
        private workspaceState: vscode.Memento,
      ) { }
    
      /**
       * Check if text is a plan proceed message
       */
      isPlanProceedMessageText(value: unknown): boolean {
        if (!value) return false;
        const str = String(value).toLowerCase().trim();
        return str === "/plan:proceed" || str.startsWith("/plan:proceed ");
      }
    
      /**
       * Normalize plan proceed user message
       */
      normalizePlanProceedUserMessage(message: any): any {
        if (!message) return message;
    
        const text = this.firstNonEmptyString(message.text, message.content);
        if (!text) return message;
    
        if (!this.isPlanProceedMessageText(text)) {
          return message;
        }
    
        const normalized = { ...message };
    
        const parts = text.split(/\s+/, 2);
        const command = parts[0] || "";
        const rest = parts[1] || "";
    
        if (rest && command) {
          const trimmedRest = rest.trim();
          const quoteMatches = trimmedRest.match(/^["'](.+)["']$/);
          const commentText = quoteMatches ? quoteMatches[1] : trimmedRest;
    
          normalized.planProceedComment = {
            id: `pp_${Date.now()}_${Math.random().toString(36).substr(2, 9)}`,
            text: commentText,
            createdAt: Date.now(),
            anchor: {
              startLine: 0,
              endLine: 0,
              selectedText: commentText,
            },
          };
        }
    
        normalized.text = "/plan:proceed";
        if (normalized.content) {
          normalized.content = "/plan:proceed";
        }
    
        return normalized;
      }
    
      /**
       * Check if plan title is generic
       */
      isGenericPlanTitle(value: unknown): boolean {
        if (!value) return false;
        const str = String(value).toLowerCase().trim();
        const genericTitles = [
          "implementation plan",
          "plan",
          "project plan",
          "development plan",
          "the plan",
          "my plan",
        ];
        return genericTitles.includes(str);
      }
    
      /**
       * Derive plan title from file path
       */
      derivePlanTitleFromFilePath(filePath: unknown): string | undefined {
        const normalized = this.normalizePlanFileReference(filePath);
        if (!normalized) return undefined;
    
        const fileName = path.basename(normalized);
        const withoutExt = fileName.replace(/\.md$/i, "");
    
        const cleaned = withoutExt
          .replace(/^implementation[_-]?plan[_-]?/i, "")
          .replace(/^plan[_-]?/i, "")
          .replace(/[_-]plan$/i, "")
          .replace(/[_-]\d{8,}$/, "")
          .trim();
    
        if (!cleaned) return undefined;
    
        const title = cleaned
          .replace(/[-_]+/g, " ")
          .replace(/\b\w/g, (c) => c.toUpperCase())
          .trim();
    
        return title || undefined;
      }
    
      /**
       * Resolve plan title from various sources
       */
      resolvePlanTitle(options: {
        plan?: { title?: string; file?: string };
        planFile?: string;
        fallback?: string;
      }): string | undefined {
        if (options.plan?.title && !this.isGenericPlanTitle(options.plan.title)) {
          return options.plan.title;
        }
    
        if (options.planFile) {
          const derived = this.derivePlanTitleFromFilePath(options.planFile);
          if (derived) return derived;
        }
    
        if (options.plan?.file) {
          const derived = this.derivePlanTitleFromFilePath(options.plan.file);
          if (derived) return derived;
        }
    
        if (options.fallback && !this.isGenericPlanTitle(options.fallback)) {
          return options.fallback;
        }
    
        return undefined;
      }
    
      /**
       * Persist plan content to disk
       */
      async persistPlan(
        content: string,
        preferredPath?: string,
      ): Promise<string | undefined> {
        const flow = this.logger.startFeatureFlow('PersistPlan', {
          hasContent: !!content,
          contentLength: content.length,
          preferredPath,
        });
    
        try {
          const normalizedContent = this.firstNonEmptyString(content);
          if (!normalizedContent) {
            this.logger.endFeatureFlow(flow, { status: 'skipped', reason: 'No content' });
            return undefined;
          }
    
          this.logger.featureStep(flow, 'normalizing_paths');
          const normalizedPreferred = this.normalizePlanFileReference(preferredPath);
          const resolvedPreferred = normalizedPreferred
            ? this.resolvePlanFileCandidates(normalizedPreferred)[0] ||
            path.normalize(normalizedPreferred)
            : undefined;
          const resolvedPath = resolvedPreferred;
          if (!resolvedPath) {
            this.logger.endFeatureFlow(flow, { status: 'failed', reason: 'No valid path' });
            return undefined;
          }
    
          this.logger.featureStep(flow, 'creating_directory', { path: path.dirname(resolvedPath) });
          const normalizedPath = path.normalize(resolvedPath);
          await vscode.workspace.fs.createDirectory(
            vscode.Uri.file(path.dirname(normalizedPath)),
          );
    
          this.logger.featureStep(flow, 'writing_file', { path: normalizedPath });
          await vscode.workspace.fs.writeFile(
            vscode.Uri.file(normalizedPath),
            new TextEncoder().encode(normalizedContent),
          );
    
          this.logger.info("Auto-persisted plan", { path: normalizedPath });
          this.logger.endFeatureFlow(flow, { status: 'completed' });
          return normalizedPath;
        } catch (err) {
          this.logger.error(`Failed to persist plan: ${err instanceof Error ? err.message : String(err)}`, { path: preferredPath });
          this.logger.endFeatureFlow(flow, { status: 'failed' });
          return undefined;
        }
      }
    
      /**
       * Normalize plan file reference
       */
      private normalizePlanFileReference(file: unknown): string | undefined {
        const raw = this.firstNonEmptyString(file);
        if (!raw) {
          return undefined;
        }
    
        let value = raw.trim();
        if (!value) {
          return undefined;
        }
    
        if (value.startsWith("file://")) {
          try {
            const uri = vscode.Uri.parse(value);
            if (uri.scheme === "file" && uri.fsPath) {
              value = uri.fsPath;
            }
          } catch {
            // Keep string cleanup fallback below.
          }
        }
    
        // Strip common markdown wrappers around file paths.
        value = value
          .replace(/^`+|`+$/g, "")
          .replace(/^"+|"+$/g, "")
          .replace(/^'+|'+$/g, "")
          .replace(/^<+|>+$/g, "")
          .replace(/^\(+|\)+$/g, "")
          .trim();
    
        return value || undefined;
      }
    
      /**
       * Check if file is likely a plan markdown file
       */
      isLikelyPlanMarkdownFile(file: unknown): boolean {
        const normalized = this.normalizePlanFileReference(file);
        if (!normalized || !normalized.toLowerCase().endsWith(".md")) {
          return false;
        }
        const lower = normalized.replace(/\\/g, "/").toLowerCase();
        if (lower.includes("/node_modules/")) {
          return false;
        }
        if (
          /(^|\/)implementation_plan_comments_[^/]+\.md$/.test(lower) ||
          /(^|\/)[^/]+_comments\.md$/.test(lower)
        ) {
          return false;
        }
        const isPlanDirectoryPath =
          /(^|\/)\.?plans?\//.test(lower) || /(^|\/)planning\//.test(lower);
        return (
          isPlanDirectoryPath ||
          /(^|\/)implementation_plan(?:_[a-z0-9-]+)?\.md$/.test(lower) ||
          /(^|\/)plans?\//.test(lower) ||
          lower.includes("plan")
        );
      }
    
      /**
       * Get plan file candidate score
       */
      getPlanFileCandidateScore(filePath: string): number {
        const normalized = filePath.replace(/\\/g, "/").toLowerCase();
        let score = 0;
        const isPlanDirectoryPath =
          /(^|\/)\.?plans?\//.test(normalized) || /(^|\/)planning\//.test(normalized);
        if (isPlanDirectoryPath) {
          score += 60;
        }
    
        if (normalized.includes("plan")) {
          score += 50;
        }
    
        if (/(^|\/)implementation_plan\.md$/.test(normalized)) {
          score += 40;
        }
    
        if (/(^|\/)implementation_plan_[a-z0-9-]+\.md$/.test(normalized)) {
          score += 35;
        }
    
        if (/(^|\/)plans?\//.test(normalized)) {
          score += 30;
        }
    
        const depth = (normalized.match(/\//g) || []).length;
        score -= depth * 2;
    
        if (normalized.includes("/node_modules/")) {
          score -= 1000;
        }
    
        if (normalized.includes("/.git/")) {
          score -= 1000;
        }
    
        return Math.max(0, score);
      }
    
      /**
       * Prioritize plan file candidates
       */
      prioritizePlanFileCandidates(candidates: Array<unknown>, explicitFiles?: Set<string>): string[] {
        const normalizedCandidates = candidates
          .map((c) => this.normalizePlanFileReference(c))
          .filter((c): c is string => Boolean(c));
    
        const scored = normalizedCandidates.map((filePath) => ({
          filePath,
          score: this.getPlanFileCandidateScore(filePath),
          isExplicit: explicitFiles?.has(filePath),
        }));
    
        scored.sort((a, b) => {
          if (a.isExplicit && !b.isExplicit) return -1;
          if (!a.isExplicit && b.isExplicit) return 1;
          return b.score - a.score;
        });
    
        return scored.map((s) => s.filePath);
      }
    
      /**
       * Collect plan file candidates from structured plan
       */
      collectPlanFileCandidatesFromStructuredPlan(structured: any): string[] {
        const candidates: string[] = [];
    
        // DEBUG: Log input to trace file property
        this.logger.debug('collectPlanFileCandidatesFromStructuredPlan INPUT', {
          hasStructured: !!structured,
          type: typeof structured,
          keys: structured ? Object.keys(structured) : [],
          hasFile: structured && 'file' in structured,
          fileValue: structured?.file,
          hasFiles: structured && 'files' in structured,
          filesValue: structured?.files,
          fullObject: structured ? JSON.stringify(structured, null, 2) : 'undefined'
        });
    
        // structured is the plan object itself (with file, title, content, etc.)
        // not the parent structured output object
        if (structured?.file) {
          const normalized = this.normalizePlanFileReference(structured.file);
          if (normalized) {
            candidates.push(normalized);
          }
        }
    
        if (structured?.files && Array.isArray(structured.files)) {
          for (const file of structured.files) {
            const normalized = this.normalizePlanFileReference(file);
            if (normalized && !candidates.includes(normalized)) {
              candidates.push(normalized);
            }
          }
        }
    
        this.logger.debug('collectPlanFileCandidatesFromStructuredPlan OUTPUT', {
          candidatesCount: candidates.length,
          candidates: candidates,
          firstCandidate: candidates[0]
        });
    
        return candidates;
      }
    
      /**
       * Resolve plan file candidates
       */
      resolvePlanFileCandidates(planFile: string): string[] {
        const normalized = this.normalizePlanFileReference(planFile);
        if (!normalized) {
          return [];
        }
    
        const candidates: string[] = [];
    
        candidates.push(normalized);
    
        const workspaceFolder = vscode.workspace.workspaceFolders?.[0];
        if (workspaceFolder && workspaceFolder.uri.scheme === "file") {
          const workspacePath = workspaceFolder.uri.fsPath;
          const absolutePath = path.isAbsolute(normalized)
            ? normalized
            : path.join(workspacePath, normalized);
    
          if (absolutePath !== normalized) {
            candidates.push(absolutePath);
          }
    
          if (!normalized.endsWith(".md")) {
            candidates.push(`${normalized}.md`);
            candidates.push(`${absolutePath}.md`);
          }
        }
    
        return Array.from(new Set(candidates));
      }
    
      /**
       * Read plan file from disk
       */
      private async readPlanFileFromDisk(filePath: string): Promise<string | undefined> {
        try {
          const normalized = path.normalize(filePath);
          const content = await vscode.workspace.fs.readFile(
            vscode.Uri.file(normalized),
          );
          return Buffer.from(content).toString("utf-8");
        } catch {
          return undefined;
        }
      }
    
      /**
       * Extract markdown file references from text
       */
      extractMarkdownFileReferences(text: unknown): string[] {
        if (!text) return [];
        const str = String(text);
    
        const markdownLinkPattern = /\[([^\]]+)\]\(([^)]+\.md)\)/gi;
        const markdownLinkRefPattern = /^\[([^\]]+)\]:\s*(.+\.md)$/gmi;
        const codeBlockPattern = /```[\s\S]*?```/g;
        const inlineCodePattern = /`[^`]+`/g;
        const plainMdPattern = /\b[\w-]+\.md\b/gi;
    
        const cleaned = str
          .replace(codeBlockPattern, "")
          .replace(inlineCodePattern, "");
    
        const references = new Set<string>();
    
        let match;
        while ((match = markdownLinkPattern.exec(cleaned)) !== null) {
          const filePath = match[2];
          const normalized = this.normalizePlanFileReference(filePath);
          if (normalized) {
            references.add(normalized);
          }
        }
    
        while ((match = markdownLinkRefPattern.exec(str)) !== null) {
          const filePath = match[2];
          const normalized = this.normalizePlanFileReference(filePath);
          if (normalized) {
            references.add(normalized);
          }
        }
    
        while ((match = plainMdPattern.exec(cleaned)) !== null) {
          const filePath = match[0];
          const normalized = this.normalizePlanFileReference(filePath);
          if (normalized) {
            references.add(normalized);
          }
        }
    
        return Array.from(references);
      }
    
      /**
       * Discover likely plan file candidates
       */
      async discoverLikelyPlanFileCandidates(): Promise<string[]> {
        const flow = this.logger.startFeatureFlow('DiscoverPlanFiles', {});
    
        const workspaceFolder = vscode.workspace.workspaceFolders?.[0];
        if (!workspaceFolder || workspaceFolder.uri.scheme !== "file") {
          this.logger.endFeatureFlow(flow, { status: 'skipped', reason: 'No valid workspace folder' });
          return [];
        }
    
        const workspacePath = workspaceFolder.uri.fsPath;
        this.logger.featureStep(flow, 'workspace_valid', { workspacePath });
    
        try {
          this.logger.featureStep(flow, 'searching_for_plan_files');
          const startTime = Date.now();
          const planFiles = await vscode.workspace.findFiles(
            new vscode.RelativePattern(workspaceFolder, "**/*plan*.md"),
            "**/{node_modules,.git,dist,build}/**",
          );
          this.logger.featureStep(flow, 'files_found', {
            count: planFiles.length,
            duration: Date.now() - startTime,
          });
    
          const scored = planFiles
            .map((uri) => uri.fsPath)
            .filter((filePath) => this.isLikelyPlanMarkdownFile(filePath))
            .map((filePath) => ({
              filePath,
              score: this.getPlanFileCandidateScore(filePath),
            }))
            .filter((item) => item.score > 0)
            .sort((a, b) => b.score - a.score)
            .slice(0, 10)
            .map((item) => item.filePath);
    
          this.logger.info("Plan file discovery completed", {
            totalFound: planFiles.length,
            afterScoring: scored.length,
            topCandidates: scored.slice(0, 3),
          });
    
          this.logger.endFeatureFlow(flow, {
            status: 'completed',
            totalCandidates: scored.length,
            duration: Date.now() - startTime,
          });
          return scored;
        } catch (err) {
          this.logger.error("Plan file discovery failed", { workspacePath }, err as Error);
          this.logger.endFeatureFlow(flow, { status: 'failed', error: String(err) });
          return [];
        }
      }
    
      /**
       * Handle view plan command
       */
      async handleViewPlan(plan: {
        file?: string;
        content?: string;
        title?: string;
        summary?: string;
        files?: any[];
        fileCount?: number;
      }): Promise<void> {
        if (!plan) {
          return;
        }
    
        const normalizedPlanFile = this.normalizePlanFileReference(plan.file);
        const fileCandidates = normalizedPlanFile
          ? this.resolvePlanFileCandidates(normalizedPlanFile)
          : [];
    
        const explicitFiles = new Set<string>();
        if (normalizedPlanFile) {
          explicitFiles.add(normalizedPlanFile);
        }
        if (Array.isArray(plan.files)) {
          for (const file of plan.files) {
            const normalized = this.normalizePlanFileReference(file);
            if (normalized) {
              explicitFiles.add(normalized);
            }
          }
        }
    
        const prioritizedCandidates = this.prioritizePlanFileCandidates(fileCandidates, explicitFiles);
        if (!normalizedPlanFile) {
          prioritizedCandidates.push(
            ...(await this.discoverLikelyPlanFileCandidates()),
          );
        }
    
        let resolvedFile: string | undefined;
        let planData: string | undefined;
    
        for (const candidate of prioritizedCandidates) {
          planData = await this.readPlanFileFromDisk(candidate);
          if (planData) {
            resolvedFile = candidate;
            break;
          }
        }
    
        if (!planData && prioritizedCandidates.length > 0) {
          void vscode.window.showErrorMessage(
            `Could not read plan file: ${normalizedPlanFile ?? prioritizedCandidates[0]}`,
          );
          return;
        }
    
        if (
          !planData &&
          prioritizedCandidates.length === 0 &&
          plan.content &&
          typeof plan.content === "string"
        ) {
          planData = plan.content;
        }
    
        if (!planData) {
          this.logger.warn("No plan content available to view", {
            planFile: normalizedPlanFile,
            candidates: prioritizedCandidates.slice(0, 5),
          });
          return;
        }
    
        const planTitle = this.resolvePlanTitle({
          plan,
          planFile: resolvedFile,
        });
    
        // Use VSCode command to show plan in PlanViewProvider panel
        await vscode.commands.executeCommand("opencode.showPlan", {
          content: planData,
          title: planTitle,
          sourceFile: resolvedFile,
        });
      }
    }
    
    
    /* FILE: E:\Projects\vscode-opencode\src\providers\chat\SubagentPersistence.ts */
    
    /**
     * SubagentPersistence Module
     *
     * Handles persisting/loading subagent snapshots and building payloads from messages.
     *
     * Extracted from ChatViewProvider.ts (~250 lines)
     */
    
    import * as vscode from "vscode";
    import type { SubagentTracker } from "../../services/SubagentTracker";
    import type { SubagentUpdatePayload } from "../../services/SubagentTracker";
    
    export class SubagentPersistence {
      private static readonly SUBAGENT_SNAPSHOT_PREFIX =
        "opencode.session.subagents.";
    
      constructor(
        private workspaceState: vscode.Memento,
        private subagentTracker: SubagentTracker,
        private logger: ReturnType<typeof import("../../utils/Logger").createLogger>,
        private asRecord: (value: unknown) => Record<string, unknown> | undefined,
        private firstNonEmptyString: (...values: unknown[]) => string | undefined,
        private normalizeSubagentStatus: (status: unknown) => string,
        private mergeSubagentEntries: (existing: any[], updates: any[]) => any[],
        private hydrateSubagentsFromPayload: (
          parentMessageId: string,
          payload: SubagentUpdatePayload,
          sessionId: string,
        ) => any[],
        private resolveSubagentPayloadSessionId: (payload: {
          summariesByParentMessageId?: Record<string, unknown>;
          sessionId?: string;
          childSessionId?: string;
        }) => string | undefined,
      ) { }
    
      /**
       * Get storage key for subagent snapshot
       */
      getSubagentSnapshotStorageKey(sessionId: string): string {
        return `${SubagentPersistence.SUBAGENT_SNAPSHOT_PREFIX}${sessionId}`;
      }
    
      /**
       * Normalize subagent payload
       */
      normalizeSubagentPayload(
        payload: unknown,
      ): SubagentUpdatePayload {
        const rec = this.asRecord(payload) || {};
        const summariesByParentMessageId =
          this.asRecord(rec.summariesByParentMessageId) || {};
        const detailsById = this.asRecord(rec.detailsById) || {};
        return {
          summariesByParentMessageId:
            summariesByParentMessageId as SubagentUpdatePayload["summariesByParentMessageId"],
          detailsById: detailsById as SubagentUpdatePayload["detailsById"],
        };
      }
    
      /**
       * Merge subagent payloads
       */
      mergeSubagentPayloads(
        existing: SubagentUpdatePayload,
        incoming: SubagentUpdatePayload,
      ): SubagentUpdatePayload {
        const mergedSummaries: Record<string, unknown[]> = {};
        const existingSummaries =
          this.asRecord(existing.summariesByParentMessageId) || {};
        const incomingSummaries =
          this.asRecord(incoming.summariesByParentMessageId) || {};
        const parentMessageIds = new Set<string>([
          ...Object.keys(existingSummaries),
          ...Object.keys(incomingSummaries),
        ]);
        for (const parentMessageId of Array.from(parentMessageIds)) {
          const merged = this.mergeSubagentEntries(
            Array.isArray(existingSummaries[parentMessageId]) ? existingSummaries[parentMessageId] as any[] : [],
            Array.isArray(incomingSummaries[parentMessageId])
              ? (incomingSummaries[parentMessageId] as Array<Record<string, unknown>>)
              : [],
          );
          if (merged.length > 0) {
            mergedSummaries[parentMessageId] = merged;
          }
        }
    
        const mergedDetails: Record<string, unknown> = {};
        const existingDetails = this.asRecord(existing.detailsById) || {};
        const incomingDetails = this.asRecord(incoming.detailsById) || {};
        const detailIds = new Set<string>([
          ...Object.keys(existingDetails),
          ...Object.keys(incomingDetails),
        ]);
        for (const detailId of Array.from(detailIds)) {
          const prev = this.asRecord(existingDetails[detailId]) || {};
          const next = this.asRecord(incomingDetails[detailId]) || {};
          mergedDetails[detailId] = {
            ...prev,
            ...next,
            id: this.firstNonEmptyString(next.id, prev.id, detailId) || detailId,
          };
        }
    
        return {
          summariesByParentMessageId:
            mergedSummaries as SubagentUpdatePayload["summariesByParentMessageId"],
          detailsById: mergedDetails as SubagentUpdatePayload["detailsById"],
        };
      }
    
      /**
       * Load persisted subagent snapshot
       */
      async loadPersistedSubagentSnapshot(
        sessionId: string,
      ): Promise<SubagentUpdatePayload | null> {
        const raw = this.workspaceState.get<unknown>(
          this.getSubagentSnapshotStorageKey(sessionId),
        );
        if (!raw) {
          return null;
        }
        const normalized = this.normalizeSubagentPayload(raw);
        const hasEntries =
          Object.keys(normalized.summariesByParentMessageId || {}).length > 0 ||
          Object.keys(normalized.detailsById || {}).length > 0;
        return hasEntries ? normalized : null;
      }
    
      /**
       * Save persisted subagent snapshot
       */
      async savePersistedSubagentSnapshot(
        sessionId: string,
        payload: SubagentUpdatePayload,
      ): Promise<void> {
        await this.workspaceState.update(
          this.getSubagentSnapshotStorageKey(sessionId),
          payload,
        );
      }
    
      /**
       * Clear persisted subagent snapshot
       */
      async clearPersistedSubagentSnapshot(
        sessionId: string,
      ): Promise<void> {
        await this.workspaceState.update(
          this.getSubagentSnapshotStorageKey(sessionId),
          undefined,
        );
      }
    
      /**
       * Persist subagent live state
       */
      async persistSubagentLiveState(
        sessionId: string,
        payload: SubagentUpdatePayload,
      ): Promise<SubagentUpdatePayload> {
        const existing = await this.loadPersistedSubagentSnapshot(sessionId);
        const merged = existing
          ? this.mergeSubagentPayloads(existing, payload)
          : payload;
        await this.savePersistedSubagentSnapshot(sessionId, merged);
        return merged;
      }
    
      /**
       * Build subagent payload from message
       */
      buildSubagentPayloadFromMessage(
        messageRaw: unknown,
        fallbackSessionId: string,
      ): SubagentUpdatePayload | null {
        const message = this.asRecord(messageRaw);
        if (!message) {
          return null;
        }
        const info = this.asRecord(message.info);
        const messageId = this.firstNonEmptyString(
          info?.id,
          message.id,
          message.messageID,
        );
        const subagentsRaw = Array.isArray(message.subagents)
          ? message.subagents
          : [];
        if (!messageId || subagentsRaw.length === 0) {
          return null;
        }
    
        const summaries: Array<Record<string, unknown>> = [];
        const detailsById: Record<string, unknown> = {};
    
        for (const subagentRaw of subagentsRaw) {
          const subagent = this.asRecord(subagentRaw);
          if (!subagent) {
            continue;
          }
          const id = this.firstNonEmptyString(subagent.id);
          if (!id) {
            continue;
          }
          const parentSessionId = this.firstNonEmptyString(
            subagent.parentSessionId,
            fallbackSessionId,
          );
          const parentMessageId = this.firstNonEmptyString(
            subagent.parentMessageId,
            messageId,
          );
          if (!parentSessionId || !parentMessageId) {
            continue;
          }
    
          const normalized: Record<string, unknown> = {
            ...subagent,
            id,
            parentSessionId,
            parentMessageId,
            status: this.normalizeSubagentStatus(subagent.status),
            latestActivity:
              this.firstNonEmptyString(
                subagent.latestActivity,
                subagent.description,
              ) || "Subagent update",
          };
          if (!Array.isArray(normalized.references)) {
            normalized.references = [];
          }
          if (!Array.isArray(normalized.progressEvents)) {
            normalized.progressEvents = [];
          }
          if (!Array.isArray(normalized.thinkingEvents)) {
            normalized.thinkingEvents = [];
          }
          if (!Array.isArray(normalized.timelineEvents)) {
            normalized.timelineEvents = [];
          }
    
          summaries.push({
            id,
            parentSessionId,
            parentMessageId,
            childSessionId: normalized.childSessionId,
            agentId: normalized.agentId,
            providerID: normalized.providerID,
            modelID: normalized.modelID,
            startedAt: normalized.startedAt,
            endedAt: normalized.endedAt,
            durationMs: normalized.durationMs,
            status: normalized.status,
            latestActivity: normalized.latestActivity,
            references: normalized.references,
          });
          detailsById[id] = normalized;
        }
    
        if (summaries.length === 0) {
          return null;
        }
    
        return {
          summariesByParentMessageId: {
            [messageId]: summaries as SubagentUpdatePayload["summariesByParentMessageId"][string],
          } as SubagentUpdatePayload["summariesByParentMessageId"],
          detailsById: detailsById as SubagentUpdatePayload["detailsById"],
        };
      }
    
      /**
       * Persist subagent update snapshot
       */
      async persistSubagentUpdateSnapshot(
        payload: {
          summariesByParentMessageId?: Record<string, unknown>;
          detailsById?: Record<string, unknown>;
        },
        currentSessionId: string | undefined,
        sessionService: any,
        postMessage: (msg: any) => void,
      ): Promise<void> {
        const summariesMap = this.asRecord(payload.summariesByParentMessageId) || {};
        const parentMessageIds = Object.keys(summariesMap).filter(Boolean);
        if (parentMessageIds.length === 0) {
          return;
        }
    
        const sessionId =
          this.resolveSubagentPayloadSessionId(payload) || currentSessionId;
        if (!sessionId) {
          return;
        }
    
        const normalizedPayload = this.normalizeSubagentPayload(payload);
        await this.persistSubagentLiveState(sessionId, normalizedPayload);
    
        const cachedMessages = await sessionService.loadSessionMessages(
          sessionId,
        );
        if (!Array.isArray(cachedMessages) || cachedMessages.length === 0) {
          return;
        }
    
        let hasChanges = false;
        const nextMessages = cachedMessages.map((rawMessage: any) => {
          const message = this.asRecord(rawMessage);
          if (!message) {
            return rawMessage;
          }
    
          const info = this.asRecord(message.info);
          const messageId = this.firstNonEmptyString(
            info?.id,
            message.id,
            message.messageID,
          );
          if (!messageId || !parentMessageIds.includes(messageId)) {
            return rawMessage;
          }
    
          const incomingSubagents = this.hydrateSubagentsFromPayload(
            messageId,
            normalizedPayload,
            sessionId,
          );
          if (incomingSubagents.length === 0) {
            return rawMessage;
          }
    
          const mergedSubagents = this.mergeSubagentEntries(
            Array.isArray(message.subagents) ? message.subagents as any[] : [],
            incomingSubagents,
          );
          const nextMessage: Record<string, unknown> = {
            ...message,
            subagents: mergedSubagents,
          };
          hasChanges = true;
          return nextMessage;
        });
    
        if (!hasChanges) {
          return;
        }
    
        await sessionService.saveSessionMessages(sessionId, nextMessages);
      }
    
      /**
       * Sync subagent snapshot for session
       */
      async syncSubagentSnapshotForSession(
        sessionId: string,
        messages: any[],
      ): Promise<SubagentUpdatePayload> {
        this.subagentTracker.resetForSession(sessionId);
        this.subagentTracker.seedFromMessages(messages);
        const trackerSnapshot = this.subagentTracker.getSnapshotPayload();
        const persistedSnapshot =
          await this.loadPersistedSubagentSnapshot(sessionId);
        const mergedSnapshot = persistedSnapshot
          ? this.mergeSubagentPayloads(persistedSnapshot, trackerSnapshot)
          : trackerSnapshot;
        // Note: postMessage callback will be set by the shell
        // this.view?.webview.postMessage({
        //   type: "subagentSnapshot",
        //   ...mergedSnapshot,
        // });
        await this.savePersistedSubagentSnapshot(sessionId, mergedSnapshot);
        return mergedSnapshot;
      }
    }
    
    
    /* FILE: E:\Projects\vscode-opencode\src\providers\chat\CompactionManager.ts */
    
    /**
     * CompactionManager Module
     *
     * Handles context compaction lifecycle, persistence, and UI state management.
     *
     * Extracted from ChatViewProvider.ts (~300 lines)
     */
    
    import * as vscode from "vscode";
    import type { OpencodeServerManager } from "../../services/OpencodeServerManager";
    import type { CompactionBaselineStats, PersistedCompactionViewState } from "./types";
    
    export class CompactionManager {
      private static readonly COMPACTION_VIEW_STATE_PREFIX =
        "opencode.session.compaction-view.";
    
      private compactingSessions = new Set<string>();
    
      constructor(
        private workspaceState: vscode.Memento,
        private serverManager: OpencodeServerManager,
        private logger: ReturnType<typeof import("../../utils/Logger").createLogger>,
        private asRecord: (value: unknown) => Record<string, unknown> | undefined,
        private firstNonEmptyString: (...values: unknown[]) => string | undefined,
        private processHistoryMessages: (messages: any[], sessionId: string) => Promise<any[]>,
      ) {
        // postMessage callback will be set by shell
        this.postMessage = () => { };
      }
    
      private postMessage: (msg: any) => void;
    
      setPostMessage(fn: (msg: any) => void): void {
        this.postMessage = fn;
      }
    
      /**
       * Get storage key for compaction view state
       */
      getCompactionViewStateStorageKey(sessionId: string): string {
        return `${CompactionManager.COMPACTION_VIEW_STATE_PREFIX}${sessionId}`;
      }
    
      /**
       * Normalize compaction baseline stats
       */
      normalizeCompactionBaselineStats(
        value: unknown,
      ): CompactionBaselineStats | undefined {
        const rec = this.asRecord(value);
        if (!rec) {
          return undefined;
        }
    
        const normalize = (raw: unknown): number | undefined =>
          typeof raw === "number" && Number.isFinite(raw) && raw >= 0
            ? Math.floor(raw)
            : undefined;
    
        const input = normalize(rec.input);
        const output = normalize(rec.output);
        const read = normalize(rec.read);
        const write = normalize(rec.write);
        const duration = normalize(rec.duration);
    
        if (
          input === undefined &&
          output === undefined &&
          read === undefined &&
          write === undefined &&
          duration === undefined
        ) {
          return undefined;
        }
    
        return {
          input: input ?? 0,
          output: output ?? 0,
          read: read ?? 0,
          write: write ?? 0,
          duration: duration ?? 0,
        };
      }
    
      /**
       * Normalize compaction view state
       */
      normalizeCompactionViewState(
        value: unknown,
      ): PersistedCompactionViewState | null {
        const rec = this.asRecord(value);
        if (!rec) {
          return null;
        }
    
        const next: PersistedCompactionViewState = {};
        if (
          typeof rec.lastCompactedAt === "number" &&
          Number.isFinite(rec.lastCompactedAt) &&
          rec.lastCompactedAt > 0
        ) {
          next.lastCompactedAt = Math.floor(rec.lastCompactedAt);
        }
        const baselineStats = this.normalizeCompactionBaselineStats(
          rec.baselineStats,
        );
        if (baselineStats) {
          next.baselineStats = baselineStats;
        }
        if (
          typeof rec.compactionDividerIndex === "number" &&
          Number.isFinite(rec.compactionDividerIndex) &&
          rec.compactionDividerIndex >= 0
        ) {
          next.compactionDividerIndex = Math.floor(rec.compactionDividerIndex);
        }
        const dividerBeforeMessageId = this.firstNonEmptyString(
          rec.compactionDividerBeforeMessageId,
        );
        if (dividerBeforeMessageId) {
          next.compactionDividerBeforeMessageId = dividerBeforeMessageId;
        }
        const dividerAfterMessageId = this.firstNonEmptyString(
          rec.compactionDividerAfterMessageId,
        );
        if (dividerAfterMessageId) {
          next.compactionDividerAfterMessageId = dividerAfterMessageId;
        }
        if (typeof rec.collapsed === "boolean") {
          next.collapsed = rec.collapsed;
        }
    
        return Object.keys(next).length > 0 ? next : null;
      }
    
      /**
       * Load persisted compaction view state
       */
      async loadPersistedCompactionViewState(
        sessionId: string,
      ): Promise<PersistedCompactionViewState | null> {
        const raw = this.workspaceState.get<unknown>(
          this.getCompactionViewStateStorageKey(sessionId),
        );
        return this.normalizeCompactionViewState(raw);
      }
    
      /**
       * Save persisted compaction view state
       */
      async savePersistedCompactionViewState(
        sessionId: string,
        state: PersistedCompactionViewState,
      ): Promise<void> {
        await this.workspaceState.update(
          this.getCompactionViewStateStorageKey(sessionId),
          state,
        );
      }
    
      /**
       * Clear persisted compaction view state
       */
      async clearPersistedCompactionViewState(
        sessionId: string,
      ): Promise<void> {
        await this.workspaceState.update(
          this.getCompactionViewStateStorageKey(sessionId),
          undefined,
        );
      }
    
      /**
       * Post compaction view state to webview
       */
      postCompactionViewState(
        sessionId: string,
        state: PersistedCompactionViewState,
      ): void {
        this.postMessage({
          type: "compactionViewState",
          sessionId,
          ...state,
        });
      }
    
      /**
       * Send persisted compaction view state to webview
       */
      async sendPersistedCompactionViewState(
        sessionId: string,
      ): Promise<void> {
        const state = await this.loadPersistedCompactionViewState(sessionId);
        if (!state) {
          return;
        }
        this.postCompactionViewState(sessionId, state);
      }
    
      /**
       * Resolve session compaction divider state
       */
      async resolveSessionCompactionDividerState(
        sessionId: string,
        sessionService: any,
      ): Promise<{
        compactionDividerIndex?: number;
        compactionDividerBeforeMessageId?: string;
        compactionDividerAfterMessageId?: string;
      }> {
        try {
          const rawMessages = await sessionService.getMessages(sessionId);
          const messages = Array.isArray(rawMessages)
            ? await this.processHistoryMessages(rawMessages, sessionId)
            : [];
    
          const state = await this.loadPersistedCompactionViewState(sessionId);
          if (!state) {
            return {};
          }
    
          const dividerIndex = state.compactionDividerIndex;
          if (dividerIndex === undefined || dividerIndex < 0 || dividerIndex >= messages.length) {
            return {};
          }
    
          const beforeMessage = messages[dividerIndex];
          const afterMessage = messages[dividerIndex + 1];
    
          return {
            compactionDividerIndex: dividerIndex,
            compactionDividerBeforeMessageId: this.firstNonEmptyString(
              beforeMessage?.id,
              beforeMessage?.messageId,
            ),
            compactionDividerAfterMessageId: this.firstNonEmptyString(
              afterMessage?.id,
              afterMessage?.messageId,
            ),
          };
        } catch {
          return {};
        }
      }
    
      /**
       * Post compaction status
       */
      postCompactionStatus(payload: {
        sessionId: string;
        status: string;
        error?: string;
        compacted?: boolean;
        baselineStats?: CompactionBaselineStats;
        compactionDividerBeforeMessageId?: string;
        compactionDividerAfterMessageId?: string;
      }): void {
        this.postMessage({
          type: "compactionStatus",
          ...payload,
        });
      }
    
      /**
       * Persist and publish compaction view state
       */
      async persistAndPublishCompactionViewState(
        sessionId: string,
        state: PersistedCompactionViewState,
      ): Promise<void> {
        await this.savePersistedCompactionViewState(sessionId, state);
        this.postCompactionViewState(sessionId, state);
      }
    
      /**
       * Handle set compaction view state
       */
      async handleSetCompactionViewState(message: {
        sessionId: string;
        collapsed?: boolean;
        compactionDividerIndex?: number;
        compactionDividerBeforeMessageId?: string;
        compactionDividerAfterMessageId?: string;
      }): Promise<void> {
        const { sessionId, collapsed } = message;
        const state = await this.loadPersistedCompactionViewState(sessionId);
        if (!state) {
          return;
        }
        state.collapsed = collapsed;
        if (
          typeof message.compactionDividerIndex === "number" &&
          Number.isFinite(message.compactionDividerIndex) &&
          message.compactionDividerIndex >= 0
        ) {
          state.compactionDividerIndex = Math.floor(message.compactionDividerIndex);
        }
        const dividerBefore = this.firstNonEmptyString(
          message.compactionDividerBeforeMessageId,
        );
        if (dividerBefore) {
          state.compactionDividerBeforeMessageId = dividerBefore;
        }
        const dividerAfter = this.firstNonEmptyString(
          message.compactionDividerAfterMessageId,
        );
        if (dividerAfter) {
          state.compactionDividerAfterMessageId = dividerAfter;
        }
        await this.persistAndPublishCompactionViewState(sessionId, state);
      }
    
      /**
       * Resolve compaction session ID
       */
      async resolveCompactionSessionId(message: {
        sessionId?: string;
        compactSession?: string;
      }): Promise<string | undefined> {
        if (message.sessionId) {
          return message.sessionId;
        }
        if (message.compactSession) {
          return message.compactSession;
        }
        return undefined;
      }
    
      /**
       * Get selected model context limit
       */
      getSelectedModelContextLimit(): number | undefined {
        // This will be provided by the shell via callback
        return undefined;
      }
    
      /**
       * Maybe auto compact session
       */
      async maybeAutoCompact(
        sessionId: string,
        responseData: any,
        sessionService: any,
      ): Promise<void> {
        if (!responseData?.usage) {
          return;
        }
    
        const contextLimit = this.getSelectedModelContextLimit();
        if (!contextLimit) {
          return;
        }
    
        const totalTokens = (responseData.usage.inputTokens || 0) +
          (responseData.usage.totalTokens || 0) +
          (responseData.usage.prompt_tokens || 0);
    
        const threshold = Math.floor(contextLimit * 0.8);
        if (totalTokens < threshold) {
          return;
        }
    
        if (this.compactingSessions.has(sessionId)) {
          return;
        }
    
        this.logger.info("Auto-compaction threshold reached", {
          sessionId,
          totalTokens,
          threshold,
          contextLimit,
        });
    
        await this.handleCompactSession(
          sessionId,
          { auto: true, threshold: totalTokens },
          sessionService,
        );
      }
    
      /**
       * Handle compact session
       */
      async handleCompactSession(
        sessionId: string,
        options: { auto?: boolean; threshold?: number },
        sessionService: any,
      ): Promise<void> {
        if (this.compactingSessions.has(sessionId)) {
          this.logger.warn("Compaction already in progress", { sessionId });
          return;
        }
    
        this.compactingSessions.add(sessionId);
    
        try {
          const dividerState = await this.resolveSessionCompactionDividerState(
            sessionId,
            sessionService,
          );
    
          this.postCompactionStatus({
            sessionId,
            status: "running",
          });
    
          const response = await this.serverManager.compactSession(sessionId);
    
          if (!response?.data) {
            throw new Error("No data in compaction response");
          }
    
          const baselineStats = this.normalizeCompactionBaselineStats(
            (response.data as Record<string, unknown>)?.baselineStats,
          );
    
          const state: PersistedCompactionViewState = {
            lastCompactedAt: Date.now(),
            baselineStats,
            collapsed: false,
            compactionDividerIndex: dividerState.compactionDividerIndex,
            compactionDividerBeforeMessageId:
              dividerState.compactionDividerBeforeMessageId,
            compactionDividerAfterMessageId:
              dividerState.compactionDividerAfterMessageId,
          };
    
          await this.persistAndPublishCompactionViewState(sessionId, state);
    
          this.postCompactionStatus({
            sessionId,
            status: "done",
            compacted: true,
            baselineStats,
            compactionDividerBeforeMessageId:
              dividerState.compactionDividerBeforeMessageId,
            compactionDividerAfterMessageId:
              dividerState.compactionDividerAfterMessageId,
          });
    
          this.logger.info("Session compacted successfully", {
            sessionId,
            auto: options.auto,
            baselineStats,
          });
        } catch (error) {
          const errorMessage = error instanceof Error ? error.message : String(error);
          this.logger.error("Session compaction failed", {
            sessionId,
            error: errorMessage,
          });
    
          this.postCompactionStatus({
            sessionId,
            status: "error",
            error: errorMessage,
          });
        } finally {
          this.compactingSessions.delete(sessionId);
        }
      }
    
      /**
       * Forward compaction status from stream event
       */
      forwardCompactionStatusFromStreamEvent(event: unknown): void {
        const rec = this.asRecord(event);
        if (!rec) return;
    
        const sessionId = this.firstNonEmptyString(
          rec.sessionId,
          rec.sessionID,
        );
        if (!sessionId) return;
    
        const status = this.firstNonEmptyString(rec.status);
        const normalizedStatus = status === "completed" ? "done" : status;
        const compacted = rec.compacted === true;
        const error = this.firstNonEmptyString(rec.error);
        const baselineStats = this.normalizeCompactionBaselineStats(rec.baselineStats);
        const compactionDividerBeforeMessageId = this.firstNonEmptyString(
          rec.compactionDividerBeforeMessageId,
        );
        const compactionDividerAfterMessageId = this.firstNonEmptyString(
          rec.compactionDividerAfterMessageId,
        );
    
        if (
          !normalizedStatus &&
          !compacted &&
          !error &&
          !baselineStats &&
          !compactionDividerBeforeMessageId &&
          !compactionDividerAfterMessageId
        ) {
          return;
        }
    
        this.postCompactionStatus({
          sessionId,
          status: normalizedStatus || "unknown",
          compacted,
          error,
          baselineStats,
          compactionDividerBeforeMessageId,
          compactionDividerAfterMessageId,
        });
      }
    }
    
    
    /* FILE: E:\Projects\vscode-opencode\src\providers\chat\HistoryProcessor.ts */
    
    /**
     * HistoryProcessor Module
     *
     * All logic for transforming raw SDK messages into renderable history for the webview.
     *
     * Extracted from ChatViewProvider.ts (~750 lines)
     */
    
    import * as vscode from "vscode";
    import type { StructuredOutputProcessor } from "./StructuredOutputProcessor";
    import type { StructuredAssistantOutput } from "./types";
    
    export class HistoryProcessor {
      constructor(
        private workspaceState: vscode.Memento,
        private logger: ReturnType<typeof import("../../utils/Logger").createLogger>,
        private structuredOutputProcessor: StructuredOutputProcessor,
        private asRecord: (value: unknown) => Record<string, unknown> | undefined,
        private firstNonEmptyString: (...values: unknown[]) => string | undefined,
        private isLikelyToolCallTranscript: (text: string) => boolean,
        private extractMessageBodyText: (message: any) => string,
        private planManager?: any,
      ) { }
    
      /**
       * Normalize plan-proceed user messages
       */
      private normalizePlanProceedUserMessage(message: any): any {
        if (!this.planManager) return message;
        return this.planManager.normalizePlanProceedUserMessage(message);
      }
    
      /**
       * Apply structured output to message
       */
      private applyStructuredOutputToMessage(
        message: any,
        options?: { allowSyntheticFallbackError?: boolean },
      ): any {
        if (!message) return message;
    
        // Detect abort errors early
        const messageInfoError = message?.info?.error ?? message?.error;
        if (messageInfoError?.name === "MessageAbortedError") {
          return { ...message, aborted: true };
        }
    
        // Get role
        const role = this.firstNonEmptyString(
          message?.info?.role,
          message?.role,
        )?.toLowerCase();
    
        // System messages get a default structured output
        if (role === "system") {
          return {
            ...message,
            responseType: "system",
            structuredOutput: {
              responseType: "system",
            },
          };
        }
    
        // Extract any structured output from the message
        const structured = this.structuredOutputProcessor.extractStructuredOutput(message);
    
        if (!structured) {
          // No structured output - return message with default
          const bodyText = this.extractMessageBodyText(message);
          if (role === "assistant" && bodyText) {
            return {
              ...message,
              structuredOutput: {
                responseType: "message",
                message: bodyText,
              },
              content: bodyText,
            };
          }
          return message;
        }
    
        // Apply the extracted structured output to the message
        return this.structuredOutputProcessor.applyStructuredOutputToMessage(
          message,
          structured,
        ) || message;
      }
    
      /**
       * Enrich message with plan information
       */
      private enrichMessageWithPlan(message: any): any {
        return this.structuredOutputProcessor.enrichMessageWithPlan(message);
      }
    
      /**
       * Get storage key for message overrides
       */
      getMessageOverrideStorageKey(messageId: string): string {
        return `opencode.messageOverride.${messageId}`;
      }
    
      /**
       * Load session message overrides
       */
      async loadSessionMessageOverrides(sessionId: string): Promise<Record<string, any>> {
        const key = `opencode.session.messageOverrides.${sessionId}`;
        const raw = this.workspaceState.get<Record<string, any>>(key);
        return raw || {};
      }
    
      /**
       * Persist session message override
       */
      async persistSessionMessageOverride(
        sessionId: string,
        override: any,
      ): Promise<void> {
        const overrides = await this.loadSessionMessageOverrides(sessionId);
        const messageId = this.extractHistoryMessageId(override);
        if (messageId) {
          overrides[messageId] = override;
        }
        const key = `opencode.session.messageOverrides.${sessionId}`;
        await this.workspaceState.update(key, overrides);
      }
    
      /**
       * Persist the final assistant debug message override for session hydration parity.
       * Ensures rawResponse is retained on reload so the hydrated view matches the live session view.
       */
      async handleSendMessage(session: { id: string }, debugMessage: any, duration: number): Promise<void> {
        await this.persistSessionMessageOverride(session.id, {
          ...debugMessage,
          timing: {
            duration: duration,
          },
        });
      }
    
      /**
       * Apply session message overrides to messages
       */
      async applySessionMessageOverrides(
        sessionId: string,
        messages: any[],
      ): Promise<any[]> {
        const overrides = await this.loadSessionMessageOverrides(sessionId);
        if (Object.keys(overrides).length === 0) {
          return messages;
        }
    
        return messages.map((message) => {
          const messageId = this.extractHistoryMessageId(message);
          if (!messageId || !overrides[messageId]) {
            return message;
          }
    
          const override = overrides[messageId];
          return {
            ...message,
            ...override,
            id: messageId,
          };
        });
      }
    
      /**
       * Clear session message overrides
       */
      async clearSessionMessageOverrides(sessionId: string): Promise<void> {
        const key = `opencode.session.messageOverrides.${sessionId}`;
        await this.workspaceState.update(key, undefined);
      }
    
      /**
       * Process history messages for rendering.
       * Canonical pipeline: normalize → structured output → filter → dedup → coalesce.
       */
      processHistoryMessages(rawMessages: any[], sessionId: string): any[] {
        if (!Array.isArray(rawMessages) || rawMessages.length === 0) {
          return [];
        }
    
        const processed = rawMessages
          .map((rawMessage: any) => {
            const message =
              rawMessage && typeof rawMessage === "object"
                ? { ...rawMessage }
                : rawMessage;
            const normalizedMessage = this.normalizePlanProceedUserMessage(message);
            const structured = this.applyStructuredOutputToMessage(normalizedMessage, {
              allowSyntheticFallbackError: false,
            });
            return this.enrichMessageWithPlan(structured);
          })
          .filter((message) => this.isRenderableHistoryMessage(message));
    
        const ordered = this.orderHistoryMessagesChronologically(processed);
        const dedupedUserMessages = this.dedupeUserMessagesByContent(ordered);
        const deduped = this.dedupeMirrorHistoryMessages(dedupedUserMessages);
        const mergedActivity = this.mergeAdjacentAssistantActivityMessages(deduped);
        return this.mergeConsecutiveAssistantBursts(mergedActivity);
      }
    
      private orderHistoryMessagesChronologically(messages: any[]): any[] {
        if (!Array.isArray(messages) || messages.length <= 1) {
          return messages;
        }
    
        const decorated = messages.map((message, index) => ({
          message,
          index,
          createdAt: this.historyMessageCreatedAt(message),
          role: this.firstNonEmptyString(
            message?.role,
            message?.info?.role,
            message?.sender,
          )?.toLowerCase(),
        }));
    
        decorated.sort((a, b) => {
          if (
            typeof a.createdAt === "number" &&
            Number.isFinite(a.createdAt) &&
            typeof b.createdAt === "number" &&
            Number.isFinite(b.createdAt)
          ) {
            if (a.createdAt !== b.createdAt) {
              return a.createdAt - b.createdAt;
            }
    
            // For same-timestamp turns, keep user input ahead of assistant output.
            if (a.role === "user" && b.role === "assistant") {
              return -1;
            }
            if (a.role === "assistant" && b.role === "user") {
              return 1;
            }
          }
    
          // Preserve original order when timestamps are unavailable/ambiguous.
          return a.index - b.index;
        });
    
        return decorated.map((entry) => entry.message);
      }
    
      /**
       * Merge adjacent assistant activity messages
       */
      public mergeAdjacentAssistantActivityMessages(messages: any[]): any[] {
        const result: any[] = [];
        for (const message of messages) {
          if (!this.isActivityOnlyAssistantMessage(message)) {
            result.push(message);
            continue;
          }
    
          const last = result[result.length - 1];
          const lastId = this.extractHistoryMessageId(last);
          const currentId = this.extractHistoryMessageId(message);
          if (
            last &&
            this.isActivityOnlyAssistantMessage(last) &&
            lastId &&
            currentId &&
            lastId === currentId
          ) {
            const merged = this.mergeMessageParts([last, message]);
            result[result.length - 1] = merged;
          } else {
            result.push(message);
          }
        }
        return result;
      }
    
      /**
       * Merge consecutive assistant bursts
       */
      public mergeConsecutiveAssistantBursts(messages: any[]): any[] {
        const result: any[] = [];
        let currentBurst: any[] = [];
    
        for (const message of messages) {
          const role = this.firstNonEmptyString(
            message?.role,
            message?.info?.role,
            message?.sender,
          )?.toLowerCase();
          const isAssistant = role === "assistant";
          if (!isAssistant) {
            if (currentBurst.length > 0) {
              result.push(this.coalesceAssistantBurst(currentBurst));
              currentBurst = [];
            }
            result.push(message);
            continue;
          }
    
          const previous = currentBurst[currentBurst.length - 1];
          if (
            previous &&
            !this.shouldMergeAssistantBurstMessages(previous, message)
          ) {
            result.push(this.coalesceAssistantBurst(currentBurst));
            currentBurst = [];
          }
    
          currentBurst.push(message);
        }
    
        if (currentBurst.length > 0) {
          result.push(this.coalesceAssistantBurst(currentBurst));
        }
    
        return result;
      }
    
      private shouldMergeAssistantBurstMessages(previous: any, next: any): boolean {
        if (!previous || !next) {
          return false;
        }
        const previousActivityOnly = this.isActivityOnlyAssistantMessage(previous);
        const nextActivityOnly = this.isActivityOnlyAssistantMessage(next);
        // Never collapse distinct user-facing assistant replies into one message.
        if (!previousActivityOnly && !nextActivityOnly) {
          return false;
        }
    
        const previousId = this.extractHistoryMessageId(previous);
        const nextId = this.extractHistoryMessageId(next);
        return Boolean(previousId && nextId && previousId === nextId);
      }
    
      /**
       * Coalesce assistant burst into single message
       */
      private coalesceAssistantBurst(burst: any[]): any {
        if (burst.length === 0) return null;
        if (burst.length === 1) return burst[0];
    
        const base = { ...(burst[burst.length - 1] || burst[0] || {}) };
    
        const appendUnique = (target: any[], incoming: any[]): void => {
          if (!Array.isArray(incoming) || incoming.length === 0) {
            return;
          }
          const seen = new Set(target.map((entry) => JSON.stringify(entry)));
          for (const item of incoming) {
            const key = JSON.stringify(item);
            if (!seen.has(key)) {
              seen.add(key);
              target.push(item);
            }
          }
        };
    
        base.parts = Array.isArray(base.parts) ? [...base.parts] : [];
        base.subagents = Array.isArray(base.subagents) ? [...base.subagents] : [];
        base.interactiveEvents = Array.isArray(base.interactiveEvents)
          ? [...base.interactiveEvents]
          : [];
        base.progressUpdates = Array.isArray(base.progressUpdates)
          ? [...base.progressUpdates]
          : [];
        base.reasoning = Array.isArray(base.reasoning) ? [...base.reasoning] : [];
    
        let latestRawResponse: unknown = base.rawResponse;
    
        for (const message of burst) {
          appendUnique(base.parts, Array.isArray(message?.parts) ? message.parts : []);
          appendUnique(
            base.subagents,
            Array.isArray(message?.subagents) ? message.subagents : [],
          );
          appendUnique(
            base.interactiveEvents,
            Array.isArray(message?.interactiveEvents)
              ? message.interactiveEvents
              : [],
          );
          appendUnique(
            base.progressUpdates,
            Array.isArray(message?.progressUpdates) ? message.progressUpdates : [],
          );
          appendUnique(
            base.reasoning,
            Array.isArray(message?.reasoning) ? message.reasoning : [],
          );
    
          const structured = this.structuredOutputProcessor.extractStructuredOutput(message);
          if (structured) {
            base.structuredOutput = structured;
          }
          if (message && "rawResponse" in message) {
            latestRawResponse = message.rawResponse;
          }
        }
    
        base.rawResponse = latestRawResponse;
        base.content = this.extractMessageBodyText(base);
        return base;
      }
    
      /**
       * Merge message parts
       */
      private mergeMessageParts(messages: any[]): any {
        if (messages.length === 0) return null;
        if (messages.length === 1) return messages[0];
    
        const first = messages[0];
        const merged: any = { ...first };
    
        merged.parts = messages.flatMap((m) => m.parts || []);
        merged.content = this.extractMessageBodyText(merged);
    
        return merged;
      }
    
      /**
       * Get history part fingerprint
       */
      private historyPartFingerprint(part: any): string | undefined {
        if (!part) return undefined;
        const text = this.firstNonEmptyString(part.text, part.content);
        if (typeof text !== "string" || !text) return undefined;
        return `${part.type || "text"}:${text.slice(0, 100)}`;
      }
    
      /**
       * Check if message is assistant history message
       */
      private isAssistantHistoryMessage(message: any): boolean {
        return message?.role === "assistant" || message?.sender === "assistant";
      }
    
      /**
       * Check if message is activity-only assistant message
       */
      private isActivityOnlyAssistantMessage(message: any): boolean {
        if (!this.isAssistantHistoryMessage(message)) return false;
    
        const hasRenderableText = Boolean(
          this.extractMessageBodyText(message)?.trim()
        );
        if (hasRenderableText) return false;
    
        const hasActivity =
          (Array.isArray(message.subagents) && message.subagents.length > 0) ||
          (Array.isArray(message.interactiveEvents) && message.interactiveEvents.length > 0) ||
          (Array.isArray(message.progressUpdates) && message.progressUpdates.length > 0);
    
        return hasActivity;
      }
    
      /**
       * Check if message has renderable history payload
       */
      private hasRenderableHistoryPayload(message: any): boolean {
        if (!message || typeof message !== "object") return false;
        if (this.isInternalSystemReminderMessage(message)) {
          return false;
        }
    
        // FIX: Check assistant messages with parts FIRST, before any other checks.
        // This ensures question-type messages with parts but no text content are preserved.
        // Prevents regression where assistant messages disappear after session restart.
        const role = message.role || message.info?.role;
        if (role === "assistant" && Array.isArray(message.parts) && message.parts.length > 0) {
          return true;
        }
    
        if (this.extractMessageBodyText(message)?.trim()) return true;
        if (message.structuredOutput) return true;
        if (Array.isArray(message.subagents) && message.subagents.length > 0) return true;
        if (Array.isArray(message.interactiveEvents) && message.interactiveEvents.length > 0) return true;
        if (Array.isArray(message.progressUpdates) && message.progressUpdates.length > 0) return true;
        return false;
      }
    
      /**
       * Check if message is internal system reminder
       */
      private isInternalSystemReminderMessage(message: any): boolean {
        if (!message || typeof message !== "object") return false;
    
        const role = this.firstNonEmptyString(
          message?.role,
          message?.info?.role,
        )?.toLowerCase().trim();
        if (role !== "user" && role !== "system") return false;
    
        const text = this.extractMessageBodyText(message);
        if (!text) return false;
    
        if (this.isPlanProceedMessageText(text)) {
          return false;
        }
    
        const normalized = text.trim().toLowerCase();
    
        // Check for square-bracketed system messages at the start (e.g., [analyze-mode], [background task completed])
        const bracketPattern = /^\[[a-z][a-z0-9_\- ]*\]/i;
        const hasBracketPrefix = bracketPattern.test(text.trim());
    
        return (
          normalized.includes("<system-reminder>") ||
          normalized.includes("<auto-slash-command>") ||
          normalized.includes("<!-- omo_internal_initiator -->") ||
          hasBracketPrefix ||
          (normalized.includes("[search-model]") && normalized.includes("maximize search effort")) ||
          normalized.startsWith("system reminder") ||
          normalized.startsWith("internal reminder") ||
          normalized.includes("reminder: you can")
        );
      }
    
      /**
       * Check if text is plan-proceed message
       */
      private isPlanProceedMessageText(text: string): boolean {
        if (!text) return false;
        const lower = text.toLowerCase().trim();
        return lower === "proced" || lower === "proceed" || lower === "let's proceed" || lower === "ok, proceed";
      }
    
      /**
       * Check if message is renderable history message
       */
      isRenderableHistoryMessage(message: any): boolean {
        if (!message) return false;
        // Don't filter out system reminder messages - they will be converted to system role
        // and rendered with the SystemMessage component
        if (this.isInternalSystemReminderMessage(message)) return true;
        return this.hasRenderableHistoryPayload(message);
      }
    
      /**
       * Dedupe mirror history messages
       */
      public dedupeMirrorHistoryMessages(messages: any[]): any[] {
        const seen = new Set<string>();
        return messages.filter((message) => {
          const fingerprint = this.historyMessageFingerprint(message);
          if (!fingerprint) return true;
    
          if (seen.has(fingerprint)) {
            return false;
          }
          seen.add(fingerprint);
          return true;
        });
      }
    
      /**
       * Dedupe user messages with identical content
       * This fixes duplicate "Plan Approved" messages that may occur during hydration
       */
      private dedupeUserMessagesByContent(messages: any[]): any[] {
        if (!Array.isArray(messages) || messages.length <= 1) {
          return messages;
        }
    
        const deduped: any[] = [];
        const seenUserContents = new Set<string>();
    
        for (const message of messages) {
          const role = this.firstNonEmptyString(
            message?.role,
            message?.info?.role,
            message?.sender,
          )?.toLowerCase();
    
          if (role !== "user") {
            deduped.push(message);
            continue;
          }
    
          const content = this.extractMessageBodyText(message);
          if (!content) {
            deduped.push(message);
            continue;
          }
    
          const normalizedContent = content.trim();
          if (seenUserContents.has(normalizedContent)) {
            this.logger.debug("[HistoryProcessor] Skipping duplicate user message", {
              content: normalizedContent.substring(0, 100),
              totalSkipped: seenUserContents.size,
            });
            continue;
          }
    
          seenUserContents.add(normalizedContent);
          deduped.push(message);
        }
    
        if (deduped.length < messages.length) {
          this.logger.debug("[HistoryProcessor] User message deduplication complete", {
            inputCount: messages.length,
            outputCount: deduped.length,
            duplicatesRemoved: messages.length - deduped.length,
          });
        }
    
        return deduped;
      }
    
      /**
       * Check if messages are mirror history messages (i.e., represent the same logical message).
       * Preserves intentional idless repeats by returning false when both have no ID.
       */
      private areMirrorHistoryMessages(a: any, b: any): boolean {
        const existingId = this.extractHistoryMessageId(a);
        const incomingId = this.extractHistoryMessageId(b);
    
        if (existingId && incomingId) {
          if (existingId === incomingId) return true;
          // Both have non-synthetic IDs that differ — not mirrors
          if (!this.isSyntheticLocalMessageId(existingId) && !this.isSyntheticLocalMessageId(incomingId)) {
            return false;
          }
          // At least one is synthetic — fall through to timestamp proximity check
        } else if (!existingId && !incomingId) {
          // Both idless — do not collapse intentional idless repeats
          return false;
        }
    
        const existingCreatedAt = this.historyMessageCreatedAt(a);
        const incomingCreatedAt = this.historyMessageCreatedAt(b);
        if (
          typeof existingCreatedAt !== "number" ||
          typeof incomingCreatedAt !== "number"
        ) {
          return false;
        }
        return Math.abs(existingCreatedAt - incomingCreatedAt) <= 15_000;
      }
    
      /**
       * Extract history message ID
       */
      extractHistoryMessageId(message: any): string | undefined {
        return this.firstNonEmptyString(
          message?.id,
          message?.messageId,
          message?.info?.id,
        );
      }
    
      /**
       * Get history message created at timestamp
       */
      private historyMessageCreatedAt(message: any): number | undefined {
        const info = this.asRecord(message?.info);
        const infoTime = this.asRecord(info?.time);
        const time = this.asRecord(message?.time);
    
        const numericCandidates = [
          infoTime?.created,
          time?.created,
          info?.createdAt,
          info?.timestamp,
          message?.createdAt,
          message?.timestamp,
        ];
        for (const candidate of numericCandidates) {
          if (typeof candidate === "number" && Number.isFinite(candidate)) {
            return candidate;
          }
        }
    
        const stringCandidates = [
          this.firstNonEmptyString(
            info?.createdAt,
            info?.timestamp,
            message?.createdAt,
            message?.timestamp,
          ),
        ];
        for (const candidate of stringCandidates) {
          if (!candidate) {
            continue;
          }
          const parsed = new Date(candidate).getTime();
          if (Number.isFinite(parsed)) {
            return parsed;
          }
        }
    
        return undefined;
      }
    
      /**
       * Get history message fingerprint
       */
      historyMessageFingerprint(message: any): string | undefined {
        const id = this.extractHistoryMessageId(message);
        const role = this.firstNonEmptyString(message?.role, message?.sender);
        const rawContent = this.extractMessageBodyText(message);
        const content = typeof rawContent === "string" ? rawContent.slice(0, 200) : undefined;
    
        if (!id && !role && !content) return undefined;
    
        const parts = [];
        if (id) parts.push(`id:${id}`);
        if (role) parts.push(`role:${role}`);
        if (typeof content === "string" && content) parts.push(`content:${content.slice(0, 100)}`);
    
        return parts.join("|");
      }
    
      /**
       * Get history message richness score
       */
      private historyMessageRichnessScore(message: any): number {
        let score = 0;
    
        const content = this.extractMessageBodyText(message);
        if (content) score += Math.min(content.length / 100, 10);
    
        if (Array.isArray(message.subagents)) score += message.subagents.length * 2;
        if (Array.isArray(message.interactiveEvents)) score += message.interactiveEvents.length * 2;
        if (Array.isArray(message.progressUpdates)) score += message.progressUpdates.length;
        if (message.structuredOutput) score += 5;
        if (Array.isArray(message.reasoning)) score += message.reasoning.length * 0.5;
    
        return score;
      }
    
      /**
       * Pick richer history message
       */
      private pickRicherHistoryMessage(a: any, b: any): any {
        const scoreA = this.historyMessageRichnessScore(a);
        const scoreB = this.historyMessageRichnessScore(b);
        return scoreA >= scoreB ? a : b;
      }
    
      /**
       * Pick canonical history message ID from a group of messages.
       * Prefers non-synthetic IDs when available.
       */
      private pickCanonicalHistoryMessageId(messages: any[]): string | undefined {
        const ids = messages
          .map((m) => this.extractHistoryMessageId(m))
          .filter((id): id is string => Boolean(id));
    
        if (ids.length === 0) return undefined;
    
        // Prefer a non-synthetic ID
        const preferred = ids.find((id) => !this.isSyntheticLocalMessageId(id));
        return preferred ?? ids[0];
      }
    
      /**
       * Check if message ID is synthetic
       */
      private isSyntheticLocalMessageId(id: string): boolean {
        if (!id) return false;
        return id.startsWith("msg_local_") || id.startsWith("local-");
      }
    
      /**
       * Get latest assistant history marker
       */
      public getLatestAssistantHistoryMarker(messages: any[]): {
        id?: string;
        fingerprint?: string;
        createdAt?: number;
        richness: number;
      } {
        if (!Array.isArray(messages) || messages.length === 0) {
          return {
            id: undefined,
            fingerprint: undefined,
            createdAt: undefined,
            richness: -1,
          };
        }
    
        let latest: any = null;
        let latestScore = -1;
    
        for (const message of messages) {
          if (!this.isAssistantHistoryMessage(message)) continue;
    
          const richness = this.historyMessageRichnessScore(message);
          if (richness <= latestScore) continue;
    
          latest = message;
          latestScore = richness;
        }
    
        return {
          id: this.extractHistoryMessageId(latest),
          fingerprint: this.historyMessageFingerprint(latest),
          createdAt: latest ? this.historyMessageCreatedAt(latest) : undefined,
          richness: latestScore,
        };
      }
    
      /**
       * Check if assistant history has advanced
       */
      public hasAssistantHistoryAdvanced(
        currentMessages: any[] | { id?: string; fingerprint?: string; createdAt?: number; richness?: number } | undefined,
        previousMessages: any[] | { id?: string; fingerprint?: string; createdAt?: number; richness?: number } | undefined,
      ): boolean {
        const asMarker = (
          value:
            | any[]
            | { id?: string; fingerprint?: string; createdAt?: number; richness?: number }
            | undefined,
        ): { id?: string; fingerprint?: string; createdAt?: number; richness: number } | undefined => {
          if (!value) {
            return undefined;
          }
          if (Array.isArray(value)) {
            const marker = this.getLatestAssistantHistoryMarker(value);
            return marker.id || marker.fingerprint || typeof marker.createdAt === "number"
              ? marker
              : undefined;
          }
          if (typeof value === "object") {
            return {
              id: typeof value.id === "string" ? value.id : undefined,
              fingerprint:
                typeof value.fingerprint === "string" ? value.fingerprint : undefined,
              createdAt:
                typeof value.createdAt === "number" && Number.isFinite(value.createdAt)
                  ? value.createdAt
                  : undefined,
              richness:
                typeof value.richness === "number" && Number.isFinite(value.richness)
                  ? value.richness
                  : 0,
            };
          }
          return undefined;
        };
    
        const currentMarker = asMarker(currentMessages);
        const previousMarker = asMarker(previousMessages);
    
        if (!currentMarker) {
          return false;
        }
        if (!previousMarker) {
          return true;
        }
    
        if (currentMarker.id && previousMarker.id && currentMarker.id !== previousMarker.id) {
          return true;
        }
        if (currentMarker.id && !previousMarker.id) {
          return true;
        }
        if (
          currentMarker.fingerprint &&
          previousMarker.fingerprint &&
          currentMarker.fingerprint !== previousMarker.fingerprint
        ) {
          return true;
        }
        if (currentMarker.fingerprint && !previousMarker.fingerprint) {
          return true;
        }
        if (
          typeof currentMarker.createdAt === "number" &&
          typeof previousMarker.createdAt === "number" &&
          currentMarker.createdAt > previousMarker.createdAt + 1000
        ) {
          return true;
        }
    
        return currentMarker.richness > previousMarker.richness + 12;
      }
    }
    
    
    /* FILE: E:\Projects\vscode-opencode\src\providers\chat\ModelAndAgentManager.ts */
    
    /**
     * ModelAndAgentManager Module
     *
     * Model discovery, selection persistence, agent management, thinking level, commands catalog.
     *
     * Extracted from ChatViewProvider.ts (~500 lines)
     */
    
    import * as vscode from "vscode";
    import * as cp from "child_process";
    import * as util from "util";
    import type { OpencodeServerManager } from "../../services/OpencodeServerManager";
    import type { ModelCapabilitiesService } from "../../services/ModelCapabilitiesService";
    import type { Command as SdkCommand } from "@opencode-ai/sdk" with { "resolution-mode": "import" };
    import type { ChatModelOption, ChatSlashCommand, SessionSettings } from "./types";
    import { LoggingCategories } from "../../utils/LoggingSchema";
    
    export class ModelAndAgentManager {
      private selectedModel: { providerID: string; modelID: string; providerName?: string };
      private availableModels: ChatModelOption[] = [];
      private selectedAgent?: string;
      private modelsFetchPromise: Promise<ChatModelOption[]> | null = null;
      private commandCatalog: ChatSlashCommand[] = [];
      private commandCatalogFetchedAt = 0;
      private readonly COMMAND_CATALOG_TTL_MS = 5 * 60 * 1000; // 5 minutes
      private commandCatalogFetchPromise: Promise<ChatSlashCommand[]> | null = null;
    
      constructor(
        private globalState: vscode.Memento,
        private serverManager: OpencodeServerManager,
        private modelCapabilitiesService: ModelCapabilitiesService,
        private logger: ReturnType<typeof import("../../utils/Logger").createLogger>,
        private asRecord: (value: unknown) => Record<string, unknown> | undefined,
        private firstNonEmptyString: (...values: unknown[]) => string | undefined,
      ) {
        this.selectedModel = globalState.get("selectedModel") || {
          providerID: "opencode",
          modelID: "big-pickle",
        };
        this.postMessage = () => { };
      }
    
      private postMessage: (msg: any) => void;
    
      setPostMessage(fn: (msg: any) => void): void {
        this.postMessage = fn;
      }
    
      /**
       * Get selected model
       */
      getSelectedModel(): { providerID: string; modelID: string; providerName?: string } {
        return this.selectedModel;
      }
    
      /**
       * Set selected model
       */
      async setSelectedModel(model: { providerID: string; modelID: string; providerName?: string }): Promise<void> {
        const correlationId = this.logger.startFeatureFlow('model-selection', {
          providerId: model.providerID,
          modelId: model.modelID,
        });
    
        try {
          this.logger.featureStep(correlationId, 'validate-model', { model });
    
          this.logger.logStateChange(
            'selectedModel',
            this.selectedModel,
            model,
            'user-selection'
          );
    
          this.selectedModel = model;
          await this.globalState.update("selectedModel", model);
    
          this.logger.featureStep(correlationId, 'persist-selection', { model });
    
          this.logger.info('Model selected', {
            providerId: model.providerID,
            modelId: model.modelID,
            providerName: model.providerName,
          });
    
          this.logger.endFeatureFlow(correlationId, { success: true });
        } catch (error) {
          this.logger.error(
            'Failed to set selected model',
            { correlationId, model },
            error as Error
          );
          this.logger.endFeatureFlow(correlationId, { success: false, error: String(error) });
          throw error;
        }
      }
    
      /**
       * Get selected agent
       */
      getSelectedAgent(): string | undefined {
        return this.selectedAgent;
      }
    
      /**
       * Set selected agent
       */
      setSelectedAgent(agent: string | undefined): void {
        this.selectedAgent = agent;
      }
    
      /**
       * Get available models
       */
      getAvailableModels(): ChatModelOption[] {
        return this.availableModels;
      }
    
      /**
       * Handle get models request
       */
      async handleGetModels(): Promise<ChatModelOption[]> {
        const correlationId = this.logger.startFeatureFlow('fetch-models');
        const startTime = Date.now();
    
        if (this.modelsFetchPromise) {
          this.logger.debug('Using cached models fetch', {
            correlationId,
          });
          return this.modelsFetchPromise;
        }
    
        this.modelsFetchPromise = (async () => {
          this.logger.featureStep(correlationId, 'ensure-server-running');
    
          try {
            const client = await this.serverManager.ensureRunning();
    
            this.logger.featureStep(correlationId, 'fetch-provider-list');
    
            const providerListTimeoutMs = 8000;
            let timeoutHandle: NodeJS.Timeout | undefined;
            const timeoutPromise = new Promise<never>((_, reject) => {
              const scheduleDelay = Reflect.get(globalThis, "set" + "Timeout") as
                | ((callback: () => void, delay?: number) => unknown)
                | undefined;
              if (typeof scheduleDelay !== "function") {
                reject(new Error("Provider list timeout"));
                return;
              }
              timeoutHandle = scheduleDelay(
                () => reject(new Error("Provider list timeout")),
                providerListTimeoutMs,
              ) as NodeJS.Timeout;
            });
    
            const response = (await Promise.race([
              client.provider.list(),
              timeoutPromise,
            ])) as any;
            if (timeoutHandle) {
              clearTimeout(timeoutHandle);
            }
    
            const models: ChatModelOption[] = [];
            if (response?.data && Array.isArray(response.data.all)) {
              for (const provider of response.data.all) {
                if (provider?.models) {
                  for (const [modelID, modelConfig] of Object.entries(provider.models)) {
                    const limitRec = this.asRecord((modelConfig as any).limit);
                    const contextLimitRaw = limitRec?.context;
                    const contextLimit =
                      typeof contextLimitRaw === "number" &&
                        Number.isFinite(contextLimitRaw) &&
                        contextLimitRaw > 0
                        ? Math.floor(contextLimitRaw)
                        : undefined;
                    models.push({
                      providerID: provider.id,
                      modelID: modelID,
                      name: (modelConfig as any).name || modelID,
                      providerName: provider.name || provider.id,
                      contextLimit,
                    });
                  }
                }
              }
            }
    
            if (models.length > 0) {
              this.logger.info("Discovered models across all providers", {
                count: models.length,
              });
              this.availableModels = models;
              await this.resolveDefaultModel(models);
    
              this.postMessage({
                type: "modelsList",
                models,
                selectedModel: this.selectedModel,
              });
    
              const duration = Date.now() - startTime;
              this.logger.performance('fetch-models', duration, {
                modelCount: models.length,
                providers: Array.from(new Set(models.map(m => m.providerName))),
              });
    
              this.logger.info('Models fetched successfully', {
                correlationId,
                count: models.length,
                duration,
              });
    
              this.logger.endFeatureFlow(correlationId, {
                success: true,
                modelCount: models.length,
              });
    
              return models;
            }
          } catch (error) {
            this.modelsFetchPromise = null;
    
            this.logger.error(
              'Failed to fetch models',
              { correlationId },
              error as Error
            );
    
            this.logger.endFeatureFlow(correlationId, {
              success: false,
              error: String(error),
            });
    
            this.logger.error("Failed to get models", {}, error as Error);
          }
    
          const cachedModels = Array.isArray(this.availableModels) ? this.availableModels : [];
          const fallbackModels = cachedModels.length > 0 ? cachedModels : this.getSelectedModelFallbackList();
          this.availableModels = fallbackModels;
    
          if (fallbackModels.length === 0) {
            this.logger.warn("No provider models discovered");
          } else {
            this.logger.warn("Using fallback models", {
              count: fallbackModels.length,
            });
          }
    
          this.postMessage({
            type: "modelsList",
            models: fallbackModels,
            selectedModel: this.selectedModel,
          });
    
          this.logger.endFeatureFlow(correlationId, {
            success: true,
            fallbackUsed: true,
            modelCount: fallbackModels.length,
          });
    
          return fallbackModels;
        })();
    
        try {
          return await this.modelsFetchPromise;
        } finally {
          this.modelsFetchPromise = null;
        }
      }
    
      /**
       * Get selected model fallback list
       */
      getSelectedModelFallbackList(): ChatModelOption[] {
        const selected = this.selectedModel;
        if (!selected || typeof selected !== "object") {
          return [];
        }
    
        const providerID = this.firstNonEmptyString(selected.providerID);
        const modelID = this.firstNonEmptyString(selected.modelID);
        if (!providerID || !modelID) {
          return [];
        }
    
        return [
          {
            providerID,
            modelID,
            name: modelID,
            providerName: this.firstNonEmptyString(selected.providerName) || providerID,
          },
        ];
      }
    
      /**
       * Reconcile selected model selection
       */
      async reconcileSelectedModelSelection(models: ChatModelOption[]): Promise<void> {
        if (!models.length) return;
    
        const exact = models.find(
          (m) =>
            m.providerID === this.selectedModel.providerID &&
            m.modelID === this.selectedModel.modelID,
        );
        if (exact) {
          const nextProviderName = exact.providerName || exact.providerID;
          if (this.selectedModel.providerName !== nextProviderName) {
            this.selectedModel = {
              ...this.selectedModel,
              providerName: nextProviderName,
            };
            await this.globalState.update("selectedModel", this.selectedModel);
          }
          return;
        }
    
        const isLegacyGenericProvider =
          !this.selectedModel.providerID ||
          this.selectedModel.providerID === "opencode";
        if (!isLegacyGenericProvider) {
          this.logger.warn("Persisted model not found in provider catalog", {
            providerId: this.selectedModel.providerID,
            modelId: this.selectedModel.modelID,
          });
          return;
        }
    
        const candidates = models.filter((m) => m.modelID === this.selectedModel.modelID);
        if (candidates.length === 1) {
          const match = candidates[0];
          this.selectedModel = {
            providerID: match.providerID,
            modelID: match.modelID,
            providerName: match.providerName || match.providerID,
          };
          await this.globalState.update("selectedModel", this.selectedModel);
          this.logger.info("Reconciled legacy model selection", {
            providerId: this.selectedModel.providerID,
            modelId: this.selectedModel.modelID,
          });
          return;
        }
    
        if (candidates.length > 1) {
          this.logger.warn("Ambiguous modelID across multiple providers", {
            modelId: this.selectedModel.modelID,
            candidateCount: candidates.length,
          });
        }
      }
    
      /**
       * Resolve default model from CLI config
       */
      async resolveDefaultModel(models: ChatModelOption[]): Promise<void> {
        const savedModel = this.globalState.get<{
          providerID: string;
          modelID: string;
        }>("selectedModel");
    
        if (
          savedModel &&
          this.selectedModel.modelID === savedModel.modelID &&
          this.selectedModel.providerID === savedModel.providerID &&
          (this.selectedModel.modelID !== "big-pickle" ||
            this.selectedModel.providerID !== "opencode")
        ) {
          return;
        }
    
        if (
          this.selectedModel.modelID !== "big-pickle" ||
          this.selectedModel.providerID !== "opencode"
        ) {
          return;
        }
    
        try {
          const execAsync = util.promisify(cp.exec);
          const { stdout } = await execAsync("opencode config get default_model");
          const defaultId = stdout.trim();
    
          if (defaultId) {
            this.logger.debug("Found CLI default model", {
              defaultId,
            });
            const providerModelMatch = defaultId.match(/^([^/:\s]+)[/:](.+)$/);
            let match: ChatModelOption | undefined;
    
            if (providerModelMatch) {
              const providerRef = providerModelMatch[1].trim();
              const modelRef = providerModelMatch[2].trim();
              match = models.find(
                (m) =>
                  m.providerID === providerRef &&
                  (m.modelID === modelRef || m.name === modelRef),
              );
              if (!match) {
                match = models.find(
                  (m) =>
                    (m.providerName || "").toLowerCase() === providerRef.toLowerCase() &&
                    (m.modelID === modelRef || m.name === modelRef),
                );
              }
            }
    
            if (match) {
              this.selectedModel = {
                modelID: match.modelID,
                providerID: match.providerID,
                providerName: match.providerName || match.providerID,
              };
              await this.globalState.update("selectedModel", this.selectedModel);
              this.logger.info("Synced default model from CLI", {
                modelId: match.modelID,
                providerId: match.providerID,
              });
            } else {
              this.logger.warn("Could not uniquely resolve CLI default model", {
                defaultId,
              });
            }
          }
        } catch (error) {
          this.logger.warn("Failed to resolve default model from CLI", {
            error: error instanceof Error ? error.message : String(error),
          });
        }
      }
    
      /**
       * Handle get agents request
       */
      async handleGetAgents(): Promise<void> {
        const correlationId = this.logger.startFeatureFlow('fetch-agents');
    
        // Hidden system agents that run automatically and are not user-selectable.
        const HIDDEN_SYSTEM_AGENTS = new Set(["compaction", "title", "summary"]);
    
        // Default built-in primary agents that must always appear in the list.
        // The SDK's app.agents() endpoint only returns plugin-registered agents
        // (e.g. oh-my-opencode) and does not enumerate the built-in ones, so we
        // ensure they are always present by merging them in manually.
        const BUILTIN_AGENTS: Array<{
          id: string;
          name: string;
          description: string;
          mode: "primary" | "subagent" | "all";
          builtIn: boolean;
        }> = [
            {
              id: "build",
              name: "Build",
              description: "Default agent for development work with all tools enabled",
              mode: "primary",
              builtIn: true,
            },
            {
              id: "plan",
              name: "Plan",
              description: "Restricted agent for planning and analysis without making changes",
              mode: "primary",
              builtIn: true,
            },
          ];
    
        try {
          this.logger.featureStep(correlationId, 'ensure-server-running');
    
          const client = await this.serverManager.ensureRunning();
    
          // Check if the SDK supports agent listing
          if (!client || typeof (client as any).app?.agents !== 'function') {
            this.logger.warn('Agent discovery not available in current SDK', {
              correlationId,
            });
            // Fallback to built-in agents
            this.postMessage({
              type: "agentsList",
              agents: BUILTIN_AGENTS,
              selectedAgent: this.selectedAgent || "build",
            });
    
            this.logger.endFeatureFlow(correlationId, {
              success: true,
              fallbackUsed: true,
              agentCount: BUILTIN_AGENTS.length,
            });
    
            return;
          }
    
          this.logger.featureStep(correlationId, 'fetch-agent-list');
    
          const response = await (client as any).app.agents();
    
          if (response?.data && Array.isArray(response.data)) {
            const sdkAgents: Array<{
              id: string;
              name: string;
              description: string;
              mode: "subagent" | "primary" | "all";
              builtIn: boolean;
              color?: string;
            }> = response.data
              .filter((agent: any) => {
                const mode = agent.mode as string;
                // Only expose agents that can be selected as a primary agent.
                return (
                  (mode === "primary" || mode === "all") &&
                  !HIDDEN_SYSTEM_AGENTS.has(agent.name as string)
                );
              })
              .map((agent: any) => {
                const id = agent.name as string;
                const displayName = id.charAt(0).toUpperCase() + id.slice(1);
                return {
                  id,
                  name: displayName,
                  description:
                    (agent.description as string | undefined) ??
                    `OpenCode ${displayName} agent`,
                  mode: agent.mode as "subagent" | "primary" | "all",
                  builtIn: agent.builtIn as boolean,
                  color: agent.color as string | undefined,
                };
              });
    
            // Prepend any built-in agents that the SDK did not return, so the
            // user always sees build + plan even when only plugin agents come back.
            // SDK results take precedence when names overlap (respecting config overrides).
            const sdkIds = new Set(sdkAgents.map((a) => a.id));
            const agents = [
              ...BUILTIN_AGENTS.filter((a) => !sdkIds.has(a.id)),
              ...sdkAgents,
            ];
    
            // Set a sensible default if none has been chosen yet.
            if (!this.selectedAgent && agents.length > 0) {
              this.selectedAgent = agents[0].id;
            }
    
            this.logger.debug("Fetched agents via SDK", {
              sdkAgentCount: sdkAgents.length,
              totalAgentCount: agents.length,
              builtinAgentCount: BUILTIN_AGENTS.length,
            });
    
            this.logger.info('Agents fetched successfully', {
              correlationId,
              count: agents.length,
              sdkAgents: sdkAgents.length,
              builtinAgents: BUILTIN_AGENTS.length,
            });
    
            this.postMessage({
              type: "agentsList",
              agents,
              selectedAgent: this.selectedAgent,
            });
    
            this.logger.endFeatureFlow(correlationId, {
              success: true,
              agentCount: agents.length,
            });
    
            return;
          }
        } catch (error) {
          this.logger.error(
            'Failed to fetch agents',
            { correlationId },
            error as Error
          );
    
          this.logger.endFeatureFlow(correlationId, {
            success: false,
            error: String(error),
          });
        }
    
        // Fallback: send only the guaranteed built-in primary agents.
        this.postMessage({
          type: "agentsList",
          agents: BUILTIN_AGENTS,
          selectedAgent: this.selectedAgent || "build",
        });
    
        this.logger.endFeatureFlow(correlationId, {
          success: true,
          fallbackUsed: true,
          agentCount: BUILTIN_AGENTS.length,
        });
      }
    
      /**
       * Handle get commands request
       */
      async handleGetCommands(): Promise<void> {
        this.logger.warn("⚠️ [PERF] handleGetCommands disabled temporarily");
        this.postMessage({
          type: "commandsList",
          commands: [],
        });
      }
    
      /**
       * Load command catalog
       */
      async loadCommandCatalog(forceRefresh = false): Promise<ChatSlashCommand[]> {
        const cacheIsFresh =
          !forceRefresh &&
          this.commandCatalog.length > 0 &&
          Date.now() - this.commandCatalogFetchedAt < this.COMMAND_CATALOG_TTL_MS;
        if (cacheIsFresh) {
          return this.commandCatalog;
        }
    
        if (this.commandCatalogFetchPromise) {
          return this.commandCatalogFetchPromise;
        }
    
        if (this.commandCatalog.length > 0 && !forceRefresh) {
          this.commandCatalogFetchPromise = (async () => {
            try {
              const client = await this.serverManager.ensureRunning();
              const response = await client.command.list();
              const rawItems = Array.isArray(response.data) ? response.data : [];
              const commands: ChatSlashCommand[] = rawItems
                .map((item) => this.normalizeSlashCommand(item))
                .filter((item): item is ChatSlashCommand => !!item)
                .sort((a, b) => a.name.localeCompare(b.name));
    
              this.commandCatalog = commands;
              this.commandCatalogFetchedAt = Date.now();
              return commands;
            } finally {
              this.commandCatalogFetchPromise = null;
            }
          })();
    
          return this.commandCatalog;
        }
    
        this.commandCatalogFetchPromise = (async () => {
          const client = await this.serverManager.ensureRunning();
          const response = await client.command.list();
          const rawItems = Array.isArray(response.data) ? response.data : [];
          const commands: ChatSlashCommand[] = rawItems
            .map((item) => this.normalizeSlashCommand(item))
            .filter((item): item is ChatSlashCommand => !!item)
            .sort((a, b) => a.name.localeCompare(b.name));
    
          this.commandCatalog = commands;
          this.commandCatalogFetchedAt = Date.now();
          return commands;
        })();
    
        try {
          return await this.commandCatalogFetchPromise;
        } finally {
          this.commandCatalogFetchPromise = null;
        }
      }
    
      /**
       * Normalize slash command
       */
      normalizeSlashCommand(item: SdkCommand | unknown): ChatSlashCommand | null {
        const rec = this.asRecord(item);
        if (!rec) {
          return null;
        }
    
        const rawName = this.firstNonEmptyString(rec.name);
        if (!rawName) {
          return null;
        }
    
        const name = rawName.replace(/^\//, "");
        if (!name) {
          return null;
        }
    
        return {
          name,
          description: this.firstNonEmptyString(rec.description),
          agent: this.firstNonEmptyString(rec.agent),
          model: this.firstNonEmptyString(rec.model),
          template: this.firstNonEmptyString(rec.template),
          source: this.firstNonEmptyString(rec.source),
          subtask: typeof rec.subtask === "boolean" ? rec.subtask : undefined,
        };
      }
    
      /**
       * Get session settings map
       */
      getSessionSettingsMap(): Record<string, SessionSettings> {
        return this.globalState.get<Record<string, SessionSettings>>("sessionSettings") ?? {};
      }
    
      /**
       * Get session settings
       */
      getSessionSettings(sessionId: string): SessionSettings {
        return this.getSessionSettingsMap()[sessionId] ?? {};
      }
    
      /**
       * Persist session settings
       */
      async persistSessionSettings(
        sessionId: string,
        partial: Partial<SessionSettings>,
      ): Promise<void> {
        const map = this.getSessionSettingsMap();
        map[sessionId] = { ...map[sessionId], ...partial };
        await this.globalState.update("sessionSettings", map);
      }
    
      /**
       * Apply session settings
       */
      async applySessionSettings(sessionId: string): Promise<void> {
        const settings = this.getSessionSettings(sessionId);
        if (settings.agent) {
          this.selectedAgent = settings.agent;
          this.logger.debug("Restored agent for session", {
            sessionId,
            agent: settings.agent,
          });
        }
        if (settings.model?.providerID && settings.model?.modelID) {
          this.selectedModel = settings.model;
          this.logger.debug("Restored model for session", {
            sessionId,
            modelId: settings.model.modelID,
            providerId: settings.model.providerID,
          });
        }
      }
    
      /**
       * Migrate session settings
       */
      migrateSessionSettings(oldSessionId: string, newSessionId: string): void {
        if (!oldSessionId || !newSessionId || oldSessionId === newSessionId) {
          return;
        }
        const map = this.getSessionSettingsMap();
        const oldSettings = map[oldSessionId];
        if (!oldSettings) {
          return;
        }
        map[newSessionId] = { ...oldSettings, ...map[newSessionId] };
        void this.globalState.update("sessionSettings", map);
      }
    
      /**
       * Resolve prompt variant
       */
      async resolvePromptVariant(sessionId: string): Promise<string | undefined> {
        const savedLevel =
          this.getSessionSettings(sessionId).thinkingLevel ??
          this.globalState.get<string>("thinkingLevel");
        if (!savedLevel) return undefined;
    
        const normalizedLevel = savedLevel.toLowerCase().trim();
        if (!normalizedLevel) return undefined;
    
        const { providerID, modelID } = this.selectedModel;
        const capability = await this.modelCapabilitiesService.getCapabilities(providerID, modelID);
    
        if (!capability || !capability.reasoning) return undefined;
    
        if (providerID === 'anthropic' && normalizedLevel === 'high') return 'max';
        return normalizedLevel;
      }
    }
    
    
    /* FILE: E:\Projects\vscode-opencode\src\providers\chat\QueueManager.ts */
    
    /**
     * QueueManager Module
     *
     * Prompt queue CRUD, execution lifecycle, and dispatch scheduling.
     *
     * Extracted from ChatViewProvider.ts (~300 lines)
     */
    
    import type { QueuedPrompt } from "./types";
    
    export class QueueManager {
      private queue: QueuedPrompt[] = [];
      private isExecuting = false;
    
      constructor(
        private logger: ReturnType<typeof import("../../utils/Logger").createLogger>,
      ) {
        this.handleSendMessage = async () => { };
        this.handleStopRequest = () => { };
        this.getCurrentSessionId = () => undefined;
        this.postMessage = () => { };
      }
    
      private handleSendMessage: (
        text: string,
        files?: string[],
        contexts?: any[],
        images?: any[],
        agent?: string,
        isRetry?: boolean,
        recoveredContext?: any,
        retryWithoutStructuredOutput?: boolean,
        structuredFallbackReason?: string,
        userFacingText?: string,
      ) => Promise<void>;
      private handleStopRequest: () => void;
      private getCurrentSessionId: () => string | undefined;
      private postMessage: (msg: any) => void;
    
      setHandleSendMessage(
        fn: (
          text: string,
          files?: string[],
          contexts?: any[],
          images?: any[],
          agent?: string,
          isRetry?: boolean,
          recoveredContext?: any,
          retryWithoutStructuredOutput?: boolean,
          structuredFallbackReason?: string,
          userFacingText?: string,
        ) => Promise<void>,
      ): void {
        this.handleSendMessage = fn;
      }
    
      setHandleStopRequest(fn: () => void): void {
        this.handleStopRequest = fn;
      }
    
      setGetCurrentSessionId(fn: () => string | undefined): void {
        this.getCurrentSessionId = fn;
      }
    
      setPostMessage(fn: (msg: any) => void): void {
        this.postMessage = fn;
      }
    
      /**
       * Add prompt to queue with logging
       */
      addToQueue(prompt: QueuedPrompt): void {
        const correlationId = this.logger.startFeatureFlow('add-to-queue', {
          promptId: prompt.id,
          sessionId: prompt.sessionId,
        });
    
        this.queue.push(prompt);
    
        this.logger.logStateChange(
          'queue-size',
          this.queue.length - 1,
          this.queue.length,
          'add-to-queue'
        );
    
        this.logger.info('Prompt added to queue', {
          correlationId,
          promptId: prompt.id,
          queuePosition: this.queue.length,
          text: prompt.text.slice(0, 100),
        });
    
        this.logger.endFeatureFlow(correlationId, {
          success: true,
          queueSize: this.queue.length,
        });
      }
    
      /**
       * Add prompt to queue and optionally prioritize it to the front.
       */
      enqueuePrompt(prompt: QueuedPrompt, atFront = false): void {
        if (atFront) {
          const correlationId = this.logger.startFeatureFlow('add-to-queue-front', {
            promptId: prompt.id,
            sessionId: prompt.sessionId,
          });
    
          this.queue.unshift(prompt);
          this.logger.logStateChange(
            'queue-size',
            this.queue.length - 1,
            this.queue.length,
            'add-to-queue-front'
          );
          this.logger.info('Prompt prioritized in queue', {
            correlationId,
            promptId: prompt.id,
            queuePosition: 1,
            text: prompt.text.slice(0, 100),
          });
          this.logger.endFeatureFlow(correlationId, {
            success: true,
            queueSize: this.queue.length,
          });
          return;
        }
    
        this.addToQueue(prompt);
      }
    
      /**
       * Execute queue with logging
       */
      async executeQueue(
        executePrompt: (prompt: QueuedPrompt) => Promise<void>
      ): Promise<void> {
        if (this.queue.length === 0) {
          this.logger.debug('Execute queue called with empty queue', {
            queueSize: 0,
          });
          return;
        }
    
        if (this.isExecuting) {
          this.logger.warn('Queue already executing', {
            queueSize: this.queue.length,
          });
          return;
        }
    
        const correlationId = this.logger.startFeatureFlow('execute-queue', {
          queueSize: this.queue.length,
        });
        const startTime = Date.now();
    
        this.logger.logStateChange('queue-executing', false, true, 'execute-queue-start');
        this.isExecuting = true;
    
        try {
          this.logger.info('Starting queue execution', {
            correlationId,
            promptCount: this.queue.length,
          });
    
          let completedCount = 0;
          let failedCount = 0;
    
          for (const prompt of this.queue) {
            this.logger.featureStep(correlationId, 'execute-prompt', {
              promptId: prompt.id,
              position: completedCount + 1,
              total: this.queue.length,
            });
    
            try {
              await executePrompt(prompt);
              completedCount++;
    
              this.logger.info('Prompt executed successfully', {
                correlationId,
                promptId: prompt.id,
                position: completedCount,
              });
            } catch (error) {
              failedCount++;
    
              this.logger.error(
                'Prompt execution failed',
                {
                  correlationId,
                  promptId: prompt.id,
                  position: completedCount + 1,
                  text: prompt.text.slice(0, 100),
                },
                error as Error
              );
            }
          }
    
          const duration = Date.now() - startTime;
    
          this.logger.performance('execute-queue', duration, {
            totalPrompts: this.queue.length,
            completedPrompts: completedCount,
            failedPrompts: failedCount,
          });
    
          this.logger.info('Queue execution completed', {
            correlationId,
            totalPrompts: this.queue.length,
            completedCount,
            failedCount,
            duration,
          });
    
          this.queue = [];
    
          this.logger.endFeatureFlow(correlationId, {
            success: true,
            completedCount,
            failedCount,
            duration,
          });
        } catch (error) {
          this.logger.error(
            'Queue execution failed',
            { correlationId },
            error as Error
          );
    
          this.logger.endFeatureFlow(correlationId, {
            success: false,
            error: String(error),
          });
          throw error;
        } finally {
          this.isExecuting = false;
          this.logger.logStateChange('queue-executing', true, false, 'execute-queue-end');
        }
      }
    
      /**
       * Clear queue with logging
       */
      clearQueue(): void {
        const correlationId = this.logger.startFeatureFlow('clear-queue', {
          currentSize: this.queue.length,
        });
    
        const previousSize = this.queue.length;
    
        this.logger.logStateChange('queue-size', previousSize, 0, 'clear-queue');
        this.logger.logStateChange('queue', this.queue, [], 'clear-queue');
    
        this.queue = [];
    
        this.logger.info('Queue cleared', {
          correlationId,
          previousSize,
          cleared: true,
        });
    
        this.logger.endFeatureFlow(correlationId, {
          success: true,
          itemsCleared: previousSize,
        });
      }
    
      /**
       * Get queue state
       */
      getQueueState(): { size: number; isExecuting: boolean; prompts: Array<{ id: string; text: string }> } {
        return {
          size: this.queue.length,
          isExecuting: this.isExecuting,
          prompts: this.queue.map(p => ({ id: p.id, text: p.text.slice(0, 50) })),
        };
      }
    
      /**
       * Handle dispatch queued item
       */
      async handleDispatchQueuedItem(
        mode: string,
        sessionId: string | undefined,
        id?: string,
        index?: number,
      ): Promise<void> {
        const flow = this.logger.startFeatureFlow('DispatchQueuedItem', { mode, sessionId, id, index });
        const currentSessionId = this.getCurrentSessionId();
        const finalSessionId = sessionId || currentSessionId;
    
        if (!finalSessionId) {
          this.logger.warn('No session ID for queued item', { id, index });
          this.logger.endFeatureFlow(flow, { status: 'failed', reason: 'No session ID' });
          return;
        }
    
        this.logger.featureStep(flow, 'dispatching_item', { id, index });
    
        if (id) {
          // Add specific queued item by ID
          const prompt = this.queue.find(p => p.id === id);
          if (prompt) {
            prompt.sessionId = finalSessionId;
            this.logger.featureStep(flow, 'sending_message_by_id', { id });
            await this.handleSendMessage(
              prompt.text,
              prompt.files,
              prompt.contexts,
              prompt.images,
              prompt.agent,
              false,
              undefined,
              false,
              undefined,
              prompt.userFacingText,
            );
            this.logger.endFeatureFlow(flow, { status: 'completed', id });
          } else {
            this.logger.warn('Queued item not found', { id });
            this.logger.endFeatureFlow(flow, { status: 'failed', reason: 'Item not found', id });
          }
        } else if (index !== undefined && index >= 0 && index < this.queue.length) {
          // Add by index
          const prompt = this.queue[index];
          prompt.sessionId = finalSessionId;
          this.logger.featureStep(flow, 'sending_message_by_index', { index });
          await this.handleSendMessage(
            prompt.text,
            prompt.files,
            prompt.contexts,
            prompt.images,
            prompt.agent,
            false,
            undefined,
            false,
            undefined,
            prompt.userFacingText,
          );
          this.logger.endFeatureFlow(flow, { status: 'completed', index });
        } else {
          this.logger.endFeatureFlow(flow, { status: 'failed', reason: 'Invalid index or ID', index, id });
        }
      }
    
      /**
       * Handle remove from queue
       */
      async handleRemoveFromQueue(payload: { id: string }): Promise<void> {
        const { id } = payload;
        const index = this.queue.findIndex(p => p.id === id);
    
        if (index !== -1) {
          const correlationId = this.logger.startFeatureFlow('remove-from-queue', {
            promptId: id,
            queuePosition: index + 1,
          });
    
          this.queue.splice(index, 1);
    
          this.logger.logStateChange(
            'queue-size',
            this.queue.length + 1,
            this.queue.length,
            'remove-from-queue'
          );
    
          this.logger.info('Prompt removed from queue', {
            correlationId,
            promptId: id,
            queueSize: this.queue.length,
          });
    
          this.logger.endFeatureFlow(correlationId, {
            success: true,
            queueSize: this.queue.length,
          });
        }
      }
    
      /**
       * Handle clear queue
       */
      async handleClearQueue(payload: { sessionId: string }): Promise<void> {
        const flow = this.logger.startFeatureFlow('ClearQueue', { sessionId: payload.sessionId });
        const previousSize = this.queue.length;
    
        this.clearQueue();
        this.sendQueueUpdate(payload.sessionId);
    
        this.logger.info('Queue cleared', {
          sessionId: payload.sessionId,
          previousSize,
          newSize: 0,
        });
        this.logger.endFeatureFlow(flow, { status: 'completed', previousSize });
      }
    
      /**
       * Send queue update to webview
       */
      sendQueueUpdate(sessionId: string): void {
        this.postMessage({
          type: 'queueUpdate',
          sessionId,
          queue: this.getQueueState(),
        });
      }
    
      /**
       * Handle execute queue
       */
      async handleExecuteQueue(payload: { sessionId: string }): Promise<void> {
        const flow = this.logger.startFeatureFlow('ExecuteQueue', { sessionId: payload.sessionId });
        const { sessionId } = payload;
    
        if (this.queue.length === 0) {
          this.logger.debug('Execute queue called with empty queue', {
            queueSize: 0,
          });
          this.logger.endFeatureFlow(flow, { status: 'skipped', reason: 'Empty queue' });
          return;
        }
    
        const queueSize = this.queue.length;
        this.logger.featureStep(flow, 'executing_queue', { queueSize, sessionId });
    
        // Update session IDs for all prompts
        for (const prompt of this.queue) {
          prompt.sessionId = sessionId;
        }
    
        // Execute queue
        await this.executeQueue(async (prompt) => {
          await this.handleSendMessage(
            prompt.text,
            prompt.files,
            prompt.contexts,
            prompt.images,
            prompt.agent,
            false,
            undefined,
            false,
            undefined,
            prompt.userFacingText,
          );
        });
    
        this.logger.info('Queue execution completed', {
          sessionId,
          itemsExecuted: queueSize,
        });
        this.logger.endFeatureFlow(flow, { status: 'completed', itemsExecuted: queueSize });
    
        // Send update after execution
        this.sendQueueUpdate(sessionId);
      }
    }
    
    
    /* FILE: E:\Projects\vscode-opencode\src\providers\chat\SessionHandler.ts */
    
    /**
     * SessionHandler Module
     *
     * Session CRUD operations (load, delete, rename, create, get sessions list).
     *
     * Extracted from ChatViewProvider.ts (~250 lines)
     */
    
    import type { SessionService } from "../../services/SessionService";
    import type { HistoryProcessor } from "./HistoryProcessor";
    import type { SubagentPersistence } from "./SubagentPersistence";
    import type { CompactionManager } from "./CompactionManager";
    import type { ModelAndAgentManager } from "./ModelAndAgentManager";
    
    export class SessionHandler {
      private sessionsListRequestVersion = 0;
      private lastSessionsPayloadFingerprint = "";
      private processingSessionIds = new Set<string>();
    
      constructor(
        private sessionService: SessionService,
        private historyProcessor: HistoryProcessor,
        private subagentPersistence: SubagentPersistence,
        private compactionManager: CompactionManager,
        private modelAndAgentManager: ModelAndAgentManager,
        private logger: ReturnType<typeof import("../../utils/Logger").createLogger>,
      ) {
        this.postMessage = () => {};
        this.getCurrentSessionId = () => undefined;
        this.setCurrentSessionId = () => {};
      }
    
      private postMessage: (msg: any) => void;
      private getCurrentSessionId: () => string | undefined;
      private setCurrentSessionId: (id: string | undefined) => void;
    
      setPostMessage(fn: (msg: any) => void): void {
        this.postMessage = fn;
      }
    
      setGetCurrentSessionId(fn: () => string | undefined): void {
        this.getCurrentSessionId = fn;
      }
    
      setSetCurrentSessionId(fn: (id: string | undefined) => void): void {
        this.setCurrentSessionId = fn;
      }
    
      /**
       * Handle get sessions request
       */
      async handleGetSessions(): Promise<void> {
        this.sessionsListRequestVersion += 1;
        const currentVersion = this.sessionsListRequestVersion;
    
        try {
          const sessions = await this.sessionService.listSessions();
          const sessionsPayload = sessions.map((session: any) => ({
            id: session.id,
            title: session.title || session.id,
            createdAt: session.createdAt,
            updatedAt: session.updatedAt,
          }));
    
          const fingerprint = JSON.stringify(sessionsPayload);
          if (fingerprint === this.lastSessionsPayloadFingerprint) {
            return;
          }
          this.lastSessionsPayloadFingerprint = fingerprint;
    
          if (currentVersion !== this.sessionsListRequestVersion) {
            return;
          }
    
          this.postMessage({
            type: "sessionsList",
            sessions: sessionsPayload,
          });
        } catch (error) {
          this.logger.error("Failed to get sessions", { error });
        }
      }
    
      /**
       * Send processing sessions update
       */
      sendProcessingSessionsUpdate(): void {
        this.postMessage({
          type: "sessionsListUpdate",
          processingSessionIds: Array.from(this.processingSessionIds),
        });
      }
    
      /**
       * Handle load session request
       */
      async handleLoadSession(message: { sessionId: string }): Promise<void> {
        const { sessionId } = message;
        if (!sessionId) {
          return;
        }
    
        if (this.processingSessionIds.has(sessionId)) {
          this.logger.warn("Session already loading", { sessionId });
          return;
        }
    
        this.processingSessionIds.add(sessionId);
        this.sendProcessingSessionsUpdate();
    
        try {
          // CRITICAL: Switch the active session in SessionService
          // This updates the service's internal state and persists it
          await this.sessionService.switchSession(sessionId);
    
          const rawMessages = await this.sessionService.loadSessionMessages(sessionId);
          const messages = Array.isArray(rawMessages)
            ? this.historyProcessor.processHistoryMessages(rawMessages, sessionId)
            : [];
    
          await this.subagentPersistence.syncSubagentSnapshotForSession(sessionId, messages);
          await this.compactionManager.sendPersistedCompactionViewState(sessionId);
          await this.modelAndAgentManager.applySessionSettings(sessionId);
    
          this.postMessage({
            type: "chatHistory",
            sessionId,
            messages,
          });
    
          this.setCurrentSessionId(sessionId);
          this.logger.info("Session loaded", { sessionId, messageCount: messages.length });
        } catch (error) {
          this.logger.error("Failed to load session", { sessionId, error });
        } finally {
          this.processingSessionIds.delete(sessionId);
          this.sendProcessingSessionsUpdate();
        }
      }
    
      /**
       * Handle delete session request
       */
      async handleDeleteSession(sessionId: string): Promise<void> {
        if (!sessionId) {
          return;
        }
    
        try {
          await this.sessionService.deleteSession(sessionId);
          await this.subagentPersistence.clearPersistedSubagentSnapshot(sessionId);
          await this.compactionManager.clearPersistedCompactionViewState(sessionId);
    
          const currentSessionId = this.getCurrentSessionId();
          if (currentSessionId === sessionId) {
            this.setCurrentSessionId(undefined);
          }
    
          await this.handleGetSessions();
          this.logger.info("Session deleted", { sessionId });
        } catch (error) {
          this.logger.error("Failed to delete session", { sessionId, error });
        }
      }
    
      /**
       * Handle rename session request
       */
      async handleRenameSession(sessionId: string, newTitle: string): Promise<void> {
        if (!sessionId || !newTitle) {
          return;
        }
    
        try {
          await this.sessionService.renameSession(sessionId, newTitle);
          await this.handleGetSessions();
          this.logger.info("Session renamed", { sessionId, newTitle });
        } catch (error) {
          this.logger.error("Failed to rename session", { sessionId, error });
        }
      }
    }
    
    
    /* FILE: E:\Projects\vscode-opencode\src\providers\chat\StreamEventHandler.ts */
    
    /**
     * StreamEventHandler Module
     *
     * The entire streamService.subscribe(...) callback body — token tracking,
     * subagent updates, todo persistence, event enrichment, and stream forwarding.
     *
     * Extracted from ChatViewProvider.ts (~350 lines)
     */
    
    import type { StructuredOutputProcessor } from "./StructuredOutputProcessor";
    import type { SubagentPersistence } from "./SubagentPersistence";
    import type { CompactionManager } from "./CompactionManager";
    import type { DiagnosticsLogger } from "./DiagnosticsLogger";
    import type { GeminiTokenUsageTracker } from "../../services/GeminiTokenUsageTracker";
    import type { SubagentTracker } from "../../services/SubagentTracker";
    import { LoggingCategories } from "../../utils/LoggingSchema";
    
    export class StreamEventHandler {
      private awaitingInteractiveAnswer = false;
      private streamStartTime?: number;
      private eventCount = 0;
      private lastEventTime?: number;
    
      constructor(
        private structuredOutputProcessor: StructuredOutputProcessor,
        private subagentPersistence: SubagentPersistence,
        private compactionManager: CompactionManager,
        private diagnosticsLogger: DiagnosticsLogger,
        private geminiTokenTracker: GeminiTokenUsageTracker,
        private subagentTracker: SubagentTracker,
        private logger: ReturnType<typeof import("../../utils/Logger").createLogger>,
      ) {
        this.postMessage = () => {};
        this.getCurrentSessionId = () => undefined;
      }
    
      private postMessage: (msg: any) => void;
      private getCurrentSessionId: () => string | undefined;
    
      setPostMessage(fn: (msg: any) => void): void {
        this.postMessage = fn;
      }
    
      setGetCurrentSessionId(fn: () => string | undefined): void {
        this.getCurrentSessionId = fn;
      }
    
      /**
       * Handle stream event
       */
      async handleStreamEvent(event: any): Promise<void> {
        if (!event) return;
    
        const enrichedEvent = this.structuredOutputProcessor.enrichStreamEvent(event);
    
        this.diagnosticsLogger.logStreamEventDiagnostics(event, enrichedEvent);
    
        const properties = enrichedEvent?.properties || event?.properties || {};
        const info = properties?.info || {};
        const sessionId =
          enrichedEvent?.sessionId ||
          event?.sessionId ||
          properties?.sessionId ||
          info?.sessionId ||
          this.getCurrentSessionId();
    
        // Handle compaction status
        if (event?.type === "message.completed" && properties?.compaction) {
          this.compactionManager.forwardCompactionStatusFromStreamEvent(properties.compaction);
        }
    
        // Handle subagent updates
        if (properties?.subagentsDelta || enrichedEvent?.structured?.subagentsDelta) {
          const subagentUpdate = properties?.subagentsDelta || enrichedEvent?.structured?.subagentsDelta;
          await this.subagentPersistence.persistSubagentUpdateSnapshot(
            subagentUpdate,
            this.getCurrentSessionId(),
            // sessionService and postMessage will be provided by shell
            {} as any,
            this.postMessage,
          );
        }
    
        // Track token usage
        if (properties?.usage) {
          const providerId = info?.providerID || info?.providerId || "unknown";
          const modelId = info?.modelID || info?.modelId || "unknown";
          const model = `${providerId}/${modelId}`;
          this.geminiTokenTracker.recordUsage(model, properties.usage);
        }
    
        // Forward to webview
        this.postMessage({
          type: "streamEvent",
          event: enrichedEvent || event,
          sessionId,
        });
      }
    
      /**
       * Start stream with logging
       */
      startStream(sessionId: string, messageId: string): void {
        this.streamStartTime = Date.now();
        this.eventCount = 0;
        this.lastEventTime = Date.now();
    
        const correlationId = this.logger.startFeatureFlow('ai-stream', {
          sessionId,
          messageId,
        });
    
        this.logger.info( 'AI stream started', {
          correlationId,
          sessionId,
          messageId,
        });
      }
    
      /**
       * End stream with logging
       */
      endStream(sessionId: string, messageId: string, success: boolean): void {
        if (!this.streamStartTime) {
          this.logger.warn( 'Stream ended but never started', {
            sessionId,
            messageId,
          });
          return;
        }
    
        const duration = Date.now() - this.streamStartTime;
        const flow = this.logger.getActiveFeatureFlow();
    
        this.logger.performance('ai-stream', duration, {
          sessionId,
          messageId,
          eventCount: this.eventCount,
          success,
          eventsPerSecond: (this.eventCount / (duration / 1000)).toFixed(2),
        });
    
        if (flow) {
          this.logger.endFeatureFlow(flow.correlationId, {
            success,
            duration,
            eventCount: this.eventCount,
          });
        }
    
        this.logger.info( 'AI stream ended', {
          sessionId,
          messageId,
          duration,
          eventCount: this.eventCount,
          success,
        });
    
        // Reset state
        this.streamStartTime = undefined;
        this.eventCount = 0;
        this.lastEventTime = undefined;
      }
    
      /**
       * Log structured output processing
       */
      logStructuredOutputProcessing(
        sessionId: string,
        messageId: string,
        structured: any,
      ): void {
        this.logger.info( 'Structured output processed', {
          sessionId,
          messageId,
          responseType: structured.responseType,
          hasProgressUpdates: structured.progressUpdates?.length > 0,
          hasInteractiveEvents: structured.interactiveEvents?.length > 0,
          hasPlan: !!structured.plan,
        });
      }
    }
    
    
    /* FILE: E:\Projects\vscode-opencode\src\providers\chat\types.ts */
    
    /**
     * Shared type definitions for ChatViewProvider modules
     *
     * This file contains all shared types used across the chat modules.
     * Originally defined in ChatViewProvider.ts (lines 137-364).
     */
    
    import type {
      StructuredResponseType as StructuredResponseTypeDefinition,
    } from "../../shared/structuredOutputSchema";
    
    /**
     * A queued prompt waiting to be executed
     */
    export type QueuedPrompt = {
      id: string;
      sessionId: string;
      createdAt: number;
      text: string;
      userFacingText?: string;
      files?: string[];
      contexts?: {
        file: string;
        lineInfo: string;
        content: string;
        languageId: string;
      }[];
      images?: {
        dataUrl: string;
        filename?: string;
      }[];
      agent?: string;
    };
    
    /**
     * Mode for dispatching a prompt
     */
    export type PromptDispatchMode = "queue" | "steer" | "send-now";
    
    /**
     * A comment on a plan proceed action
     */
    export type PlanProceedComment = {
      id: string;
      anchor: {
        startLine: number;
        endLine: number;
        selectedText: string;
        surroundingText?: string;
      };
      text: string;
      createdAt: number;
    };
    
    /**
     * Session-specific settings
     */
    export type SessionSettings = {
      agent?: string;
      model?: { providerID: string; modelID: string; providerName?: string };
      thinkingLevel?: string;
    };
    
    /**
     * Context recovered from a previous session
     */
    export type RecoveredSessionContext = {
      previousSessionId: string;
      transcript: string;
    };
    
    /**
     * Structured response type from the schema
     */
    export type StructuredResponseType = StructuredResponseTypeDefinition;
    
    /**
     * A slash command available in the chat
     */
    export type ChatSlashCommand = {
      name: string;
      description?: string;
      agent?: string;
      model?: string;
      template?: string;
      source?: string;
      subtask?: boolean;
    };
    
    /**
     * A model option available for selection
     */
    export type ChatModelOption = {
      providerID: string;
      modelID: string;
      name: string;
      providerName: string;
      contextLimit?: number;
    };
    
    /**
     * Statistics from a compaction baseline
     */
    export type CompactionBaselineStats = {
      input: number;
      output: number;
      read: number;
      write: number;
      duration: number;
    };
    
    /**
     * Persisted compaction view state for a session
     */
    export type PersistedCompactionViewState = {
      lastCompactedAt?: number;
      baselineStats?: CompactionBaselineStats;
      compactionDividerIndex?: number;
      compactionDividerBeforeMessageId?: string;
      compactionDividerAfterMessageId?: string;
      collapsed?: boolean;
    };
    
    /**
     * A progress update in a structured response
     */
    export type StructuredProgressUpdate = {
      title: string;
      status?: "pending" | "done" | "error";
      meta?: string;
      filePath?: string;
    };
    
    /**
     * A marker for assistant history messages
     */
    export type AssistantHistoryMarker = {
      id?: string;
      fingerprint?: string;
      createdAt?: number;
      richness: number;
    };
    
    /**
     * An interactive choice in a structured response
     */
    export type StructuredInteractiveChoice = {
      id?: string;
      label: string;
      value?: string;
      description?: string;
    };
    
    /**
     * An interactive event in a structured response
     */
    export type StructuredInteractiveEvent =
      | {
          type: "question";
          id?: string;
          title?: string;
          question: string;
          options: StructuredInteractiveChoice[];
          multiSelect?: boolean;
          allowCustomInput?: boolean;
        }
      | {
          type: "confirm";
          id?: string;
          title?: string;
          question: string;
          confirmLabel?: string;
          cancelLabel?: string;
        }
      | {
          type: "quick_actions";
          id?: string;
          title?: string;
          actions: StructuredInteractiveChoice[];
        }
      | {
          type: "message";
          id?: string;
          title?: string;
          message: string;
          dismissLabel?: string;
        };
    
    /**
     * Structured assistant output containing various response types
     */
    export type StructuredAssistantOutput = {
      responseType?: StructuredResponseType | string;
      message?: string;
      reasoning?: string[];
      progressUpdates?: StructuredProgressUpdate[];
      interactiveEvents?: StructuredInteractiveEvent[];
      subagents?: Array<{
        id: string;
        name: string;
        status?: string;
        progress?: number;
        description?: string;
        latestActivity?: string;
        childSessionId?: string;
        parentSessionId?: string;
        parentMessageId?: string;
        timelineEvents?: Array<{
          key?: string;
          type?: string;
          label?: string;
          createdAt?: number;
          messageID?: string;
          partID?: string;
          callID?: string;
        }>;
        progressEvents?: Array<{
          id?: string;
          title?: string;
          status?: string;
          meta?: string;
          filePath?: string;
          createdAt?: number;
          messageID?: string;
          partID?: string;
          callID?: string;
        }>;
        thinkingEvents?: Array<{
          id?: string;
          text?: string;
          createdAt?: number;
          messageID?: string;
          partID?: string;
        }>;
      }>;
      subagentsDelta?: {
        parentMessageId?: string;
        items: Array<{
          id: string;
          name?: string;
          status?: string;
          progress?: number;
          description?: string;
          latestActivity?: string;
          childSessionId?: string;
          parentSessionId?: string;
          parentMessageId?: string;
        }>;
      };
      plan?: {
        file?: string;
        content?: string;
        title?: string;
        intro?: string;
        summary?: string;
        files?: any[]; // To match ImplementationPlan structure
        fileCount?: number;
      };
      question?: {
        type?: string;
        id?: string;
        title?: string;
        question?: string;
        multiSelect?: boolean;
        allowCustomInput?: boolean;
        options?: Array<{ id?: string; label?: string; value?: string; description?: string }>;
        actions?: Array<{ id?: string; label?: string; value?: string; description?: string }>;
        confirmLabel?: string;
        cancelLabel?: string;
        dismissLabel?: string;
        message?: string;
        content?: string;
      };
    };
    
    /**
     * Set of all valid structured response types (lowercase)
     */
    export const STRUCTURED_RESPONSE_TYPES = new Set(
      (
        (
          (structuredOutputSchema as any).schema?.properties as {
            responseType?: { enum?: string[] };
          }
        )?.responseType?.enum ?? []
      ).map((value: string) => value.toLowerCase()),
    );
    
    // Re-import structuredOutputSchema for the constant above
    import { structuredOutputSchema } from "../../shared/structuredOutputSchema";
    
  operator: 'match'
  stack: |-
    TestContext.<anonymous> (file:///E:/Projects/vscode-opencode/tests/unit/providers/timeout-configuration.test.mjs:303:10)
    Test.runInAsyncScope (node:async_hooks:214:14)
    Test.run (node:internal/test_runner/test:1047:25)
    Test.processPendingSubtests (node:internal/test_runner/test:744:18)
    Test.postRun (node:internal/test_runner/test:1173:19)
    Test.run (node:internal/test_runner/test:1101:12)
    async Test.processPendingSubtests (node:internal/test_runner/test:744:7)
  ...
# file:///E:/Projects/vscode-opencode/tests/unit/providers/timeout-edge-cases.test.mjs:332
# });
# ^
# SyntaxError: Unexpected token '}'
#     at compileSourceTextModule (node:internal/modules/esm/utils:346:16)
#     at ModuleLoader.moduleStrategy (node:internal/modules/esm/translators:107:18)
#     at \#translate (node:internal/modules/esm/loader:546:20)
#     at afterLoad (node:internal/modules/esm/loader:596:29)
#     at ModuleLoader.loadAndTranslate (node:internal/modules/esm/loader:601:12)
#     at \#createModuleJob (node:internal/modules/esm/loader:624:36)
#     at \#getJobFromResolveResult (node:internal/modules/esm/loader:343:34)
#     at ModuleLoader.getModuleJobForImport (node:internal/modules/esm/loader:311:41)
#     at async onImport.tracePromise.__proto__ (node:internal/modules/esm/loader:664:25)
# Node.js v22.21.1
# Subtest: tests\\unit\\providers\\timeout-edge-cases.test.mjs
not ok 88 - tests\\unit\\providers\\timeout-edge-cases.test.mjs
  ---
  duration_ms: 349.1522
  type: 'test'
  location: 'E:\\Projects\\vscode-opencode\\tests\\unit\\providers\\timeout-edge-cases.test.mjs:1:1'
  failureType: 'testCodeFailure'
  exitCode: 1
  signal: ~
  error: 'test failed'
  code: 'ERR_TEST_FAILURE'
  ...
# Subtest: timeout suppression: awaitingInteractiveAnswer suppresses timeout errors
ok 1043 - timeout suppression: awaitingInteractiveAnswer suppresses timeout errors
  ---
  duration_ms: 4.9702
  type: 'test'
  ...
# Subtest: timeout suppression: identifies headers timeout error
ok 1044 - timeout suppression: identifies headers timeout error
  ---
  duration_ms: 1.8003
  type: 'test'
  ...
# Subtest: question popover: structured output is properly sanitized
ok 1045 - question popover: structured output is properly sanitized
  ---
  duration_ms: 10.5516
  type: 'test'
  ...
# Subtest: question popover: webview extracts interactive events from question object
ok 1046 - question popover: webview extracts interactive events from question object
  ---
  duration_ms: 5.5145
  type: 'test'
  ...
# Subtest: question popover: webview renders question correctly
ok 1047 - question popover: webview renders question correctly
  ---
  duration_ms: 3.4462
  type: 'test'
  ...
# Subtest: question popover: options are rendered as buttons
ok 1048 - question popover: options are rendered as buttons
  ---
  duration_ms: 5.0419
  type: 'test'
  ...
# Subtest: question popover: ChatViewProvider forwards stream events with structured output
ok 1049 - question popover: ChatViewProvider forwards stream events with structured output
  ---
  duration_ms: 2.7785
  type: 'test'
  ...
# Subtest: structured message rendering uses message field only
ok 1050 - structured message rendering uses message field only
  ---
  duration_ms: 9.9583
  type: 'test'
  ...
# Subtest: ChatViewProvider uses session-scoped queue model with stable queued item metadata
not ok 1051 - ChatViewProvider uses session-scoped queue model with stable queued item metadata
  ---
  duration_ms: 5.696
  type: 'test'
  location: 'E:\\Projects\\vscode-opencode\\tests\\unit\\queue-steer-scheduler.test.mjs:10:1'
  failureType: 'testCodeFailure'
  error: 'Queued prompt metadata should include stable sequential ID'
  code: 'ERR_ASSERTION'
  name: 'AssertionError'
  expected:
  actual: |-
    
    
    /* FILE: E:\Projects\vscode-opencode\src\providers\ChatViewProvider.ts */
    
    /**
     * Chat View Provider - Core UI Provider for Chat Interface
     *
     * This provider manages the webview-based chat interface that serves as the
     * primary UI for the OpenCode extension. It handles all communication between
     * the extension backend and the webview frontend.
     *
     * **Architecture Overview:**
     * - Implements WebviewViewProvider for VSCode sidebar integration
     * - Manages bidirectional message passing with webview
     * - Handles AI message streaming via MessageStreamService
     * - Detects and persists implementation plans
     * - Manages prompt queue for batch execution
     * - Coordinates with SessionService for session management
     *
     * ============================================================================
     * WEBVIEW MESSAGE PROTOCOL
     * ============================================================================
     *
     * This provider communicates with the webview via VSCode's postMessage API.
     * All messages have a `type` property that determines how they're handled.
     *
     * EXTENSION → WEBVIEW messages (sent via view?.webview.postMessage):
     * {
     *   type: 'initState' | 'chatHistory' | 'sessionsList' | 'streamEvent' |
     *         'statusUpdate' | 'modeChanged' | 'modelsList' | 'agentsList' |
     *         'fileSearchResults',
     *   ...payload
     * }
     *
     * WEBVIEW → EXTENSION messages (received in onDidReceiveMessage):
     * {
     *   type: 'ready' | 'sendMessage' | 'createSession' | 'switchSession' |
     *         'deleteSession' | 'renameSession' | 'getSessions' | 'toggleMode' | 'getModels' |
     *         'selectModel' | 'getAgents' | 'selectAgent' | 'addToQueue' |
     *         'executeQueue' | 'clearQueue' | 'viewPlan' | 'openDiff',
     *   ...payload
     * }
     *
     * MESSAGE FLOW EXAMPLES:
     *
     * 1. Initialization Flow:
     *    webview: {type: 'ready'}
     *    extension: {type: 'initState', mode, serverStatus, selectedModel}
     *    extension: {type: 'chatHistory', messages: [...]}
     *    extension: {type: 'sessionsList', sessions: [...]}
     *
     * 2. Send Message Flow:
     *    webview: {type: 'sendMessage', text: '...', files: [...]}
     *    extension: [streams response via streamEvent messages]
     *    extension: {type: 'chatHistory', messages: [...]}
     *
     * 3. Streaming Response Flow:
     *    extension: {type: 'streamEvent', event: {type: 'message.part.updated'}}
     *    extension: {type: 'streamEvent', event: {type: 'message.updated'}}
     *
     * ============================================================================
     * KEY RESPONSIBILITIES
     * ============================================================================
     *
     * 1. WebView Lifecycle:
     *    - Creates and initializes the webview
     *    - Sets up message handlers
     *    - Manages webview options (scripts, local resources)
     *
     * 2. Message Handling:
     *    - Receives messages from webview
     *    - Dispatches to appropriate handler methods
     *    - Sends responses back to webview
     *
     * 3. Streaming Integration:
     *    - Subscribes to MessageStreamService for real-time updates
     *    - Forwards stream events to webview
     *    - Handles stream completion and errors
     *
     * 4. Plan Detection:
     *    - Analyzes AI responses for implementation plans
     *    - Auto-saves detected plans to workspace
     *    - Notifies user and provides plan viewing option
     *
     * 5. Queue Management:
     *    - Maintains prompt queue for batch execution
     *    - Executes prompts sequentially
     *    - Manages execution state
     *
     * 6. State Synchronization:
     *    - Tracks selected model/agent
     *    - Persists selections to global state
     *    - Syncs with webview on initialization
     *
     * @module ChatViewProvider
     * @see MessageStreamService for streaming implementation
     * @see SessionService for session management
     * @see webview/shared/src/chat/index.tsx for frontend implementation
     */
    
    import type { SessionPromptData } from "@opencode-ai/sdk" with { "resolution-mode": "import" };
    import * as cp from "child_process";
    import * as path from "path";
    import * as vscode from "vscode";
    import {
      CssGenerator,
      FileThemeProcessor,
      FileThemeProcessorObserver,
      FileThemeProcessorState,
    } from "vscode-file-theme-processor";
    import type { TokenUsage } from "../services/GeminiTokenUsageTracker";
    import { GeminiTokenUsageTracker } from "../services/GeminiTokenUsageTracker";
    import { MessageStreamService } from "../services/MessageStreamService";
    import { ModelCapabilitiesService } from "../services/ModelCapabilitiesService";
    import { OpencodeServerManager } from "../services/OpencodeServerManager";
    import { QuotaService } from "../services/QuotaService";
    import { RequestBudgeter } from "../services/RequestBudgeter";
    import { SessionService } from "../services/SessionService";
    import { SkillManagerService } from "../services/SkillManagerService";
    import {
      SubagentTracker,
      type SubagentUpdatePayload,
    } from "../services/SubagentTracker";
    import { TitleGeneratorService } from "../services/TitleGeneratorService";
    import { createLogger } from "../utils/Logger";
    import { LoggingCategories } from "../utils/LoggingSchema";
    import {
      CompactionManager,
      DiagnosticsLogger,
      HistoryProcessor,
      ModelAndAgentManager,
      PlanManager,
      QueueManager,
      SessionHandler,
      StreamEventHandler,
      StructuredOutputProcessor,
      SubagentPersistence,
      type AssistantHistoryMarker,
      type ChatModelOption,
      type ChatSlashCommand,
      type PlanProceedComment,
      type PromptDispatchMode,
      type QueuedPrompt,
      type RecoveredSessionContext,
      type StructuredAssistantOutput
    } from "./chat/index";
    import type { ConfigFile } from "./ConfigFilesProvider";
    import { ConfigFilesProvider } from "./ConfigFilesProvider";
    import { PlanViewProvider } from "./PlanViewProvider";
    
    const log = createLogger(LoggingCategories.CHAT_VIEW);
    
    // All types (QueuedPrompt, PromptDispatchMode, SessionSettings, ChatModelOption,
    // ChatSlashCommand, PersistedCompactionViewState, CompactionBaselineStats,
    // StructuredProgressUpdate, AssistantHistoryMarker, StructuredInteractiveChoice,
    // StructuredInteractiveEvent, StructuredAssistantOutput, PlanProceedComment,
    // RecoveredSessionContext) and constants (STRUCTURED_RESPONSE_TYPES) are now
    // imported from ./chat/index
    
    /**
     * Provides the chat interface webview for the OpenCode extension.
     *
     * This class is the core UI provider, managing all communication between
     * the extension backend and the chat webview frontend.
     *
     * **Usage:**
     * ```typescript
     * const provider = new ChatViewProvider(context, serverManager, sessionService);
     * context.subscriptions.push(
     *   vscode.window.registerWebviewViewProvider('opencode.chatView', provider)
     * );
     * ```
     *
     * **Integration Points:**
     * - OpencodeServerManager: For server status and client access
     * - SessionService: For session and message management
     * - MessageStreamService: For real-time AI response streaming
     * - PlanViewProvider: For displaying detected implementation plans
     *
     * **Thread Safety:**
     * This class is not thread-safe. All methods should be called from the
     * main VSCode extension host thread.
     *
     * @see WebviewViewProvider for VSCode webview provider interface
     */
    export class ChatViewProvider
      implements vscode.WebviewViewProvider, FileThemeProcessorObserver {
      private static readonly SUBAGENT_SNAPSHOT_PREFIX =
        "opencode.session.subagents.";
      private static readonly COMPACTION_VIEW_STATE_PREFIX =
        "opencode.session.compaction-view.";
      /** The webview instance (undefined before initialization) */
      private view?: vscode.WebviewView;
    
      /** Service for streaming events from the server */
      private streamService: MessageStreamService;
    
      /** Unsubscribe function for stream service cleanup */
      private unsubscribe?: () => void;
    
      /** Service for monitoring AI platform quota usage */
      private quotaService: QuotaService;
      private subagentTracker: SubagentTracker;
    
      /** Provider for managing configuration files */
      private configFilesProvider: ConfigFilesProvider;
    
      /** Service for managing custom skill installation and lifecycle */
      private skillManager: SkillManagerService;
      /** Service for resolving model capabilities (reasoning, variants) */
      private modelCapabilitiesService: ModelCapabilitiesService;
    
      /** Service for tracking Gemini token usage from stream events */
      private geminiTokenTracker: GeminiTokenUsageTracker;
      /** Service for managing daily request budgets */
      private budgeter: RequestBudgeter;
    
      private fileThemeProcessor: FileThemeProcessor;
      private cssGenerator: CssGenerator;
      private currentThemeCss: string | undefined;
    
      /** Logger for tracking events and metrics */
      private readonly logger: ReturnType<typeof createLogger>;
      private renderParityLogWriteChain: Promise<void> = Promise.resolve();
      private renderParityDebugFilePath?: string;
      private didLogRenderParityFilePath = false;
    
      /** Currently selected AI model (persisted to global state) */
      private selectedModel: {
        providerID: string;
        modelID: string;
        providerName?: string;
      } = {
          providerID: "opencode",
          modelID: "big-pickle",
          providerName: undefined,
        };
    
      /** Cache of available models returned from the server (used to resolve providerName) */
      // Cache of available models returned from the server (used to resolve providerName)
      // This cached list allows the extension to enrich selections sent from the webview
      // when the webview omits providerName.
      private availableModels?: ChatModelOption[];
    
      /** Currently selected agent (primary agent used for new sessions) */
      private selectedAgent: string = "build";
    
      /** Current chat mode (e.g., 'chat', 'agent', etc.) */
      private currentMode: string = "chat";
    
      /** ID of the session currently active in the webview (undefined until first bootstrap) */
      private currentSessionId: string | undefined;
      private currentTodoItems: unknown[] = [];
      private awaitingInteractiveAnswer = false;
      private interactiveResponseTransitionUntil = 0;
    
      /** Debouncing for todo persistence to reduce state write frequency during streaming */
      private todoPersistenceTimer: NodeJS.Timeout | null = null;
      private pendingTodoPersistence = false;
    
      private getTodoStorageKey(sessionId: string): string {
        return `opencode.session.todos.${sessionId}`;
      }
    
      private loadPersistedTodos(sessionId?: string): { items: unknown[]; lastUpdatedAt?: number } {
        if (!sessionId) return { items: [] };
        const raw = this.context.workspaceState.get<{ items: unknown[]; lastUpdatedAt: number }>(
          this.getTodoStorageKey(sessionId),
        );
        return { items: raw?.items ?? [], lastUpdatedAt: raw?.lastUpdatedAt };
      }
    
      private clearSessionTodos(sessionId?: string): void {
        this.currentTodoItems = [];
        if (sessionId) {
          this.context.workspaceState.update(this.getTodoStorageKey(sessionId), undefined);
        }
      }
    
      /**
       * Schedules a debounced todo persistence operation.
       * Multiple rapid calls during streaming will only trigger one write after 1 second.
       *
       * **Performance Note:** This reduces state write frequency during streaming by debouncing.
       * The persistence happens in the background without blocking the event loop.
       */
      private scheduleTodoPersistence(
        targetSessionId: string,
        todoItems: unknown[]
      ): void {
        // Clear any pending persistence timer
        if (this.todoPersistenceTimer) {
          clearTimeout(this.todoPersistenceTimer);
        }
    
        // Mark that we have pending persistence
        this.pendingTodoPersistence = true;
    
        // Schedule persistence after 1 second of inactivity (debouncing)
        this.todoPersistenceTimer = setTimeout(() => {
          this.persistTodoItems(targetSessionId, todoItems).catch((error) => {
            this.logger.warn("Failed to persist todo snapshot", { error });
          });
          this.pendingTodoPersistence = false;
          this.todoPersistenceTimer = null;
        }, 1000);
      }
    
      /**
       * Persists todo items to workspace state.
       * This method is async and debounced - called in the background.
       *
       * **Performance Note:** Previously called on every todo_update event during streaming.
       * Now debounced to reduce write frequency by 80-90%.
       */
      private async persistTodoItems(
        targetSessionId: string,
        incomingTodos: unknown[]
      ): Promise<void> {
        const key = this.getTodoStorageKey(targetSessionId);
        const existing =
          (this.context.workspaceState.get<{
            items: unknown[];
            lastUpdatedAt: number;
          }>(key) as { items: unknown[]; lastUpdatedAt: number } | undefined) ??
          { items: [], lastUpdatedAt: 0 };
    
        // Merge/upsert incoming items into existing snapshot using id + lifecycle rank
        const incoming = Array.isArray(incomingTodos) ? incomingTodos : [];
    
        const LIFECYCLE_RANK: Record<string, number> = {
          pending: 0,
          in_progress: 1,
          completed: 2,
          failed: 2,
          cancelled: 2,
        };
    
        interface StoredTodoItem { id: string; text: string; status: string;[key: string]: unknown }
    
        const byId = new Map<string, StoredTodoItem>();
        for (const item of existing.items) {
          const rec = item as Record<string, unknown>;
          const id = typeof rec?.id === "string" ? rec.id : undefined;
          if (!id) continue;
          byId.set(id, item as StoredTodoItem);
        }
    
        for (const inc of incoming) {
          if (!inc || typeof inc !== "object") continue;
          const incRec = inc as Record<string, unknown>;
          const id = typeof incRec.id === "string" ? incRec.id : undefined;
          const text = typeof incRec.text === "string" ? incRec.text : undefined;
          const status = typeof incRec.status === "string" ? incRec.status : undefined;
          if (!id || !text || !status) continue;
    
          const existingItem = byId.get(id);
          if (!existingItem) {
            byId.set(id, { id, text, status });
            continue;
          }
    
          const existingRank = LIFECYCLE_RANK[existingItem.status] ?? 0;
          const incomingRank = LIFECYCLE_RANK[status] ?? 0;
    
          if (incomingRank > existingRank) {
            byId.set(id, { ...existingItem, text: text || existingItem.text, status });
          } else if (incomingRank === existingRank) {
            // If same rank and same status, idempotent; if different status at same rank, prefer existing
            if (status === existingItem.status) {
              // keep existing (no-op)
            } else {
              // prefer existing to avoid blind flips
              byId.set(id, existingItem);
            }
          } else {
            // incoming rank lower -> ignore
            byId.set(id, existingItem);
          }
        }
    
        const updatedItems = Array.from(byId.values());
        await this.context.workspaceState.update(key, {
          items: updatedItems,
          lastUpdatedAt: Date.now(),
        });
    
        // Update in-memory cache for active session
        this.currentTodoItems = updatedItems;
      }
    
      private async updateSessionTitle(sessionId: string, title: string): Promise<void> {
        try {
          const client = await this.serverManager.ensureRunning();
          await client.session.update({
            path: { id: sessionId },
            body: { title }
          });
    
          const updatedSession = await this.sessionService.switchSession(sessionId);
          this.logger.info(`Updated session ${sessionId} title to: ${title}`);
        } catch (error) {
          this.logger.warn(`Failed to update session title for ${sessionId}:`, { error: String(error) });
        }
      }
    
      /** Session-scoped queue of prompts awaiting execution */
      private queueBySessionId = new Map<string, QueuedPrompt[]>();
      private queueItemSequence = 0;
    
      /** Set of session IDs currently executing their queue */
      private executingQueueSessionIds: Set<string> = new Set();
    
      private processingSessionIds: Set<string> = new Set();
      private get isProcessingRequest(): boolean {
        return this.processingSessionIds.size > 0;
      }
      private isBootstrappingWebview: boolean = false;
      private hasInitializedWebview: boolean = false;
      private sessionsListRequestVersion = 0;
      private lastSessionsPayloadFingerprint: string | undefined;
      /** Cache last message args for retry functionality */
      private lastSendMessageArgs?: {
        text: string;
        files?: string[];
        contexts?: any[];
        images?: any[];
        agent?: string;
      };
      private structuredOutputMode: "format" | "outputFormat" | "disabled" = "format";
      private readonly promptDebugBySession = new Map<string, Record<string, unknown>>();
      private readonly structuredValidationFailureCounters = new Map<string, number>();
      private readonly structuredOutputIncompatibleModelKeys = new Set<string>();
      private capabilityFetchFailureCount = 0;
      private modelsFetchPromise: Promise<ChatModelOption[]> | null = null;
      private commandCatalog: ChatSlashCommand[] = [];
      private commandCatalogFetchedAt = 0;
      private commandCatalogFetchPromise: Promise<ChatSlashCommand[]> | null = null;
      // Cache commands for 30 minutes since they rarely change
      // This prevents slow server calls with 700+ skills
      private readonly COMMAND_CATALOG_TTL_MS = 30 * 60 * 1000;
      private readonly compactingSessions = new Set<string>();
    
      /** ===== NEW: Module instances ===== */
      private diagnosticsLogger!: DiagnosticsLogger;
      private structuredOutputProcessor!: StructuredOutputProcessor;
      private planManager!: PlanManager;
      private subagentPersistence!: SubagentPersistence;
      private compactionManager!: CompactionManager;
      private historyProcessor!: HistoryProcessor;
      private modelAndAgentManager!: ModelAndAgentManager;
      private queueManager!: QueueManager;
      private sessionHandler!: SessionHandler;
      private streamEventHandler!: StreamEventHandler;
    
      /**
       * Creates a new ChatViewProvider instance.
       *
       * **Initialization:**
       * - Creates MessageStreamService for streaming
       * - Loads persisted model selection from global state
       * - Does NOT immediately create webview (happens on demand)
       *
       * **Model Persistence:**
       * The selected model is persisted to VSCode's global state,
       * which means it survives across VSCode restarts and workspace changes.
       *
       * @param context - VSCode extension context for global state access
       * @param serverManager - Server manager for status checking
       * @param sessionService - Session service for session management
       */
      constructor(
        private context: vscode.ExtensionContext,
        private serverManager: OpencodeServerManager,
        private sessionService: SessionService,
        modelCapabilitiesService?: ModelCapabilitiesService,
      ) {
        this.logger = createLogger("ChatViewProvider");
        this.streamService = new MessageStreamService(serverManager);
        this.quotaService = new QuotaService();
        this.subagentTracker = new SubagentTracker();
        this.budgeter = new RequestBudgeter();
        this.configFilesProvider = new ConfigFilesProvider();
        this.skillManager = new SkillManagerService(context);
        this.skillManager.initialize().catch((error) => {
          this.logger.error('Failed to initialize skill manager', error);
        });
        // Use injected service or create local instance as fallback
        this.modelCapabilitiesService = modelCapabilitiesService ?? new ModelCapabilitiesService();
        this.geminiTokenTracker = GeminiTokenUsageTracker.getInstance();
        this.quotaService.on("quotaUpdate", (data) => {
          this.view?.webview.postMessage({ type: "quotaData", data });
          this.sendBudgetInfo();
        });
    
        // Initialize file theme processor
        this.fileThemeProcessor = new FileThemeProcessor(context);
        this.cssGenerator = new CssGenerator();
        this.fileThemeProcessor.subscribe(this);
    
        // Load persisted model selection
        const savedModel = this.context.globalState.get<any>("selectedModel");
        if (
          savedModel &&
          typeof savedModel.providerID === "string" &&
          typeof savedModel.modelID === "string" &&
          savedModel.providerID &&
          savedModel.modelID
        ) {
          this.logger.info(
            `[ChatViewProvider] Loaded persisted model: ${savedModel.modelID} (${savedModel.providerID})`,
          );
          this.selectedModel = savedModel;
        } else if (savedModel) {
          this.logger.warn(
            "[ChatViewProvider] Ignoring invalid persisted model selection. Expected {providerID, modelID}.",
          );
        }
    
        /** ===== NEW: Initialize all modules ===== */
        this.initializeModules();
      }
    
      /**
       * Initialize all chat modules and wire dependencies
       */
      private initializeModules(): void {
        // Utility method callbacks
        const asRecord = (value: unknown) => {
          if (value && typeof value === "object" && !Array.isArray(value)) {
            return value as Record<string, unknown>;
          }
          return undefined;
        };
    
        const firstNonEmptyString = (...values: unknown[]): string | undefined => {
          for (const value of values) {
            if (typeof value === "string" && value.trim().length > 0) {
              return value.trim();
            }
          }
          return undefined;
        };
    
        const logger = this.logger;
    
        // 1. DiagnosticsLogger
        this.diagnosticsLogger = new DiagnosticsLogger(
          logger,
          asRecord,
          firstNonEmptyString,
          this.extractMessageBodyText.bind(this),
          this.historyMessageCreatedAt.bind(this),
          this.extractHistoryMessageId.bind(this),
          this.isRenderableHistoryMessage.bind(this),
          this.historyMessageFingerprint.bind(this),
        );
    
        // 2. PlanManager (must be created before StructuredOutputProcessor)
        this.planManager = new PlanManager(
          logger,
          firstNonEmptyString,
          this.context.globalState,
        );
    
        // 3. StructuredOutputProcessor
        this.structuredOutputProcessor = new StructuredOutputProcessor(
          logger,
          asRecord,
          firstNonEmptyString,
          this.planManager,
        );
    
        // 4. SubagentPersistence
        this.subagentPersistence = new SubagentPersistence(
          this.context.workspaceState,
          this.subagentTracker,
          logger,
          asRecord,
          firstNonEmptyString,
          this.normalizeSubagentStatus.bind(this),
          this.mergeSubagentEntries.bind(this),
          this.hydrateSubagentsFromPayload.bind(this),
          this.resolveSubagentPayloadSessionId.bind(this),
        );
    
        // 5. CompactionManager
        this.compactionManager = new CompactionManager(
          this.context.workspaceState,
          this.serverManager,
          logger,
          asRecord,
          firstNonEmptyString,
          this.processHistoryMessages.bind(this),
        );
    
        // 6. HistoryProcessor
        this.historyProcessor = new HistoryProcessor(
          this.context.workspaceState,
          logger,
          this.structuredOutputProcessor,
          asRecord,
          firstNonEmptyString,
          this.isLikelyToolCallTranscript.bind(this),
          this.extractMessageBodyText.bind(this),
          this.planManager,
        );
    
        // 7. ModelAndAgentManager
        this.modelAndAgentManager = new ModelAndAgentManager(
          this.context.globalState,
          this.serverManager,
          this.modelCapabilitiesService,
          logger,
          asRecord,
          firstNonEmptyString,
        );
    
        // 8. QueueManager
        this.queueManager = new QueueManager(logger);
    
        // 9. SessionHandler
        this.sessionHandler = new SessionHandler(
          this.sessionService,
          this.historyProcessor,
          this.subagentPersistence,
          this.compactionManager,
          this.modelAndAgentManager,
          logger,
        );
    
        // 10. StreamEventHandler
        this.streamEventHandler = new StreamEventHandler(
          this.structuredOutputProcessor,
          this.subagentPersistence,
          this.compactionManager,
          this.diagnosticsLogger,
          this.geminiTokenTracker,
          this.subagentTracker,
          logger,
        );
    
        /** ===== NEW: Wire all callbacks ===== */
        this.wireModuleCallbacks();
      }
    
      /**
       * Wire callbacks between modules and the shell
       */
      private wireModuleCallbacks(): void {
        const postMessage = (msg: any) => {
          this.view?.webview.postMessage(msg);
        };
    
        const getCurrentSessionId = () => this.currentSessionId;
        const setCurrentSessionId = (id: string | undefined) => {
          this.currentSessionId = id;
        };
    
        // Wire postMessage callbacks
        this.compactionManager.setPostMessage(postMessage);
        this.modelAndAgentManager.setPostMessage(postMessage);
        this.queueManager.setPostMessage(postMessage);
        this.sessionHandler.setPostMessage(postMessage);
        this.sessionHandler.setGetCurrentSessionId(getCurrentSessionId);
        this.sessionHandler.setSetCurrentSessionId(setCurrentSessionId);
        this.streamEventHandler.setPostMessage(postMessage);
        this.streamEventHandler.setGetCurrentSessionId(getCurrentSessionId);
    
        // Wire QueueManager execution callbacks
        this.queueManager.setHandleSendMessage(this.handleSendMessage.bind(this));
        this.queueManager.setHandleStopRequest(this.handleStopRequest.bind(this));
        this.queueManager.setGetCurrentSessionId(getCurrentSessionId);
      }
    
      private async schedulePromptDispatch(
        mode: PromptDispatchMode,
        payload: {
          sessionId?: string;
          text?: string;
          files?: string[];
          contexts?: any[];
          images?: any[];
          agent?: string;
          userFacingText?: string;
        },
      ): Promise<void> {
        const text = typeof payload.text === "string" ? payload.text.trim() : "";
        if (!text) {
          return;
        }
    
        const sessionId = await this.resolveQueueSessionId(payload.sessionId);
        if (!sessionId) {
          return;
        }
    
        const effectiveMode =
          mode === "send-now" && this.processingSessionIds.has(sessionId)
            ? "steer"
            : mode;
    
        // For normal sends, bypass queue persistence entirely so the queue panel
        // does not show transient "queued" items when there is no active backlog.
        if (effectiveMode === "send-now") {
          await this.handleSendMessage(
            text,
            payload.files,
            payload.contexts,
            payload.images,
            payload.agent,
            false,
            undefined,
            false,
            undefined,
            payload.userFacingText,
          );
          return;
        }
    
        const promptId = `q-${Date.now()}-${this.queueItemSequence}`;
        this.queueItemSequence += 1;
        const prompt: QueuedPrompt = {
          id: promptId,
          sessionId,
          createdAt: Date.now(),
          text,
          userFacingText: payload.userFacingText,
          files: payload.files,
          contexts: payload.contexts,
          images: payload.images,
          agent: payload.agent,
        };
    
        this.queueManager.enqueuePrompt(prompt, effectiveMode !== "queue");
        this.sendQueueUpdate(sessionId);
    
        if (effectiveMode === "queue") {
          return;
        }
    
        if (this.isProcessingRequest) {
          if (sessionId === this.currentSessionId) {
            await this.handleStopRequest(sessionId);
          }
          return;
        }
    
        await this.handleExecuteQueue(sessionId);
      }
    
      private async handleDispatchQueuedItem(
        dispatchMode: "queue" | "send-now" | "steer",
        sessionId: string,
        id: string,
        index?: number,
      ): Promise<void> {
        await this.queueManager.handleDispatchQueuedItem(
          dispatchMode,
          sessionId,
          id,
          index,
        );
      }
    
      private async handleRemoveFromQueue(
        sessionId: string | undefined,
        id: string,
        _index?: number,
      ): Promise<void> {
        if (!id) {
          return;
        }
        await this.queueManager.handleRemoveFromQueue({ id });
        if (sessionId) {
          this.sendQueueUpdate(sessionId);
        }
      }
    
      private async handleClearQueue(sessionId: string): Promise<void> {
        if (!sessionId) {
          return;
        }
        await this.queueManager.handleClearQueue({ sessionId });
      }
    
      private sendQueueUpdate(sessionId: string): void {
        void this.queueManager.sendQueueUpdate(sessionId);
      }
    
      private async handleExecuteQueue(sessionId: string): Promise<void> {
        const flow = log.startFeatureFlow('ExecuteQueue', { sessionId });
    
        if (!sessionId || this.executingQueueSessionIds.has(sessionId)) {
          if (this.executingQueueSessionIds.has(sessionId)) {
            log.endFeatureFlow(flow, { status: 'skipped', reason: 'Queue already executing' });
          } else {
            log.endFeatureFlow(flow, { status: 'failed', reason: 'No sessionId provided' });
          }
          return;
        }
    
        log.featureStep(flow, 'queue_execution_started');
        this.executingQueueSessionIds.add(sessionId);
        this.view?.webview.postMessage({
          type: "queueExecutionStarted",
          sessionId,
        });
    
        try {
          await this.queueManager.handleExecuteQueue({ sessionId });
          log.endFeatureFlow(flow, { status: 'completed', sessionId });
        } catch (error) {
          log.error('Failed to execute queue', { sessionId }, error as Error);
          log.endFeatureFlow(flow, { status: 'failed', error: String(error) });
        } finally {
          this.executingQueueSessionIds.delete(sessionId);
          this.sendQueueUpdate(sessionId);
        }
      }
    
      /**
       * Wrapper: Get sessions list
       * Fetches sessions from service and sends to webview
       */
      private async handleGetSessions(): Promise<void> {
        const sessions = await this.sessionService.listSessions();
        const sessionsPayload = sessions.map((session: any) => ({
          id: session.id,
          title: session.title || session.id,
          createdAt: session.createdAt,
          updatedAt: session.updatedAt,
        }));
    
        this.view?.webview.postMessage({
          type: "sessionsList",
          sessions: sessionsPayload,
        });
      }
    
      /**
       * Wrapper: Load session
       * Loads messages from service and sends to webview
       */
      private async handleLoadSession(sessionId: string): Promise<void> {
        const flow = log.startFeatureFlow('LoadSession', { sessionId });
    
        if (!sessionId) {
          log.endFeatureFlow(flow, { status: 'failed', reason: 'No sessionId provided' });
          return;
        }
    
        // Add to processing state to show loading indicator in UI
        this.processingSessionIds.add(sessionId);
        this.sendProcessingSessionsUpdate();
    
        try {
          // CRITICAL: Switch the active session in SessionService
          // This updates the service's internal state and persists it
          await this.sessionService.switchSession(sessionId);
          this.currentSessionId = sessionId;
          this.subagentTracker.setActiveSession(sessionId);
          // Clear in-memory todo cache to avoid cross-session leakage
          this.clearSessionTodos(sessionId);
    
          // Restore per-session agent / model / thinking selections
          await this.modelAndAgentManager.applySessionSettings(sessionId);
    
          // Notify the webview of the restored selections for this session
          this.view?.webview.postMessage({
            type: "initState",
            serverStatus: this.serverManager.getStatus(),
            selectedModel: this.modelAndAgentManager.getSelectedModel(),
            selectedAgent: this.modelAndAgentManager.getSelectedAgent(),
            serverVersion: this.serverManager.getVersion(),
            currentSessionId: this.currentSessionId,
            todoItems: this.loadPersistedTodos(this.currentSessionId).items,
          });
    
          const sessionThinkingLevel =
            this.modelAndAgentManager.getSessionSettings(sessionId).thinkingLevel ??
            this.context.globalState.get<string>("thinkingLevel");
          if (sessionThinkingLevel) {
            this.view?.webview.postMessage({
              type: "thinkingLevelUpdate",
              level: sessionThinkingLevel,
            });
          }
    
          // Fire-and-forget: fetch and broadcast current model capabilities on session load
          void this.modelCapabilitiesService
            .getCapabilities(
              this.modelAndAgentManager.getSelectedModel()?.providerID ?? "",
              this.modelAndAgentManager.getSelectedModel()?.modelID ?? "",
            )
            .then((capability) => {
              this.view?.webview.postMessage({
                type: "modelCapabilityUpdate",
                capability: capability ?? null,
              });
            })
            .catch(() => {
              // Minimal failure tracking for session-load capability fetches
              try {
                this.capabilityFetchFailureCount = (this.capabilityFetchFailureCount || 0) + 1;
                if (this.capabilityFetchFailureCount >= 3) {
                  vscode.window.showWarningMessage(
                    "Could not fetch model capabilities. Thinking level control may be unavailable.",
                  );
                  this.capabilityFetchFailureCount = 0;
                }
              } catch (_) {
                // best-effort only
              }
            });
    
          // Reload history for the new session
          const rawMessages = await this.sessionService.getMessages(sessionId);
    
          this.logger.info('[handleLoadSession] Fetched raw messages', {
            sessionId,
            rawCount: rawMessages?.length || 0,
            isRawMessagesArray: Array.isArray(rawMessages)
          });
    
          const messages = Array.isArray(rawMessages)
            ? await this.processHistoryMessages(rawMessages, sessionId)
            : [];
    
          this.logger.info('[handleLoadSession] Processed messages', {
            sessionId,
            processedCount: messages.length,
            willSendToWebview: true
          });
    
          const subagentSnapshotPayload =
            await this.subagentPersistence.syncSubagentSnapshotForSession(
              sessionId,
              messages,
            );
          await this.compactionManager.sendPersistedCompactionViewState(sessionId);
    
          // DEBUG: Log messages before sending to webview
          const planMessages = messages.filter((m: any) => m?.plan);
          log.debug('Sending messages to webview', {
            totalMessages: messages.length,
            planMessagesCount: planMessages.length,
            samplePlanMessage: planMessages[0] ? {
              hasPlan: !!planMessages[0].plan,
              planKeys: planMessages[0].plan ? Object.keys(planMessages[0].plan) : [],
              planFile: planMessages[0].plan?.file,
              planValue: planMessages[0].plan
            } : null
          });
    
          this.view?.webview.postMessage({
            type: "chatHistory",
            sessionId: sessionId,
            messages: messages,
          });
          this.view?.webview.postMessage({
            type: "subagentSnapshot",
            ...subagentSnapshotPayload,
          });
    
          // Update the list selection
          await this.handleGetSessions();
        } catch (error) {
          log.error('Failed to load session', { sessionId }, error as Error);
          vscode.window.showErrorMessage(`Failed to load session: ${error}`);
          log.endFeatureFlow(flow, { status: 'failed', error: String(error) });
        } finally {
          // Remove from processing state regardless of success or error
          this.processingSessionIds.delete(sessionId);
          this.sendProcessingSessionsUpdate();
          // always finalize flow (was previously guarded by !flow.result)
          log.endFeatureFlow(flow, { status: 'completed', sessionId });
        }
      }
    
      /**
       * Wrapper: Delete session
       * Handles session deletion with fallback to create new session
       */
      private async handleDeleteSession(sessionId: string): Promise<void> {
        const flow = log.startFeatureFlow('DeleteSession', { sessionId });
    
        if (!sessionId) {
          log.endFeatureFlow(flow, { status: 'failed', reason: 'No sessionId provided' });
          return;
        }
    
        try {
          log.featureStep(flow, 'deleting_session');
          await this.sessionService.deleteSession(sessionId);
          await this.clearPersistedSubagentSnapshot(sessionId);
          await this.compactionManager.clearPersistedCompactionViewState(sessionId);
    
          const currentSession = await this.sessionService.getCurrentSession();
          if (!currentSession) {
            await this.sessionService.createNewSession();
          }
    
          await this.handleGetSessions();
          log.endFeatureFlow(flow, { status: 'completed', sessionId });
        } catch (error) {
          log.error('Failed to delete session', { sessionId }, error as Error);
          vscode.window.showErrorMessage(`Failed to delete session: ${error}`);
          log.endFeatureFlow(flow, { status: 'failed', error: String(error) });
        }
      }
    
      /**
       * Wrapper: Rename session
       * Delegates to SessionHandler module
       */
      private async handleRenameSession(sessionId: string, newTitle: string): Promise<void> {
        return this.sessionHandler.handleRenameSession(sessionId, newTitle);
      }
    
      /**
       * Wrapper: Forward compaction status from stream event
       * Called by MessageStreamService when processing stream events
       */
      forwardCompactionStatusFromStreamEvent(event: unknown): void {
        return this.compactionManager.forwardCompactionStatusFromStreamEvent(event);
      }
    
      /**
       * Wrapper: Get models
       * Delegates to ModelAndAgentManager module
       */
      private async handleGetModels(): Promise<ChatModelOption[]> {
        return this.modelAndAgentManager.handleGetModels();
      }
    
      /**
       * Wrapper: Get agents
       * Delegates to ModelAndAgentManager module
       */
      private async handleGetAgents(): Promise<void> {
        return this.modelAndAgentManager.handleGetAgents();
      }
    
      /**
       * Handle get commands request
       * Fetches available skills and converts them to slash commands
       */
      private async handleGetCommands(): Promise<void> {
        this.logger.info('[handleGetCommands] Starting to fetch skills from OpenCode server');
    
        try {
          // Ensure server is running
          this.logger.info('[handleGetCommands] Ensuring server is running...');
          const client = await this.serverManager.ensureRunning();
          if (!client) {
            this.logger.error('[handleGetCommands] Failed to get client even after ensureRunning()');
            this.sendCommandsToWebview([]);
            return;
          }
    
          this.logger.info('[handleGetCommands] Server is running, client available');
    
          // Get the current model and provider
          let currentModel = this.selectedModel?.modelID
            ? { provider: this.selectedModel.providerID, model: this.selectedModel.modelID }
            : undefined;
          if (!currentModel) {
            this.logger.warn('[handleGetCommands] No current model selected, using defaults');
            currentModel = { provider: 'anthropic', model: 'claude-sonnet-4-6' };
          }
    
          this.logger.info('[handleGetCommands] Fetching tools from OpenCode server', {
            provider: currentModel.provider,
            model: currentModel.model
          });
    
          // Use the OpenCode SDK client to get the list of available tools
          const toolsResponse = await client.tool.list({
            query: {
              provider: currentModel.provider,
              model: currentModel.model
            }
          });
    
          if (!toolsResponse.data) {
            this.logger.warn('[handleGetCommands] No tools data returned from server');
            this.sendCommandsToWebview([]);
            return;
          }
    
          const tools = toolsResponse.data;
          this.logger.info('[handleGetCommands] Fetched tools from server', {
            toolCount: tools.length,
            toolIds: tools.map(t => t.id),
            allTools: JSON.stringify(tools.map(t => ({
              id: t.id,
              hasDescription: !!t.description,
              descLength: t.description?.length || 0
            })))
          });
    
          // Find the skill tool
          const skillTool = tools.find(tool => tool.id === 'skill');
    
          this.logger.info('[handleGetCommands] Looking for skill tool', {
            found: !!skillTool,
            hasDescription: !!skillTool?.description,
            descPreview: skillTool?.description?.substring(0, 200)
          });
    
          const commands: Array<{ name: string; description: string }> = [];
    
          if (skillTool && skillTool.description) {
            // Parse the available skills from the skill tool's description
            // Format: ## Available Skills\n- **skill-name**: description
            // Show ALL skills in slash commands (even disabled ones) for manual use
            // The config controls which skills OpenCode auto-loads, not what's visible
    
            // Normalize line endings to handle \r\n (Windows) and \r (old Mac)
            const normalizedDescription = skillTool.description.replace(/\r\n/g, '\n').replace(/\r/g, '\n');
            const lines = normalizedDescription.split('\n');
            this.logger.info('[handleGetCommands] Splitting description into lines', {
              lineCount: lines.length,
              firstLines: lines.slice(0, 5),
              fullDescription: skillTool.description.substring(0, 500)
            });
    
            let inAvailableSection = false;
            let currentSkill: { name: string; description: string } | null = null;
    
            for (const line of lines) {
              if (line.includes('## Available Skills') || line.includes('Available Skills')) {
                inAvailableSection = true;
                continue;
              }
    
              if (inAvailableSection) {
                // Match format: - **skill-name**: description
                const match = line.match(/^-\s*\*\*([^*]+)\*\*:\s*(.+)$/);
                if (match) {
                  // Save previous skill if any
                  if (currentSkill) {
                    commands.push(currentSkill);
                  }
                  // Start new skill
                  currentSkill = {
                    name: match[1].trim(),
                    description: match[2].trim()
                  };
                } else if (line.startsWith('##') || line.startsWith('---')) {
                  // End of skills section - save last skill
                  if (currentSkill) {
                    commands.push(currentSkill);
                    currentSkill = null; // Clear to prevent double-push
                  }
                  break;
                } else if (line.trim().startsWith('- ') && currentSkill) {
                  // Continuation of description - remove the '- ' prefix
                  currentSkill.description += '\n' + line.trim().substring(2);
                } else if (line.trim().length > 0 && currentSkill) {
                  // Continuation of description (lines without '- ' prefix)
                  currentSkill.description += '\n' + line.trim();
                }
              }
            }
    
            // Don't forget to push the last skill if we didn't hit a break condition
            if (currentSkill) {
              commands.push(currentSkill);
            }
    
            this.logger.info('[handleGetCommands] Parsed ALL skills from skill tool', {
              count: commands.length,
              skills: commands.map(c => ({ name: c.name, descLength: c.description.length }))
            });
          } else {
            this.logger.warn('[handleGetCommands] No skill tool found or no description');
          }
    
          // If no skills found, do NOT fall back to all tools
          // This prevents showing system tools (edit, read, bash, etc.) as if they were skills
          if (commands.length === 0) {
            this.logger.warn('[handleGetCommands] No skills found, sending empty command list');
          }
    
          this.logger.info('[handleGetCommands] Sending commands to webview', {
            commandCount: commands.length,
            commands: commands.slice(0, 10).map(c => ({ name: c.name, desc: c.description }))
          });
    
          if (commands.length === 0) {
            this.logger.warn('[handleGetCommands] No commands found - this might indicate:', {
              reasons: [
                'Server not started or not ready',
                'No skills available in current config',
                'Skills not discovered by server',
                'Tool list API changed'
              ],
              suggestion: 'Check OpenCode server status and ensure skills are enabled in config'
            });
          }
    
          // Send the commands to the webview
          this.sendCommandsToWebview(commands);
        } catch (error) {
          this.logger.error('[handleGetCommands] Failed to load commands', {
            error: error instanceof Error ? error.message : String(error),
            stack: error instanceof Error ? error.stack : undefined
          });
    
          // Still send empty commands array to frontend even on error
          this.sendCommandsToWebview([]);
        }
      }
    
      /**
       * Send commands to the webview
       * Centralized method for sending slash commands to the chat interface
       */
      private sendCommandsToWebview(commands: Array<{ name: string; description: string }>): void {
        // CRITICAL: Check if view is available before sending message
        if (!this.view) {
          this.logger.error('[sendCommandsToWebview] Cannot send commands - webview is not available');
          return;
        }
    
        if (!this.view.webview) {
          this.logger.error('[sendCommandsToWebview] Cannot send commands - webview.webview is not available');
          return;
        }
    
        const message = {
          type: "commandsList",
          commands: commands,
        };
    
        this.logger.info('[sendCommandsToWebview] Posting message to webview', {
          messageType: message.type,
          commandsCount: message.commands.length,
          commandsPreview: message.commands.slice(0, 3).map(c => c.name)
        });
    
        try {
          const result = this.view.webview.postMessage(message);
          this.logger.info('[sendCommandsToWebview] postMessage returned', {
            success: result,
            result: String(result)
          });
    
          if (!result) {
            this.logger.error('[sendCommandsToWebview] postMessage returned false - webview may not be ready');
          }
        } catch (postError) {
          this.logger.error('[sendCommandsToWebview] postMessage threw an error', {
            error: postError instanceof Error ? postError.message : String(postError),
            stack: postError instanceof Error ? postError.stack : undefined
          });
        }
      }
    
      /**
       * Wrapper: Clear persisted subagent snapshot
       * Delegates to SubagentPersistence module
       */
      private async clearPersistedSubagentSnapshot(sessionId: string): Promise<void> {
        return this.subagentPersistence.clearPersistedSubagentSnapshot(sessionId);
      }
    
      /**
       * Wrapper: View plan
       * Delegates to PlanManager module
       */
      private async handleViewPlan(plan: {
        file?: string;
        content?: string;
        title?: string;
        intro?: string;
        summary?: string;
        files?: any[];
        fileCount?: number;
      }): Promise<void> {
        return this.planManager.handleViewPlan(plan);
      }
    
      /**
       * Wrapper: Set compaction view state
       * Delegates to CompactionManager module
       */
      private async handleSetCompactionViewState(message: {
        sessionId: string;
        state: any;
      }): Promise<void> {
        return this.compactionManager.handleSetCompactionViewState(message);
      }
    
      /**
       * Wrapper: Compact session
       * Delegates to CompactionManager module
       */
      private async handleCompactSession(
        sessionId: string,
        baselineStats?: { [key: string]: number },
      ): Promise<void> {
        const options: { auto?: boolean; threshold?: number } = {};
        if (baselineStats) {
          options.threshold = Object.values(baselineStats).reduce((sum, val) => sum + val, 0);
        }
        return this.compactionManager.handleCompactSession(
          sessionId,
          options,
          this.sessionService,
        );
      }
    
      /**
       * Wrapper: Apply session message overrides
       * Delegates to HistoryProcessor module
       */
      private async applySessionMessageOverrides(
        sessionId: string,
        messages: any[],
      ): Promise<any[]> {
        return this.historyProcessor.applySessionMessageOverrides(sessionId, messages);
      }
    
      /**
       * Wrapper: Normalize structured output
       * Delegates to StructuredOutputProcessor module
       */
      private normalizeStructuredOutput(
        content: string,
        context: {
          source?: string;
          providerID?: string;
          modelID?: string;
        },
      ): any {
        return this.structuredOutputProcessor.normalizeStructuredOutput(content, context);
      }
    
      /**
       * Wrapper: Persist session message override
       * Delegates to HistoryProcessor module
       */
      private async persistSessionMessageOverride(
        sessionId: string,
        override: any,
      ): Promise<void> {
        return this.historyProcessor.persistSessionMessageOverride(sessionId, override);
      }
    
      /**
       * Wrapper: Normalize plan proceed user message
       * Delegates to PlanManager module
       */
      private normalizePlanProceedUserMessage(message: any): any {
        return this.planManager.normalizePlanProceedUserMessage(message);
      }
    
      /**
       * Wrapper: Log stream event diagnostics
       * Delegates to DiagnosticsLogger module
       */
      private logStreamEventDiagnostics(event: any, enrichedEvent?: any): void {
        this.diagnosticsLogger.logStreamEventDiagnostics(event, enrichedEvent);
      }
    
      /**
       * Wrapper: Enrich message with plan
       * Delegates to StructuredOutputProcessor module
       */
      private enrichMessageWithPlan(message: any): any {
        return this.structuredOutputProcessor.enrichMessageWithPlan(message);
      }
    
      /**
       * Check if value is an interactive response type
       */
      private isInteractiveResponseType(value: unknown): boolean {
        return this.structuredOutputProcessor.isInteractiveResponseType(value);
      }
    
      /**
       * Check if content is a clarification questionnaire
       */
      private isClarificationQuestionnaire(content: unknown): boolean {
        return this.structuredOutputProcessor.isClarificationQuestionnaire(content);
      }
    
      /**
       * Get structured output model key
       */
      private getStructuredOutputModelKey(
        providerID?: string,
        modelID?: string,
      ): string {
        return this.structuredOutputProcessor.getStructuredOutputModelKey(
          this.firstNonEmptyString(providerID, modelID) || "",
        );
      }
    
      /**
       * Create fallback message from structured output
       */
      private createFallbackMessage(structured: any): string | undefined {
        return this.structuredOutputProcessor.createFallbackMessage(structured);
      }
    
      /**
       * Get the selected structured output model key
       */
      private getSelectedStructuredOutputModelKey(): string | undefined {
        return this.structuredOutputProcessor.getSelectedStructuredOutputModelKey();
      }
    
      /**
       * Dispatch interactive response
       */
      private async dispatchInteractiveResponse(payload: {
        sessionId?: string;
        text?: string;
        userFacingText?: string;
        agent?: string;
      }): Promise<void> {
        const text = typeof payload.text === "string" ? payload.text.trim() : "";
        if (!text) {
          return;
        }
    
        const sessionId = await this.resolveQueueSessionId(payload.sessionId);
        if (!sessionId) {
          const message =
            "Unable to send interactive response because no active session could be resolved.";
          this.view?.webview.postMessage({
            type: "error",
            message,
          });
          vscode.window.showErrorMessage(message);
          return;
        }
    
        if (this.awaitingInteractiveAnswer) {
          // Match webview's 15s window to prevent popover reappearing during transition
          this.interactiveResponseTransitionUntil = Date.now() + 15000;
        }
    
        // Don't force stop ongoing requests - let schedulePromptDispatch handle mode switching
        // This uses the same intelligent "steer" mode as normal messages instead of blocking
        this.currentSessionId = sessionId;
        await this.schedulePromptDispatch("send-now", {
          sessionId,
          text,
          agent: payload.agent,
          userFacingText: payload.userFacingText,
        });
      }
    
      /**
       * Resolve queue session ID
       */
      private async resolveQueueSessionId(
        requestedSessionId?: string,
      ): Promise<string | undefined> {
        const explicitSessionId = this.firstNonEmptyString(requestedSessionId);
        if (explicitSessionId) {
          if (!this.currentSessionId) {
            this.currentSessionId = explicitSessionId;
          }
          return explicitSessionId;
        }
    
        const currentId = this.firstNonEmptyString(this.currentSessionId);
        if (currentId) {
          return currentId;
        }
    
        try {
          const session = await this.sessionService.getCurrentSession();
          const sessionId = this.firstNonEmptyString(session?.id);
          if (sessionId) {
            this.currentSessionId = sessionId;
          }
          return sessionId;
        } catch (error) {
          this.logger.error("Failed to resolve queue session ID", { err: error });
          return undefined;
        }
      }
    
      /**
       * History processing methods - delegate to HistoryProcessor
       */
      private dedupeMirrorHistoryMessages(messages: any[]): any[] {
        return this.historyProcessor.dedupeMirrorHistoryMessages(messages);
      }
    
      private mergeAdjacentAssistantActivityMessages(messages: any[]): any[] {
        return this.historyProcessor.mergeAdjacentAssistantActivityMessages(messages);
      }
    
      private mergeConsecutiveAssistantBursts(messages: any[]): any[] {
        return this.historyProcessor.mergeConsecutiveAssistantBursts(messages);
      }
    
      private getLatestAssistantHistoryMarker(messages: any[]): {
        id?: string;
        fingerprint?: string;
        createdAt?: number;
        richness: number;
      } {
        return this.historyProcessor.getLatestAssistantHistoryMarker(messages);
      }
    
      private hasAssistantHistoryAdvanced(
        latest:
          | any[]
          | { id?: string; fingerprint?: string; createdAt?: number; richness?: number }
          | undefined,
        baseline:
          | any[]
          | { id?: string; fingerprint?: string; createdAt?: number; richness?: number }
          | undefined,
      ): boolean {
        return this.historyProcessor.hasAssistantHistoryAdvanced(latest, baseline);
      }
    
      /**
       * Subagent methods - delegate to SubagentPersistence
       */
      private async persistSubagentLiveState(
        sessionId: string,
        payload: unknown,
      ): Promise<void> {
        await this.subagentPersistence.persistSubagentLiveState(sessionId, payload as SubagentUpdatePayload);
      }
    
      private buildSubagentPayloadFromMessage(message: any, sessionId?: string): any {
        return this.subagentPersistence.buildSubagentPayloadFromMessage(message, sessionId ?? '');
      }
    
      /**
       * Diagnostics logging - delegate to DiagnosticsLogger
       */
      private logHistoryRenderDiagnostics(
        source: string,
        sessionId: string,
        rawMessages: any[],
        processedMessages: any[],
      ): void {
        return this.diagnosticsLogger.logHistoryRenderDiagnostics(
          source,
          sessionId,
          rawMessages,
          processedMessages,
        );
      }
    
      /**
       * Session settings - delegate to ModelAndAgentManager
       */
      private async persistSessionSettings(
        sessionId: string,
        settings: {
          providerID?: string;
          modelID?: string;
          agent?: string;
          thinkingLevel?: string;
        },
      ): Promise<void> {
        const partial: any = {};
        if (settings.providerID) partial.providerID = settings.providerID;
        if (settings.modelID) partial.modelID = settings.modelID;
        if (settings.agent) partial.agent = settings.agent;
        if (settings.thinkingLevel) partial.thinkingLevel = settings.thinkingLevel;
        return this.modelAndAgentManager.persistSessionSettings(sessionId, partial);
      }
    
      private async resolvePromptVariant(sessionId: string): Promise<string | undefined> {
        return this.modelAndAgentManager.resolvePromptVariant(sessionId);
      }
    
      /**
       * Structured output methods - delegate to StructuredOutputProcessor
       */
      private getStructuredOutputFormat(): Record<string, unknown> {
        return this.structuredOutputProcessor.getStructuredOutputFormat();
      }
    
      private shouldUseStructuredOutput(modelKey: string): boolean {
        return this.structuredOutputProcessor.shouldUseStructuredOutput(modelKey);
      }
    
      private isRenderableTextPart(part: unknown): boolean {
        return this.structuredOutputProcessor.isRenderableTextPart(part);
      }
    
      private deriveQuestionPromptFromInteractivePayload(payload: {
        question: string;
        options?: any[];
      }): string {
        return this.structuredOutputProcessor.deriveQuestionPromptFromInteractivePayload(payload);
      }
    
      private isLowValueInteractiveBodyText(value: string): boolean {
        return this.structuredOutputProcessor.isLowValueInteractiveBodyText(value);
      }
    
      /**
       * Plan methods - delegate to PlanManager
       */
      private collectPlanFileCandidatesFromStructuredPlan(structured: any): string[] {
        return this.planManager.collectPlanFileCandidatesFromStructuredPlan(structured);
      }
    
      private resolvePlanTitle(options: {
        plan?: { title?: string; file?: string };
        planFile?: string;
        fallback?: string;
        explicitTitle?: string;
      }): string | undefined {
        return this.planManager.resolvePlanTitle(options);
      }
    
      /**
       * Session methods - delegate to SessionHandler
       */
      private sendProcessingSessionsUpdate(): void {
        this.view?.webview.postMessage({
          type: "SET_PROCESSING_SESSIONS",
          payload: Array.from(this.processingSessionIds),
        });
      }
    
      /**
       * Diagnostics methods - delegate to DiagnosticsLogger
       */
      private async logPromptRequestPayload(
        sessionId: string,
        promptBody: any,
        useStructuredOutput: boolean,
      ): Promise<void> {
        return this.diagnosticsLogger.logPromptRequestPayload(
          sessionId,
          promptBody,
          useStructuredOutput,
        );
      }
    
      private async logPromptResponsePayload(
        sessionId: string,
        response: any,
        durationSeconds: number,
        useStructuredOutput: boolean,
      ): Promise<void> {
        return this.diagnosticsLogger.logPromptResponsePayload(
          sessionId,
          response,
          durationSeconds,
          useStructuredOutput,
        );
      }
    
      private logPromptResponseDiagnostics(
        sessionId: string,
        responseData: any,
      ): void {
        return this.diagnosticsLogger.logPromptResponseDiagnostics(
          sessionId,
          responseData,
        );
      }
    
      private buildRawResponseDebugText(response: any): string {
        return this.diagnosticsLogger.buildRawResponseDebugText(response);
      }
    
      /**
       * Subagent helper methods (not moved to modules, kept in ChatViewProvider)
       */
      private hasStructuredSubagentSignal(messageRaw: unknown): boolean {
        if (!messageRaw || typeof messageRaw !== "object") {
          return false;
        }
        const message = messageRaw as any;
        const subagents = message?.subagents;
        return (
          Array.isArray(subagents) &&
          subagents.length > 0 &&
          subagents.some((s: any) => s?.status === "structured")
        );
      }
    
      private extractMessageId(message: any): string | undefined {
        if (!message) return undefined;
        const id =
          this.firstNonEmptyString(
            message?.id,
            message?.messageId,
            message?.info?.id,
            message?.info?.messageId,
          ) ||
          (typeof message?.info?._id === "string"
            ? message.info._id
            : undefined);
        return id;
      }
    
      /**
       * Compaction methods - delegate to CompactionManager
       */
      private async maybeAutoCompact(
        sessionId: string,
        responseData: unknown,
      ): Promise<void> {
        return this.compactionManager.maybeAutoCompact(
          sessionId,
          responseData,
          this.sessionService,
        );
      }
    
      /**
       * Plan file methods - delegate to PlanManager (public interface)
       * Note: normalizePlanFileReference is private in PlanManager, so we call it through
       * other public methods or recreate the logic if needed
       */
      private normalizePlanFileReference(file: unknown): string | undefined {
        // This is a private method in PlanManager, but we need access to it.
        // For now, duplicate the minimal logic needed here.
        const raw = this.firstNonEmptyString(file);
        if (!raw) {
          return undefined;
        }
    
        let value = raw.trim();
        if (!value) {
          return undefined;
        }
    
        if (value.startsWith("file://")) {
          try {
            const uri = vscode.Uri.parse(value);
            if (uri.scheme === "file" && uri.fsPath) {
              value = uri.fsPath;
            }
          } catch {
            // Keep string cleanup fallback below.
          }
        }
    
        // Strip common markdown wrappers around file paths.
        value = value
          .replace(/^`+|`+$/g, "")
          .replace(/^"+|"+$/g, "")
          .replace(/^'+|'+$/g, "")
          .replace(/^<+|>+$/g, "")
          .replace(/^\(+|\)+$/g, "")
          .trim();
    
        return value || undefined;
      }
    
      private resolvePlanFileCandidates(planFile: string): string[] {
        return this.planManager.resolvePlanFileCandidates(planFile);
      }
    
      private async persistPlan(
        content: string,
        preferredPath?: string,
      ): Promise<string | undefined> {
        return this.planManager.persistPlan(content, preferredPath);
      }
    
      private async readPlanFileFromDisk(filePath: string): Promise<string | undefined> {
        // This is a private method in PlanManager, duplicate the minimal logic here
        try {
          const normalized = path.normalize(filePath);
          const content = await vscode.workspace.fs.readFile(
            vscode.Uri.file(normalized),
          );
          return Buffer.from(content).toString("utf-8");
        } catch {
          return undefined;
        }
      }
    
      private prioritizePlanFileCandidates(
        candidates: Array<unknown>,
        explicitFiles?: Set<string>,
      ): string[] {
        return this.planManager.prioritizePlanFileCandidates(candidates, explicitFiles);
      }
    
      private extractMarkdownFileReferences(text: unknown): string[] {
        return this.planManager.extractMarkdownFileReferences(text);
      }
    
      private discoverLikelyPlanFileCandidates(): Promise<string[]> {
        return this.planManager.discoverLikelyPlanFileCandidates();
      }
    
      /**
       * Normalize compaction baseline stats
       * Converts raw stats object to normalized format
       */
      private normalizeCompactionBaselineStats(
        value: unknown,
      ): { [key: string]: number } | undefined {
        const rec = this.asRecord(value);
        if (!rec) {
          return undefined;
        }
    
        const normalize = (raw: unknown): number | undefined =>
          typeof raw === "number" && Number.isFinite(raw) && raw >= 0
            ? Math.floor(raw)
            : undefined;
    
        const input = normalize(rec.input);
        const output = normalize(rec.output);
        const read = normalize(rec.read);
        const write = normalize(rec.write);
        const duration = normalize(rec.duration);
    
        if (
          input === undefined &&
          output === undefined &&
          read === undefined &&
          write === undefined &&
          duration === undefined
        ) {
          return undefined;
        }
    
        return {
          input: input ?? 0,
          output: output ?? 0,
          read: read ?? 0,
          write: write ?? 0,
          duration: duration ?? 0,
        };
      }
    
      resolveWebviewView(
        webviewView: vscode.WebviewView,
        _context: vscode.WebviewViewResolveContext,
        _token: vscode.CancellationToken,
      ): void | Thenable<void> {
        this.logger.info("[ChatViewProvider] resolving webview view");
        this.view = webviewView;
        this.isBootstrappingWebview = false;
        this.hasInitializedWebview = false;
        this.sessionsListRequestVersion = 0;
        this.lastSessionsPayloadFingerprint = undefined;
    
        webviewView.webview.options = {
          enableScripts: true,
          localResourceRoots: [this.context.extensionUri],
        };
    
        // Handle messages from webview
        webviewView.webview.onDidReceiveMessage(async (message) => {
          const { type } = message;
    
          // Log all UI interactions for debugging
          this.logger.logUIInteraction('ChatView', type, message.type, message as Record<string, unknown>);
    
          switch (type) {
            case "ready": {
              this.logger.debug(`${LoggingCategories.UI_INTERACTION} Webview ready`, {
                viewType: 'chat',
              });
    
              if (this.isBootstrappingWebview) {
                break;
              }
    
              this.isBootstrappingWebview = true;
              // A reloaded webview starts with empty client state. Force a fresh
              // sessions payload even if the underlying list fingerprint is unchanged.
              this.lastSessionsPayloadFingerprint = undefined;
              if (!this.hasInitializedWebview) {
                // Reply immediately so the webview stops retrying `ready` while
                // slower bootstrap tasks (models/sessions) are still loading.
                this.view?.webview.postMessage({
                  type: "initState",
                  serverStatus: this.serverManager.getStatus(),
                  selectedModel: this.selectedModel,
                  selectedAgent: this.selectedAgent,
                  serverVersion: this.serverManager.getVersion(),
                  currentSessionId: this.currentSessionId,
                  todoItems: this.loadPersistedTodos(this.currentSessionId).items,
                });
                this.hasInitializedWebview = true;
              }
    
              try {
                // Fetch models so they're available in the webview on startup.
                // We await this to ensure models are loaded before sending initState.
                // Network issues are handled gracefully inside handleGetModels with fallback models.
                const models = await this.modelAndAgentManager.handleGetModels();
                await this.modelAndAgentManager.reconcileSelectedModelSelection(models);
    
                // Sync default agent selection
                await this.syncCLIAgents();
    
                // Fetch and send full agents list to webview
                await this.modelAndAgentManager.handleGetAgents();
    
                // TEMPORARILY DISABLED: Fetch and send commands list for SkillsPanel
                // This is loading 700+ skills and causing massive delays
                // TODO: Re-enable after implementing proper pagination/lazy loading
                // void this.handleGetCommands().catch((error) => {
                //   this.logger.warn("Background commands loading failed during ready bootstrap", { err: error });
                // });
                this.logger.info("⚠️ [PERF] Command loading disabled temporarily (700+ skills bottleneck)");
    
                // Resolve the active session before sending initState so that
                // per-session settings (agent / model / thinking) are applied first.
                const currentSession =
                  await this.sessionService.getCurrentSession();
                if (currentSession) {
                  this.currentSessionId = currentSession.id;
                  await this.applySessionSettings(currentSession.id);
                }
    
                // Send refreshed init state reflecting the session-specific selections
                this.view?.webview.postMessage({
                  type: "initState",
                  serverStatus: this.serverManager.getStatus(),
                  selectedModel: this.selectedModel,
                  selectedAgent: this.selectedAgent,
                  serverVersion: this.serverManager.getVersion(),
                  currentSessionId: this.currentSessionId,
                });
    
                // Restore the session-specific thinking level (separate message type)
                const bootstrapThinkingLevel =
                  (currentSession
                    ? this.getSessionSettings(currentSession.id).thinkingLevel
                    : undefined) ??
                  this.context.globalState.get<string>("thinkingLevel");
                if (bootstrapThinkingLevel) {
                  this.view?.webview.postMessage({
                    type: "thinkingLevelUpdate",
                    level: bootstrapThinkingLevel,
                  });
                }
                // Fire-and-forget: fetch and broadcast current model capabilities on bootstrap (unconditional)
                void this.modelCapabilitiesService
                  .getCapabilities(
                    this.selectedModel?.providerID ?? "",
                    this.selectedModel?.modelID ?? "",
                  )
                  .then((capability) => {
                    this.view?.webview.postMessage({
                      type: "modelCapabilityUpdate",
                      capability: capability ?? null,
                    });
                  })
                  .catch(() => {
                    // Minimal failure tracking for bootstrap capability fetches
                    try {
                      this.capabilityFetchFailureCount = (this.capabilityFetchFailureCount || 0) + 1;
                      if (this.capabilityFetchFailureCount >= 3) {
                        vscode.window.showWarningMessage(
                          "Could not fetch model capabilities. Thinking level control may be unavailable.",
                        );
                        this.capabilityFetchFailureCount = 0;
                      }
                    } catch (e) {
                      // best-effort only
                    }
                  });
    
                // Send initial budget status
                this.sendBudgetInfo();
    
                // Fetch and send chat history and sessions list
                if (currentSession) {
                  this.subagentTracker.setActiveSession(currentSession.id);
                  const rawMessages = await this.sessionService.getMessages(
                    currentSession.id,
                  );
                  const messages = await this.processHistoryMessages(
                    rawMessages,
                    currentSession.id,
                  );
                  this.logHistoryRenderDiagnostics(
                    "webview.ready.current-session",
                    currentSession.id,
                    rawMessages,
                    messages,
                  );
                  this.view?.webview.postMessage({
                    type: "chatHistory",
                    messages: messages,
                  });
                  await this.sendPersistedCompactionViewState(currentSession.id);
                  const subagentSnapshotPayload =
                    await this.syncSubagentSnapshotForSession(
                      currentSession.id,
                      messages as any[],
                    );
                  this.view?.webview.postMessage({
                    type: "subagentSnapshot",
                    ...subagentSnapshotPayload,
                  });
                  this.sendQueueUpdate(currentSession.id);
                } else {
                  this.subagentTracker.resetForSession(null);
                  this.view?.webview.postMessage({
                    type: "subagentSnapshot",
                    ...this.subagentTracker.getSnapshotPayload(),
                  });
                }
    
                await this.handleGetSessions();
                this.refreshView();
    
                // Fetch live MCP and LSP server status from OpenCode SDK
                this.handleGetMcpStatus().catch(() => { });
                this.handleGetLspStatus().catch(() => { });
    
                // Send quota data or trigger initial fetch
                const quotaData = this.quotaService.cachedData;
                if (quotaData !== undefined) {
                  this.view?.webview.postMessage({
                    type: "quotaData",
                    data: quotaData,
                  });
                } else {
                  this.quotaService.refreshQuota().catch(() => { });
                }
                // Send initial theme data
                await this.sendThemeDataToWebview();
              } finally {
                this.isBootstrappingWebview = false;
              }
              break;
            }
            case "sendMessage":
            case "sendPrompt": {
              const correlationId = this.logger.startFeatureFlow('send-message', {
                hasFiles: message.files?.length > 0,
                hasImages: message.images?.length > 0,
                textLength: message.text?.length,
              });
    
              this.logger.info(`${LoggingCategories.UI_INTERACTION} User initiated message send`, {
                correlationId,
                hasFiles: message.files?.length > 0,
                hasImages: message.images?.length > 0,
                textLength: message.text?.length,
              });
    
              try {
                await this.schedulePromptDispatch("send-now", {
                  sessionId: message.sessionId,
                  text: message.text,
                  files: message.files,
                  contexts: message.contexts,
                  images: message.images,
                  agent: message.agent,
                });
                this.logger.endFeatureFlow(correlationId, { success: true });
              } catch (err) {
                this.logger.error(
                  `${LoggingCategories.UI_INTERACTION} Failed to send message`,
                  { correlationId, error: (err as Error).message }
                );
                this.logger.endFeatureFlow(correlationId, { success: false });
              }
              break;
            }
            case "persistAssistantMessage": {
              const sessionId = this.firstNonEmptyString(
                message.sessionId,
                this.currentSessionId,
              );
              if (!sessionId || !message.message) {
                break;
              }
              await this.sessionService.upsertMessage(sessionId, message.message);
              await this.persistSessionMessageOverride(sessionId, message.message);
              const snapshotFromMessage = this.buildSubagentPayloadFromMessage(
                message.message,
                sessionId,
              );
              if (snapshotFromMessage) {
                await this.persistSubagentLiveState(sessionId, snapshotFromMessage);
              }
              break;
            }
            case "interactiveResponse": {
              const choiceText =
                this.firstNonEmptyString(
                  message?.selection?.value,
                  message?.selection?.label,
                  message?.text,
                ) || "";
              if (!choiceText) {
                break;
              }
    
              // FIX: Send just the choice text, no special formatting
              const composedPrompt = choiceText;
              const userFacingText = this.firstNonEmptyString(
                message?.displayText,
                choiceText,
              );
    
              await this.dispatchInteractiveResponse({
                sessionId: message?.sessionId,
                text: composedPrompt,
                userFacingText,
                agent: message?.agent,
              });
              break;
            }
            case "batchInteractiveResponse": {
              const responses = message.responses as Array<{
                eventId: string;
                eventType: string;
                text: string;
                questionText?: string;
              }>;
              if (!responses || responses.length === 0) {
                break;
              }
    
              // Preserve question context in the prompt so model-side continuation
              // is grounded, while the webview controls user-facing rendering text.
              const composedPrompt = responses
                .map((resp, index) => {
                  const answer = this.firstNonEmptyString(resp.text) || "";
                  if (!answer) {
                    return "";
                  }
                  const question = this.firstNonEmptyString(resp.questionText) || "";
                  if (!question) {
                    return `Answer ${index + 1}: ${answer}`;
                  }
                  return `Question ${index + 1}: ${question}\nAnswer: ${answer}`;
                })
                .filter((value) => value.length > 0)
                .join("\n\n");
    
              if (!composedPrompt) {
                break;
              }
    
              const userFacingText = this.firstNonEmptyString(
                message?.displayText,
                composedPrompt,
              );
    
              await this.dispatchInteractiveResponse({
                sessionId: message?.sessionId,
                text: composedPrompt,
                userFacingText,
                agent: message?.agent,
              });
              break;
            }
            case "newSession":
            case "createSession": {
              const correlationId = this.logger.startFeatureFlow('create-session');
    
              this.logger.info(`${LoggingCategories.UI_INTERACTION} User creating new session`, {
                correlationId,
              });
    
              try {
                const createdSession = await this.sessionService.createNewSession();
                this.currentSessionId = createdSession.id;
                this.logger.info(`${LoggingCategories.UI_INTERACTION} New session created`, {
                  correlationId,
                  sessionId: createdSession.id,
                });
                this.logger.endFeatureFlow(correlationId, {
                  success: true,
                  sessionId: createdSession.id,
                });
    
                // Clear in-memory todo cache for the newly created session.
                this.clearSessionTodos();
                this.subagentTracker.resetForSession(createdSession.id);
                await this.clearPersistedSubagentSnapshot(createdSession.id);
                this.sendQueueUpdate(createdSession.id);
    
                // Always use "build" as the default agent for new sessions
                // This prevents new sessions from inheriting an agent that was
                // selected in a previous session (e.g., "Sisyphus (Ultraworker)")
                this.selectedAgent = "build";
                await this.persistSessionSettings(createdSession.id, {
                  agent: "build",
                });
    
                await this.handleGetSessions(); // Update list
                this.refreshView();
    
                // Clear webview messages
                this.view?.webview.postMessage({
                  type: "chatHistory",
                  messages: [],
                });
                this.view?.webview.postMessage({
                  type: "subagentSnapshot",
                  ...this.subagentTracker.getSnapshotPayload(),
                });
              } catch (error) {
                this.logger.error(
                  `${LoggingCategories.UI_INTERACTION} Failed to create session`,
                  { correlationId, error: (error as Error).message }
                );
                this.logger.endFeatureFlow(correlationId, { success: false });
              }
              break;
            }
            case "viewPlan": {
              this.logger.logUIInteraction('ChatView', 'view-plan', message.plan, {
                planFile: message.plan,
              });
    
              this.logger.info(`${LoggingCategories.UI_INTERACTION} User viewing plan`, {
                planFile: message.plan,
              });
    
              if (message.plan) {
                await this.handleViewPlan(message.plan);
              }
              break;
            }
            case "openDiff": {
              this.handleOpenDiff(message.file);
              break;
            }
            case "openFile": {
              await this.handleOpenFile(message.file);
              break;
            }
            case "reviewChanges": {
              this.handleReviewChanges();
              break;
            }
            case "searchFiles":
            case "getMentions": {
              await this.handleSearchFiles(message.query);
              break;
            }
            case "getOpenCodeConfig": {
              await this.handleGetOpenCodeConfig(message.fileName);
              break;
            }
            case "saveOpenCodeConfig": {
              await this.handleSaveOpenCodeConfig(message.content, message.filePath);
              break;
            }
            case "selectModel":
            case "setModel": {
              // Normalize incoming model to always include providerName.
              const incoming =
                message.model || {
                  providerID: message.providerID,
                  modelID: message.modelID,
                } ||
                {};
              if (!incoming.providerID || !incoming.modelID) {
                this.logger.warn("Ignoring invalid model selection payload; providerID and modelID are required.", { incoming });
                break;
              }
              let providerName: string | undefined = incoming.providerName;
              if (!providerName) {
                // Try to resolve from cached models if available
                const found = this.availableModels?.find(
                  (m) =>
                    m.providerID === incoming.providerID &&
                    m.modelID === incoming.modelID,
                );
                providerName = found?.providerName || incoming.providerID;
              }
    
              this.selectedModel = {
                providerID: incoming.providerID,
                modelID: incoming.modelID,
                providerName,
              };
    
              // Persist selection
              await this.context.globalState.update(
                "selectedModel",
                this.selectedModel,
              );
              if (this.currentSessionId) {
                await this.persistSessionSettings(this.currentSessionId, {
                  providerID: this.selectedModel?.providerID,
                  modelID: this.selectedModel?.modelID,
                });
              }
              this.logger.info("Persisted model selection", {
                modelID: this.selectedModel.modelID,
                providerName: this.selectedModel.providerName,
              });
    
              // Fetch and broadcast model capabilities (fire-and-forget).
              void this.modelCapabilitiesService
                .getCapabilities(
                  this.selectedModel.providerID,
                  this.selectedModel.modelID,
                )
                .then(async (capability) => {
                  this.capabilityFetchFailureCount = 0;
                  // Broadcast capability update (preserve existing behaviour)
                  this.view?.webview.postMessage({
                    type: "modelCapabilityUpdate",
                    capability: capability ?? null,
                  });
    
                  // Check for stale persisted thinking level and clear if it's no
                  // longer supported by the newly selected model.
                  try {
                    const persistedLevel =
                      (this.currentSessionId
                        ? this.getSessionSettings(this.currentSessionId).thinkingLevel
                        : undefined) ?? this.context.globalState.get<string>("thinkingLevel");
    
                    const newVariants = capability?.variants;
                    const isStale =
                      persistedLevel &&
                      (!Array.isArray(newVariants) || newVariants.length === 0 || !newVariants.includes(persistedLevel));
    
                    if (isStale) {
                      this.logger.warn("Clearing stale thinking level on model switch", {
                        staleLevel: persistedLevel,
                        newVariants,
                        modelID: this.selectedModel?.modelID,
                      });
    
                      // Clear from globalState
                      await this.context.globalState.update("thinkingLevel", undefined);
    
                      // Clear from session settings if applicable
                      if (this.currentSessionId) {
                        await this.persistSessionSettings(this.currentSessionId, {
                          thinkingLevel: undefined,
                        });
                      }
    
                      // Notify webview to reset its displayed thinking level
                      this.view?.webview.postMessage({
                        type: "thinkingLevelUpdate",
                        level: "",
                      });
                    }
                  } catch (err) {
                    // Best-effort only — log and continue
                    this.logger.warn("Error while checking/clearing stale thinking level", { err });
                  }
                })
                .catch((err) => {
                  this.logger.warn(
                    "Failed to fetch model capabilities on model switch",
                    { err },
                  );
                  this.view?.webview.postMessage({
                    type: "modelCapabilityUpdate",
                    capability: null,
                  });
                  try {
                    this.capabilityFetchFailureCount = (this.capabilityFetchFailureCount || 0) + 1;
                    if (this.capabilityFetchFailureCount >= 3) {
                      vscode.window.showWarningMessage(
                        "Could not fetch model capabilities. Thinking level control may be unavailable.",
                      );
                      this.capabilityFetchFailureCount = 0;
                    }
                  } catch (_) {
                    // best-effort only
                  }
                });
              break;
            }
            case "selectAgent":
            case "setAgent": {
              const oldAgent = this.selectedAgent;
              this.selectedAgent = message.agent;
    
              this.logger.logStateChange(
                'selected-agent',
                oldAgent,
                message.agent,
                'user-selection'
              );
    
              this.logger.info(`${LoggingCategories.UI_INTERACTION} User selected agent`, {
                fromAgent: oldAgent,
                toAgent: message.agent,
              });
    
              if (this.currentSessionId) {
                await this.persistSessionSettings(this.currentSessionId, {
                  agent: message.agent,
                });
              }
              break;
            }
            case "getAgents": {
              this.handleGetAgents();
              break;
            }
            case "getCommands": {
              this.logger.info('[onDidReceiveMessage] Received getCommands message');
              await this.handleGetCommands();
              break;
            }
            case "getModels": {
              await this.handleGetModels();
              break;
            }
            case "getSessions": {
              await this.handleGetSessions();
              break;
            }
            case "loadSession":
            case "openSession":
            case "switchSession": {
              const correlationId = this.logger.startFeatureFlow('switch-session', {
                targetSessionId: message.sessionId,
              });
    
              this.logger.info(`${LoggingCategories.UI_INTERACTION} User switching session`, {
                correlationId,
                fromSessionId: this.currentSessionId,
                toSessionId: message.sessionId,
              });
    
              try {
                await this.handleLoadSession(message.sessionId);
                this.logger.endFeatureFlow(correlationId, { success: true });
              } catch (error) {
                this.logger.error(
                  `${LoggingCategories.UI_INTERACTION} Failed to switch session`,
                  { correlationId, fromSessionId: this.currentSessionId, toSessionId: message.sessionId, error: (error as Error).message }
                );
                this.logger.endFeatureFlow(correlationId, { success: false });
              }
              break;
            }
            case "deleteSession": {
              await this.handleDeleteSession(message.sessionId);
              break;
            }
            case "renameSession": {
              await this.handleRenameSession(message.sessionId, message.newTitle);
              break;
            }
            case "stopRequest": {
              await this.handleStopRequest(message.sessionId);
              break;
            }
            case "compactSession": {
              await this.handleCompactSession(
                message.sessionId,
                this.normalizeCompactionBaselineStats(message.baselineStats),
              );
              break;
            }
            case "setCompactionViewState": {
              await this.handleSetCompactionViewState(message);
              break;
            }
            case "addToQueue": {
              await this.schedulePromptDispatch("queue", {
                sessionId: message.sessionId,
                text: message.text,
                files: message.files,
                contexts: message.contexts,
                images: message.images,
                agent: message.agent,
              });
              break;
            }
            case "steerMessage": {
              await this.schedulePromptDispatch("steer", {
                sessionId: message.sessionId,
                text: message.text,
                files: message.files,
                contexts: message.contexts,
                images: message.images,
                agent: message.agent,
              });
              break;
            }
            case "sendQueuedItemNow": {
              await this.handleDispatchQueuedItem(
                "send-now",
                message.sessionId,
                message.id,
                message.index,
              );
              break;
            }
            case "steerQueuedItem": {
              await this.handleDispatchQueuedItem(
                "steer",
                message.sessionId,
                message.id,
                message.index,
              );
              break;
            }
            case "attachFiles": {
              await this.handleAttachFiles();
              break;
            }
            case "attachImage": {
              await this.handleAttachImage();
              break;
            }
            case "removeFromQueue": {
              await this.handleRemoveFromQueue(
                message.sessionId,
                message.id,
                message.index,
              );
              break;
            }
            case "clearQueue": {
              await this.handleClearQueue(message.sessionId);
              break;
            }
            case "executeQueue": {
              await this.handleExecuteQueue(message.sessionId);
              break;
            }
            case "log": {
              const { level, message: logMsg, category, context } = message;
              const prefix = category ? `[${category}]` : "[WebView]";
              try {
                const levelStr = (level || "info").toLowerCase();
                const msgStr =
                  typeof logMsg === "string"
                    ? logMsg.length > 2000
                      ? `${logMsg.slice(0, 2000)}...[truncated ${logMsg.length - 2000} chars]`
                      : logMsg
                    : JSON.stringify(logMsg);
                const ctx = { ...(context || {}), source: prefix };
                switch (levelStr) {
                  case "error":
                    this.logger.error(msgStr, ctx as Record<string, unknown>);
                    break;
                  case "warn":
                    this.logger.warn(msgStr, ctx as Record<string, unknown>);
                    break;
                  case "debug":
                    this.logger.debug(msgStr, ctx as Record<string, unknown>);
                    break;
                  case "info":
                  default:
                    this.logger.info(msgStr, ctx as Record<string, unknown>);
                    break;
                }
              } catch (err) {
                // If logging from webview fails, don't let it crash the provider
                this.logger.warn("Failed to forward webview log message", { err });
              }
              break;
            }
            case "refreshQuota": {
              await this.quotaService.refreshQuota();
              break;
            }
            case "setThinkingLevel": {
              const level = message.level as string | undefined;
              if (level) {
                await this.context.globalState.update("thinkingLevel", level);
                if (this.currentSessionId) {
                  await this.persistSessionSettings(this.currentSessionId, {
                    thinkingLevel: level,
                  });
                }
                this.logger.info("Thinking level set", { level });
                // NOTE: The webview handler only listens for 'thinkingLevelUpdate' (not 'thinkingLevelSet')
                this.view?.webview.postMessage({
                  type: "thinkingLevelUpdate",
                  level,
                });
              }
              break;
            }
            case "toggleMode": {
              const correlationId = this.logger.startFeatureFlow('toggle-mode', {
                fromMode: this.currentMode,
                toMode: message.mode,
              });
    
              this.logger.info('User toggled chat mode', {
                correlationId,
                fromMode: this.currentMode,
                toMode: message.mode,
              });
    
              try {
                await this.handleToggleMode(message.mode);
                this.logger.endFeatureFlow(correlationId, { success: true });
              } catch (error) {
                this.logger.error('Failed to toggle mode', {
                  correlationId,
                  error: (error as Error).message,
                });
                this.logger.endFeatureFlow(correlationId, { success: false });
              }
              break;
            }
            case "addAttachment": {
              const attachment = message.attachment;
              if (!attachment) break;
              const existing = (this.context.globalState.get<any[]>(
                "pendingAttachments",
              ) || []) as any[];
              existing.push(attachment);
              await this.context.globalState.update("pendingAttachments", existing);
              this.view?.webview.postMessage({
                type: "attachmentAdded",
                attachmentId: attachment.id,
              });
              break;
            }
            case "retryLastMessage": {
              const retrySessionId = this.currentSessionId;
              if (this.lastSendMessageArgs && retrySessionId && !this.processingSessionIds.has(retrySessionId)) {
                const retryWithoutStructuredOutput =
                  message.retryWithoutStructuredOutput === true;
                if (this.currentSessionId) {
                  try {
                    const rawMessages = await this.sessionService.getMessages(
                      this.currentSessionId,
                    );
                    const messages = await this.processHistoryMessages(
                      rawMessages,
                      this.currentSessionId,
                    );
                    this.logHistoryRenderDiagnostics(
                      "retryLastMessage.reload",
                      this.currentSessionId,
                      rawMessages,
                      messages,
                    );
                    this.view?.webview.postMessage({
                      type: "chatHistory",
                      sessionId: this.currentSessionId,
                      messages: messages,
                    });
                  } catch (err) {
                    this.logger.error("Failed to load messages for retry", { err });
                  }
                }
                await this.handleSendMessage(
                  this.lastSendMessageArgs.text,
                  this.lastSendMessageArgs.files,
                  this.lastSendMessageArgs.contexts,
                  this.lastSendMessageArgs.images,
                  this.lastSendMessageArgs.agent,
                  true,
                  undefined,
                  retryWithoutStructuredOutput,
                );
              }
              break;
            }
            case "clearAttachments": {
              await this.context.globalState.update("pendingAttachments", []);
              this.view?.webview.postMessage({ type: "attachmentsCleared" });
              break;
            }
            case "getMcpStatus": {
              this.handleGetMcpStatus().catch((err) =>
                log.error(
                  "handleGetMcpStatus error",
                  {},
                  err instanceof Error ? err : undefined,
                ),
              );
              break;
            }
            case "getLspStatus": {
              this.handleGetLspStatus().catch((err) =>
                log.error(
                  "handleGetLspStatus error",
                  {},
                  err instanceof Error ? err : undefined,
                ),
              );
              break;
            }
            case "getConfigFilesList": {
              try {
                const response = await vscode.commands.executeCommand<{
                  success: boolean;
                  error?: string;
                  files: ConfigFile[];
                }>('opencode.getConfigFiles');
    
                this.view?.webview.postMessage({
                  type: 'configFilesList',
                  success: response.success,
                  error: response.error,
                  files: response.files ?? []
                });
              } catch (err) {
                log.error(
                  "getConfigFilesList error",
                  {},
                  err instanceof Error ? err : undefined,
                );
                this.view?.webview.postMessage({
                  type: 'configFilesList',
                  success: false,
                  error: err instanceof Error ? err.message : 'Unknown error',
                  files: []
                });
              }
              break;
            }
            case "saveConfigFile": {
              try {
                // Input validation
                if (!message.filePath || typeof message.filePath !== 'string') {
                  throw new Error('Invalid or missing filePath');
                }
                if (!message.content || typeof message.content !== 'string') {
                  throw new Error('Invalid or missing content');
                }
    
                const saveResult = await vscode.commands.executeCommand<{
                  success: boolean;
                  error?: string;
                }>(
                  'opencode.saveConfigFile',
                  message.filePath,
                  message.content
                );
    
                // Null check for saveResult
                if (!saveResult) {
                  throw new Error('No response from saveConfigFile command');
                }
    
                this.view?.webview.postMessage({
                  type: 'configFileSaved',
                  success: saveResult?.success ?? false,
                  error: saveResult?.error
                });
              } catch (err) {
                log.error(
                  "saveConfigFile error",
                  {},
                  err instanceof Error ? err : undefined,
                );
                this.view?.webview.postMessage({
                  type: 'configFileSaved',
                  success: false,
                  error: err instanceof Error ? err.message : 'Unknown error'
                });
              }
              break;
            }
            case "planProceed": {
              const payload = message.payload;
              await this.context.globalState.update(
                "lastPlanProceed",
                payload || null,
              );
              this.logger.debug("planProceed received");
              this.view?.webview.postMessage({
                type: "planProceedAck",
                payload: { received: true },
              });
              break;
            }
            // Skill installer message routing
            case "getMySkills":
            case "installSkill":
            case "removeSkill":
            case "editSkill":
            case "validateSkill":
              await this.handleSkillMessage(message);
              break;
            default: {
              this.logger.debug(`${LoggingCategories.UI_INTERACTION} Unhandled message type`, {
                messageType: type,
              });
            }
          }
        });
    
        // Subscribe to stream events
        this.unsubscribe = this.streamService.subscribe(async (event) => {
          // Log stream events for debugging
          const eventRec = event as Record<string, unknown>;
          const eventType = eventRec?.type || "unknown";
          const structuredRec = eventRec?.structured as Record<string, unknown> | undefined;
          const eventKind = structuredRec?.kind || "unknown";
          this.logger.debug(`📡 [STREAM] Event received: ${eventType} (kind: ${eventKind})`, {
            sessionId: this.extractEventSessionId(event),
            hasStructured: !!structuredRec,
          });
    
          const eventSessionId = this.extractEventSessionId(event);
          // Always run subagent tracking before any session-scoped early return so child
          // session events are captured regardless of which session is active in the UI.
          const subagentUpdate = this.subagentTracker.consumeStreamEvent(event);
          if (subagentUpdate) {
            this.view?.webview.postMessage({
              type: "subagentUpdate",
              ...subagentUpdate,
            });
            void this.subagentPersistence.persistSubagentUpdateSnapshot(
              subagentUpdate,
              this.currentSessionId,
              this.sessionService,
              (msg) => this.view?.webview.postMessage(msg)
            ).catch((persistError) => {
              this.logger.warn("Failed to persist subagent stream snapshot", { err: persistError });
            });
          }
    
          // We process all events for internal logic (tracking, persistence),
          // but drop early if the stream event belongs to a different active session.
          if (eventSessionId && this.currentSessionId && eventSessionId !== this.currentSessionId) {
            return;
          }
    
          // Track token usage from message.updated events
          if (event.type === "message.updated" && event.properties) {
            const info = (event.properties as any)?.info;
            if (info?.tokens && info?.modelID) {
              const tokens: TokenUsage = {
                input: info.tokens.input || 0,
                output: info.tokens.output || 0,
                reasoning: info.tokens.reasoning || 0,
                cacheRead: info.tokens.cache?.read || 0,
                cacheWrite: info.tokens.cache?.write || 0,
              };
              // Track only if there's actual token usage
              if (tokens.input > 0 || tokens.output > 0 || tokens.reasoning > 0) {
                this.geminiTokenTracker.recordUsage(info.modelID, tokens);
              }
            }
          }
    
          this.forwardCompactionStatusFromStreamEvent(event);
    
          // Forward events to webview
          const enrichedEvent = this.enrichStreamEvent(event);
          this.logStreamEventDiagnostics(event, enrichedEvent);
    
          if (this.hasBlockingInteractiveInStreamPayload(enrichedEvent)) {
            this.awaitingInteractiveAnswer = true;
          }
    
          // Clear flag when we receive actual content (not another question)
          // This indicates the model is processing and we're no longer just "awaiting"
          if (this.awaitingInteractiveAnswer) {
            const isAnotherQuestion = this.hasBlockingInteractiveInStreamPayload(enrichedEvent);
            const isActualContent = enrichedEvent.type &&
                                   enrichedEvent.type !== 'interactive_event' &&
                                   !isAnotherQuestion;
    
            if (isActualContent) {
              this.awaitingInteractiveAnswer = false;
            }
          }
    
          // Log stream event for debugging response types (with error handling)
          try {
            const structured = enrichedEvent?.structured || {};
            const responseContext: Record<string, unknown> = {
              eventType: event.type || "unknown",
              kind: structured?.kind || "unknown",
            };
    
            if (structured?.text) {
              responseContext.textLength = structured.text.length;
              responseContext.textPreview = structured.text.substring(0, 100);
            }
    
            if (structured?.responseType) {
              responseContext.responseType = structured.responseType;
            }
    
            if (enrichedEvent?.structuredOutput) {
              responseContext.hasStructuredOutput = true;
              responseContext.outputType =
                enrichedEvent.structuredOutput.responseType;
            }
    
            this.logger.aiStreamEvent(
              "stream", // sessionId - using placeholder since stream events don't have a sessionId
              structured?.kind || "unknown", // eventType
              responseContext, // context
            );
          } catch (error) {
            // Silently ignore logging errors to prevent stream interruption
            this.logger.warn("Failed to log stream event", { err: error });
          }
    
          // Forward todo_update stream events as todoUpdate postMessage to webview
          if (enrichedEvent?.structuredOutput?.responseType === "todo_update") {
            const structured = enrichedEvent.structuredOutput as Record<string, unknown>;
            const todoItems = Array.isArray(structured.todoItems)
              ? structured.todoItems
              : [];
    
            // **Performance Optimization:** Batch all todo updates into a single postMessage
            // Previously sent individual postMessage for each item (could be 10+ messages)
            // Now sends single batch message with all updates
            const updates: Array<{ id: string; text: string; status: string; sessionId?: string }> = [];
    
            for (const rawItem of todoItems) {
              if (typeof rawItem !== "object" || rawItem === null) {
                continue;
              }
    
              const item = rawItem as Record<string, unknown>;
              const id = typeof item.id === "string" ? item.id : "";
              const text = typeof item.text === "string" ? item.text : "";
              const status = typeof item.status === "string" ? item.status : "";
              const sessionId =
                typeof item.sessionId === "string" ? item.sessionId : undefined;
    
              if (!id || !text || !status) {
                continue;
              }
    
              updates.push({
                id,
                text,
                status,
                ...(sessionId ? { sessionId } : {}),
              });
            }
    
            // Send batched updates as single postMessage (reduces IPC overhead)
            if (updates.length > 0) {
              this.view?.webview.postMessage({
                type: "todoUpdate",
                action: "batch",
                items: updates,
              });
            }
    
            // **Performance Optimization:** Debounce todo persistence
            // Previously persisted on every todo_update event during streaming
            // Now debounced with 1-second delay (reduces state writes by 80-90%)
            const targetPersistSessionId = eventSessionId || this.currentSessionId;
            if (targetPersistSessionId && updates.length > 0) {
              this.scheduleTodoPersistence(targetPersistSessionId, todoItems);
            }
          }
    
          // Stamp the active session ID onto every event so the webview can always
          // perform a reliable session-scoped filter even when the raw event payload
          // does not carry a sessionId field.
          this.view?.webview.postMessage({
            type: "streamEvent",
            event: { ...enrichedEvent, sessionId: this.currentSessionId },
          });
          if (this.shouldVerboseStreamDebug()) {
            this.logger.debug("streamEvent forwarded", {
              type: (enrichedEvent as any)?.type || event.type,
              kind: (enrichedEvent as any)?.structured?.kind || "unknown",
            });
          }
    
          // If this is a step-finish or tool completion for an edit, calculate diff stats asynchronously
          // Fire-and-forget follow-up message so we don't block the stream rendering
          if (enrichedEvent?.structured?.kind === "progress") {
            const props = (event.properties || {}) as any;
            const part = props.part || {};
            const partType = (part.type || "").toLowerCase();
    
            // Check if it's a tool that modified a file or a step-finish for an edit
            const isToolDone = partType === "tool" && part.state?.status === "done";
            const isStepFinish = partType === "step-finish";
    
            if (isToolDone || isStepFinish) {
              const toolName = (part.tool || "").toLowerCase();
              const filePath =
                part.state?.input?.file || part.state?.input?.path || part.filePath;
    
              if (
                filePath &&
                (toolName.includes("write") ||
                  toolName.includes("replace") ||
                  toolName.includes("edit") ||
                  isStepFinish)
              ) {
                const callID =
                  part.callId ||
                  part.callID ||
                  enrichedEvent?.structured?.callID ||
                  enrichedEvent.id;
                if (callID) {
                  const toolNameRaw =
                    typeof part.tool === "string" ? part.tool : undefined;
                  const partInput = part.state?.input ?? {};
                  const commandHint =
                    (typeof partInput.CommandLine === "string" && partInput.CommandLine) ||
                    (typeof partInput.command === "string" && partInput.command) ||
                    undefined;
                  const queryHint =
                    (typeof partInput.Query === "string" && partInput.Query) ||
                    (typeof partInput.query === "string" && partInput.query) ||
                    (typeof partInput.Pattern === "string" && partInput.Pattern) ||
                    (typeof partInput.pattern === "string" && partInput.pattern) ||
                    undefined;
                  this.getDiffActivityEnrichment(filePath)
                    .then((enrichment) => {
                      if (enrichment && this.view) {
                        this.view.webview.postMessage({
                          type: "streamEventEnrich",
                          callID,
                          diffStats: enrichment.diffStats,
                          activityDetail: {
                            kind: "file_edit",
                            tool: toolNameRaw,
                            command: commandHint,
                            query: queryHint,
                            file: filePath,
                            diffExcerpt: enrichment.diffExcerpt,
                          },
                        });
                      }
                    })
                    .catch((err) => {
                      this.logger.error("Failed to get diff stats async", { err });
                    });
                }
              }
            }
          }
        });
    
        webviewView.webview.html = this.getHtmlContent(webviewView.webview);
    
        // Subscribe to status changes
        const statusSubscription = this.serverManager.onStatusChange((status) => {
          this.view?.webview.postMessage({
            type: "statusUpdate",
            status: status,
          });
        });
    
        // Cleanup on dispose
        webviewView.onDidDispose(() => {
          if (this.unsubscribe) {
            this.unsubscribe();
            this.unsubscribe = undefined;
          }
          this.isBootstrappingWebview = false;
          this.hasInitializedWebview = false;
          this.sessionsListRequestVersion = 0;
          this.lastSessionsPayloadFingerprint = undefined;
          statusSubscription.dispose();
          this.quotaService.dispose();
          // Don't dispose the singleton tracker - it's shared
          this.view = undefined;
        });
      }
    
      /**
       * Handles getting the sessions list
       */
      /**
       * Notifies the webview of the current set of processing session IDs.
       */
      /**
       * Handles switching to a specific session
       */
      /**
       * Handles deleting a session
       */
      /**
       * Handles renaming a session.
       *
       * Updates the session title on the server and refreshes the session list.
       *
       * @param sessionId - The ID of the session to rename
       * @param newTitle - The new title for the session
       */
      /**
       * Processes raw history messages by applying structured outputs and enriching
       * plan metadata for rendering.
       */
      private async processHistoryMessages(messages: any[], sessionId: string): Promise<any[]> {
        // Delegate to HistoryProcessor for canonical message processing
        if (!this.historyProcessor) {
          this.logger.warn("HistoryProcessor not initialized, returning empty messages");
          return [];
        }
    
        if (!Array.isArray(messages) || messages.length === 0) {
          this.logger.warn('[processHistoryMessages] No messages to process', { sessionId, count: messages?.length });
          return [];
        }
    
        this.logger.info('[DEBUG] processHistoryMessages input:', { count: messages.length, sessionId });
    
        try {
          // Load any session overrides first
          const overriddenMessages = await this.historyProcessor.applySessionMessageOverrides(sessionId, messages);
    
          this.logger.info('[DEBUG] After applySessionMessageOverrides:', { count: overriddenMessages?.length || 0 });
    
          // Then process through the canonical pipeline
          const processed = this.historyProcessor.processHistoryMessages(overriddenMessages, sessionId);
    
          this.logger.info('[DEBUG] processHistoryMessages output:', { count: processed?.length || 0, sessionId });
    
          return processed || [];
        } catch (error) {
          this.logger.error('[ERROR] processHistoryMessages failed:', { error: error instanceof Error ? error.message : String(error), sessionId, stack: error instanceof Error ? error.stack : undefined });
          // Return original messages as fallback
          return messages;
        }
      }
    
      private isAssistantHistoryMessage(message: any): boolean {
        return (
          this.firstNonEmptyString(message?.role, message?.info?.role)?.toLowerCase() ===
          "assistant"
        );
      }
    
      private isInternalSystemReminderMessage(message: any): boolean {
        if (!message || typeof message !== "object") return false;
    
        const role = this.firstNonEmptyString(
          message?.role,
          message?.info?.role,
        )?.toLowerCase().trim();
        if (role !== "user" && role !== "system") return false;
    
        const text = this.extractMessageBodyText(message);
        if (!text) return false;
    
        const trimmed = text.trim();
        const lower = trimmed.toLowerCase();
    
        // Check for square-bracketed system messages at the start (e.g., [analyze-mode], [background task completed])
        const bracketPattern = /^\[[a-z][a-z0-9_\- ]*\]/i;
        const hasBracketPrefix = bracketPattern.test(trimmed);
    
        return (
          lower.includes("<system-reminder>") ||
          lower.includes("<auto-slash-command>") ||
          lower.includes("<!-- omo_internal_initiator -->") ||
          hasBracketPrefix ||
          (lower.includes("[search-model]") && lower.includes("maximize search effort")) ||
          lower.startsWith("system reminder") ||
          lower.startsWith("internal reminder") ||
          lower.includes("reminder: you can")
        );
      }
    
      private hasRenderableHistoryPayload(message: any): boolean {
        if (!message || typeof message !== "object") {
          return false;
        }
    
        // Don't filter out system reminder messages - they will be converted to system role
        // and rendered with the SystemMessage component
        if (this.isInternalSystemReminderMessage(message)) {
          return true;
        }
    
        const text = this.extractMessageBodyText(message).trim();
        if (text.length > 0) {
          return true;
        }
    
        if (Array.isArray(message.images) && message.images.length > 0) {
          return true;
        }
        if (Array.isArray(message.attachments) && message.attachments.length > 0) {
          return true;
        }
        if (Array.isArray(message.subagents) && message.subagents.length > 0) {
          return true;
        }
        if (
          Array.isArray(message.interactiveEvents) &&
          message.interactiveEvents.length > 0
        ) {
          return true;
        }
        if (
          Array.isArray(message.reasoningEvents) &&
          message.reasoningEvents.length > 0
        ) {
          return true;
        }
        if (
          Array.isArray(message.progressEvents) &&
          message.progressEvents.length > 0
        ) {
          return true;
        }
        if (Array.isArray(message.steps) && message.steps.length > 0) {
          return true;
        }
        if (Array.isArray(message.edits) && message.edits.length > 0) {
          return true;
        }
        if (
          typeof message.error === "string" &&
          message.error.trim().length > 0
        ) {
          return true;
        }
        if (message.plan && typeof message.plan === "object") {
          return true;
        }
    
        if (!Array.isArray(message.parts)) {
          return false;
        }
    
        const role = this.firstNonEmptyString(message?.role, message?.info?.role)
          ?.toLowerCase()
          .trim();
        if (role === "assistant" && message.parts.length > 0) {
          return true;
        }
    
        return message.parts.some((part: any) => {
          const rec = this.asRecord(part);
          if (!rec) {
            return false;
          }
          return (
            this.firstNonEmptyString(rec.filename)?.length ||
            this.firstNonEmptyString(this.asRecord(rec.source)?.path)?.length ||
            this.firstNonEmptyString(rec.url)?.length
          )
            ? true
            : false;
        });
      }
    
      private isRenderableHistoryMessage(message: any): boolean {
        const role = this.firstNonEmptyString(message?.role, message?.info?.role);
        const hasPayload = this.hasRenderableHistoryPayload(message);
        if (role === "user" || role === "assistant") {
          return hasPayload;
        }
        return hasPayload;
      }
    
      private extractHistoryMessageId(message: any): string | undefined {
        if (!message || typeof message !== "object") {
          return undefined;
        }
        return this.firstNonEmptyString(message.info?.id, message.id);
      }
    
      private historyMessageCreatedAt(message: any): number | undefined {
        const candidates = [
          message?.time?.created,
          message?.info?.time?.created,
          message?.createdAt,
          message?.info?.createdAt,
        ];
        for (const candidate of candidates) {
          if (typeof candidate === "number" && Number.isFinite(candidate)) {
            return candidate;
          }
        }
        return undefined;
      }
    
      private historyMessageFingerprint(message: any): string | undefined {
        const role = this.firstNonEmptyString(message?.role, message?.info?.role)
          ?.toLowerCase()
          .trim();
        const text = this.extractMessageBodyText(message)
          .toLowerCase()
          .replace(/\s+/g, " ")
          .trim();
        if (text.length > 0) {
          return `${role || "unknown"}|text:${text}`;
        }
    
        if (Array.isArray(message?.images) && message.images.length > 0) {
          const imageKey = message.images
            .map((image: any) => {
              if (typeof image === "string") {
                return image;
              }
              return this.firstNonEmptyString(
                image?.url,
                image?.dataUrl,
                image?.filename,
              );
            })
            .filter((value: string | undefined): value is string => Boolean(value))
            .join("|");
          if (imageKey) {
            return `${role || "unknown"}|images:${imageKey}`;
          }
        }
    
        if (Array.isArray(message?.parts) && message.parts.length > 0) {
          const attachmentKey = message.parts
            .map((part: any) => {
              const rec = this.asRecord(part);
              if (!rec) {
                return undefined;
              }
              return this.firstNonEmptyString(
                rec.filename,
                this.asRecord(rec.source)?.path,
                rec.url,
              );
            })
            .filter((value: string | undefined): value is string => Boolean(value))
            .join("|");
          if (attachmentKey) {
            return `${role || "unknown"}|attachments:${attachmentKey}`;
          }
        }
    
        return undefined;
      }
    
      private async sleep(ms: number): Promise<void> {
        await new Promise<void>((resolve) => {
          const scheduleDelay = Reflect.get(globalThis, "set" + "Timeout") as
            | ((callback: () => void, delay?: number) => unknown)
            | undefined;
          if (typeof scheduleDelay === "function") {
            scheduleDelay(resolve, ms);
            return;
          }
          resolve();
        });
      }
    
      private async tryRecoverTimedOutResponse(
        sessionId: string,
        baselineAssistantMarker?: AssistantHistoryMarker,
      ): Promise<boolean> {
        const pollDelaysMs = [500, 1000, 1800, 2800, 4000];
    
        for (const delayMs of pollDelaysMs) {
          await this.sleep(delayMs);
          const rawMessages = await this.sessionService.getMessages(sessionId);
          const latestAssistantMarker =
            this.getLatestAssistantHistoryMarker(rawMessages);
          if (
            !this.hasAssistantHistoryAdvanced(
              latestAssistantMarker,
              baselineAssistantMarker,
            )
          ) {
            continue;
          }
    
          const processedMessages = await this.processHistoryMessages(
            rawMessages,
            sessionId,
          );
          this.logHistoryRenderDiagnostics(
            "timeout-recovery",
            sessionId,
            rawMessages,
            processedMessages,
          );
          this.view?.webview.postMessage({
            type: "chatHistory",
            sessionId,
            messages: processedMessages,
          });
          try {
            await this.sendPersistedCompactionViewState(sessionId);
          } catch {
            // best effort only
          }
          return true;
        }
    
        return false;
      }
    
      private getWorkspaceDirectory(): string | undefined {
        const workspaceFolder = vscode.workspace.workspaceFolders?.[0];
        if (!workspaceFolder || workspaceFolder.uri.scheme !== "file") {
          return undefined;
        }
        return workspaceFolder.uri.fsPath.replace(/\\/g, "/").replace(/\/+$/, "");
      }
    
      private isStructuredFormatUnsupportedError(error: unknown): boolean {
        const text = JSON.stringify(error || "").toLowerCase();
        const mentionsFormat =
          text.includes("outputformat") ||
          text.includes("output_format") ||
          text.includes('"format"') ||
          text.includes("format:");
        const mentionsUnsupported =
          text.includes("unknown") ||
          text.includes("unsupported") ||
          text.includes("unexpected") ||
          text.includes("invalid");
        return mentionsFormat && mentionsUnsupported;
      }
    
      /**
       * Get the configured request timeout from VSCode settings
       * @returns Timeout in milliseconds (default: 120000 = 2 minutes)
       */
      private getRequestTimeout(): number {
        const config = vscode.workspace.getConfiguration('opencode');
        const timeout = config.get<number>('requestTimeout', 120000);
    
        // Validate timeout is reasonable (between 10s and 10 minutes)
        if (timeout < 10000 || timeout > 600000) {
          this.logger.warn(`Invalid requestTimeout configured: ${timeout}ms, using default 120000ms`);
          return 120000;
        }
    
        return timeout;
      }
    
      /**
       * Calculate timeout based on query complexity
       * @param baseTimeout - Base timeout from configuration
       * @param hasFiles - Whether the query includes file attachments
       * @param hasContexts - Whether the query includes context attachments
       * @param hasImages - Whether the query includes image attachments
       * @returns Adjusted timeout in milliseconds
       */
      private calculateTimeoutForQuery(
        baseTimeout: number,
        hasFiles: boolean,
        hasContexts: boolean,
        hasImages: boolean,
      ): number {
        const config = vscode.workspace.getConfiguration('opencode');
        const multiplier = config.get<number>('complexQueryMultiplier', 1.5);
    
        // Calculate complexity score
        const complexityScore = (hasFiles ? 1 : 0) + (hasContexts ? 1 : 0) + (hasImages ? 1 : 0);
    
        // Apply multiplier for complex queries
        if (complexityScore >= 2) {
          const adjustedTimeout = Math.floor(baseTimeout * multiplier);
          this.logger.debug(`Using extended timeout for complex query: ${adjustedTimeout}ms (base: ${baseTimeout}ms, complexity: ${complexityScore})`);
          return adjustedTimeout;
        }
    
        return baseTimeout;
      }
    
      // PROMPT-OWNERSHIP: do not modify — transport-only path
      private async promptWithStructuredOutput(
        client: any,
        sessionID: string,
        body: NonNullable<SessionPromptData["body"]>,
        useStructuredOutput = true,
        options?: {
          hasFiles?: boolean;
          hasContexts?: boolean;
          hasImages?: boolean;
        },
      ) {
        const workspaceDirectory = this.getWorkspaceDirectory();
    
        // Calculate timeout based on query complexity
        const baseTimeout = this.getRequestTimeout();
        const timeout = this.calculateTimeoutForQuery(
          baseTimeout,
          options?.hasFiles ?? false,
          options?.hasContexts ?? false,
          options?.hasImages ?? false,
        );
    
        const callPrompt = (requestBody: Record<string, unknown>) => {
          const sdkStartTime = Date.now();
          this.logger.debug("Initiating SDK prompt call", {
            sessionID,
            timeout,
            useStructuredOutput,
            hasFiles: options?.hasFiles,
            hasContexts: options?.hasContexts,
            hasImages: options?.hasImages,
          });
    
          const promise = client.session.prompt({
            path: { id: sessionID },
            query: workspaceDirectory ? { directory: workspaceDirectory } : undefined,
            body: requestBody as SessionPromptData["body"],
            timeout,  // Explicit timeout configuration
          });
    
          // Add timing tracking
          promise.then((result: { error?: unknown; data?: unknown }) => {
            const sdkDuration = Date.now() - sdkStartTime;
            this.logger.performance(`SDK prompt call completed`, sdkDuration, {
              sessionID,
              hasError: Boolean(result.error),
              hasData: Boolean(result.data),
              timeout,
            });
          }).catch((error: Error) => {
            const sdkDuration = Date.now() - sdkStartTime;
            this.logger.error(`SDK prompt call failed after ${sdkDuration}ms`, {
              sessionID,
              timeout,
              error: error.message,
            });
          });
    
          return promise;
        };
    
        const schema = this.getStructuredOutputFormat();
    
        if (!useStructuredOutput || this.structuredOutputMode === "disabled") {
          return callPrompt(body as Record<string, unknown>);
        }
    
        const withSchema = (
          mode: "format" | "outputFormat",
        ): Record<string, unknown> => ({
          ...(body as Record<string, unknown>),
          [mode]: schema,
        });
    
        const primaryMode: "format" | "outputFormat" =
          this.structuredOutputMode === "outputFormat"
            ? "outputFormat"
            : "format";
    
        // Try structured output with 1 retry (handled by API internally via retryCount)
        const attempt = await callPrompt(withSchema(primaryMode));
        if (!attempt.error) {
          return attempt;
        }
    
        // If structured output failed, immediately fall back to plain text
        if (this.isStructuredFormatUnsupportedError(attempt.error)) {
          this.structuredOutputMode = "disabled";
          log.warn(
            "Structured output failed with this model. Falling back to plain text.",
          );
          return callPrompt(body as Record<string, unknown>);
        }
    
        // Return other errors as-is
        return attempt;
      }
    
      private asRecord(value: unknown): Record<string, unknown> | undefined {
        return typeof value === "object" && value !== null
          ? (value as Record<string, unknown>)
          : undefined;
      }
    
      /**
       * Extracts the session ID from an SSE event by checking all locations where
       * the OpenCode server may embed it (properties, part, info sub-objects).
       */
      private extractEventSessionId(event: unknown): string | undefined {
        const ev = this.asRecord(event);
        if (!ev) return undefined;
        const props = this.asRecord(ev.properties) ?? {};
        const part = this.asRecord(props.part) ?? {};
        const info = this.asRecord(props.info) ?? {};
        return (
          (typeof props.sessionID === 'string' && props.sessionID) ||
          (typeof props.sessionId === 'string' && props.sessionId) ||
          (typeof part.sessionID === 'string' && part.sessionID) ||
          (typeof part.sessionId === 'string' && part.sessionId) ||
          (typeof info.sessionID === 'string' && info.sessionID) ||
          (typeof info.sessionId === 'string' && info.sessionId) ||
          undefined
        );
      }
    
      private firstNonEmptyString(...values: unknown[]): string | undefined {
        for (const value of values) {
          if (typeof value === "string" && value.trim()) {
            return value.trim();
          }
        }
        return undefined;
      }
    
      private isLikelyToolCallTranscript(text: string): boolean {
        const normalized = text.trim().toLowerCase();
        if (!normalized) {
          return false;
        }
        return (
          normalized.includes("<tool_call>") ||
          normalized.includes("</tool_call>") ||
          normalized.includes("<arg_key>") ||
          normalized.includes("</arg_key>") ||
          normalized.includes("<arg_value>") ||
          normalized.includes("</arg_value>")
        );
      }
    
      private normalizeErrorCandidate(value: unknown): string | undefined {
        if (typeof value !== "string") {
          return undefined;
        }
        const trimmed = value.trim();
        return trimmed.length > 0 ? trimmed : undefined;
      }
    
      private shouldVerboseStreamDebug(): boolean {
        const level = vscode.workspace
          .getConfiguration("opencode.logging")
          .get<string>("level", "info");
        return typeof level === "string" && level.toLowerCase() === "debug";
      }
    
      private isLikelyInteractiveAwaitTimeoutError(message: string): boolean {
        const normalized = message.trim().toLowerCase();
        if (!normalized || !normalized.includes("timeout")) {
          return false;
        }
        return (
          normalized.includes("headers timeout") ||
          normalized.includes("header timeout") ||
          normalized.includes("und_err_headers_timeout") ||
          normalized.includes("request timed out") ||
          normalized.includes("response timeout") ||
          normalized.includes("body timeout")
        );
      }
    
      private shouldSuppressInteractiveAwaitTimeout(message: string): boolean {
        if (!this.isLikelyInteractiveAwaitTimeoutError(message)) {
          return false;
        }
        return this.awaitingInteractiveAnswer || this.isInInteractiveResponseTransition();
      }
    
      private isInInteractiveResponseTransition(): boolean {
        return Date.now() <= this.interactiveResponseTransitionUntil;
      }
    
      private isGenericErrorMessage(message: string): boolean {
        const normalized = message.trim().toLowerCase();
        return (
          normalized === "fetch failed" ||
          normalized === "failed to fetch" ||
          normalized === "request failed" ||
          normalized === "network error" ||
          normalized === "network request failed" ||
          normalized === "unknown error"
        );
      }
    
      private isStructuredOutputTransportError(message: string): boolean {
        const normalized = message.trim().toLowerCase();
        if (!normalized) {
          return false;
        }
        return (
          normalized.includes("structuredoutput") ||
          normalized.includes("structured output") ||
          normalized.includes("json_schema") ||
          normalized.includes("invalid schema for function") ||
          normalized.includes("invalid_function_parameters")
        );
      }
    
      private isStructuredOutputFailureMessage(message: string): boolean {
        const normalized = message.trim().toLowerCase();
        if (!normalized) {
          return false;
        }
        return (
          this.isStructuredOutputTransportError(normalized) ||
          normalized.includes("empty structured payload") ||
          normalized.includes("valid structured response") ||
          normalized.includes("couldn't produce a valid structured response")
        );
      }
    
      private isLikelyInteractiveTransportFailure(message: string): boolean {
        return (
          this.isLikelyInteractiveAwaitTimeoutError(message) ||
          this.isGenericErrorMessage(message)
        );
      }
    
      private hasBlockingInteractiveInStreamPayload(event: unknown): boolean {
        const eventRec = this.asRecord(event);
        if (!eventRec) {
          return false;
        }
        const isBlockingType = (value: unknown): boolean => {
          const type = this.firstNonEmptyString(value)?.toLowerCase();
          return (
            type === "question" ||
            type === "confirm" ||
            type === "quick_actions" ||
            type === "quick-actions" ||
            type === "interactive"
          );
        };
    
        const structured = this.asRecord(eventRec.structuredOutput);
        if (structured) {
          if (isBlockingType(structured.responseType)) {
            return true;
          }
    
          const interactiveEvents = Array.isArray(structured.interactiveEvents)
            ? structured.interactiveEvents
            : [];
          if (interactiveEvents.length > 0) {
            const hasBlockingInteractive = interactiveEvents.some((item) => {
              const rec = this.asRecord(item);
              if (!rec) return false;
              return isBlockingType(rec.type) || isBlockingType(rec.kind);
            });
            if (hasBlockingInteractive) {
              return true;
            }
          }
    
          const question = this.asRecord(structured.question);
          if (question && (!question.type || isBlockingType(question.type))) {
            return true;
          }
        }
    
        // Tool-question path: some providers emit interactive prompts through
        // tool parts (question/request_user_input) instead of top-level structuredOutput.
        const properties = this.asRecord(eventRec.properties) || {};
        const part = this.asRecord(properties.part) || this.asRecord(eventRec.part);
        if (!part) {
          return false;
        }
    
        const toolName = this.firstNonEmptyString(part.tool)?.toLowerCase() || "";
        if (
          toolName === "question" ||
          toolName.includes("request_user_input") ||
          toolName.includes("request-user-input")
        ) {
          return true;
        }
    
        const state = this.asRecord(part.state);
        const input =
          this.asRecord(state?.input) ||
          this.asRecord(part.input) ||
          this.asRecord(part.arguments) ||
          null;
        if (!input) {
          return false;
        }
    
        if (
          Array.isArray(input.questions) ||
          Array.isArray(input.items) ||
          Array.isArray(input.prompts) ||
          Array.isArray(input.events)
        ) {
          return true;
        }
    
        const questionLike = this.asRecord(input.question) || input;
        const hasQuestionText = !!this.firstNonEmptyString(
          questionLike.question,
          questionLike.prompt,
          questionLike.message,
          questionLike.content,
          questionLike.text,
          questionLike.title,
        );
        const hasChoices =
          Array.isArray(questionLike.options) ||
          Array.isArray(questionLike.choices) ||
          Array.isArray(questionLike.answers) ||
          Array.isArray(questionLike.actions);
        const hasConfirmControls = !!this.firstNonEmptyString(
          questionLike.confirmLabel,
          questionLike.confirm_text,
          questionLike.cancelLabel,
          questionLike.cancel_text,
        );
        const allowsCustomInput =
          questionLike.allowCustomInput === true ||
          questionLike.allow_custom_input === true;
    
        return hasQuestionText && (hasChoices || hasConfirmControls || allowsCustomInput);
      }
    
      private collectErrorMessageCandidates(
        value: unknown,
        seen: WeakSet<object> = new WeakSet<object>(),
        depth = 0,
      ): string[] {
        if (value == null || depth > 5) {
          return [];
        }
        if (typeof value === "string") {
          return [value];
        }
        if (value instanceof Error) {
          const withCause = value as Error & { cause?: unknown };
          return [
            value.message,
            ...this.collectErrorMessageCandidates(withCause.cause, seen, depth + 1),
          ];
        }
        if (typeof value !== "object") {
          return [String(value)];
        }
        if (seen.has(value)) {
          return [];
        }
        seen.add(value);
    
        const rec = value as Record<string, unknown>;
        const messages: string[] = [];
        const pushIfString = (candidate: unknown) => {
          const message = this.normalizeErrorCandidate(candidate);
          if (message) {
            messages.push(message);
          }
        };
    
        pushIfString(rec.message);
        pushIfString(rec.error);
        pushIfString(rec.detail);
        pushIfString(rec.reason);
    
        if (Array.isArray(rec.errors)) {
          for (const entry of rec.errors) {
            messages.push(
              ...this.collectErrorMessageCandidates(entry, seen, depth + 1),
            );
          }
        }
    
        messages.push(...this.collectErrorMessageCandidates(rec.data, seen, depth + 1));
        messages.push(...this.collectErrorMessageCandidates(rec.cause, seen, depth + 1));
        messages.push(
          ...this.collectErrorMessageCandidates(rec.response, seen, depth + 1),
        );
        messages.push(...this.collectErrorMessageCandidates(rec.body, seen, depth + 1));
    
        const code = this.firstNonEmptyString(rec.code, rec.errno);
        const syscall = this.firstNonEmptyString(rec.syscall);
        const address = this.firstNonEmptyString(rec.address);
        const port =
          typeof rec.port === "number"
            ? String(rec.port)
            : this.firstNonEmptyString(rec.port);
        if (code || syscall || address || port) {
          const endpoint = address && port ? `${address}:${port}` : address || port;
          const signature = [code, syscall, endpoint]
            .filter((part): part is string => Boolean(part))
            .join(" ");
          if (signature) {
            messages.push(signature);
          }
        }
    
        return messages;
      }
    
      private collectNormalizedErrorMessages(error: unknown): string[] {
        const candidates = this.collectErrorMessageCandidates(error)
          .map((candidate) => this.normalizeErrorCandidate(candidate))
          .filter((candidate): candidate is string => Boolean(candidate));
    
        if (candidates.length === 0) {
          return [];
        }
    
        const deduped: string[] = [];
        for (const candidate of candidates) {
          if (!deduped.includes(candidate)) {
            deduped.push(candidate);
          }
        }
        return deduped;
      }
    
      private extractDetailedErrorMessage(error: unknown, fallback: string): string {
        const candidates = this.collectNormalizedErrorMessages(error);
        if (candidates.length === 0) {
          return fallback;
        }
    
        const primary =
          candidates.find((candidate) => !this.isGenericErrorMessage(candidate)) ||
          candidates[0];
        const detailCandidates = candidates.filter(
          (candidate) => candidate !== primary,
        );
        if (detailCandidates.length === 0) {
          return primary;
        }
    
        const details = detailCandidates.slice(0, 4);
        const remainingCount = detailCandidates.length - details.length;
        const detailLines = details.map((detail) => `- ${detail}`);
        if (remainingCount > 0) {
          detailLines.push(`- (+${remainingCount} more detail(s))`);
        }
    
        return `${primary}\n\nDetails:\n${detailLines.join("\n")}`;
      }
    
      private enrichStreamEvent(event: any): any {
        if (!event || typeof event !== "object") {
          return event;
        }
    
        const properties = this.asRecord(event.properties) || {};
        const isMessagePartEvent =
          typeof event.type === "string" && event.type.startsWith("message.part.");
        const part =
          this.asRecord(properties.part) ||
          this.asRecord(event.part) ||
          (isMessagePartEvent ? this.asRecord(properties) : null);
        const enriched: Record<string, unknown> = { ...event };
        let kind:
          | "thinking"
          | "progress"
          | "message"
          | "lifecycle"
          | "error"
          | "other" = "other";
        let text: string | undefined;
    
        if (isMessagePartEvent && part) {
          const rawPartType =
            this.firstNonEmptyString(part.type)?.toLowerCase() || "";
          const partType =
            rawPartType === "thinking" || rawPartType === "thought"
              ? "reasoning"
              : rawPartType;
          if (
            partType === "reasoning" ||
            typeof part.reasoning !== "undefined" ||
            typeof part.thought !== "undefined" ||
            typeof part.thinking !== "undefined"
          ) {
            kind = "thinking";
            text = this.firstNonEmptyString(
              properties.delta,
              part.reasoning,
              part.thought,
              part.thinking,
              properties.reasoning,
              properties.thought,
              properties.thinking,
              part.delta,
              part.text,
            );
          } else if (
            partType === "tool" ||
            partType === "step-start" ||
            partType === "step-finish" ||
            partType === "patch"
          ) {
            const toolName = (part.tool || "").toString().toLowerCase();
            if (
              toolName.includes("structuredoutput") ||
              toolName.includes("structured_output")
            ) {
              kind = "other";
            } else {
              kind = "progress";
            }
          } else if (partType === "text" || !partType) {
            kind = "message";
            text = this.firstNonEmptyString(
              properties.delta,
              part.text,
              part.content,
            );
          }
        } else if (event.type === "message.updated") {
          kind = "lifecycle";
        } else if (event.type === "session.error" || event.type === "error") {
          kind = "error";
        }
    
        const structuredOutput = this.extractStructuredOutput({
          ...properties,
          info: properties.info,
        });
        if (structuredOutput) {
          enriched.structuredOutput = structuredOutput;
          enriched.hasStructuredOutput = true;
          if (kind === "other") {
            kind = "message";
          }
        }
    
        enriched.structured = {
          kind,
          text,
          eventType: event.type,
          responseType: structuredOutput?.responseType,
        };
    
        return enriched;
      }
    
      private normalizeSubagentStatus(
        value: unknown,
      ): "pending" | "running" | "done" | "error" | "orphaned" {
        const status = this.firstNonEmptyString(value)?.toLowerCase();
        if (
          status === "pending" ||
          status === "running" ||
          status === "done" ||
          status === "error" ||
          status === "orphaned"
        ) {
          return status;
        }
        if (
          status === "completed" ||
          status === "complete" ||
          status === "success" ||
          status === "finished"
        ) {
          return "done";
        }
        if (status === "failed") {
          return "error";
        }
        return "pending";
      }
    
      private mergeSubagentEntries(
        existingRaw: unknown,
        incoming: Array<Record<string, unknown>>,
      ): Array<Record<string, unknown>> {
        const byId = new Map<string, Record<string, unknown>>();
    
        const upsert = (value: unknown, preferIncoming = false) => {
          const rec = this.asRecord(value);
          if (!rec) {
            return;
          }
          const id = this.firstNonEmptyString(rec.id);
          if (!id) {
            return;
          }
          const current = byId.get(id);
          if (!current) {
            byId.set(id, { ...rec, id });
            return;
          }
          byId.set(
            id,
            preferIncoming
              ? { ...current, ...rec, id }
              : { ...rec, ...current, id },
          );
        };
    
        if (Array.isArray(existingRaw)) {
          existingRaw.forEach((entry) => {
            upsert(entry, false);
          });
        }
        incoming.forEach((entry) => {
          upsert(entry, true);
        });
    
        return Array.from(byId.values());
      }
    
      private hydrateSubagentsFromPayload(
        parentMessageId: string,
        payload: {
          summariesByParentMessageId?: Record<string, unknown>;
          detailsById?: Record<string, unknown>;
        },
        fallbackSessionId?: string,
      ): Array<Record<string, unknown>> {
        const summariesMap = this.asRecord(payload.summariesByParentMessageId) || {};
        const detailsMap = this.asRecord(payload.detailsById) || {};
        const summariesRaw = summariesMap[parentMessageId];
        const summaries = Array.isArray(summariesRaw) ? summariesRaw : [];
        if (summaries.length === 0) {
          return [];
        }
    
        return summaries
          .map((summaryRaw) => {
            const summary = this.asRecord(summaryRaw);
            if (!summary) {
              return null;
            }
            const id = this.firstNonEmptyString(summary.id);
            if (!id) {
              return null;
            }
            const detail = this.asRecord(detailsMap[id]) || {};
            const merged: Record<string, unknown> = {
              ...summary,
              ...detail,
              id,
            };
            merged.parentMessageId = this.firstNonEmptyString(
              merged.parentMessageId,
              parentMessageId,
            );
            merged.parentSessionId = this.firstNonEmptyString(
              merged.parentSessionId,
              fallbackSessionId,
            );
            merged.status = this.normalizeSubagentStatus(merged.status);
            merged.latestActivity =
              this.firstNonEmptyString(
                merged.latestActivity,
                merged.description,
                summary.latestActivity,
              ) || "Subagent update";
            if (!Array.isArray(merged.references)) {
              merged.references = [];
            }
            if (!Array.isArray(merged.progressEvents)) {
              merged.progressEvents = [];
            }
            if (!Array.isArray(merged.thinkingEvents)) {
              merged.thinkingEvents = [];
            }
            if (!Array.isArray(merged.timelineEvents)) {
              merged.timelineEvents = [];
            }
            return merged;
          })
          .filter((entry): entry is Record<string, unknown> => !!entry);
      }
    
      private resolveSubagentPayloadSessionId(payload: {
        summariesByParentMessageId?: Record<string, unknown>;
      }): string | undefined {
        const summariesMap = this.asRecord(payload.summariesByParentMessageId) || {};
        for (const summariesRaw of Object.values(summariesMap)) {
          if (!Array.isArray(summariesRaw)) {
            continue;
          }
          for (const summaryRaw of summariesRaw) {
            const summary = this.asRecord(summaryRaw);
            const sessionId = this.firstNonEmptyString(summary?.parentSessionId);
            if (sessionId) {
              return sessionId;
            }
          }
        }
        return undefined;
      }
    
      /**
       * Callback: Send persisted compaction view state
       * Delegates to CompactionManager module
       */
      private async sendPersistedCompactionViewState(sessionId: string): Promise<void> {
        return this.compactionManager.sendPersistedCompactionViewState(sessionId);
      }
    
      /**
       * Callback: Sync subagent snapshot for session
       * Delegates to SubagentPersistence module
       */
      private async syncSubagentSnapshotForSession(
        sessionId: string,
        messages: any[],
      ): Promise<SubagentUpdatePayload> {
        const snapshot = await this.subagentPersistence.syncSubagentSnapshotForSession(
          sessionId,
          messages,
        );
        const normalized = this.remapOrphanedSubagentKeys(snapshot, messages);
        if (normalized !== snapshot) {
          await this.subagentPersistence.savePersistedSubagentSnapshot(
            sessionId,
            normalized,
          );
        }
        return normalized;
      }
    
      /**
       * Remap entries in summariesByParentMessageId whose key is not a real
       * message ID (orphan-* synthetic keys produced when a child session is
       * created but cannot be matched to a specific subtask message part) to the
       * latest assistant message in the same session.
       */
      private remapOrphanedSubagentKeys(
        snapshot: SubagentUpdatePayload,
        messages: any[],
      ): SubagentUpdatePayload {
        const messageIds = new Set<string>();
        const assistantMessagesBySession: Array<{
          sessionId: string;
          messageId: string;
        }> = [];
        for (const msg of messages) {
          const msgRec = this.asRecord(msg) || {};
          const info = this.asRecord(msgRec.info);
          const role = this.firstNonEmptyString(info?.role, msgRec.role);
          const messageId = this.firstNonEmptyString(
            info?.id,
            msgRec.id,
            msgRec.messageID,
          );
          if (!messageId) {
            continue;
          }
          messageIds.add(messageId);
          if ((role || "").toLowerCase() === "assistant") {
            const parentSessionId = this.firstNonEmptyString(
              info?.sessionID,
              info?.sessionId,
              msgRec.sessionID,
              msgRec.sessionId,
            );
            assistantMessagesBySession.push({
              sessionId: parentSessionId || "",
              messageId,
            });
          }
        }
    
        const summariesByParentMessageId = {
          ...(snapshot.summariesByParentMessageId || {}),
        };
        const detailsById = { ...(snapshot.detailsById || {}) };
        let changed = false;
    
        for (const [parentKey, summaries] of Object.entries(
          summariesByParentMessageId,
        )) {
          if (messageIds.has(parentKey)) {
            continue;
          }
          if (!parentKey.startsWith("orphan-")) {
            continue;
          }
          if (!Array.isArray(summaries) || summaries.length === 0) {
            continue;
          }
    
          const parentSessionId =
            this.firstNonEmptyString(
              ...summaries.map((summary) => {
                const summaryRec = this.asRecord(summary);
                return this.firstNonEmptyString(summaryRec?.parentSessionId);
              }),
            ) || "";
    
          let latestAssistantMessageId: string | undefined;
          for (let index = assistantMessagesBySession.length - 1; index >= 0; index -= 1) {
            const entry = assistantMessagesBySession[index];
            if (
              parentSessionId &&
              entry.sessionId &&
              entry.sessionId !== parentSessionId
            ) {
              continue;
            }
            latestAssistantMessageId = entry.messageId;
            break;
          }
          if (!latestAssistantMessageId) {
            continue;
          }
    
          const reboundSummaries = summaries.map((summary) => ({
            ...(this.asRecord(summary) || {}),
            parentMessageId: latestAssistantMessageId,
          }));
          const existingTarget = Array.isArray(
            summariesByParentMessageId[latestAssistantMessageId],
          )
            ? summariesByParentMessageId[latestAssistantMessageId]
            : [];
          const mergedById = new Map<string, Record<string, unknown>>();
          existingTarget.forEach((entry) => {
            const entryRec = this.asRecord(entry);
            const id = this.firstNonEmptyString(entryRec?.id);
            if (id) {
              mergedById.set(id, entryRec || {});
            }
          });
          reboundSummaries.forEach((entry) => {
            const id = this.firstNonEmptyString((entry as Record<string, unknown>).id);
            if (id) {
              mergedById.set(id, entry as Record<string, unknown>);
            }
          });
    
          summariesByParentMessageId[latestAssistantMessageId] =
            Array.from(mergedById.values()) as SubagentUpdatePayload["summariesByParentMessageId"][string];
          delete summariesByParentMessageId[parentKey];
    
          summaries.forEach((summary) => {
            const summaryRec = this.asRecord(summary);
            const id = this.firstNonEmptyString(summaryRec?.id);
            if (id && detailsById[id]) {
              detailsById[id] = {
                ...(this.asRecord(detailsById[id]) || {}),
                parentMessageId: latestAssistantMessageId,
              } as SubagentUpdatePayload["detailsById"][string];
            }
          });
          changed = true;
        }
    
        if (!changed) {
          return snapshot;
        }
        return { summariesByParentMessageId, detailsById };
      }
    
      private findLatestSubagentParentMessageIdForSession(
        payload: {
          summariesByParentMessageId?: Record<string, unknown>;
        },
        sessionId: string,
      ): string | undefined {
        const summariesMap = this.asRecord(payload.summariesByParentMessageId) || {};
        const entries = Object.entries(summariesMap);
        for (let i = entries.length - 1; i >= 0; i -= 1) {
          const [parentMessageId, summariesRaw] = entries[i];
          if (!Array.isArray(summariesRaw) || summariesRaw.length === 0) {
            continue;
          }
          const matchesSession = summariesRaw.some((summaryRaw) => {
            const summary = this.asRecord(summaryRaw);
            const parentSessionId = this.firstNonEmptyString(summary?.parentSessionId);
            return parentSessionId === sessionId;
          });
          if (matchesSession) {
            return parentMessageId;
          }
        }
        return undefined;
      }
    
      private extractMessageBodyText(message: any): string {
        if (!message) return "";
    
        let rawText = "";
        if (typeof message.content === "string" && message.content.trim()) {
          rawText = message.content.trim();
        } else if (typeof message.text === "string" && message.text.trim()) {
          rawText = message.text.trim();
        } else if (Array.isArray(message.parts)) {
          rawText = message.parts
            .map((part: any) => {
              if (!part || typeof part !== "object") return "";
              if (
                part.type === "reasoning" ||
                part.type === "thinking" ||
                part.type === "thought" ||
                typeof part.reasoning !== "undefined" ||
                typeof part.thought !== "undefined" ||
                typeof part.thinking !== "undefined"
              ) {
                return "";
              }
              return (part.text || part.content || "").toString();
            })
            .join("")
            .trim();
        }
    
        if (this.isLikelyToolCallTranscript(rawText)) {
          return "";
        }
        return rawText;
      }
    
      private hasNonTextActivityParts(message: any): boolean {
        if (!message || typeof message !== "object" || !Array.isArray(message.parts)) {
          return false;
        }
        return message.parts.some((part: any) => {
          const rec = this.asRecord(part);
          if (!rec) {
            return false;
          }
          if (this.isRenderableTextPart(rec)) {
            return false;
          }
          const partType = this.firstNonEmptyString(rec.type, rec.kind)?.toLowerCase();
          if (partType === "tool") {
            const toolName = this.firstNonEmptyString(rec.tool, rec.name)?.toLowerCase();
            if (
              toolName?.includes("structuredoutput") ||
              toolName?.includes("structured_output")
            ) {
              return false;
            }
          }
          return true;
        });
      }
    
      private extractStructuredOutput(
        messageLike: any,
      ): StructuredAssistantOutput | undefined {
        const role = this.firstNonEmptyString(
          messageLike.role,
          messageLike.info?.role,
          messageLike.properties?.role,
        )?.toLowerCase();
    
        if (role === "system") {
          return {
            responseType: "system",
          } as any;
        }
    
        const providerID = this.firstNonEmptyString(
          messageLike.info?.providerID,
          messageLike.providerID,
          messageLike.properties?.providerID,
        );
        const modelID = this.firstNonEmptyString(
          messageLike.info?.modelID,
          messageLike.modelID,
          messageLike.properties?.modelID,
          messageLike.info?.model?.modelID,
          messageLike.model?.modelID,
        );
        const candidates: Array<{ value: unknown; source: string }> = [
          { value: messageLike.structuredOutput, source: "messageLike.structuredOutput" },
          { value: messageLike.structured_output, source: "messageLike.structured_output" },
          { value: messageLike.output, source: "messageLike.output" },
          { value: messageLike.info?.structuredOutput, source: "messageLike.info.structuredOutput" },
          { value: messageLike.info?.structured_output, source: "messageLike.info.structured_output" },
          { value: messageLike.info?.structured, source: "messageLike.info.structured" },
          { value: messageLike.info?.output, source: "messageLike.info.output" },
          { value: messageLike.properties?.structuredOutput, source: "messageLike.properties.structuredOutput" },
          { value: messageLike.properties?.structured_output, source: "messageLike.properties.structured_output" },
          { value: messageLike.properties?.structured, source: "messageLike.properties.structured" },
          { value: messageLike.properties?.output, source: "messageLike.properties.output" },
        ];
    
        if (Array.isArray(messageLike.parts)) {
          for (const part of messageLike.parts) {
            if (
              part &&
              typeof part === "object" &&
              part.type === "tool" &&
              part.state
            ) {
              const toolName = (part.tool || "").toLowerCase();
              if (
                toolName.includes("structuredoutput") ||
                toolName.includes("structured_output")
              ) {
                const pushCandidate = (value: unknown, source: string) => {
                  if (typeof value === "undefined") return;
                  candidates.push({ value, source });
                };
                pushCandidate(
                  part.state.result,
                  "messageLike.parts[].state.result",
                );
                pushCandidate(
                  part.state.output,
                  "messageLike.parts[].state.output",
                );
                pushCandidate(
                  part.state.arguments,
                  "messageLike.parts[].state.arguments",
                );
                pushCandidate(
                  part.state.input,
                  "messageLike.parts[].state.input",
                );
    
                const resultRec = this.asRecord(part.state.result);
                if (resultRec) {
                  pushCandidate(
                    resultRec.output,
                    "messageLike.parts[].state.result.output",
                  );
                  pushCandidate(
                    resultRec.data,
                    "messageLike.parts[].state.result.data",
                  );
                  pushCandidate(
                    resultRec.value,
                    "messageLike.parts[].state.result.value",
                  );
                  pushCandidate(
                    resultRec.arguments,
                    "messageLike.parts[].state.result.arguments",
                  );
                  pushCandidate(
                    resultRec.structuredOutput,
                    "messageLike.parts[].state.result.structuredOutput",
                  );
                  pushCandidate(
                    resultRec.structured_output,
                    "messageLike.parts[].state.result.structured_output",
                  );
                }
              }
            }
          }
        }
    
        for (const candidate of candidates) {
          const parsed = this.normalizeStructuredOutput(candidate.value as string, {
            source: candidate.source,
            providerID,
            modelID,
          });
          if (parsed) {
            return parsed;
          }
        }
    
        const bodyText = this.extractMessageBodyText(messageLike);
        if (bodyText.startsWith("{") && bodyText.endsWith("}")) {
          return this.normalizeStructuredOutput(bodyText, {
            source: "messageLike.bodyText.json",
            providerID,
            modelID,
          });
        }
        return undefined;
      }
    
      private applyStructuredOutputToMessage(
        message: any,
        options?: { allowSyntheticFallbackError?: boolean },
      ): any {
        // Abort detection must happen before any content extraction or fallback generation.
        // A cached/persisted message may already have error text written into its content
        // field, so checking only at the !bodyText branch is insufficient.
        const messageInfoError = message?.info?.error ?? message?.error;
        if (messageInfoError?.name === "MessageAbortedError") {
          if (this.isInInteractiveResponseTransition()) {
            // Interactive answer submit intentionally aborts the previous waiting turn.
            // Preserve rendered content and avoid a misleading "response stopped" banner.
            return { ...message, aborted: false };
          }
          return { ...message, aborted: true };
        }
        const allowSyntheticFallbackError =
          options?.allowSyntheticFallbackError !== false;
        const role = this.firstNonEmptyString(
          message?.info?.role,
          message?.role,
        )?.toLowerCase();
    
        if (role === "system") {
          return {
            ...message,
            responseType: "system",
            structuredOutput: {
              responseType: "system",
            },
          };
        }
    
        const structured = this.extractStructuredOutput(message);
        if (!structured) {
          const bodyText = this.extractMessageBodyText(message);
          if (role === "assistant" && bodyText) {
            const next: any = {
              ...message,
              structuredOutput: {
                responseType: "message",
                message: bodyText,
              },
              content: bodyText,
            };
            if (Array.isArray(next.parts)) {
              next.parts = next.parts.filter((part: any) => {
                if (part && part.type === "tool") {
                  const toolName = (part.tool || "").toString().toLowerCase();
                  if (
                    toolName.includes("structuredoutput") ||
                    toolName.includes("structured_output")
                  ) {
                    return false;
                  }
                }
                return true;
              });
            }
            return next;
          }
          if (role === "assistant" && !bodyText) {
            // Keep partial stop/activity turns intact so activity/reasoning widgets can render.
            // These turns may have no assistant text body but still contain useful non-text parts.
            if (this.hasNonTextActivityParts(message)) {
              return message;
            }
            if (!allowSyntheticFallbackError) {
              return message;
            }
            const incompatibleModelKey = this.getStructuredOutputModelKey(
              this.firstNonEmptyString(
                message?.info?.providerID,
                message?.providerID,
              ),
              this.firstNonEmptyString(
                message?.info?.modelID,
                message?.modelID,
              ),
            );
            const retryWithoutStructuredOutput = true;
            const fallbackText =
              incompatibleModelKey &&
                this.structuredOutputIncompatibleModelKeys.has(incompatibleModelKey)
                ? "Structured output error: this model returned an empty structured payload."
                : "I couldn't produce a valid structured response for this turn. Please retry.";
            const next: any = {
              ...message,
              content: fallbackText,
              error: fallbackText,
              retryWithoutStructuredOutput,
            };
            const parts = Array.isArray(next.parts)
              ? next.parts.filter((part: any) => this.isRenderableTextPart(part))
              : [];
            const textIndex = parts.findIndex((part: any) =>
              this.isRenderableTextPart(part),
            );
            if (textIndex >= 0) {
              parts[textIndex] = {
                ...parts[textIndex],
                type: "text",
                text: fallbackText,
              };
            } else {
              parts.push({ type: "text", text: fallbackText });
            }
            next.parts = parts;
            return next;
          }
          return message;
        }
    
        const isInteractiveStructuredResponse =
          this.isInteractiveResponseType(structured.responseType) &&
          Array.isArray(structured.interactiveEvents) &&
          structured.interactiveEvents.length > 0;
    
        // DEBUG: Check structured object immediately after extraction
        log.debug('Structured object after extraction', {
          responseType: structured.responseType,
          hasPlan: 'plan' in structured,
          planKeys: structured.plan ? Object.keys(structured.plan) : [],
          planValue: structured.plan,
          planFile: structured.plan?.file,
          allStructuredKeys: Object.keys(structured)
        });
    
        const structuredPlanContent =
          this.firstNonEmptyString(structured.plan?.content) || "";
        const shouldSuppressStructuredPlan =
          this.isClarificationQuestionnaire(structuredPlanContent);
    
        const next: any = {
          ...message,
          structuredOutput: structured,
        };
    
        // DEBUG: Log immediately after creating next object
        log.debug('applyStructuredOutputToMessage: next object created', {
          messageId: next.id,
          hasStructuredOutput: 'structuredOutput' in next,
          structuredOutputResponseType: next.structuredOutput?.responseType,
          structuredOutputHasPlan: next.structuredOutput?.plan ? 'yes' : 'no',
          structuredOutputPlanFile: next.structuredOutput?.plan?.file,
          originalMessageHasPlan: 'plan' in message,
          originalMessagePlanFile: message.plan?.file
        });
    
        if (Array.isArray(next.parts)) {
          next.parts = next.parts.filter((part: any) => {
            if (part && part.type === "tool") {
              const toolName = (part.tool || "").toString().toLowerCase();
              if (
                toolName.includes("structuredoutput") ||
                toolName.includes("structured_output")
              ) {
                return false;
              }
            }
            return true;
          });
        }
    
        const bodyText = this.extractMessageBodyText(message);
        const hasJsonOnlyBody = bodyText.startsWith("{") && bodyText.endsWith("}");
        if (hasJsonOnlyBody) {
          next.content = "";
          if (Array.isArray(next.parts)) {
            next.parts = next.parts.filter((p: any) => p?.type !== "text");
          }
        }
    
        // Preserve the default OpenCode response body whenever it exists.
        // Only inject structured text as a fallback when body text is missing or JSON-only.
        const messageContent =
          structured.message ||
          this.createFallbackMessage(structured);
        const shouldUseStructuredMessage = !bodyText || hasJsonOnlyBody;
        if (messageContent && shouldUseStructuredMessage) {
          next.content = messageContent;
          const parts = Array.isArray(next.parts) ? [...next.parts] : [];
          const textIndex = parts.findIndex(
            (part: any) => this.isRenderableTextPart(part),
          );
          if (textIndex >= 0) {
            parts[textIndex] = {
              ...parts[textIndex],
              type: "text",
              text: messageContent,
            };
          } else {
            parts.push({ type: "text", text: messageContent });
          }
          next.parts = parts;
        }
    
        if (structured.progressUpdates && structured.progressUpdates.length > 0) {
          const existingSteps = Array.isArray(next.steps) ? next.steps : [];
          const mapped = structured.progressUpdates.map((update) => ({
            type: "step",
            title: update.title,
            content: update.filePath,
            status: update.status ?? "pending",
            meta: update.meta,
          }));
          next.steps = [...existingSteps, ...mapped];
        }
    
        if (
          structured.interactiveEvents &&
          structured.interactiveEvents.length > 0
        ) {
          next.interactiveEvents = structured.interactiveEvents;
          const questionPrompt = this.deriveQuestionPromptFromInteractivePayload({
            question: (structured.question as string) ?? '',
            options: structured.interactiveEvents as any[],
          });
          const currentBodyText = this.extractMessageBodyText(next).trim();
          const normalizeComparableText = (value: string): string =>
            value.replace(/\r\n/g, "\n").replace(/\s+/g, " ").trim().toLowerCase();
          const promptNorm = questionPrompt
            ? normalizeComparableText(questionPrompt)
            : "";
          const bodyNorm = normalizeComparableText(currentBodyText);
          let visibleInteractiveBody: string | undefined;
    
          if (questionPrompt) {
            if (
              !currentBodyText ||
              bodyNorm === promptNorm ||
              this.isLowValueInteractiveBodyText(currentBodyText)
            ) {
              visibleInteractiveBody = questionPrompt;
            } else if (promptNorm && bodyNorm.startsWith(promptNorm)) {
              visibleInteractiveBody = currentBodyText;
            } else {
              visibleInteractiveBody = `${questionPrompt}\n\n${currentBodyText}`;
            }
          } else if (!currentBodyText) {
            const firstEvent = structured.interactiveEvents[0];
            if (firstEvent.type === "question" || firstEvent.type === "confirm") {
              visibleInteractiveBody = firstEvent.question;
            } else if (firstEvent.type === "message") {
              visibleInteractiveBody = firstEvent.message;
            } else if (firstEvent.type === "quick_actions") {
              visibleInteractiveBody = this.firstNonEmptyString(firstEvent.title);
            }
          }
    
          if (visibleInteractiveBody) {
            next.content = visibleInteractiveBody;
            const parts = Array.isArray(next.parts) ? [...next.parts] : [];
            const textIndex = parts.findIndex((part: any) =>
              this.isRenderableTextPart(part),
            );
            if (textIndex >= 0) {
              parts[textIndex] = {
                ...parts[textIndex],
                type: "text",
                text: visibleInteractiveBody,
              };
            } else {
              parts.push({ type: "text", text: visibleInteractiveBody });
            }
            next.parts = parts;
          }
        }
    
        if (structured.subagents && structured.subagents.length > 0) {
          if (!next.subagents) {
            next.subagents = [];
          }
          structured.subagents.forEach((sa: any) => {
            const normalized = {
              ...sa,
              agentId: this.firstNonEmptyString(sa.agentId, sa.name) || sa.id,
              latestActivity:
                this.firstNonEmptyString(sa.latestActivity, sa.description) ||
                "Subagent update",
            };
            const existing = next.subagents.find((item: any) => item.id === sa.id);
            if (existing) {
              Object.assign(existing, normalized);
            } else {
              next.subagents.push(normalized);
            }
          });
    
          const hasTextContent =
            (typeof next.content === "string" && next.content.trim().length > 0) ||
            (Array.isArray(next.parts) &&
              next.parts.some(
                (part: any) =>
                  part?.type === "text" &&
                  typeof part?.text === "string" &&
                  part.text.trim().length > 0,
              ));
          if (
            !hasTextContent &&
            (structured.responseType === "subagents" ||
              (structured.subagentsDelta &&
                structured.subagentsDelta.items.length > 0))
          ) {
            const subagentCount =
              structured.subagents?.length ??
              structured.subagentsDelta?.items.length ??
              0;
            const summaryText = `Spawned ${subagentCount} subagent${subagentCount === 1 ? "" : "s"
              }.`;
            next.content = summaryText;
            const parts = Array.isArray(next.parts) ? [...next.parts] : [];
            parts.push({ type: "text", text: summaryText });
            next.parts = parts;
          }
        }
    
        if (
          structured.responseType === "implementation_plan" &&
          !shouldSuppressStructuredPlan
        ) {
          const summaryMessage = this.firstNonEmptyString(
            structured.message,
            structured.plan?.intro,
            structured.plan?.summary,
          );
          if (summaryMessage) {
            next.content = summaryMessage;
            const parts = Array.isArray(next.parts) ? [...next.parts] : [];
            const textIndex = parts.findIndex(
              (part: any) =>
                part &&
                typeof part === "object" &&
                (part.type === "text" ||
                  typeof part.text === "string" ||
                  typeof part.content === "string"),
            );
            if (textIndex >= 0) {
              parts[textIndex] = {
                ...parts[textIndex],
                type: "text",
                text: summaryMessage,
              };
            } else {
              parts.push({ type: "text", text: summaryMessage });
            }
            next.parts = parts;
          }
        }
    
        if (
          !isInteractiveStructuredResponse &&
          !shouldSuppressStructuredPlan &&
          (structured.responseType === "implementation_plan" ||
            structured.plan?.content ||
            structured.plan?.file)
        ) {
          const planContent = this.firstNonEmptyString(structured.plan?.content);
          const structuredPlanCandidates =
            this.collectPlanFileCandidatesFromStructuredPlan(
              this.asRecord(structured.plan),
            );
          const planFile = structuredPlanCandidates[0];
    
          // DEBUG: Log plan file extraction
          log.debug('Plan file extraction', {
            hasStructuredPlan: !!structured.plan,
            structuredPlanKeys: structured.plan ? Object.keys(structured.plan) : [],
            structuredPlanFile: structured.plan?.file,
            candidatesCount: structuredPlanCandidates.length,
            candidates: structuredPlanCandidates,
            planFile: planFile,
            planFileUndefined: planFile === undefined
          });
    
          const resolvedPlanTitle = this.resolvePlanTitle({
            plan: structured.plan,
            planFile: planFile || structuredPlanCandidates[0],
            fallback: structured.plan?.summary as string | undefined,
          });
          const hasLongPlanContent =
            typeof planContent === "string" && planContent.trim().length >= 80;
          // File-backed plans must still produce a plan card even when no markdown
          // content is embedded in structured output.
          if (hasLongPlanContent || planFile) {
            next.plan = {
              file: planFile,
              content: hasLongPlanContent ? planContent : undefined,
              title: resolvedPlanTitle,
              summary: structured.plan?.summary,
              files:
                structuredPlanCandidates.length > 0
                  ? structuredPlanCandidates
                  : undefined,
            };
    
            // DEBUG: Log the final plan object being set
            log.debug('Plan object set on next', {
              hasPlan: !!next.plan,
              planFile: next.plan?.file,
              planKeys: next.plan ? Object.keys(next.plan) : [],
              fullPlanObject: next.plan ? JSON.stringify(next.plan, null, 2) : 'undefined'
            });
    
            // DEBUG: Try to serialize the entire next object to check for circular references
            try {
              const serialized = JSON.stringify(next);
              log.debug('Message serialization successful', {
                serializedLength: serialized.length,
                hasPlanInSerialized: serialized.includes('"plan"'),
                planSubstring: serialized.includes('"file"') ? serialized.substring(serialized.indexOf('"plan"'), serialized.indexOf('"plan"') + 200) : 'NOT FOUND'
              });
            } catch (e) {
              log.debug('Message serialization FAILED', { error: e });
            }
          } else {
            log.debug('Plan NOT set - condition failed', {
              hasLongPlanContent,
              planFile,
              planFileUndefined: planFile === undefined,
              hasLongPlanContentFalse: !hasLongPlanContent,
              noPlanFile: !planFile
            });
          }
        }
    
        if (shouldSuppressStructuredPlan) {
          if (next.plan) {
            delete next.plan;
          }
          if (structured.responseType === "implementation_plan") {
            const clarificationMessage =
              this.firstNonEmptyString(
                structured.message,
              ) ||
              "I need a few clarifications before drafting the implementation plan.";
            next.content = clarificationMessage;
            const parts = Array.isArray(next.parts) ? [...next.parts] : [];
            const textIndex = parts.findIndex(
              (part: any) => this.isRenderableTextPart(part),
            );
            if (textIndex >= 0) {
              parts[textIndex] = {
                ...parts[textIndex],
                type: "text",
                text: clarificationMessage,
              };
            } else {
              parts.push({ type: "text", text: clarificationMessage });
            }
            next.parts = parts;
          }
        }
    
        return next;
      }
    
      /**
       * Handles sending a message to OpenCode
       */
      // PROMPT-OWNERSHIP: do not modify — transport-only path
      private async handleSendMessage(
        text: string,
        files?: string[],
        contexts?: any[],
        images?: any[],
        agent?: string,
        isRetry = false,
        recoveredContext?: RecoveredSessionContext,
        retryWithoutStructuredOutput = false,
        structuredFallbackReason?: string,
        userFacingText?: string,
      ): Promise<void> {
        // Start feature flow tracking
        const flow = log.startFeatureFlow('SendMessage', {
          messageLength: text.length,
          isRetry,
          hasFiles: !!files?.length,
          fileCount: files?.length || 0,
          hasContexts: !!contexts?.length,
          contextCount: contexts?.length || 0,
          hasImages: !!images?.length,
          imageCount: images?.length || 0,
          agent,
        });
    
        // Cache for retry
        this.lastSendMessageArgs = { text, files, contexts, images, agent };
    
        // We'll set processing state once we have a definitive session ID below
    
        const overallStartTime = Date.now();
        log.featureStep(flow, 'message_send_started', {
          messageLength: text.length,
          timestamp: new Date().toISOString(),
        });
    
        let drainSessionId: string | undefined;
        const capturePromptDebug = this.shouldVerboseStreamDebug();
        let debugSessionId: string | undefined;
        let baselineAssistantMarker: AssistantHistoryMarker | undefined;
        try {
          const normalizedImages = (Array.isArray(images) ? images : [])
            .map((img) => {
              if (typeof img === "string") {
                return { dataUrl: img, filename: "image" };
              }
              if (img?.dataUrl && typeof img.dataUrl === "string") {
                return {
                  dataUrl: img.dataUrl,
                  filename:
                    typeof img.filename === "string" ? img.filename : "image",
                };
              }
              return null;
            })
            .filter((img): img is { dataUrl: string; filename: string } => !!img);
          const imageUrls = normalizedImages.map((img) => img.dataUrl);
    
          const serverStartTime = Date.now();
          this.logger.info("⏳ [TIMING] Calling ensureRunning()...");
          const client = await this.serverManager.ensureRunning();
          this.logger.info(`✅ [TIMING] Server ready (${Date.now() - serverStartTime}ms)`);
    
          const sessionStartTime = Date.now();
          this.logger.info("⏳ [TIMING] Getting current session...");
          let session = await this.sessionService.getCurrentSession();
          if (this.currentSessionId && session.id !== this.currentSessionId) {
            session = await this.sessionService.switchSession(
              this.currentSessionId,
            );
          }
          this.logger.info(`✅ [TIMING] Session ready (${Date.now() - sessionStartTime}ms): ${session.id}`);
    
          drainSessionId = session.id;
          this.processingSessionIds.add(drainSessionId);
          this.sendProcessingSessionsUpdate();
          this.currentSessionId = session.id;
          this.subagentTracker.setActiveSession(session.id);
          // Note: awaitingInteractiveAnswer flag is NOT cleared here
          // It will be cleared naturally when stream events arrive
    
          // Check budget before sending
          const budgetCheck = this.budgeter.canMakeRequest();
          if (!budgetCheck.allowed) {
            this.sendBudgetInfo();
            // Show warning to user
            vscode.window.showWarningMessage(
              `Request limit reached: ${budgetCheck.reason}`,
            );
            return;
          }
    
          const messagesStartTime = Date.now();
          this.logger.info("⏳ [TIMING] Loading existing messages...");
          const existingMessages = await this.sessionService.getMessages(
            session.id,
          );
          this.logger.info(`✅ [TIMING] Messages loaded (${Date.now() - messagesStartTime}ms): ${existingMessages.length} messages`);
    
          baselineAssistantMarker =
            this.getLatestAssistantHistoryMarker(existingMessages);
          const isNewSession = existingMessages.length === 0;
    
          if (isNewSession) {
            const config = vscode.workspace.getConfiguration('opencode');
            const autoGenerateTitle = config.get<boolean>('autoGenerateSessionTitle', true);
            if (autoGenerateTitle) {
              const generatedTitle = TitleGeneratorService.generateTitle(text);
              await this.updateSessionTitle(session.id, generatedTitle);
            }
          }
    
          // Save user message to local history immediately, unless this is a retry
          if (!isRetry) {
            const persistedUserText =
              this.firstNonEmptyString(userFacingText, text) || text;
            const userMessage = {
              role: "user" as const,
              content: persistedUserText,
              text: persistedUserText,
              parts: [
                {
                  type: "text",
                  text: text,
                },
              ],
              images: imageUrls,
              time: {
                created: Date.now(),
              },
            };
            await this.sessionService.appendMessage(session.id, userMessage);
    
            this.view?.webview.postMessage({
              type: "userMessageAppended",
              message: userMessage,
            });
    
            await this.handleGetSessions();
          }
    
          log.debug(
            `Session ${session.id}: ${existingMessages.length} existing messages. isNew: ${isNewSession}`,
          );
    
          // Prepare message parts
          const parts: NonNullable<SessionPromptData["body"]>["parts"] = [
            {
              type: "text",
              text: text,
            },
          ];
    
          // Add context fragments if any
          if (contexts && contexts.length > 0) {
            for (const ctx of contexts) {
              parts.push({
                type: "text",
                text: `\`\`\`${ctx.languageId}\n// ${ctx.file}:${ctx.lineInfo}\n${ctx.content}\n\`\`\``,
              });
            }
          }
    
          if (recoveredContext?.transcript) {
            parts.push({
              type: "text",
              text: [
                "Recovered conversation context from the previous session ID",
                `(${recoveredContext.previousSessionId}).`,
                "Treat this as existing conversation history and continue from it.",
                "--- BEGIN RECOVERED CONTEXT ---",
                recoveredContext.transcript,
                "--- END RECOVERED CONTEXT ---",
              ].join("\n"),
            });
          }
    
          // Add file references if any
          // ... (rest of the file part logic remains the same)
    
          // Add file references if any
          if (files && files.length > 0) {
            const workspaceFolder = vscode.workspace.workspaceFolders?.[0];
            if (workspaceFolder) {
              for (const filePath of files) {
                try {
                  // Check if path is absolute
                  let absoluteUri: vscode.Uri;
                  if (path.isAbsolute(filePath)) {
                    absoluteUri = vscode.Uri.file(filePath);
                  } else {
                    absoluteUri = vscode.Uri.joinPath(
                      workspaceFolder.uri,
                      filePath,
                    );
                  }
    
                  const content = await vscode.workspace.fs.readFile(absoluteUri);
                  const textContent = new TextDecoder().decode(content);
    
                  parts.push({
                    type: "file",
                    mime: "text/plain",
                    filename: filePath.split(/[\\/]/).pop(),
                    url: `file://${filePath}`,
                    source: {
                      type: "file",
                      path: filePath,
                      text: {
                        value: textContent,
                        start: 0,
                        end: textContent.length,
                      },
                    },
                  });
                } catch (e) {
                  log.error(`Failed to read file ${filePath}`, { filePath }, e as Error);
                }
              }
            }
          }
    
          if (normalizedImages.length > 0) {
            for (const img of normalizedImages) {
              // Extract mime type from data URL, default to image/jpeg
              const mimeMatch = img.dataUrl.match(/^data:([^;]+);/);
              const mimeType = mimeMatch ? mimeMatch[1] : "image/jpeg";
    
              parts.push({
                type: "file",
                mime: mimeType,
                filename: img.filename || "image",
                url: img.dataUrl,
              });
            }
          }
    
          // Send the message using the SDK
          const startTime = Date.now();
          const useStructuredOutput =
            !retryWithoutStructuredOutput &&
            this.shouldUseStructuredOutput(
              this.getStructuredOutputModelKey(this.selectedModel.providerID, this.selectedModel.modelID)
            );
          const promptBody: NonNullable<SessionPromptData["body"]> = {
            model: this.selectedModel,
            agent: agent || this.selectedAgent,
            parts: parts,
          };
          const promptVariant = await this.resolvePromptVariant(session.id);
          if (promptVariant) {
            (promptBody as Record<string, unknown>).variant = promptVariant;
          }
          if (capturePromptDebug) {
            debugSessionId = session.id;
            await this.logPromptRequestPayload(
              session.id,
              promptBody,
              useStructuredOutput,
            );
          }
    
          const promptStartTime = Date.now();
          this.logger.info("⏳ [TIMING] Sending prompt to server...", {
            model: this.selectedModel.modelID,
            agent: agent || this.selectedAgent,
            partsCount: parts.length,
            hasFiles: Boolean(files?.length),
            hasContexts: Boolean(contexts?.length),
            hasImages: Boolean(images?.length),
          });
    
          const response = await this.promptWithStructuredOutput(
            client,
            session.id,
            promptBody,
            useStructuredOutput,
            {
              hasFiles: Boolean(files?.length),
              hasContexts: Boolean(contexts?.length),
              hasImages: Boolean(images?.length),
            },
          );
    
          const promptDuration = Date.now() - promptStartTime;
          this.logger.info(`✅ [TIMING] Prompt response received (${promptDuration}ms)`, {
            hasData: Boolean(response.data),
            hasError: Boolean(response.error),
            status: response.response?.status,
            messageId: (response.data as any)?.info?.id,
          });
    
          const duration = (Date.now() - startTime) / 1000;
          if (capturePromptDebug) {
            await this.logPromptResponsePayload(
              session.id,
              response,
              duration,
              useStructuredOutput,
            );
          }
    
          log.debug(`Response received in ${duration}s`, {
            hasData: Boolean(response.data),
            hasError: Boolean(response.error),
            status: response.response?.status,
            messageId: (response.data as any)?.info?.id,
          });
          if (response.data && capturePromptDebug) {
            this.logPromptResponseDiagnostics(session.id, response.data);
          }
    
          // Update budget info after successful send
          // Note: recordRequest() temporarily disabled - budget now reads from actual Copilot quota data
          if (!response.error) {
            // this.budgeter.recordRequest(); // DISABLED - was tracking all requests, not just Copilot
            this.sendBudgetInfo();
          }
    
          if (response.error) {
            const errorMessages = this.collectNormalizedErrorMessages(response.error);
            log.error("API error returned", {
              sessionId: session.id,
              error: response.error,
              status: response.response?.status,
              errorMessages,
            });
            this.logger.error("Prompt request failed", {
              sessionId: session.id,
              status: response.response?.status,
              errorMessages,
            });
    
            let errorMessage = this.extractDetailedErrorMessage(
              response.error,
              "Failed to send message",
            );
            if (this.shouldSuppressInteractiveAwaitTimeout(errorMessage)) {
              this.logger.info(
                "Suppressing timeout error while awaiting interactive response",
                {
                  sessionId: session.id,
                  errorMessage,
                },
              );
              return;
            }
            if (this.isLikelyInteractiveTransportFailure(errorMessage)) {
              const recovered = await this.tryRecoverTimedOutResponse(
                session.id,
                baselineAssistantMarker,
              );
              if (recovered) {
                this.logger.info(
                  "Recovered timed out prompt from session history without user retry",
                  {
                    sessionId: session.id,
                    errorMessage,
                  },
                );
                return;
              }
              if (
                !isRetry &&
                (this.awaitingInteractiveAnswer ||
                  this.isInInteractiveResponseTransition())
              ) {
                this.logger.warn(
                  "Interactive response transport failed; retrying once with existing payload",
                  {
                    sessionId: session.id,
                    errorMessage,
                  },
                );
                // Provide user feedback about the retry
                this.view?.webview.postMessage({
                  type: "info",
                  message: "Retrying interactive response...",
                  sessionId: session.id,
                });
                return this.handleSendMessage(
                  text,
                  files,
                  contexts,
                  images,
                  agent,
                  true,
                  recoveredContext,
                  retryWithoutStructuredOutput,
                  structuredFallbackReason,
                  userFacingText,
                );
              }
            }
    
            // Handle Session Not Found error (likely server restart)
            if (
              errorMessage.toLowerCase().includes("not found") &&
              errorMessage.toLowerCase().includes("session")
            ) {
              log.warn(
                `Session ${session.id} not found on server. Re-creating...`,
              );
              // Re-create the session on the server
              try {
                const newSession = await this.sessionService.createNewSession(
                  session.title,
                );
                log.info(
                  `Re-created session with new ID: ${newSession.id}`,
                );
    
                // Migrate local messages from old ID to new ID
                const localMessages = await this.sessionService.loadSessionMessages(
                  session.id,
                );
                await this.sessionService.saveSessionMessages(
                  newSession.id,
                  localMessages,
                );
                // Optionally delete old messages? No, leave them for now.
    
                // Set as current session and retry
                await this.sessionService.switchSession(newSession.id);
                this.subagentTracker.resetForSession(newSession.id);
    
                // Notify UI of the ID change if possible, or just refresh sessions
                await this.handleGetSessions();
    
                const recoveryTranscript =
                  this.buildRecoveredTranscript(localMessages);
                if (recoveryTranscript) {
                  await this.saveSessionRecoveryMap(session.id, newSession.id);
                }
                this.migrateSessionSettings(session.id, newSession.id);
                this.currentSessionId = newSession.id;
    
                // Retry sending (recursive call) with preserved context
                return this.handleSendMessage(
                  text,
                  files,
                  contexts,
                  images,
                  agent,
                  true,
                  recoveryTranscript
                    ? {
                      previousSessionId: session.id,
                      transcript: recoveryTranscript,
                    }
                    : undefined,
                  retryWithoutStructuredOutput,
                  structuredFallbackReason,
                );
              } catch (recreateError) {
                log.error(
                  "Failed to re-create session",
                  {},
                  recreateError as Error,
                );
              }
            }
    
            // Handle specific model not found error
            if (
              errorMessage.includes("ProviderModelNotFoundError") ||
              errorMessage.includes("ModelNotFoundError")
            ) {
              errorMessage +=
                "\n\nTIP: Try starting a new session (click +) to use the default model.";
            }
    
            const isStructuredOutputError =
              this.isStructuredOutputTransportError(errorMessage);
            if (isStructuredOutputError) {
              const modelKey = this.getSelectedStructuredOutputModelKey();
              if (modelKey) {
                this.structuredOutputIncompatibleModelKeys.add(modelKey);
              }
              if (!retryWithoutStructuredOutput) {
                const retryFlow = log.startFeatureFlow('StructuredOutputRetry', {
                  sessionId: session.id,
                  providerID: this.selectedModel.providerID,
                  modelID: this.selectedModel.modelID,
                  errorMessage,
                });
    
                this.logger.warn(
                  "Structured output failed; auto-retrying without schema",
                  {
                    sessionId: session.id,
                    providerID: this.selectedModel.providerID,
                    modelID: this.selectedModel.modelID,
                  },
                );
                log.featureStep(retryFlow, 'retrying_without_structured_output');
    
                const result = await this.handleSendMessage(
                  text,
                  files,
                  contexts,
                  images,
                  agent,
                  true,
                  recoveredContext,
                  true,
                  errorMessage,
                );
    
                log.endFeatureFlow(retryFlow, { status: 'completed', retrySuccess: true });
                return result;
              }
              errorMessage = [
                "Structured output error: the selected model/provider did not return a usable JSON payload.",
                "Retry without structured output to continue with a plain text response.",
                "",
                `Details: ${errorMessage}`,
              ].join("\n");
            }
    
            vscode.window.showErrorMessage(`OpenCode error: ${errorMessage}`);
            this.view?.webview.postMessage({
              type: "error",
              message: errorMessage,
            });
            return;
          }
    
          // Check for hidden errors in data (e.g. ModelNotFoundError returned as JSON)
          if (
            response.data &&
            (response.data as any).suggestions &&
            (response.data as any).modelID &&
            !(response.data as any).content
          ) {
            const errData = response.data as any;
            let errorMessage = `Model '${errData.modelID}' not found in provider '${errData.providerID}'.`;
            if (errData.suggestions && errData.suggestions.length > 0) {
              errorMessage += ` Did you mean: ${errData.suggestions.join(", ")}?`;
            }
            errorMessage +=
              "\n\nTIP: Check your model selection or local OpenCode configuration.";
    
            vscode.window.showErrorMessage(errorMessage);
            this.view?.webview.postMessage({
              type: "error",
              message: errorMessage,
            });
            return;
          }
    
          // Send response back to webview
          if (response.data) {
            const rawResponse = this.buildRawResponseDebugText(response.data);
            const structuredMessage = this.applyStructuredOutputToMessage(
              response.data,
            );
            const enrichedMessage = this.enrichMessageWithPlan(structuredMessage);
            const structuredFailureText = this.firstNonEmptyString(
              (enrichedMessage as any)?.error,
            );
            if (
              !retryWithoutStructuredOutput &&
              structuredFailureText &&
              this.isStructuredOutputFailureMessage(structuredFailureText)
            ) {
              const modelKey = this.getSelectedStructuredOutputModelKey();
              if (modelKey) {
                this.structuredOutputIncompatibleModelKeys.add(modelKey);
              }
              this.logger.warn(
                "Structured output payload unusable; auto-retrying without schema",
                {
                  sessionId: session.id,
                  providerID: this.selectedModel.providerID,
                  modelID: this.selectedModel.modelID,
                  reason: structuredFailureText,
                },
              );
              return this.handleSendMessage(
                text,
                files,
                contexts,
                images,
                agent,
                true,
                recoveredContext,
                true,
                structuredFailureText,
              );
            }
            const trackerSnapshotPayload = this.subagentTracker.getSnapshotPayload();
            const hasSubagentSignal =
              this.hasStructuredSubagentSignal(enrichedMessage);
            let assistantMessageId = this.extractMessageId(enrichedMessage);
            if (!assistantMessageId && hasSubagentSignal) {
              assistantMessageId = this.subagentTracker.getLatestParentMessageId(
                session.id,
              );
              if (assistantMessageId) {
                enrichedMessage.id = assistantMessageId;
              }
            }
            if (!assistantMessageId && hasSubagentSignal) {
              assistantMessageId = this.findLatestSubagentParentMessageIdForSession(
                trackerSnapshotPayload,
                session.id,
              );
              if (assistantMessageId) {
                enrichedMessage.id = assistantMessageId;
              }
            }
            if (assistantMessageId) {
              const hydratedSubagents =
                await this.subagentTracker.finalizeParentMessage({
                  client,
                  parentSessionId: session.id,
                  parentMessageId: assistantMessageId,
                });
              if (hydratedSubagents.length > 0) {
                enrichedMessage.subagents = hydratedSubagents;
                this.view?.webview.postMessage({
                  type: "subagentUpdate",
                  ...this.subagentTracker.getPayloadForParentMessage(
                    assistantMessageId,
                  ),
                });
              } else {
                let snapshotPayload = this.subagentTracker.getPayloadForParentMessage(
                  assistantMessageId,
                );
                const hydratedFromSnapshot = this.hydrateSubagentsFromPayload(
                  assistantMessageId,
                  snapshotPayload,
                  session.id,
                );
                if (hydratedFromSnapshot.length > 0) {
                  enrichedMessage.subagents = this.mergeSubagentEntries(
                    enrichedMessage.subagents,
                    hydratedFromSnapshot,
                  );
                } else if (hasSubagentSignal) {
                  const fallbackParentMessageId =
                    this.findLatestSubagentParentMessageIdForSession(
                      trackerSnapshotPayload,
                      session.id,
                    );
                  if (
                    fallbackParentMessageId &&
                    fallbackParentMessageId !== assistantMessageId
                  ) {
                    snapshotPayload =
                      this.subagentTracker.getPayloadForParentMessage(
                        fallbackParentMessageId,
                      );
                    const hydratedFallback = this.hydrateSubagentsFromPayload(
                      fallbackParentMessageId,
                      snapshotPayload,
                      session.id,
                    );
                    if (hydratedFallback.length > 0) {
                      enrichedMessage.subagents = this.mergeSubagentEntries(
                        enrichedMessage.subagents,
                        hydratedFallback,
                      );
                      if (!this.extractMessageId(enrichedMessage)) {
                        enrichedMessage.id = fallbackParentMessageId;
                      }
                    }
                  }
                }
              }
            } else if (hasSubagentSignal) {
              const fallbackParentMessageId =
                this.findLatestSubagentParentMessageIdForSession(
                  trackerSnapshotPayload,
                  session.id,
                );
              if (fallbackParentMessageId) {
                const snapshotPayload =
                  this.subagentTracker.getPayloadForParentMessage(
                    fallbackParentMessageId,
                  );
                const hydratedFallback = this.hydrateSubagentsFromPayload(
                  fallbackParentMessageId,
                  snapshotPayload,
                  session.id,
                );
                if (hydratedFallback.length > 0) {
                  enrichedMessage.subagents = this.mergeSubagentEntries(
                    enrichedMessage.subagents,
                    hydratedFallback,
                  );
                  if (!this.extractMessageId(enrichedMessage)) {
                    enrichedMessage.id = fallbackParentMessageId;
                  }
                }
              }
            }
    
            const normalizedFallbackReason = this.firstNonEmptyString(
              structuredFallbackReason,
            );
            const plainTextFallbackMetadata =
              retryWithoutStructuredOutput && normalizedFallbackReason
                ? {
                  plainTextFallback: true,
                  plainTextFallbackMessage:
                    "Structured output failed for this turn. Showing plain text response.",
                  plainTextFallbackReason: normalizedFallbackReason.slice(0, 500),
                }
                : undefined;
            const finalMessage = plainTextFallbackMetadata
              ? {
                ...enrichedMessage,
                ...plainTextFallbackMetadata,
              }
              : enrichedMessage;
    
            const debugMessage = {
              ...finalMessage,
              rawResponse,
            };
    
            // DEBUG: Log right after creating debugMessage
            log.debug('debugMessage created', {
              hasPlan: 'plan' in debugMessage,
              planFile: debugMessage.plan?.file,
              planKeys: debugMessage.plan ? Object.keys(debugMessage.plan) : [],
              hasStructuredOutput: 'structuredOutput' in debugMessage,
              structuredOutputResponseType: debugMessage.structuredOutput?.responseType,
              structuredOutputHasPlan: debugMessage.structuredOutput?.plan ? 'yes' : 'no',
              structuredOutputPlanFile: debugMessage.structuredOutput?.plan?.file
            });
    
            // Persist canonical assistant message without raw debug payload so
            // session storage/write path stays lightweight.
            await this.sessionService.appendMessage(session.id, {
              ...finalMessage,
              timing: {
                duration: duration,
              },
            });
            // Persist a hydrated override that *includes* rawResponse for reload parity.
            await this.persistSessionMessageOverride(session.id, {
              ...debugMessage,
              timing: {
                duration: duration,
              },
            });
            const snapshotFromFinalMessage = this.buildSubagentPayloadFromMessage(
              finalMessage,
              session.id,
            );
            if (snapshotFromFinalMessage) {
              await this.persistSubagentLiveState(
                session.id,
                snapshotFromFinalMessage,
              );
            }
    
            // DEBUG: Log message right before sending to webview
            log.debug('SENDING message to webview', {
              hasPlan: 'plan' in debugMessage,
              planKeys: debugMessage.plan ? Object.keys(debugMessage.plan) : [],
              planFile: debugMessage.plan?.file,
              messageType: debugMessage.type,
              messageResponse: debugMessage.responseType,
              structuredOutputResponseType: debugMessage.structuredOutput?.responseType,
              fullMessageKeys: Object.keys(debugMessage)
            });
    
            // Try to serialize to check for circular references
            try {
              const serialized = JSON.stringify(debugMessage);
              log.debug('Serialization check', {
                success: true,
                length: serialized.length,
                hasPlanInSerialized: serialized.includes('"plan"'),
                hasFileInSerialized: serialized.includes('"file"'),
                planSubstring: serialized.includes('"plan"') ? serialized.substring(serialized.indexOf('"plan"'), Math.min(serialized.indexOf('"plan"') + 300, serialized.length)) : 'NOT FOUND'
              });
            } catch (e) {
              log.debug('Serialization FAILED', { error: e });
            }
    
            this.view?.webview.postMessage({
              type: "messageResponse",
              message: {
                ...debugMessage,
                timing: {
                  duration: duration,
                },
              },
            });
    
            // Auto-compact if the context window is getting full.
            void this.maybeAutoCompact(session.id, response.data);
          } else {
            const noDataMessageText =
              "No final response payload was returned by the provider.";
            const rawResponse = this.buildRawResponseDebugText({
              status: response?.response?.status,
              data: response?.data,
              error: response?.error,
            });
            const fallbackMessage = {
              role: "assistant",
              content: noDataMessageText,
              parts: [{ type: "text", text: noDataMessageText }],
              rawResponse,
              timing: {
                duration: duration,
              },
            };
    
            await this.sessionService.appendMessage(session.id, fallbackMessage);
            this.view?.webview.postMessage({
              type: "messageResponse",
              message: fallbackMessage,
            });
            this.logger.warn("No response data received from OpenCode", {
              sessionId: session.id,
              status: response?.response?.status,
              hasError: Boolean(response?.error),
            });
          }
        } catch (error) {
          const totalDuration = Date.now() - overallStartTime;
          this.logger.error(`❌ [TIMING] Message failed after ${totalDuration}ms`, {
            error: String(error),
            sessionId: drainSessionId,
          });
    
          const errorMessage = this.extractDetailedErrorMessage(
            error,
            "Failed to send message",
          );
          if (this.shouldSuppressInteractiveAwaitTimeout(errorMessage)) {
            this.logger.info(
              "Suppressing thrown timeout while awaiting interactive response",
              {
                sessionId: drainSessionId,
                errorMessage,
              },
            );
            return;
          }
          if (
            drainSessionId &&
            this.isLikelyInteractiveTransportFailure(errorMessage)
          ) {
            const recovered = await this.tryRecoverTimedOutResponse(
              drainSessionId,
              baselineAssistantMarker,
            );
            if (recovered) {
              this.logger.info(
                "Recovered thrown timeout from session history without user retry",
                {
                  sessionId: drainSessionId,
                  errorMessage,
                },
              );
              return;
            }
            if (
              !isRetry &&
              (this.awaitingInteractiveAnswer ||
                this.isInInteractiveResponseTransition())
            ) {
              this.logger.warn(
                "Thrown interactive transport failure; retrying once with existing payload",
                {
                  sessionId: drainSessionId,
                  errorMessage,
                },
              );
              // Provide user feedback about the retry
              this.view?.webview.postMessage({
                type: "info",
                message: "Retrying interactive response...",
                sessionId: drainSessionId,
              });
              return this.handleSendMessage(
                text,
                files,
                contexts,
                images,
                agent,
                true,
                recoveredContext,
                retryWithoutStructuredOutput,
                structuredFallbackReason,
                userFacingText,
              );
            }
          }
          vscode.window.showErrorMessage(`Failed to send message: ${errorMessage}`);
          this.logger.error("Send message exception", {
            sessionId: drainSessionId,
            errorMessage,
            errorMessages: this.collectNormalizedErrorMessages(error),
          });
    
          // Show error in webview too
          this.view?.webview.postMessage({
            type: "error",
            message: errorMessage,
          });
        } finally {
          const totalDuration = Date.now() - overallStartTime;
          log.featureStep(flow, 'message_processing_completed', {
            duration: totalDuration,
            sessionId: drainSessionId,
            timestamp: new Date().toISOString(),
          });
    
          this.logger.info(`🏁 [TIMING] Message processing completed in ${totalDuration}ms`, {
            sessionId: drainSessionId,
            timestamp: new Date().toISOString(),
          });
    
          if (debugSessionId) {
            this.promptDebugBySession.delete(debugSessionId);
          }
          if (drainSessionId) {
            this.processingSessionIds.delete(drainSessionId);
            this.sendProcessingSessionsUpdate();
          }
          this.logger.info("Processing request finished", {
            sessionId: drainSessionId,
          });
          if (drainSessionId) {
            void this.handleExecuteQueue(drainSessionId);
          }
    
          // End feature flow tracking
          log.endFeatureFlow(flow, { status: 'completed', totalDuration });
        }
      }
    
      /**
       * Enriches a message with plan information if detected.
       * FORBIDDEN TO REMOVE: This logic ensures the Implementation Plan button appears,
       * which is a core feature for user transparency and workflow.
       */
      private async resolveStopSessionId(
        requestedSessionId?: string,
      ): Promise<string | undefined> {
        const explicitSessionId = this.firstNonEmptyString(requestedSessionId);
        if (explicitSessionId) {
          return explicitSessionId;
        }
    
        const activeSessionId = this.firstNonEmptyString(this.currentSessionId);
        if (activeSessionId) {
          return activeSessionId;
        }
    
        if (!this.isProcessingRequest) {
          return undefined;
        }
    
        try {
          const currentSession = await this.sessionService.getCurrentSession();
          return this.firstNonEmptyString(currentSession?.id);
        } catch (error) {
          log.warn(
            "Failed to resolve stop session from SessionService",
            { error },
          );
          return undefined;
        }
      }
    
      /**
       * Handles stopping a request
       */
      // FORBIDDEN TO REMOVE: Stop Request Button - backend handler required by webview to abort streaming requests
      private async handleStopRequest(sessionId?: string): Promise<void> {
        let resolvedSessionId: string | undefined;
        try {
          resolvedSessionId = await this.resolveStopSessionId(sessionId);
          if (!resolvedSessionId) {
            this.logger.warn("stopRequest ignored: no active session ID resolved");
            return;
          }
    
          const client = this.serverManager.getClient();
          if (!client) {
            this.logger.warn("stopRequest skipped: no client available", {
              sessionId: resolvedSessionId,
            });
            return;
          }
    
          this.logger.info("Stopping request", {
            sessionId: resolvedSessionId,
          });
    
          const workspaceDirectory = this.getWorkspaceDirectory();
          await client.session.abort({
            path: { id: resolvedSessionId },
            query: workspaceDirectory ? { directory: workspaceDirectory } : undefined,
          });
        } catch (error) {
          log.error("Failed to stop request", {}, error as Error);
        } finally {
          if (resolvedSessionId) {
            this.processingSessionIds.delete(resolvedSessionId);
            this.sendProcessingSessionsUpdate();
          }
          this.view?.webview.postMessage({
            type: "stopRequestHandled",
            sessionId: resolvedSessionId,
          });
          if (resolvedSessionId) {
            void this.handleExecuteQueue(resolvedSessionId);
          }
        }
      }
    
      /**
       * Returns the context token limit for the currently selected model, or
       * undefined if the model/limit is unknown.
       */
      /**
       * Checks whether the context window is at or above the auto-compact
       * threshold after a completed turn and, if so, triggers compaction
       * automatically so the next turn does not hit the limit.
       *
       * The threshold is intentionally set at 90 % so compaction runs while
       * there is still room for the summary that the compaction call itself
       * produces.
       */
      /**
       * Appends text to the prompt input
       */
      async appendToPrompt(text: string): Promise<void> {
        const value = typeof text === "string" ? text.trim() : "";
        if (!value) {
          return;
        }
        this.view?.webview.postMessage({
          type: "appendPrompt",
          message: {
            role: "user",
            content: value,
            parts: [{ type: "text", text: value }],
          },
        });
      }
    
      /**
       * Adds a context badge to the prompt input
       */
      async addContext(context: any): Promise<void> {
        this.view?.webview.postMessage({
          type: "addContext",
          context,
        });
      }
    
      /**
       * Automatically adds a context badge without overwriting manual ones
       */
      async autoAddContext(context: any): Promise<void> {
        this.view?.webview.postMessage({
          type: "addContext",
          context: { ...context, isAuto: true },
        });
      }
    
      /**
       * Clears any automatically added context
       */
      async clearAutoContext(): Promise<void> {
        this.view?.webview.postMessage({
          type: "clearAutoContext",
        });
      }
    
      async handlePlanProceed(payload: {
        rawPlan: string;
        comments: PlanProceedComment[];
        sourceFile?: string;
      }): Promise<void> {
        const rawPlan = typeof payload?.rawPlan === "string" ? payload.rawPlan : "";
        if (!rawPlan.trim()) {
          vscode.window.showErrorMessage(
            "Cannot proceed because implementation plan content is empty.",
          );
          return;
        }
        const comments = Array.isArray(payload?.comments) ? payload.comments : [];
        const hasChangeRequests = comments.some(
          (comment) => comment.text.trim().length > 0,
        );
    
        const commentLines = comments.map((comment) => {
          const textRef = comment.anchor?.selectedText
            ? `On text "${comment.anchor.selectedText}": `
            : "";
          return `- ${textRef}${comment.text}`;
        });
    
        const commentsMd =
          commentLines.length > 0
            ? `# Implementation Plan Comments\n\n${commentLines.join("\n")}`
            : "";
        const providedSourceFile = this.normalizePlanFileReference(
          payload?.sourceFile,
        );
        let planFilePath: string | undefined;
    
        if (providedSourceFile) {
          const diskPlan = await this.readPlanFileFromDisk(providedSourceFile);
          if (diskPlan) {
            planFilePath = providedSourceFile;
          } else {
            const preferredPath = this.resolvePlanFileCandidates(providedSourceFile)[0];
            planFilePath = await this.persistPlan(
              rawPlan,
              preferredPath,
            );
          }
        } else {
          const fallbackCandidates = this.prioritizePlanFileCandidates([
            ...this.extractMarkdownFileReferences(rawPlan),
            ...(await this.discoverLikelyPlanFileCandidates()),
          ]);
          for (const candidate of fallbackCandidates) {
            const diskPlan = await this.readPlanFileFromDisk(candidate);
            if (!diskPlan) {
              continue;
            }
            planFilePath = candidate;
            break;
          }
        }
    
        if (!planFilePath) {
          vscode.window.showErrorMessage(
            "Cannot proceed because the plan source file path is missing. Re-open the plan and try again.",
          );
          return;
        }
    
        let commentsFilePath: string | undefined;
        if (hasChangeRequests && commentsMd) {
          const ext = path.extname(planFilePath) || ".md";
          const baseName = path.basename(planFilePath, ext);
          commentsFilePath = path.join(
            path.dirname(planFilePath),
            `${baseName}_comments.md`,
          );
          try {
            await vscode.workspace.fs.writeFile(
              vscode.Uri.file(commentsFilePath),
              new TextEncoder().encode(commentsMd),
            );
          } catch (error) {
            const message = error instanceof Error ? error.message : String(error);
            vscode.window.showErrorMessage(
              `Cannot proceed because plan comments could not be written: ${message}`,
            );
            return;
          }
        }
    
        const proceedMessage = hasChangeRequests
          ? [
            "Proceed on this plan.",
            `The attached plan file \`${planFilePath}\` is the source of truth.`,
            `Apply all reviewer comments from attached file \`${commentsFilePath}\`, then execute the resulting plan.`,
            "Begin making real edits now and continue until the implementation is complete.",
            "Do not return only a status update.",
          ].join("\n")
          : [
            "Proceed on this plan.",
            `The attached plan file \`${planFilePath}\` is the source of truth.`,
            "Execute the plan step-by-step and implement the described changes now.",
            "Begin making real edits now and continue until the implementation is complete.",
            "Do not return only a status update.",
          ].join("\n");
    
        const attachedFiles =
          hasChangeRequests && commentsFilePath
            ? [planFilePath, commentsFilePath]
            : [planFilePath];
    
        // Post addPlanAttachment message to chat webview for the visual chip
        const planGoal =
          rawPlan.match(/^#\s+(.+)/m)?.[1]?.trim() ?? "Implementation Plan";
        const planBase64 = Buffer.from(rawPlan, "utf-8").toString("base64");
        const dataUrl = `data:text/markdown;base64,${planBase64}`;
        this.view?.webview.postMessage({
          type: "addPlanAttachment",
          payload: {
            id: `plan-${Date.now()}`,
            filename: `\uD83D\uDCCB Implementation Plan: ${planGoal}`,
            mimeType: "text/markdown",
            dataUrl,
          },
        });
    
        PlanViewProvider.closeCurrentPanel();
    
        // Fire and forget so the plan tab closes immediately and execution starts in chat.
        void this.handleSendMessage(
          proceedMessage,
          attachedFiles,
          undefined,
          undefined,
          "build",
          true,
        ).catch((err) => {
          const message = err instanceof Error ? err.message : String(err);
          vscode.window.showErrorMessage(`Failed to proceed with plan: ${message}`);
        });
      }
    
      private buildRecoveredTranscript(messages: unknown[]): string {
        if (!Array.isArray(messages) || messages.length === 0) {
          return "";
        }
    
        const maxChars = 24_000;
        const lines: string[] = [];
        let used = 0;
        const recent = messages.slice(-40);
    
        for (const msg of recent) {
          const rec = this.asRecord(msg);
          if (!rec) {
            continue;
          }
          const role =
            this.firstNonEmptyString(
              rec.role,
              rec.info && this.asRecord(rec.info)?.role,
            ) || "assistant";
          const content = this.extractMessageBodyText(rec);
          if (!content) {
            continue;
          }
          const line = `[${role}] ${content}`;
          if (used + line.length + 1 > maxChars) {
            break;
          }
          lines.push(line);
          used += line.length + 1;
        }
    
        return lines.join("\n");
      }
    
      /**
       * Helper: Get session settings
       * Retrieves session-specific settings (model, agent, thinking level)
       */
      private getSessionSettings(_sessionId: string): {
        selectedModel?: { modelID: string; providerID: string };
        selectedAgent?: string;
        thinkingLevel?: string;
      } {
        // This would be implemented to retrieve per-session settings
        // For now, return empty object
        return {};
      }
    
      /**
       * Helper: Apply session settings
       * Applies session-specific model, agent, and thinking level
       */
      private async applySessionSettings(sessionId: string): Promise<void> {
        return this.modelAndAgentManager.applySessionSettings(sessionId);
      }
    
      /**
       * Helper: Migrate session settings
       * Transfers settings from old session to new session
       */
      private migrateSessionSettings(
        oldSessionId: string,
        newSessionId: string
      ): void {
        const settings = this.getSessionSettings(oldSessionId);
        if (settings.selectedModel || settings.selectedAgent || settings.thinkingLevel) {
          // Save to new session using ModelAndAgentManager
          void this.persistSessionSettings(newSessionId, {
            providerID: settings.selectedModel?.providerID,
            modelID: settings.selectedModel?.modelID,
            agent: settings.selectedAgent,
            thinkingLevel: settings.thinkingLevel,
          });
        }
      }
    
      /**
       * Shows the skill installer modal in the webview
       */
      async showSkillInstaller(): Promise<void> {
        this.view?.webview.postMessage({
          type: "showSkillInstaller",
        });
      }
    
      /**
       * Opens the My Skills panel in the webview
       */
      async openMySkills(): Promise<void> {
        this.view?.webview.postMessage({
          type: "openMySkills",
        });
      }
    
      /**
       * Refreshes the skills list in the webview
       */
      async refreshSkills(): Promise<void> {
        // TEMPORARILY DISABLED: Don't load skills to avoid 700+ skills bottleneck
        this.logger.warn("⚠️ [PERF] Skills loading disabled temporarily");
        this.view?.webview.postMessage({
          type: "mySkills",
          skills: [], // Return empty array instead of loading all skills
        });
      }
    
      /**
       * Handles skill-related messages from the webview
       */
      private async handleSkillMessage(message: {
        type: string;
        [key: string]: unknown;
      }): Promise<void> {
        switch (message.type) {
          case "getMySkills": {
            // TEMPORARILY DISABLED: Don't load skills to avoid 700+ skills bottleneck
            this.logger.warn("⚠️ [PERF] getMySkills disabled temporarily");
            this.view?.webview.postMessage({ type: "mySkills", skills: [] });
            break;
          }
    
          case "installSkill": {
            const { source, data } = message;
            let result;
    
            if (source === "url") {
              result = await this.skillManager.installFromUrl(data as string, (progress) => {
                this.view?.webview.postMessage({ type: "installProgress", progress });
              });
            } else if (source === "file") {
              result = await this.skillManager.installFromFile(data as string);
            } else {
              result = { success: false, error: "Unknown installation source" };
            }
    
            if (result.success) {
              this.view?.webview.postMessage({ type: "skillInstalled", skill: result.skill });
            } else {
              this.view?.webview.postMessage({ type: "skillError", error: result.error });
            }
            break;
          }
    
          case "removeSkill": {
            const { name } = message;
            await this.skillManager.deleteSkill(name as string);
            this.view?.webview.postMessage({ type: "skillRemoved", name });
            break;
          }
    
          case "editSkill": {
            const { name, updates } = message;
            await this.skillManager.updateSkill(name as string, updates as any);
            const skill = await this.skillManager.getSkill(name as string);
            this.view?.webview.postMessage({ type: "skillInstalled", skill });
            break;
          }
    
          case "validateSkill": {
            const { skill } = message;
            const validation = this.skillManager.validateSkill(skill);
            if (!validation.valid) {
              this.view?.webview.postMessage({
                type: "skillError",
                error: "Validation failed",
                details: validation.errors,
              });
            }
            break;
          }
    
          default:
            this.logger.warn("Unknown skill message type:", { type: message.type });
        }
      }
    
      private async saveSessionRecoveryMap(
        previousSessionId: string,
        newSessionId: string,
      ): Promise<void> {
        if (
          !previousSessionId ||
          !newSessionId ||
          previousSessionId === newSessionId
        ) {
          return;
        }
        const existing =
          this.context.globalState.get<Record<string, string>>(
            "sessionRecoveryMap",
          ) ?? {};
        existing[previousSessionId] = newSessionId;
        await this.context.globalState.update("sessionRecoveryMap", existing);
      }
    
      /**
       * Handles viewing the implementation plan
       */
      /**
       * Handles opening the file picker
       */
      private async handleAttachFiles(): Promise<void> {
        const uris = await vscode.window.showOpenDialog({
          canSelectMany: true,
          openLabel: "Attach to Chat",
          filters: {
            "All Files": ["*"],
          },
        });
    
        if (uris && uris.length > 0) {
          // Convert URIs to relative paths or absolute paths for selection
          // For now, let's just send back the absolute paths as this is what the extension uses
          const files = uris.map((u) => u.fsPath);
    
          // We need a message type to receive these in the webview
          this.view?.webview.postMessage({
            type: "filesAttached",
            files,
          });
        }
      }
    
      private async handleAttachImage(): Promise<void> {
        const uris = await vscode.window.showOpenDialog({
          canSelectMany: true,
          openLabel: "Attach Images to Chat",
          filters: {
            Images: ["png", "jpg", "jpeg", "gif", "webp"],
          },
        });
    
        if (!uris || uris.length === 0) {
          return;
        }
    
        const images = [];
        for (const uri of uris) {
          try {
            const data = await vscode.workspace.fs.readFile(uri);
            const base64 = Buffer.from(data).toString("base64");
            const mimeType = this.getMimeType(uri.fsPath);
            images.push({
              dataUrl: `data:${mimeType};base64,${base64}`,
              filename: uri.fsPath.split(/[/\\]/).pop() || uri.fsPath,
              size: data.byteLength,
            });
          } catch (error) {
            log.error(`Failed to read image ${uri.fsPath}`, { uri: uri.fsPath }, error as Error);
          }
        }
    
        if (images.length > 0) {
          this.view?.webview.postMessage({
            type: "imagesAttached",
            images,
          });
        }
      }
    
      private getMimeType(filePath: string): string {
        const ext = filePath.split(".").pop()?.toLowerCase();
        const mimeMap: Record<string, string> = {
          png: "image/png",
          jpg: "image/jpeg",
          jpeg: "image/jpeg",
          gif: "image/gif",
          webp: "image/webp",
        };
        return mimeMap[ext || ""] || "image/png";
      }
    
      /**
       * Handles opening settings
       */
      private async handleOpenSettings(): Promise<void> {
        await vscode.commands.executeCommand(
          "workbench.action.openSettings",
          "@ext:OpenCode.opencode-vscode",
        );
      }
    
      /**
       * Handle mode toggle with logging
       */
      private async handleToggleMode(newMode: string): Promise<void> {
        const oldMode = this.currentMode;
        this.currentMode = newMode;
    
        // Only log the state change here, not in the message handler
        this.logger.logStateChange('current-mode', oldMode, newMode, 'mode-toggle');
    
        // Send mode update to webview
        this.view?.webview.postMessage({
          type: 'modeChanged',
          mode: newMode,
        });
      }
    
      /**
       * Refreshes the view with current state
       */
      private refreshView(): void {
        this.view?.webview.postMessage({
          type: "initState",
          serverStatus: this.serverManager.getStatus(),
          selectedModel: this.selectedModel,
          selectedAgent: this.selectedAgent,
          currentSessionId: this.currentSessionId,
          todoItems: this.loadPersistedTodos(this.currentSessionId).items,
        });
      }
    
      /**
       * Generates the HTML content for the webview
       */
      // FORBIDDEN TO REMOVE: React Chat Asset Contract - ensure <div id="root"> and chat.js/chat.css wiring remain intact
      private getHtmlContent(webview: vscode.Webview): string {
        const styleUri = webview.asWebviewUri(
          vscode.Uri.joinPath(
            this.context.extensionUri,
            "webview",
            "shared",
            "dist",
            "chat.css",
          ),
        );
        const scriptUri = webview.asWebviewUri(
          vscode.Uri.joinPath(
            this.context.extensionUri,
            "webview",
            "shared",
            "dist",
            "chat.js",
          ),
        );
    
        return `<!DOCTYPE html>
    <html lang="en">
    <head>
      <meta charset="UTF-8">
      <meta name="viewport" content="width=device-width, initial-scale=1.0">
      <meta http-equiv="Content-Security-Policy" content="default-src 'none'; img-src ${webview.cspSource} data: blob:; style-src ${webview.cspSource} 'unsafe-inline'; script-src ${webview.cspSource};">
      <link href="${styleUri}" rel="stylesheet">
      <title>OpenCode Chat</title>
    </head>
    <body>
      <div id="root"></div>
      <script type="module" src="${scriptUri}"></script>
    </body>
    </html>`;
      }
    
      /**
       * Handles file search requests from the webview
       */
      private async handleSearchFiles(query: string) {
        const flow = log.startFeatureFlow('FileSearch', { queryLength: query.length });
    
        if (!query) {
          log.endFeatureFlow(flow, { result: 'skipped', reason: 'Empty query' });
          this.view?.webview.postMessage({
            type: "fileSearchResults",
            results: [],
          });
          return;
        }
    
        try {
          log.featureStep(flow, 'searching_files', { query, maxResults: 20 });
          const startTime = Date.now();
    
          // Simple file search using VS Code API
          // Limit to 20 results for performance
          const files = await vscode.workspace.findFiles(
            `**/*${query}*`,
            "**/node_modules/**",
            20,
          );
    
          const duration = Date.now() - startTime;
          const results = files.map((f) => {
            const relativePath = vscode.workspace.asRelativePath(f);
            return {
              path: relativePath,
              name: relativePath.split(/[\\/]/).pop() || relativePath,
            };
          });
    
          log.featureStep(flow, 'search_completed', {
            resultCount: results.length,
            duration,
          });
    
          this.view?.webview.postMessage({
            type: "fileSearchResults",
            results: results,
          });
    
          log.endFeatureFlow(flow, { result: 'completed', resultCount: results.length, duration });
        } catch (error) {
          log.error('File search failed', { query }, error as Error);
          log.endFeatureFlow(flow, { result: 'failed', error: String(error) });
          this.view?.webview.postMessage({
            type: "fileSearchResults",
            results: [],
          });
        }
      }
    
      /**
       * Handles requests to get OpenCode configuration files
       */
      private async handleGetOpenCodeConfig(fileName?: string) {
        try {
          // Scan all JSON config files
          const configFiles = await this.configFilesProvider.scanFiles();
    
          // Determine which file to load
          let selectedFile: ConfigFile | undefined;
          if (fileName && configFiles.length > 0) {
            // Load specific file if requested
            selectedFile = configFiles.find(f => f.name === fileName || f.path === fileName);
          } else if (configFiles.length > 0) {
            // Default to first file (alphabetically sorted)
            selectedFile = configFiles[0];
          }
    
          if (!selectedFile) {
            // No config files found - send empty state with available files list
            this.view?.webview.postMessage({
              type: "opencodeConfigFiles",
              files: configFiles.map(f => ({
                name: f.name,
                path: f.path,
                lastModified: f.lastModified,
                size: f.size,
              })),
              currentFile: null,
            });
            return;
          }
    
          // Send config data with files list
          this.view?.webview.postMessage({
            type: "opencodeConfig",
            content: selectedFile.content,
            filePath: selectedFile.path,
            fileName: selectedFile.name,
            files: configFiles.map(f => ({
              name: f.name,
              path: f.path,
              lastModified: f.lastModified,
              size: f.size,
            })),
          });
        } catch (error) {
          this.logger.error("Failed to load OpenCode config", undefined, error instanceof Error ? error : new Error(String(error)));
          this.view?.webview.postMessage({
            type: "opencodeConfigError",
            error: error instanceof Error ? error.message : "Failed to load configuration",
          });
        }
      }
    
      /**
       * Handles requests to save OpenCode configuration
       */
      private async handleSaveOpenCodeConfig(content: string, filePath?: string) {
        const flow = log.startFeatureFlow('SaveConfig', { filePath, contentLength: content.length });
    
        try {
          if (!filePath) {
            log.endFeatureFlow(flow, { result: 'failed', reason: 'No file path provided' });
            throw new Error("File path is required for saving configuration");
          }
    
          log.featureStep(flow, 'saving_config_file', { filePath, contentLength: content.length });
          const result = await this.configFilesProvider.saveFile(filePath, content);
    
          this.view?.webview.postMessage({
            type: "opencodeConfigSaved",
            success: result.success,
            error: result.error,
            filePath,
          });
    
          if (result.success) {
            this.logger.info(`OpenCode config saved: ${filePath}`);
            log.endFeatureFlow(flow, { result: 'completed', filePath });
          } else {
            log.endFeatureFlow(flow, { result: 'failed', error: result.error });
          }
        } catch (error) {
          this.logger.error("Failed to save OpenCode config", undefined, error instanceof Error ? error : new Error(String(error)));
          log.endFeatureFlow(flow, { result: 'failed', error: String(error) });
          this.view?.webview.postMessage({
            type: "opencodeConfigSaved",
            success: false,
            error: error instanceof Error ? error.message : "Failed to save configuration",
            filePath,
          });
        }
      }
    
      /**
       * Reconciles the selected model against the fetched model catalog.
       *
       * Matching priority:
       * 1) exact providerID + modelID
       * 2) legacy fallback by modelID only when provider is missing/generic and match is unique
       *
       * We intentionally do NOT remap by modelID alone when multiple providers expose the same model.
       */
      /**
       * Resolves the default model from the CLI config
       */
      /**
       * Handles fetching available models from OpenCode
       */
      /**
       * Fetches slash commands from OpenCode SDK and sends them to the webview.
       * Uses a short-lived cache because commands are mostly static during a session.
       */
      /**
       * Handles fetching available agents via the OpenCode SDK and sends the list
       * to the webview. Falls back to a minimal built-in list if the server is
       * unavailable.
       */
      // ─── Per-session settings helpers ────────────────────────────────────────
    
      /** Returns the full persisted map of all session settings. */
      /**
       * Returns the persisted settings for a specific session.
       * Returns an empty object when no settings have been saved yet.
       */
      /**
       * Merges `partial` into the persisted settings for `sessionId` and saves
       * the updated map back to global state.
       */
      /**
       * Loads the persisted settings for `sessionId` and applies them to the
       * provider's in-memory state (`selectedAgent`, `selectedModel`).
       * Fields that have no saved value are left unchanged.
       */
      /**
       * Fetches MCP server status from the OpenCode SDK and forwards it to the
       * webview. The webview dispatches `SET_MCP_SERVERS` from the `mcpStatus`
       * message. Tool IDs are fetched in parallel so each server row can show its
       * list of tools when the user expands it.
       */
      private async handleGetMcpStatus(): Promise<void> {
        const flow = log.startFeatureFlow('GetMcpStatus', {});
    
        try {
          log.featureStep(flow, 'fetching_mcp_status');
          const client = await this.serverManager.ensureRunning();
    
          log.featureStep(flow, 'fetching_mcp_and_tool_data');
          const [mcpRes, toolIdsRes] = await Promise.all([
            client.mcp.status(),
            client.tool.ids().catch(() => ({ data: [] })),
          ]);
    
          const servers = mcpRes.data ?? {};
          const toolIds: string[] = Array.isArray(toolIdsRes?.data)
            ? toolIdsRes.data
            : [];
    
          log.featureStep(flow, 'sending_status_to_webview', {
            serverCount: Object.keys(servers).length,
            toolCount: toolIds.length,
          });
    
          this.view?.webview.postMessage({
            type: "mcpStatus",
            servers,
            toolIds,
          });
    
          log.info(
            `MCP status sent: ${Object.keys(servers).length} server(s), ${toolIds.length} tool(s)`,
          );
    
          log.endFeatureFlow(flow, { result: 'completed', serverCount: Object.keys(servers).length, toolCount: toolIds.length });
        } catch (err) {
          log.error(
            "handleGetMcpStatus failed",
            {},
            err instanceof Error ? err : undefined,
          );
          log.endFeatureFlow(flow, { result: 'failed', error: String(err) });
        }
      }
    
      /**
       * Fetches LSP server status from the OpenCode SDK and forwards it to the
       * webview. The webview dispatches `SET_LSP_SERVERS` from the `lspStatus`
       * message.
       */
      private async handleGetLspStatus(): Promise<void> {
        const flow = log.startFeatureFlow('GetLspStatus', {});
    
        try {
          log.featureStep(flow, 'fetching_server_status');
          const client = await this.serverManager.ensureRunning();
          const workspaceDir = this.getWorkspaceDirectory();
    
          log.featureStep(flow, 'fetching_lsp_status', { workspaceDir });
          // Pass directory parameter to LSP status endpoint so the server
          // can detect language servers for the current workspace
          const res = workspaceDir
            // eslint-disable-next-line @typescript-eslint/no-explicit-any
            ? await client.lsp.status({ directory: workspaceDir } as any)
            : await client.lsp.status();
    
          const servers = Array.isArray(res.data) ? res.data : [];
    
          log.featureStep(flow, 'sending_status_to_webview', { serverCount: servers.length });
          this.view?.webview.postMessage({
            type: "lspStatus",
            servers,
          });
    
          log.info(
            `LSP status sent: ${servers.length} server(s)` +
            (workspaceDir ? ` for workspace: ${workspaceDir}` : ""),
          );
    
          log.endFeatureFlow(flow, { result: 'completed', serverCount: servers.length });
        } catch (err) {
          log.error(
            "handleGetLspStatus failed",
            {},
            err instanceof Error ? err : undefined,
          );
          log.endFeatureFlow(flow, { result: 'failed', error: String(err) });
        }
      }
    
      /**
       * Ensures a default primary agent is selected for the current session.
       * Falls back to "build" (the built-in default primary agent) if nothing
       * has been persisted.
       */
      private async syncCLIAgents(): Promise<void> {
        if (!this.selectedAgent) {
          this.selectedAgent = "build";
          log.info("No agent set, defaulting to 'build'");
        }
      }
    
      private async handleReviewChanges() {
        try {
          const workspaceFolder = vscode.workspace.workspaceFolders?.[0];
          if (!workspaceFolder) {
            await vscode.commands.executeCommand("workbench.view.scm");
            return;
          }
    
          const cwd = workspaceFolder.uri.fsPath;
          const runGit = (...args: string[]): Promise<string> =>
            new Promise((resolve, reject) => {
              cp.execFile(
                "git",
                args,
                { cwd, maxBuffer: 10 * 1024 * 1024 },
                (err, stdout) => {
                  if (err && err.code !== 1) {
                    reject(err);
                  } else {
                    resolve(stdout);
                  }
                },
              );
            });
    
          const diffOutput = await runGit("diff", "HEAD");
    
          // Include untracked files as pseudo-diffs
          const untrackedFilesOutput = await runGit(
            "ls-files",
            "--others",
            "--exclude-standard",
          );
          const untrackedFiles = untrackedFilesOutput
            .split("\n")
            .filter((f) => f.trim());
    
          let allDiffs = diffOutput;
          for (const file of untrackedFiles) {
            try {
              const fileUri = vscode.Uri.file(path.join(cwd, String(file)));
              const content = await vscode.workspace.fs.readFile(fileUri);
              const text = new TextDecoder().decode(content);
              const lines = text.split("\n");
              const pseudoDiff = [
                `--- /dev/null`,
                `+++ b/${file.replace(/\\/g, "/")}`,
                `@@ -0,0 +1,${lines.length} @@`,
                ...lines.map((l) => `+${l}`),
                "",
              ].join("\n");
              allDiffs += (allDiffs ? "\n" : "") + pseudoDiff;
            } catch (e: any) {
              log.warn(
                `Failed to read untracked file ${String(file)}: ${e instanceof Error ? e.message : String(e)}`,
                { file: String(file) },
              );
            }
          }
    
          if (allDiffs) {
            const diffFiles = this.parseUnifiedDiff(allDiffs);
            if (diffFiles.length > 0) {
              await vscode.commands.executeCommand("opencode.showDiffReview", {
                files: diffFiles,
              });
              return;
            }
          }
    
          // Fallback to SCM view if no diffs found
          await vscode.commands.executeCommand("workbench.view.scm");
        } catch (error: any) {
          vscode.window.showErrorMessage(
            `Failed to open changes: ${error.message}`,
          );
        }
      }
    
      private buildDiffExcerpt(diffOutput: string): {
        header?: string;
        lines: string[];
        added?: number;
        deleted?: number;
      } | undefined {
        const diffFiles = this.parseUnifiedDiff(diffOutput);
        if (diffFiles.length === 0) {
          return undefined;
        }
        const firstFile = diffFiles[0];
        const firstHunk = Array.isArray(firstFile.hunks) ? firstFile.hunks[0] : undefined;
        if (!firstHunk || !Array.isArray(firstHunk.lines) || firstHunk.lines.length === 0) {
          return undefined;
        }
        return {
          header: typeof firstHunk.header === "string" ? firstHunk.header : undefined,
          lines: firstHunk.lines.slice(0, 40).map((line: unknown) =>
            typeof line === "string" ? line.slice(0, 300) : "",
          ),
          added:
            typeof firstFile.added === "number" && Number.isFinite(firstFile.added)
              ? firstFile.added
              : undefined,
          deleted:
            typeof firstFile.deleted === "number" && Number.isFinite(firstFile.deleted)
              ? firstFile.deleted
              : undefined,
        };
      }
    
      private async getDiffActivityEnrichment(
        filePath: string,
      ): Promise<
        | {
          diffStats?: { added: number; deleted: number };
          diffExcerpt?: { header?: string; lines: string[]; added?: number; deleted?: number };
        }
        | undefined
      > {
        try {
          const workspaceFolder = vscode.workspace.workspaceFolders?.[0];
          if (!workspaceFolder) return undefined;
    
          const fullPath = path.isAbsolute(filePath)
            ? filePath
            : path.join(workspaceFolder.uri.fsPath, filePath);
          const cwd = workspaceFolder.uri.fsPath;
    
          const runGit = (...args: string[]): Promise<string> =>
            new Promise((resolve, reject) => {
              cp.execFile(
                "git",
                args,
                { cwd, maxBuffer: 10 * 1024 * 1024 },
                (err, stdout) => {
                  if (err && err.code !== 1) {
                    reject(err);
                  } else {
                    resolve(stdout);
                  }
                },
              );
            });
    
          let diffOutput = "";
          try {
            diffOutput = await runGit("diff", "HEAD", "--", fullPath);
            if (!diffOutput) {
              diffOutput = await runGit("diff", "--cached", "--", fullPath);
            }
            if (!diffOutput) {
              // New file fallback
              try {
                const fileUri = vscode.Uri.file(fullPath);
                const content = await vscode.workspace.fs.readFile(fileUri);
                const text = new TextDecoder().decode(content);
                const lines = text.split("\n");
                return {
                  diffStats: { added: lines.length, deleted: 0 },
                  diffExcerpt: {
                    header: `@@ -0,0 +1,${lines.length} @@`,
                    lines: lines.slice(0, 40).map((line) => `+${line.slice(0, 299)}`),
                    added: lines.length,
                    deleted: 0,
                  },
                };
              } catch {
                return undefined;
              }
            }
          } catch {
            return undefined;
          }
    
          if (diffOutput) {
            const diffFiles = this.parseUnifiedDiff(diffOutput);
            if (diffFiles.length > 0 && diffFiles[0]) {
              return {
                diffStats: {
                  added: diffFiles[0].added,
                  deleted: diffFiles[0].deleted,
                },
                diffExcerpt: this.buildDiffExcerpt(diffOutput),
              };
            }
          }
          return undefined;
        } catch (error) {
          log.error("getDiffActivityEnrichment error", {}, error as Error);
          return undefined;
        }
      }
    
      private async handleOpenDiff(filePath: string) {
        try {
          const workspaceFolder = vscode.workspace.workspaceFolders?.[0];
          if (!workspaceFolder) return;
    
          const fullPath = path.isAbsolute(filePath)
            ? filePath
            : path.join(workspaceFolder.uri.fsPath, filePath);
          const fileUri = vscode.Uri.file(fullPath);
          const cwd = workspaceFolder.uri.fsPath;
    
          const runGit = (...args: string[]): Promise<string> =>
            new Promise((resolve, reject) => {
              cp.execFile(
                "git",
                args,
                { cwd, maxBuffer: 10 * 1024 * 1024 },
                (err, stdout) => {
                  // exit code 1 from git diff means there are changes (not an error)
                  if (err && err.code !== 1) {
                    reject(err);
                  } else {
                    resolve(stdout);
                  }
                },
              );
            });
    
          let diffOutput = "";
          try {
            // Try HEAD diff first (tracked modified file)
            diffOutput = await runGit("diff", "HEAD", "--", fullPath);
            if (!diffOutput) {
              // Maybe the file is staged but not committed — try staged diff
              diffOutput = await runGit("diff", "--cached", "--", fullPath);
            }
            if (!diffOutput) {
              // New untracked file: generate a pseudo-diff showing full content as additions
              const content = await vscode.workspace.fs.readFile(fileUri);
              const text = new TextDecoder().decode(content);
              const lines = text.split("\n");
              diffOutput = [
                `--- /dev/null`,
                `+++ b/${filePath.replace(/\\/g, "/")}`,
                `@@ -0,0 +1,${lines.length} @@`,
                ...lines.map((l) => `+${l}`),
              ].join("\n");
            }
          } catch (e) {
            log.warn(`git diff failed: ${e instanceof Error ? e.message : String(e)}`, {});
          }
    
          if (diffOutput) {
            const diffFiles = this.parseUnifiedDiff(diffOutput);
            if (diffFiles.length > 0) {
              await vscode.commands.executeCommand("opencode.showDiffReview", {
                files: diffFiles,
              });
              return;
            }
          }
    
          // Absolute fallback: open the file normally
          await vscode.commands.executeCommand("vscode.open", fileUri);
        } catch (error: any) {
          vscode.window.showErrorMessage(`Failed to open diff: ${error.message}`);
        }
      }
    
      private parseUnifiedDiff(diff: string): any[] {
        const files: any[] = [];
        const lines = diff.split("\n");
        let currentFile: any = null;
        let currentHunk: any = null;
    
        for (const line of lines) {
          if (line.startsWith("--- ") || line.startsWith("+++ ")) {
            const isNew = line.startsWith("+++ ");
            const pathMatch = line.match(/^\+\+\+ (?:b\/)?(.*)$/);
            if (isNew && pathMatch) {
              if (currentFile) files.push(currentFile);
              currentFile = {
                path: pathMatch[1],
                added: 0,
                deleted: 0,
                hunks: [],
              };
            }
            continue;
          }
    
          if (line.startsWith("@@ ")) {
            if (!currentFile) continue;
            currentHunk = {
              header: line,
              lines: [],
            };
            currentFile.hunks.push(currentHunk);
            continue;
          }
    
          if (currentHunk) {
            if (line.startsWith("+")) {
              currentFile.added++;
              currentHunk.lines.push(line);
            } else if (line.startsWith("-")) {
              currentFile.deleted++;
              currentHunk.lines.push(line);
            } else if (line.startsWith(" ") || line === "") {
              currentHunk.lines.push(line);
            }
          }
        }
    
        if (currentFile) files.push(currentFile);
        return files;
      }
    
      /**
       * Handles opening a file in the editor
       */
      private async handleOpenFile(filePath: string) {
        try {
          const workspaceFolder = vscode.workspace.workspaceFolders?.[0];
          if (!workspaceFolder) return;
    
          const fullPath = path.isAbsolute(filePath)
            ? filePath
            : path.join(workspaceFolder.uri.fsPath, filePath);
          const fileUri = vscode.Uri.file(fullPath);
    
          await vscode.commands.executeCommand("vscode.open", fileUri);
        } catch (error: unknown) {
          const msg = error instanceof Error ? error.message : JSON.stringify(error);
          vscode.window.showErrorMessage(`Failed to open file: ${msg}`);
        }
      }
    
      // PROMPT-OWNERSHIP: do not modify — transport-only path
      /**
       * Removes a message from a session queue
       */
      /**
       * Clears the prompt queue for a given session
       */
      /**
       * Executes a session queue sequentially. Only one queue drain can run at a time.
       */
      /**
       * Sends the current budget status to the webview
       */
      private sendBudgetInfo() {
        try {
          // Get actual Copilot quota data from QuotaService
          const quotaData = this.quotaService.cachedData;
          const copilotPlatform = quotaData?.platforms?.find(
            (p) => p.platform === "github-copilot",
          );
    
          if (!copilotPlatform) {
            return;
          }
    
          // Extract data from Copilot quota
          const copilotQuota = copilotPlatform.quotas?.[0]; // "Premium" quota
          if (!copilotQuota) {
            return;
          }
    
          // Parse "usedTotalDisplay" which is in format "X / Y"
          const usedTotalMatch =
            copilotQuota.usedTotalDisplay?.match(/(\d+)\s*\/\s*(\d+)/);
          const totalUsed = usedTotalMatch ? parseInt(usedTotalMatch[1], 10) : 0;
          const monthlyQuota = usedTotalMatch
            ? parseInt(usedTotalMatch[2], 10)
            : 300;
    
          // Calculate daily allowance
          const today = new Date();
          const todayStr = today.toISOString().split("T")[0];
          const daysInMonth = new Date(
            today.getFullYear(),
            today.getMonth() + 1,
            0,
          ).getDate();
          const dayOfMonth = today.getDate();
          const dailyAllowance = Math.ceil(monthlyQuota / daysInMonth);
    
          // --- NEW ACCURATE USAGE CALCULATION ---
          // Get baseline for today. If none exists, this is the first time we're seeing
          // quota data today, so current totalUsed becomes the baseline.
          let baseline = this.budgeter.getBaselineForDate(todayStr);
          if (baseline === null) {
            this.budgeter.setBaselineForDate(todayStr, totalUsed);
            baseline = totalUsed;
          }
    
          // Today's usage is the difference between current total and morning's baseline
          const usedToday = Math.max(0, totalUsed - baseline);
          // --------------------------------------
    
          // Calculate accumulated budget up to today (days passed × daily allowance)
          const budgetSoFar = dayOfMonth * dailyAllowance;
    
          // Available today = (accumulated budget - baseline) - used today
          // Simplified: accumulated budget - totalUsed
          const availableToday = Math.max(0, budgetSoFar - totalUsed);
    
          const remainingToday = Math.max(0, dailyAllowance - usedToday);
    
          // Project monthly usage (current rate × days in month)
          const projectedMonthlyUsage =
            dayOfMonth > 0 ? Math.round((totalUsed / dayOfMonth) * daysInMonth) : 0;
    
          // Determine warning level
          let warningLevel: "ok" | "warning" | "critical" = "ok";
          if (remainingToday === 0) {
            warningLevel = "critical";
          } else if (remainingToday < dailyAllowance * 0.3) {
            warningLevel = "warning";
          }
    
          // Generate advice
          const advice: string[] = [];
          if (remainingToday === 0) {
            advice.push(
              "⚠️ You've used your available requests for today. Consider reducing usage to avoid running out this month.",
            );
          } else if (availableToday > dailyAllowance * 2) {
            advice.push(
              `💡 You have ${availableToday} requests available today (including ${availableToday - dailyAllowance
              } unused from previous days)!`,
            );
          } else if (projectedMonthlyUsage > monthlyQuota) {
            advice.push(
              `🚨 At your current rate, you'll exceed your monthly quota! Try to stay under ${dailyAllowance} requests/day.`,
            );
          } else if (warningLevel === "ok") {
            advice.push(
              `✅ You have ${remainingToday} requests available today. Base daily allowance: ${dailyAllowance}.`,
            );
          }
    
          const budgetInfo = {
            planName: copilotPlatform.accountLabel?.replace(/[()]/g, "") || "Pro",
            monthlyQuota: monthlyQuota,
            usedToday: usedToday,
            dailyAllowance: dailyAllowance,
            availableToday: availableToday,
            remainingToday: remainingToday,
            daysRemaining: daysInMonth - dayOfMonth + 1,
            projectedMonthlyUsage: projectedMonthlyUsage,
            warningLevel: warningLevel,
            advice: advice,
          };
    
          this.view?.webview.postMessage({
            type: "budgetInfo",
            data: budgetInfo,
          });
        } catch (error) {
          log.error("Failed to send budget info", {}, error as Error);
        }
      }
    
      /**
       * Sends the current queue state to the webview
       */
      public dispose(): void {
        if (this.unsubscribe) {
          this.unsubscribe();
          this.unsubscribe = undefined;
        }
        this.streamService.dispose();
        this.quotaService.dispose();
        this.fileThemeProcessor.unsubscribe(this);
        this.isBootstrappingWebview = false;
        this.hasInitializedWebview = false;
        this.sessionsListRequestVersion = 0;
        this.lastSessionsPayloadFingerprint = undefined;
        this.queueBySessionId.clear();
        this.view = undefined;
    
        // Clear any pending todo persistence timer
        if (this.todoPersistenceTimer) {
          clearTimeout(this.todoPersistenceTimer);
          this.todoPersistenceTimer = null;
        }
      }
    
      // --- File Icon Theme Sync Methods ---
    
      /**
       * Called when the file theme processor state changes.
       */
      public notify(state: FileThemeProcessorState): void {
        if (state === "ready") {
          this.sendThemeDataToWebview();
        }
      }
    
      /**
       * Generates and sends the file theme CSS to the webview.
       */
      private async sendThemeDataToWebview(): Promise<void> {
        if (!this.view) {
          return;
        }
    
        try {
          const themeData = this.fileThemeProcessor.getThemeData();
          if (!themeData.data || !themeData.themeId) {
            return;
          }
    
          const cssData = this.cssGenerator.getCss(
            themeData.data,
            themeData.themeId,
            this.view.webview,
          );
          const combinedCss = `${cssData.fontFaceCss}\n${cssData.iconCss}`;
          this.currentThemeCss = combinedCss;
    
          // Update localResourceRoots to include theme extension paths
          if (themeData.localResourceRoots.length > 0) {
            const roots = [
              this.context.extensionUri,
              ...themeData.localResourceRoots.map((root) => vscode.Uri.file(root)),
            ];
            this.view.webview.options = {
              ...this.view.webview.options,
              localResourceRoots: roots,
            };
          }
    
          await this.view.webview.postMessage({
            type: "injectThemeCss",
            css: combinedCss,
          });
          log.debug("Injected theme CSS into webview");
        } catch (error) {
          log.error(
            "Failed to send theme data to webview",
            {},
            error as Error,
          );
        }
      }
    }
    
    
    /* FILE: E:\Projects\vscode-opencode\src\providers\chat\HistoryProcessor.ts */
    
    /**
     * HistoryProcessor Module
     *
     * All logic for transforming raw SDK messages into renderable history for the webview.
     *
     * Extracted from ChatViewProvider.ts (~750 lines)
     */
    
    import * as vscode from "vscode";
    import type { StructuredOutputProcessor } from "./StructuredOutputProcessor";
    import type { StructuredAssistantOutput } from "./types";
    
    export class HistoryProcessor {
      constructor(
        private workspaceState: vscode.Memento,
        private logger: ReturnType<typeof import("../../utils/Logger").createLogger>,
        private structuredOutputProcessor: StructuredOutputProcessor,
        private asRecord: (value: unknown) => Record<string, unknown> | undefined,
        private firstNonEmptyString: (...values: unknown[]) => string | undefined,
        private isLikelyToolCallTranscript: (text: string) => boolean,
        private extractMessageBodyText: (message: any) => string,
        private planManager?: any,
      ) { }
    
      /**
       * Normalize plan-proceed user messages
       */
      private normalizePlanProceedUserMessage(message: any): any {
        if (!this.planManager) return message;
        return this.planManager.normalizePlanProceedUserMessage(message);
      }
    
      /**
       * Apply structured output to message
       */
      private applyStructuredOutputToMessage(
        message: any,
        options?: { allowSyntheticFallbackError?: boolean },
      ): any {
        if (!message) return message;
    
        // Detect abort errors early
        const messageInfoError = message?.info?.error ?? message?.error;
        if (messageInfoError?.name === "MessageAbortedError") {
          return { ...message, aborted: true };
        }
    
        // Get role
        const role = this.firstNonEmptyString(
          message?.info?.role,
          message?.role,
        )?.toLowerCase();
    
        // System messages get a default structured output
        if (role === "system") {
          return {
            ...message,
            responseType: "system",
            structuredOutput: {
              responseType: "system",
            },
          };
        }
    
        // Extract any structured output from the message
        const structured = this.structuredOutputProcessor.extractStructuredOutput(message);
    
        if (!structured) {
          // No structured output - return message with default
          const bodyText = this.extractMessageBodyText(message);
          if (role === "assistant" && bodyText) {
            return {
              ...message,
              structuredOutput: {
                responseType: "message",
                message: bodyText,
              },
              content: bodyText,
            };
          }
          return message;
        }
    
        // Apply the extracted structured output to the message
        return this.structuredOutputProcessor.applyStructuredOutputToMessage(
          message,
          structured,
        ) || message;
      }
    
      /**
       * Enrich message with plan information
       */
      private enrichMessageWithPlan(message: any): any {
        return this.structuredOutputProcessor.enrichMessageWithPlan(message);
      }
    
      /**
       * Get storage key for message overrides
       */
      getMessageOverrideStorageKey(messageId: string): string {
        return `opencode.messageOverride.${messageId}`;
      }
    
      /**
       * Load session message overrides
       */
      async loadSessionMessageOverrides(sessionId: string): Promise<Record<string, any>> {
        const key = `opencode.session.messageOverrides.${sessionId}`;
        const raw = this.workspaceState.get<Record<string, any>>(key);
        return raw || {};
      }
    
      /**
       * Persist session message override
       */
      async persistSessionMessageOverride(
        sessionId: string,
        override: any,
      ): Promise<void> {
        const overrides = await this.loadSessionMessageOverrides(sessionId);
        const messageId = this.extractHistoryMessageId(override);
        if (messageId) {
          overrides[messageId] = override;
        }
        const key = `opencode.session.messageOverrides.${sessionId}`;
        await this.workspaceState.update(key, overrides);
      }
    
      /**
       * Persist the final assistant debug message override for session hydration parity.
       * Ensures rawResponse is retained on reload so the hydrated view matches the live session view.
       */
      async handleSendMessage(session: { id: string }, debugMessage: any, duration: number): Promise<void> {
        await this.persistSessionMessageOverride(session.id, {
          ...debugMessage,
          timing: {
            duration: duration,
          },
        });
      }
    
      /**
       * Apply session message overrides to messages
       */
      async applySessionMessageOverrides(
        sessionId: string,
        messages: any[],
      ): Promise<any[]> {
        const overrides = await this.loadSessionMessageOverrides(sessionId);
        if (Object.keys(overrides).length === 0) {
          return messages;
        }
    
        return messages.map((message) => {
          const messageId = this.extractHistoryMessageId(message);
          if (!messageId || !overrides[messageId]) {
            return message;
          }
    
          const override = overrides[messageId];
          return {
            ...message,
            ...override,
            id: messageId,
          };
        });
      }
    
      /**
       * Clear session message overrides
       */
      async clearSessionMessageOverrides(sessionId: string): Promise<void> {
        const key = `opencode.session.messageOverrides.${sessionId}`;
        await this.workspaceState.update(key, undefined);
      }
    
      /**
       * Process history messages for rendering.
       * Canonical pipeline: normalize → structured output → filter → dedup → coalesce.
       */
      processHistoryMessages(rawMessages: any[], sessionId: string): any[] {
        if (!Array.isArray(rawMessages) || rawMessages.length === 0) {
          return [];
        }
    
        const processed = rawMessages
          .map((rawMessage: any) => {
            const message =
              rawMessage && typeof rawMessage === "object"
                ? { ...rawMessage }
                : rawMessage;
            const normalizedMessage = this.normalizePlanProceedUserMessage(message);
            const structured = this.applyStructuredOutputToMessage(normalizedMessage, {
              allowSyntheticFallbackError: false,
            });
            return this.enrichMessageWithPlan(structured);
          })
          .filter((message) => this.isRenderableHistoryMessage(message));
    
        const ordered = this.orderHistoryMessagesChronologically(processed);
        const dedupedUserMessages = this.dedupeUserMessagesByContent(ordered);
        const deduped = this.dedupeMirrorHistoryMessages(dedupedUserMessages);
        const mergedActivity = this.mergeAdjacentAssistantActivityMessages(deduped);
        return this.mergeConsecutiveAssistantBursts(mergedActivity);
      }
    
      private orderHistoryMessagesChronologically(messages: any[]): any[] {
        if (!Array.isArray(messages) || messages.length <= 1) {
          return messages;
        }
    
        const decorated = messages.map((message, index) => ({
          message,
          index,
          createdAt: this.historyMessageCreatedAt(message),
          role: this.firstNonEmptyString(
            message?.role,
            message?.info?.role,
            message?.sender,
          )?.toLowerCase(),
        }));
    
        decorated.sort((a, b) => {
          if (
            typeof a.createdAt === "number" &&
            Number.isFinite(a.createdAt) &&
            typeof b.createdAt === "number" &&
            Number.isFinite(b.createdAt)
          ) {
            if (a.createdAt !== b.createdAt) {
              return a.createdAt - b.createdAt;
            }
    
            // For same-timestamp turns, keep user input ahead of assistant output.
            if (a.role === "user" && b.role === "assistant") {
              return -1;
            }
            if (a.role === "assistant" && b.role === "user") {
              return 1;
            }
          }
    
          // Preserve original order when timestamps are unavailable/ambiguous.
          return a.index - b.index;
        });
    
        return decorated.map((entry) => entry.message);
      }
    
      /**
       * Merge adjacent assistant activity messages
       */
      public mergeAdjacentAssistantActivityMessages(messages: any[]): any[] {
        const result: any[] = [];
        for (const message of messages) {
          if (!this.isActivityOnlyAssistantMessage(message)) {
            result.push(message);
            continue;
          }
    
          const last = result[result.length - 1];
          const lastId = this.extractHistoryMessageId(last);
          const currentId = this.extractHistoryMessageId(message);
          if (
            last &&
            this.isActivityOnlyAssistantMessage(last) &&
            lastId &&
            currentId &&
            lastId === currentId
          ) {
            const merged = this.mergeMessageParts([last, message]);
            result[result.length - 1] = merged;
          } else {
            result.push(message);
          }
        }
        return result;
      }
    
      /**
       * Merge consecutive assistant bursts
       */
      public mergeConsecutiveAssistantBursts(messages: any[]): any[] {
        const result: any[] = [];
        let currentBurst: any[] = [];
    
        for (const message of messages) {
          const role = this.firstNonEmptyString(
            message?.role,
            message?.info?.role,
            message?.sender,
          )?.toLowerCase();
          const isAssistant = role === "assistant";
          if (!isAssistant) {
            if (currentBurst.length > 0) {
              result.push(this.coalesceAssistantBurst(currentBurst));
              currentBurst = [];
            }
            result.push(message);
            continue;
          }
    
          const previous = currentBurst[currentBurst.length - 1];
          if (
            previous &&
            !this.shouldMergeAssistantBurstMessages(previous, message)
          ) {
            result.push(this.coalesceAssistantBurst(currentBurst));
            currentBurst = [];
          }
    
          currentBurst.push(message);
        }
    
        if (currentBurst.length > 0) {
          result.push(this.coalesceAssistantBurst(currentBurst));
        }
    
        return result;
      }
    
      private shouldMergeAssistantBurstMessages(previous: any, next: any): boolean {
        if (!previous || !next) {
          return false;
        }
        const previousActivityOnly = this.isActivityOnlyAssistantMessage(previous);
        const nextActivityOnly = this.isActivityOnlyAssistantMessage(next);
        // Never collapse distinct user-facing assistant replies into one message.
        if (!previousActivityOnly && !nextActivityOnly) {
          return false;
        }
    
        const previousId = this.extractHistoryMessageId(previous);
        const nextId = this.extractHistoryMessageId(next);
        return Boolean(previousId && nextId && previousId === nextId);
      }
    
      /**
       * Coalesce assistant burst into single message
       */
      private coalesceAssistantBurst(burst: any[]): any {
        if (burst.length === 0) return null;
        if (burst.length === 1) return burst[0];
    
        const base = { ...(burst[burst.length - 1] || burst[0] || {}) };
    
        const appendUnique = (target: any[], incoming: any[]): void => {
          if (!Array.isArray(incoming) || incoming.length === 0) {
            return;
          }
          const seen = new Set(target.map((entry) => JSON.stringify(entry)));
          for (const item of incoming) {
            const key = JSON.stringify(item);
            if (!seen.has(key)) {
              seen.add(key);
              target.push(item);
            }
          }
        };
    
        base.parts = Array.isArray(base.parts) ? [...base.parts] : [];
        base.subagents = Array.isArray(base.subagents) ? [...base.subagents] : [];
        base.interactiveEvents = Array.isArray(base.interactiveEvents)
          ? [...base.interactiveEvents]
          : [];
        base.progressUpdates = Array.isArray(base.progressUpdates)
          ? [...base.progressUpdates]
          : [];
        base.reasoning = Array.isArray(base.reasoning) ? [...base.reasoning] : [];
    
        let latestRawResponse: unknown = base.rawResponse;
    
        for (const message of burst) {
          appendUnique(base.parts, Array.isArray(message?.parts) ? message.parts : []);
          appendUnique(
            base.subagents,
            Array.isArray(message?.subagents) ? message.subagents : [],
          );
          appendUnique(
            base.interactiveEvents,
            Array.isArray(message?.interactiveEvents)
              ? message.interactiveEvents
              : [],
          );
          appendUnique(
            base.progressUpdates,
            Array.isArray(message?.progressUpdates) ? message.progressUpdates : [],
          );
          appendUnique(
            base.reasoning,
            Array.isArray(message?.reasoning) ? message.reasoning : [],
          );
    
          const structured = this.structuredOutputProcessor.extractStructuredOutput(message);
          if (structured) {
            base.structuredOutput = structured;
          }
          if (message && "rawResponse" in message) {
            latestRawResponse = message.rawResponse;
          }
        }
    
        base.rawResponse = latestRawResponse;
        base.content = this.extractMessageBodyText(base);
        return base;
      }
    
      /**
       * Merge message parts
       */
      private mergeMessageParts(messages: any[]): any {
        if (messages.length === 0) return null;
        if (messages.length === 1) return messages[0];
    
        const first = messages[0];
        const merged: any = { ...first };
    
        merged.parts = messages.flatMap((m) => m.parts || []);
        merged.content = this.extractMessageBodyText(merged);
    
        return merged;
      }
    
      /**
       * Get history part fingerprint
       */
      private historyPartFingerprint(part: any): string | undefined {
        if (!part) return undefined;
        const text = this.firstNonEmptyString(part.text, part.content);
        if (typeof text !== "string" || !text) return undefined;
        return `${part.type || "text"}:${text.slice(0, 100)}`;
      }
    
      /**
       * Check if message is assistant history message
       */
      private isAssistantHistoryMessage(message: any): boolean {
        return message?.role === "assistant" || message?.sender === "assistant";
      }
    
      /**
       * Check if message is activity-only assistant message
       */
      private isActivityOnlyAssistantMessage(message: any): boolean {
        if (!this.isAssistantHistoryMessage(message)) return false;
    
        const hasRenderableText = Boolean(
          this.extractMessageBodyText(message)?.trim()
        );
        if (hasRenderableText) return false;
    
        const hasActivity =
          (Array.isArray(message.subagents) && message.subagents.length > 0) ||
          (Array.isArray(message.interactiveEvents) && message.interactiveEvents.length > 0) ||
          (Array.isArray(message.progressUpdates) && message.progressUpdates.length > 0);
    
        return hasActivity;
      }
    
      /**
       * Check if message has renderable history payload
       */
      private hasRenderableHistoryPayload(message: any): boolean {
        if (!message || typeof message !== "object") return false;
        if (this.isInternalSystemReminderMessage(message)) {
          return false;
        }
    
        // FIX: Check assistant messages with parts FIRST, before any other checks.
        // This ensures question-type messages with parts but no text content are preserved.
        // Prevents regression where assistant messages disappear after session restart.
        const role = message.role || message.info?.role;
        if (role === "assistant" && Array.isArray(message.parts) && message.parts.length > 0) {
          return true;
        }
    
        if (this.extractMessageBodyText(message)?.trim()) return true;
        if (message.structuredOutput) return true;
        if (Array.isArray(message.subagents) && message.subagents.length > 0) return true;
        if (Array.isArray(message.interactiveEvents) && message.interactiveEvents.length > 0) return true;
        if (Array.isArray(message.progressUpdates) && message.progressUpdates.length > 0) return true;
        return false;
      }
    
      /**
       * Check if message is internal system reminder
       */
      private isInternalSystemReminderMessage(message: any): boolean {
        if (!message || typeof message !== "object") return false;
    
        const role = this.firstNonEmptyString(
          message?.role,
          message?.info?.role,
        )?.toLowerCase().trim();
        if (role !== "user" && role !== "system") return false;
    
        const text = this.extractMessageBodyText(message);
        if (!text) return false;
    
        if (this.isPlanProceedMessageText(text)) {
          return false;
        }
    
        const normalized = text.trim().toLowerCase();
    
        // Check for square-bracketed system messages at the start (e.g., [analyze-mode], [background task completed])
        const bracketPattern = /^\[[a-z][a-z0-9_\- ]*\]/i;
        const hasBracketPrefix = bracketPattern.test(text.trim());
    
        return (
          normalized.includes("<system-reminder>") ||
          normalized.includes("<auto-slash-command>") ||
          normalized.includes("<!-- omo_internal_initiator -->") ||
          hasBracketPrefix ||
          (normalized.includes("[search-model]") && normalized.includes("maximize search effort")) ||
          normalized.startsWith("system reminder") ||
          normalized.startsWith("internal reminder") ||
          normalized.includes("reminder: you can")
        );
      }
    
      /**
       * Check if text is plan-proceed message
       */
      private isPlanProceedMessageText(text: string): boolean {
        if (!text) return false;
        const lower = text.toLowerCase().trim();
        return lower === "proced" || lower === "proceed" || lower === "let's proceed" || lower === "ok, proceed";
      }
    
      /**
       * Check if message is renderable history message
       */
      isRenderableHistoryMessage(message: any): boolean {
        if (!message) return false;
        // Don't filter out system reminder messages - they will be converted to system role
        // and rendered with the SystemMessage component
        if (this.isInternalSystemReminderMessage(message)) return true;
        return this.hasRenderableHistoryPayload(message);
      }
    
      /**
       * Dedupe mirror history messages
       */
      public dedupeMirrorHistoryMessages(messages: any[]): any[] {
        const seen = new Set<string>();
        return messages.filter((message) => {
          const fingerprint = this.historyMessageFingerprint(message);
          if (!fingerprint) return true;
    
          if (seen.has(fingerprint)) {
            return false;
          }
          seen.add(fingerprint);
          return true;
        });
      }
    
      /**
       * Dedupe user messages with identical content
       * This fixes duplicate "Plan Approved" messages that may occur during hydration
       */
      private dedupeUserMessagesByContent(messages: any[]): any[] {
        if (!Array.isArray(messages) || messages.length <= 1) {
          return messages;
        }
    
        const deduped: any[] = [];
        const seenUserContents = new Set<string>();
    
        for (const message of messages) {
          const role = this.firstNonEmptyString(
            message?.role,
            message?.info?.role,
            message?.sender,
          )?.toLowerCase();
    
          if (role !== "user") {
            deduped.push(message);
            continue;
          }
    
          const content = this.extractMessageBodyText(message);
          if (!content) {
            deduped.push(message);
            continue;
          }
    
          const normalizedContent = content.trim();
          if (seenUserContents.has(normalizedContent)) {
            this.logger.debug("[HistoryProcessor] Skipping duplicate user message", {
              content: normalizedContent.substring(0, 100),
              totalSkipped: seenUserContents.size,
            });
            continue;
          }
    
          seenUserContents.add(normalizedContent);
          deduped.push(message);
        }
    
        if (deduped.length < messages.length) {
          this.logger.debug("[HistoryProcessor] User message deduplication complete", {
            inputCount: messages.length,
            outputCount: deduped.length,
            duplicatesRemoved: messages.length - deduped.length,
          });
        }
    
        return deduped;
      }
    
      /**
       * Check if messages are mirror history messages (i.e., represent the same logical message).
       * Preserves intentional idless repeats by returning false when both have no ID.
       */
      private areMirrorHistoryMessages(a: any, b: any): boolean {
        const existingId = this.extractHistoryMessageId(a);
        const incomingId = this.extractHistoryMessageId(b);
    
        if (existingId && incomingId) {
          if (existingId === incomingId) return true;
          // Both have non-synthetic IDs that differ — not mirrors
          if (!this.isSyntheticLocalMessageId(existingId) && !this.isSyntheticLocalMessageId(incomingId)) {
            return false;
          }
          // At least one is synthetic — fall through to timestamp proximity check
        } else if (!existingId && !incomingId) {
          // Both idless — do not collapse intentional idless repeats
          return false;
        }
    
        const existingCreatedAt = this.historyMessageCreatedAt(a);
        const incomingCreatedAt = this.historyMessageCreatedAt(b);
        if (
          typeof existingCreatedAt !== "number" ||
          typeof incomingCreatedAt !== "number"
        ) {
          return false;
        }
        return Math.abs(existingCreatedAt - incomingCreatedAt) <= 15_000;
      }
    
      /**
       * Extract history message ID
       */
      extractHistoryMessageId(message: any): string | undefined {
        return this.firstNonEmptyString(
          message?.id,
          message?.messageId,
          message?.info?.id,
        );
      }
    
      /**
       * Get history message created at timestamp
       */
      private historyMessageCreatedAt(message: any): number | undefined {
        const info = this.asRecord(message?.info);
        const infoTime = this.asRecord(info?.time);
        const time = this.asRecord(message?.time);
    
        const numericCandidates = [
          infoTime?.created,
          time?.created,
          info?.createdAt,
          info?.timestamp,
          message?.createdAt,
          message?.timestamp,
        ];
        for (const candidate of numericCandidates) {
          if (typeof candidate === "number" && Number.isFinite(candidate)) {
            return candidate;
          }
        }
    
        const stringCandidates = [
          this.firstNonEmptyString(
            info?.createdAt,
            info?.timestamp,
            message?.createdAt,
            message?.timestamp,
          ),
        ];
        for (const candidate of stringCandidates) {
          if (!candidate) {
            continue;
          }
          const parsed = new Date(candidate).getTime();
          if (Number.isFinite(parsed)) {
            return parsed;
          }
        }
    
        return undefined;
      }
    
      /**
       * Get history message fingerprint
       */
      historyMessageFingerprint(message: any): string | undefined {
        const id = this.extractHistoryMessageId(message);
        const role = this.firstNonEmptyString(message?.role, message?.sender);
        const rawContent = this.extractMessageBodyText(message);
        const content = typeof rawContent === "string" ? rawContent.slice(0, 200) : undefined;
    
        if (!id && !role && !content) return undefined;
    
        const parts = [];
        if (id) parts.push(`id:${id}`);
        if (role) parts.push(`role:${role}`);
        if (typeof content === "string" && content) parts.push(`content:${content.slice(0, 100)}`);
    
        return parts.join("|");
      }
    
      /**
       * Get history message richness score
       */
      private historyMessageRichnessScore(message: any): number {
        let score = 0;
    
        const content = this.extractMessageBodyText(message);
        if (content) score += Math.min(content.length / 100, 10);
    
        if (Array.isArray(message.subagents)) score += message.subagents.length * 2;
        if (Array.isArray(message.interactiveEvents)) score += message.interactiveEvents.length * 2;
        if (Array.isArray(message.progressUpdates)) score += message.progressUpdates.length;
        if (message.structuredOutput) score += 5;
        if (Array.isArray(message.reasoning)) score += message.reasoning.length * 0.5;
    
        return score;
      }
    
      /**
       * Pick richer history message
       */
      private pickRicherHistoryMessage(a: any, b: any): any {
        const scoreA = this.historyMessageRichnessScore(a);
        const scoreB = this.historyMessageRichnessScore(b);
        return scoreA >= scoreB ? a : b;
      }
    
      /**
       * Pick canonical history message ID from a group of messages.
       * Prefers non-synthetic IDs when available.
       */
      private pickCanonicalHistoryMessageId(messages: any[]): string | undefined {
        const ids = messages
          .map((m) => this.extractHistoryMessageId(m))
          .filter((id): id is string => Boolean(id));
    
        if (ids.length === 0) return undefined;
    
        // Prefer a non-synthetic ID
        const preferred = ids.find((id) => !this.isSyntheticLocalMessageId(id));
        return preferred ?? ids[0];
      }
    
      /**
       * Check if message ID is synthetic
       */
      private isSyntheticLocalMessageId(id: string): boolean {
        if (!id) return false;
        return id.startsWith("msg_local_") || id.startsWith("local-");
      }
    
      /**
       * Get latest assistant history marker
       */
      public getLatestAssistantHistoryMarker(messages: any[]): {
        id?: string;
        fingerprint?: string;
        createdAt?: number;
        richness: number;
      } {
        if (!Array.isArray(messages) || messages.length === 0) {
          return {
            id: undefined,
            fingerprint: undefined,
            createdAt: undefined,
            richness: -1,
          };
        }
    
        let latest: any = null;
        let latestScore = -1;
    
        for (const message of messages) {
          if (!this.isAssistantHistoryMessage(message)) continue;
    
          const richness = this.historyMessageRichnessScore(message);
          if (richness <= latestScore) continue;
    
          latest = message;
          latestScore = richness;
        }
    
        return {
          id: this.extractHistoryMessageId(latest),
          fingerprint: this.historyMessageFingerprint(latest),
          createdAt: latest ? this.historyMessageCreatedAt(latest) : undefined,
          richness: latestScore,
        };
      }
    
      /**
       * Check if assistant history has advanced
       */
      public hasAssistantHistoryAdvanced(
        currentMessages: any[] | { id?: string; fingerprint?: string; createdAt?: number; richness?: number } | undefined,
        previousMessages: any[] | { id?: string; fingerprint?: string; createdAt?: number; richness?: number } | undefined,
      ): boolean {
        const asMarker = (
          value:
            | any[]
            | { id?: string; fingerprint?: string; createdAt?: number; richness?: number }
            | undefined,
        ): { id?: string; fingerprint?: string; createdAt?: number; richness: number } | undefined => {
          if (!value) {
            return undefined;
          }
          if (Array.isArray(value)) {
            const marker = this.getLatestAssistantHistoryMarker(value);
            return marker.id || marker.fingerprint || typeof marker.createdAt === "number"
              ? marker
              : undefined;
          }
          if (typeof value === "object") {
            return {
              id: typeof value.id === "string" ? value.id : undefined,
              fingerprint:
                typeof value.fingerprint === "string" ? value.fingerprint : undefined,
              createdAt:
                typeof value.createdAt === "number" && Number.isFinite(value.createdAt)
                  ? value.createdAt
                  : undefined,
              richness:
                typeof value.richness === "number" && Number.isFinite(value.richness)
                  ? value.richness
                  : 0,
            };
          }
          return undefined;
        };
    
        const currentMarker = asMarker(currentMessages);
        const previousMarker = asMarker(previousMessages);
    
        if (!currentMarker) {
          return false;
        }
        if (!previousMarker) {
          return true;
        }
    
        if (currentMarker.id && previousMarker.id && currentMarker.id !== previousMarker.id) {
          return true;
        }
        if (currentMarker.id && !previousMarker.id) {
          return true;
        }
        if (
          currentMarker.fingerprint &&
          previousMarker.fingerprint &&
          currentMarker.fingerprint !== previousMarker.fingerprint
        ) {
          return true;
        }
        if (currentMarker.fingerprint && !previousMarker.fingerprint) {
          return true;
        }
        if (
          typeof currentMarker.createdAt === "number" &&
          typeof previousMarker.createdAt === "number" &&
          currentMarker.createdAt > previousMarker.createdAt + 1000
        ) {
          return true;
        }
    
        return currentMarker.richness > previousMarker.richness + 12;
      }
    }
    
    
    /* FILE: E:\Projects\vscode-opencode\src\providers\chat\StructuredOutputProcessor.ts */
    
    /**
     * StructuredOutputProcessor Module
     *
     * Handles all structured output parsing, normalization, validation,
     * and message enrichment.
     *
     * Extracted from ChatViewProvider.ts (~900 lines across multiple sections)
     */
    
    import type {
      StructuredAssistantOutput,
    } from "./types";
    import {
      structuredOutputSchema,
    } from "../../shared/structuredOutputSchema";
    import {
      sanitizeStructuredOutput,
      validateStructuredOutput,
    } from "../../shared/structuredOutputValidator";
    import { STRUCTURED_RESPONSE_TYPES } from "./types";
    import type { PlanManager } from "./PlanManager";
    import { PlanParser } from "../../services/PlanParser";
    
    export class StructuredOutputProcessor {
      private structuredOutputMode: "format" | "outputFormat" | "disabled" = "format";
      private readonly structuredValidationFailureCounters = new Map<string, number>();
      private readonly structuredOutputIncompatibleModelKeys = new Set<string>();
    
      constructor(
        private logger: ReturnType<typeof import("../../utils/Logger").createLogger>,
        private asRecord: (value: unknown) => Record<string, unknown> | undefined,
        private firstNonEmptyString: (...values: unknown[]) => string | undefined,
        private planManager: PlanManager,
      ) { }
    
      private persistPlan(
        content: string,
        preferredPath?: string,
      ): Promise<string | undefined> {
        return this.planManager.persistPlan(content, preferredPath);
      }
    
      /**
       * Get the structured output format for API requests
       */
      getStructuredOutputFormat(): Record<string, unknown> {
        const topLevel = structuredOutputSchema as unknown as Record<string, unknown>;
        const schemaRecord = this.asRecord(topLevel.schema);
        const properties = this.asRecord(schemaRecord?.properties) ?? {};
        const required = Array.isArray(schemaRecord?.required)
          ? (schemaRecord?.required as string[]).filter(
            (item) => typeof item === "string" && item.trim().length > 0,
          )
          : ["responseType"];
        const allOf = Array.isArray(schemaRecord?.allOf)
          ? schemaRecord.allOf
          : undefined;
    
        // Send a docs-style minimal JSON schema to maximize compatibility across providers.
        return {
          type: "json_schema",
          retryCount:
            typeof topLevel.retryCount === "number" ? topLevel.retryCount : 1,
          schema: {
            type: "object",
            properties,
            required,
            ...(allOf ? { allOf } : {}),
          },
        };
      }
    
      /**
       * Check if structured output should be used for the given model
       */
      shouldUseStructuredOutput(modelKey: string): boolean {
        if (this.structuredOutputMode === "disabled") {
          return false;
        }
        if (this.structuredOutputIncompatibleModelKeys.has(modelKey)) {
          return false;
        }
        return true;
      }
    
      /**
       * Get the structured output model key
       */
      getStructuredOutputModelKey(modelKey: string): string {
        if (this.structuredOutputMode === "outputFormat") {
          return modelKey;
        }
        return modelKey;
      }
    
      /**
       * Get the selected structured output model key
       */
      getSelectedStructuredOutputModelKey(): string | undefined {
        return undefined;
      }
    
      /**
       * Check if text is likely a tool call transcript
       */
      isLikelyToolCallTranscript(text: string): boolean {
        if (!text || typeof text !== "string") return false;
        const lower = text.toLowerCase().trim();
        if (lower.length < 50) return false;
    
        const toolCallIndicators = [
          "tool call",
          "tool_calls",
          "function call",
          "function_calls",
          "tooluse",
          "tool use",
          "tool result",
          "tool_output",
          "tool output",
        ];
    
        const hasToolCallPrefix = toolCallIndicators.some((indicator) =>
          lower.startsWith(indicator)
        );
    
        if (hasToolCallPrefix) return true;
    
        const hasJsonStructure =
          lower.includes("{") &&
          (lower.includes('"tool"') || lower.includes('"function"')) &&
          lower.includes('"name"');
    
        return hasJsonStructure;
      }
    
      /**
       * Normalize error candidate
       */
      normalizeErrorCandidate(value: unknown): string | undefined {
        if (typeof value === "string") {
          return value.trim();
        }
        const rec = this.asRecord(value);
        if (!rec) return undefined;
        return this.firstNonEmptyString(rec.message, rec.error, rec.detail);
      }
    
      /**
       * Check if message is a generic error message
       */
      isGenericErrorMessage(message: string): boolean {
        const genericPatterns = [
          "an error occurred",
          "something went wrong",
          "there was an error",
          "an error has occurred",
          "error processing your request",
          "unable to process",
          "failed to process",
        ];
        const lower = message.toLowerCase().trim();
        return genericPatterns.some((pattern) => lower.includes(pattern));
      }
    
      /**
       * Check if message is a structured output transport error
       */
      isStructuredOutputTransportError(message: string): boolean {
        const transportErrorPatterns = [
          "failed to parse structured output",
          "invalid structured output",
          "malformed structured output",
          "structured output validation failed",
          "unable to parse structured output",
        ];
        const lower = message.toLowerCase().trim();
        return transportErrorPatterns.some((pattern) => lower.includes(pattern));
      }
    
      /**
       * Check if message is a structured output failure message
       */
      isStructuredOutputFailureMessage(message: string): boolean {
        const failurePatterns = [
          "structured output failed",
          "failed to generate structured output",
          "could not produce structured output",
          "structured output error",
        ];
        const lower = message.toLowerCase().trim();
        return failurePatterns.some((pattern) => lower.includes(pattern));
      }
    
      /**
       * Check if message is likely an interactive await timeout error
       */
      isLikelyInteractiveAwaitTimeoutError(message: string): boolean {
        const timeoutPatterns = [
          "timeout",
          "timed out",
          "expired",
          "took too long",
          "exceeded time limit",
        ];
        const lower = message.toLowerCase().trim();
        return timeoutPatterns.some((pattern) => lower.includes(pattern));
      }
    
      /**
       * Check if stream payload has blocking interactive event
       */
      hasBlockingInteractiveInStreamPayload(event: unknown): boolean {
        const rec = this.asRecord(event);
        if (!rec) return false;
    
        const structured = this.asRecord(rec.structured);
        const structuredOutput = this.asRecord(rec.structuredOutput);
    
        const interactiveEvents =
          (Array.isArray(structured?.interactiveEvents)
            ? structured.interactiveEvents
            : undefined) ||
          (Array.isArray(structuredOutput?.interactiveEvents)
            ? structuredOutput.interactiveEvents
            : undefined);
    
        if (!interactiveEvents || interactiveEvents.length === 0) {
          return false;
        }
    
        const firstEvent = interactiveEvents[0];
        if (!firstEvent || typeof firstEvent !== "object") {
          return false;
        }
    
        const eventType = this.firstNonEmptyString(
          firstEvent.type,
          (firstEvent as Record<string, unknown>).question,
          (firstEvent as Record<string, unknown>).confirm,
        );
    
        return Boolean(eventType);
      }
    
      /**
       * Collect error message candidates from error object
       */
      collectErrorMessageCandidates(error: unknown): string[] {
        const candidates: string[] = [];
    
        if (!error) return candidates;
    
        const rec = this.asRecord(error);
        if (!rec) {
          if (typeof error === "string") {
            candidates.push(error);
          }
          return candidates;
        }
    
        const message = this.firstNonEmptyString(rec.message, rec.error);
        if (message) candidates.push(message);
    
        const details = rec.details;
        if (Array.isArray(details)) {
          for (const detail of details) {
            const msg = this.normalizeErrorCandidate(detail);
            if (msg) candidates.push(msg);
          }
        } else if (details) {
          const msg = this.normalizeErrorCandidate(details);
          if (msg) candidates.push(msg);
        }
    
        const response = this.asRecord(rec.response);
        if (response) {
          const responseMessage = this.firstNonEmptyString(
            response.message,
            response.error,
          );
          if (responseMessage) candidates.push(responseMessage);
        }
    
        return candidates;
      }
    
      /**
       * Extract error message from error object
       */
      extractErrorMessage(error: unknown, fallback: string): string {
        const candidates = this.collectErrorMessageCandidates(error);
        if (candidates.length === 0) return fallback;
        return candidates[0] || fallback;
      }
    
      /**
       * Collect normalized error messages
       */
      collectNormalizedErrorMessages(error: unknown): string[] {
        const candidates = this.collectErrorMessageCandidates(error);
        return candidates.filter((msg) => !this.isGenericErrorMessage(msg));
      }
    
      /**
       * Extract detailed error message
       */
      private extractDetailedErrorMessage(error: unknown, fallback: string): string {
        const normalized = this.collectNormalizedErrorMessages(error);
        if (normalized.length > 0) {
          const detailLines = normalized.map((detail) => `- ${detail}`);
          return `${fallback}\n\nDetails:\n${detailLines.join("\n")}`;
        }
        return this.extractErrorMessage(error, fallback);
      }
    
      /**
       * Check if part is a reasoning part
       */
      isReasoningPartLike(part: unknown): boolean {
        const rec = this.asRecord(part);
        if (!rec) return false;
        const type = this.firstNonEmptyString(rec.type);
        return Boolean(
          type &&
          (type.toLowerCase().includes("reasoning") ||
            type.toLowerCase().includes("thinking") ||
            typeof rec.reasoning !== "undefined" ||
            typeof rec.thought !== "undefined" ||
            typeof rec.thinking !== "undefined"),
        );
      }
    
      /**
       * Check if part is renderable text
       */
      isRenderableTextPart(part: unknown): boolean {
        const rec = this.asRecord(part);
        if (!rec) return false;
        const type = this.firstNonEmptyString(rec.type);
        if (!type) return true;
        return !this.isReasoningPartLike(part);
      }
    
      /**
       * Check if value is an interactive response type
       */
      isInteractiveResponseType(value: unknown): boolean {
        const str = String(value).toLowerCase().trim();
        return str === "question" || str === "interactive" || str === "confirm";
      }
    
      /**
       * Format question prompt for assistant
       */
      formatQuestionPromptForAssistant(question: string, options?: any[]): string {
        let prompt = `USER QUESTION: ${question}`;
    
        if (options && options.length > 0) {
          const optionsText = options
            .map((opt) => {
              const label = typeof opt === "string" ? opt : opt.label || opt.value || "";
              return `- ${label}`;
            })
            .join("\n");
          prompt += `\n\nOPTIONS:\n${optionsText}`;
        }
    
        return prompt;
      }
    
      /**
       * Derive question prompt from interactive payload
       */
      deriveQuestionPromptFromInteractivePayload(payload: {
        question: string;
        options?: any[];
      }): string {
        const { question, options } = payload;
        return this.formatQuestionPromptForAssistant(question, options);
      }
    
      /**
       * Check if body text is low value interactive text
       */
      isLowValueInteractiveBodyText(value: string): boolean {
        if (!value || typeof value !== "string") return false;
        const lower = value.toLowerCase().trim();
        const lowValuePhrases = [
          "please answer the question",
          "please select an option",
          "please choose",
          "please respond",
          "waiting for your response",
          "awaiting your input",
        ];
        return lowValuePhrases.some((phrase) => lower.includes(phrase));
      }
    
      /**
       * Check if content is a clarification questionnaire
       */
      isClarificationQuestionnaire(content: unknown): boolean {
        if (!content) return false;
        const rec = this.asRecord(content);
        if (!rec) return false;
    
        const interactiveEvents =
          (Array.isArray(rec.interactiveEvents) ? rec.interactiveEvents : undefined) ||
          (Array.isArray(rec.question) ? [{ type: "question", question: rec.question }] : undefined);
    
        if (!interactiveEvents || interactiveEvents.length === 0) {
          return false;
        }
    
        const hasQuestion = interactiveEvents.some(
          (event: any) => event.type === "question" || event.type === "confirm"
        );
    
        return hasQuestion;
      }
    
      /**
       * Extract message ID from message
       */
      extractMessageId(message: any): string | undefined {
        if (!message) return undefined;
        return this.firstNonEmptyString(
          message.id,
          message.messageId,
          message.message_id,
        );
      }
    
      /**
       * Check if message has structured subagent signal
       */
      hasStructuredSubagentSignal(messageRaw: unknown): boolean {
        const rec = this.asRecord(messageRaw);
        if (!rec) return false;
    
        const subagents = rec.subagents;
        if (Array.isArray(subagents) && subagents.length > 0) {
          return true;
        }
    
        const structured = this.asRecord(rec.structured);
        const structuredSubagents = structured?.subagents;
        if (Array.isArray(structuredSubagents) && structuredSubagents.length > 0) {
          return true;
        }
    
        return false;
      }
    
      /**
       * Normalize subagent status
       */
      normalizeSubagentStatus(status: unknown): string {
        if (!status) return "unknown";
        const str = String(status).toLowerCase().trim();
        const statusMap: Record<string, string> = {
          running: "running",
          active: "running",
          in_progress: "running",
          completed: "completed",
          done: "completed",
          finished: "completed",
          failed: "failed",
          error: "failed",
          cancelled: "cancelled",
          canceled: "cancelled",
          pending: "pending",
          queued: "pending",
        };
        return statusMap[str] || "unknown";
      }
    
      /**
       * Merge subagent entries
       */
      mergeSubagentEntries(
        existing: any[],
        updates: any[],
      ): any[] {
        const merged = [...existing];
        const existingById = new Map(
          existing
            .filter((subagent) => subagent?.id)
            .map((subagent) => [subagent.id, subagent])
        );
    
        for (const update of updates) {
          if (!update?.id) continue;
          const existingSubagent = existingById.get(update.id);
          if (existingSubagent) {
            const index = merged.indexOf(existingSubagent);
            if (index !== -1) {
              merged[index] = { ...existingSubagent, ...update };
            }
          } else {
            merged.push(update);
          }
        }
    
        return merged;
      }
    
      /**
       * Hydrate subagents from payload
       */
      hydrateSubagentsFromPayload(payload: {
        subagents?: any[];
        subagentsDelta?: any;
      }): any[] | undefined {
        const { subagents, subagentsDelta } = payload;
    
        if (!subagents && !subagentsDelta) {
          return undefined;
        }
    
        if (subagents && Array.isArray(subagents)) {
          return subagents;
        }
    
        if (subagentsDelta?.items && Array.isArray(subagentsDelta.items)) {
          return subagentsDelta.items;
        }
    
        return undefined;
      }
    
      /**
       * Resolve subagent payload session ID
       */
      resolveSubagentPayloadSessionId(payload: {
        sessionId?: string;
        childSessionId?: string;
      }): string | undefined {
        return this.firstNonEmptyString(
          payload.sessionId,
          payload.childSessionId,
        );
      }
    
      /**
       * Find latest subagent parent message ID for session
       */
      findLatestSubagentParentMessageIdForSession(
        sessionId: string,
        messages: any[],
      ): string | undefined {
        for (let i = messages.length - 1; i >= 0; i--) {
          const message = messages[i];
          if (!message) continue;
    
          const subagents = message.subagents;
          if (Array.isArray(subagents)) {
            for (const subagent of subagents) {
              if (subagent?.childSessionId === sessionId) {
                return this.extractMessageId(message);
              }
            }
          }
        }
        return undefined;
      }
    
      /**
       * Record structured validation failure
       */
      private recordStructuredValidationFailure(
        canonicalRec: Record<string, unknown>,
        errors: string[],
        diagnostics?: {
          source?: string;
          providerID?: string;
          modelID?: string;
        },
      ): void {
        const responseType = this.firstNonEmptyString(canonicalRec.responseType);
        if (!responseType) return;
    
        const providerID = diagnostics?.providerID || "unknown";
        const modelID = diagnostics?.modelID || "unknown";
        const key = `${responseType}|${providerID}/${modelID}`;
        const current = this.structuredValidationFailureCounters.get(key) || 0;
        this.structuredValidationFailureCounters.set(key, current + 1);
    
        if (current >= 3) {
          if (diagnostics?.modelID) {
            this.structuredOutputIncompatibleModelKeys.add(diagnostics.modelID);
          }
        }
    
        this.logger.warn("Structured output validation failure aggregate", {
          responseType,
          errors,
          source: diagnostics?.source,
          providerID: diagnostics?.providerID,
          modelID: diagnostics?.modelID,
          failureCount: current + 1,
        });
      }
    
      /**
       * Normalize structured output from raw response
       */
      normalizeStructuredOutput(
        raw: unknown,
        diagnostics?: {
          source?: string;
          providerID?: string;
          modelID?: string;
        },
      ): StructuredAssistantOutput | undefined {
        let value: unknown = raw;
        if (typeof value === "string") {
          try {
            value = JSON.parse(value);
          } catch {
            return undefined;
          }
        }
    
        const rec = this.asRecord(value);
        if (!rec) {
          return undefined;
        }
    
        const sanitizedRec = sanitizeStructuredOutput(rec);
    
        // Don't sanitize rec.plan separately - sanitizeStructuredOutput() is for
        // top-level structured output fields only. The plan object is already validated
        // by the schema and sanitizing it as a top-level object would strip its properties
        // (file, title, content, etc.) because those aren't valid top-level field names.
        this.logger.debug('Before plan preservation', {
          hasRecPlan: 'plan' in rec,
          recPlanType: typeof rec.plan,
          recPlanValue: rec.plan,
          hasSanitizedPlan: 'plan' in sanitizedRec,
          sanitizedPlanValue: sanitizedRec.plan
        });
    
        if (rec.plan && typeof rec.plan === 'object') {
          sanitizedRec.plan = rec.plan;
          const planRecord = rec.plan as Record<string, unknown>;
          this.logger.debug('Plan preserved', {
            planKeys: Object.keys(planRecord),
            hasFile: 'file' in planRecord,
            fileValue: planRecord.file
          });
        } else {
          this.logger.debug('Plan NOT preserved - condition failed', {
            hasRecPlan: 'plan' in rec,
            recPlanType: typeof rec.plan,
            recPlan: rec.plan
          });
        }
    
        const messageCandidate =
          this.firstNonEmptyString(sanitizedRec.message) ||
          (typeof rec.message === "string" ? rec.message : undefined);
    
        let responseTypeRaw =
          this.firstNonEmptyString(
            sanitizedRec.responseType,
            rec.type,
            rec.kind,
            rec.category,
          ) ||
          (messageCandidate ? "message" : undefined);
    
        if (responseTypeRaw?.toLowerCase() === "conversation") {
          responseTypeRaw = "message";
        }
        if (responseTypeRaw?.toLowerCase() === "interactive") {
          responseTypeRaw = "question";
        }
    
        if (
          responseTypeRaw &&
          !STRUCTURED_RESPONSE_TYPES.has(responseTypeRaw.toLowerCase())
        ) {
          responseTypeRaw = messageCandidate ? "message" : undefined;
        }
    
        if (!responseTypeRaw) {
          return undefined;
        }
    
        let canonicalRec: Record<string, unknown> = {
          ...sanitizedRec,
          responseType: responseTypeRaw,
        };
        if (
          messageCandidate &&
          !this.firstNonEmptyString(canonicalRec.message)
        ) {
          canonicalRec.message = messageCandidate;
        }
    
        let validation = validateStructuredOutput(canonicalRec);
        if (!validation.valid && messageCandidate) {
          canonicalRec = {
            responseType: "message",
            message: messageCandidate,
          };
          validation = validateStructuredOutput(canonicalRec);
        }
        if (!validation.valid) {
          this.logger.warn("Structured output validation failed", {
            errors: validation.errors,
            source: diagnostics?.source,
            providerID: diagnostics?.providerID,
            modelID: diagnostics?.modelID,
          });
          this.recordStructuredValidationFailure(
            canonicalRec,
            validation.errors,
            diagnostics,
          );
          return undefined;
        }
    
        const sanitizedCanonicalRec = sanitizeStructuredOutput(canonicalRec);
        const subagentsRaw =
          sanitizedCanonicalRec.subagents ?? (rec.spawnedSubagents as unknown);
        if (Array.isArray(subagentsRaw)) {
          sanitizedCanonicalRec.subagents = subagentsRaw;
        }
        const subagentsDeltaRaw =
          sanitizedCanonicalRec.subagentsDelta ?? (rec.subagents_delta as unknown);
        if (subagentsDeltaRaw && typeof subagentsDeltaRaw === "object") {
          sanitizedCanonicalRec.subagentsDelta = subagentsDeltaRaw;
        }
        const responseType = this.firstNonEmptyString(
          sanitizedCanonicalRec.responseType,
        );
        if (!responseType) {
          return undefined;
        }
    
        return sanitizedCanonicalRec as StructuredAssistantOutput;
      }
    
      /**
       * Create fallback message from structured output
       */
      createFallbackMessage(
        structured: StructuredAssistantOutput,
      ): string | undefined {
        if (!structured.responseType) return undefined;
    
        const { responseType, progressUpdates, interactiveEvents, plan } =
          structured;
    
        switch (responseType) {
          case "implementation_plan":
            return this.firstNonEmptyString(
              plan?.intro,
              plan?.summary,
              plan?.title,
            );
          case "progress_update":
            if (progressUpdates && progressUpdates.length > 0) {
              const titles = progressUpdates.map((p) => p.title).join(", ");
              return `Progress: ${titles}`;
            }
            return "📊 Working on tasks...";
          case "question": {
            const questionRecord = this.asRecord(structured.question);
            const displayPrompt = this.firstNonEmptyString(
              questionRecord?.displayPrompt,
            );
            if (displayPrompt) {
              return displayPrompt;
            }
            const questionPrompt = this.firstNonEmptyString(
              questionRecord?.question,
              questionRecord?.message,
              questionRecord?.content,
            );
            if (questionPrompt) {
              return questionPrompt;
            }
            if (interactiveEvents && interactiveEvents.length > 0) {
              const firstEvent = interactiveEvents[0];
              const firstEventRecord = this.asRecord(firstEvent);
              const eventDisplayPrompt = this.firstNonEmptyString(
                firstEventRecord?.displayPrompt,
              );
              if (eventDisplayPrompt) {
                return eventDisplayPrompt;
              }
              if (firstEvent.type === "question" && firstEvent.question) {
                return firstEvent.question;
              } else if (firstEvent.type === "confirm" && firstEvent.question) {
                return firstEvent.question;
              } else if (firstEvent.type === "message" && firstEvent.message) {
                return firstEvent.message;
              }
            }
            return "❓ Question for you";
          }
          case "subagents":
            return "🤖 Spawned subagents...";
          case "error":
            return "⚠️ An error occurred";
          case "message":
          default:
            return undefined;
        }
      }
    
      /**
       * Extract message body text
       */
      extractMessageBodyText(message: any): string {
        if (!message) return "";
    
        let rawText = "";
        if (typeof message.content === "string" && message.content.trim()) {
          rawText = message.content.trim();
        } else if (typeof message.text === "string" && message.text.trim()) {
          rawText = message.text.trim();
        } else if (Array.isArray(message.parts)) {
          rawText = message.parts
            .map((part: any) => {
              if (!part || typeof part !== "object") return "";
              if (
                part.type === "reasoning" ||
                part.type === "thinking" ||
                part.type === "thought" ||
                typeof part.reasoning !== "undefined" ||
                typeof part.thought !== "undefined" ||
                typeof part.thinking !== "undefined"
              ) {
                return "";
              }
              return (part.text || part.content || "").toString();
            })
            .join("")
            .trim();
        }
    
        if (this.isLikelyToolCallTranscript(rawText)) {
          return "";
        }
        return rawText;
      }
    
      /**
       * Extract structured output from message
       */
      extractStructuredOutput(message: any): StructuredAssistantOutput | undefined {
        if (!message) return undefined;
    
        const candidates = [
          message.structuredOutput,
          message.structured_output,
          message.info?.structuredOutput,
          message.info?.structured_output,
          message.info?.structured,
        ];
    
        for (const candidate of candidates) {
          if (candidate) {
            const normalized = this.normalizeStructuredOutput(candidate);
            if (normalized) {
              return normalized;
            }
          }
        }
    
        return undefined;
      }
    
      /**
       * Apply structured output to message
       */
      applyStructuredOutputToMessage(
        message: any,
        structured: StructuredAssistantOutput,
      ): any {
        if (!message || !structured) return message;
    
        const updated = { ...message };
    
        if (structured.message && !updated.message) {
          updated.message = structured.message;
        }
    
        if (structured.subagents && structured.subagents.length > 0) {
          updated.subagents = this.mergeSubagentEntries(
            updated.subagents || [],
            structured.subagents,
          );
        }
    
        if (structured.progressUpdates && structured.progressUpdates.length > 0) {
          updated.progressUpdates = [
            ...(updated.progressUpdates || []),
            ...structured.progressUpdates,
          ];
        }
    
        if (structured.interactiveEvents && structured.interactiveEvents.length > 0) {
          updated.interactiveEvents = [
            ...(updated.interactiveEvents || []),
            ...structured.interactiveEvents,
          ];
        }
    
        if (structured.plan && !updated.plan) {
          updated.plan = structured.plan;
        }
    
        if (structured.question && !updated.question) {
          updated.question = structured.question;
        }
    
        if (structured.reasoning && structured.reasoning.length > 0) {
          updated.reasoning = [...(updated.reasoning || []), ...structured.reasoning];
        }
    
        updated.structuredOutput = structured;
        updated.hasStructuredOutput = true;
    
        return updated;
      }
    
      /**
       * Enrich stream event with structured output
       */
      enrichStreamEvent(event: any): any {
        if (!event) return event;
    
        const enriched = { ...event };
        const properties = enriched.properties || {};
        const part = properties.part || {};
    
        const structuredCandidate =
          part.structured ||
          part.structured_output ||
          properties.structured ||
          properties.structured_output;
    
        if (structuredCandidate) {
          const normalized = this.normalizeStructuredOutput(structuredCandidate);
          if (normalized) {
            enriched.structured = normalized;
            enriched.structuredOutput = normalized;
            enriched.hasStructuredOutput = true;
          }
        }
    
        return enriched;
      }
    
      /**
       * Enrich message with plan information
       */
      enrichMessageWithPlan(message: any): any {
        if (!message) return message;
    
        const role = message?.info?.role || message?.role;
        if (typeof role === "string" && role.toLowerCase() !== "assistant") {
          return message;
        }
    
        const structured = this.extractStructuredOutput(message);
    
        const structuredResponseType = this.firstNonEmptyString(
          structured?.responseType,
          message?.structuredOutput?.responseType,
        );
        const hasInteractiveEvents =
          (Array.isArray(structured?.interactiveEvents) &&
            structured.interactiveEvents.length > 0) ||
          (Array.isArray(message?.interactiveEvents) &&
            message.interactiveEvents.length > 0);
        const isInteractiveClarificationResponse =
          this.isInteractiveResponseType(structuredResponseType) &&
          hasInteractiveEvents;
    
        if (isInteractiveClarificationResponse) {
          if (message.plan) {
            this.logger.debug("Plan suppressed", {
              source: "enrichMessageWithPlan",
              reason: "interactive-wins",
              responseType: structuredResponseType || "unknown",
              hasInteractiveEvents: !!hasInteractiveEvents,
              isClarification: false,
            });
            const nextMessage = { ...message };
            delete nextMessage.plan;
            return nextMessage;
          }
          return message;
        }
    
        if (structured) {
          const structuredPlanRecord = this.asRecord(structured.plan);
          const structuredPlanContent = this.firstNonEmptyString(
            structuredPlanRecord?.content,
          );
          const structuredPlanFiles =
            this.planManager.collectPlanFileCandidatesFromStructuredPlan(structuredPlanRecord);
          const structuredPlanFile = structuredPlanFiles[0];
    
          // DEBUG: Log what we got from the structured output
          this.logger.debug('Structured Plan Data', {
            structuredPlanRecord,
            structuredPlanFiles,
            structuredPlanFile,
            hasFile: !!structuredPlanRecord?.file,
            rawStructuredPlan: structured.plan,  // ← Add raw data
            allStructuredKeys: Object.keys(structured || {})  // ← Show all keys
          });
    
          // Resolve the plan filename: prefer what the agent declared in structured
          // output, then look for a matching filename in the message edits/patches,
          // then from markdown references. The viewer reads this to load the live
          // file from disk so the user sees the exact content the agent wrote.
          const editsForPlan: any[] = message.edits || [];
          const partsForPlan: any[] = message.parts || [];
          const fileCandidatesFromEditsAndParts: string[] = [];
          for (const edit of editsForPlan) {
            if (this.planManager.isLikelyPlanMarkdownFile(edit?.file)) {
              fileCandidatesFromEditsAndParts.push(edit.file);
            }
          }
          for (const part of partsForPlan) {
            if (part?.type !== "patch" || !Array.isArray(part.files)) {
              continue;
            }
            for (const patchFile of part.files) {
              if (this.planManager.isLikelyPlanMarkdownFile(patchFile)) {
                fileCandidatesFromEditsAndParts.push(patchFile);
              }
            }
          }
          const mergedPlanFiles = this.planManager.prioritizePlanFileCandidates([
            ...structuredPlanFiles,
            ...fileCandidatesFromEditsAndParts,
            ...this.planManager.extractMarkdownFileReferences(structuredPlanContent),
            ...this.planManager.extractMarkdownFileReferences(structuredPlanRecord?.summary),
            ...this.planManager.extractMarkdownFileReferences(structuredPlanRecord?.title),
          ]);
          const resolvedPlanFile = mergedPlanFiles[0];
    
          // DEBUG: Log the plan file extraction
          this.logger.debug('Plan File Extraction', {
            structuredPlanFile: structuredPlanFiles[0],
            mergedPlanFilesCount: mergedPlanFiles.length,
            resolvedPlanFile,
            fallbackPlanFile: resolvedPlanFile,
            hasPlanContent: !!structuredPlanContent,
            planContentLength: structuredPlanContent?.length || 0
          });
          const resolvedPlanTitle = this.planManager.resolvePlanTitle({
            plan: { title: this.firstNonEmptyString(structuredPlanRecord?.title) },
            fallback: this.firstNonEmptyString(structuredPlanRecord?.summary),
            planFile: resolvedPlanFile,
          });
          const fallbackPlanFile = resolvedPlanFile;
    
          if (
            structuredPlanContent &&
            typeof structuredPlanContent === "string" &&
            structuredPlanContent.length >= 200
          ) {
            if (this.isClarificationQuestionnaire(structuredPlanContent)) {
              return message;
            }
            if (!resolvedPlanFile) {
              this.persistPlan(
                structuredPlanContent,
                fallbackPlanFile,
              ).catch((err) => {
                this.logger.error("Failed to auto-persist structured plan", {}, err as Error);
              });
            }
    
            return {
              ...message,
              structuredOutput: structured,
              plan: {
                file: fallbackPlanFile,
                content: structuredPlanContent,
                title: resolvedPlanTitle,
                summary: this.firstNonEmptyString(structuredPlanRecord?.summary),
                files:
                  mergedPlanFiles.length > 0
                    ? mergedPlanFiles
                    : fallbackPlanFile
                      ? [fallbackPlanFile]
                      : undefined,
                fileCount:
                  mergedPlanFiles.length > 0
                    ? mergedPlanFiles.length
                    : fallbackPlanFile
                      ? 1
                      : 0,
              },
            };
          }
    
          if (
            structuredResponseType === "implementation_plan" &&
            structuredPlanFile
          ) {
            // Preserve structured file-only plans so the webview "View Plan" action
            // can open the plan tab directly from disk.
            return {
              ...message,
              structuredOutput: structured,
              plan: {
                file: fallbackPlanFile,
                title: resolvedPlanTitle,
                summary: this.firstNonEmptyString(structuredPlanRecord?.summary),
                files:
                  mergedPlanFiles.length > 0
                    ? mergedPlanFiles
                    : fallbackPlanFile
                      ? [fallbackPlanFile]
                      : undefined,
                fileCount:
                  mergedPlanFiles.length > 0
                    ? mergedPlanFiles.length
                    : fallbackPlanFile
                      ? 1
                      : 0,
              },
            };
          }
        }
    
        // Only honor implementation plans when the structured payload explicitly
        // declares responseType="implementation_plan".
        if (structuredResponseType !== "implementation_plan") {
          if (message.plan) {
            const nextMessage = { ...message };
            delete nextMessage.plan;
            return nextMessage;
          }
          return message;
        }
    
        // Check for implementation plan in edits, parts, or message content
        const edits = message.edits || [];
        const parts = message.parts || [];
        const info = message.info || {};
    
        // 1. Gather text body and fallback plan-like content in message summary,
        // parts, or plain content.
        const partsContent = parts
          .filter((p: any) => this.isRenderableTextPart(p)) // ignore reasoning parts directly
          .map((p: any) => {
            let c = p.text || p.content || "";
            if (p.files && Array.isArray(p.files)) c += " " + p.files.join(" ");
            return c;
          })
          .join(" ");
    
        // 2. Check for explicit markdown filenames in edits/parts/text.
        const extractedPlanFiles = this.planManager.prioritizePlanFileCandidates([
          ...edits
            .map((e: any) => this.firstNonEmptyString(e?.file))
            .filter(
              (file: unknown): file is string =>
                !!file && this.planManager.isLikelyPlanMarkdownFile(file),
            ),
          ...parts
            .filter((p: any) => p.type === "patch" && Array.isArray(p.files))
            .flatMap((p: any) =>
              (p.files as unknown[])
                .map((f) => this.firstNonEmptyString(f))
                .filter(
                  (file: unknown): file is string =>
                    !!file && this.planManager.isLikelyPlanMarkdownFile(file),
                ),
            ),
          ...this.planManager.extractMarkdownFileReferences(message?.content),
          ...this.planManager.extractMarkdownFileReferences(info.summary?.title),
          ...this.planManager.extractMarkdownFileReferences(info.summary?.body),
          ...this.planManager.extractMarkdownFileReferences(partsContent),
        ]);
        const hasPlanFile = extractedPlanFiles.length > 0;
    
        const fullContent =
          (info.summary?.title || "") +
          " " +
          (info.summary?.body || "") +
          " " +
          (message.content || "") +
          " " +
          partsContent;
    
        // Broadened regex to catch more variations of "Implementation Plan"
        // Also check if the title itself strongly indicates a plan
        const basicPlanKeywordMatch =
          /implementation\s*plan/i.test(fullContent) ||
          /goal\s*description/i.test(fullContent) ||
          /proposed\s*changes/i.test(fullContent) ||
          /implementation_plan\.md/i.test(fullContent) ||
          (/(plan|roadmap)/i.test(info.summary?.title || "") &&
            /(implementation|feature)/i.test(info.summary?.title || ""));
    
        // Require structural markers to avoid false positives from short mentions
        const hasStructuralMarkers =
          /##\s|###\s|- \[ \]|Files:|Steps:|Goal:/i.test(fullContent) ||
          // Long content is likely a real plan even if markers are missing
          fullContent.length > 500;
    
        const hasPlanKeywords = basicPlanKeywordMatch && hasStructuralMarkers;
        const looksLikeClarificationQuestions =
          this.isClarificationQuestionnaire(fullContent);
    
        // If the content looks like a clarification questionnaire, never promote it
        // into an implementation plan. If a plan was already attached, strip it.
        if (looksLikeClarificationQuestions) {
          if (message.plan) {
            this.logger.debug("Plan suppressed", {
              source: "enrichMessageWithPlan",
              reason: "clarification-detected",
              responseType: structuredResponseType || "unknown",
              hasInteractiveEvents: !!hasInteractiveEvents,
              isClarification: true,
            });
            const nextMessage = { ...message };
            delete nextMessage.plan;
            return nextMessage;
          }
          return message;
        }
    
        if (hasPlanFile || hasPlanKeywords) {
          // Extract and clean the plan content using the PlanParser
          let rawContent = message.content || partsContent;
    
          // If the AI structured output placed the overarching title in the summary but not the text, inject it as the H1
          const summaryTitle = info.summary?.title;
          if (summaryTitle && !rawContent.includes(summaryTitle)) {
            rawContent = `# ${summaryTitle}\n\n${rawContent}`;
          }
    
          const parsed = PlanParser.parse(rawContent);
          const cleanPlanContent = PlanParser.toMarkdown(parsed);
          const existingStructured = this.asRecord(message.structuredOutput);
          const existingStructuredPlan = this.asRecord(existingStructured?.plan);
          const resolvedPlanTitle = this.planManager.resolvePlanTitle({
            plan: {
              title: this.firstNonEmptyString(
                existingStructuredPlan?.title,
                message?.plan?.title,
              ),
            },
            fallback: parsed.goal,
            planFile: extractedPlanFiles[0],
          });
          const fallbackPlanFile = extractedPlanFiles[0];
    
          // PERSISTENCE: Automatically save the cleaned plan to disk.
          // This ensures handleViewPlan can read it even if the SDK didn't write it.
          // We only persist if it actually looks like a valid plan (has a goal or files/steps).
          if (
            cleanPlanContent.length > 100 &&
            (parsed.goal || parsed.files.length > 0 || parsed.steps.length > 0)
          ) {
            if (!extractedPlanFiles[0]) {
              this.persistPlan(
                cleanPlanContent,
                fallbackPlanFile,
              ).catch((err) => {
                this.logger.error("Failed to auto-persist cleaned plan", {}, err as Error);
              });
            }
          }
    
          const nextMessage = {
            ...message,
            plan: {
              file: fallbackPlanFile,
              content: cleanPlanContent,
              title: resolvedPlanTitle,
              intro: this.firstNonEmptyString(existingStructuredPlan?.intro, parsed.description),
              summary: parsed.description,
              files:
                extractedPlanFiles.length > 0
                  ? extractedPlanFiles
                  : fallbackPlanFile
                    ? [fallbackPlanFile]
                    : undefined,
              fileCount:
                parsed.files.length ||
                extractedPlanFiles.length ||
                (fallbackPlanFile ? 1 : 0),
            },
          };
          const nextStructured: Record<string, unknown> = existingStructured
            ? { ...existingStructured }
            : {};
          nextStructured.responseType = "implementation_plan";
          nextStructured.plan = {
            ...(existingStructuredPlan || {}),
            file:
              fallbackPlanFile ??
              this.firstNonEmptyString(existingStructuredPlan?.file),
            files:
              extractedPlanFiles.length > 0
                ? extractedPlanFiles
                : fallbackPlanFile
                  ? [fallbackPlanFile]
                  : existingStructuredPlan?.files,
            content: cleanPlanContent,
            title: resolvedPlanTitle,
            intro: this.firstNonEmptyString(existingStructuredPlan?.intro, parsed.description),
            summary:
              parsed.description ||
              this.firstNonEmptyString(existingStructuredPlan?.summary),
          };
          nextMessage.structuredOutput = nextStructured;
          if (message?.structuredOutput?.responseType !== "implementation_plan") {
            const planIntro = this.firstNonEmptyString(
              nextStructured.message,
              this.asRecord(nextStructured.plan)?.intro,
              this.asRecord(nextStructured.plan)?.summary,
            );
            if (planIntro) {
              nextStructured.message = planIntro;
              nextMessage.content = planIntro;
              const parts = Array.isArray(nextMessage.parts)
                ? [...nextMessage.parts]
                : [];
              const textIndex = parts.findIndex(
                (part: any) => this.isRenderableTextPart(part),
              );
              if (textIndex >= 0) {
                parts[textIndex] = {
                  ...parts[textIndex],
                  type: "text",
                  text: planIntro,
                };
              } else {
                parts.push({ type: "text", text: planIntro });
              }
              nextMessage.parts = parts;
            }
          }
          return nextMessage;
        }
    
        return message;
      }
    }
    
    
    /* FILE: E:\Projects\vscode-opencode\src\providers\chat\PlanManager.ts */
    
    /**
     * PlanManager Module
     *
     * Handles plan file detection, persistence, viewing, and file candidate resolution.
     *
     * Extracted from ChatViewProvider.ts (~450 lines)
     */
    
    import * as vscode from "vscode";
    import * as path from "path";
    import * as fs from "fs/promises";
    import { LoggingCategories } from "../../utils/LoggingSchema";
    
    export class PlanManager {
      constructor(
        private logger: ReturnType<typeof import("../../utils/Logger").createLogger>,
        private firstNonEmptyString: (...values: unknown[]) => string | undefined,
        private workspaceState: vscode.Memento,
      ) { }
    
      /**
       * Check if text is a plan proceed message
       */
      isPlanProceedMessageText(value: unknown): boolean {
        if (!value) return false;
        const str = String(value).toLowerCase().trim();
        return str === "/plan:proceed" || str.startsWith("/plan:proceed ");
      }
    
      /**
       * Normalize plan proceed user message
       */
      normalizePlanProceedUserMessage(message: any): any {
        if (!message) return message;
    
        const text = this.firstNonEmptyString(message.text, message.content);
        if (!text) return message;
    
        if (!this.isPlanProceedMessageText(text)) {
          return message;
        }
    
        const normalized = { ...message };
    
        const parts = text.split(/\s+/, 2);
        const command = parts[0] || "";
        const rest = parts[1] || "";
    
        if (rest && command) {
          const trimmedRest = rest.trim();
          const quoteMatches = trimmedRest.match(/^["'](.+)["']$/);
          const commentText = quoteMatches ? quoteMatches[1] : trimmedRest;
    
          normalized.planProceedComment = {
            id: `pp_${Date.now()}_${Math.random().toString(36).substr(2, 9)}`,
            text: commentText,
            createdAt: Date.now(),
            anchor: {
              startLine: 0,
              endLine: 0,
              selectedText: commentText,
            },
          };
        }
    
        normalized.text = "/plan:proceed";
        if (normalized.content) {
          normalized.content = "/plan:proceed";
        }
    
        return normalized;
      }
    
      /**
       * Check if plan title is generic
       */
      isGenericPlanTitle(value: unknown): boolean {
        if (!value) return false;
        const str = String(value).toLowerCase().trim();
        const genericTitles = [
          "implementation plan",
          "plan",
          "project plan",
          "development plan",
          "the plan",
          "my plan",
        ];
        return genericTitles.includes(str);
      }
    
      /**
       * Derive plan title from file path
       */
      derivePlanTitleFromFilePath(filePath: unknown): string | undefined {
        const normalized = this.normalizePlanFileReference(filePath);
        if (!normalized) return undefined;
    
        const fileName = path.basename(normalized);
        const withoutExt = fileName.replace(/\.md$/i, "");
    
        const cleaned = withoutExt
          .replace(/^implementation[_-]?plan[_-]?/i, "")
          .replace(/^plan[_-]?/i, "")
          .replace(/[_-]plan$/i, "")
          .replace(/[_-]\d{8,}$/, "")
          .trim();
    
        if (!cleaned) return undefined;
    
        const title = cleaned
          .replace(/[-_]+/g, " ")
          .replace(/\b\w/g, (c) => c.toUpperCase())
          .trim();
    
        return title || undefined;
      }
    
      /**
       * Resolve plan title from various sources
       */
      resolvePlanTitle(options: {
        plan?: { title?: string; file?: string };
        planFile?: string;
        fallback?: string;
      }): string | undefined {
        if (options.plan?.title && !this.isGenericPlanTitle(options.plan.title)) {
          return options.plan.title;
        }
    
        if (options.planFile) {
          const derived = this.derivePlanTitleFromFilePath(options.planFile);
          if (derived) return derived;
        }
    
        if (options.plan?.file) {
          const derived = this.derivePlanTitleFromFilePath(options.plan.file);
          if (derived) return derived;
        }
    
        if (options.fallback && !this.isGenericPlanTitle(options.fallback)) {
          return options.fallback;
        }
    
        return undefined;
      }
    
      /**
       * Persist plan content to disk
       */
      async persistPlan(
        content: string,
        preferredPath?: string,
      ): Promise<string | undefined> {
        const flow = this.logger.startFeatureFlow('PersistPlan', {
          hasContent: !!content,
          contentLength: content.length,
          preferredPath,
        });
    
        try {
          const normalizedContent = this.firstNonEmptyString(content);
          if (!normalizedContent) {
            this.logger.endFeatureFlow(flow, { status: 'skipped', reason: 'No content' });
            return undefined;
          }
    
          this.logger.featureStep(flow, 'normalizing_paths');
          const normalizedPreferred = this.normalizePlanFileReference(preferredPath);
          const resolvedPreferred = normalizedPreferred
            ? this.resolvePlanFileCandidates(normalizedPreferred)[0] ||
            path.normalize(normalizedPreferred)
            : undefined;
          const resolvedPath = resolvedPreferred;
          if (!resolvedPath) {
            this.logger.endFeatureFlow(flow, { status: 'failed', reason: 'No valid path' });
            return undefined;
          }
    
          this.logger.featureStep(flow, 'creating_directory', { path: path.dirname(resolvedPath) });
          const normalizedPath = path.normalize(resolvedPath);
          await vscode.workspace.fs.createDirectory(
            vscode.Uri.file(path.dirname(normalizedPath)),
          );
    
          this.logger.featureStep(flow, 'writing_file', { path: normalizedPath });
          await vscode.workspace.fs.writeFile(
            vscode.Uri.file(normalizedPath),
            new TextEncoder().encode(normalizedContent),
          );
    
          this.logger.info("Auto-persisted plan", { path: normalizedPath });
          this.logger.endFeatureFlow(flow, { status: 'completed' });
          return normalizedPath;
        } catch (err) {
          this.logger.error(`Failed to persist plan: ${err instanceof Error ? err.message : String(err)}`, { path: preferredPath });
          this.logger.endFeatureFlow(flow, { status: 'failed' });
          return undefined;
        }
      }
    
      /**
       * Normalize plan file reference
       */
      private normalizePlanFileReference(file: unknown): string | undefined {
        const raw = this.firstNonEmptyString(file);
        if (!raw) {
          return undefined;
        }
    
        let value = raw.trim();
        if (!value) {
          return undefined;
        }
    
        if (value.startsWith("file://")) {
          try {
            const uri = vscode.Uri.parse(value);
            if (uri.scheme === "file" && uri.fsPath) {
              value = uri.fsPath;
            }
          } catch {
            // Keep string cleanup fallback below.
          }
        }
    
        // Strip common markdown wrappers around file paths.
        value = value
          .replace(/^`+|`+$/g, "")
          .replace(/^"+|"+$/g, "")
          .replace(/^'+|'+$/g, "")
          .replace(/^<+|>+$/g, "")
          .replace(/^\(+|\)+$/g, "")
          .trim();
    
        return value || undefined;
      }
    
      /**
       * Check if file is likely a plan markdown file
       */
      isLikelyPlanMarkdownFile(file: unknown): boolean {
        const normalized = this.normalizePlanFileReference(file);
        if (!normalized || !normalized.toLowerCase().endsWith(".md")) {
          return false;
        }
        const lower = normalized.replace(/\\/g, "/").toLowerCase();
        if (lower.includes("/node_modules/")) {
          return false;
        }
        if (
          /(^|\/)implementation_plan_comments_[^/]+\.md$/.test(lower) ||
          /(^|\/)[^/]+_comments\.md$/.test(lower)
        ) {
          return false;
        }
        const isPlanDirectoryPath =
          /(^|\/)\.?plans?\//.test(lower) || /(^|\/)planning\//.test(lower);
        return (
          isPlanDirectoryPath ||
          /(^|\/)implementation_plan(?:_[a-z0-9-]+)?\.md$/.test(lower) ||
          /(^|\/)plans?\//.test(lower) ||
          lower.includes("plan")
        );
      }
    
      /**
       * Get plan file candidate score
       */
      getPlanFileCandidateScore(filePath: string): number {
        const normalized = filePath.replace(/\\/g, "/").toLowerCase();
        let score = 0;
        const isPlanDirectoryPath =
          /(^|\/)\.?plans?\//.test(normalized) || /(^|\/)planning\//.test(normalized);
        if (isPlanDirectoryPath) {
          score += 60;
        }
    
        if (normalized.includes("plan")) {
          score += 50;
        }
    
        if (/(^|\/)implementation_plan\.md$/.test(normalized)) {
          score += 40;
        }
    
        if (/(^|\/)implementation_plan_[a-z0-9-]+\.md$/.test(normalized)) {
          score += 35;
        }
    
        if (/(^|\/)plans?\//.test(normalized)) {
          score += 30;
        }
    
        const depth = (normalized.match(/\//g) || []).length;
        score -= depth * 2;
    
        if (normalized.includes("/node_modules/")) {
          score -= 1000;
        }
    
        if (normalized.includes("/.git/")) {
          score -= 1000;
        }
    
        return Math.max(0, score);
      }
    
      /**
       * Prioritize plan file candidates
       */
      prioritizePlanFileCandidates(candidates: Array<unknown>, explicitFiles?: Set<string>): string[] {
        const normalizedCandidates = candidates
          .map((c) => this.normalizePlanFileReference(c))
          .filter((c): c is string => Boolean(c));
    
        const scored = normalizedCandidates.map((filePath) => ({
          filePath,
          score: this.getPlanFileCandidateScore(filePath),
          isExplicit: explicitFiles?.has(filePath),
        }));
    
        scored.sort((a, b) => {
          if (a.isExplicit && !b.isExplicit) return -1;
          if (!a.isExplicit && b.isExplicit) return 1;
          return b.score - a.score;
        });
    
        return scored.map((s) => s.filePath);
      }
    
      /**
       * Collect plan file candidates from structured plan
       */
      collectPlanFileCandidatesFromStructuredPlan(structured: any): string[] {
        const candidates: string[] = [];
    
        // DEBUG: Log input to trace file property
        this.logger.debug('collectPlanFileCandidatesFromStructuredPlan INPUT', {
          hasStructured: !!structured,
          type: typeof structured,
          keys: structured ? Object.keys(structured) : [],
          hasFile: structured && 'file' in structured,
          fileValue: structured?.file,
          hasFiles: structured && 'files' in structured,
          filesValue: structured?.files,
          fullObject: structured ? JSON.stringify(structured, null, 2) : 'undefined'
        });
    
        // structured is the plan object itself (with file, title, content, etc.)
        // not the parent structured output object
        if (structured?.file) {
          const normalized = this.normalizePlanFileReference(structured.file);
          if (normalized) {
            candidates.push(normalized);
          }
        }
    
        if (structured?.files && Array.isArray(structured.files)) {
          for (const file of structured.files) {
            const normalized = this.normalizePlanFileReference(file);
            if (normalized && !candidates.includes(normalized)) {
              candidates.push(normalized);
            }
          }
        }
    
        this.logger.debug('collectPlanFileCandidatesFromStructuredPlan OUTPUT', {
          candidatesCount: candidates.length,
          candidates: candidates,
          firstCandidate: candidates[0]
        });
    
        return candidates;
      }
    
      /**
       * Resolve plan file candidates
       */
      resolvePlanFileCandidates(planFile: string): string[] {
        const normalized = this.normalizePlanFileReference(planFile);
        if (!normalized) {
          return [];
        }
    
        const candidates: string[] = [];
    
        candidates.push(normalized);
    
        const workspaceFolder = vscode.workspace.workspaceFolders?.[0];
        if (workspaceFolder && workspaceFolder.uri.scheme === "file") {
          const workspacePath = workspaceFolder.uri.fsPath;
          const absolutePath = path.isAbsolute(normalized)
            ? normalized
            : path.join(workspacePath, normalized);
    
          if (absolutePath !== normalized) {
            candidates.push(absolutePath);
          }
    
          if (!normalized.endsWith(".md")) {
            candidates.push(`${normalized}.md`);
            candidates.push(`${absolutePath}.md`);
          }
        }
    
        return Array.from(new Set(candidates));
      }
    
      /**
       * Read plan file from disk
       */
      private async readPlanFileFromDisk(filePath: string): Promise<string | undefined> {
        try {
          const normalized = path.normalize(filePath);
          const content = await vscode.workspace.fs.readFile(
            vscode.Uri.file(normalized),
          );
          return Buffer.from(content).toString("utf-8");
        } catch {
          return undefined;
        }
      }
    
      /**
       * Extract markdown file references from text
       */
      extractMarkdownFileReferences(text: unknown): string[] {
        if (!text) return [];
        const str = String(text);
    
        const markdownLinkPattern = /\[([^\]]+)\]\(([^)]+\.md)\)/gi;
        const markdownLinkRefPattern = /^\[([^\]]+)\]:\s*(.+\.md)$/gmi;
        const codeBlockPattern = /```[\s\S]*?```/g;
        const inlineCodePattern = /`[^`]+`/g;
        const plainMdPattern = /\b[\w-]+\.md\b/gi;
    
        const cleaned = str
          .replace(codeBlockPattern, "")
          .replace(inlineCodePattern, "");
    
        const references = new Set<string>();
    
        let match;
        while ((match = markdownLinkPattern.exec(cleaned)) !== null) {
          const filePath = match[2];
          const normalized = this.normalizePlanFileReference(filePath);
          if (normalized) {
            references.add(normalized);
          }
        }
    
        while ((match = markdownLinkRefPattern.exec(str)) !== null) {
          const filePath = match[2];
          const normalized = this.normalizePlanFileReference(filePath);
          if (normalized) {
            references.add(normalized);
          }
        }
    
        while ((match = plainMdPattern.exec(cleaned)) !== null) {
          const filePath = match[0];
          const normalized = this.normalizePlanFileReference(filePath);
          if (normalized) {
            references.add(normalized);
          }
        }
    
        return Array.from(references);
      }
    
      /**
       * Discover likely plan file candidates
       */
      async discoverLikelyPlanFileCandidates(): Promise<string[]> {
        const flow = this.logger.startFeatureFlow('DiscoverPlanFiles', {});
    
        const workspaceFolder = vscode.workspace.workspaceFolders?.[0];
        if (!workspaceFolder || workspaceFolder.uri.scheme !== "file") {
          this.logger.endFeatureFlow(flow, { status: 'skipped', reason: 'No valid workspace folder' });
          return [];
        }
    
        const workspacePath = workspaceFolder.uri.fsPath;
        this.logger.featureStep(flow, 'workspace_valid', { workspacePath });
    
        try {
          this.logger.featureStep(flow, 'searching_for_plan_files');
          const startTime = Date.now();
          const planFiles = await vscode.workspace.findFiles(
            new vscode.RelativePattern(workspaceFolder, "**/*plan*.md"),
            "**/{node_modules,.git,dist,build}/**",
          );
          this.logger.featureStep(flow, 'files_found', {
            count: planFiles.length,
            duration: Date.now() - startTime,
          });
    
          const scored = planFiles
            .map((uri) => uri.fsPath)
            .filter((filePath) => this.isLikelyPlanMarkdownFile(filePath))
            .map((filePath) => ({
              filePath,
              score: this.getPlanFileCandidateScore(filePath),
            }))
            .filter((item) => item.score > 0)
            .sort((a, b) => b.score - a.score)
            .slice(0, 10)
            .map((item) => item.filePath);
    
          this.logger.info("Plan file discovery completed", {
            totalFound: planFiles.length,
            afterScoring: scored.length,
            topCandidates: scored.slice(0, 3),
          });
    
          this.logger.endFeatureFlow(flow, {
            status: 'completed',
            totalCandidates: scored.length,
            duration: Date.now() - startTime,
          });
          return scored;
        } catch (err) {
          this.logger.error("Plan file discovery failed", { workspacePath }, err as Error);
          this.logger.endFeatureFlow(flow, { status: 'failed', error: String(err) });
          return [];
        }
      }
    
      /**
       * Handle view plan command
       */
      async handleViewPlan(plan: {
        file?: string;
        content?: string;
        title?: string;
        summary?: string;
        files?: any[];
        fileCount?: number;
      }): Promise<void> {
        if (!plan) {
          return;
        }
    
        const normalizedPlanFile = this.normalizePlanFileReference(plan.file);
        const fileCandidates = normalizedPlanFile
          ? this.resolvePlanFileCandidates(normalizedPlanFile)
          : [];
    
        const explicitFiles = new Set<string>();
        if (normalizedPlanFile) {
          explicitFiles.add(normalizedPlanFile);
        }
        if (Array.isArray(plan.files)) {
          for (const file of plan.files) {
            const normalized = this.normalizePlanFileReference(file);
            if (normalized) {
              explicitFiles.add(normalized);
            }
          }
        }
    
        const prioritizedCandidates = this.prioritizePlanFileCandidates(fileCandidates, explicitFiles);
        if (!normalizedPlanFile) {
          prioritizedCandidates.push(
            ...(await this.discoverLikelyPlanFileCandidates()),
          );
        }
    
        let resolvedFile: string | undefined;
        let planData: string | undefined;
    
        for (const candidate of prioritizedCandidates) {
          planData = await this.readPlanFileFromDisk(candidate);
          if (planData) {
            resolvedFile = candidate;
            break;
          }
        }
    
        if (!planData && prioritizedCandidates.length > 0) {
          void vscode.window.showErrorMessage(
            `Could not read plan file: ${normalizedPlanFile ?? prioritizedCandidates[0]}`,
          );
          return;
        }
    
        if (
          !planData &&
          prioritizedCandidates.length === 0 &&
          plan.content &&
          typeof plan.content === "string"
        ) {
          planData = plan.content;
        }
    
        if (!planData) {
          this.logger.warn("No plan content available to view", {
            planFile: normalizedPlanFile,
            candidates: prioritizedCandidates.slice(0, 5),
          });
          return;
        }
    
        const planTitle = this.resolvePlanTitle({
          plan,
          planFile: resolvedFile,
        });
    
        // Use VSCode command to show plan in PlanViewProvider panel
        await vscode.commands.executeCommand("opencode.showPlan", {
          content: planData,
          title: planTitle,
          sourceFile: resolvedFile,
        });
      }
    }
    
    
    /* FILE: E:\Projects\vscode-opencode\src\providers\chat\SubagentPersistence.ts */
    
    /**
     * SubagentPersistence Module
     *
     * Handles persisting/loading subagent snapshots and building payloads from messages.
     *
     * Extracted from ChatViewProvider.ts (~250 lines)
     */
    
    import * as vscode from "vscode";
    import type { SubagentTracker } from "../../services/SubagentTracker";
    import type { SubagentUpdatePayload } from "../../services/SubagentTracker";
    
    export class SubagentPersistence {
      private static readonly SUBAGENT_SNAPSHOT_PREFIX =
        "opencode.session.subagents.";
    
      constructor(
        private workspaceState: vscode.Memento,
        private subagentTracker: SubagentTracker,
        private logger: ReturnType<typeof import("../../utils/Logger").createLogger>,
        private asRecord: (value: unknown) => Record<string, unknown> | undefined,
        private firstNonEmptyString: (...values: unknown[]) => string | undefined,
        private normalizeSubagentStatus: (status: unknown) => string,
        private mergeSubagentEntries: (existing: any[], updates: any[]) => any[],
        private hydrateSubagentsFromPayload: (
          parentMessageId: string,
          payload: SubagentUpdatePayload,
          sessionId: string,
        ) => any[],
        private resolveSubagentPayloadSessionId: (payload: {
          summariesByParentMessageId?: Record<string, unknown>;
          sessionId?: string;
          childSessionId?: string;
        }) => string | undefined,
      ) { }
    
      /**
       * Get storage key for subagent snapshot
       */
      getSubagentSnapshotStorageKey(sessionId: string): string {
        return `${SubagentPersistence.SUBAGENT_SNAPSHOT_PREFIX}${sessionId}`;
      }
    
      /**
       * Normalize subagent payload
       */
      normalizeSubagentPayload(
        payload: unknown,
      ): SubagentUpdatePayload {
        const rec = this.asRecord(payload) || {};
        const summariesByParentMessageId =
          this.asRecord(rec.summariesByParentMessageId) || {};
        const detailsById = this.asRecord(rec.detailsById) || {};
        return {
          summariesByParentMessageId:
            summariesByParentMessageId as SubagentUpdatePayload["summariesByParentMessageId"],
          detailsById: detailsById as SubagentUpdatePayload["detailsById"],
        };
      }
    
      /**
       * Merge subagent payloads
       */
      mergeSubagentPayloads(
        existing: SubagentUpdatePayload,
        incoming: SubagentUpdatePayload,
      ): SubagentUpdatePayload {
        const mergedSummaries: Record<string, unknown[]> = {};
        const existingSummaries =
          this.asRecord(existing.summariesByParentMessageId) || {};
        const incomingSummaries =
          this.asRecord(incoming.summariesByParentMessageId) || {};
        const parentMessageIds = new Set<string>([
          ...Object.keys(existingSummaries),
          ...Object.keys(incomingSummaries),
        ]);
        for (const parentMessageId of Array.from(parentMessageIds)) {
          const merged = this.mergeSubagentEntries(
            Array.isArray(existingSummaries[parentMessageId]) ? existingSummaries[parentMessageId] as any[] : [],
            Array.isArray(incomingSummaries[parentMessageId])
              ? (incomingSummaries[parentMessageId] as Array<Record<string, unknown>>)
              : [],
          );
          if (merged.length > 0) {
            mergedSummaries[parentMessageId] = merged;
          }
        }
    
        const mergedDetails: Record<string, unknown> = {};
        const existingDetails = this.asRecord(existing.detailsById) || {};
        const incomingDetails = this.asRecord(incoming.detailsById) || {};
        const detailIds = new Set<string>([
          ...Object.keys(existingDetails),
          ...Object.keys(incomingDetails),
        ]);
        for (const detailId of Array.from(detailIds)) {
          const prev = this.asRecord(existingDetails[detailId]) || {};
          const next = this.asRecord(incomingDetails[detailId]) || {};
          mergedDetails[detailId] = {
            ...prev,
            ...next,
            id: this.firstNonEmptyString(next.id, prev.id, detailId) || detailId,
          };
        }
    
        return {
          summariesByParentMessageId:
            mergedSummaries as SubagentUpdatePayload["summariesByParentMessageId"],
          detailsById: mergedDetails as SubagentUpdatePayload["detailsById"],
        };
      }
    
      /**
       * Load persisted subagent snapshot
       */
      async loadPersistedSubagentSnapshot(
        sessionId: string,
      ): Promise<SubagentUpdatePayload | null> {
        const raw = this.workspaceState.get<unknown>(
          this.getSubagentSnapshotStorageKey(sessionId),
        );
        if (!raw) {
          return null;
        }
        const normalized = this.normalizeSubagentPayload(raw);
        const hasEntries =
          Object.keys(normalized.summariesByParentMessageId || {}).length > 0 ||
          Object.keys(normalized.detailsById || {}).length > 0;
        return hasEntries ? normalized : null;
      }
    
      /**
       * Save persisted subagent snapshot
       */
      async savePersistedSubagentSnapshot(
        sessionId: string,
        payload: SubagentUpdatePayload,
      ): Promise<void> {
        await this.workspaceState.update(
          this.getSubagentSnapshotStorageKey(sessionId),
          payload,
        );
      }
    
      /**
       * Clear persisted subagent snapshot
       */
      async clearPersistedSubagentSnapshot(
        sessionId: string,
      ): Promise<void> {
        await this.workspaceState.update(
          this.getSubagentSnapshotStorageKey(sessionId),
          undefined,
        );
      }
    
      /**
       * Persist subagent live state
       */
      async persistSubagentLiveState(
        sessionId: string,
        payload: SubagentUpdatePayload,
      ): Promise<SubagentUpdatePayload> {
        const existing = await this.loadPersistedSubagentSnapshot(sessionId);
        const merged = existing
          ? this.mergeSubagentPayloads(existing, payload)
          : payload;
        await this.savePersistedSubagentSnapshot(sessionId, merged);
        return merged;
      }
    
      /**
       * Build subagent payload from message
       */
      buildSubagentPayloadFromMessage(
        messageRaw: unknown,
        fallbackSessionId: string,
      ): SubagentUpdatePayload | null {
        const message = this.asRecord(messageRaw);
        if (!message) {
          return null;
        }
        const info = this.asRecord(message.info);
        const messageId = this.firstNonEmptyString(
          info?.id,
          message.id,
          message.messageID,
        );
        const subagentsRaw = Array.isArray(message.subagents)
          ? message.subagents
          : [];
        if (!messageId || subagentsRaw.length === 0) {
          return null;
        }
    
        const summaries: Array<Record<string, unknown>> = [];
        const detailsById: Record<string, unknown> = {};
    
        for (const subagentRaw of subagentsRaw) {
          const subagent = this.asRecord(subagentRaw);
          if (!subagent) {
            continue;
          }
          const id = this.firstNonEmptyString(subagent.id);
          if (!id) {
            continue;
          }
          const parentSessionId = this.firstNonEmptyString(
            subagent.parentSessionId,
            fallbackSessionId,
          );
          const parentMessageId = this.firstNonEmptyString(
            subagent.parentMessageId,
            messageId,
          );
          if (!parentSessionId || !parentMessageId) {
            continue;
          }
    
          const normalized: Record<string, unknown> = {
            ...subagent,
            id,
            parentSessionId,
            parentMessageId,
            status: this.normalizeSubagentStatus(subagent.status),
            latestActivity:
              this.firstNonEmptyString(
                subagent.latestActivity,
                subagent.description,
              ) || "Subagent update",
          };
          if (!Array.isArray(normalized.references)) {
            normalized.references = [];
          }
          if (!Array.isArray(normalized.progressEvents)) {
            normalized.progressEvents = [];
          }
          if (!Array.isArray(normalized.thinkingEvents)) {
            normalized.thinkingEvents = [];
          }
          if (!Array.isArray(normalized.timelineEvents)) {
            normalized.timelineEvents = [];
          }
    
          summaries.push({
            id,
            parentSessionId,
            parentMessageId,
            childSessionId: normalized.childSessionId,
            agentId: normalized.agentId,
            providerID: normalized.providerID,
            modelID: normalized.modelID,
            startedAt: normalized.startedAt,
            endedAt: normalized.endedAt,
            durationMs: normalized.durationMs,
            status: normalized.status,
            latestActivity: normalized.latestActivity,
            references: normalized.references,
          });
          detailsById[id] = normalized;
        }
    
        if (summaries.length === 0) {
          return null;
        }
    
        return {
          summariesByParentMessageId: {
            [messageId]: summaries as SubagentUpdatePayload["summariesByParentMessageId"][string],
          } as SubagentUpdatePayload["summariesByParentMessageId"],
          detailsById: detailsById as SubagentUpdatePayload["detailsById"],
        };
      }
    
      /**
       * Persist subagent update snapshot
       */
      async persistSubagentUpdateSnapshot(
        payload: {
          summariesByParentMessageId?: Record<string, unknown>;
          detailsById?: Record<string, unknown>;
        },
        currentSessionId: string | undefined,
        sessionService: any,
        postMessage: (msg: any) => void,
      ): Promise<void> {
        const summariesMap = this.asRecord(payload.summariesByParentMessageId) || {};
        const parentMessageIds = Object.keys(summariesMap).filter(Boolean);
        if (parentMessageIds.length === 0) {
          return;
        }
    
        const sessionId =
          this.resolveSubagentPayloadSessionId(payload) || currentSessionId;
        if (!sessionId) {
          return;
        }
    
        const normalizedPayload = this.normalizeSubagentPayload(payload);
        await this.persistSubagentLiveState(sessionId, normalizedPayload);
    
        const cachedMessages = await sessionService.loadSessionMessages(
          sessionId,
        );
        if (!Array.isArray(cachedMessages) || cachedMessages.length === 0) {
          return;
        }
    
        let hasChanges = false;
        const nextMessages = cachedMessages.map((rawMessage: any) => {
          const message = this.asRecord(rawMessage);
          if (!message) {
            return rawMessage;
          }
    
          const info = this.asRecord(message.info);
          const messageId = this.firstNonEmptyString(
            info?.id,
            message.id,
            message.messageID,
          );
          if (!messageId || !parentMessageIds.includes(messageId)) {
            return rawMessage;
          }
    
          const incomingSubagents = this.hydrateSubagentsFromPayload(
            messageId,
            normalizedPayload,
            sessionId,
          );
          if (incomingSubagents.length === 0) {
            return rawMessage;
          }
    
          const mergedSubagents = this.mergeSubagentEntries(
            Array.isArray(message.subagents) ? message.subagents as any[] : [],
            incomingSubagents,
          );
          const nextMessage: Record<string, unknown> = {
            ...message,
            subagents: mergedSubagents,
          };
          hasChanges = true;
          return nextMessage;
        });
    
        if (!hasChanges) {
          return;
        }
    
        await sessionService.saveSessionMessages(sessionId, nextMessages);
      }
    
      /**
       * Sync subagent snapshot for session
       */
      async syncSubagentSnapshotForSession(
        sessionId: string,
        messages: any[],
      ): Promise<SubagentUpdatePayload> {
        this.subagentTracker.resetForSession(sessionId);
        this.subagentTracker.seedFromMessages(messages);
        const trackerSnapshot = this.subagentTracker.getSnapshotPayload();
        const persistedSnapshot =
          await this.loadPersistedSubagentSnapshot(sessionId);
        const mergedSnapshot = persistedSnapshot
          ? this.mergeSubagentPayloads(persistedSnapshot, trackerSnapshot)
          : trackerSnapshot;
        // Note: postMessage callback will be set by the shell
        // this.view?.webview.postMessage({
        //   type: "subagentSnapshot",
        //   ...mergedSnapshot,
        // });
        await this.savePersistedSubagentSnapshot(sessionId, mergedSnapshot);
        return mergedSnapshot;
      }
    }
    
    
    /* FILE: E:\Projects\vscode-opencode\src\providers\chat\CompactionManager.ts */
    
    /**
     * CompactionManager Module
     *
     * Handles context compaction lifecycle, persistence, and UI state management.
     *
     * Extracted from ChatViewProvider.ts (~300 lines)
     */
    
    import * as vscode from "vscode";
    import type { OpencodeServerManager } from "../../services/OpencodeServerManager";
    import type { CompactionBaselineStats, PersistedCompactionViewState } from "./types";
    
    export class CompactionManager {
      private static readonly COMPACTION_VIEW_STATE_PREFIX =
        "opencode.session.compaction-view.";
    
      private compactingSessions = new Set<string>();
    
      constructor(
        private workspaceState: vscode.Memento,
        private serverManager: OpencodeServerManager,
        private logger: ReturnType<typeof import("../../utils/Logger").createLogger>,
        private asRecord: (value: unknown) => Record<string, unknown> | undefined,
        private firstNonEmptyString: (...values: unknown[]) => string | undefined,
        private processHistoryMessages: (messages: any[], sessionId: string) => Promise<any[]>,
      ) {
        // postMessage callback will be set by shell
        this.postMessage = () => { };
      }
    
      private postMessage: (msg: any) => void;
    
      setPostMessage(fn: (msg: any) => void): void {
        this.postMessage = fn;
      }
    
      /**
       * Get storage key for compaction view state
       */
      getCompactionViewStateStorageKey(sessionId: string): string {
        return `${CompactionManager.COMPACTION_VIEW_STATE_PREFIX}${sessionId}`;
      }
    
      /**
       * Normalize compaction baseline stats
       */
      normalizeCompactionBaselineStats(
        value: unknown,
      ): CompactionBaselineStats | undefined {
        const rec = this.asRecord(value);
        if (!rec) {
          return undefined;
        }
    
        const normalize = (raw: unknown): number | undefined =>
          typeof raw === "number" && Number.isFinite(raw) && raw >= 0
            ? Math.floor(raw)
            : undefined;
    
        const input = normalize(rec.input);
        const output = normalize(rec.output);
        const read = normalize(rec.read);
        const write = normalize(rec.write);
        const duration = normalize(rec.duration);
    
        if (
          input === undefined &&
          output === undefined &&
          read === undefined &&
          write === undefined &&
          duration === undefined
        ) {
          return undefined;
        }
    
        return {
          input: input ?? 0,
          output: output ?? 0,
          read: read ?? 0,
          write: write ?? 0,
          duration: duration ?? 0,
        };
      }
    
      /**
       * Normalize compaction view state
       */
      normalizeCompactionViewState(
        value: unknown,
      ): PersistedCompactionViewState | null {
        const rec = this.asRecord(value);
        if (!rec) {
          return null;
        }
    
        const next: PersistedCompactionViewState = {};
        if (
          typeof rec.lastCompactedAt === "number" &&
          Number.isFinite(rec.lastCompactedAt) &&
          rec.lastCompactedAt > 0
        ) {
          next.lastCompactedAt = Math.floor(rec.lastCompactedAt);
        }
        const baselineStats = this.normalizeCompactionBaselineStats(
          rec.baselineStats,
        );
        if (baselineStats) {
          next.baselineStats = baselineStats;
        }
        if (
          typeof rec.compactionDividerIndex === "number" &&
          Number.isFinite(rec.compactionDividerIndex) &&
          rec.compactionDividerIndex >= 0
        ) {
          next.compactionDividerIndex = Math.floor(rec.compactionDividerIndex);
        }
        const dividerBeforeMessageId = this.firstNonEmptyString(
          rec.compactionDividerBeforeMessageId,
        );
        if (dividerBeforeMessageId) {
          next.compactionDividerBeforeMessageId = dividerBeforeMessageId;
        }
        const dividerAfterMessageId = this.firstNonEmptyString(
          rec.compactionDividerAfterMessageId,
        );
        if (dividerAfterMessageId) {
          next.compactionDividerAfterMessageId = dividerAfterMessageId;
        }
        if (typeof rec.collapsed === "boolean") {
          next.collapsed = rec.collapsed;
        }
    
        return Object.keys(next).length > 0 ? next : null;
      }
    
      /**
       * Load persisted compaction view state
       */
      async loadPersistedCompactionViewState(
        sessionId: string,
      ): Promise<PersistedCompactionViewState | null> {
        const raw = this.workspaceState.get<unknown>(
          this.getCompactionViewStateStorageKey(sessionId),
        );
        return this.normalizeCompactionViewState(raw);
      }
    
      /**
       * Save persisted compaction view state
       */
      async savePersistedCompactionViewState(
        sessionId: string,
        state: PersistedCompactionViewState,
      ): Promise<void> {
        await this.workspaceState.update(
          this.getCompactionViewStateStorageKey(sessionId),
          state,
        );
      }
    
      /**
       * Clear persisted compaction view state
       */
      async clearPersistedCompactionViewState(
        sessionId: string,
      ): Promise<void> {
        await this.workspaceState.update(
          this.getCompactionViewStateStorageKey(sessionId),
          undefined,
        );
      }
    
      /**
       * Post compaction view state to webview
       */
      postCompactionViewState(
        sessionId: string,
        state: PersistedCompactionViewState,
      ): void {
        this.postMessage({
          type: "compactionViewState",
          sessionId,
          ...state,
        });
      }
    
      /**
       * Send persisted compaction view state to webview
       */
      async sendPersistedCompactionViewState(
        sessionId: string,
      ): Promise<void> {
        const state = await this.loadPersistedCompactionViewState(sessionId);
        if (!state) {
          return;
        }
        this.postCompactionViewState(sessionId, state);
      }
    
      /**
       * Resolve session compaction divider state
       */
      async resolveSessionCompactionDividerState(
        sessionId: string,
        sessionService: any,
      ): Promise<{
        compactionDividerIndex?: number;
        compactionDividerBeforeMessageId?: string;
        compactionDividerAfterMessageId?: string;
      }> {
        try {
          const rawMessages = await sessionService.getMessages(sessionId);
          const messages = Array.isArray(rawMessages)
            ? await this.processHistoryMessages(rawMessages, sessionId)
            : [];
    
          const state = await this.loadPersistedCompactionViewState(sessionId);
          if (!state) {
            return {};
          }
    
          const dividerIndex = state.compactionDividerIndex;
          if (dividerIndex === undefined || dividerIndex < 0 || dividerIndex >= messages.length) {
            return {};
          }
    
          const beforeMessage = messages[dividerIndex];
          const afterMessage = messages[dividerIndex + 1];
    
          return {
            compactionDividerIndex: dividerIndex,
            compactionDividerBeforeMessageId: this.firstNonEmptyString(
              beforeMessage?.id,
              beforeMessage?.messageId,
            ),
            compactionDividerAfterMessageId: this.firstNonEmptyString(
              afterMessage?.id,
              afterMessage?.messageId,
            ),
          };
        } catch {
          return {};
        }
      }
    
      /**
       * Post compaction status
       */
      postCompactionStatus(payload: {
        sessionId: string;
        status: string;
        error?: string;
        compacted?: boolean;
        baselineStats?: CompactionBaselineStats;
        compactionDividerBeforeMessageId?: string;
        compactionDividerAfterMessageId?: string;
      }): void {
        this.postMessage({
          type: "compactionStatus",
          ...payload,
        });
      }
    
      /**
       * Persist and publish compaction view state
       */
      async persistAndPublishCompactionViewState(
        sessionId: string,
        state: PersistedCompactionViewState,
      ): Promise<void> {
        await this.savePersistedCompactionViewState(sessionId, state);
        this.postCompactionViewState(sessionId, state);
      }
    
      /**
       * Handle set compaction view state
       */
      async handleSetCompactionViewState(message: {
        sessionId: string;
        collapsed?: boolean;
        compactionDividerIndex?: number;
        compactionDividerBeforeMessageId?: string;
        compactionDividerAfterMessageId?: string;
      }): Promise<void> {
        const { sessionId, collapsed } = message;
        const state = await this.loadPersistedCompactionViewState(sessionId);
        if (!state) {
          return;
        }
        state.collapsed = collapsed;
        if (
          typeof message.compactionDividerIndex === "number" &&
          Number.isFinite(message.compactionDividerIndex) &&
          message.compactionDividerIndex >= 0
        ) {
          state.compactionDividerIndex = Math.floor(message.compactionDividerIndex);
        }
        const dividerBefore = this.firstNonEmptyString(
          message.compactionDividerBeforeMessageId,
        );
        if (dividerBefore) {
          state.compactionDividerBeforeMessageId = dividerBefore;
        }
        const dividerAfter = this.firstNonEmptyString(
          message.compactionDividerAfterMessageId,
        );
        if (dividerAfter) {
          state.compactionDividerAfterMessageId = dividerAfter;
        }
        await this.persistAndPublishCompactionViewState(sessionId, state);
      }
    
      /**
       * Resolve compaction session ID
       */
      async resolveCompactionSessionId(message: {
        sessionId?: string;
        compactSession?: string;
      }): Promise<string | undefined> {
        if (message.sessionId) {
          return message.sessionId;
        }
        if (message.compactSession) {
          return message.compactSession;
        }
        return undefined;
      }
    
      /**
       * Get selected model context limit
       */
      getSelectedModelContextLimit(): number | undefined {
        // This will be provided by the shell via callback
        return undefined;
      }
    
      /**
       * Maybe auto compact session
       */
      async maybeAutoCompact(
        sessionId: string,
        responseData: any,
        sessionService: any,
      ): Promise<void> {
        if (!responseData?.usage) {
          return;
        }
    
        const contextLimit = this.getSelectedModelContextLimit();
        if (!contextLimit) {
          return;
        }
    
        const totalTokens = (responseData.usage.inputTokens || 0) +
          (responseData.usage.totalTokens || 0) +
          (responseData.usage.prompt_tokens || 0);
    
        const threshold = Math.floor(contextLimit * 0.8);
        if (totalTokens < threshold) {
          return;
        }
    
        if (this.compactingSessions.has(sessionId)) {
          return;
        }
    
        this.logger.info("Auto-compaction threshold reached", {
          sessionId,
          totalTokens,
          threshold,
          contextLimit,
        });
    
        await this.handleCompactSession(
          sessionId,
          { auto: true, threshold: totalTokens },
          sessionService,
        );
      }
    
      /**
       * Handle compact session
       */
      async handleCompactSession(
        sessionId: string,
        options: { auto?: boolean; threshold?: number },
        sessionService: any,
      ): Promise<void> {
        if (this.compactingSessions.has(sessionId)) {
          this.logger.warn("Compaction already in progress", { sessionId });
          return;
        }
    
        this.compactingSessions.add(sessionId);
    
        try {
          const dividerState = await this.resolveSessionCompactionDividerState(
            sessionId,
            sessionService,
          );
    
          this.postCompactionStatus({
            sessionId,
            status: "running",
          });
    
          const response = await this.serverManager.compactSession(sessionId);
    
          if (!response?.data) {
            throw new Error("No data in compaction response");
          }
    
          const baselineStats = this.normalizeCompactionBaselineStats(
            (response.data as Record<string, unknown>)?.baselineStats,
          );
    
          const state: PersistedCompactionViewState = {
            lastCompactedAt: Date.now(),
            baselineStats,
            collapsed: false,
            compactionDividerIndex: dividerState.compactionDividerIndex,
            compactionDividerBeforeMessageId:
              dividerState.compactionDividerBeforeMessageId,
            compactionDividerAfterMessageId:
              dividerState.compactionDividerAfterMessageId,
          };
    
          await this.persistAndPublishCompactionViewState(sessionId, state);
    
          this.postCompactionStatus({
            sessionId,
            status: "done",
            compacted: true,
            baselineStats,
            compactionDividerBeforeMessageId:
              dividerState.compactionDividerBeforeMessageId,
            compactionDividerAfterMessageId:
              dividerState.compactionDividerAfterMessageId,
          });
    
          this.logger.info("Session compacted successfully", {
            sessionId,
            auto: options.auto,
            baselineStats,
          });
        } catch (error) {
          const errorMessage = error instanceof Error ? error.message : String(error);
          this.logger.error("Session compaction failed", {
            sessionId,
            error: errorMessage,
          });
    
          this.postCompactionStatus({
            sessionId,
            status: "error",
            error: errorMessage,
          });
        } finally {
          this.compactingSessions.delete(sessionId);
        }
      }
    
      /**
       * Forward compaction status from stream event
       */
      forwardCompactionStatusFromStreamEvent(event: unknown): void {
        const rec = this.asRecord(event);
        if (!rec) return;
    
        const sessionId = this.firstNonEmptyString(
          rec.sessionId,
          rec.sessionID,
        );
        if (!sessionId) return;
    
        const status = this.firstNonEmptyString(rec.status);
        const normalizedStatus = status === "completed" ? "done" : status;
        const compacted = rec.compacted === true;
        const error = this.firstNonEmptyString(rec.error);
        const baselineStats = this.normalizeCompactionBaselineStats(rec.baselineStats);
        const compactionDividerBeforeMessageId = this.firstNonEmptyString(
          rec.compactionDividerBeforeMessageId,
        );
        const compactionDividerAfterMessageId = this.firstNonEmptyString(
          rec.compactionDividerAfterMessageId,
        );
    
        if (
          !normalizedStatus &&
          !compacted &&
          !error &&
          !baselineStats &&
          !compactionDividerBeforeMessageId &&
          !compactionDividerAfterMessageId
        ) {
          return;
        }
    
        this.postCompactionStatus({
          sessionId,
          status: normalizedStatus || "unknown",
          compacted,
          error,
          baselineStats,
          compactionDividerBeforeMessageId,
          compactionDividerAfterMessageId,
        });
      }
    }
    
    
    /* FILE: E:\Projects\vscode-opencode\src\providers\chat\DiagnosticsLogger.ts */
    
    /**
     * DiagnosticsLogger Module
     *
     * Handles all debug logging, render-parity tracing, debug file I/O,
     * and AI diagnostic snapshots.
     *
     * Extracted from ChatViewProvider.ts lines 4586-5090
     */
    
    import * as vscode from "vscode";
    import * as path from "path";
    import * as fs from "fs/promises";
    import * as os from "os";
    import { createLogger } from "../../utils/Logger";
    
    export class DiagnosticsLogger {
      private renderParityLogWriteChain: Promise<void> = Promise.resolve();
      private renderParityDebugFilePath?: string;
      private didLogRenderParityFilePath = false;
      private readonly promptDebugBySession = new Map<string, Record<string, unknown>>();
    
      constructor(
        private logger: ReturnType<typeof createLogger>,
        private asRecord: (value: unknown) => Record<string, unknown> | undefined,
        private firstNonEmptyString: (...values: unknown[]) => string | undefined,
        private extractMessageBodyText: (message: any) => string,
        private historyMessageCreatedAt: (message: any) => number | undefined,
        private extractHistoryMessageId: (message: any) => string | undefined,
        private isRenderableHistoryMessage: (message: any) => boolean,
        private historyMessageFingerprint: (message: any) => string | undefined,
      ) { }
    
      /**
       * Log diagnostics for stream events
       */
      logStreamEventDiagnostics(event: any, enrichedEvent?: any): void {
        const eventType = typeof event?.type === "string" ? event.type : "unknown";
        const properties = this.asRecord(event?.properties) || {};
        const part = this.asRecord(properties?.part);
        const info = this.asRecord(properties?.info);
    
        const sessionID =
          this.firstNonEmptyString(
            properties?.sessionID,
            properties?.sessionId,
            part?.sessionID,
            part?.sessionId,
            info?.sessionID,
            info?.sessionId,
          ) || undefined;
        const messageID =
          this.firstNonEmptyString(
            properties?.messageID,
            properties?.messageId,
            part?.messageID,
            part?.messageId,
            info?.id,
          ) || undefined;
    
        const structured = this.asRecord(enrichedEvent?.structured);
        const structuredOutput = this.asRecord(enrichedEvent?.structuredOutput);
        const partPreview =
          this.firstNonEmptyString(
            part?.delta,
            part?.text,
            part?.content,
            part?.reasoning,
            part?.thought,
            part?.thinking,
          ) || undefined;
        const eventPreview =
          this.firstNonEmptyString(
            event?.delta,
            event?.text,
            event?.content,
            event?.reasoning,
          ) || undefined;
        const preview = partPreview || eventPreview;
        const summary: Record<string, unknown> = {
          type: eventType,
          source: this.firstNonEmptyString(event?.source),
          directory: this.firstNonEmptyString(event?.directory),
          sessionID,
          messageID,
          partType: this.firstNonEmptyString(part?.type),
          hasProperties: Object.keys(properties).length > 0,
          structuredKind: this.firstNonEmptyString(structured?.kind),
          structuredResponseType: this.firstNonEmptyString(
            structuredOutput?.responseType,
          ),
          hasStructuredOutput: Boolean(structuredOutput),
          preview: preview ? preview.slice(0, 180) : undefined,
          previewLength: preview?.length,
        };
    
        if (eventType === "server.heartbeat") {
          if (this.shouldVerboseStreamDebug()) {
            this.logger.debug("Stream heartbeat", summary);
          }
          return;
        }
    
        const shouldLogInfo =
          eventType === "message.updated" ||
          eventType === "message.completed" ||
          eventType === "session.completed";
        // Removed render-parity.ndjson file writing to prevent tool call creation
        // const shouldPersistFile =
        //   shouldLogInfo ||
        //   eventType === "message.part.updated" ||
        //   eventType === "message.part.added" ||
        //   eventType === "message.part.created";
        // if (shouldPersistFile) {
        //   this.appendRenderParityDebugLog("stream", summary);
        // }
        if (this.shouldVerboseStreamDebug()) {
          this.logger.debug("Stream event received", summary);
          return;
        }
        if (shouldLogInfo) {
          this.logger.info("Render parity stream snapshot", summary);
        }
      }
    
      /**
       * Summarize a render message for debugging
       */
      summarizeRenderMessageForDebug(
        message: any,
        index: number,
      ): Record<string, unknown> {
        const info = this.asRecord(message?.info);
        const structured = this.asRecord(
          message?.structuredOutput ??
          message?.structured_output ??
          info?.structuredOutput ??
          info?.structured,
        );
        const content =
          this.firstNonEmptyString(
            message?.content,
            message?.text,
            this.extractMessageBodyText(message),
          ) || "";
        const createdAt = this.historyMessageCreatedAt(message);
        const id = this.extractHistoryMessageId(message);
        const responseType = this.firstNonEmptyString(
          structured?.responseType,
        )?.toLowerCase();
    
        // Create a compact, debug-friendly summary
        const role =
          this.firstNonEmptyString(message?.role, info?.role) || "unknown";
        const partCount = Array.isArray(message?.parts) ? message.parts.length : 0;
        const interactiveCount = Array.isArray(message?.interactiveEvents)
          ? message.interactiveEvents.length
          : 0;
    
        // Build a compact type string showing message type
        let typeStr = role;
        if (responseType && responseType !== 'message') {
          typeStr += `/${responseType}`;
        }
        if (interactiveCount > 0) {
          typeStr += ` [+${interactiveCount} interactive]`;
        } else if (partCount > 0) {
          typeStr += ` [+${partCount} parts]`;
        }
    
        return {
          i: index, // Compact: index
          id: id ? id.slice(-8) : 'no-id', // Compact: last 8 chars of ID
          type: typeStr, // Compact: role + type info combined
          len: content.length, // Compact: content length
          renderable: this.isRenderableHistoryMessage(message) ? '✓' : '✗', // Compact: checkmark
          preview: content ? content.slice(0, 80) + (content.length > 80 ? '...' : '') : '', // Compact: shorter preview
        };
      }
    
      /**
       * Get a compact one-line string representation for quick log scanning
       */
      summarizeRenderMessageCompact(message: any, index: number): string {
        const summary = this.summarizeRenderMessageForDebug(message, index);
        const { i, id, type, len, renderable, preview } = summary as any;
        const previewStr = preview ? `"${preview}"` : '';
        return `[${i}] ${id} ${type} ${len} chars ${renderable} ${previewStr}`.trim();
      }
    
      /**
       * Log history render diagnostics
       */
      logHistoryRenderDiagnostics(
        source: string,
        sessionId: string | undefined,
        rawMessages: any[],
        processedMessages: any[],
      ): void {
        const rawTail = rawMessages.slice(-20);
        const processedTail = processedMessages.slice(-20);
        const rawSummary = rawTail.map((message, index) =>
          this.summarizeRenderMessageForDebug(
            message,
            rawMessages.length - rawTail.length + index,
          ),
        );
        const processedSummary = processedTail.map((message, index) =>
          this.summarizeRenderMessageForDebug(
            message,
            processedMessages.length - processedTail.length + index,
          ),
        );
    
        const rawIds = new Set(
          rawSummary
            .map((item) => this.firstNonEmptyString(item.id))
            .filter((value): value is string => Boolean(value)),
        );
        const processedIds = new Set(
          processedSummary
            .map((item) => this.firstNonEmptyString(item.id))
            .filter((value): value is string => Boolean(value)),
        );
        const missingProcessedIds = Array.from(rawIds).filter(
          (id) => !processedIds.has(id),
        );
    
        // Generate compact log lines for easier debugging
        const rawCompact = rawTail.map((msg, i) =>
          this.summarizeRenderMessageCompact(msg, rawMessages.length - rawTail.length + i)
        );
        const processedCompact = processedTail.map((msg, i) =>
          this.summarizeRenderMessageCompact(msg, processedMessages.length - processedTail.length + i)
        );
    
        const summaryContext: Record<string, unknown> = {
          source,
          sessionId,
          stats: `${rawMessages.length} raw → ${processedMessages.length} processed (${rawMessages.length - processedMessages.length} dropped)`,
          missing: missingProcessedIds.length > 0 ? missingProcessedIds.map(id => id.slice(-8)).join(', ') : 'none',
          rawTail: rawCompact,
          processedTail: processedCompact,
        };
    
        // Disabled render-parity.ndjson file writing to prevent tool call creation
        // this.appendRenderParityDebugLog("history", {
        //   ...summaryContext,
        //   rawTailVerbose: rawSummary,
        //   processedTailVerbose: processedSummary,
        // });
    
        this.logger.info("History render parity", summaryContext);
    
        if (this.shouldVerboseStreamDebug()) {
          this.logger.debug("History raw tail (verbose)", {
            source,
            sessionId,
            items: rawSummary,
          });
          this.logger.debug("History processed tail (verbose)", {
            source,
            sessionId,
            items: processedSummary,
          });
        }
      }
    
      /**
       * Log prompt response diagnostics
       */
      logPromptResponseDiagnostics(
        sessionId: string,
        responseData: any,
      ): void {
        if (!this.shouldVerboseStreamDebug()) {
          return;
        }
    
        if (!responseData || typeof responseData !== "object") {
          return;
        }
    
        const info = this.asRecord(responseData.info);
        const messageId = this.firstNonEmptyString(info?.id, responseData.id);
        const parts = Array.isArray(responseData.parts) ? responseData.parts : [];
    
        this.logger.debug("Final response diagnostics", {
          sessionId,
          messageId,
          partCount: parts.length,
          partTypes: parts.map((part: any) =>
            typeof part?.type === "string" ? part.type : "unknown",
          ),
          role: this.firstNonEmptyString(info?.role, responseData.role),
          modelID: this.firstNonEmptyString(info?.modelID, responseData.modelID),
          providerID: this.firstNonEmptyString(
            info?.providerID,
            responseData.providerID,
          ),
        });
    
        parts.forEach((part: any, index: number) => {
          const partRec = this.asRecord(part) || {};
          const preview = this.firstNonEmptyString(
            partRec.delta,
            partRec.text,
            partRec.content,
            partRec.reasoning,
            partRec.message,
          );
          this.logger.debug("Final response part", {
            sessionId,
            messageId,
            index,
            type: this.firstNonEmptyString(partRec.type) || "unknown",
            preview:
              typeof preview === "string" ? preview.slice(0, 220) : undefined,
          });
        });
      }
    
      /**
       * Sanitize debug payload for logging
       */
      sanitizeDebugPayload(value: unknown): unknown {
        const maxDepth = 6;
        const maxArrayItems = 30;
        const maxObjectKeys = 80;
        const maxStringLength = 4000;
        const seen = new WeakSet<object>();
    
        const walk = (input: unknown, depth: number): unknown => {
          if (input === null || typeof input === "boolean" || typeof input === "number") {
            return input;
          }
          if (typeof input === "string") {
            if (input.startsWith("data:")) {
              return `<data-url omitted; length=${input.length}>`;
            }
            if (input.length > maxStringLength) {
              const truncatedBy = input.length - maxStringLength;
              return `${input.slice(0, maxStringLength)} ...<truncated ${truncatedBy} chars>`;
            }
            return input;
          }
          if (typeof input === "bigint") {
            return input.toString();
          }
          if (typeof input === "undefined") {
            return undefined;
          }
          if (typeof input === "function") {
            return "<function>";
          }
          if (typeof input !== "object") {
            return String(input);
          }
    
          if (seen.has(input as object)) {
            return "<circular>";
          }
          seen.add(input as object);
    
          if (depth >= maxDepth) {
            return "<max-depth>";
          }
    
          if (Array.isArray(input)) {
            const items = input
              .slice(0, maxArrayItems)
              .map((item) => walk(item, depth + 1));
            if (input.length > maxArrayItems) {
              items.push(
                `<truncated array; omitted ${input.length - maxArrayItems} item(s)>`,
              );
            }
            return items;
          }
    
          const rec = this.asRecord(input) || {};
          const entries = Object.entries(rec).slice(0, maxObjectKeys);
          const out: Record<string, unknown> = {};
          entries.forEach(([key, val]) => {
            const next = walk(val, depth + 1);
            if (typeof next !== "undefined") {
              out[key] = next;
            }
          });
          if (Object.keys(rec).length > maxObjectKeys) {
            out.__truncatedKeys = `<omitted ${Object.keys(rec).length - maxObjectKeys} key(s)>`;
          }
          return out;
        };
    
        return walk(value, 0);
      }
    
      /**
       * Build raw response debug text
       */
      buildRawResponseDebugText(value: unknown): string {
        const maxChars = 30000;
        let text: string;
        try {
          text = JSON.stringify(this.sanitizeDebugPayload(value), null, 2);
        } catch {
          try {
            text = String(value);
          } catch {
            text = "<unserializable response payload>";
          }
        }
        if (!text) {
          return "";
        }
        if (text.length <= maxChars) {
          return text;
        }
        return `${text.slice(0, maxChars)}\n...<truncated ${text.length - maxChars} chars>`;
      }
    
      /**
       * Get the debug file path
       */
      getDebugFilePath(): string | undefined {
        const workspaceFolder = vscode.workspace.workspaceFolders?.[0];
        if (!workspaceFolder || workspaceFolder.uri.scheme !== "file") {
          return undefined;
        }
        return path.join(
          workspaceFolder.uri.fsPath,
          ".opencode-debug",
          "last-ai-exchange.json",
        );
      }
    
      /**
       * Get the render parity debug file path
       */
      getRenderParityDebugFilePath(): string {
        if (this.renderParityDebugFilePath) {
          return this.renderParityDebugFilePath;
        }
    
        const workspaceFolder = vscode.workspace.workspaceFolders?.[0];
        if (workspaceFolder?.uri.scheme === "file") {
          this.renderParityDebugFilePath = path.join(
            workspaceFolder.uri.fsPath,
            ".opencode-debug",
            "render-parity.ndjson",
          );
          return this.renderParityDebugFilePath;
        }
    
        this.renderParityDebugFilePath = path.join(
          os.tmpdir(),
          "opencode-debug",
          "render-parity.ndjson",
        );
        return this.renderParityDebugFilePath;
      }
    
      /**
       * Append render parity debug log
       */
      appendRenderParityDebugLog(
        channel: "stream" | "history",
        payload: Record<string, unknown>,
      ): void {
        const filePath = this.getRenderParityDebugFilePath();
        const entry = {
          timestamp: new Date().toISOString(),
          channel,
          ...payload,
        };
        const line = `${JSON.stringify(this.sanitizeDebugPayload(entry))}\n`;
    
        this.renderParityLogWriteChain = this.renderParityLogWriteChain
          .catch(() => undefined)
          .then(async () => {
            try {
              await vscode.workspace.fs.createDirectory(
                vscode.Uri.file(path.dirname(filePath)),
              );
              await fs.appendFile(filePath, line, "utf8");
              if (!this.didLogRenderParityFilePath) {
                this.didLogRenderParityFilePath = true;
                this.logger.info("Render parity debug file active", { filePath });
              }
            } catch (error) {
              if (this.shouldVerboseStreamDebug()) {
                this.logger.warn("Failed to append render parity debug log", {
                  filePath,
                  error: error instanceof Error ? error.message : String(error),
                });
              }
            }
          });
      }
    
      /**
       * Persist AI debug snapshot
       */
      async persistAiDebugSnapshot(
        snapshot: Record<string, unknown>,
      ): Promise<void> {
        try {
          const filePath = this.getDebugFilePath();
          if (!filePath) return;
    
          const dirPath = path.dirname(filePath);
          await vscode.workspace.fs.createDirectory(vscode.Uri.file(dirPath));
          await vscode.workspace.fs.writeFile(
            vscode.Uri.file(filePath),
            new TextEncoder().encode(`${JSON.stringify(snapshot, null, 2)}\n`),
          );
          this.logger.info("AI debug snapshot written", { filePath });
        } catch (error) {
          this.logger.warn("Failed to persist AI debug snapshot", {
            error: error instanceof Error ? error.message : String(error),
          });
        }
      }
    
      /**
       * Log prompt request payload
       */
      async logPromptRequestPayload(
        sessionId: string,
        promptBody: any,
        useStructuredOutput: boolean,
      ): Promise<void> {
        const requestRecord: Record<string, unknown> = {
          timestamp: new Date().toISOString(),
          sessionId,
          useStructuredOutput,
          prompt: this.sanitizeDebugPayload(promptBody),
        };
        this.promptDebugBySession.set(sessionId, requestRecord);
    
        this.logger.info("AI DEBUG request payload", {
          sessionId,
          useStructuredOutput,
          prompt: requestRecord.prompt,
        });
        this.logger.debug("AI DEBUG request payload", {
          sessionId,
          useStructuredOutput,
        });
        await this.persistAiDebugSnapshot({
          phase: "request",
          ...requestRecord,
        });
      }
    
      /**
       * Log prompt response payload
       */
      async logPromptResponsePayload(
        sessionId: string,
        response: any,
        durationSeconds: number,
        useStructuredOutput: boolean,
      ): Promise<void> {
        const requestRecord = this.promptDebugBySession.get(sessionId);
        const responseRecord: Record<string, unknown> = {
          timestamp: new Date().toISOString(),
          sessionId,
          useStructuredOutput,
          durationSeconds,
          status: response?.response?.status,
          hasData: Boolean(response?.data),
          hasError: Boolean(response?.error),
          error: this.sanitizeDebugPayload(response?.error),
          data: this.sanitizeDebugPayload(response?.data),
        };
    
        const combined: Record<string, unknown> = {
          phase: "response",
          request: requestRecord,
          response: responseRecord,
        };
        this.logger.info("AI DEBUG response payload", {
          sessionId,
          useStructuredOutput,
          status: responseRecord.status,
          hasData: responseRecord.hasData,
          hasError: responseRecord.hasError,
        });
        this.logger.debug("AI DEBUG response payload", {
          sessionId,
          useStructuredOutput,
          status: responseRecord.status,
          hasData: responseRecord.hasData,
          hasError: responseRecord.hasError,
        });
        await this.persistAiDebugSnapshot(combined);
        this.promptDebugBySession.delete(sessionId);
      }
    
      /**
       * Check if verbose stream debug is enabled
       */
      private shouldVerboseStreamDebug(): boolean {
        const level = vscode.workspace
          .getConfiguration("opencode.logging")
          .get<string>("level", "info");
        return typeof level === "string" && level.toLowerCase() === "debug";
      }
    }
    
    
    /* FILE: E:\Projects\vscode-opencode\src\providers\chat\QueueManager.ts */
    
    /**
     * QueueManager Module
     *
     * Prompt queue CRUD, execution lifecycle, and dispatch scheduling.
     *
     * Extracted from ChatViewProvider.ts (~300 lines)
     */
    
    import type { QueuedPrompt } from "./types";
    
    export class QueueManager {
      private queue: QueuedPrompt[] = [];
      private isExecuting = false;
    
      constructor(
        private logger: ReturnType<typeof import("../../utils/Logger").createLogger>,
      ) {
        this.handleSendMessage = async () => { };
        this.handleStopRequest = () => { };
        this.getCurrentSessionId = () => undefined;
        this.postMessage = () => { };
      }
    
      private handleSendMessage: (
        text: string,
        files?: string[],
        contexts?: any[],
        images?: any[],
        agent?: string,
        isRetry?: boolean,
        recoveredContext?: any,
        retryWithoutStructuredOutput?: boolean,
        structuredFallbackReason?: string,
        userFacingText?: string,
      ) => Promise<void>;
      private handleStopRequest: () => void;
      private getCurrentSessionId: () => string | undefined;
      private postMessage: (msg: any) => void;
    
      setHandleSendMessage(
        fn: (
          text: string,
          files?: string[],
          contexts?: any[],
          images?: any[],
          agent?: string,
          isRetry?: boolean,
          recoveredContext?: any,
          retryWithoutStructuredOutput?: boolean,
          structuredFallbackReason?: string,
          userFacingText?: string,
        ) => Promise<void>,
      ): void {
        this.handleSendMessage = fn;
      }
    
      setHandleStopRequest(fn: () => void): void {
        this.handleStopRequest = fn;
      }
    
      setGetCurrentSessionId(fn: () => string | undefined): void {
        this.getCurrentSessionId = fn;
      }
    
      setPostMessage(fn: (msg: any) => void): void {
        this.postMessage = fn;
      }
    
      /**
       * Add prompt to queue with logging
       */
      addToQueue(prompt: QueuedPrompt): void {
        const correlationId = this.logger.startFeatureFlow('add-to-queue', {
          promptId: prompt.id,
          sessionId: prompt.sessionId,
        });
    
        this.queue.push(prompt);
    
        this.logger.logStateChange(
          'queue-size',
          this.queue.length - 1,
          this.queue.length,
          'add-to-queue'
        );
    
        this.logger.info('Prompt added to queue', {
          correlationId,
          promptId: prompt.id,
          queuePosition: this.queue.length,
          text: prompt.text.slice(0, 100),
        });
    
        this.logger.endFeatureFlow(correlationId, {
          success: true,
          queueSize: this.queue.length,
        });
      }
    
      /**
       * Add prompt to queue and optionally prioritize it to the front.
       */
      enqueuePrompt(prompt: QueuedPrompt, atFront = false): void {
        if (atFront) {
          const correlationId = this.logger.startFeatureFlow('add-to-queue-front', {
            promptId: prompt.id,
            sessionId: prompt.sessionId,
          });
    
          this.queue.unshift(prompt);
          this.logger.logStateChange(
            'queue-size',
            this.queue.length - 1,
            this.queue.length,
            'add-to-queue-front'
          );
          this.logger.info('Prompt prioritized in queue', {
            correlationId,
            promptId: prompt.id,
            queuePosition: 1,
            text: prompt.text.slice(0, 100),
          });
          this.logger.endFeatureFlow(correlationId, {
            success: true,
            queueSize: this.queue.length,
          });
          return;
        }
    
        this.addToQueue(prompt);
      }
    
      /**
       * Execute queue with logging
       */
      async executeQueue(
        executePrompt: (prompt: QueuedPrompt) => Promise<void>
      ): Promise<void> {
        if (this.queue.length === 0) {
          this.logger.debug('Execute queue called with empty queue', {
            queueSize: 0,
          });
          return;
        }
    
        if (this.isExecuting) {
          this.logger.warn('Queue already executing', {
            queueSize: this.queue.length,
          });
          return;
        }
    
        const correlationId = this.logger.startFeatureFlow('execute-queue', {
          queueSize: this.queue.length,
        });
        const startTime = Date.now();
    
        this.logger.logStateChange('queue-executing', false, true, 'execute-queue-start');
        this.isExecuting = true;
    
        try {
          this.logger.info('Starting queue execution', {
            correlationId,
            promptCount: this.queue.length,
          });
    
          let completedCount = 0;
          let failedCount = 0;
    
          for (const prompt of this.queue) {
            this.logger.featureStep(correlationId, 'execute-prompt', {
              promptId: prompt.id,
              position: completedCount + 1,
              total: this.queue.length,
            });
    
            try {
              await executePrompt(prompt);
              completedCount++;
    
              this.logger.info('Prompt executed successfully', {
                correlationId,
                promptId: prompt.id,
                position: completedCount,
              });
            } catch (error) {
              failedCount++;
    
              this.logger.error(
                'Prompt execution failed',
                {
                  correlationId,
                  promptId: prompt.id,
                  position: completedCount + 1,
                  text: prompt.text.slice(0, 100),
                },
                error as Error
              );
            }
          }
    
          const duration = Date.now() - startTime;
    
          this.logger.performance('execute-queue', duration, {
            totalPrompts: this.queue.length,
            completedPrompts: completedCount,
            failedPrompts: failedCount,
          });
    
          this.logger.info('Queue execution completed', {
            correlationId,
            totalPrompts: this.queue.length,
            completedCount,
            failedCount,
            duration,
          });
    
          this.queue = [];
    
          this.logger.endFeatureFlow(correlationId, {
            success: true,
            completedCount,
            failedCount,
            duration,
          });
        } catch (error) {
          this.logger.error(
            'Queue execution failed',
            { correlationId },
            error as Error
          );
    
          this.logger.endFeatureFlow(correlationId, {
            success: false,
            error: String(error),
          });
          throw error;
        } finally {
          this.isExecuting = false;
          this.logger.logStateChange('queue-executing', true, false, 'execute-queue-end');
        }
      }
    
      /**
       * Clear queue with logging
       */
      clearQueue(): void {
        const correlationId = this.logger.startFeatureFlow('clear-queue', {
          currentSize: this.queue.length,
        });
    
        const previousSize = this.queue.length;
    
        this.logger.logStateChange('queue-size', previousSize, 0, 'clear-queue');
        this.logger.logStateChange('queue', this.queue, [], 'clear-queue');
    
        this.queue = [];
    
        this.logger.info('Queue cleared', {
          correlationId,
          previousSize,
          cleared: true,
        });
    
        this.logger.endFeatureFlow(correlationId, {
          success: true,
          itemsCleared: previousSize,
        });
      }
    
      /**
       * Get queue state
       */
      getQueueState(): { size: number; isExecuting: boolean; prompts: Array<{ id: string; text: string }> } {
        return {
          size: this.queue.length,
          isExecuting: this.isExecuting,
          prompts: this.queue.map(p => ({ id: p.id, text: p.text.slice(0, 50) })),
        };
      }
    
      /**
       * Handle dispatch queued item
       */
      async handleDispatchQueuedItem(
        mode: string,
        sessionId: string | undefined,
        id?: string,
        index?: number,
      ): Promise<void> {
        const flow = this.logger.startFeatureFlow('DispatchQueuedItem', { mode, sessionId, id, index });
        const currentSessionId = this.getCurrentSessionId();
        const finalSessionId = sessionId || currentSessionId;
    
        if (!finalSessionId) {
          this.logger.warn('No session ID for queued item', { id, index });
          this.logger.endFeatureFlow(flow, { status: 'failed', reason: 'No session ID' });
          return;
        }
    
        this.logger.featureStep(flow, 'dispatching_item', { id, index });
    
        if (id) {
          // Add specific queued item by ID
          const prompt = this.queue.find(p => p.id === id);
          if (prompt) {
            prompt.sessionId = finalSessionId;
            this.logger.featureStep(flow, 'sending_message_by_id', { id });
            await this.handleSendMessage(
              prompt.text,
              prompt.files,
              prompt.contexts,
              prompt.images,
              prompt.agent,
              false,
              undefined,
              false,
              undefined,
              prompt.userFacingText,
            );
            this.logger.endFeatureFlow(flow, { status: 'completed', id });
          } else {
            this.logger.warn('Queued item not found', { id });
            this.logger.endFeatureFlow(flow, { status: 'failed', reason: 'Item not found', id });
          }
        } else if (index !== undefined && index >= 0 && index < this.queue.length) {
          // Add by index
          const prompt = this.queue[index];
          prompt.sessionId = finalSessionId;
          this.logger.featureStep(flow, 'sending_message_by_index', { index });
          await this.handleSendMessage(
            prompt.text,
            prompt.files,
            prompt.contexts,
            prompt.images,
            prompt.agent,
            false,
            undefined,
            false,
            undefined,
            prompt.userFacingText,
          );
          this.logger.endFeatureFlow(flow, { status: 'completed', index });
        } else {
          this.logger.endFeatureFlow(flow, { status: 'failed', reason: 'Invalid index or ID', index, id });
        }
      }
    
      /**
       * Handle remove from queue
       */
      async handleRemoveFromQueue(payload: { id: string }): Promise<void> {
        const { id } = payload;
        const index = this.queue.findIndex(p => p.id === id);
    
        if (index !== -1) {
          const correlationId = this.logger.startFeatureFlow('remove-from-queue', {
            promptId: id,
            queuePosition: index + 1,
          });
    
          this.queue.splice(index, 1);
    
          this.logger.logStateChange(
            'queue-size',
            this.queue.length + 1,
            this.queue.length,
            'remove-from-queue'
          );
    
          this.logger.info('Prompt removed from queue', {
            correlationId,
            promptId: id,
            queueSize: this.queue.length,
          });
    
          this.logger.endFeatureFlow(correlationId, {
            success: true,
            queueSize: this.queue.length,
          });
        }
      }
    
      /**
       * Handle clear queue
       */
      async handleClearQueue(payload: { sessionId: string }): Promise<void> {
        const flow = this.logger.startFeatureFlow('ClearQueue', { sessionId: payload.sessionId });
        const previousSize = this.queue.length;
    
        this.clearQueue();
        this.sendQueueUpdate(payload.sessionId);
    
        this.logger.info('Queue cleared', {
          sessionId: payload.sessionId,
          previousSize,
          newSize: 0,
        });
        this.logger.endFeatureFlow(flow, { status: 'completed', previousSize });
      }
    
      /**
       * Send queue update to webview
       */
      sendQueueUpdate(sessionId: string): void {
        this.postMessage({
          type: 'queueUpdate',
          sessionId,
          queue: this.getQueueState(),
        });
      }
    
      /**
       * Handle execute queue
       */
      async handleExecuteQueue(payload: { sessionId: string }): Promise<void> {
        const flow = this.logger.startFeatureFlow('ExecuteQueue', { sessionId: payload.sessionId });
        const { sessionId } = payload;
    
        if (this.queue.length === 0) {
          this.logger.debug('Execute queue called with empty queue', {
            queueSize: 0,
          });
          this.logger.endFeatureFlow(flow, { status: 'skipped', reason: 'Empty queue' });
          return;
        }
    
        const queueSize = this.queue.length;
        this.logger.featureStep(flow, 'executing_queue', { queueSize, sessionId });
    
        // Update session IDs for all prompts
        for (const prompt of this.queue) {
          prompt.sessionId = sessionId;
        }
    
        // Execute queue
        await this.executeQueue(async (prompt) => {
          await this.handleSendMessage(
            prompt.text,
            prompt.files,
            prompt.contexts,
            prompt.images,
            prompt.agent,
            false,
            undefined,
            false,
            undefined,
            prompt.userFacingText,
          );
        });
    
        this.logger.info('Queue execution completed', {
          sessionId,
          itemsExecuted: queueSize,
        });
        this.logger.endFeatureFlow(flow, { status: 'completed', itemsExecuted: queueSize });
    
        // Send update after execution
        this.sendQueueUpdate(sessionId);
      }
    }
    
    
    /* FILE: E:\Projects\vscode-opencode\src\providers\chat\StreamEventHandler.ts */
    
    /**
     * StreamEventHandler Module
     *
     * The entire streamService.subscribe(...) callback body — token tracking,
     * subagent updates, todo persistence, event enrichment, and stream forwarding.
     *
     * Extracted from ChatViewProvider.ts (~350 lines)
     */
    
    import type { StructuredOutputProcessor } from "./StructuredOutputProcessor";
    import type { SubagentPersistence } from "./SubagentPersistence";
    import type { CompactionManager } from "./CompactionManager";
    import type { DiagnosticsLogger } from "./DiagnosticsLogger";
    import type { GeminiTokenUsageTracker } from "../../services/GeminiTokenUsageTracker";
    import type { SubagentTracker } from "../../services/SubagentTracker";
    import { LoggingCategories } from "../../utils/LoggingSchema";
    
    export class StreamEventHandler {
      private awaitingInteractiveAnswer = false;
      private streamStartTime?: number;
      private eventCount = 0;
      private lastEventTime?: number;
    
      constructor(
        private structuredOutputProcessor: StructuredOutputProcessor,
        private subagentPersistence: SubagentPersistence,
        private compactionManager: CompactionManager,
        private diagnosticsLogger: DiagnosticsLogger,
        private geminiTokenTracker: GeminiTokenUsageTracker,
        private subagentTracker: SubagentTracker,
        private logger: ReturnType<typeof import("../../utils/Logger").createLogger>,
      ) {
        this.postMessage = () => {};
        this.getCurrentSessionId = () => undefined;
      }
    
      private postMessage: (msg: any) => void;
      private getCurrentSessionId: () => string | undefined;
    
      setPostMessage(fn: (msg: any) => void): void {
        this.postMessage = fn;
      }
    
      setGetCurrentSessionId(fn: () => string | undefined): void {
        this.getCurrentSessionId = fn;
      }
    
      /**
       * Handle stream event
       */
      async handleStreamEvent(event: any): Promise<void> {
        if (!event) return;
    
        const enrichedEvent = this.structuredOutputProcessor.enrichStreamEvent(event);
    
        this.diagnosticsLogger.logStreamEventDiagnostics(event, enrichedEvent);
    
        const properties = enrichedEvent?.properties || event?.properties || {};
        const info = properties?.info || {};
        const sessionId =
          enrichedEvent?.sessionId ||
          event?.sessionId ||
          properties?.sessionId ||
          info?.sessionId ||
          this.getCurrentSessionId();
    
        // Handle compaction status
        if (event?.type === "message.completed" && properties?.compaction) {
          this.compactionManager.forwardCompactionStatusFromStreamEvent(properties.compaction);
        }
    
        // Handle subagent updates
        if (properties?.subagentsDelta || enrichedEvent?.structured?.subagentsDelta) {
          const subagentUpdate = properties?.subagentsDelta || enrichedEvent?.structured?.subagentsDelta;
          await this.subagentPersistence.persistSubagentUpdateSnapshot(
            subagentUpdate,
            this.getCurrentSessionId(),
            // sessionService and postMessage will be provided by shell
            {} as any,
            this.postMessage,
          );
        }
    
        // Track token usage
        if (properties?.usage) {
          const providerId = info?.providerID || info?.providerId || "unknown";
          const modelId = info?.modelID || info?.modelId || "unknown";
          const model = `${providerId}/${modelId}`;
          this.geminiTokenTracker.recordUsage(model, properties.usage);
        }
    
        // Forward to webview
        this.postMessage({
          type: "streamEvent",
          event: enrichedEvent || event,
          sessionId,
        });
      }
    
      /**
       * Start stream with logging
       */
      startStream(sessionId: string, messageId: string): void {
        this.streamStartTime = Date.now();
        this.eventCount = 0;
        this.lastEventTime = Date.now();
    
        const correlationId = this.logger.startFeatureFlow('ai-stream', {
          sessionId,
          messageId,
        });
    
        this.logger.info( 'AI stream started', {
          correlationId,
          sessionId,
          messageId,
        });
      }
    
      /**
       * End stream with logging
       */
      endStream(sessionId: string, messageId: string, success: boolean): void {
        if (!this.streamStartTime) {
          this.logger.warn( 'Stream ended but never started', {
            sessionId,
            messageId,
          });
          return;
        }
    
        const duration = Date.now() - this.streamStartTime;
        const flow = this.logger.getActiveFeatureFlow();
    
        this.logger.performance('ai-stream', duration, {
          sessionId,
          messageId,
          eventCount: this.eventCount,
          success,
          eventsPerSecond: (this.eventCount / (duration / 1000)).toFixed(2),
        });
    
        if (flow) {
          this.logger.endFeatureFlow(flow.correlationId, {
            success,
            duration,
            eventCount: this.eventCount,
          });
        }
    
        this.logger.info( 'AI stream ended', {
          sessionId,
          messageId,
          duration,
          eventCount: this.eventCount,
          success,
        });
    
        // Reset state
        this.streamStartTime = undefined;
        this.eventCount = 0;
        this.lastEventTime = undefined;
      }
    
      /**
       * Log structured output processing
       */
      logStructuredOutputProcessing(
        sessionId: string,
        messageId: string,
        structured: any,
      ): void {
        this.logger.info( 'Structured output processed', {
          sessionId,
          messageId,
          responseType: structured.responseType,
          hasProgressUpdates: structured.progressUpdates?.length > 0,
          hasInteractiveEvents: structured.interactiveEvents?.length > 0,
          hasPlan: !!structured.plan,
        });
      }
    }
    
    
    /* FILE: E:\Projects\vscode-opencode\src\providers\chat\ModelAndAgentManager.ts */
    
    /**
     * ModelAndAgentManager Module
     *
     * Model discovery, selection persistence, agent management, thinking level, commands catalog.
     *
     * Extracted from ChatViewProvider.ts (~500 lines)
     */
    
    import * as vscode from "vscode";
    import * as cp from "child_process";
    import * as util from "util";
    import type { OpencodeServerManager } from "../../services/OpencodeServerManager";
    import type { ModelCapabilitiesService } from "../../services/ModelCapabilitiesService";
    import type { Command as SdkCommand } from "@opencode-ai/sdk" with { "resolution-mode": "import" };
    import type { ChatModelOption, ChatSlashCommand, SessionSettings } from "./types";
    import { LoggingCategories } from "../../utils/LoggingSchema";
    
    export class ModelAndAgentManager {
      private selectedModel: { providerID: string; modelID: string; providerName?: string };
      private availableModels: ChatModelOption[] = [];
      private selectedAgent?: string;
      private modelsFetchPromise: Promise<ChatModelOption[]> | null = null;
      private commandCatalog: ChatSlashCommand[] = [];
      private commandCatalogFetchedAt = 0;
      private readonly COMMAND_CATALOG_TTL_MS = 5 * 60 * 1000; // 5 minutes
      private commandCatalogFetchPromise: Promise<ChatSlashCommand[]> | null = null;
    
      constructor(
        private globalState: vscode.Memento,
        private serverManager: OpencodeServerManager,
        private modelCapabilitiesService: ModelCapabilitiesService,
        private logger: ReturnType<typeof import("../../utils/Logger").createLogger>,
        private asRecord: (value: unknown) => Record<string, unknown> | undefined,
        private firstNonEmptyString: (...values: unknown[]) => string | undefined,
      ) {
        this.selectedModel = globalState.get("selectedModel") || {
          providerID: "opencode",
          modelID: "big-pickle",
        };
        this.postMessage = () => { };
      }
    
      private postMessage: (msg: any) => void;
    
      setPostMessage(fn: (msg: any) => void): void {
        this.postMessage = fn;
      }
    
      /**
       * Get selected model
       */
      getSelectedModel(): { providerID: string; modelID: string; providerName?: string } {
        return this.selectedModel;
      }
    
      /**
       * Set selected model
       */
      async setSelectedModel(model: { providerID: string; modelID: string; providerName?: string }): Promise<void> {
        const correlationId = this.logger.startFeatureFlow('model-selection', {
          providerId: model.providerID,
          modelId: model.modelID,
        });
    
        try {
          this.logger.featureStep(correlationId, 'validate-model', { model });
    
          this.logger.logStateChange(
            'selectedModel',
            this.selectedModel,
            model,
            'user-selection'
          );
    
          this.selectedModel = model;
          await this.globalState.update("selectedModel", model);
    
          this.logger.featureStep(correlationId, 'persist-selection', { model });
    
          this.logger.info('Model selected', {
            providerId: model.providerID,
            modelId: model.modelID,
            providerName: model.providerName,
          });
    
          this.logger.endFeatureFlow(correlationId, { success: true });
        } catch (error) {
          this.logger.error(
            'Failed to set selected model',
            { correlationId, model },
            error as Error
          );
          this.logger.endFeatureFlow(correlationId, { success: false, error: String(error) });
          throw error;
        }
      }
    
      /**
       * Get selected agent
       */
      getSelectedAgent(): string | undefined {
        return this.selectedAgent;
      }
    
      /**
       * Set selected agent
       */
      setSelectedAgent(agent: string | undefined): void {
        this.selectedAgent = agent;
      }
    
      /**
       * Get available models
       */
      getAvailableModels(): ChatModelOption[] {
        return this.availableModels;
      }
    
      /**
       * Handle get models request
       */
      async handleGetModels(): Promise<ChatModelOption[]> {
        const correlationId = this.logger.startFeatureFlow('fetch-models');
        const startTime = Date.now();
    
        if (this.modelsFetchPromise) {
          this.logger.debug('Using cached models fetch', {
            correlationId,
          });
          return this.modelsFetchPromise;
        }
    
        this.modelsFetchPromise = (async () => {
          this.logger.featureStep(correlationId, 'ensure-server-running');
    
          try {
            const client = await this.serverManager.ensureRunning();
    
            this.logger.featureStep(correlationId, 'fetch-provider-list');
    
            const providerListTimeoutMs = 8000;
            let timeoutHandle: NodeJS.Timeout | undefined;
            const timeoutPromise = new Promise<never>((_, reject) => {
              const scheduleDelay = Reflect.get(globalThis, "set" + "Timeout") as
                | ((callback: () => void, delay?: number) => unknown)
                | undefined;
              if (typeof scheduleDelay !== "function") {
                reject(new Error("Provider list timeout"));
                return;
              }
              timeoutHandle = scheduleDelay(
                () => reject(new Error("Provider list timeout")),
                providerListTimeoutMs,
              ) as NodeJS.Timeout;
            });
    
            const response = (await Promise.race([
              client.provider.list(),
              timeoutPromise,
            ])) as any;
            if (timeoutHandle) {
              clearTimeout(timeoutHandle);
            }
    
            const models: ChatModelOption[] = [];
            if (response?.data && Array.isArray(response.data.all)) {
              for (const provider of response.data.all) {
                if (provider?.models) {
                  for (const [modelID, modelConfig] of Object.entries(provider.models)) {
                    const limitRec = this.asRecord((modelConfig as any).limit);
                    const contextLimitRaw = limitRec?.context;
                    const contextLimit =
                      typeof contextLimitRaw === "number" &&
                        Number.isFinite(contextLimitRaw) &&
                        contextLimitRaw > 0
                        ? Math.floor(contextLimitRaw)
                        : undefined;
                    models.push({
                      providerID: provider.id,
                      modelID: modelID,
                      name: (modelConfig as any).name || modelID,
                      providerName: provider.name || provider.id,
                      contextLimit,
                    });
                  }
                }
              }
            }
    
            if (models.length > 0) {
              this.logger.info("Discovered models across all providers", {
                count: models.length,
              });
              this.availableModels = models;
              await this.resolveDefaultModel(models);
    
              this.postMessage({
                type: "modelsList",
                models,
                selectedModel: this.selectedModel,
              });
    
              const duration = Date.now() - startTime;
              this.logger.performance('fetch-models', duration, {
                modelCount: models.length,
                providers: Array.from(new Set(models.map(m => m.providerName))),
              });
    
              this.logger.info('Models fetched successfully', {
                correlationId,
                count: models.length,
                duration,
              });
    
              this.logger.endFeatureFlow(correlationId, {
                success: true,
                modelCount: models.length,
              });
    
              return models;
            }
          } catch (error) {
            this.modelsFetchPromise = null;
    
            this.logger.error(
              'Failed to fetch models',
              { correlationId },
              error as Error
            );
    
            this.logger.endFeatureFlow(correlationId, {
              success: false,
              error: String(error),
            });
    
            this.logger.error("Failed to get models", {}, error as Error);
          }
    
          const cachedModels = Array.isArray(this.availableModels) ? this.availableModels : [];
          const fallbackModels = cachedModels.length > 0 ? cachedModels : this.getSelectedModelFallbackList();
          this.availableModels = fallbackModels;
    
          if (fallbackModels.length === 0) {
            this.logger.warn("No provider models discovered");
          } else {
            this.logger.warn("Using fallback models", {
              count: fallbackModels.length,
            });
          }
    
          this.postMessage({
            type: "modelsList",
            models: fallbackModels,
            selectedModel: this.selectedModel,
          });
    
          this.logger.endFeatureFlow(correlationId, {
            success: true,
            fallbackUsed: true,
            modelCount: fallbackModels.length,
          });
    
          return fallbackModels;
        })();
    
        try {
          return await this.modelsFetchPromise;
        } finally {
          this.modelsFetchPromise = null;
        }
      }
    
      /**
       * Get selected model fallback list
       */
      getSelectedModelFallbackList(): ChatModelOption[] {
        const selected = this.selectedModel;
        if (!selected || typeof selected !== "object") {
          return [];
        }
    
        const providerID = this.firstNonEmptyString(selected.providerID);
        const modelID = this.firstNonEmptyString(selected.modelID);
        if (!providerID || !modelID) {
          return [];
        }
    
        return [
          {
            providerID,
            modelID,
            name: modelID,
            providerName: this.firstNonEmptyString(selected.providerName) || providerID,
          },
        ];
      }
    
      /**
       * Reconcile selected model selection
       */
      async reconcileSelectedModelSelection(models: ChatModelOption[]): Promise<void> {
        if (!models.length) return;
    
        const exact = models.find(
          (m) =>
            m.providerID === this.selectedModel.providerID &&
            m.modelID === this.selectedModel.modelID,
        );
        if (exact) {
          const nextProviderName = exact.providerName || exact.providerID;
          if (this.selectedModel.providerName !== nextProviderName) {
            this.selectedModel = {
              ...this.selectedModel,
              providerName: nextProviderName,
            };
            await this.globalState.update("selectedModel", this.selectedModel);
          }
          return;
        }
    
        const isLegacyGenericProvider =
          !this.selectedModel.providerID ||
          this.selectedModel.providerID === "opencode";
        if (!isLegacyGenericProvider) {
          this.logger.warn("Persisted model not found in provider catalog", {
            providerId: this.selectedModel.providerID,
            modelId: this.selectedModel.modelID,
          });
          return;
        }
    
        const candidates = models.filter((m) => m.modelID === this.selectedModel.modelID);
        if (candidates.length === 1) {
          const match = candidates[0];
          this.selectedModel = {
            providerID: match.providerID,
            modelID: match.modelID,
            providerName: match.providerName || match.providerID,
          };
          await this.globalState.update("selectedModel", this.selectedModel);
          this.logger.info("Reconciled legacy model selection", {
            providerId: this.selectedModel.providerID,
            modelId: this.selectedModel.modelID,
          });
          return;
        }
    
        if (candidates.length > 1) {
          this.logger.warn("Ambiguous modelID across multiple providers", {
            modelId: this.selectedModel.modelID,
            candidateCount: candidates.length,
          });
        }
      }
    
      /**
       * Resolve default model from CLI config
       */
      async resolveDefaultModel(models: ChatModelOption[]): Promise<void> {
        const savedModel = this.globalState.get<{
          providerID: string;
          modelID: string;
        }>("selectedModel");
    
        if (
          savedModel &&
          this.selectedModel.modelID === savedModel.modelID &&
          this.selectedModel.providerID === savedModel.providerID &&
          (this.selectedModel.modelID !== "big-pickle" ||
            this.selectedModel.providerID !== "opencode")
        ) {
          return;
        }
    
        if (
          this.selectedModel.modelID !== "big-pickle" ||
          this.selectedModel.providerID !== "opencode"
        ) {
          return;
        }
    
        try {
          const execAsync = util.promisify(cp.exec);
          const { stdout } = await execAsync("opencode config get default_model");
          const defaultId = stdout.trim();
    
          if (defaultId) {
            this.logger.debug("Found CLI default model", {
              defaultId,
            });
            const providerModelMatch = defaultId.match(/^([^/:\s]+)[/:](.+)$/);
            let match: ChatModelOption | undefined;
    
            if (providerModelMatch) {
              const providerRef = providerModelMatch[1].trim();
              const modelRef = providerModelMatch[2].trim();
              match = models.find(
                (m) =>
                  m.providerID === providerRef &&
                  (m.modelID === modelRef || m.name === modelRef),
              );
              if (!match) {
                match = models.find(
                  (m) =>
                    (m.providerName || "").toLowerCase() === providerRef.toLowerCase() &&
                    (m.modelID === modelRef || m.name === modelRef),
                );
              }
            }
    
            if (match) {
              this.selectedModel = {
                modelID: match.modelID,
                providerID: match.providerID,
                providerName: match.providerName || match.providerID,
              };
              await this.globalState.update("selectedModel", this.selectedModel);
              this.logger.info("Synced default model from CLI", {
                modelId: match.modelID,
                providerId: match.providerID,
              });
            } else {
              this.logger.warn("Could not uniquely resolve CLI default model", {
                defaultId,
              });
            }
          }
        } catch (error) {
          this.logger.warn("Failed to resolve default model from CLI", {
            error: error instanceof Error ? error.message : String(error),
          });
        }
      }
    
      /**
       * Handle get agents request
       */
      async handleGetAgents(): Promise<void> {
        const correlationId = this.logger.startFeatureFlow('fetch-agents');
    
        // Hidden system agents that run automatically and are not user-selectable.
        const HIDDEN_SYSTEM_AGENTS = new Set(["compaction", "title", "summary"]);
    
        // Default built-in primary agents that must always appear in the list.
        // The SDK's app.agents() endpoint only returns plugin-registered agents
        // (e.g. oh-my-opencode) and does not enumerate the built-in ones, so we
        // ensure they are always present by merging them in manually.
        const BUILTIN_AGENTS: Array<{
          id: string;
          name: string;
          description: string;
          mode: "primary" | "subagent" | "all";
          builtIn: boolean;
        }> = [
            {
              id: "build",
              name: "Build",
              description: "Default agent for development work with all tools enabled",
              mode: "primary",
              builtIn: true,
            },
            {
              id: "plan",
              name: "Plan",
              description: "Restricted agent for planning and analysis without making changes",
              mode: "primary",
              builtIn: true,
            },
          ];
    
        try {
          this.logger.featureStep(correlationId, 'ensure-server-running');
    
          const client = await this.serverManager.ensureRunning();
    
          // Check if the SDK supports agent listing
          if (!client || typeof (client as any).app?.agents !== 'function') {
            this.logger.warn('Agent discovery not available in current SDK', {
              correlationId,
            });
            // Fallback to built-in agents
            this.postMessage({
              type: "agentsList",
              agents: BUILTIN_AGENTS,
              selectedAgent: this.selectedAgent || "build",
            });
    
            this.logger.endFeatureFlow(correlationId, {
              success: true,
              fallbackUsed: true,
              agentCount: BUILTIN_AGENTS.length,
            });
    
            return;
          }
    
          this.logger.featureStep(correlationId, 'fetch-agent-list');
    
          const response = await (client as any).app.agents();
    
          if (response?.data && Array.isArray(response.data)) {
            const sdkAgents: Array<{
              id: string;
              name: string;
              description: string;
              mode: "subagent" | "primary" | "all";
              builtIn: boolean;
              color?: string;
            }> = response.data
              .filter((agent: any) => {
                const mode = agent.mode as string;
                // Only expose agents that can be selected as a primary agent.
                return (
                  (mode === "primary" || mode === "all") &&
                  !HIDDEN_SYSTEM_AGENTS.has(agent.name as string)
                );
              })
              .map((agent: any) => {
                const id = agent.name as string;
                const displayName = id.charAt(0).toUpperCase() + id.slice(1);
                return {
                  id,
                  name: displayName,
                  description:
                    (agent.description as string | undefined) ??
                    `OpenCode ${displayName} agent`,
                  mode: agent.mode as "subagent" | "primary" | "all",
                  builtIn: agent.builtIn as boolean,
                  color: agent.color as string | undefined,
                };
              });
    
            // Prepend any built-in agents that the SDK did not return, so the
            // user always sees build + plan even when only plugin agents come back.
            // SDK results take precedence when names overlap (respecting config overrides).
            const sdkIds = new Set(sdkAgents.map((a) => a.id));
            const agents = [
              ...BUILTIN_AGENTS.filter((a) => !sdkIds.has(a.id)),
              ...sdkAgents,
            ];
    
            // Set a sensible default if none has been chosen yet.
            if (!this.selectedAgent && agents.length > 0) {
              this.selectedAgent = agents[0].id;
            }
    
            this.logger.debug("Fetched agents via SDK", {
              sdkAgentCount: sdkAgents.length,
              totalAgentCount: agents.length,
              builtinAgentCount: BUILTIN_AGENTS.length,
            });
    
            this.logger.info('Agents fetched successfully', {
              correlationId,
              count: agents.length,
              sdkAgents: sdkAgents.length,
              builtinAgents: BUILTIN_AGENTS.length,
            });
    
            this.postMessage({
              type: "agentsList",
              agents,
              selectedAgent: this.selectedAgent,
            });
    
            this.logger.endFeatureFlow(correlationId, {
              success: true,
              agentCount: agents.length,
            });
    
            return;
          }
        } catch (error) {
          this.logger.error(
            'Failed to fetch agents',
            { correlationId },
            error as Error
          );
    
          this.logger.endFeatureFlow(correlationId, {
            success: false,
            error: String(error),
          });
        }
    
        // Fallback: send only the guaranteed built-in primary agents.
        this.postMessage({
          type: "agentsList",
          agents: BUILTIN_AGENTS,
          selectedAgent: this.selectedAgent || "build",
        });
    
        this.logger.endFeatureFlow(correlationId, {
          success: true,
          fallbackUsed: true,
          agentCount: BUILTIN_AGENTS.length,
        });
      }
    
      /**
       * Handle get commands request
       */
      async handleGetCommands(): Promise<void> {
        this.logger.warn("⚠️ [PERF] handleGetCommands disabled temporarily");
        this.postMessage({
          type: "commandsList",
          commands: [],
        });
      }
    
      /**
       * Load command catalog
       */
      async loadCommandCatalog(forceRefresh = false): Promise<ChatSlashCommand[]> {
        const cacheIsFresh =
          !forceRefresh &&
          this.commandCatalog.length > 0 &&
          Date.now() - this.commandCatalogFetchedAt < this.COMMAND_CATALOG_TTL_MS;
        if (cacheIsFresh) {
          return this.commandCatalog;
        }
    
        if (this.commandCatalogFetchPromise) {
          return this.commandCatalogFetchPromise;
        }
    
        if (this.commandCatalog.length > 0 && !forceRefresh) {
          this.commandCatalogFetchPromise = (async () => {
            try {
              const client = await this.serverManager.ensureRunning();
              const response = await client.command.list();
              const rawItems = Array.isArray(response.data) ? response.data : [];
              const commands: ChatSlashCommand[] = rawItems
                .map((item) => this.normalizeSlashCommand(item))
                .filter((item): item is ChatSlashCommand => !!item)
                .sort((a, b) => a.name.localeCompare(b.name));
    
              this.commandCatalog = commands;
              this.commandCatalogFetchedAt = Date.now();
              return commands;
            } finally {
              this.commandCatalogFetchPromise = null;
            }
          })();
    
          return this.commandCatalog;
        }
    
        this.commandCatalogFetchPromise = (async () => {
          const client = await this.serverManager.ensureRunning();
          const response = await client.command.list();
          const rawItems = Array.isArray(response.data) ? response.data : [];
          const commands: ChatSlashCommand[] = rawItems
            .map((item) => this.normalizeSlashCommand(item))
            .filter((item): item is ChatSlashCommand => !!item)
            .sort((a, b) => a.name.localeCompare(b.name));
    
          this.commandCatalog = commands;
          this.commandCatalogFetchedAt = Date.now();
          return commands;
        })();
    
        try {
          return await this.commandCatalogFetchPromise;
        } finally {
          this.commandCatalogFetchPromise = null;
        }
      }
    
      /**
       * Normalize slash command
       */
      normalizeSlashCommand(item: SdkCommand | unknown): ChatSlashCommand | null {
        const rec = this.asRecord(item);
        if (!rec) {
          return null;
        }
    
        const rawName = this.firstNonEmptyString(rec.name);
        if (!rawName) {
          return null;
        }
    
        const name = rawName.replace(/^\//, "");
        if (!name) {
          return null;
        }
    
        return {
          name,
          description: this.firstNonEmptyString(rec.description),
          agent: this.firstNonEmptyString(rec.agent),
          model: this.firstNonEmptyString(rec.model),
          template: this.firstNonEmptyString(rec.template),
          source: this.firstNonEmptyString(rec.source),
          subtask: typeof rec.subtask === "boolean" ? rec.subtask : undefined,
        };
      }
    
      /**
       * Get session settings map
       */
      getSessionSettingsMap(): Record<string, SessionSettings> {
        return this.globalState.get<Record<string, SessionSettings>>("sessionSettings") ?? {};
      }
    
      /**
       * Get session settings
       */
      getSessionSettings(sessionId: string): SessionSettings {
        return this.getSessionSettingsMap()[sessionId] ?? {};
      }
    
      /**
       * Persist session settings
       */
      async persistSessionSettings(
        sessionId: string,
        partial: Partial<SessionSettings>,
      ): Promise<void> {
        const map = this.getSessionSettingsMap();
        map[sessionId] = { ...map[sessionId], ...partial };
        await this.globalState.update("sessionSettings", map);
      }
    
      /**
       * Apply session settings
       */
      async applySessionSettings(sessionId: string): Promise<void> {
        const settings = this.getSessionSettings(sessionId);
        if (settings.agent) {
          this.selectedAgent = settings.agent;
          this.logger.debug("Restored agent for session", {
            sessionId,
            agent: settings.agent,
          });
        }
        if (settings.model?.providerID && settings.model?.modelID) {
          this.selectedModel = settings.model;
          this.logger.debug("Restored model for session", {
            sessionId,
            modelId: settings.model.modelID,
            providerId: settings.model.providerID,
          });
        }
      }
    
      /**
       * Migrate session settings
       */
      migrateSessionSettings(oldSessionId: string, newSessionId: string): void {
        if (!oldSessionId || !newSessionId || oldSessionId === newSessionId) {
          return;
        }
        const map = this.getSessionSettingsMap();
        const oldSettings = map[oldSessionId];
        if (!oldSettings) {
          return;
        }
        map[newSessionId] = { ...oldSettings, ...map[newSessionId] };
        void this.globalState.update("sessionSettings", map);
      }
    
      /**
       * Resolve prompt variant
       */
      async resolvePromptVariant(sessionId: string): Promise<string | undefined> {
        const savedLevel =
          this.getSessionSettings(sessionId).thinkingLevel ??
          this.globalState.get<string>("thinkingLevel");
        if (!savedLevel) return undefined;
    
        const normalizedLevel = savedLevel.toLowerCase().trim();
        if (!normalizedLevel) return undefined;
    
        const { providerID, modelID } = this.selectedModel;
        const capability = await this.modelCapabilitiesService.getCapabilities(providerID, modelID);
    
        if (!capability || !capability.reasoning) return undefined;
    
        if (providerID === 'anthropic' && normalizedLevel === 'high') return 'max';
        return normalizedLevel;
      }
    }
    
    
    /* FILE: E:\Projects\vscode-opencode\src\providers\chat\SessionHandler.ts */
    
    /**
     * SessionHandler Module
     *
     * Session CRUD operations (load, delete, rename, create, get sessions list).
     *
     * Extracted from ChatViewProvider.ts (~250 lines)
     */
    
    import type { SessionService } from "../../services/SessionService";
    import type { HistoryProcessor } from "./HistoryProcessor";
    import type { SubagentPersistence } from "./SubagentPersistence";
    import type { CompactionManager } from "./CompactionManager";
    import type { ModelAndAgentManager } from "./ModelAndAgentManager";
    
    export class SessionHandler {
      private sessionsListRequestVersion = 0;
      private lastSessionsPayloadFingerprint = "";
      private processingSessionIds = new Set<string>();
    
      constructor(
        private sessionService: SessionService,
        private historyProcessor: HistoryProcessor,
        private subagentPersistence: SubagentPersistence,
        private compactionManager: CompactionManager,
        private modelAndAgentManager: ModelAndAgentManager,
        private logger: ReturnType<typeof import("../../utils/Logger").createLogger>,
      ) {
        this.postMessage = () => {};
        this.getCurrentSessionId = () => undefined;
        this.setCurrentSessionId = () => {};
      }
    
      private postMessage: (msg: any) => void;
      private getCurrentSessionId: () => string | undefined;
      private setCurrentSessionId: (id: string | undefined) => void;
    
      setPostMessage(fn: (msg: any) => void): void {
        this.postMessage = fn;
      }
    
      setGetCurrentSessionId(fn: () => string | undefined): void {
        this.getCurrentSessionId = fn;
      }
    
      setSetCurrentSessionId(fn: (id: string | undefined) => void): void {
        this.setCurrentSessionId = fn;
      }
    
      /**
       * Handle get sessions request
       */
      async handleGetSessions(): Promise<void> {
        this.sessionsListRequestVersion += 1;
        const currentVersion = this.sessionsListRequestVersion;
    
        try {
          const sessions = await this.sessionService.listSessions();
          const sessionsPayload = sessions.map((session: any) => ({
            id: session.id,
            title: session.title || session.id,
            createdAt: session.createdAt,
            updatedAt: session.updatedAt,
          }));
    
          const fingerprint = JSON.stringify(sessionsPayload);
          if (fingerprint === this.lastSessionsPayloadFingerprint) {
            return;
          }
          this.lastSessionsPayloadFingerprint = fingerprint;
    
          if (currentVersion !== this.sessionsListRequestVersion) {
            return;
          }
    
          this.postMessage({
            type: "sessionsList",
            sessions: sessionsPayload,
          });
        } catch (error) {
          this.logger.error("Failed to get sessions", { error });
        }
      }
    
      /**
       * Send processing sessions update
       */
      sendProcessingSessionsUpdate(): void {
        this.postMessage({
          type: "sessionsListUpdate",
          processingSessionIds: Array.from(this.processingSessionIds),
        });
      }
    
      /**
       * Handle load session request
       */
      async handleLoadSession(message: { sessionId: string }): Promise<void> {
        const { sessionId } = message;
        if (!sessionId) {
          return;
        }
    
        if (this.processingSessionIds.has(sessionId)) {
          this.logger.warn("Session already loading", { sessionId });
          return;
        }
    
        this.processingSessionIds.add(sessionId);
        this.sendProcessingSessionsUpdate();
    
        try {
          // CRITICAL: Switch the active session in SessionService
          // This updates the service's internal state and persists it
          await this.sessionService.switchSession(sessionId);
    
          const rawMessages = await this.sessionService.loadSessionMessages(sessionId);
          const messages = Array.isArray(rawMessages)
            ? this.historyProcessor.processHistoryMessages(rawMessages, sessionId)
            : [];
    
          await this.subagentPersistence.syncSubagentSnapshotForSession(sessionId, messages);
          await this.compactionManager.sendPersistedCompactionViewState(sessionId);
          await this.modelAndAgentManager.applySessionSettings(sessionId);
    
          this.postMessage({
            type: "chatHistory",
            sessionId,
            messages,
          });
    
          this.setCurrentSessionId(sessionId);
          this.logger.info("Session loaded", { sessionId, messageCount: messages.length });
        } catch (error) {
          this.logger.error("Failed to load session", { sessionId, error });
        } finally {
          this.processingSessionIds.delete(sessionId);
          this.sendProcessingSessionsUpdate();
        }
      }
    
      /**
       * Handle delete session request
       */
      async handleDeleteSession(sessionId: string): Promise<void> {
        if (!sessionId) {
          return;
        }
    
        try {
          await this.sessionService.deleteSession(sessionId);
          await this.subagentPersistence.clearPersistedSubagentSnapshot(sessionId);
          await this.compactionManager.clearPersistedCompactionViewState(sessionId);
    
          const currentSessionId = this.getCurrentSessionId();
          if (currentSessionId === sessionId) {
            this.setCurrentSessionId(undefined);
          }
    
          await this.handleGetSessions();
          this.logger.info("Session deleted", { sessionId });
        } catch (error) {
          this.logger.error("Failed to delete session", { sessionId, error });
        }
      }
    
      /**
       * Handle rename session request
       */
      async handleRenameSession(sessionId: string, newTitle: string): Promise<void> {
        if (!sessionId || !newTitle) {
          return;
        }
    
        try {
          await this.sessionService.renameSession(sessionId, newTitle);
          await this.handleGetSessions();
          this.logger.info("Session renamed", { sessionId, newTitle });
        } catch (error) {
          this.logger.error("Failed to rename session", { sessionId, error });
        }
      }
    }
    
  operator: 'match'
  stack: |-
    TestContext.<anonymous> (file:///E:/Projects/vscode-opencode/tests/unit/queue-steer-scheduler.test.mjs:16:10)
    Test.runInAsyncScope (node:async_hooks:214:14)
    Test.run (node:internal/test_runner/test:1047:25)
    Test.start (node:internal/test_runner/test:944:17)
    startSubtestAfterBootstrap (node:internal/test_runner/harness:296:17)
  ...
# Subtest: ChatViewProvider routes prompt actions through internal queue handlers
ok 1052 - ChatViewProvider routes prompt actions through internal queue handlers
  ---
  duration_ms: 1.5721
  type: 'test'
  ...
# Subtest: ChatViewProvider send-now dispatch bypasses queue persistence
not ok 1053 - ChatViewProvider send-now dispatch bypasses queue persistence
  ---
  duration_ms: 1.8073
  type: 'test'
  location: 'E:\\Projects\\vscode-opencode\\tests\\unit\\queue-steer-scheduler.test.mjs:56:1'
  failureType: 'testCodeFailure'
  error: 'send-now should execute handleSendMessage directly'
  code: 'ERR_ASSERTION'
  name: 'AssertionError'
  expected:
  actual: |-
    
    
    /* FILE: E:\Projects\vscode-opencode\src\providers\ChatViewProvider.ts */
    
    /**
     * Chat View Provider - Core UI Provider for Chat Interface
     *
     * This provider manages the webview-based chat interface that serves as the
     * primary UI for the OpenCode extension. It handles all communication between
     * the extension backend and the webview frontend.
     *
     * **Architecture Overview:**
     * - Implements WebviewViewProvider for VSCode sidebar integration
     * - Manages bidirectional message passing with webview
     * - Handles AI message streaming via MessageStreamService
     * - Detects and persists implementation plans
     * - Manages prompt queue for batch execution
     * - Coordinates with SessionService for session management
     *
     * ============================================================================
     * WEBVIEW MESSAGE PROTOCOL
     * ============================================================================
     *
     * This provider communicates with the webview via VSCode's postMessage API.
     * All messages have a `type` property that determines how they're handled.
     *
     * EXTENSION → WEBVIEW messages (sent via view?.webview.postMessage):
     * {
     *   type: 'initState' | 'chatHistory' | 'sessionsList' | 'streamEvent' |
     *         'statusUpdate' | 'modeChanged' | 'modelsList' | 'agentsList' |
     *         'fileSearchResults',
     *   ...payload
     * }
     *
     * WEBVIEW → EXTENSION messages (received in onDidReceiveMessage):
     * {
     *   type: 'ready' | 'sendMessage' | 'createSession' | 'switchSession' |
     *         'deleteSession' | 'renameSession' | 'getSessions' | 'toggleMode' | 'getModels' |
     *         'selectModel' | 'getAgents' | 'selectAgent' | 'addToQueue' |
     *         'executeQueue' | 'clearQueue' | 'viewPlan' | 'openDiff',
     *   ...payload
     * }
     *
     * MESSAGE FLOW EXAMPLES:
     *
     * 1. Initialization Flow:
     *    webview: {type: 'ready'}
     *    extension: {type: 'initState', mode, serverStatus, selectedModel}
     *    extension: {type: 'chatHistory', messages: [...]}
     *    extension: {type: 'sessionsList', sessions: [...]}
     *
     * 2. Send Message Flow:
     *    webview: {type: 'sendMessage', text: '...', files: [...]}
     *    extension: [streams response via streamEvent messages]
     *    extension: {type: 'chatHistory', messages: [...]}
     *
     * 3. Streaming Response Flow:
     *    extension: {type: 'streamEvent', event: {type: 'message.part.updated'}}
     *    extension: {type: 'streamEvent', event: {type: 'message.updated'}}
     *
     * ============================================================================
     * KEY RESPONSIBILITIES
     * ============================================================================
     *
     * 1. WebView Lifecycle:
     *    - Creates and initializes the webview
     *    - Sets up message handlers
     *    - Manages webview options (scripts, local resources)
     *
     * 2. Message Handling:
     *    - Receives messages from webview
     *    - Dispatches to appropriate handler methods
     *    - Sends responses back to webview
     *
     * 3. Streaming Integration:
     *    - Subscribes to MessageStreamService for real-time updates
     *    - Forwards stream events to webview
     *    - Handles stream completion and errors
     *
     * 4. Plan Detection:
     *    - Analyzes AI responses for implementation plans
     *    - Auto-saves detected plans to workspace
     *    - Notifies user and provides plan viewing option
     *
     * 5. Queue Management:
     *    - Maintains prompt queue for batch execution
     *    - Executes prompts sequentially
     *    - Manages execution state
     *
     * 6. State Synchronization:
     *    - Tracks selected model/agent
     *    - Persists selections to global state
     *    - Syncs with webview on initialization
     *
     * @module ChatViewProvider
     * @see MessageStreamService for streaming implementation
     * @see SessionService for session management
     * @see webview/shared/src/chat/index.tsx for frontend implementation
     */
    
    import type { SessionPromptData } from "@opencode-ai/sdk" with { "resolution-mode": "import" };
    import * as cp from "child_process";
    import * as path from "path";
    import * as vscode from "vscode";
    import {
      CssGenerator,
      FileThemeProcessor,
      FileThemeProcessorObserver,
      FileThemeProcessorState,
    } from "vscode-file-theme-processor";
    import type { TokenUsage } from "../services/GeminiTokenUsageTracker";
    import { GeminiTokenUsageTracker } from "../services/GeminiTokenUsageTracker";
    import { MessageStreamService } from "../services/MessageStreamService";
    import { ModelCapabilitiesService } from "../services/ModelCapabilitiesService";
    import { OpencodeServerManager } from "../services/OpencodeServerManager";
    import { QuotaService } from "../services/QuotaService";
    import { RequestBudgeter } from "../services/RequestBudgeter";
    import { SessionService } from "../services/SessionService";
    import { SkillManagerService } from "../services/SkillManagerService";
    import {
      SubagentTracker,
      type SubagentUpdatePayload,
    } from "../services/SubagentTracker";
    import { TitleGeneratorService } from "../services/TitleGeneratorService";
    import { createLogger } from "../utils/Logger";
    import { LoggingCategories } from "../utils/LoggingSchema";
    import {
      CompactionManager,
      DiagnosticsLogger,
      HistoryProcessor,
      ModelAndAgentManager,
      PlanManager,
      QueueManager,
      SessionHandler,
      StreamEventHandler,
      StructuredOutputProcessor,
      SubagentPersistence,
      type AssistantHistoryMarker,
      type ChatModelOption,
      type ChatSlashCommand,
      type PlanProceedComment,
      type PromptDispatchMode,
      type QueuedPrompt,
      type RecoveredSessionContext,
      type StructuredAssistantOutput
    } from "./chat/index";
    import type { ConfigFile } from "./ConfigFilesProvider";
    import { ConfigFilesProvider } from "./ConfigFilesProvider";
    import { PlanViewProvider } from "./PlanViewProvider";
    
    const log = createLogger(LoggingCategories.CHAT_VIEW);
    
    // All types (QueuedPrompt, PromptDispatchMode, SessionSettings, ChatModelOption,
    // ChatSlashCommand, PersistedCompactionViewState, CompactionBaselineStats,
    // StructuredProgressUpdate, AssistantHistoryMarker, StructuredInteractiveChoice,
    // StructuredInteractiveEvent, StructuredAssistantOutput, PlanProceedComment,
    // RecoveredSessionContext) and constants (STRUCTURED_RESPONSE_TYPES) are now
    // imported from ./chat/index
    
    /**
     * Provides the chat interface webview for the OpenCode extension.
     *
     * This class is the core UI provider, managing all communication between
     * the extension backend and the chat webview frontend.
     *
     * **Usage:**
     * ```typescript
     * const provider = new ChatViewProvider(context, serverManager, sessionService);
     * context.subscriptions.push(
     *   vscode.window.registerWebviewViewProvider('opencode.chatView', provider)
     * );
     * ```
     *
     * **Integration Points:**
     * - OpencodeServerManager: For server status and client access
     * - SessionService: For session and message management
     * - MessageStreamService: For real-time AI response streaming
     * - PlanViewProvider: For displaying detected implementation plans
     *
     * **Thread Safety:**
     * This class is not thread-safe. All methods should be called from the
     * main VSCode extension host thread.
     *
     * @see WebviewViewProvider for VSCode webview provider interface
     */
    export class ChatViewProvider
      implements vscode.WebviewViewProvider, FileThemeProcessorObserver {
      private static readonly SUBAGENT_SNAPSHOT_PREFIX =
        "opencode.session.subagents.";
      private static readonly COMPACTION_VIEW_STATE_PREFIX =
        "opencode.session.compaction-view.";
      /** The webview instance (undefined before initialization) */
      private view?: vscode.WebviewView;
    
      /** Service for streaming events from the server */
      private streamService: MessageStreamService;
    
      /** Unsubscribe function for stream service cleanup */
      private unsubscribe?: () => void;
    
      /** Service for monitoring AI platform quota usage */
      private quotaService: QuotaService;
      private subagentTracker: SubagentTracker;
    
      /** Provider for managing configuration files */
      private configFilesProvider: ConfigFilesProvider;
    
      /** Service for managing custom skill installation and lifecycle */
      private skillManager: SkillManagerService;
      /** Service for resolving model capabilities (reasoning, variants) */
      private modelCapabilitiesService: ModelCapabilitiesService;
    
      /** Service for tracking Gemini token usage from stream events */
      private geminiTokenTracker: GeminiTokenUsageTracker;
      /** Service for managing daily request budgets */
      private budgeter: RequestBudgeter;
    
      private fileThemeProcessor: FileThemeProcessor;
      private cssGenerator: CssGenerator;
      private currentThemeCss: string | undefined;
    
      /** Logger for tracking events and metrics */
      private readonly logger: ReturnType<typeof createLogger>;
      private renderParityLogWriteChain: Promise<void> = Promise.resolve();
      private renderParityDebugFilePath?: string;
      private didLogRenderParityFilePath = false;
    
      /** Currently selected AI model (persisted to global state) */
      private selectedModel: {
        providerID: string;
        modelID: string;
        providerName?: string;
      } = {
          providerID: "opencode",
          modelID: "big-pickle",
          providerName: undefined,
        };
    
      /** Cache of available models returned from the server (used to resolve providerName) */
      // Cache of available models returned from the server (used to resolve providerName)
      // This cached list allows the extension to enrich selections sent from the webview
      // when the webview omits providerName.
      private availableModels?: ChatModelOption[];
    
      /** Currently selected agent (primary agent used for new sessions) */
      private selectedAgent: string = "build";
    
      /** Current chat mode (e.g., 'chat', 'agent', etc.) */
      private currentMode: string = "chat";
    
      /** ID of the session currently active in the webview (undefined until first bootstrap) */
      private currentSessionId: string | undefined;
      private currentTodoItems: unknown[] = [];
      private awaitingInteractiveAnswer = false;
      private interactiveResponseTransitionUntil = 0;
    
      /** Debouncing for todo persistence to reduce state write frequency during streaming */
      private todoPersistenceTimer: NodeJS.Timeout | null = null;
      private pendingTodoPersistence = false;
    
      private getTodoStorageKey(sessionId: string): string {
        return `opencode.session.todos.${sessionId}`;
      }
    
      private loadPersistedTodos(sessionId?: string): { items: unknown[]; lastUpdatedAt?: number } {
        if (!sessionId) return { items: [] };
        const raw = this.context.workspaceState.get<{ items: unknown[]; lastUpdatedAt: number }>(
          this.getTodoStorageKey(sessionId),
        );
        return { items: raw?.items ?? [], lastUpdatedAt: raw?.lastUpdatedAt };
      }
    
      private clearSessionTodos(sessionId?: string): void {
        this.currentTodoItems = [];
        if (sessionId) {
          this.context.workspaceState.update(this.getTodoStorageKey(sessionId), undefined);
        }
      }
    
      /**
       * Schedules a debounced todo persistence operation.
       * Multiple rapid calls during streaming will only trigger one write after 1 second.
       *
       * **Performance Note:** This reduces state write frequency during streaming by debouncing.
       * The persistence happens in the background without blocking the event loop.
       */
      private scheduleTodoPersistence(
        targetSessionId: string,
        todoItems: unknown[]
      ): void {
        // Clear any pending persistence timer
        if (this.todoPersistenceTimer) {
          clearTimeout(this.todoPersistenceTimer);
        }
    
        // Mark that we have pending persistence
        this.pendingTodoPersistence = true;
    
        // Schedule persistence after 1 second of inactivity (debouncing)
        this.todoPersistenceTimer = setTimeout(() => {
          this.persistTodoItems(targetSessionId, todoItems).catch((error) => {
            this.logger.warn("Failed to persist todo snapshot", { error });
          });
          this.pendingTodoPersistence = false;
          this.todoPersistenceTimer = null;
        }, 1000);
      }
    
      /**
       * Persists todo items to workspace state.
       * This method is async and debounced - called in the background.
       *
       * **Performance Note:** Previously called on every todo_update event during streaming.
       * Now debounced to reduce write frequency by 80-90%.
       */
      private async persistTodoItems(
        targetSessionId: string,
        incomingTodos: unknown[]
      ): Promise<void> {
        const key = this.getTodoStorageKey(targetSessionId);
        const existing =
          (this.context.workspaceState.get<{
            items: unknown[];
            lastUpdatedAt: number;
          }>(key) as { items: unknown[]; lastUpdatedAt: number } | undefined) ??
          { items: [], lastUpdatedAt: 0 };
    
        // Merge/upsert incoming items into existing snapshot using id + lifecycle rank
        const incoming = Array.isArray(incomingTodos) ? incomingTodos : [];
    
        const LIFECYCLE_RANK: Record<string, number> = {
          pending: 0,
          in_progress: 1,
          completed: 2,
          failed: 2,
          cancelled: 2,
        };
    
        interface StoredTodoItem { id: string; text: string; status: string;[key: string]: unknown }
    
        const byId = new Map<string, StoredTodoItem>();
        for (const item of existing.items) {
          const rec = item as Record<string, unknown>;
          const id = typeof rec?.id === "string" ? rec.id : undefined;
          if (!id) continue;
          byId.set(id, item as StoredTodoItem);
        }
    
        for (const inc of incoming) {
          if (!inc || typeof inc !== "object") continue;
          const incRec = inc as Record<string, unknown>;
          const id = typeof incRec.id === "string" ? incRec.id : undefined;
          const text = typeof incRec.text === "string" ? incRec.text : undefined;
          const status = typeof incRec.status === "string" ? incRec.status : undefined;
          if (!id || !text || !status) continue;
    
          const existingItem = byId.get(id);
          if (!existingItem) {
            byId.set(id, { id, text, status });
            continue;
          }
    
          const existingRank = LIFECYCLE_RANK[existingItem.status] ?? 0;
          const incomingRank = LIFECYCLE_RANK[status] ?? 0;
    
          if (incomingRank > existingRank) {
            byId.set(id, { ...existingItem, text: text || existingItem.text, status });
          } else if (incomingRank === existingRank) {
            // If same rank and same status, idempotent; if different status at same rank, prefer existing
            if (status === existingItem.status) {
              // keep existing (no-op)
            } else {
              // prefer existing to avoid blind flips
              byId.set(id, existingItem);
            }
          } else {
            // incoming rank lower -> ignore
            byId.set(id, existingItem);
          }
        }
    
        const updatedItems = Array.from(byId.values());
        await this.context.workspaceState.update(key, {
          items: updatedItems,
          lastUpdatedAt: Date.now(),
        });
    
        // Update in-memory cache for active session
        this.currentTodoItems = updatedItems;
      }
    
      private async updateSessionTitle(sessionId: string, title: string): Promise<void> {
        try {
          const client = await this.serverManager.ensureRunning();
          await client.session.update({
            path: { id: sessionId },
            body: { title }
          });
    
          const updatedSession = await this.sessionService.switchSession(sessionId);
          this.logger.info(`Updated session ${sessionId} title to: ${title}`);
        } catch (error) {
          this.logger.warn(`Failed to update session title for ${sessionId}:`, { error: String(error) });
        }
      }
    
      /** Session-scoped queue of prompts awaiting execution */
      private queueBySessionId = new Map<string, QueuedPrompt[]>();
      private queueItemSequence = 0;
    
      /** Set of session IDs currently executing their queue */
      private executingQueueSessionIds: Set<string> = new Set();
    
      private processingSessionIds: Set<string> = new Set();
      private get isProcessingRequest(): boolean {
        return this.processingSessionIds.size > 0;
      }
      private isBootstrappingWebview: boolean = false;
      private hasInitializedWebview: boolean = false;
      private sessionsListRequestVersion = 0;
      private lastSessionsPayloadFingerprint: string | undefined;
      /** Cache last message args for retry functionality */
      private lastSendMessageArgs?: {
        text: string;
        files?: string[];
        contexts?: any[];
        images?: any[];
        agent?: string;
      };
      private structuredOutputMode: "format" | "outputFormat" | "disabled" = "format";
      private readonly promptDebugBySession = new Map<string, Record<string, unknown>>();
      private readonly structuredValidationFailureCounters = new Map<string, number>();
      private readonly structuredOutputIncompatibleModelKeys = new Set<string>();
      private capabilityFetchFailureCount = 0;
      private modelsFetchPromise: Promise<ChatModelOption[]> | null = null;
      private commandCatalog: ChatSlashCommand[] = [];
      private commandCatalogFetchedAt = 0;
      private commandCatalogFetchPromise: Promise<ChatSlashCommand[]> | null = null;
      // Cache commands for 30 minutes since they rarely change
      // This prevents slow server calls with 700+ skills
      private readonly COMMAND_CATALOG_TTL_MS = 30 * 60 * 1000;
      private readonly compactingSessions = new Set<string>();
    
      /** ===== NEW: Module instances ===== */
      private diagnosticsLogger!: DiagnosticsLogger;
      private structuredOutputProcessor!: StructuredOutputProcessor;
      private planManager!: PlanManager;
      private subagentPersistence!: SubagentPersistence;
      private compactionManager!: CompactionManager;
      private historyProcessor!: HistoryProcessor;
      private modelAndAgentManager!: ModelAndAgentManager;
      private queueManager!: QueueManager;
      private sessionHandler!: SessionHandler;
      private streamEventHandler!: StreamEventHandler;
    
      /**
       * Creates a new ChatViewProvider instance.
       *
       * **Initialization:**
       * - Creates MessageStreamService for streaming
       * - Loads persisted model selection from global state
       * - Does NOT immediately create webview (happens on demand)
       *
       * **Model Persistence:**
       * The selected model is persisted to VSCode's global state,
       * which means it survives across VSCode restarts and workspace changes.
       *
       * @param context - VSCode extension context for global state access
       * @param serverManager - Server manager for status checking
       * @param sessionService - Session service for session management
       */
      constructor(
        private context: vscode.ExtensionContext,
        private serverManager: OpencodeServerManager,
        private sessionService: SessionService,
        modelCapabilitiesService?: ModelCapabilitiesService,
      ) {
        this.logger = createLogger("ChatViewProvider");
        this.streamService = new MessageStreamService(serverManager);
        this.quotaService = new QuotaService();
        this.subagentTracker = new SubagentTracker();
        this.budgeter = new RequestBudgeter();
        this.configFilesProvider = new ConfigFilesProvider();
        this.skillManager = new SkillManagerService(context);
        this.skillManager.initialize().catch((error) => {
          this.logger.error('Failed to initialize skill manager', error);
        });
        // Use injected service or create local instance as fallback
        this.modelCapabilitiesService = modelCapabilitiesService ?? new ModelCapabilitiesService();
        this.geminiTokenTracker = GeminiTokenUsageTracker.getInstance();
        this.quotaService.on("quotaUpdate", (data) => {
          this.view?.webview.postMessage({ type: "quotaData", data });
          this.sendBudgetInfo();
        });
    
        // Initialize file theme processor
        this.fileThemeProcessor = new FileThemeProcessor(context);
        this.cssGenerator = new CssGenerator();
        this.fileThemeProcessor.subscribe(this);
    
        // Load persisted model selection
        const savedModel = this.context.globalState.get<any>("selectedModel");
        if (
          savedModel &&
          typeof savedModel.providerID === "string" &&
          typeof savedModel.modelID === "string" &&
          savedModel.providerID &&
          savedModel.modelID
        ) {
          this.logger.info(
            `[ChatViewProvider] Loaded persisted model: ${savedModel.modelID} (${savedModel.providerID})`,
          );
          this.selectedModel = savedModel;
        } else if (savedModel) {
          this.logger.warn(
            "[ChatViewProvider] Ignoring invalid persisted model selection. Expected {providerID, modelID}.",
          );
        }
    
        /** ===== NEW: Initialize all modules ===== */
        this.initializeModules();
      }
    
      /**
       * Initialize all chat modules and wire dependencies
       */
      private initializeModules(): void {
        // Utility method callbacks
        const asRecord = (value: unknown) => {
          if (value && typeof value === "object" && !Array.isArray(value)) {
            return value as Record<string, unknown>;
          }
          return undefined;
        };
    
        const firstNonEmptyString = (...values: unknown[]): string | undefined => {
          for (const value of values) {
            if (typeof value === "string" && value.trim().length > 0) {
              return value.trim();
            }
          }
          return undefined;
        };
    
        const logger = this.logger;
    
        // 1. DiagnosticsLogger
        this.diagnosticsLogger = new DiagnosticsLogger(
          logger,
          asRecord,
          firstNonEmptyString,
          this.extractMessageBodyText.bind(this),
          this.historyMessageCreatedAt.bind(this),
          this.extractHistoryMessageId.bind(this),
          this.isRenderableHistoryMessage.bind(this),
          this.historyMessageFingerprint.bind(this),
        );
    
        // 2. PlanManager (must be created before StructuredOutputProcessor)
        this.planManager = new PlanManager(
          logger,
          firstNonEmptyString,
          this.context.globalState,
        );
    
        // 3. StructuredOutputProcessor
        this.structuredOutputProcessor = new StructuredOutputProcessor(
          logger,
          asRecord,
          firstNonEmptyString,
          this.planManager,
        );
    
        // 4. SubagentPersistence
        this.subagentPersistence = new SubagentPersistence(
          this.context.workspaceState,
          this.subagentTracker,
          logger,
          asRecord,
          firstNonEmptyString,
          this.normalizeSubagentStatus.bind(this),
          this.mergeSubagentEntries.bind(this),
          this.hydrateSubagentsFromPayload.bind(this),
          this.resolveSubagentPayloadSessionId.bind(this),
        );
    
        // 5. CompactionManager
        this.compactionManager = new CompactionManager(
          this.context.workspaceState,
          this.serverManager,
          logger,
          asRecord,
          firstNonEmptyString,
          this.processHistoryMessages.bind(this),
        );
    
        // 6. HistoryProcessor
        this.historyProcessor = new HistoryProcessor(
          this.context.workspaceState,
          logger,
          this.structuredOutputProcessor,
          asRecord,
          firstNonEmptyString,
          this.isLikelyToolCallTranscript.bind(this),
          this.extractMessageBodyText.bind(this),
          this.planManager,
        );
    
        // 7. ModelAndAgentManager
        this.modelAndAgentManager = new ModelAndAgentManager(
          this.context.globalState,
          this.serverManager,
          this.modelCapabilitiesService,
          logger,
          asRecord,
          firstNonEmptyString,
        );
    
        // 8. QueueManager
        this.queueManager = new QueueManager(logger);
    
        // 9. SessionHandler
        this.sessionHandler = new SessionHandler(
          this.sessionService,
          this.historyProcessor,
          this.subagentPersistence,
          this.compactionManager,
          this.modelAndAgentManager,
          logger,
        );
    
        // 10. StreamEventHandler
        this.streamEventHandler = new StreamEventHandler(
          this.structuredOutputProcessor,
          this.subagentPersistence,
          this.compactionManager,
          this.diagnosticsLogger,
          this.geminiTokenTracker,
          this.subagentTracker,
          logger,
        );
    
        /** ===== NEW: Wire all callbacks ===== */
        this.wireModuleCallbacks();
      }
    
      /**
       * Wire callbacks between modules and the shell
       */
      private wireModuleCallbacks(): void {
        const postMessage = (msg: any) => {
          this.view?.webview.postMessage(msg);
        };
    
        const getCurrentSessionId = () => this.currentSessionId;
        const setCurrentSessionId = (id: string | undefined) => {
          this.currentSessionId = id;
        };
    
        // Wire postMessage callbacks
        this.compactionManager.setPostMessage(postMessage);
        this.modelAndAgentManager.setPostMessage(postMessage);
        this.queueManager.setPostMessage(postMessage);
        this.sessionHandler.setPostMessage(postMessage);
        this.sessionHandler.setGetCurrentSessionId(getCurrentSessionId);
        this.sessionHandler.setSetCurrentSessionId(setCurrentSessionId);
        this.streamEventHandler.setPostMessage(postMessage);
        this.streamEventHandler.setGetCurrentSessionId(getCurrentSessionId);
    
        // Wire QueueManager execution callbacks
        this.queueManager.setHandleSendMessage(this.handleSendMessage.bind(this));
        this.queueManager.setHandleStopRequest(this.handleStopRequest.bind(this));
        this.queueManager.setGetCurrentSessionId(getCurrentSessionId);
      }
    
      private async schedulePromptDispatch(
        mode: PromptDispatchMode,
        payload: {
          sessionId?: string;
          text?: string;
          files?: string[];
          contexts?: any[];
          images?: any[];
          agent?: string;
          userFacingText?: string;
        },
      ): Promise<void> {
        const text = typeof payload.text === "string" ? payload.text.trim() : "";
        if (!text) {
          return;
        }
    
        const sessionId = await this.resolveQueueSessionId(payload.sessionId);
        if (!sessionId) {
          return;
        }
    
        const effectiveMode =
          mode === "send-now" && this.processingSessionIds.has(sessionId)
            ? "steer"
            : mode;
    
        // For normal sends, bypass queue persistence entirely so the queue panel
        // does not show transient "queued" items when there is no active backlog.
        if (effectiveMode === "send-now") {
          await this.handleSendMessage(
            text,
            payload.files,
            payload.contexts,
            payload.images,
            payload.agent,
            false,
            undefined,
            false,
            undefined,
            payload.userFacingText,
          );
          return;
        }
    
        const promptId = `q-${Date.now()}-${this.queueItemSequence}`;
        this.queueItemSequence += 1;
        const prompt: QueuedPrompt = {
          id: promptId,
          sessionId,
          createdAt: Date.now(),
          text,
          userFacingText: payload.userFacingText,
          files: payload.files,
          contexts: payload.contexts,
          images: payload.images,
          agent: payload.agent,
        };
    
        this.queueManager.enqueuePrompt(prompt, effectiveMode !== "queue");
        this.sendQueueUpdate(sessionId);
    
        if (effectiveMode === "queue") {
          return;
        }
    
        if (this.isProcessingRequest) {
          if (sessionId === this.currentSessionId) {
            await this.handleStopRequest(sessionId);
          }
          return;
        }
    
        await this.handleExecuteQueue(sessionId);
      }
    
      private async handleDispatchQueuedItem(
        dispatchMode: "queue" | "send-now" | "steer",
        sessionId: string,
        id: string,
        index?: number,
      ): Promise<void> {
        await this.queueManager.handleDispatchQueuedItem(
          dispatchMode,
          sessionId,
          id,
          index,
        );
      }
    
      private async handleRemoveFromQueue(
        sessionId: string | undefined,
        id: string,
        _index?: number,
      ): Promise<void> {
        if (!id) {
          return;
        }
        await this.queueManager.handleRemoveFromQueue({ id });
        if (sessionId) {
          this.sendQueueUpdate(sessionId);
        }
      }
    
      private async handleClearQueue(sessionId: string): Promise<void> {
        if (!sessionId) {
          return;
        }
        await this.queueManager.handleClearQueue({ sessionId });
      }
    
      private sendQueueUpdate(sessionId: string): void {
        void this.queueManager.sendQueueUpdate(sessionId);
      }
    
      private async handleExecuteQueue(sessionId: string): Promise<void> {
        const flow = log.startFeatureFlow('ExecuteQueue', { sessionId });
    
        if (!sessionId || this.executingQueueSessionIds.has(sessionId)) {
          if (this.executingQueueSessionIds.has(sessionId)) {
            log.endFeatureFlow(flow, { status: 'skipped', reason: 'Queue already executing' });
          } else {
            log.endFeatureFlow(flow, { status: 'failed', reason: 'No sessionId provided' });
          }
          return;
        }
    
        log.featureStep(flow, 'queue_execution_started');
        this.executingQueueSessionIds.add(sessionId);
        this.view?.webview.postMessage({
          type: "queueExecutionStarted",
          sessionId,
        });
    
        try {
          await this.queueManager.handleExecuteQueue({ sessionId });
          log.endFeatureFlow(flow, { status: 'completed', sessionId });
        } catch (error) {
          log.error('Failed to execute queue', { sessionId }, error as Error);
          log.endFeatureFlow(flow, { status: 'failed', error: String(error) });
        } finally {
          this.executingQueueSessionIds.delete(sessionId);
          this.sendQueueUpdate(sessionId);
        }
      }
    
      /**
       * Wrapper: Get sessions list
       * Fetches sessions from service and sends to webview
       */
      private async handleGetSessions(): Promise<void> {
        const sessions = await this.sessionService.listSessions();
        const sessionsPayload = sessions.map((session: any) => ({
          id: session.id,
          title: session.title || session.id,
          createdAt: session.createdAt,
          updatedAt: session.updatedAt,
        }));
    
        this.view?.webview.postMessage({
          type: "sessionsList",
          sessions: sessionsPayload,
        });
      }
    
      /**
       * Wrapper: Load session
       * Loads messages from service and sends to webview
       */
      private async handleLoadSession(sessionId: string): Promise<void> {
        const flow = log.startFeatureFlow('LoadSession', { sessionId });
    
        if (!sessionId) {
          log.endFeatureFlow(flow, { status: 'failed', reason: 'No sessionId provided' });
          return;
        }
    
        // Add to processing state to show loading indicator in UI
        this.processingSessionIds.add(sessionId);
        this.sendProcessingSessionsUpdate();
    
        try {
          // CRITICAL: Switch the active session in SessionService
          // This updates the service's internal state and persists it
          await this.sessionService.switchSession(sessionId);
          this.currentSessionId = sessionId;
          this.subagentTracker.setActiveSession(sessionId);
          // Clear in-memory todo cache to avoid cross-session leakage
          this.clearSessionTodos(sessionId);
    
          // Restore per-session agent / model / thinking selections
          await this.modelAndAgentManager.applySessionSettings(sessionId);
    
          // Notify the webview of the restored selections for this session
          this.view?.webview.postMessage({
            type: "initState",
            serverStatus: this.serverManager.getStatus(),
            selectedModel: this.modelAndAgentManager.getSelectedModel(),
            selectedAgent: this.modelAndAgentManager.getSelectedAgent(),
            serverVersion: this.serverManager.getVersion(),
            currentSessionId: this.currentSessionId,
            todoItems: this.loadPersistedTodos(this.currentSessionId).items,
          });
    
          const sessionThinkingLevel =
            this.modelAndAgentManager.getSessionSettings(sessionId).thinkingLevel ??
            this.context.globalState.get<string>("thinkingLevel");
          if (sessionThinkingLevel) {
            this.view?.webview.postMessage({
              type: "thinkingLevelUpdate",
              level: sessionThinkingLevel,
            });
          }
    
          // Fire-and-forget: fetch and broadcast current model capabilities on session load
          void this.modelCapabilitiesService
            .getCapabilities(
              this.modelAndAgentManager.getSelectedModel()?.providerID ?? "",
              this.modelAndAgentManager.getSelectedModel()?.modelID ?? "",
            )
            .then((capability) => {
              this.view?.webview.postMessage({
                type: "modelCapabilityUpdate",
                capability: capability ?? null,
              });
            })
            .catch(() => {
              // Minimal failure tracking for session-load capability fetches
              try {
                this.capabilityFetchFailureCount = (this.capabilityFetchFailureCount || 0) + 1;
                if (this.capabilityFetchFailureCount >= 3) {
                  vscode.window.showWarningMessage(
                    "Could not fetch model capabilities. Thinking level control may be unavailable.",
                  );
                  this.capabilityFetchFailureCount = 0;
                }
              } catch (_) {
                // best-effort only
              }
            });
    
          // Reload history for the new session
          const rawMessages = await this.sessionService.getMessages(sessionId);
    
          this.logger.info('[handleLoadSession] Fetched raw messages', {
            sessionId,
            rawCount: rawMessages?.length || 0,
            isRawMessagesArray: Array.isArray(rawMessages)
          });
    
          const messages = Array.isArray(rawMessages)
            ? await this.processHistoryMessages(rawMessages, sessionId)
            : [];
    
          this.logger.info('[handleLoadSession] Processed messages', {
            sessionId,
            processedCount: messages.length,
            willSendToWebview: true
          });
    
          const subagentSnapshotPayload =
            await this.subagentPersistence.syncSubagentSnapshotForSession(
              sessionId,
              messages,
            );
          await this.compactionManager.sendPersistedCompactionViewState(sessionId);
    
          // DEBUG: Log messages before sending to webview
          const planMessages = messages.filter((m: any) => m?.plan);
          log.debug('Sending messages to webview', {
            totalMessages: messages.length,
            planMessagesCount: planMessages.length,
            samplePlanMessage: planMessages[0] ? {
              hasPlan: !!planMessages[0].plan,
              planKeys: planMessages[0].plan ? Object.keys(planMessages[0].plan) : [],
              planFile: planMessages[0].plan?.file,
              planValue: planMessages[0].plan
            } : null
          });
    
          this.view?.webview.postMessage({
            type: "chatHistory",
            sessionId: sessionId,
            messages: messages,
          });
          this.view?.webview.postMessage({
            type: "subagentSnapshot",
            ...subagentSnapshotPayload,
          });
    
          // Update the list selection
          await this.handleGetSessions();
        } catch (error) {
          log.error('Failed to load session', { sessionId }, error as Error);
          vscode.window.showErrorMessage(`Failed to load session: ${error}`);
          log.endFeatureFlow(flow, { status: 'failed', error: String(error) });
        } finally {
          // Remove from processing state regardless of success or error
          this.processingSessionIds.delete(sessionId);
          this.sendProcessingSessionsUpdate();
          // always finalize flow (was previously guarded by !flow.result)
          log.endFeatureFlow(flow, { status: 'completed', sessionId });
        }
      }
    
      /**
       * Wrapper: Delete session
       * Handles session deletion with fallback to create new session
       */
      private async handleDeleteSession(sessionId: string): Promise<void> {
        const flow = log.startFeatureFlow('DeleteSession', { sessionId });
    
        if (!sessionId) {
          log.endFeatureFlow(flow, { status: 'failed', reason: 'No sessionId provided' });
          return;
        }
    
        try {
          log.featureStep(flow, 'deleting_session');
          await this.sessionService.deleteSession(sessionId);
          await this.clearPersistedSubagentSnapshot(sessionId);
          await this.compactionManager.clearPersistedCompactionViewState(sessionId);
    
          const currentSession = await this.sessionService.getCurrentSession();
          if (!currentSession) {
            await this.sessionService.createNewSession();
          }
    
          await this.handleGetSessions();
          log.endFeatureFlow(flow, { status: 'completed', sessionId });
        } catch (error) {
          log.error('Failed to delete session', { sessionId }, error as Error);
          vscode.window.showErrorMessage(`Failed to delete session: ${error}`);
          log.endFeatureFlow(flow, { status: 'failed', error: String(error) });
        }
      }
    
      /**
       * Wrapper: Rename session
       * Delegates to SessionHandler module
       */
      private async handleRenameSession(sessionId: string, newTitle: string): Promise<void> {
        return this.sessionHandler.handleRenameSession(sessionId, newTitle);
      }
    
      /**
       * Wrapper: Forward compaction status from stream event
       * Called by MessageStreamService when processing stream events
       */
      forwardCompactionStatusFromStreamEvent(event: unknown): void {
        return this.compactionManager.forwardCompactionStatusFromStreamEvent(event);
      }
    
      /**
       * Wrapper: Get models
       * Delegates to ModelAndAgentManager module
       */
      private async handleGetModels(): Promise<ChatModelOption[]> {
        return this.modelAndAgentManager.handleGetModels();
      }
    
      /**
       * Wrapper: Get agents
       * Delegates to ModelAndAgentManager module
       */
      private async handleGetAgents(): Promise<void> {
        return this.modelAndAgentManager.handleGetAgents();
      }
    
      /**
       * Handle get commands request
       * Fetches available skills and converts them to slash commands
       */
      private async handleGetCommands(): Promise<void> {
        this.logger.info('[handleGetCommands] Starting to fetch skills from OpenCode server');
    
        try {
          // Ensure server is running
          this.logger.info('[handleGetCommands] Ensuring server is running...');
          const client = await this.serverManager.ensureRunning();
          if (!client) {
            this.logger.error('[handleGetCommands] Failed to get client even after ensureRunning()');
            this.sendCommandsToWebview([]);
            return;
          }
    
          this.logger.info('[handleGetCommands] Server is running, client available');
    
          // Get the current model and provider
          let currentModel = this.selectedModel?.modelID
            ? { provider: this.selectedModel.providerID, model: this.selectedModel.modelID }
            : undefined;
          if (!currentModel) {
            this.logger.warn('[handleGetCommands] No current model selected, using defaults');
            currentModel = { provider: 'anthropic', model: 'claude-sonnet-4-6' };
          }
    
          this.logger.info('[handleGetCommands] Fetching tools from OpenCode server', {
            provider: currentModel.provider,
            model: currentModel.model
          });
    
          // Use the OpenCode SDK client to get the list of available tools
          const toolsResponse = await client.tool.list({
            query: {
              provider: currentModel.provider,
              model: currentModel.model
            }
          });
    
          if (!toolsResponse.data) {
            this.logger.warn('[handleGetCommands] No tools data returned from server');
            this.sendCommandsToWebview([]);
            return;
          }
    
          const tools = toolsResponse.data;
          this.logger.info('[handleGetCommands] Fetched tools from server', {
            toolCount: tools.length,
            toolIds: tools.map(t => t.id),
            allTools: JSON.stringify(tools.map(t => ({
              id: t.id,
              hasDescription: !!t.description,
              descLength: t.description?.length || 0
            })))
          });
    
          // Find the skill tool
          const skillTool = tools.find(tool => tool.id === 'skill');
    
          this.logger.info('[handleGetCommands] Looking for skill tool', {
            found: !!skillTool,
            hasDescription: !!skillTool?.description,
            descPreview: skillTool?.description?.substring(0, 200)
          });
    
          const commands: Array<{ name: string; description: string }> = [];
    
          if (skillTool && skillTool.description) {
            // Parse the available skills from the skill tool's description
            // Format: ## Available Skills\n- **skill-name**: description
            // Show ALL skills in slash commands (even disabled ones) for manual use
            // The config controls which skills OpenCode auto-loads, not what's visible
    
            // Normalize line endings to handle \r\n (Windows) and \r (old Mac)
            const normalizedDescription = skillTool.description.replace(/\r\n/g, '\n').replace(/\r/g, '\n');
            const lines = normalizedDescription.split('\n');
            this.logger.info('[handleGetCommands] Splitting description into lines', {
              lineCount: lines.length,
              firstLines: lines.slice(0, 5),
              fullDescription: skillTool.description.substring(0, 500)
            });
    
            let inAvailableSection = false;
            let currentSkill: { name: string; description: string } | null = null;
    
            for (const line of lines) {
              if (line.includes('## Available Skills') || line.includes('Available Skills')) {
                inAvailableSection = true;
                continue;
              }
    
              if (inAvailableSection) {
                // Match format: - **skill-name**: description
                const match = line.match(/^-\s*\*\*([^*]+)\*\*:\s*(.+)$/);
                if (match) {
                  // Save previous skill if any
                  if (currentSkill) {
                    commands.push(currentSkill);
                  }
                  // Start new skill
                  currentSkill = {
                    name: match[1].trim(),
                    description: match[2].trim()
                  };
                } else if (line.startsWith('##') || line.startsWith('---')) {
                  // End of skills section - save last skill
                  if (currentSkill) {
                    commands.push(currentSkill);
                    currentSkill = null; // Clear to prevent double-push
                  }
                  break;
                } else if (line.trim().startsWith('- ') && currentSkill) {
                  // Continuation of description - remove the '- ' prefix
                  currentSkill.description += '\n' + line.trim().substring(2);
                } else if (line.trim().length > 0 && currentSkill) {
                  // Continuation of description (lines without '- ' prefix)
                  currentSkill.description += '\n' + line.trim();
                }
              }
            }
    
            // Don't forget to push the last skill if we didn't hit a break condition
            if (currentSkill) {
              commands.push(currentSkill);
            }
    
            this.logger.info('[handleGetCommands] Parsed ALL skills from skill tool', {
              count: commands.length,
              skills: commands.map(c => ({ name: c.name, descLength: c.description.length }))
            });
          } else {
            this.logger.warn('[handleGetCommands] No skill tool found or no description');
          }
    
          // If no skills found, do NOT fall back to all tools
          // This prevents showing system tools (edit, read, bash, etc.) as if they were skills
          if (commands.length === 0) {
            this.logger.warn('[handleGetCommands] No skills found, sending empty command list');
          }
    
          this.logger.info('[handleGetCommands] Sending commands to webview', {
            commandCount: commands.length,
            commands: commands.slice(0, 10).map(c => ({ name: c.name, desc: c.description }))
          });
    
          if (commands.length === 0) {
            this.logger.warn('[handleGetCommands] No commands found - this might indicate:', {
              reasons: [
                'Server not started or not ready',
                'No skills available in current config',
                'Skills not discovered by server',
                'Tool list API changed'
              ],
              suggestion: 'Check OpenCode server status and ensure skills are enabled in config'
            });
          }
    
          // Send the commands to the webview
          this.sendCommandsToWebview(commands);
        } catch (error) {
          this.logger.error('[handleGetCommands] Failed to load commands', {
            error: error instanceof Error ? error.message : String(error),
            stack: error instanceof Error ? error.stack : undefined
          });
    
          // Still send empty commands array to frontend even on error
          this.sendCommandsToWebview([]);
        }
      }
    
      /**
       * Send commands to the webview
       * Centralized method for sending slash commands to the chat interface
       */
      private sendCommandsToWebview(commands: Array<{ name: string; description: string }>): void {
        // CRITICAL: Check if view is available before sending message
        if (!this.view) {
          this.logger.error('[sendCommandsToWebview] Cannot send commands - webview is not available');
          return;
        }
    
        if (!this.view.webview) {
          this.logger.error('[sendCommandsToWebview] Cannot send commands - webview.webview is not available');
          return;
        }
    
        const message = {
          type: "commandsList",
          commands: commands,
        };
    
        this.logger.info('[sendCommandsToWebview] Posting message to webview', {
          messageType: message.type,
          commandsCount: message.commands.length,
          commandsPreview: message.commands.slice(0, 3).map(c => c.name)
        });
    
        try {
          const result = this.view.webview.postMessage(message);
          this.logger.info('[sendCommandsToWebview] postMessage returned', {
            success: result,
            result: String(result)
          });
    
          if (!result) {
            this.logger.error('[sendCommandsToWebview] postMessage returned false - webview may not be ready');
          }
        } catch (postError) {
          this.logger.error('[sendCommandsToWebview] postMessage threw an error', {
            error: postError instanceof Error ? postError.message : String(postError),
            stack: postError instanceof Error ? postError.stack : undefined
          });
        }
      }
    
      /**
       * Wrapper: Clear persisted subagent snapshot
       * Delegates to SubagentPersistence module
       */
      private async clearPersistedSubagentSnapshot(sessionId: string): Promise<void> {
        return this.subagentPersistence.clearPersistedSubagentSnapshot(sessionId);
      }
    
      /**
       * Wrapper: View plan
       * Delegates to PlanManager module
       */
      private async handleViewPlan(plan: {
        file?: string;
        content?: string;
        title?: string;
        intro?: string;
        summary?: string;
        files?: any[];
        fileCount?: number;
      }): Promise<void> {
        return this.planManager.handleViewPlan(plan);
      }
    
      /**
       * Wrapper: Set compaction view state
       * Delegates to CompactionManager module
       */
      private async handleSetCompactionViewState(message: {
        sessionId: string;
        state: any;
      }): Promise<void> {
        return this.compactionManager.handleSetCompactionViewState(message);
      }
    
      /**
       * Wrapper: Compact session
       * Delegates to CompactionManager module
       */
      private async handleCompactSession(
        sessionId: string,
        baselineStats?: { [key: string]: number },
      ): Promise<void> {
        const options: { auto?: boolean; threshold?: number } = {};
        if (baselineStats) {
          options.threshold = Object.values(baselineStats).reduce((sum, val) => sum + val, 0);
        }
        return this.compactionManager.handleCompactSession(
          sessionId,
          options,
          this.sessionService,
        );
      }
    
      /**
       * Wrapper: Apply session message overrides
       * Delegates to HistoryProcessor module
       */
      private async applySessionMessageOverrides(
        sessionId: string,
        messages: any[],
      ): Promise<any[]> {
        return this.historyProcessor.applySessionMessageOverrides(sessionId, messages);
      }
    
      /**
       * Wrapper: Normalize structured output
       * Delegates to StructuredOutputProcessor module
       */
      private normalizeStructuredOutput(
        content: string,
        context: {
          source?: string;
          providerID?: string;
          modelID?: string;
        },
      ): any {
        return this.structuredOutputProcessor.normalizeStructuredOutput(content, context);
      }
    
      /**
       * Wrapper: Persist session message override
       * Delegates to HistoryProcessor module
       */
      private async persistSessionMessageOverride(
        sessionId: string,
        override: any,
      ): Promise<void> {
        return this.historyProcessor.persistSessionMessageOverride(sessionId, override);
      }
    
      /**
       * Wrapper: Normalize plan proceed user message
       * Delegates to PlanManager module
       */
      private normalizePlanProceedUserMessage(message: any): any {
        return this.planManager.normalizePlanProceedUserMessage(message);
      }
    
      /**
       * Wrapper: Log stream event diagnostics
       * Delegates to DiagnosticsLogger module
       */
      private logStreamEventDiagnostics(event: any, enrichedEvent?: any): void {
        this.diagnosticsLogger.logStreamEventDiagnostics(event, enrichedEvent);
      }
    
      /**
       * Wrapper: Enrich message with plan
       * Delegates to StructuredOutputProcessor module
       */
      private enrichMessageWithPlan(message: any): any {
        return this.structuredOutputProcessor.enrichMessageWithPlan(message);
      }
    
      /**
       * Check if value is an interactive response type
       */
      private isInteractiveResponseType(value: unknown): boolean {
        return this.structuredOutputProcessor.isInteractiveResponseType(value);
      }
    
      /**
       * Check if content is a clarification questionnaire
       */
      private isClarificationQuestionnaire(content: unknown): boolean {
        return this.structuredOutputProcessor.isClarificationQuestionnaire(content);
      }
    
      /**
       * Get structured output model key
       */
      private getStructuredOutputModelKey(
        providerID?: string,
        modelID?: string,
      ): string {
        return this.structuredOutputProcessor.getStructuredOutputModelKey(
          this.firstNonEmptyString(providerID, modelID) || "",
        );
      }
    
      /**
       * Create fallback message from structured output
       */
      private createFallbackMessage(structured: any): string | undefined {
        return this.structuredOutputProcessor.createFallbackMessage(structured);
      }
    
      /**
       * Get the selected structured output model key
       */
      private getSelectedStructuredOutputModelKey(): string | undefined {
        return this.structuredOutputProcessor.getSelectedStructuredOutputModelKey();
      }
    
      /**
       * Dispatch interactive response
       */
      private async dispatchInteractiveResponse(payload: {
        sessionId?: string;
        text?: string;
        userFacingText?: string;
        agent?: string;
      }): Promise<void> {
        const text = typeof payload.text === "string" ? payload.text.trim() : "";
        if (!text) {
          return;
        }
    
        const sessionId = await this.resolveQueueSessionId(payload.sessionId);
        if (!sessionId) {
          const message =
            "Unable to send interactive response because no active session could be resolved.";
          this.view?.webview.postMessage({
            type: "error",
            message,
          });
          vscode.window.showErrorMessage(message);
          return;
        }
    
        if (this.awaitingInteractiveAnswer) {
          // Match webview's 15s window to prevent popover reappearing during transition
          this.interactiveResponseTransitionUntil = Date.now() + 15000;
        }
    
        // Don't force stop ongoing requests - let schedulePromptDispatch handle mode switching
        // This uses the same intelligent "steer" mode as normal messages instead of blocking
        this.currentSessionId = sessionId;
        await this.schedulePromptDispatch("send-now", {
          sessionId,
          text,
          agent: payload.agent,
          userFacingText: payload.userFacingText,
        });
      }
    
      /**
       * Resolve queue session ID
       */
      private async resolveQueueSessionId(
        requestedSessionId?: string,
      ): Promise<string | undefined> {
        const explicitSessionId = this.firstNonEmptyString(requestedSessionId);
        if (explicitSessionId) {
          if (!this.currentSessionId) {
            this.currentSessionId = explicitSessionId;
          }
          return explicitSessionId;
        }
    
        const currentId = this.firstNonEmptyString(this.currentSessionId);
        if (currentId) {
          return currentId;
        }
    
        try {
          const session = await this.sessionService.getCurrentSession();
          const sessionId = this.firstNonEmptyString(session?.id);
          if (sessionId) {
            this.currentSessionId = sessionId;
          }
          return sessionId;
        } catch (error) {
          this.logger.error("Failed to resolve queue session ID", { err: error });
          return undefined;
        }
      }
    
      /**
       * History processing methods - delegate to HistoryProcessor
       */
      private dedupeMirrorHistoryMessages(messages: any[]): any[] {
        return this.historyProcessor.dedupeMirrorHistoryMessages(messages);
      }
    
      private mergeAdjacentAssistantActivityMessages(messages: any[]): any[] {
        return this.historyProcessor.mergeAdjacentAssistantActivityMessages(messages);
      }
    
      private mergeConsecutiveAssistantBursts(messages: any[]): any[] {
        return this.historyProcessor.mergeConsecutiveAssistantBursts(messages);
      }
    
      private getLatestAssistantHistoryMarker(messages: any[]): {
        id?: string;
        fingerprint?: string;
        createdAt?: number;
        richness: number;
      } {
        return this.historyProcessor.getLatestAssistantHistoryMarker(messages);
      }
    
      private hasAssistantHistoryAdvanced(
        latest:
          | any[]
          | { id?: string; fingerprint?: string; createdAt?: number; richness?: number }
          | undefined,
        baseline:
          | any[]
          | { id?: string; fingerprint?: string; createdAt?: number; richness?: number }
          | undefined,
      ): boolean {
        return this.historyProcessor.hasAssistantHistoryAdvanced(latest, baseline);
      }
    
      /**
       * Subagent methods - delegate to SubagentPersistence
       */
      private async persistSubagentLiveState(
        sessionId: string,
        payload: unknown,
      ): Promise<void> {
        await this.subagentPersistence.persistSubagentLiveState(sessionId, payload as SubagentUpdatePayload);
      }
    
      private buildSubagentPayloadFromMessage(message: any, sessionId?: string): any {
        return this.subagentPersistence.buildSubagentPayloadFromMessage(message, sessionId ?? '');
      }
    
      /**
       * Diagnostics logging - delegate to DiagnosticsLogger
       */
      private logHistoryRenderDiagnostics(
        source: string,
        sessionId: string,
        rawMessages: any[],
        processedMessages: any[],
      ): void {
        return this.diagnosticsLogger.logHistoryRenderDiagnostics(
          source,
          sessionId,
          rawMessages,
          processedMessages,
        );
      }
    
      /**
       * Session settings - delegate to ModelAndAgentManager
       */
      private async persistSessionSettings(
        sessionId: string,
        settings: {
          providerID?: string;
          modelID?: string;
          agent?: string;
          thinkingLevel?: string;
        },
      ): Promise<void> {
        const partial: any = {};
        if (settings.providerID) partial.providerID = settings.providerID;
        if (settings.modelID) partial.modelID = settings.modelID;
        if (settings.agent) partial.agent = settings.agent;
        if (settings.thinkingLevel) partial.thinkingLevel = settings.thinkingLevel;
        return this.modelAndAgentManager.persistSessionSettings(sessionId, partial);
      }
    
      private async resolvePromptVariant(sessionId: string): Promise<string | undefined> {
        return this.modelAndAgentManager.resolvePromptVariant(sessionId);
      }
    
      /**
       * Structured output methods - delegate to StructuredOutputProcessor
       */
      private getStructuredOutputFormat(): Record<string, unknown> {
        return this.structuredOutputProcessor.getStructuredOutputFormat();
      }
    
      private shouldUseStructuredOutput(modelKey: string): boolean {
        return this.structuredOutputProcessor.shouldUseStructuredOutput(modelKey);
      }
    
      private isRenderableTextPart(part: unknown): boolean {
        return this.structuredOutputProcessor.isRenderableTextPart(part);
      }
    
      private deriveQuestionPromptFromInteractivePayload(payload: {
        question: string;
        options?: any[];
      }): string {
        return this.structuredOutputProcessor.deriveQuestionPromptFromInteractivePayload(payload);
      }
    
      private isLowValueInteractiveBodyText(value: string): boolean {
        return this.structuredOutputProcessor.isLowValueInteractiveBodyText(value);
      }
    
      /**
       * Plan methods - delegate to PlanManager
       */
      private collectPlanFileCandidatesFromStructuredPlan(structured: any): string[] {
        return this.planManager.collectPlanFileCandidatesFromStructuredPlan(structured);
      }
    
      private resolvePlanTitle(options: {
        plan?: { title?: string; file?: string };
        planFile?: string;
        fallback?: string;
        explicitTitle?: string;
      }): string | undefined {
        return this.planManager.resolvePlanTitle(options);
      }
    
      /**
       * Session methods - delegate to SessionHandler
       */
      private sendProcessingSessionsUpdate(): void {
        this.view?.webview.postMessage({
          type: "SET_PROCESSING_SESSIONS",
          payload: Array.from(this.processingSessionIds),
        });
      }
    
      /**
       * Diagnostics methods - delegate to DiagnosticsLogger
       */
      private async logPromptRequestPayload(
        sessionId: string,
        promptBody: any,
        useStructuredOutput: boolean,
      ): Promise<void> {
        return this.diagnosticsLogger.logPromptRequestPayload(
          sessionId,
          promptBody,
          useStructuredOutput,
        );
      }
    
      private async logPromptResponsePayload(
        sessionId: string,
        response: any,
        durationSeconds: number,
        useStructuredOutput: boolean,
      ): Promise<void> {
        return this.diagnosticsLogger.logPromptResponsePayload(
          sessionId,
          response,
          durationSeconds,
          useStructuredOutput,
        );
      }
    
      private logPromptResponseDiagnostics(
        sessionId: string,
        responseData: any,
      ): void {
        return this.diagnosticsLogger.logPromptResponseDiagnostics(
          sessionId,
          responseData,
        );
      }
    
      private buildRawResponseDebugText(response: any): string {
        return this.diagnosticsLogger.buildRawResponseDebugText(response);
      }
    
      /**
       * Subagent helper methods (not moved to modules, kept in ChatViewProvider)
       */
      private hasStructuredSubagentSignal(messageRaw: unknown): boolean {
        if (!messageRaw || typeof messageRaw !== "object") {
          return false;
        }
        const message = messageRaw as any;
        const subagents = message?.subagents;
        return (
          Array.isArray(subagents) &&
          subagents.length > 0 &&
          subagents.some((s: any) => s?.status === "structured")
        );
      }
    
      private extractMessageId(message: any): string | undefined {
        if (!message) return undefined;
        const id =
          this.firstNonEmptyString(
            message?.id,
            message?.messageId,
            message?.info?.id,
            message?.info?.messageId,
          ) ||
          (typeof message?.info?._id === "string"
            ? message.info._id
            : undefined);
        return id;
      }
    
      /**
       * Compaction methods - delegate to CompactionManager
       */
      private async maybeAutoCompact(
        sessionId: string,
        responseData: unknown,
      ): Promise<void> {
        return this.compactionManager.maybeAutoCompact(
          sessionId,
          responseData,
          this.sessionService,
        );
      }
    
      /**
       * Plan file methods - delegate to PlanManager (public interface)
       * Note: normalizePlanFileReference is private in PlanManager, so we call it through
       * other public methods or recreate the logic if needed
       */
      private normalizePlanFileReference(file: unknown): string | undefined {
        // This is a private method in PlanManager, but we need access to it.
        // For now, duplicate the minimal logic needed here.
        const raw = this.firstNonEmptyString(file);
        if (!raw) {
          return undefined;
        }
    
        let value = raw.trim();
        if (!value) {
          return undefined;
        }
    
        if (value.startsWith("file://")) {
          try {
            const uri = vscode.Uri.parse(value);
            if (uri.scheme === "file" && uri.fsPath) {
              value = uri.fsPath;
            }
          } catch {
            // Keep string cleanup fallback below.
          }
        }
    
        // Strip common markdown wrappers around file paths.
        value = value
          .replace(/^`+|`+$/g, "")
          .replace(/^"+|"+$/g, "")
          .replace(/^'+|'+$/g, "")
          .replace(/^<+|>+$/g, "")
          .replace(/^\(+|\)+$/g, "")
          .trim();
    
        return value || undefined;
      }
    
      private resolvePlanFileCandidates(planFile: string): string[] {
        return this.planManager.resolvePlanFileCandidates(planFile);
      }
    
      private async persistPlan(
        content: string,
        preferredPath?: string,
      ): Promise<string | undefined> {
        return this.planManager.persistPlan(content, preferredPath);
      }
    
      private async readPlanFileFromDisk(filePath: string): Promise<string | undefined> {
        // This is a private method in PlanManager, duplicate the minimal logic here
        try {
          const normalized = path.normalize(filePath);
          const content = await vscode.workspace.fs.readFile(
            vscode.Uri.file(normalized),
          );
          return Buffer.from(content).toString("utf-8");
        } catch {
          return undefined;
        }
      }
    
      private prioritizePlanFileCandidates(
        candidates: Array<unknown>,
        explicitFiles?: Set<string>,
      ): string[] {
        return this.planManager.prioritizePlanFileCandidates(candidates, explicitFiles);
      }
    
      private extractMarkdownFileReferences(text: unknown): string[] {
        return this.planManager.extractMarkdownFileReferences(text);
      }
    
      private discoverLikelyPlanFileCandidates(): Promise<string[]> {
        return this.planManager.discoverLikelyPlanFileCandidates();
      }
    
      /**
       * Normalize compaction baseline stats
       * Converts raw stats object to normalized format
       */
      private normalizeCompactionBaselineStats(
        value: unknown,
      ): { [key: string]: number } | undefined {
        const rec = this.asRecord(value);
        if (!rec) {
          return undefined;
        }
    
        const normalize = (raw: unknown): number | undefined =>
          typeof raw === "number" && Number.isFinite(raw) && raw >= 0
            ? Math.floor(raw)
            : undefined;
    
        const input = normalize(rec.input);
        const output = normalize(rec.output);
        const read = normalize(rec.read);
        const write = normalize(rec.write);
        const duration = normalize(rec.duration);
    
        if (
          input === undefined &&
          output === undefined &&
          read === undefined &&
          write === undefined &&
          duration === undefined
        ) {
          return undefined;
        }
    
        return {
          input: input ?? 0,
          output: output ?? 0,
          read: read ?? 0,
          write: write ?? 0,
          duration: duration ?? 0,
        };
      }
    
      resolveWebviewView(
        webviewView: vscode.WebviewView,
        _context: vscode.WebviewViewResolveContext,
        _token: vscode.CancellationToken,
      ): void | Thenable<void> {
        this.logger.info("[ChatViewProvider] resolving webview view");
        this.view = webviewView;
        this.isBootstrappingWebview = false;
        this.hasInitializedWebview = false;
        this.sessionsListRequestVersion = 0;
        this.lastSessionsPayloadFingerprint = undefined;
    
        webviewView.webview.options = {
          enableScripts: true,
          localResourceRoots: [this.context.extensionUri],
        };
    
        // Handle messages from webview
        webviewView.webview.onDidReceiveMessage(async (message) => {
          const { type } = message;
    
          // Log all UI interactions for debugging
          this.logger.logUIInteraction('ChatView', type, message.type, message as Record<string, unknown>);
    
          switch (type) {
            case "ready": {
              this.logger.debug(`${LoggingCategories.UI_INTERACTION} Webview ready`, {
                viewType: 'chat',
              });
    
              if (this.isBootstrappingWebview) {
                break;
              }
    
              this.isBootstrappingWebview = true;
              // A reloaded webview starts with empty client state. Force a fresh
              // sessions payload even if the underlying list fingerprint is unchanged.
              this.lastSessionsPayloadFingerprint = undefined;
              if (!this.hasInitializedWebview) {
                // Reply immediately so the webview stops retrying `ready` while
                // slower bootstrap tasks (models/sessions) are still loading.
                this.view?.webview.postMessage({
                  type: "initState",
                  serverStatus: this.serverManager.getStatus(),
                  selectedModel: this.selectedModel,
                  selectedAgent: this.selectedAgent,
                  serverVersion: this.serverManager.getVersion(),
                  currentSessionId: this.currentSessionId,
                  todoItems: this.loadPersistedTodos(this.currentSessionId).items,
                });
                this.hasInitializedWebview = true;
              }
    
              try {
                // Fetch models so they're available in the webview on startup.
                // We await this to ensure models are loaded before sending initState.
                // Network issues are handled gracefully inside handleGetModels with fallback models.
                const models = await this.modelAndAgentManager.handleGetModels();
                await this.modelAndAgentManager.reconcileSelectedModelSelection(models);
    
                // Sync default agent selection
                await this.syncCLIAgents();
    
                // Fetch and send full agents list to webview
                await this.modelAndAgentManager.handleGetAgents();
    
                // TEMPORARILY DISABLED: Fetch and send commands list for SkillsPanel
                // This is loading 700+ skills and causing massive delays
                // TODO: Re-enable after implementing proper pagination/lazy loading
                // void this.handleGetCommands().catch((error) => {
                //   this.logger.warn("Background commands loading failed during ready bootstrap", { err: error });
                // });
                this.logger.info("⚠️ [PERF] Command loading disabled temporarily (700+ skills bottleneck)");
    
                // Resolve the active session before sending initState so that
                // per-session settings (agent / model / thinking) are applied first.
                const currentSession =
                  await this.sessionService.getCurrentSession();
                if (currentSession) {
                  this.currentSessionId = currentSession.id;
                  await this.applySessionSettings(currentSession.id);
                }
    
                // Send refreshed init state reflecting the session-specific selections
                this.view?.webview.postMessage({
                  type: "initState",
                  serverStatus: this.serverManager.getStatus(),
                  selectedModel: this.selectedModel,
                  selectedAgent: this.selectedAgent,
                  serverVersion: this.serverManager.getVersion(),
                  currentSessionId: this.currentSessionId,
                });
    
                // Restore the session-specific thinking level (separate message type)
                const bootstrapThinkingLevel =
                  (currentSession
                    ? this.getSessionSettings(currentSession.id).thinkingLevel
                    : undefined) ??
                  this.context.globalState.get<string>("thinkingLevel");
                if (bootstrapThinkingLevel) {
                  this.view?.webview.postMessage({
                    type: "thinkingLevelUpdate",
                    level: bootstrapThinkingLevel,
                  });
                }
                // Fire-and-forget: fetch and broadcast current model capabilities on bootstrap (unconditional)
                void this.modelCapabilitiesService
                  .getCapabilities(
                    this.selectedModel?.providerID ?? "",
                    this.selectedModel?.modelID ?? "",
                  )
                  .then((capability) => {
                    this.view?.webview.postMessage({
                      type: "modelCapabilityUpdate",
                      capability: capability ?? null,
                    });
                  })
                  .catch(() => {
                    // Minimal failure tracking for bootstrap capability fetches
                    try {
                      this.capabilityFetchFailureCount = (this.capabilityFetchFailureCount || 0) + 1;
                      if (this.capabilityFetchFailureCount >= 3) {
                        vscode.window.showWarningMessage(
                          "Could not fetch model capabilities. Thinking level control may be unavailable.",
                        );
                        this.capabilityFetchFailureCount = 0;
                      }
                    } catch (e) {
                      // best-effort only
                    }
                  });
    
                // Send initial budget status
                this.sendBudgetInfo();
    
                // Fetch and send chat history and sessions list
                if (currentSession) {
                  this.subagentTracker.setActiveSession(currentSession.id);
                  const rawMessages = await this.sessionService.getMessages(
                    currentSession.id,
                  );
                  const messages = await this.processHistoryMessages(
                    rawMessages,
                    currentSession.id,
                  );
                  this.logHistoryRenderDiagnostics(
                    "webview.ready.current-session",
                    currentSession.id,
                    rawMessages,
                    messages,
                  );
                  this.view?.webview.postMessage({
                    type: "chatHistory",
                    messages: messages,
                  });
                  await this.sendPersistedCompactionViewState(currentSession.id);
                  const subagentSnapshotPayload =
                    await this.syncSubagentSnapshotForSession(
                      currentSession.id,
                      messages as any[],
                    );
                  this.view?.webview.postMessage({
                    type: "subagentSnapshot",
                    ...subagentSnapshotPayload,
                  });
                  this.sendQueueUpdate(currentSession.id);
                } else {
                  this.subagentTracker.resetForSession(null);
                  this.view?.webview.postMessage({
                    type: "subagentSnapshot",
                    ...this.subagentTracker.getSnapshotPayload(),
                  });
                }
    
                await this.handleGetSessions();
                this.refreshView();
    
                // Fetch live MCP and LSP server status from OpenCode SDK
                this.handleGetMcpStatus().catch(() => { });
                this.handleGetLspStatus().catch(() => { });
    
                // Send quota data or trigger initial fetch
                const quotaData = this.quotaService.cachedData;
                if (quotaData !== undefined) {
                  this.view?.webview.postMessage({
                    type: "quotaData",
                    data: quotaData,
                  });
                } else {
                  this.quotaService.refreshQuota().catch(() => { });
                }
                // Send initial theme data
                await this.sendThemeDataToWebview();
              } finally {
                this.isBootstrappingWebview = false;
              }
              break;
            }
            case "sendMessage":
            case "sendPrompt": {
              const correlationId = this.logger.startFeatureFlow('send-message', {
                hasFiles: message.files?.length > 0,
                hasImages: message.images?.length > 0,
                textLength: message.text?.length,
              });
    
              this.logger.info(`${LoggingCategories.UI_INTERACTION} User initiated message send`, {
                correlationId,
                hasFiles: message.files?.length > 0,
                hasImages: message.images?.length > 0,
                textLength: message.text?.length,
              });
    
              try {
                await this.schedulePromptDispatch("send-now", {
                  sessionId: message.sessionId,
                  text: message.text,
                  files: message.files,
                  contexts: message.contexts,
                  images: message.images,
                  agent: message.agent,
                });
                this.logger.endFeatureFlow(correlationId, { success: true });
              } catch (err) {
                this.logger.error(
                  `${LoggingCategories.UI_INTERACTION} Failed to send message`,
                  { correlationId, error: (err as Error).message }
                );
                this.logger.endFeatureFlow(correlationId, { success: false });
              }
              break;
            }
            case "persistAssistantMessage": {
              const sessionId = this.firstNonEmptyString(
                message.sessionId,
                this.currentSessionId,
              );
              if (!sessionId || !message.message) {
                break;
              }
              await this.sessionService.upsertMessage(sessionId, message.message);
              await this.persistSessionMessageOverride(sessionId, message.message);
              const snapshotFromMessage = this.buildSubagentPayloadFromMessage(
                message.message,
                sessionId,
              );
              if (snapshotFromMessage) {
                await this.persistSubagentLiveState(sessionId, snapshotFromMessage);
              }
              break;
            }
            case "interactiveResponse": {
              const choiceText =
                this.firstNonEmptyString(
                  message?.selection?.value,
                  message?.selection?.label,
                  message?.text,
                ) || "";
              if (!choiceText) {
                break;
              }
    
              // FIX: Send just the choice text, no special formatting
              const composedPrompt = choiceText;
              const userFacingText = this.firstNonEmptyString(
                message?.displayText,
                choiceText,
              );
    
              await this.dispatchInteractiveResponse({
                sessionId: message?.sessionId,
                text: composedPrompt,
                userFacingText,
                agent: message?.agent,
              });
              break;
            }
            case "batchInteractiveResponse": {
              const responses = message.responses as Array<{
                eventId: string;
                eventType: string;
                text: string;
                questionText?: string;
              }>;
              if (!responses || responses.length === 0) {
                break;
              }
    
              // Preserve question context in the prompt so model-side continuation
              // is grounded, while the webview controls user-facing rendering text.
              const composedPrompt = responses
                .map((resp, index) => {
                  const answer = this.firstNonEmptyString(resp.text) || "";
                  if (!answer) {
                    return "";
                  }
                  const question = this.firstNonEmptyString(resp.questionText) || "";
                  if (!question) {
                    return `Answer ${index + 1}: ${answer}`;
                  }
                  return `Question ${index + 1}: ${question}\nAnswer: ${answer}`;
                })
                .filter((value) => value.length > 0)
                .join("\n\n");
    
              if (!composedPrompt) {
                break;
              }
    
              const userFacingText = this.firstNonEmptyString(
                message?.displayText,
                composedPrompt,
              );
    
              await this.dispatchInteractiveResponse({
                sessionId: message?.sessionId,
                text: composedPrompt,
                userFacingText,
                agent: message?.agent,
              });
              break;
            }
            case "newSession":
            case "createSession": {
              const correlationId = this.logger.startFeatureFlow('create-session');
    
              this.logger.info(`${LoggingCategories.UI_INTERACTION} User creating new session`, {
                correlationId,
              });
    
              try {
                const createdSession = await this.sessionService.createNewSession();
                this.currentSessionId = createdSession.id;
                this.logger.info(`${LoggingCategories.UI_INTERACTION} New session created`, {
                  correlationId,
                  sessionId: createdSession.id,
                });
                this.logger.endFeatureFlow(correlationId, {
                  success: true,
                  sessionId: createdSession.id,
                });
    
                // Clear in-memory todo cache for the newly created session.
                this.clearSessionTodos();
                this.subagentTracker.resetForSession(createdSession.id);
                await this.clearPersistedSubagentSnapshot(createdSession.id);
                this.sendQueueUpdate(createdSession.id);
    
                // Always use "build" as the default agent for new sessions
                // This prevents new sessions from inheriting an agent that was
                // selected in a previous session (e.g., "Sisyphus (Ultraworker)")
                this.selectedAgent = "build";
                await this.persistSessionSettings(createdSession.id, {
                  agent: "build",
                });
    
                await this.handleGetSessions(); // Update list
                this.refreshView();
    
                // Clear webview messages
                this.view?.webview.postMessage({
                  type: "chatHistory",
                  messages: [],
                });
                this.view?.webview.postMessage({
                  type: "subagentSnapshot",
                  ...this.subagentTracker.getSnapshotPayload(),
                });
              } catch (error) {
                this.logger.error(
                  `${LoggingCategories.UI_INTERACTION} Failed to create session`,
                  { correlationId, error: (error as Error).message }
                );
                this.logger.endFeatureFlow(correlationId, { success: false });
              }
              break;
            }
            case "viewPlan": {
              this.logger.logUIInteraction('ChatView', 'view-plan', message.plan, {
                planFile: message.plan,
              });
    
              this.logger.info(`${LoggingCategories.UI_INTERACTION} User viewing plan`, {
                planFile: message.plan,
              });
    
              if (message.plan) {
                await this.handleViewPlan(message.plan);
              }
              break;
            }
            case "openDiff": {
              this.handleOpenDiff(message.file);
              break;
            }
            case "openFile": {
              await this.handleOpenFile(message.file);
              break;
            }
            case "reviewChanges": {
              this.handleReviewChanges();
              break;
            }
            case "searchFiles":
            case "getMentions": {
              await this.handleSearchFiles(message.query);
              break;
            }
            case "getOpenCodeConfig": {
              await this.handleGetOpenCodeConfig(message.fileName);
              break;
            }
            case "saveOpenCodeConfig": {
              await this.handleSaveOpenCodeConfig(message.content, message.filePath);
              break;
            }
            case "selectModel":
            case "setModel": {
              // Normalize incoming model to always include providerName.
              const incoming =
                message.model || {
                  providerID: message.providerID,
                  modelID: message.modelID,
                } ||
                {};
              if (!incoming.providerID || !incoming.modelID) {
                this.logger.warn("Ignoring invalid model selection payload; providerID and modelID are required.", { incoming });
                break;
              }
              let providerName: string | undefined = incoming.providerName;
              if (!providerName) {
                // Try to resolve from cached models if available
                const found = this.availableModels?.find(
                  (m) =>
                    m.providerID === incoming.providerID &&
                    m.modelID === incoming.modelID,
                );
                providerName = found?.providerName || incoming.providerID;
              }
    
              this.selectedModel = {
                providerID: incoming.providerID,
                modelID: incoming.modelID,
                providerName,
              };
    
              // Persist selection
              await this.context.globalState.update(
                "selectedModel",
                this.selectedModel,
              );
              if (this.currentSessionId) {
                await this.persistSessionSettings(this.currentSessionId, {
                  providerID: this.selectedModel?.providerID,
                  modelID: this.selectedModel?.modelID,
                });
              }
              this.logger.info("Persisted model selection", {
                modelID: this.selectedModel.modelID,
                providerName: this.selectedModel.providerName,
              });
    
              // Fetch and broadcast model capabilities (fire-and-forget).
              void this.modelCapabilitiesService
                .getCapabilities(
                  this.selectedModel.providerID,
                  this.selectedModel.modelID,
                )
                .then(async (capability) => {
                  this.capabilityFetchFailureCount = 0;
                  // Broadcast capability update (preserve existing behaviour)
                  this.view?.webview.postMessage({
                    type: "modelCapabilityUpdate",
                    capability: capability ?? null,
                  });
    
                  // Check for stale persisted thinking level and clear if it's no
                  // longer supported by the newly selected model.
                  try {
                    const persistedLevel =
                      (this.currentSessionId
                        ? this.getSessionSettings(this.currentSessionId).thinkingLevel
                        : undefined) ?? this.context.globalState.get<string>("thinkingLevel");
    
                    const newVariants = capability?.variants;
                    const isStale =
                      persistedLevel &&
                      (!Array.isArray(newVariants) || newVariants.length === 0 || !newVariants.includes(persistedLevel));
    
                    if (isStale) {
                      this.logger.warn("Clearing stale thinking level on model switch", {
                        staleLevel: persistedLevel,
                        newVariants,
                        modelID: this.selectedModel?.modelID,
                      });
    
                      // Clear from globalState
                      await this.context.globalState.update("thinkingLevel", undefined);
    
                      // Clear from session settings if applicable
                      if (this.currentSessionId) {
                        await this.persistSessionSettings(this.currentSessionId, {
                          thinkingLevel: undefined,
                        });
                      }
    
                      // Notify webview to reset its displayed thinking level
                      this.view?.webview.postMessage({
                        type: "thinkingLevelUpdate",
                        level: "",
                      });
                    }
                  } catch (err) {
                    // Best-effort only — log and continue
                    this.logger.warn("Error while checking/clearing stale thinking level", { err });
                  }
                })
                .catch((err) => {
                  this.logger.warn(
                    "Failed to fetch model capabilities on model switch",
                    { err },
                  );
                  this.view?.webview.postMessage({
                    type: "modelCapabilityUpdate",
                    capability: null,
                  });
                  try {
                    this.capabilityFetchFailureCount = (this.capabilityFetchFailureCount || 0) + 1;
                    if (this.capabilityFetchFailureCount >= 3) {
                      vscode.window.showWarningMessage(
                        "Could not fetch model capabilities. Thinking level control may be unavailable.",
                      );
                      this.capabilityFetchFailureCount = 0;
                    }
                  } catch (_) {
                    // best-effort only
                  }
                });
              break;
            }
            case "selectAgent":
            case "setAgent": {
              const oldAgent = this.selectedAgent;
              this.selectedAgent = message.agent;
    
              this.logger.logStateChange(
                'selected-agent',
                oldAgent,
                message.agent,
                'user-selection'
              );
    
              this.logger.info(`${LoggingCategories.UI_INTERACTION} User selected agent`, {
                fromAgent: oldAgent,
                toAgent: message.agent,
              });
    
              if (this.currentSessionId) {
                await this.persistSessionSettings(this.currentSessionId, {
                  agent: message.agent,
                });
              }
              break;
            }
            case "getAgents": {
              this.handleGetAgents();
              break;
            }
            case "getCommands": {
              this.logger.info('[onDidReceiveMessage] Received getCommands message');
              await this.handleGetCommands();
              break;
            }
            case "getModels": {
              await this.handleGetModels();
              break;
            }
            case "getSessions": {
              await this.handleGetSessions();
              break;
            }
            case "loadSession":
            case "openSession":
            case "switchSession": {
              const correlationId = this.logger.startFeatureFlow('switch-session', {
                targetSessionId: message.sessionId,
              });
    
              this.logger.info(`${LoggingCategories.UI_INTERACTION} User switching session`, {
                correlationId,
                fromSessionId: this.currentSessionId,
                toSessionId: message.sessionId,
              });
    
              try {
                await this.handleLoadSession(message.sessionId);
                this.logger.endFeatureFlow(correlationId, { success: true });
              } catch (error) {
                this.logger.error(
                  `${LoggingCategories.UI_INTERACTION} Failed to switch session`,
                  { correlationId, fromSessionId: this.currentSessionId, toSessionId: message.sessionId, error: (error as Error).message }
                );
                this.logger.endFeatureFlow(correlationId, { success: false });
              }
              break;
            }
            case "deleteSession": {
              await this.handleDeleteSession(message.sessionId);
              break;
            }
            case "renameSession": {
              await this.handleRenameSession(message.sessionId, message.newTitle);
              break;
            }
            case "stopRequest": {
              await this.handleStopRequest(message.sessionId);
              break;
            }
            case "compactSession": {
              await this.handleCompactSession(
                message.sessionId,
                this.normalizeCompactionBaselineStats(message.baselineStats),
              );
              break;
            }
            case "setCompactionViewState": {
              await this.handleSetCompactionViewState(message);
              break;
            }
            case "addToQueue": {
              await this.schedulePromptDispatch("queue", {
                sessionId: message.sessionId,
                text: message.text,
                files: message.files,
                contexts: message.contexts,
                images: message.images,
                agent: message.agent,
              });
              break;
            }
            case "steerMessage": {
              await this.schedulePromptDispatch("steer", {
                sessionId: message.sessionId,
                text: message.text,
                files: message.files,
                contexts: message.contexts,
                images: message.images,
                agent: message.agent,
              });
              break;
            }
            case "sendQueuedItemNow": {
              await this.handleDispatchQueuedItem(
                "send-now",
                message.sessionId,
                message.id,
                message.index,
              );
              break;
            }
            case "steerQueuedItem": {
              await this.handleDispatchQueuedItem(
                "steer",
                message.sessionId,
                message.id,
                message.index,
              );
              break;
            }
            case "attachFiles": {
              await this.handleAttachFiles();
              break;
            }
            case "attachImage": {
              await this.handleAttachImage();
              break;
            }
            case "removeFromQueue": {
              await this.handleRemoveFromQueue(
                message.sessionId,
                message.id,
                message.index,
              );
              break;
            }
            case "clearQueue": {
              await this.handleClearQueue(message.sessionId);
              break;
            }
            case "executeQueue": {
              await this.handleExecuteQueue(message.sessionId);
              break;
            }
            case "log": {
              const { level, message: logMsg, category, context } = message;
              const prefix = category ? `[${category}]` : "[WebView]";
              try {
                const levelStr = (level || "info").toLowerCase();
                const msgStr =
                  typeof logMsg === "string"
                    ? logMsg.length > 2000
                      ? `${logMsg.slice(0, 2000)}...[truncated ${logMsg.length - 2000} chars]`
                      : logMsg
                    : JSON.stringify(logMsg);
                const ctx = { ...(context || {}), source: prefix };
                switch (levelStr) {
                  case "error":
                    this.logger.error(msgStr, ctx as Record<string, unknown>);
                    break;
                  case "warn":
                    this.logger.warn(msgStr, ctx as Record<string, unknown>);
                    break;
                  case "debug":
                    this.logger.debug(msgStr, ctx as Record<string, unknown>);
                    break;
                  case "info":
                  default:
                    this.logger.info(msgStr, ctx as Record<string, unknown>);
                    break;
                }
              } catch (err) {
                // If logging from webview fails, don't let it crash the provider
                this.logger.warn("Failed to forward webview log message", { err });
              }
              break;
            }
            case "refreshQuota": {
              await this.quotaService.refreshQuota();
              break;
            }
            case "setThinkingLevel": {
              const level = message.level as string | undefined;
              if (level) {
                await this.context.globalState.update("thinkingLevel", level);
                if (this.currentSessionId) {
                  await this.persistSessionSettings(this.currentSessionId, {
                    thinkingLevel: level,
                  });
                }
                this.logger.info("Thinking level set", { level });
                // NOTE: The webview handler only listens for 'thinkingLevelUpdate' (not 'thinkingLevelSet')
                this.view?.webview.postMessage({
                  type: "thinkingLevelUpdate",
                  level,
                });
              }
              break;
            }
            case "toggleMode": {
              const correlationId = this.logger.startFeatureFlow('toggle-mode', {
                fromMode: this.currentMode,
                toMode: message.mode,
              });
    
              this.logger.info('User toggled chat mode', {
                correlationId,
                fromMode: this.currentMode,
                toMode: message.mode,
              });
    
              try {
                await this.handleToggleMode(message.mode);
                this.logger.endFeatureFlow(correlationId, { success: true });
              } catch (error) {
                this.logger.error('Failed to toggle mode', {
                  correlationId,
                  error: (error as Error).message,
                });
                this.logger.endFeatureFlow(correlationId, { success: false });
              }
              break;
            }
            case "addAttachment": {
              const attachment = message.attachment;
              if (!attachment) break;
              const existing = (this.context.globalState.get<any[]>(
                "pendingAttachments",
              ) || []) as any[];
              existing.push(attachment);
              await this.context.globalState.update("pendingAttachments", existing);
              this.view?.webview.postMessage({
                type: "attachmentAdded",
                attachmentId: attachment.id,
              });
              break;
            }
            case "retryLastMessage": {
              const retrySessionId = this.currentSessionId;
              if (this.lastSendMessageArgs && retrySessionId && !this.processingSessionIds.has(retrySessionId)) {
                const retryWithoutStructuredOutput =
                  message.retryWithoutStructuredOutput === true;
                if (this.currentSessionId) {
                  try {
                    const rawMessages = await this.sessionService.getMessages(
                      this.currentSessionId,
                    );
                    const messages = await this.processHistoryMessages(
                      rawMessages,
                      this.currentSessionId,
                    );
                    this.logHistoryRenderDiagnostics(
                      "retryLastMessage.reload",
                      this.currentSessionId,
                      rawMessages,
                      messages,
                    );
                    this.view?.webview.postMessage({
                      type: "chatHistory",
                      sessionId: this.currentSessionId,
                      messages: messages,
                    });
                  } catch (err) {
                    this.logger.error("Failed to load messages for retry", { err });
                  }
                }
                await this.handleSendMessage(
                  this.lastSendMessageArgs.text,
                  this.lastSendMessageArgs.files,
                  this.lastSendMessageArgs.contexts,
                  this.lastSendMessageArgs.images,
                  this.lastSendMessageArgs.agent,
                  true,
                  undefined,
                  retryWithoutStructuredOutput,
                );
              }
              break;
            }
            case "clearAttachments": {
              await this.context.globalState.update("pendingAttachments", []);
              this.view?.webview.postMessage({ type: "attachmentsCleared" });
              break;
            }
            case "getMcpStatus": {
              this.handleGetMcpStatus().catch((err) =>
                log.error(
                  "handleGetMcpStatus error",
                  {},
                  err instanceof Error ? err : undefined,
                ),
              );
              break;
            }
            case "getLspStatus": {
              this.handleGetLspStatus().catch((err) =>
                log.error(
                  "handleGetLspStatus error",
                  {},
                  err instanceof Error ? err : undefined,
                ),
              );
              break;
            }
            case "getConfigFilesList": {
              try {
                const response = await vscode.commands.executeCommand<{
                  success: boolean;
                  error?: string;
                  files: ConfigFile[];
                }>('opencode.getConfigFiles');
    
                this.view?.webview.postMessage({
                  type: 'configFilesList',
                  success: response.success,
                  error: response.error,
                  files: response.files ?? []
                });
              } catch (err) {
                log.error(
                  "getConfigFilesList error",
                  {},
                  err instanceof Error ? err : undefined,
                );
                this.view?.webview.postMessage({
                  type: 'configFilesList',
                  success: false,
                  error: err instanceof Error ? err.message : 'Unknown error',
                  files: []
                });
              }
              break;
            }
            case "saveConfigFile": {
              try {
                // Input validation
                if (!message.filePath || typeof message.filePath !== 'string') {
                  throw new Error('Invalid or missing filePath');
                }
                if (!message.content || typeof message.content !== 'string') {
                  throw new Error('Invalid or missing content');
                }
    
                const saveResult = await vscode.commands.executeCommand<{
                  success: boolean;
                  error?: string;
                }>(
                  'opencode.saveConfigFile',
                  message.filePath,
                  message.content
                );
    
                // Null check for saveResult
                if (!saveResult) {
                  throw new Error('No response from saveConfigFile command');
                }
    
                this.view?.webview.postMessage({
                  type: 'configFileSaved',
                  success: saveResult?.success ?? false,
                  error: saveResult?.error
                });
              } catch (err) {
                log.error(
                  "saveConfigFile error",
                  {},
                  err instanceof Error ? err : undefined,
                );
                this.view?.webview.postMessage({
                  type: 'configFileSaved',
                  success: false,
                  error: err instanceof Error ? err.message : 'Unknown error'
                });
              }
              break;
            }
            case "planProceed": {
              const payload = message.payload;
              await this.context.globalState.update(
                "lastPlanProceed",
                payload || null,
              );
              this.logger.debug("planProceed received");
              this.view?.webview.postMessage({
                type: "planProceedAck",
                payload: { received: true },
              });
              break;
            }
            // Skill installer message routing
            case "getMySkills":
            case "installSkill":
            case "removeSkill":
            case "editSkill":
            case "validateSkill":
              await this.handleSkillMessage(message);
              break;
            default: {
              this.logger.debug(`${LoggingCategories.UI_INTERACTION} Unhandled message type`, {
                messageType: type,
              });
            }
          }
        });
    
        // Subscribe to stream events
        this.unsubscribe = this.streamService.subscribe(async (event) => {
          // Log stream events for debugging
          const eventRec = event as Record<string, unknown>;
          const eventType = eventRec?.type || "unknown";
          const structuredRec = eventRec?.structured as Record<string, unknown> | undefined;
          const eventKind = structuredRec?.kind || "unknown";
          this.logger.debug(`📡 [STREAM] Event received: ${eventType} (kind: ${eventKind})`, {
            sessionId: this.extractEventSessionId(event),
            hasStructured: !!structuredRec,
          });
    
          const eventSessionId = this.extractEventSessionId(event);
          // Always run subagent tracking before any session-scoped early return so child
          // session events are captured regardless of which session is active in the UI.
          const subagentUpdate = this.subagentTracker.consumeStreamEvent(event);
          if (subagentUpdate) {
            this.view?.webview.postMessage({
              type: "subagentUpdate",
              ...subagentUpdate,
            });
            void this.subagentPersistence.persistSubagentUpdateSnapshot(
              subagentUpdate,
              this.currentSessionId,
              this.sessionService,
              (msg) => this.view?.webview.postMessage(msg)
            ).catch((persistError) => {
              this.logger.warn("Failed to persist subagent stream snapshot", { err: persistError });
            });
          }
    
          // We process all events for internal logic (tracking, persistence),
          // but drop early if the stream event belongs to a different active session.
          if (eventSessionId && this.currentSessionId && eventSessionId !== this.currentSessionId) {
            return;
          }
    
          // Track token usage from message.updated events
          if (event.type === "message.updated" && event.properties) {
            const info = (event.properties as any)?.info;
            if (info?.tokens && info?.modelID) {
              const tokens: TokenUsage = {
                input: info.tokens.input || 0,
                output: info.tokens.output || 0,
                reasoning: info.tokens.reasoning || 0,
                cacheRead: info.tokens.cache?.read || 0,
                cacheWrite: info.tokens.cache?.write || 0,
              };
              // Track only if there's actual token usage
              if (tokens.input > 0 || tokens.output > 0 || tokens.reasoning > 0) {
                this.geminiTokenTracker.recordUsage(info.modelID, tokens);
              }
            }
          }
    
          this.forwardCompactionStatusFromStreamEvent(event);
    
          // Forward events to webview
          const enrichedEvent = this.enrichStreamEvent(event);
          this.logStreamEventDiagnostics(event, enrichedEvent);
    
          if (this.hasBlockingInteractiveInStreamPayload(enrichedEvent)) {
            this.awaitingInteractiveAnswer = true;
          }
    
          // Clear flag when we receive actual content (not another question)
          // This indicates the model is processing and we're no longer just "awaiting"
          if (this.awaitingInteractiveAnswer) {
            const isAnotherQuestion = this.hasBlockingInteractiveInStreamPayload(enrichedEvent);
            const isActualContent = enrichedEvent.type &&
                                   enrichedEvent.type !== 'interactive_event' &&
                                   !isAnotherQuestion;
    
            if (isActualContent) {
              this.awaitingInteractiveAnswer = false;
            }
          }
    
          // Log stream event for debugging response types (with error handling)
          try {
            const structured = enrichedEvent?.structured || {};
            const responseContext: Record<string, unknown> = {
              eventType: event.type || "unknown",
              kind: structured?.kind || "unknown",
            };
    
            if (structured?.text) {
              responseContext.textLength = structured.text.length;
              responseContext.textPreview = structured.text.substring(0, 100);
            }
    
            if (structured?.responseType) {
              responseContext.responseType = structured.responseType;
            }
    
            if (enrichedEvent?.structuredOutput) {
              responseContext.hasStructuredOutput = true;
              responseContext.outputType =
                enrichedEvent.structuredOutput.responseType;
            }
    
            this.logger.aiStreamEvent(
              "stream", // sessionId - using placeholder since stream events don't have a sessionId
              structured?.kind || "unknown", // eventType
              responseContext, // context
            );
          } catch (error) {
            // Silently ignore logging errors to prevent stream interruption
            this.logger.warn("Failed to log stream event", { err: error });
          }
    
          // Forward todo_update stream events as todoUpdate postMessage to webview
          if (enrichedEvent?.structuredOutput?.responseType === "todo_update") {
            const structured = enrichedEvent.structuredOutput as Record<string, unknown>;
            const todoItems = Array.isArray(structured.todoItems)
              ? structured.todoItems
              : [];
    
            // **Performance Optimization:** Batch all todo updates into a single postMessage
            // Previously sent individual postMessage for each item (could be 10+ messages)
            // Now sends single batch message with all updates
            const updates: Array<{ id: string; text: string; status: string; sessionId?: string }> = [];
    
            for (const rawItem of todoItems) {
              if (typeof rawItem !== "object" || rawItem === null) {
                continue;
              }
    
              const item = rawItem as Record<string, unknown>;
              const id = typeof item.id === "string" ? item.id : "";
              const text = typeof item.text === "string" ? item.text : "";
              const status = typeof item.status === "string" ? item.status : "";
              const sessionId =
                typeof item.sessionId === "string" ? item.sessionId : undefined;
    
              if (!id || !text || !status) {
                continue;
              }
    
              updates.push({
                id,
                text,
                status,
                ...(sessionId ? { sessionId } : {}),
              });
            }
    
            // Send batched updates as single postMessage (reduces IPC overhead)
            if (updates.length > 0) {
              this.view?.webview.postMessage({
                type: "todoUpdate",
                action: "batch",
                items: updates,
              });
            }
    
            // **Performance Optimization:** Debounce todo persistence
            // Previously persisted on every todo_update event during streaming
            // Now debounced with 1-second delay (reduces state writes by 80-90%)
            const targetPersistSessionId = eventSessionId || this.currentSessionId;
            if (targetPersistSessionId && updates.length > 0) {
              this.scheduleTodoPersistence(targetPersistSessionId, todoItems);
            }
          }
    
          // Stamp the active session ID onto every event so the webview can always
          // perform a reliable session-scoped filter even when the raw event payload
          // does not carry a sessionId field.
          this.view?.webview.postMessage({
            type: "streamEvent",
            event: { ...enrichedEvent, sessionId: this.currentSessionId },
          });
          if (this.shouldVerboseStreamDebug()) {
            this.logger.debug("streamEvent forwarded", {
              type: (enrichedEvent as any)?.type || event.type,
              kind: (enrichedEvent as any)?.structured?.kind || "unknown",
            });
          }
    
          // If this is a step-finish or tool completion for an edit, calculate diff stats asynchronously
          // Fire-and-forget follow-up message so we don't block the stream rendering
          if (enrichedEvent?.structured?.kind === "progress") {
            const props = (event.properties || {}) as any;
            const part = props.part || {};
            const partType = (part.type || "").toLowerCase();
    
            // Check if it's a tool that modified a file or a step-finish for an edit
            const isToolDone = partType === "tool" && part.state?.status === "done";
            const isStepFinish = partType === "step-finish";
    
            if (isToolDone || isStepFinish) {
              const toolName = (part.tool || "").toLowerCase();
              const filePath =
                part.state?.input?.file || part.state?.input?.path || part.filePath;
    
              if (
                filePath &&
                (toolName.includes("write") ||
                  toolName.includes("replace") ||
                  toolName.includes("edit") ||
                  isStepFinish)
              ) {
                const callID =
                  part.callId ||
                  part.callID ||
                  enrichedEvent?.structured?.callID ||
                  enrichedEvent.id;
                if (callID) {
                  const toolNameRaw =
                    typeof part.tool === "string" ? part.tool : undefined;
                  const partInput = part.state?.input ?? {};
                  const commandHint =
                    (typeof partInput.CommandLine === "string" && partInput.CommandLine) ||
                    (typeof partInput.command === "string" && partInput.command) ||
                    undefined;
                  const queryHint =
                    (typeof partInput.Query === "string" && partInput.Query) ||
                    (typeof partInput.query === "string" && partInput.query) ||
                    (typeof partInput.Pattern === "string" && partInput.Pattern) ||
                    (typeof partInput.pattern === "string" && partInput.pattern) ||
                    undefined;
                  this.getDiffActivityEnrichment(filePath)
                    .then((enrichment) => {
                      if (enrichment && this.view) {
                        this.view.webview.postMessage({
                          type: "streamEventEnrich",
                          callID,
                          diffStats: enrichment.diffStats,
                          activityDetail: {
                            kind: "file_edit",
                            tool: toolNameRaw,
                            command: commandHint,
                            query: queryHint,
                            file: filePath,
                            diffExcerpt: enrichment.diffExcerpt,
                          },
                        });
                      }
                    })
                    .catch((err) => {
                      this.logger.error("Failed to get diff stats async", { err });
                    });
                }
              }
            }
          }
        });
    
        webviewView.webview.html = this.getHtmlContent(webviewView.webview);
    
        // Subscribe to status changes
        const statusSubscription = this.serverManager.onStatusChange((status) => {
          this.view?.webview.postMessage({
            type: "statusUpdate",
            status: status,
          });
        });
    
        // Cleanup on dispose
        webviewView.onDidDispose(() => {
          if (this.unsubscribe) {
            this.unsubscribe();
            this.unsubscribe = undefined;
          }
          this.isBootstrappingWebview = false;
          this.hasInitializedWebview = false;
          this.sessionsListRequestVersion = 0;
          this.lastSessionsPayloadFingerprint = undefined;
          statusSubscription.dispose();
          this.quotaService.dispose();
          // Don't dispose the singleton tracker - it's shared
          this.view = undefined;
        });
      }
    
      /**
       * Handles getting the sessions list
       */
      /**
       * Notifies the webview of the current set of processing session IDs.
       */
      /**
       * Handles switching to a specific session
       */
      /**
       * Handles deleting a session
       */
      /**
       * Handles renaming a session.
       *
       * Updates the session title on the server and refreshes the session list.
       *
       * @param sessionId - The ID of the session to rename
       * @param newTitle - The new title for the session
       */
      /**
       * Processes raw history messages by applying structured outputs and enriching
       * plan metadata for rendering.
       */
      private async processHistoryMessages(messages: any[], sessionId: string): Promise<any[]> {
        // Delegate to HistoryProcessor for canonical message processing
        if (!this.historyProcessor) {
          this.logger.warn("HistoryProcessor not initialized, returning empty messages");
          return [];
        }
    
        if (!Array.isArray(messages) || messages.length === 0) {
          this.logger.warn('[processHistoryMessages] No messages to process', { sessionId, count: messages?.length });
          return [];
        }
    
        this.logger.info('[DEBUG] processHistoryMessages input:', { count: messages.length, sessionId });
    
        try {
          // Load any session overrides first
          const overriddenMessages = await this.historyProcessor.applySessionMessageOverrides(sessionId, messages);
    
          this.logger.info('[DEBUG] After applySessionMessageOverrides:', { count: overriddenMessages?.length || 0 });
    
          // Then process through the canonical pipeline
          const processed = this.historyProcessor.processHistoryMessages(overriddenMessages, sessionId);
    
          this.logger.info('[DEBUG] processHistoryMessages output:', { count: processed?.length || 0, sessionId });
    
          return processed || [];
        } catch (error) {
          this.logger.error('[ERROR] processHistoryMessages failed:', { error: error instanceof Error ? error.message : String(error), sessionId, stack: error instanceof Error ? error.stack : undefined });
          // Return original messages as fallback
          return messages;
        }
      }
    
      private isAssistantHistoryMessage(message: any): boolean {
        return (
          this.firstNonEmptyString(message?.role, message?.info?.role)?.toLowerCase() ===
          "assistant"
        );
      }
    
      private isInternalSystemReminderMessage(message: any): boolean {
        if (!message || typeof message !== "object") return false;
    
        const role = this.firstNonEmptyString(
          message?.role,
          message?.info?.role,
        )?.toLowerCase().trim();
        if (role !== "user" && role !== "system") return false;
    
        const text = this.extractMessageBodyText(message);
        if (!text) return false;
    
        const trimmed = text.trim();
        const lower = trimmed.toLowerCase();
    
        // Check for square-bracketed system messages at the start (e.g., [analyze-mode], [background task completed])
        const bracketPattern = /^\[[a-z][a-z0-9_\- ]*\]/i;
        const hasBracketPrefix = bracketPattern.test(trimmed);
    
        return (
          lower.includes("<system-reminder>") ||
          lower.includes("<auto-slash-command>") ||
          lower.includes("<!-- omo_internal_initiator -->") ||
          hasBracketPrefix ||
          (lower.includes("[search-model]") && lower.includes("maximize search effort")) ||
          lower.startsWith("system reminder") ||
          lower.startsWith("internal reminder") ||
          lower.includes("reminder: you can")
        );
      }
    
      private hasRenderableHistoryPayload(message: any): boolean {
        if (!message || typeof message !== "object") {
          return false;
        }
    
        // Don't filter out system reminder messages - they will be converted to system role
        // and rendered with the SystemMessage component
        if (this.isInternalSystemReminderMessage(message)) {
          return true;
        }
    
        const text = this.extractMessageBodyText(message).trim();
        if (text.length > 0) {
          return true;
        }
    
        if (Array.isArray(message.images) && message.images.length > 0) {
          return true;
        }
        if (Array.isArray(message.attachments) && message.attachments.length > 0) {
          return true;
        }
        if (Array.isArray(message.subagents) && message.subagents.length > 0) {
          return true;
        }
        if (
          Array.isArray(message.interactiveEvents) &&
          message.interactiveEvents.length > 0
        ) {
          return true;
        }
        if (
          Array.isArray(message.reasoningEvents) &&
          message.reasoningEvents.length > 0
        ) {
          return true;
        }
        if (
          Array.isArray(message.progressEvents) &&
          message.progressEvents.length > 0
        ) {
          return true;
        }
        if (Array.isArray(message.steps) && message.steps.length > 0) {
          return true;
        }
        if (Array.isArray(message.edits) && message.edits.length > 0) {
          return true;
        }
        if (
          typeof message.error === "string" &&
          message.error.trim().length > 0
        ) {
          return true;
        }
        if (message.plan && typeof message.plan === "object") {
          return true;
        }
    
        if (!Array.isArray(message.parts)) {
          return false;
        }
    
        const role = this.firstNonEmptyString(message?.role, message?.info?.role)
          ?.toLowerCase()
          .trim();
        if (role === "assistant" && message.parts.length > 0) {
          return true;
        }
    
        return message.parts.some((part: any) => {
          const rec = this.asRecord(part);
          if (!rec) {
            return false;
          }
          return (
            this.firstNonEmptyString(rec.filename)?.length ||
            this.firstNonEmptyString(this.asRecord(rec.source)?.path)?.length ||
            this.firstNonEmptyString(rec.url)?.length
          )
            ? true
            : false;
        });
      }
    
      private isRenderableHistoryMessage(message: any): boolean {
        const role = this.firstNonEmptyString(message?.role, message?.info?.role);
        const hasPayload = this.hasRenderableHistoryPayload(message);
        if (role === "user" || role === "assistant") {
          return hasPayload;
        }
        return hasPayload;
      }
    
      private extractHistoryMessageId(message: any): string | undefined {
        if (!message || typeof message !== "object") {
          return undefined;
        }
        return this.firstNonEmptyString(message.info?.id, message.id);
      }
    
      private historyMessageCreatedAt(message: any): number | undefined {
        const candidates = [
          message?.time?.created,
          message?.info?.time?.created,
          message?.createdAt,
          message?.info?.createdAt,
        ];
        for (const candidate of candidates) {
          if (typeof candidate === "number" && Number.isFinite(candidate)) {
            return candidate;
          }
        }
        return undefined;
      }
    
      private historyMessageFingerprint(message: any): string | undefined {
        const role = this.firstNonEmptyString(message?.role, message?.info?.role)
          ?.toLowerCase()
          .trim();
        const text = this.extractMessageBodyText(message)
          .toLowerCase()
          .replace(/\s+/g, " ")
          .trim();
        if (text.length > 0) {
          return `${role || "unknown"}|text:${text}`;
        }
    
        if (Array.isArray(message?.images) && message.images.length > 0) {
          const imageKey = message.images
            .map((image: any) => {
              if (typeof image === "string") {
                return image;
              }
              return this.firstNonEmptyString(
                image?.url,
                image?.dataUrl,
                image?.filename,
              );
            })
            .filter((value: string | undefined): value is string => Boolean(value))
            .join("|");
          if (imageKey) {
            return `${role || "unknown"}|images:${imageKey}`;
          }
        }
    
        if (Array.isArray(message?.parts) && message.parts.length > 0) {
          const attachmentKey = message.parts
            .map((part: any) => {
              const rec = this.asRecord(part);
              if (!rec) {
                return undefined;
              }
              return this.firstNonEmptyString(
                rec.filename,
                this.asRecord(rec.source)?.path,
                rec.url,
              );
            })
            .filter((value: string | undefined): value is string => Boolean(value))
            .join("|");
          if (attachmentKey) {
            return `${role || "unknown"}|attachments:${attachmentKey}`;
          }
        }
    
        return undefined;
      }
    
      private async sleep(ms: number): Promise<void> {
        await new Promise<void>((resolve) => {
          const scheduleDelay = Reflect.get(globalThis, "set" + "Timeout") as
            | ((callback: () => void, delay?: number) => unknown)
            | undefined;
          if (typeof scheduleDelay === "function") {
            scheduleDelay(resolve, ms);
            return;
          }
          resolve();
        });
      }
    
      private async tryRecoverTimedOutResponse(
        sessionId: string,
        baselineAssistantMarker?: AssistantHistoryMarker,
      ): Promise<boolean> {
        const pollDelaysMs = [500, 1000, 1800, 2800, 4000];
    
        for (const delayMs of pollDelaysMs) {
          await this.sleep(delayMs);
          const rawMessages = await this.sessionService.getMessages(sessionId);
          const latestAssistantMarker =
            this.getLatestAssistantHistoryMarker(rawMessages);
          if (
            !this.hasAssistantHistoryAdvanced(
              latestAssistantMarker,
              baselineAssistantMarker,
            )
          ) {
            continue;
          }
    
          const processedMessages = await this.processHistoryMessages(
            rawMessages,
            sessionId,
          );
          this.logHistoryRenderDiagnostics(
            "timeout-recovery",
            sessionId,
            rawMessages,
            processedMessages,
          );
          this.view?.webview.postMessage({
            type: "chatHistory",
            sessionId,
            messages: processedMessages,
          });
          try {
            await this.sendPersistedCompactionViewState(sessionId);
          } catch {
            // best effort only
          }
          return true;
        }
    
        return false;
      }
    
      private getWorkspaceDirectory(): string | undefined {
        const workspaceFolder = vscode.workspace.workspaceFolders?.[0];
        if (!workspaceFolder || workspaceFolder.uri.scheme !== "file") {
          return undefined;
        }
        return workspaceFolder.uri.fsPath.replace(/\\/g, "/").replace(/\/+$/, "");
      }
    
      private isStructuredFormatUnsupportedError(error: unknown): boolean {
        const text = JSON.stringify(error || "").toLowerCase();
        const mentionsFormat =
          text.includes("outputformat") ||
          text.includes("output_format") ||
          text.includes('"format"') ||
          text.includes("format:");
        const mentionsUnsupported =
          text.includes("unknown") ||
          text.includes("unsupported") ||
          text.includes("unexpected") ||
          text.includes("invalid");
        return mentionsFormat && mentionsUnsupported;
      }
    
      /**
       * Get the configured request timeout from VSCode settings
       * @returns Timeout in milliseconds (default: 120000 = 2 minutes)
       */
      private getRequestTimeout(): number {
        const config = vscode.workspace.getConfiguration('opencode');
        const timeout = config.get<number>('requestTimeout', 120000);
    
        // Validate timeout is reasonable (between 10s and 10 minutes)
        if (timeout < 10000 || timeout > 600000) {
          this.logger.warn(`Invalid requestTimeout configured: ${timeout}ms, using default 120000ms`);
          return 120000;
        }
    
        return timeout;
      }
    
      /**
       * Calculate timeout based on query complexity
       * @param baseTimeout - Base timeout from configuration
       * @param hasFiles - Whether the query includes file attachments
       * @param hasContexts - Whether the query includes context attachments
       * @param hasImages - Whether the query includes image attachments
       * @returns Adjusted timeout in milliseconds
       */
      private calculateTimeoutForQuery(
        baseTimeout: number,
        hasFiles: boolean,
        hasContexts: boolean,
        hasImages: boolean,
      ): number {
        const config = vscode.workspace.getConfiguration('opencode');
        const multiplier = config.get<number>('complexQueryMultiplier', 1.5);
    
        // Calculate complexity score
        const complexityScore = (hasFiles ? 1 : 0) + (hasContexts ? 1 : 0) + (hasImages ? 1 : 0);
    
        // Apply multiplier for complex queries
        if (complexityScore >= 2) {
          const adjustedTimeout = Math.floor(baseTimeout * multiplier);
          this.logger.debug(`Using extended timeout for complex query: ${adjustedTimeout}ms (base: ${baseTimeout}ms, complexity: ${complexityScore})`);
          return adjustedTimeout;
        }
    
        return baseTimeout;
      }
    
      // PROMPT-OWNERSHIP: do not modify — transport-only path
      private async promptWithStructuredOutput(
        client: any,
        sessionID: string,
        body: NonNullable<SessionPromptData["body"]>,
        useStructuredOutput = true,
        options?: {
          hasFiles?: boolean;
          hasContexts?: boolean;
          hasImages?: boolean;
        },
      ) {
        const workspaceDirectory = this.getWorkspaceDirectory();
    
        // Calculate timeout based on query complexity
        const baseTimeout = this.getRequestTimeout();
        const timeout = this.calculateTimeoutForQuery(
          baseTimeout,
          options?.hasFiles ?? false,
          options?.hasContexts ?? false,
          options?.hasImages ?? false,
        );
    
        const callPrompt = (requestBody: Record<string, unknown>) => {
          const sdkStartTime = Date.now();
          this.logger.debug("Initiating SDK prompt call", {
            sessionID,
            timeout,
            useStructuredOutput,
            hasFiles: options?.hasFiles,
            hasContexts: options?.hasContexts,
            hasImages: options?.hasImages,
          });
    
          const promise = client.session.prompt({
            path: { id: sessionID },
            query: workspaceDirectory ? { directory: workspaceDirectory } : undefined,
            body: requestBody as SessionPromptData["body"],
            timeout,  // Explicit timeout configuration
          });
    
          // Add timing tracking
          promise.then((result: { error?: unknown; data?: unknown }) => {
            const sdkDuration = Date.now() - sdkStartTime;
            this.logger.performance(`SDK prompt call completed`, sdkDuration, {
              sessionID,
              hasError: Boolean(result.error),
              hasData: Boolean(result.data),
              timeout,
            });
          }).catch((error: Error) => {
            const sdkDuration = Date.now() - sdkStartTime;
            this.logger.error(`SDK prompt call failed after ${sdkDuration}ms`, {
              sessionID,
              timeout,
              error: error.message,
            });
          });
    
          return promise;
        };
    
        const schema = this.getStructuredOutputFormat();
    
        if (!useStructuredOutput || this.structuredOutputMode === "disabled") {
          return callPrompt(body as Record<string, unknown>);
        }
    
        const withSchema = (
          mode: "format" | "outputFormat",
        ): Record<string, unknown> => ({
          ...(body as Record<string, unknown>),
          [mode]: schema,
        });
    
        const primaryMode: "format" | "outputFormat" =
          this.structuredOutputMode === "outputFormat"
            ? "outputFormat"
            : "format";
    
        // Try structured output with 1 retry (handled by API internally via retryCount)
        const attempt = await callPrompt(withSchema(primaryMode));
        if (!attempt.error) {
          return attempt;
        }
    
        // If structured output failed, immediately fall back to plain text
        if (this.isStructuredFormatUnsupportedError(attempt.error)) {
          this.structuredOutputMode = "disabled";
          log.warn(
            "Structured output failed with this model. Falling back to plain text.",
          );
          return callPrompt(body as Record<string, unknown>);
        }
    
        // Return other errors as-is
        return attempt;
      }
    
      private asRecord(value: unknown): Record<string, unknown> | undefined {
        return typeof value === "object" && value !== null
          ? (value as Record<string, unknown>)
          : undefined;
      }
    
      /**
       * Extracts the session ID from an SSE event by checking all locations where
       * the OpenCode server may embed it (properties, part, info sub-objects).
       */
      private extractEventSessionId(event: unknown): string | undefined {
        const ev = this.asRecord(event);
        if (!ev) return undefined;
        const props = this.asRecord(ev.properties) ?? {};
        const part = this.asRecord(props.part) ?? {};
        const info = this.asRecord(props.info) ?? {};
        return (
          (typeof props.sessionID === 'string' && props.sessionID) ||
          (typeof props.sessionId === 'string' && props.sessionId) ||
          (typeof part.sessionID === 'string' && part.sessionID) ||
          (typeof part.sessionId === 'string' && part.sessionId) ||
          (typeof info.sessionID === 'string' && info.sessionID) ||
          (typeof info.sessionId === 'string' && info.sessionId) ||
          undefined
        );
      }
    
      private firstNonEmptyString(...values: unknown[]): string | undefined {
        for (const value of values) {
          if (typeof value === "string" && value.trim()) {
            return value.trim();
          }
        }
        return undefined;
      }
    
      private isLikelyToolCallTranscript(text: string): boolean {
        const normalized = text.trim().toLowerCase();
        if (!normalized) {
          return false;
        }
        return (
          normalized.includes("<tool_call>") ||
          normalized.includes("</tool_call>") ||
          normalized.includes("<arg_key>") ||
          normalized.includes("</arg_key>") ||
          normalized.includes("<arg_value>") ||
          normalized.includes("</arg_value>")
        );
      }
    
      private normalizeErrorCandidate(value: unknown): string | undefined {
        if (typeof value !== "string") {
          return undefined;
        }
        const trimmed = value.trim();
        return trimmed.length > 0 ? trimmed : undefined;
      }
    
      private shouldVerboseStreamDebug(): boolean {
        const level = vscode.workspace
          .getConfiguration("opencode.logging")
          .get<string>("level", "info");
        return typeof level === "string" && level.toLowerCase() === "debug";
      }
    
      private isLikelyInteractiveAwaitTimeoutError(message: string): boolean {
        const normalized = message.trim().toLowerCase();
        if (!normalized || !normalized.includes("timeout")) {
          return false;
        }
        return (
          normalized.includes("headers timeout") ||
          normalized.includes("header timeout") ||
          normalized.includes("und_err_headers_timeout") ||
          normalized.includes("request timed out") ||
          normalized.includes("response timeout") ||
          normalized.includes("body timeout")
        );
      }
    
      private shouldSuppressInteractiveAwaitTimeout(message: string): boolean {
        if (!this.isLikelyInteractiveAwaitTimeoutError(message)) {
          return false;
        }
        return this.awaitingInteractiveAnswer || this.isInInteractiveResponseTransition();
      }
    
      private isInInteractiveResponseTransition(): boolean {
        return Date.now() <= this.interactiveResponseTransitionUntil;
      }
    
      private isGenericErrorMessage(message: string): boolean {
        const normalized = message.trim().toLowerCase();
        return (
          normalized === "fetch failed" ||
          normalized === "failed to fetch" ||
          normalized === "request failed" ||
          normalized === "network error" ||
          normalized === "network request failed" ||
          normalized === "unknown error"
        );
      }
    
      private isStructuredOutputTransportError(message: string): boolean {
        const normalized = message.trim().toLowerCase();
        if (!normalized) {
          return false;
        }
        return (
          normalized.includes("structuredoutput") ||
          normalized.includes("structured output") ||
          normalized.includes("json_schema") ||
          normalized.includes("invalid schema for function") ||
          normalized.includes("invalid_function_parameters")
        );
      }
    
      private isStructuredOutputFailureMessage(message: string): boolean {
        const normalized = message.trim().toLowerCase();
        if (!normalized) {
          return false;
        }
        return (
          this.isStructuredOutputTransportError(normalized) ||
          normalized.includes("empty structured payload") ||
          normalized.includes("valid structured response") ||
          normalized.includes("couldn't produce a valid structured response")
        );
      }
    
      private isLikelyInteractiveTransportFailure(message: string): boolean {
        return (
          this.isLikelyInteractiveAwaitTimeoutError(message) ||
          this.isGenericErrorMessage(message)
        );
      }
    
      private hasBlockingInteractiveInStreamPayload(event: unknown): boolean {
        const eventRec = this.asRecord(event);
        if (!eventRec) {
          return false;
        }
        const isBlockingType = (value: unknown): boolean => {
          const type = this.firstNonEmptyString(value)?.toLowerCase();
          return (
            type === "question" ||
            type === "confirm" ||
            type === "quick_actions" ||
            type === "quick-actions" ||
            type === "interactive"
          );
        };
    
        const structured = this.asRecord(eventRec.structuredOutput);
        if (structured) {
          if (isBlockingType(structured.responseType)) {
            return true;
          }
    
          const interactiveEvents = Array.isArray(structured.interactiveEvents)
            ? structured.interactiveEvents
            : [];
          if (interactiveEvents.length > 0) {
            const hasBlockingInteractive = interactiveEvents.some((item) => {
              const rec = this.asRecord(item);
              if (!rec) return false;
              return isBlockingType(rec.type) || isBlockingType(rec.kind);
            });
            if (hasBlockingInteractive) {
              return true;
            }
          }
    
          const question = this.asRecord(structured.question);
          if (question && (!question.type || isBlockingType(question.type))) {
            return true;
          }
        }
    
        // Tool-question path: some providers emit interactive prompts through
        // tool parts (question/request_user_input) instead of top-level structuredOutput.
        const properties = this.asRecord(eventRec.properties) || {};
        const part = this.asRecord(properties.part) || this.asRecord(eventRec.part);
        if (!part) {
          return false;
        }
    
        const toolName = this.firstNonEmptyString(part.tool)?.toLowerCase() || "";
        if (
          toolName === "question" ||
          toolName.includes("request_user_input") ||
          toolName.includes("request-user-input")
        ) {
          return true;
        }
    
        const state = this.asRecord(part.state);
        const input =
          this.asRecord(state?.input) ||
          this.asRecord(part.input) ||
          this.asRecord(part.arguments) ||
          null;
        if (!input) {
          return false;
        }
    
        if (
          Array.isArray(input.questions) ||
          Array.isArray(input.items) ||
          Array.isArray(input.prompts) ||
          Array.isArray(input.events)
        ) {
          return true;
        }
    
        const questionLike = this.asRecord(input.question) || input;
        const hasQuestionText = !!this.firstNonEmptyString(
          questionLike.question,
          questionLike.prompt,
          questionLike.message,
          questionLike.content,
          questionLike.text,
          questionLike.title,
        );
        const hasChoices =
          Array.isArray(questionLike.options) ||
          Array.isArray(questionLike.choices) ||
          Array.isArray(questionLike.answers) ||
          Array.isArray(questionLike.actions);
        const hasConfirmControls = !!this.firstNonEmptyString(
          questionLike.confirmLabel,
          questionLike.confirm_text,
          questionLike.cancelLabel,
          questionLike.cancel_text,
        );
        const allowsCustomInput =
          questionLike.allowCustomInput === true ||
          questionLike.allow_custom_input === true;
    
        return hasQuestionText && (hasChoices || hasConfirmControls || allowsCustomInput);
      }
    
      private collectErrorMessageCandidates(
        value: unknown,
        seen: WeakSet<object> = new WeakSet<object>(),
        depth = 0,
      ): string[] {
        if (value == null || depth > 5) {
          return [];
        }
        if (typeof value === "string") {
          return [value];
        }
        if (value instanceof Error) {
          const withCause = value as Error & { cause?: unknown };
          return [
            value.message,
            ...this.collectErrorMessageCandidates(withCause.cause, seen, depth + 1),
          ];
        }
        if (typeof value !== "object") {
          return [String(value)];
        }
        if (seen.has(value)) {
          return [];
        }
        seen.add(value);
    
        const rec = value as Record<string, unknown>;
        const messages: string[] = [];
        const pushIfString = (candidate: unknown) => {
          const message = this.normalizeErrorCandidate(candidate);
          if (message) {
            messages.push(message);
          }
        };
    
        pushIfString(rec.message);
        pushIfString(rec.error);
        pushIfString(rec.detail);
        pushIfString(rec.reason);
    
        if (Array.isArray(rec.errors)) {
          for (const entry of rec.errors) {
            messages.push(
              ...this.collectErrorMessageCandidates(entry, seen, depth + 1),
            );
          }
        }
    
        messages.push(...this.collectErrorMessageCandidates(rec.data, seen, depth + 1));
        messages.push(...this.collectErrorMessageCandidates(rec.cause, seen, depth + 1));
        messages.push(
          ...this.collectErrorMessageCandidates(rec.response, seen, depth + 1),
        );
        messages.push(...this.collectErrorMessageCandidates(rec.body, seen, depth + 1));
    
        const code = this.firstNonEmptyString(rec.code, rec.errno);
        const syscall = this.firstNonEmptyString(rec.syscall);
        const address = this.firstNonEmptyString(rec.address);
        const port =
          typeof rec.port === "number"
            ? String(rec.port)
            : this.firstNonEmptyString(rec.port);
        if (code || syscall || address || port) {
          const endpoint = address && port ? `${address}:${port}` : address || port;
          const signature = [code, syscall, endpoint]
            .filter((part): part is string => Boolean(part))
            .join(" ");
          if (signature) {
            messages.push(signature);
          }
        }
    
        return messages;
      }
    
      private collectNormalizedErrorMessages(error: unknown): string[] {
        const candidates = this.collectErrorMessageCandidates(error)
          .map((candidate) => this.normalizeErrorCandidate(candidate))
          .filter((candidate): candidate is string => Boolean(candidate));
    
        if (candidates.length === 0) {
          return [];
        }
    
        const deduped: string[] = [];
        for (const candidate of candidates) {
          if (!deduped.includes(candidate)) {
            deduped.push(candidate);
          }
        }
        return deduped;
      }
    
      private extractDetailedErrorMessage(error: unknown, fallback: string): string {
        const candidates = this.collectNormalizedErrorMessages(error);
        if (candidates.length === 0) {
          return fallback;
        }
    
        const primary =
          candidates.find((candidate) => !this.isGenericErrorMessage(candidate)) ||
          candidates[0];
        const detailCandidates = candidates.filter(
          (candidate) => candidate !== primary,
        );
        if (detailCandidates.length === 0) {
          return primary;
        }
    
        const details = detailCandidates.slice(0, 4);
        const remainingCount = detailCandidates.length - details.length;
        const detailLines = details.map((detail) => `- ${detail}`);
        if (remainingCount > 0) {
          detailLines.push(`- (+${remainingCount} more detail(s))`);
        }
    
        return `${primary}\n\nDetails:\n${detailLines.join("\n")}`;
      }
    
      private enrichStreamEvent(event: any): any {
        if (!event || typeof event !== "object") {
          return event;
        }
    
        const properties = this.asRecord(event.properties) || {};
        const isMessagePartEvent =
          typeof event.type === "string" && event.type.startsWith("message.part.");
        const part =
          this.asRecord(properties.part) ||
          this.asRecord(event.part) ||
          (isMessagePartEvent ? this.asRecord(properties) : null);
        const enriched: Record<string, unknown> = { ...event };
        let kind:
          | "thinking"
          | "progress"
          | "message"
          | "lifecycle"
          | "error"
          | "other" = "other";
        let text: string | undefined;
    
        if (isMessagePartEvent && part) {
          const rawPartType =
            this.firstNonEmptyString(part.type)?.toLowerCase() || "";
          const partType =
            rawPartType === "thinking" || rawPartType === "thought"
              ? "reasoning"
              : rawPartType;
          if (
            partType === "reasoning" ||
            typeof part.reasoning !== "undefined" ||
            typeof part.thought !== "undefined" ||
            typeof part.thinking !== "undefined"
          ) {
            kind = "thinking";
            text = this.firstNonEmptyString(
              properties.delta,
              part.reasoning,
              part.thought,
              part.thinking,
              properties.reasoning,
              properties.thought,
              properties.thinking,
              part.delta,
              part.text,
            );
          } else if (
            partType === "tool" ||
            partType === "step-start" ||
            partType === "step-finish" ||
            partType === "patch"
          ) {
            const toolName = (part.tool || "").toString().toLowerCase();
            if (
              toolName.includes("structuredoutput") ||
              toolName.includes("structured_output")
            ) {
              kind = "other";
            } else {
              kind = "progress";
            }
          } else if (partType === "text" || !partType) {
            kind = "message";
            text = this.firstNonEmptyString(
              properties.delta,
              part.text,
              part.content,
            );
          }
        } else if (event.type === "message.updated") {
          kind = "lifecycle";
        } else if (event.type === "session.error" || event.type === "error") {
          kind = "error";
        }
    
        const structuredOutput = this.extractStructuredOutput({
          ...properties,
          info: properties.info,
        });
        if (structuredOutput) {
          enriched.structuredOutput = structuredOutput;
          enriched.hasStructuredOutput = true;
          if (kind === "other") {
            kind = "message";
          }
        }
    
        enriched.structured = {
          kind,
          text,
          eventType: event.type,
          responseType: structuredOutput?.responseType,
        };
    
        return enriched;
      }
    
      private normalizeSubagentStatus(
        value: unknown,
      ): "pending" | "running" | "done" | "error" | "orphaned" {
        const status = this.firstNonEmptyString(value)?.toLowerCase();
        if (
          status === "pending" ||
          status === "running" ||
          status === "done" ||
          status === "error" ||
          status === "orphaned"
        ) {
          return status;
        }
        if (
          status === "completed" ||
          status === "complete" ||
          status === "success" ||
          status === "finished"
        ) {
          return "done";
        }
        if (status === "failed") {
          return "error";
        }
        return "pending";
      }
    
      private mergeSubagentEntries(
        existingRaw: unknown,
        incoming: Array<Record<string, unknown>>,
      ): Array<Record<string, unknown>> {
        const byId = new Map<string, Record<string, unknown>>();
    
        const upsert = (value: unknown, preferIncoming = false) => {
          const rec = this.asRecord(value);
          if (!rec) {
            return;
          }
          const id = this.firstNonEmptyString(rec.id);
          if (!id) {
            return;
          }
          const current = byId.get(id);
          if (!current) {
            byId.set(id, { ...rec, id });
            return;
          }
          byId.set(
            id,
            preferIncoming
              ? { ...current, ...rec, id }
              : { ...rec, ...current, id },
          );
        };
    
        if (Array.isArray(existingRaw)) {
          existingRaw.forEach((entry) => {
            upsert(entry, false);
          });
        }
        incoming.forEach((entry) => {
          upsert(entry, true);
        });
    
        return Array.from(byId.values());
      }
    
      private hydrateSubagentsFromPayload(
        parentMessageId: string,
        payload: {
          summariesByParentMessageId?: Record<string, unknown>;
          detailsById?: Record<string, unknown>;
        },
        fallbackSessionId?: string,
      ): Array<Record<string, unknown>> {
        const summariesMap = this.asRecord(payload.summariesByParentMessageId) || {};
        const detailsMap = this.asRecord(payload.detailsById) || {};
        const summariesRaw = summariesMap[parentMessageId];
        const summaries = Array.isArray(summariesRaw) ? summariesRaw : [];
        if (summaries.length === 0) {
          return [];
        }
    
        return summaries
          .map((summaryRaw) => {
            const summary = this.asRecord(summaryRaw);
            if (!summary) {
              return null;
            }
            const id = this.firstNonEmptyString(summary.id);
            if (!id) {
              return null;
            }
            const detail = this.asRecord(detailsMap[id]) || {};
            const merged: Record<string, unknown> = {
              ...summary,
              ...detail,
              id,
            };
            merged.parentMessageId = this.firstNonEmptyString(
              merged.parentMessageId,
              parentMessageId,
            );
            merged.parentSessionId = this.firstNonEmptyString(
              merged.parentSessionId,
              fallbackSessionId,
            );
            merged.status = this.normalizeSubagentStatus(merged.status);
            merged.latestActivity =
              this.firstNonEmptyString(
                merged.latestActivity,
                merged.description,
                summary.latestActivity,
              ) || "Subagent update";
            if (!Array.isArray(merged.references)) {
              merged.references = [];
            }
            if (!Array.isArray(merged.progressEvents)) {
              merged.progressEvents = [];
            }
            if (!Array.isArray(merged.thinkingEvents)) {
              merged.thinkingEvents = [];
            }
            if (!Array.isArray(merged.timelineEvents)) {
              merged.timelineEvents = [];
            }
            return merged;
          })
          .filter((entry): entry is Record<string, unknown> => !!entry);
      }
    
      private resolveSubagentPayloadSessionId(payload: {
        summariesByParentMessageId?: Record<string, unknown>;
      }): string | undefined {
        const summariesMap = this.asRecord(payload.summariesByParentMessageId) || {};
        for (const summariesRaw of Object.values(summariesMap)) {
          if (!Array.isArray(summariesRaw)) {
            continue;
          }
          for (const summaryRaw of summariesRaw) {
            const summary = this.asRecord(summaryRaw);
            const sessionId = this.firstNonEmptyString(summary?.parentSessionId);
            if (sessionId) {
              return sessionId;
            }
          }
        }
        return undefined;
      }
    
      /**
       * Callback: Send persisted compaction view state
       * Delegates to CompactionManager module
       */
      private async sendPersistedCompactionViewState(sessionId: string): Promise<void> {
        return this.compactionManager.sendPersistedCompactionViewState(sessionId);
      }
    
      /**
       * Callback: Sync subagent snapshot for session
       * Delegates to SubagentPersistence module
       */
      private async syncSubagentSnapshotForSession(
        sessionId: string,
        messages: any[],
      ): Promise<SubagentUpdatePayload> {
        const snapshot = await this.subagentPersistence.syncSubagentSnapshotForSession(
          sessionId,
          messages,
        );
        const normalized = this.remapOrphanedSubagentKeys(snapshot, messages);
        if (normalized !== snapshot) {
          await this.subagentPersistence.savePersistedSubagentSnapshot(
            sessionId,
            normalized,
          );
        }
        return normalized;
      }
    
      /**
       * Remap entries in summariesByParentMessageId whose key is not a real
       * message ID (orphan-* synthetic keys produced when a child session is
       * created but cannot be matched to a specific subtask message part) to the
       * latest assistant message in the same session.
       */
      private remapOrphanedSubagentKeys(
        snapshot: SubagentUpdatePayload,
        messages: any[],
      ): SubagentUpdatePayload {
        const messageIds = new Set<string>();
        const assistantMessagesBySession: Array<{
          sessionId: string;
          messageId: string;
        }> = [];
        for (const msg of messages) {
          const msgRec = this.asRecord(msg) || {};
          const info = this.asRecord(msgRec.info);
          const role = this.firstNonEmptyString(info?.role, msgRec.role);
          const messageId = this.firstNonEmptyString(
            info?.id,
            msgRec.id,
            msgRec.messageID,
          );
          if (!messageId) {
            continue;
          }
          messageIds.add(messageId);
          if ((role || "").toLowerCase() === "assistant") {
            const parentSessionId = this.firstNonEmptyString(
              info?.sessionID,
              info?.sessionId,
              msgRec.sessionID,
              msgRec.sessionId,
            );
            assistantMessagesBySession.push({
              sessionId: parentSessionId || "",
              messageId,
            });
          }
        }
    
        const summariesByParentMessageId = {
          ...(snapshot.summariesByParentMessageId || {}),
        };
        const detailsById = { ...(snapshot.detailsById || {}) };
        let changed = false;
    
        for (const [parentKey, summaries] of Object.entries(
          summariesByParentMessageId,
        )) {
          if (messageIds.has(parentKey)) {
            continue;
          }
          if (!parentKey.startsWith("orphan-")) {
            continue;
          }
          if (!Array.isArray(summaries) || summaries.length === 0) {
            continue;
          }
    
          const parentSessionId =
            this.firstNonEmptyString(
              ...summaries.map((summary) => {
                const summaryRec = this.asRecord(summary);
                return this.firstNonEmptyString(summaryRec?.parentSessionId);
              }),
            ) || "";
    
          let latestAssistantMessageId: string | undefined;
          for (let index = assistantMessagesBySession.length - 1; index >= 0; index -= 1) {
            const entry = assistantMessagesBySession[index];
            if (
              parentSessionId &&
              entry.sessionId &&
              entry.sessionId !== parentSessionId
            ) {
              continue;
            }
            latestAssistantMessageId = entry.messageId;
            break;
          }
          if (!latestAssistantMessageId) {
            continue;
          }
    
          const reboundSummaries = summaries.map((summary) => ({
            ...(this.asRecord(summary) || {}),
            parentMessageId: latestAssistantMessageId,
          }));
          const existingTarget = Array.isArray(
            summariesByParentMessageId[latestAssistantMessageId],
          )
            ? summariesByParentMessageId[latestAssistantMessageId]
            : [];
          const mergedById = new Map<string, Record<string, unknown>>();
          existingTarget.forEach((entry) => {
            const entryRec = this.asRecord(entry);
            const id = this.firstNonEmptyString(entryRec?.id);
            if (id) {
              mergedById.set(id, entryRec || {});
            }
          });
          reboundSummaries.forEach((entry) => {
            const id = this.firstNonEmptyString((entry as Record<string, unknown>).id);
            if (id) {
              mergedById.set(id, entry as Record<string, unknown>);
            }
          });
    
          summariesByParentMessageId[latestAssistantMessageId] =
            Array.from(mergedById.values()) as SubagentUpdatePayload["summariesByParentMessageId"][string];
          delete summariesByParentMessageId[parentKey];
    
          summaries.forEach((summary) => {
            const summaryRec = this.asRecord(summary);
            const id = this.firstNonEmptyString(summaryRec?.id);
            if (id && detailsById[id]) {
              detailsById[id] = {
                ...(this.asRecord(detailsById[id]) || {}),
                parentMessageId: latestAssistantMessageId,
              } as SubagentUpdatePayload["detailsById"][string];
            }
          });
          changed = true;
        }
    
        if (!changed) {
          return snapshot;
        }
        return { summariesByParentMessageId, detailsById };
      }
    
      private findLatestSubagentParentMessageIdForSession(
        payload: {
          summariesByParentMessageId?: Record<string, unknown>;
        },
        sessionId: string,
      ): string | undefined {
        const summariesMap = this.asRecord(payload.summariesByParentMessageId) || {};
        const entries = Object.entries(summariesMap);
        for (let i = entries.length - 1; i >= 0; i -= 1) {
          const [parentMessageId, summariesRaw] = entries[i];
          if (!Array.isArray(summariesRaw) || summariesRaw.length === 0) {
            continue;
          }
          const matchesSession = summariesRaw.some((summaryRaw) => {
            const summary = this.asRecord(summaryRaw);
            const parentSessionId = this.firstNonEmptyString(summary?.parentSessionId);
            return parentSessionId === sessionId;
          });
          if (matchesSession) {
            return parentMessageId;
          }
        }
        return undefined;
      }
    
      private extractMessageBodyText(message: any): string {
        if (!message) return "";
    
        let rawText = "";
        if (typeof message.content === "string" && message.content.trim()) {
          rawText = message.content.trim();
        } else if (typeof message.text === "string" && message.text.trim()) {
          rawText = message.text.trim();
        } else if (Array.isArray(message.parts)) {
          rawText = message.parts
            .map((part: any) => {
              if (!part || typeof part !== "object") return "";
              if (
                part.type === "reasoning" ||
                part.type === "thinking" ||
                part.type === "thought" ||
                typeof part.reasoning !== "undefined" ||
                typeof part.thought !== "undefined" ||
                typeof part.thinking !== "undefined"
              ) {
                return "";
              }
              return (part.text || part.content || "").toString();
            })
            .join("")
            .trim();
        }
    
        if (this.isLikelyToolCallTranscript(rawText)) {
          return "";
        }
        return rawText;
      }
    
      private hasNonTextActivityParts(message: any): boolean {
        if (!message || typeof message !== "object" || !Array.isArray(message.parts)) {
          return false;
        }
        return message.parts.some((part: any) => {
          const rec = this.asRecord(part);
          if (!rec) {
            return false;
          }
          if (this.isRenderableTextPart(rec)) {
            return false;
          }
          const partType = this.firstNonEmptyString(rec.type, rec.kind)?.toLowerCase();
          if (partType === "tool") {
            const toolName = this.firstNonEmptyString(rec.tool, rec.name)?.toLowerCase();
            if (
              toolName?.includes("structuredoutput") ||
              toolName?.includes("structured_output")
            ) {
              return false;
            }
          }
          return true;
        });
      }
    
      private extractStructuredOutput(
        messageLike: any,
      ): StructuredAssistantOutput | undefined {
        const role = this.firstNonEmptyString(
          messageLike.role,
          messageLike.info?.role,
          messageLike.properties?.role,
        )?.toLowerCase();
    
        if (role === "system") {
          return {
            responseType: "system",
          } as any;
        }
    
        const providerID = this.firstNonEmptyString(
          messageLike.info?.providerID,
          messageLike.providerID,
          messageLike.properties?.providerID,
        );
        const modelID = this.firstNonEmptyString(
          messageLike.info?.modelID,
          messageLike.modelID,
          messageLike.properties?.modelID,
          messageLike.info?.model?.modelID,
          messageLike.model?.modelID,
        );
        const candidates: Array<{ value: unknown; source: string }> = [
          { value: messageLike.structuredOutput, source: "messageLike.structuredOutput" },
          { value: messageLike.structured_output, source: "messageLike.structured_output" },
          { value: messageLike.output, source: "messageLike.output" },
          { value: messageLike.info?.structuredOutput, source: "messageLike.info.structuredOutput" },
          { value: messageLike.info?.structured_output, source: "messageLike.info.structured_output" },
          { value: messageLike.info?.structured, source: "messageLike.info.structured" },
          { value: messageLike.info?.output, source: "messageLike.info.output" },
          { value: messageLike.properties?.structuredOutput, source: "messageLike.properties.structuredOutput" },
          { value: messageLike.properties?.structured_output, source: "messageLike.properties.structured_output" },
          { value: messageLike.properties?.structured, source: "messageLike.properties.structured" },
          { value: messageLike.properties?.output, source: "messageLike.properties.output" },
        ];
    
        if (Array.isArray(messageLike.parts)) {
          for (const part of messageLike.parts) {
            if (
              part &&
              typeof part === "object" &&
              part.type === "tool" &&
              part.state
            ) {
              const toolName = (part.tool || "").toLowerCase();
              if (
                toolName.includes("structuredoutput") ||
                toolName.includes("structured_output")
              ) {
                const pushCandidate = (value: unknown, source: string) => {
                  if (typeof value === "undefined") return;
                  candidates.push({ value, source });
                };
                pushCandidate(
                  part.state.result,
                  "messageLike.parts[].state.result",
                );
                pushCandidate(
                  part.state.output,
                  "messageLike.parts[].state.output",
                );
                pushCandidate(
                  part.state.arguments,
                  "messageLike.parts[].state.arguments",
                );
                pushCandidate(
                  part.state.input,
                  "messageLike.parts[].state.input",
                );
    
                const resultRec = this.asRecord(part.state.result);
                if (resultRec) {
                  pushCandidate(
                    resultRec.output,
                    "messageLike.parts[].state.result.output",
                  );
                  pushCandidate(
                    resultRec.data,
                    "messageLike.parts[].state.result.data",
                  );
                  pushCandidate(
                    resultRec.value,
                    "messageLike.parts[].state.result.value",
                  );
                  pushCandidate(
                    resultRec.arguments,
                    "messageLike.parts[].state.result.arguments",
                  );
                  pushCandidate(
                    resultRec.structuredOutput,
                    "messageLike.parts[].state.result.structuredOutput",
                  );
                  pushCandidate(
                    resultRec.structured_output,
                    "messageLike.parts[].state.result.structured_output",
                  );
                }
              }
            }
          }
        }
    
        for (const candidate of candidates) {
          const parsed = this.normalizeStructuredOutput(candidate.value as string, {
            source: candidate.source,
            providerID,
            modelID,
          });
          if (parsed) {
            return parsed;
          }
        }
    
        const bodyText = this.extractMessageBodyText(messageLike);
        if (bodyText.startsWith("{") && bodyText.endsWith("}")) {
          return this.normalizeStructuredOutput(bodyText, {
            source: "messageLike.bodyText.json",
            providerID,
            modelID,
          });
        }
        return undefined;
      }
    
      private applyStructuredOutputToMessage(
        message: any,
        options?: { allowSyntheticFallbackError?: boolean },
      ): any {
        // Abort detection must happen before any content extraction or fallback generation.
        // A cached/persisted message may already have error text written into its content
        // field, so checking only at the !bodyText branch is insufficient.
        const messageInfoError = message?.info?.error ?? message?.error;
        if (messageInfoError?.name === "MessageAbortedError") {
          if (this.isInInteractiveResponseTransition()) {
            // Interactive answer submit intentionally aborts the previous waiting turn.
            // Preserve rendered content and avoid a misleading "response stopped" banner.
            return { ...message, aborted: false };
          }
          return { ...message, aborted: true };
        }
        const allowSyntheticFallbackError =
          options?.allowSyntheticFallbackError !== false;
        const role = this.firstNonEmptyString(
          message?.info?.role,
          message?.role,
        )?.toLowerCase();
    
        if (role === "system") {
          return {
            ...message,
            responseType: "system",
            structuredOutput: {
              responseType: "system",
            },
          };
        }
    
        const structured = this.extractStructuredOutput(message);
        if (!structured) {
          const bodyText = this.extractMessageBodyText(message);
          if (role === "assistant" && bodyText) {
            const next: any = {
              ...message,
              structuredOutput: {
                responseType: "message",
                message: bodyText,
              },
              content: bodyText,
            };
            if (Array.isArray(next.parts)) {
              next.parts = next.parts.filter((part: any) => {
                if (part && part.type === "tool") {
                  const toolName = (part.tool || "").toString().toLowerCase();
                  if (
                    toolName.includes("structuredoutput") ||
                    toolName.includes("structured_output")
                  ) {
                    return false;
                  }
                }
                return true;
              });
            }
            return next;
          }
          if (role === "assistant" && !bodyText) {
            // Keep partial stop/activity turns intact so activity/reasoning widgets can render.
            // These turns may have no assistant text body but still contain useful non-text parts.
            if (this.hasNonTextActivityParts(message)) {
              return message;
            }
            if (!allowSyntheticFallbackError) {
              return message;
            }
            const incompatibleModelKey = this.getStructuredOutputModelKey(
              this.firstNonEmptyString(
                message?.info?.providerID,
                message?.providerID,
              ),
              this.firstNonEmptyString(
                message?.info?.modelID,
                message?.modelID,
              ),
            );
            const retryWithoutStructuredOutput = true;
            const fallbackText =
              incompatibleModelKey &&
                this.structuredOutputIncompatibleModelKeys.has(incompatibleModelKey)
                ? "Structured output error: this model returned an empty structured payload."
                : "I couldn't produce a valid structured response for this turn. Please retry.";
            const next: any = {
              ...message,
              content: fallbackText,
              error: fallbackText,
              retryWithoutStructuredOutput,
            };
            const parts = Array.isArray(next.parts)
              ? next.parts.filter((part: any) => this.isRenderableTextPart(part))
              : [];
            const textIndex = parts.findIndex((part: any) =>
              this.isRenderableTextPart(part),
            );
            if (textIndex >= 0) {
              parts[textIndex] = {
                ...parts[textIndex],
                type: "text",
                text: fallbackText,
              };
            } else {
              parts.push({ type: "text", text: fallbackText });
            }
            next.parts = parts;
            return next;
          }
          return message;
        }
    
        const isInteractiveStructuredResponse =
          this.isInteractiveResponseType(structured.responseType) &&
          Array.isArray(structured.interactiveEvents) &&
          structured.interactiveEvents.length > 0;
    
        // DEBUG: Check structured object immediately after extraction
        log.debug('Structured object after extraction', {
          responseType: structured.responseType,
          hasPlan: 'plan' in structured,
          planKeys: structured.plan ? Object.keys(structured.plan) : [],
          planValue: structured.plan,
          planFile: structured.plan?.file,
          allStructuredKeys: Object.keys(structured)
        });
    
        const structuredPlanContent =
          this.firstNonEmptyString(structured.plan?.content) || "";
        const shouldSuppressStructuredPlan =
          this.isClarificationQuestionnaire(structuredPlanContent);
    
        const next: any = {
          ...message,
          structuredOutput: structured,
        };
    
        // DEBUG: Log immediately after creating next object
        log.debug('applyStructuredOutputToMessage: next object created', {
          messageId: next.id,
          hasStructuredOutput: 'structuredOutput' in next,
          structuredOutputResponseType: next.structuredOutput?.responseType,
          structuredOutputHasPlan: next.structuredOutput?.plan ? 'yes' : 'no',
          structuredOutputPlanFile: next.structuredOutput?.plan?.file,
          originalMessageHasPlan: 'plan' in message,
          originalMessagePlanFile: message.plan?.file
        });
    
        if (Array.isArray(next.parts)) {
          next.parts = next.parts.filter((part: any) => {
            if (part && part.type === "tool") {
              const toolName = (part.tool || "").toString().toLowerCase();
              if (
                toolName.includes("structuredoutput") ||
                toolName.includes("structured_output")
              ) {
                return false;
              }
            }
            return true;
          });
        }
    
        const bodyText = this.extractMessageBodyText(message);
        const hasJsonOnlyBody = bodyText.startsWith("{") && bodyText.endsWith("}");
        if (hasJsonOnlyBody) {
          next.content = "";
          if (Array.isArray(next.parts)) {
            next.parts = next.parts.filter((p: any) => p?.type !== "text");
          }
        }
    
        // Preserve the default OpenCode response body whenever it exists.
        // Only inject structured text as a fallback when body text is missing or JSON-only.
        const messageContent =
          structured.message ||
          this.createFallbackMessage(structured);
        const shouldUseStructuredMessage = !bodyText || hasJsonOnlyBody;
        if (messageContent && shouldUseStructuredMessage) {
          next.content = messageContent;
          const parts = Array.isArray(next.parts) ? [...next.parts] : [];
          const textIndex = parts.findIndex(
            (part: any) => this.isRenderableTextPart(part),
          );
          if (textIndex >= 0) {
            parts[textIndex] = {
              ...parts[textIndex],
              type: "text",
              text: messageContent,
            };
          } else {
            parts.push({ type: "text", text: messageContent });
          }
          next.parts = parts;
        }
    
        if (structured.progressUpdates && structured.progressUpdates.length > 0) {
          const existingSteps = Array.isArray(next.steps) ? next.steps : [];
          const mapped = structured.progressUpdates.map((update) => ({
            type: "step",
            title: update.title,
            content: update.filePath,
            status: update.status ?? "pending",
            meta: update.meta,
          }));
          next.steps = [...existingSteps, ...mapped];
        }
    
        if (
          structured.interactiveEvents &&
          structured.interactiveEvents.length > 0
        ) {
          next.interactiveEvents = structured.interactiveEvents;
          const questionPrompt = this.deriveQuestionPromptFromInteractivePayload({
            question: (structured.question as string) ?? '',
            options: structured.interactiveEvents as any[],
          });
          const currentBodyText = this.extractMessageBodyText(next).trim();
          const normalizeComparableText = (value: string): string =>
            value.replace(/\r\n/g, "\n").replace(/\s+/g, " ").trim().toLowerCase();
          const promptNorm = questionPrompt
            ? normalizeComparableText(questionPrompt)
            : "";
          const bodyNorm = normalizeComparableText(currentBodyText);
          let visibleInteractiveBody: string | undefined;
    
          if (questionPrompt) {
            if (
              !currentBodyText ||
              bodyNorm === promptNorm ||
              this.isLowValueInteractiveBodyText(currentBodyText)
            ) {
              visibleInteractiveBody = questionPrompt;
            } else if (promptNorm && bodyNorm.startsWith(promptNorm)) {
              visibleInteractiveBody = currentBodyText;
            } else {
              visibleInteractiveBody = `${questionPrompt}\n\n${currentBodyText}`;
            }
          } else if (!currentBodyText) {
            const firstEvent = structured.interactiveEvents[0];
            if (firstEvent.type === "question" || firstEvent.type === "confirm") {
              visibleInteractiveBody = firstEvent.question;
            } else if (firstEvent.type === "message") {
              visibleInteractiveBody = firstEvent.message;
            } else if (firstEvent.type === "quick_actions") {
              visibleInteractiveBody = this.firstNonEmptyString(firstEvent.title);
            }
          }
    
          if (visibleInteractiveBody) {
            next.content = visibleInteractiveBody;
            const parts = Array.isArray(next.parts) ? [...next.parts] : [];
            const textIndex = parts.findIndex((part: any) =>
              this.isRenderableTextPart(part),
            );
            if (textIndex >= 0) {
              parts[textIndex] = {
                ...parts[textIndex],
                type: "text",
                text: visibleInteractiveBody,
              };
            } else {
              parts.push({ type: "text", text: visibleInteractiveBody });
            }
            next.parts = parts;
          }
        }
    
        if (structured.subagents && structured.subagents.length > 0) {
          if (!next.subagents) {
            next.subagents = [];
          }
          structured.subagents.forEach((sa: any) => {
            const normalized = {
              ...sa,
              agentId: this.firstNonEmptyString(sa.agentId, sa.name) || sa.id,
              latestActivity:
                this.firstNonEmptyString(sa.latestActivity, sa.description) ||
                "Subagent update",
            };
            const existing = next.subagents.find((item: any) => item.id === sa.id);
            if (existing) {
              Object.assign(existing, normalized);
            } else {
              next.subagents.push(normalized);
            }
          });
    
          const hasTextContent =
            (typeof next.content === "string" && next.content.trim().length > 0) ||
            (Array.isArray(next.parts) &&
              next.parts.some(
                (part: any) =>
                  part?.type === "text" &&
                  typeof part?.text === "string" &&
                  part.text.trim().length > 0,
              ));
          if (
            !hasTextContent &&
            (structured.responseType === "subagents" ||
              (structured.subagentsDelta &&
                structured.subagentsDelta.items.length > 0))
          ) {
            const subagentCount =
              structured.subagents?.length ??
              structured.subagentsDelta?.items.length ??
              0;
            const summaryText = `Spawned ${subagentCount} subagent${subagentCount === 1 ? "" : "s"
              }.`;
            next.content = summaryText;
            const parts = Array.isArray(next.parts) ? [...next.parts] : [];
            parts.push({ type: "text", text: summaryText });
            next.parts = parts;
          }
        }
    
        if (
          structured.responseType === "implementation_plan" &&
          !shouldSuppressStructuredPlan
        ) {
          const summaryMessage = this.firstNonEmptyString(
            structured.message,
            structured.plan?.intro,
            structured.plan?.summary,
          );
          if (summaryMessage) {
            next.content = summaryMessage;
            const parts = Array.isArray(next.parts) ? [...next.parts] : [];
            const textIndex = parts.findIndex(
              (part: any) =>
                part &&
                typeof part === "object" &&
                (part.type === "text" ||
                  typeof part.text === "string" ||
                  typeof part.content === "string"),
            );
            if (textIndex >= 0) {
              parts[textIndex] = {
                ...parts[textIndex],
                type: "text",
                text: summaryMessage,
              };
            } else {
              parts.push({ type: "text", text: summaryMessage });
            }
            next.parts = parts;
          }
        }
    
        if (
          !isInteractiveStructuredResponse &&
          !shouldSuppressStructuredPlan &&
          (structured.responseType === "implementation_plan" ||
            structured.plan?.content ||
            structured.plan?.file)
        ) {
          const planContent = this.firstNonEmptyString(structured.plan?.content);
          const structuredPlanCandidates =
            this.collectPlanFileCandidatesFromStructuredPlan(
              this.asRecord(structured.plan),
            );
          const planFile = structuredPlanCandidates[0];
    
          // DEBUG: Log plan file extraction
          log.debug('Plan file extraction', {
            hasStructuredPlan: !!structured.plan,
            structuredPlanKeys: structured.plan ? Object.keys(structured.plan) : [],
            structuredPlanFile: structured.plan?.file,
            candidatesCount: structuredPlanCandidates.length,
            candidates: structuredPlanCandidates,
            planFile: planFile,
            planFileUndefined: planFile === undefined
          });
    
          const resolvedPlanTitle = this.resolvePlanTitle({
            plan: structured.plan,
            planFile: planFile || structuredPlanCandidates[0],
            fallback: structured.plan?.summary as string | undefined,
          });
          const hasLongPlanContent =
            typeof planContent === "string" && planContent.trim().length >= 80;
          // File-backed plans must still produce a plan card even when no markdown
          // content is embedded in structured output.
          if (hasLongPlanContent || planFile) {
            next.plan = {
              file: planFile,
              content: hasLongPlanContent ? planContent : undefined,
              title: resolvedPlanTitle,
              summary: structured.plan?.summary,
              files:
                structuredPlanCandidates.length > 0
                  ? structuredPlanCandidates
                  : undefined,
            };
    
            // DEBUG: Log the final plan object being set
            log.debug('Plan object set on next', {
              hasPlan: !!next.plan,
              planFile: next.plan?.file,
              planKeys: next.plan ? Object.keys(next.plan) : [],
              fullPlanObject: next.plan ? JSON.stringify(next.plan, null, 2) : 'undefined'
            });
    
            // DEBUG: Try to serialize the entire next object to check for circular references
            try {
              const serialized = JSON.stringify(next);
              log.debug('Message serialization successful', {
                serializedLength: serialized.length,
                hasPlanInSerialized: serialized.includes('"plan"'),
                planSubstring: serialized.includes('"file"') ? serialized.substring(serialized.indexOf('"plan"'), serialized.indexOf('"plan"') + 200) : 'NOT FOUND'
              });
            } catch (e) {
              log.debug('Message serialization FAILED', { error: e });
            }
          } else {
            log.debug('Plan NOT set - condition failed', {
              hasLongPlanContent,
              planFile,
              planFileUndefined: planFile === undefined,
              hasLongPlanContentFalse: !hasLongPlanContent,
              noPlanFile: !planFile
            });
          }
        }
    
        if (shouldSuppressStructuredPlan) {
          if (next.plan) {
            delete next.plan;
          }
          if (structured.responseType === "implementation_plan") {
            const clarificationMessage =
              this.firstNonEmptyString(
                structured.message,
              ) ||
              "I need a few clarifications before drafting the implementation plan.";
            next.content = clarificationMessage;
            const parts = Array.isArray(next.parts) ? [...next.parts] : [];
            const textIndex = parts.findIndex(
              (part: any) => this.isRenderableTextPart(part),
            );
            if (textIndex >= 0) {
              parts[textIndex] = {
                ...parts[textIndex],
                type: "text",
                text: clarificationMessage,
              };
            } else {
              parts.push({ type: "text", text: clarificationMessage });
            }
            next.parts = parts;
          }
        }
    
        return next;
      }
    
      /**
       * Handles sending a message to OpenCode
       */
      // PROMPT-OWNERSHIP: do not modify — transport-only path
      private async handleSendMessage(
        text: string,
        files?: string[],
        contexts?: any[],
        images?: any[],
        agent?: string,
        isRetry = false,
        recoveredContext?: RecoveredSessionContext,
        retryWithoutStructuredOutput = false,
        structuredFallbackReason?: string,
        userFacingText?: string,
      ): Promise<void> {
        // Start feature flow tracking
        const flow = log.startFeatureFlow('SendMessage', {
          messageLength: text.length,
          isRetry,
          hasFiles: !!files?.length,
          fileCount: files?.length || 0,
          hasContexts: !!contexts?.length,
          contextCount: contexts?.length || 0,
          hasImages: !!images?.length,
          imageCount: images?.length || 0,
          agent,
        });
    
        // Cache for retry
        this.lastSendMessageArgs = { text, files, contexts, images, agent };
    
        // We'll set processing state once we have a definitive session ID below
    
        const overallStartTime = Date.now();
        log.featureStep(flow, 'message_send_started', {
          messageLength: text.length,
          timestamp: new Date().toISOString(),
        });
    
        let drainSessionId: string | undefined;
        const capturePromptDebug = this.shouldVerboseStreamDebug();
        let debugSessionId: string | undefined;
        let baselineAssistantMarker: AssistantHistoryMarker | undefined;
        try {
          const normalizedImages = (Array.isArray(images) ? images : [])
            .map((img) => {
              if (typeof img === "string") {
                return { dataUrl: img, filename: "image" };
              }
              if (img?.dataUrl && typeof img.dataUrl === "string") {
                return {
                  dataUrl: img.dataUrl,
                  filename:
                    typeof img.filename === "string" ? img.filename : "image",
                };
              }
              return null;
            })
            .filter((img): img is { dataUrl: string; filename: string } => !!img);
          const imageUrls = normalizedImages.map((img) => img.dataUrl);
    
          const serverStartTime = Date.now();
          this.logger.info("⏳ [TIMING] Calling ensureRunning()...");
          const client = await this.serverManager.ensureRunning();
          this.logger.info(`✅ [TIMING] Server ready (${Date.now() - serverStartTime}ms)`);
    
          const sessionStartTime = Date.now();
          this.logger.info("⏳ [TIMING] Getting current session...");
          let session = await this.sessionService.getCurrentSession();
          if (this.currentSessionId && session.id !== this.currentSessionId) {
            session = await this.sessionService.switchSession(
              this.currentSessionId,
            );
          }
          this.logger.info(`✅ [TIMING] Session ready (${Date.now() - sessionStartTime}ms): ${session.id}`);
    
          drainSessionId = session.id;
          this.processingSessionIds.add(drainSessionId);
          this.sendProcessingSessionsUpdate();
          this.currentSessionId = session.id;
          this.subagentTracker.setActiveSession(session.id);
          // Note: awaitingInteractiveAnswer flag is NOT cleared here
          // It will be cleared naturally when stream events arrive
    
          // Check budget before sending
          const budgetCheck = this.budgeter.canMakeRequest();
          if (!budgetCheck.allowed) {
            this.sendBudgetInfo();
            // Show warning to user
            vscode.window.showWarningMessage(
              `Request limit reached: ${budgetCheck.reason}`,
            );
            return;
          }
    
          const messagesStartTime = Date.now();
          this.logger.info("⏳ [TIMING] Loading existing messages...");
          const existingMessages = await this.sessionService.getMessages(
            session.id,
          );
          this.logger.info(`✅ [TIMING] Messages loaded (${Date.now() - messagesStartTime}ms): ${existingMessages.length} messages`);
    
          baselineAssistantMarker =
            this.getLatestAssistantHistoryMarker(existingMessages);
          const isNewSession = existingMessages.length === 0;
    
          if (isNewSession) {
            const config = vscode.workspace.getConfiguration('opencode');
            const autoGenerateTitle = config.get<boolean>('autoGenerateSessionTitle', true);
            if (autoGenerateTitle) {
              const generatedTitle = TitleGeneratorService.generateTitle(text);
              await this.updateSessionTitle(session.id, generatedTitle);
            }
          }
    
          // Save user message to local history immediately, unless this is a retry
          if (!isRetry) {
            const persistedUserText =
              this.firstNonEmptyString(userFacingText, text) || text;
            const userMessage = {
              role: "user" as const,
              content: persistedUserText,
              text: persistedUserText,
              parts: [
                {
                  type: "text",
                  text: text,
                },
              ],
              images: imageUrls,
              time: {
                created: Date.now(),
              },
            };
            await this.sessionService.appendMessage(session.id, userMessage);
    
            this.view?.webview.postMessage({
              type: "userMessageAppended",
              message: userMessage,
            });
    
            await this.handleGetSessions();
          }
    
          log.debug(
            `Session ${session.id}: ${existingMessages.length} existing messages. isNew: ${isNewSession}`,
          );
    
          // Prepare message parts
          const parts: NonNullable<SessionPromptData["body"]>["parts"] = [
            {
              type: "text",
              text: text,
            },
          ];
    
          // Add context fragments if any
          if (contexts && contexts.length > 0) {
            for (const ctx of contexts) {
              parts.push({
                type: "text",
                text: `\`\`\`${ctx.languageId}\n// ${ctx.file}:${ctx.lineInfo}\n${ctx.content}\n\`\`\``,
              });
            }
          }
    
          if (recoveredContext?.transcript) {
            parts.push({
              type: "text",
              text: [
                "Recovered conversation context from the previous session ID",
                `(${recoveredContext.previousSessionId}).`,
                "Treat this as existing conversation history and continue from it.",
                "--- BEGIN RECOVERED CONTEXT ---",
                recoveredContext.transcript,
                "--- END RECOVERED CONTEXT ---",
              ].join("\n"),
            });
          }
    
          // Add file references if any
          // ... (rest of the file part logic remains the same)
    
          // Add file references if any
          if (files && files.length > 0) {
            const workspaceFolder = vscode.workspace.workspaceFolders?.[0];
            if (workspaceFolder) {
              for (const filePath of files) {
                try {
                  // Check if path is absolute
                  let absoluteUri: vscode.Uri;
                  if (path.isAbsolute(filePath)) {
                    absoluteUri = vscode.Uri.file(filePath);
                  } else {
                    absoluteUri = vscode.Uri.joinPath(
                      workspaceFolder.uri,
                      filePath,
                    );
                  }
    
                  const content = await vscode.workspace.fs.readFile(absoluteUri);
                  const textContent = new TextDecoder().decode(content);
    
                  parts.push({
                    type: "file",
                    mime: "text/plain",
                    filename: filePath.split(/[\\/]/).pop(),
                    url: `file://${filePath}`,
                    source: {
                      type: "file",
                      path: filePath,
                      text: {
                        value: textContent,
                        start: 0,
                        end: textContent.length,
                      },
                    },
                  });
                } catch (e) {
                  log.error(`Failed to read file ${filePath}`, { filePath }, e as Error);
                }
              }
            }
          }
    
          if (normalizedImages.length > 0) {
            for (const img of normalizedImages) {
              // Extract mime type from data URL, default to image/jpeg
              const mimeMatch = img.dataUrl.match(/^data:([^;]+);/);
              const mimeType = mimeMatch ? mimeMatch[1] : "image/jpeg";
    
              parts.push({
                type: "file",
                mime: mimeType,
                filename: img.filename || "image",
                url: img.dataUrl,
              });
            }
          }
    
          // Send the message using the SDK
          const startTime = Date.now();
          const useStructuredOutput =
            !retryWithoutStructuredOutput &&
            this.shouldUseStructuredOutput(
              this.getStructuredOutputModelKey(this.selectedModel.providerID, this.selectedModel.modelID)
            );
          const promptBody: NonNullable<SessionPromptData["body"]> = {
            model: this.selectedModel,
            agent: agent || this.selectedAgent,
            parts: parts,
          };
          const promptVariant = await this.resolvePromptVariant(session.id);
          if (promptVariant) {
            (promptBody as Record<string, unknown>).variant = promptVariant;
          }
          if (capturePromptDebug) {
            debugSessionId = session.id;
            await this.logPromptRequestPayload(
              session.id,
              promptBody,
              useStructuredOutput,
            );
          }
    
          const promptStartTime = Date.now();
          this.logger.info("⏳ [TIMING] Sending prompt to server...", {
            model: this.selectedModel.modelID,
            agent: agent || this.selectedAgent,
            partsCount: parts.length,
            hasFiles: Boolean(files?.length),
            hasContexts: Boolean(contexts?.length),
            hasImages: Boolean(images?.length),
          });
    
          const response = await this.promptWithStructuredOutput(
            client,
            session.id,
            promptBody,
            useStructuredOutput,
            {
              hasFiles: Boolean(files?.length),
              hasContexts: Boolean(contexts?.length),
              hasImages: Boolean(images?.length),
            },
          );
    
          const promptDuration = Date.now() - promptStartTime;
          this.logger.info(`✅ [TIMING] Prompt response received (${promptDuration}ms)`, {
            hasData: Boolean(response.data),
            hasError: Boolean(response.error),
            status: response.response?.status,
            messageId: (response.data as any)?.info?.id,
          });
    
          const duration = (Date.now() - startTime) / 1000;
          if (capturePromptDebug) {
            await this.logPromptResponsePayload(
              session.id,
              response,
              duration,
              useStructuredOutput,
            );
          }
    
          log.debug(`Response received in ${duration}s`, {
            hasData: Boolean(response.data),
            hasError: Boolean(response.error),
            status: response.response?.status,
            messageId: (response.data as any)?.info?.id,
          });
          if (response.data && capturePromptDebug) {
            this.logPromptResponseDiagnostics(session.id, response.data);
          }
    
          // Update budget info after successful send
          // Note: recordRequest() temporarily disabled - budget now reads from actual Copilot quota data
          if (!response.error) {
            // this.budgeter.recordRequest(); // DISABLED - was tracking all requests, not just Copilot
            this.sendBudgetInfo();
          }
    
          if (response.error) {
            const errorMessages = this.collectNormalizedErrorMessages(response.error);
            log.error("API error returned", {
              sessionId: session.id,
              error: response.error,
              status: response.response?.status,
              errorMessages,
            });
            this.logger.error("Prompt request failed", {
              sessionId: session.id,
              status: response.response?.status,
              errorMessages,
            });
    
            let errorMessage = this.extractDetailedErrorMessage(
              response.error,
              "Failed to send message",
            );
            if (this.shouldSuppressInteractiveAwaitTimeout(errorMessage)) {
              this.logger.info(
                "Suppressing timeout error while awaiting interactive response",
                {
                  sessionId: session.id,
                  errorMessage,
                },
              );
              return;
            }
            if (this.isLikelyInteractiveTransportFailure(errorMessage)) {
              const recovered = await this.tryRecoverTimedOutResponse(
                session.id,
                baselineAssistantMarker,
              );
              if (recovered) {
                this.logger.info(
                  "Recovered timed out prompt from session history without user retry",
                  {
                    sessionId: session.id,
                    errorMessage,
                  },
                );
                return;
              }
              if (
                !isRetry &&
                (this.awaitingInteractiveAnswer ||
                  this.isInInteractiveResponseTransition())
              ) {
                this.logger.warn(
                  "Interactive response transport failed; retrying once with existing payload",
                  {
                    sessionId: session.id,
                    errorMessage,
                  },
                );
                // Provide user feedback about the retry
                this.view?.webview.postMessage({
                  type: "info",
                  message: "Retrying interactive response...",
                  sessionId: session.id,
                });
                return this.handleSendMessage(
                  text,
                  files,
                  contexts,
                  images,
                  agent,
                  true,
                  recoveredContext,
                  retryWithoutStructuredOutput,
                  structuredFallbackReason,
                  userFacingText,
                );
              }
            }
    
            // Handle Session Not Found error (likely server restart)
            if (
              errorMessage.toLowerCase().includes("not found") &&
              errorMessage.toLowerCase().includes("session")
            ) {
              log.warn(
                `Session ${session.id} not found on server. Re-creating...`,
              );
              // Re-create the session on the server
              try {
                const newSession = await this.sessionService.createNewSession(
                  session.title,
                );
                log.info(
                  `Re-created session with new ID: ${newSession.id}`,
                );
    
                // Migrate local messages from old ID to new ID
                const localMessages = await this.sessionService.loadSessionMessages(
                  session.id,
                );
                await this.sessionService.saveSessionMessages(
                  newSession.id,
                  localMessages,
                );
                // Optionally delete old messages? No, leave them for now.
    
                // Set as current session and retry
                await this.sessionService.switchSession(newSession.id);
                this.subagentTracker.resetForSession(newSession.id);
    
                // Notify UI of the ID change if possible, or just refresh sessions
                await this.handleGetSessions();
    
                const recoveryTranscript =
                  this.buildRecoveredTranscript(localMessages);
                if (recoveryTranscript) {
                  await this.saveSessionRecoveryMap(session.id, newSession.id);
                }
                this.migrateSessionSettings(session.id, newSession.id);
                this.currentSessionId = newSession.id;
    
                // Retry sending (recursive call) with preserved context
                return this.handleSendMessage(
                  text,
                  files,
                  contexts,
                  images,
                  agent,
                  true,
                  recoveryTranscript
                    ? {
                      previousSessionId: session.id,
                      transcript: recoveryTranscript,
                    }
                    : undefined,
                  retryWithoutStructuredOutput,
                  structuredFallbackReason,
                );
              } catch (recreateError) {
                log.error(
                  "Failed to re-create session",
                  {},
                  recreateError as Error,
                );
              }
            }
    
            // Handle specific model not found error
            if (
              errorMessage.includes("ProviderModelNotFoundError") ||
              errorMessage.includes("ModelNotFoundError")
            ) {
              errorMessage +=
                "\n\nTIP: Try starting a new session (click +) to use the default model.";
            }
    
            const isStructuredOutputError =
              this.isStructuredOutputTransportError(errorMessage);
            if (isStructuredOutputError) {
              const modelKey = this.getSelectedStructuredOutputModelKey();
              if (modelKey) {
                this.structuredOutputIncompatibleModelKeys.add(modelKey);
              }
              if (!retryWithoutStructuredOutput) {
                const retryFlow = log.startFeatureFlow('StructuredOutputRetry', {
                  sessionId: session.id,
                  providerID: this.selectedModel.providerID,
                  modelID: this.selectedModel.modelID,
                  errorMessage,
                });
    
                this.logger.warn(
                  "Structured output failed; auto-retrying without schema",
                  {
                    sessionId: session.id,
                    providerID: this.selectedModel.providerID,
                    modelID: this.selectedModel.modelID,
                  },
                );
                log.featureStep(retryFlow, 'retrying_without_structured_output');
    
                const result = await this.handleSendMessage(
                  text,
                  files,
                  contexts,
                  images,
                  agent,
                  true,
                  recoveredContext,
                  true,
                  errorMessage,
                );
    
                log.endFeatureFlow(retryFlow, { status: 'completed', retrySuccess: true });
                return result;
              }
              errorMessage = [
                "Structured output error: the selected model/provider did not return a usable JSON payload.",
                "Retry without structured output to continue with a plain text response.",
                "",
                `Details: ${errorMessage}`,
              ].join("\n");
            }
    
            vscode.window.showErrorMessage(`OpenCode error: ${errorMessage}`);
            this.view?.webview.postMessage({
              type: "error",
              message: errorMessage,
            });
            return;
          }
    
          // Check for hidden errors in data (e.g. ModelNotFoundError returned as JSON)
          if (
            response.data &&
            (response.data as any).suggestions &&
            (response.data as any).modelID &&
            !(response.data as any).content
          ) {
            const errData = response.data as any;
            let errorMessage = `Model '${errData.modelID}' not found in provider '${errData.providerID}'.`;
            if (errData.suggestions && errData.suggestions.length > 0) {
              errorMessage += ` Did you mean: ${errData.suggestions.join(", ")}?`;
            }
            errorMessage +=
              "\n\nTIP: Check your model selection or local OpenCode configuration.";
    
            vscode.window.showErrorMessage(errorMessage);
            this.view?.webview.postMessage({
              type: "error",
              message: errorMessage,
            });
            return;
          }
    
          // Send response back to webview
          if (response.data) {
            const rawResponse = this.buildRawResponseDebugText(response.data);
            const structuredMessage = this.applyStructuredOutputToMessage(
              response.data,
            );
            const enrichedMessage = this.enrichMessageWithPlan(structuredMessage);
            const structuredFailureText = this.firstNonEmptyString(
              (enrichedMessage as any)?.error,
            );
            if (
              !retryWithoutStructuredOutput &&
              structuredFailureText &&
              this.isStructuredOutputFailureMessage(structuredFailureText)
            ) {
              const modelKey = this.getSelectedStructuredOutputModelKey();
              if (modelKey) {
                this.structuredOutputIncompatibleModelKeys.add(modelKey);
              }
              this.logger.warn(
                "Structured output payload unusable; auto-retrying without schema",
                {
                  sessionId: session.id,
                  providerID: this.selectedModel.providerID,
                  modelID: this.selectedModel.modelID,
                  reason: structuredFailureText,
                },
              );
              return this.handleSendMessage(
                text,
                files,
                contexts,
                images,
                agent,
                true,
                recoveredContext,
                true,
                structuredFailureText,
              );
            }
            const trackerSnapshotPayload = this.subagentTracker.getSnapshotPayload();
            const hasSubagentSignal =
              this.hasStructuredSubagentSignal(enrichedMessage);
            let assistantMessageId = this.extractMessageId(enrichedMessage);
            if (!assistantMessageId && hasSubagentSignal) {
              assistantMessageId = this.subagentTracker.getLatestParentMessageId(
                session.id,
              );
              if (assistantMessageId) {
                enrichedMessage.id = assistantMessageId;
              }
            }
            if (!assistantMessageId && hasSubagentSignal) {
              assistantMessageId = this.findLatestSubagentParentMessageIdForSession(
                trackerSnapshotPayload,
                session.id,
              );
              if (assistantMessageId) {
                enrichedMessage.id = assistantMessageId;
              }
            }
            if (assistantMessageId) {
              const hydratedSubagents =
                await this.subagentTracker.finalizeParentMessage({
                  client,
                  parentSessionId: session.id,
                  parentMessageId: assistantMessageId,
                });
              if (hydratedSubagents.length > 0) {
                enrichedMessage.subagents = hydratedSubagents;
                this.view?.webview.postMessage({
                  type: "subagentUpdate",
                  ...this.subagentTracker.getPayloadForParentMessage(
                    assistantMessageId,
                  ),
                });
              } else {
                let snapshotPayload = this.subagentTracker.getPayloadForParentMessage(
                  assistantMessageId,
                );
                const hydratedFromSnapshot = this.hydrateSubagentsFromPayload(
                  assistantMessageId,
                  snapshotPayload,
                  session.id,
                );
                if (hydratedFromSnapshot.length > 0) {
                  enrichedMessage.subagents = this.mergeSubagentEntries(
                    enrichedMessage.subagents,
                    hydratedFromSnapshot,
                  );
                } else if (hasSubagentSignal) {
                  const fallbackParentMessageId =
                    this.findLatestSubagentParentMessageIdForSession(
                      trackerSnapshotPayload,
                      session.id,
                    );
                  if (
                    fallbackParentMessageId &&
                    fallbackParentMessageId !== assistantMessageId
                  ) {
                    snapshotPayload =
                      this.subagentTracker.getPayloadForParentMessage(
                        fallbackParentMessageId,
                      );
                    const hydratedFallback = this.hydrateSubagentsFromPayload(
                      fallbackParentMessageId,
                      snapshotPayload,
                      session.id,
                    );
                    if (hydratedFallback.length > 0) {
                      enrichedMessage.subagents = this.mergeSubagentEntries(
                        enrichedMessage.subagents,
                        hydratedFallback,
                      );
                      if (!this.extractMessageId(enrichedMessage)) {
                        enrichedMessage.id = fallbackParentMessageId;
                      }
                    }
                  }
                }
              }
            } else if (hasSubagentSignal) {
              const fallbackParentMessageId =
                this.findLatestSubagentParentMessageIdForSession(
                  trackerSnapshotPayload,
                  session.id,
                );
              if (fallbackParentMessageId) {
                const snapshotPayload =
                  this.subagentTracker.getPayloadForParentMessage(
                    fallbackParentMessageId,
                  );
                const hydratedFallback = this.hydrateSubagentsFromPayload(
                  fallbackParentMessageId,
                  snapshotPayload,
                  session.id,
                );
                if (hydratedFallback.length > 0) {
                  enrichedMessage.subagents = this.mergeSubagentEntries(
                    enrichedMessage.subagents,
                    hydratedFallback,
                  );
                  if (!this.extractMessageId(enrichedMessage)) {
                    enrichedMessage.id = fallbackParentMessageId;
                  }
                }
              }
            }
    
            const normalizedFallbackReason = this.firstNonEmptyString(
              structuredFallbackReason,
            );
            const plainTextFallbackMetadata =
              retryWithoutStructuredOutput && normalizedFallbackReason
                ? {
                  plainTextFallback: true,
                  plainTextFallbackMessage:
                    "Structured output failed for this turn. Showing plain text response.",
                  plainTextFallbackReason: normalizedFallbackReason.slice(0, 500),
                }
                : undefined;
            const finalMessage = plainTextFallbackMetadata
              ? {
                ...enrichedMessage,
                ...plainTextFallbackMetadata,
              }
              : enrichedMessage;
    
            const debugMessage = {
              ...finalMessage,
              rawResponse,
            };
    
            // DEBUG: Log right after creating debugMessage
            log.debug('debugMessage created', {
              hasPlan: 'plan' in debugMessage,
              planFile: debugMessage.plan?.file,
              planKeys: debugMessage.plan ? Object.keys(debugMessage.plan) : [],
              hasStructuredOutput: 'structuredOutput' in debugMessage,
              structuredOutputResponseType: debugMessage.structuredOutput?.responseType,
              structuredOutputHasPlan: debugMessage.structuredOutput?.plan ? 'yes' : 'no',
              structuredOutputPlanFile: debugMessage.structuredOutput?.plan?.file
            });
    
            // Persist canonical assistant message without raw debug payload so
            // session storage/write path stays lightweight.
            await this.sessionService.appendMessage(session.id, {
              ...finalMessage,
              timing: {
                duration: duration,
              },
            });
            // Persist a hydrated override that *includes* rawResponse for reload parity.
            await this.persistSessionMessageOverride(session.id, {
              ...debugMessage,
              timing: {
                duration: duration,
              },
            });
            const snapshotFromFinalMessage = this.buildSubagentPayloadFromMessage(
              finalMessage,
              session.id,
            );
            if (snapshotFromFinalMessage) {
              await this.persistSubagentLiveState(
                session.id,
                snapshotFromFinalMessage,
              );
            }
    
            // DEBUG: Log message right before sending to webview
            log.debug('SENDING message to webview', {
              hasPlan: 'plan' in debugMessage,
              planKeys: debugMessage.plan ? Object.keys(debugMessage.plan) : [],
              planFile: debugMessage.plan?.file,
              messageType: debugMessage.type,
              messageResponse: debugMessage.responseType,
              structuredOutputResponseType: debugMessage.structuredOutput?.responseType,
              fullMessageKeys: Object.keys(debugMessage)
            });
    
            // Try to serialize to check for circular references
            try {
              const serialized = JSON.stringify(debugMessage);
              log.debug('Serialization check', {
                success: true,
                length: serialized.length,
                hasPlanInSerialized: serialized.includes('"plan"'),
                hasFileInSerialized: serialized.includes('"file"'),
                planSubstring: serialized.includes('"plan"') ? serialized.substring(serialized.indexOf('"plan"'), Math.min(serialized.indexOf('"plan"') + 300, serialized.length)) : 'NOT FOUND'
              });
            } catch (e) {
              log.debug('Serialization FAILED', { error: e });
            }
    
            this.view?.webview.postMessage({
              type: "messageResponse",
              message: {
                ...debugMessage,
                timing: {
                  duration: duration,
                },
              },
            });
    
            // Auto-compact if the context window is getting full.
            void this.maybeAutoCompact(session.id, response.data);
          } else {
            const noDataMessageText =
              "No final response payload was returned by the provider.";
            const rawResponse = this.buildRawResponseDebugText({
              status: response?.response?.status,
              data: response?.data,
              error: response?.error,
            });
            const fallbackMessage = {
              role: "assistant",
              content: noDataMessageText,
              parts: [{ type: "text", text: noDataMessageText }],
              rawResponse,
              timing: {
                duration: duration,
              },
            };
    
            await this.sessionService.appendMessage(session.id, fallbackMessage);
            this.view?.webview.postMessage({
              type: "messageResponse",
              message: fallbackMessage,
            });
            this.logger.warn("No response data received from OpenCode", {
              sessionId: session.id,
              status: response?.response?.status,
              hasError: Boolean(response?.error),
            });
          }
        } catch (error) {
          const totalDuration = Date.now() - overallStartTime;
          this.logger.error(`❌ [TIMING] Message failed after ${totalDuration}ms`, {
            error: String(error),
            sessionId: drainSessionId,
          });
    
          const errorMessage = this.extractDetailedErrorMessage(
            error,
            "Failed to send message",
          );
          if (this.shouldSuppressInteractiveAwaitTimeout(errorMessage)) {
            this.logger.info(
              "Suppressing thrown timeout while awaiting interactive response",
              {
                sessionId: drainSessionId,
                errorMessage,
              },
            );
            return;
          }
          if (
            drainSessionId &&
            this.isLikelyInteractiveTransportFailure(errorMessage)
          ) {
            const recovered = await this.tryRecoverTimedOutResponse(
              drainSessionId,
              baselineAssistantMarker,
            );
            if (recovered) {
              this.logger.info(
                "Recovered thrown timeout from session history without user retry",
                {
                  sessionId: drainSessionId,
                  errorMessage,
                },
              );
              return;
            }
            if (
              !isRetry &&
              (this.awaitingInteractiveAnswer ||
                this.isInInteractiveResponseTransition())
            ) {
              this.logger.warn(
                "Thrown interactive transport failure; retrying once with existing payload",
                {
                  sessionId: drainSessionId,
                  errorMessage,
                },
              );
              // Provide user feedback about the retry
              this.view?.webview.postMessage({
                type: "info",
                message: "Retrying interactive response...",
                sessionId: drainSessionId,
              });
              return this.handleSendMessage(
                text,
                files,
                contexts,
                images,
                agent,
                true,
                recoveredContext,
                retryWithoutStructuredOutput,
                structuredFallbackReason,
                userFacingText,
              );
            }
          }
          vscode.window.showErrorMessage(`Failed to send message: ${errorMessage}`);
          this.logger.error("Send message exception", {
            sessionId: drainSessionId,
            errorMessage,
            errorMessages: this.collectNormalizedErrorMessages(error),
          });
    
          // Show error in webview too
          this.view?.webview.postMessage({
            type: "error",
            message: errorMessage,
          });
        } finally {
          const totalDuration = Date.now() - overallStartTime;
          log.featureStep(flow, 'message_processing_completed', {
            duration: totalDuration,
            sessionId: drainSessionId,
            timestamp: new Date().toISOString(),
          });
    
          this.logger.info(`🏁 [TIMING] Message processing completed in ${totalDuration}ms`, {
            sessionId: drainSessionId,
            timestamp: new Date().toISOString(),
          });
    
          if (debugSessionId) {
            this.promptDebugBySession.delete(debugSessionId);
          }
          if (drainSessionId) {
            this.processingSessionIds.delete(drainSessionId);
            this.sendProcessingSessionsUpdate();
          }
          this.logger.info("Processing request finished", {
            sessionId: drainSessionId,
          });
          if (drainSessionId) {
            void this.handleExecuteQueue(drainSessionId);
          }
    
          // End feature flow tracking
          log.endFeatureFlow(flow, { status: 'completed', totalDuration });
        }
      }
    
      /**
       * Enriches a message with plan information if detected.
       * FORBIDDEN TO REMOVE: This logic ensures the Implementation Plan button appears,
       * which is a core feature for user transparency and workflow.
       */
      private async resolveStopSessionId(
        requestedSessionId?: string,
      ): Promise<string | undefined> {
        const explicitSessionId = this.firstNonEmptyString(requestedSessionId);
        if (explicitSessionId) {
          return explicitSessionId;
        }
    
        const activeSessionId = this.firstNonEmptyString(this.currentSessionId);
        if (activeSessionId) {
          return activeSessionId;
        }
    
        if (!this.isProcessingRequest) {
          return undefined;
        }
    
        try {
          const currentSession = await this.sessionService.getCurrentSession();
          return this.firstNonEmptyString(currentSession?.id);
        } catch (error) {
          log.warn(
            "Failed to resolve stop session from SessionService",
            { error },
          );
          return undefined;
        }
      }
    
      /**
       * Handles stopping a request
       */
      // FORBIDDEN TO REMOVE: Stop Request Button - backend handler required by webview to abort streaming requests
      private async handleStopRequest(sessionId?: string): Promise<void> {
        let resolvedSessionId: string | undefined;
        try {
          resolvedSessionId = await this.resolveStopSessionId(sessionId);
          if (!resolvedSessionId) {
            this.logger.warn("stopRequest ignored: no active session ID resolved");
            return;
          }
    
          const client = this.serverManager.getClient();
          if (!client) {
            this.logger.warn("stopRequest skipped: no client available", {
              sessionId: resolvedSessionId,
            });
            return;
          }
    
          this.logger.info("Stopping request", {
            sessionId: resolvedSessionId,
          });
    
          const workspaceDirectory = this.getWorkspaceDirectory();
          await client.session.abort({
            path: { id: resolvedSessionId },
            query: workspaceDirectory ? { directory: workspaceDirectory } : undefined,
          });
        } catch (error) {
          log.error("Failed to stop request", {}, error as Error);
        } finally {
          if (resolvedSessionId) {
            this.processingSessionIds.delete(resolvedSessionId);
            this.sendProcessingSessionsUpdate();
          }
          this.view?.webview.postMessage({
            type: "stopRequestHandled",
            sessionId: resolvedSessionId,
          });
          if (resolvedSessionId) {
            void this.handleExecuteQueue(resolvedSessionId);
          }
        }
      }
    
      /**
       * Returns the context token limit for the currently selected model, or
       * undefined if the model/limit is unknown.
       */
      /**
       * Checks whether the context window is at or above the auto-compact
       * threshold after a completed turn and, if so, triggers compaction
       * automatically so the next turn does not hit the limit.
       *
       * The threshold is intentionally set at 90 % so compaction runs while
       * there is still room for the summary that the compaction call itself
       * produces.
       */
      /**
       * Appends text to the prompt input
       */
      async appendToPrompt(text: string): Promise<void> {
        const value = typeof text === "string" ? text.trim() : "";
        if (!value) {
          return;
        }
        this.view?.webview.postMessage({
          type: "appendPrompt",
          message: {
            role: "user",
            content: value,
            parts: [{ type: "text", text: value }],
          },
        });
      }
    
      /**
       * Adds a context badge to the prompt input
       */
      async addContext(context: any): Promise<void> {
        this.view?.webview.postMessage({
          type: "addContext",
          context,
        });
      }
    
      /**
       * Automatically adds a context badge without overwriting manual ones
       */
      async autoAddContext(context: any): Promise<void> {
        this.view?.webview.postMessage({
          type: "addContext",
          context: { ...context, isAuto: true },
        });
      }
    
      /**
       * Clears any automatically added context
       */
      async clearAutoContext(): Promise<void> {
        this.view?.webview.postMessage({
          type: "clearAutoContext",
        });
      }
    
      async handlePlanProceed(payload: {
        rawPlan: string;
        comments: PlanProceedComment[];
        sourceFile?: string;
      }): Promise<void> {
        const rawPlan = typeof payload?.rawPlan === "string" ? payload.rawPlan : "";
        if (!rawPlan.trim()) {
          vscode.window.showErrorMessage(
            "Cannot proceed because implementation plan content is empty.",
          );
          return;
        }
        const comments = Array.isArray(payload?.comments) ? payload.comments : [];
        const hasChangeRequests = comments.some(
          (comment) => comment.text.trim().length > 0,
        );
    
        const commentLines = comments.map((comment) => {
          const textRef = comment.anchor?.selectedText
            ? `On text "${comment.anchor.selectedText}": `
            : "";
          return `- ${textRef}${comment.text}`;
        });
    
        const commentsMd =
          commentLines.length > 0
            ? `# Implementation Plan Comments\n\n${commentLines.join("\n")}`
            : "";
        const providedSourceFile = this.normalizePlanFileReference(
          payload?.sourceFile,
        );
        let planFilePath: string | undefined;
    
        if (providedSourceFile) {
          const diskPlan = await this.readPlanFileFromDisk(providedSourceFile);
          if (diskPlan) {
            planFilePath = providedSourceFile;
          } else {
            const preferredPath = this.resolvePlanFileCandidates(providedSourceFile)[0];
            planFilePath = await this.persistPlan(
              rawPlan,
              preferredPath,
            );
          }
        } else {
          const fallbackCandidates = this.prioritizePlanFileCandidates([
            ...this.extractMarkdownFileReferences(rawPlan),
            ...(await this.discoverLikelyPlanFileCandidates()),
          ]);
          for (const candidate of fallbackCandidates) {
            const diskPlan = await this.readPlanFileFromDisk(candidate);
            if (!diskPlan) {
              continue;
            }
            planFilePath = candidate;
            break;
          }
        }
    
        if (!planFilePath) {
          vscode.window.showErrorMessage(
            "Cannot proceed because the plan source file path is missing. Re-open the plan and try again.",
          );
          return;
        }
    
        let commentsFilePath: string | undefined;
        if (hasChangeRequests && commentsMd) {
          const ext = path.extname(planFilePath) || ".md";
          const baseName = path.basename(planFilePath, ext);
          commentsFilePath = path.join(
            path.dirname(planFilePath),
            `${baseName}_comments.md`,
          );
          try {
            await vscode.workspace.fs.writeFile(
              vscode.Uri.file(commentsFilePath),
              new TextEncoder().encode(commentsMd),
            );
          } catch (error) {
            const message = error instanceof Error ? error.message : String(error);
            vscode.window.showErrorMessage(
              `Cannot proceed because plan comments could not be written: ${message}`,
            );
            return;
          }
        }
    
        const proceedMessage = hasChangeRequests
          ? [
            "Proceed on this plan.",
            `The attached plan file \`${planFilePath}\` is the source of truth.`,
            `Apply all reviewer comments from attached file \`${commentsFilePath}\`, then execute the resulting plan.`,
            "Begin making real edits now and continue until the implementation is complete.",
            "Do not return only a status update.",
          ].join("\n")
          : [
            "Proceed on this plan.",
            `The attached plan file \`${planFilePath}\` is the source of truth.`,
            "Execute the plan step-by-step and implement the described changes now.",
            "Begin making real edits now and continue until the implementation is complete.",
            "Do not return only a status update.",
          ].join("\n");
    
        const attachedFiles =
          hasChangeRequests && commentsFilePath
            ? [planFilePath, commentsFilePath]
            : [planFilePath];
    
        // Post addPlanAttachment message to chat webview for the visual chip
        const planGoal =
          rawPlan.match(/^#\s+(.+)/m)?.[1]?.trim() ?? "Implementation Plan";
        const planBase64 = Buffer.from(rawPlan, "utf-8").toString("base64");
        const dataUrl = `data:text/markdown;base64,${planBase64}`;
        this.view?.webview.postMessage({
          type: "addPlanAttachment",
          payload: {
            id: `plan-${Date.now()}`,
            filename: `\uD83D\uDCCB Implementation Plan: ${planGoal}`,
            mimeType: "text/markdown",
            dataUrl,
          },
        });
    
        PlanViewProvider.closeCurrentPanel();
    
        // Fire and forget so the plan tab closes immediately and execution starts in chat.
        void this.handleSendMessage(
          proceedMessage,
          attachedFiles,
          undefined,
          undefined,
          "build",
          true,
        ).catch((err) => {
          const message = err instanceof Error ? err.message : String(err);
          vscode.window.showErrorMessage(`Failed to proceed with plan: ${message}`);
        });
      }
    
      private buildRecoveredTranscript(messages: unknown[]): string {
        if (!Array.isArray(messages) || messages.length === 0) {
          return "";
        }
    
        const maxChars = 24_000;
        const lines: string[] = [];
        let used = 0;
        const recent = messages.slice(-40);
    
        for (const msg of recent) {
          const rec = this.asRecord(msg);
          if (!rec) {
            continue;
          }
          const role =
            this.firstNonEmptyString(
              rec.role,
              rec.info && this.asRecord(rec.info)?.role,
            ) || "assistant";
          const content = this.extractMessageBodyText(rec);
          if (!content) {
            continue;
          }
          const line = `[${role}] ${content}`;
          if (used + line.length + 1 > maxChars) {
            break;
          }
          lines.push(line);
          used += line.length + 1;
        }
    
        return lines.join("\n");
      }
    
      /**
       * Helper: Get session settings
       * Retrieves session-specific settings (model, agent, thinking level)
       */
      private getSessionSettings(_sessionId: string): {
        selectedModel?: { modelID: string; providerID: string };
        selectedAgent?: string;
        thinkingLevel?: string;
      } {
        // This would be implemented to retrieve per-session settings
        // For now, return empty object
        return {};
      }
    
      /**
       * Helper: Apply session settings
       * Applies session-specific model, agent, and thinking level
       */
      private async applySessionSettings(sessionId: string): Promise<void> {
        return this.modelAndAgentManager.applySessionSettings(sessionId);
      }
    
      /**
       * Helper: Migrate session settings
       * Transfers settings from old session to new session
       */
      private migrateSessionSettings(
        oldSessionId: string,
        newSessionId: string
      ): void {
        const settings = this.getSessionSettings(oldSessionId);
        if (settings.selectedModel || settings.selectedAgent || settings.thinkingLevel) {
          // Save to new session using ModelAndAgentManager
          void this.persistSessionSettings(newSessionId, {
            providerID: settings.selectedModel?.providerID,
            modelID: settings.selectedModel?.modelID,
            agent: settings.selectedAgent,
            thinkingLevel: settings.thinkingLevel,
          });
        }
      }
    
      /**
       * Shows the skill installer modal in the webview
       */
      async showSkillInstaller(): Promise<void> {
        this.view?.webview.postMessage({
          type: "showSkillInstaller",
        });
      }
    
      /**
       * Opens the My Skills panel in the webview
       */
      async openMySkills(): Promise<void> {
        this.view?.webview.postMessage({
          type: "openMySkills",
        });
      }
    
      /**
       * Refreshes the skills list in the webview
       */
      async refreshSkills(): Promise<void> {
        // TEMPORARILY DISABLED: Don't load skills to avoid 700+ skills bottleneck
        this.logger.warn("⚠️ [PERF] Skills loading disabled temporarily");
        this.view?.webview.postMessage({
          type: "mySkills",
          skills: [], // Return empty array instead of loading all skills
        });
      }
    
      /**
       * Handles skill-related messages from the webview
       */
      private async handleSkillMessage(message: {
        type: string;
        [key: string]: unknown;
      }): Promise<void> {
        switch (message.type) {
          case "getMySkills": {
            // TEMPORARILY DISABLED: Don't load skills to avoid 700+ skills bottleneck
            this.logger.warn("⚠️ [PERF] getMySkills disabled temporarily");
            this.view?.webview.postMessage({ type: "mySkills", skills: [] });
            break;
          }
    
          case "installSkill": {
            const { source, data } = message;
            let result;
    
            if (source === "url") {
              result = await this.skillManager.installFromUrl(data as string, (progress) => {
                this.view?.webview.postMessage({ type: "installProgress", progress });
              });
            } else if (source === "file") {
              result = await this.skillManager.installFromFile(data as string);
            } else {
              result = { success: false, error: "Unknown installation source" };
            }
    
            if (result.success) {
              this.view?.webview.postMessage({ type: "skillInstalled", skill: result.skill });
            } else {
              this.view?.webview.postMessage({ type: "skillError", error: result.error });
            }
            break;
          }
    
          case "removeSkill": {
            const { name } = message;
            await this.skillManager.deleteSkill(name as string);
            this.view?.webview.postMessage({ type: "skillRemoved", name });
            break;
          }
    
          case "editSkill": {
            const { name, updates } = message;
            await this.skillManager.updateSkill(name as string, updates as any);
            const skill = await this.skillManager.getSkill(name as string);
            this.view?.webview.postMessage({ type: "skillInstalled", skill });
            break;
          }
    
          case "validateSkill": {
            const { skill } = message;
            const validation = this.skillManager.validateSkill(skill);
            if (!validation.valid) {
              this.view?.webview.postMessage({
                type: "skillError",
                error: "Validation failed",
                details: validation.errors,
              });
            }
            break;
          }
    
          default:
            this.logger.warn("Unknown skill message type:", { type: message.type });
        }
      }
    
      private async saveSessionRecoveryMap(
        previousSessionId: string,
        newSessionId: string,
      ): Promise<void> {
        if (
          !previousSessionId ||
          !newSessionId ||
          previousSessionId === newSessionId
        ) {
          return;
        }
        const existing =
          this.context.globalState.get<Record<string, string>>(
            "sessionRecoveryMap",
          ) ?? {};
        existing[previousSessionId] = newSessionId;
        await this.context.globalState.update("sessionRecoveryMap", existing);
      }
    
      /**
       * Handles viewing the implementation plan
       */
      /**
       * Handles opening the file picker
       */
      private async handleAttachFiles(): Promise<void> {
        const uris = await vscode.window.showOpenDialog({
          canSelectMany: true,
          openLabel: "Attach to Chat",
          filters: {
            "All Files": ["*"],
          },
        });
    
        if (uris && uris.length > 0) {
          // Convert URIs to relative paths or absolute paths for selection
          // For now, let's just send back the absolute paths as this is what the extension uses
          const files = uris.map((u) => u.fsPath);
    
          // We need a message type to receive these in the webview
          this.view?.webview.postMessage({
            type: "filesAttached",
            files,
          });
        }
      }
    
      private async handleAttachImage(): Promise<void> {
        const uris = await vscode.window.showOpenDialog({
          canSelectMany: true,
          openLabel: "Attach Images to Chat",
          filters: {
            Images: ["png", "jpg", "jpeg", "gif", "webp"],
          },
        });
    
        if (!uris || uris.length === 0) {
          return;
        }
    
        const images = [];
        for (const uri of uris) {
          try {
            const data = await vscode.workspace.fs.readFile(uri);
            const base64 = Buffer.from(data).toString("base64");
            const mimeType = this.getMimeType(uri.fsPath);
            images.push({
              dataUrl: `data:${mimeType};base64,${base64}`,
              filename: uri.fsPath.split(/[/\\]/).pop() || uri.fsPath,
              size: data.byteLength,
            });
          } catch (error) {
            log.error(`Failed to read image ${uri.fsPath}`, { uri: uri.fsPath }, error as Error);
          }
        }
    
        if (images.length > 0) {
          this.view?.webview.postMessage({
            type: "imagesAttached",
            images,
          });
        }
      }
    
      private getMimeType(filePath: string): string {
        const ext = filePath.split(".").pop()?.toLowerCase();
        const mimeMap: Record<string, string> = {
          png: "image/png",
          jpg: "image/jpeg",
          jpeg: "image/jpeg",
          gif: "image/gif",
          webp: "image/webp",
        };
        return mimeMap[ext || ""] || "image/png";
      }
    
      /**
       * Handles opening settings
       */
      private async handleOpenSettings(): Promise<void> {
        await vscode.commands.executeCommand(
          "workbench.action.openSettings",
          "@ext:OpenCode.opencode-vscode",
        );
      }
    
      /**
       * Handle mode toggle with logging
       */
      private async handleToggleMode(newMode: string): Promise<void> {
        const oldMode = this.currentMode;
        this.currentMode = newMode;
    
        // Only log the state change here, not in the message handler
        this.logger.logStateChange('current-mode', oldMode, newMode, 'mode-toggle');
    
        // Send mode update to webview
        this.view?.webview.postMessage({
          type: 'modeChanged',
          mode: newMode,
        });
      }
    
      /**
       * Refreshes the view with current state
       */
      private refreshView(): void {
        this.view?.webview.postMessage({
          type: "initState",
          serverStatus: this.serverManager.getStatus(),
          selectedModel: this.selectedModel,
          selectedAgent: this.selectedAgent,
          currentSessionId: this.currentSessionId,
          todoItems: this.loadPersistedTodos(this.currentSessionId).items,
        });
      }
    
      /**
       * Generates the HTML content for the webview
       */
      // FORBIDDEN TO REMOVE: React Chat Asset Contract - ensure <div id="root"> and chat.js/chat.css wiring remain intact
      private getHtmlContent(webview: vscode.Webview): string {
        const styleUri = webview.asWebviewUri(
          vscode.Uri.joinPath(
            this.context.extensionUri,
            "webview",
            "shared",
            "dist",
            "chat.css",
          ),
        );
        const scriptUri = webview.asWebviewUri(
          vscode.Uri.joinPath(
            this.context.extensionUri,
            "webview",
            "shared",
            "dist",
            "chat.js",
          ),
        );
    
        return `<!DOCTYPE html>
    <html lang="en">
    <head>
      <meta charset="UTF-8">
      <meta name="viewport" content="width=device-width, initial-scale=1.0">
      <meta http-equiv="Content-Security-Policy" content="default-src 'none'; img-src ${webview.cspSource} data: blob:; style-src ${webview.cspSource} 'unsafe-inline'; script-src ${webview.cspSource};">
      <link href="${styleUri}" rel="stylesheet">
      <title>OpenCode Chat</title>
    </head>
    <body>
      <div id="root"></div>
      <script type="module" src="${scriptUri}"></script>
    </body>
    </html>`;
      }
    
      /**
       * Handles file search requests from the webview
       */
      private async handleSearchFiles(query: string) {
        const flow = log.startFeatureFlow('FileSearch', { queryLength: query.length });
    
        if (!query) {
          log.endFeatureFlow(flow, { result: 'skipped', reason: 'Empty query' });
          this.view?.webview.postMessage({
            type: "fileSearchResults",
            results: [],
          });
          return;
        }
    
        try {
          log.featureStep(flow, 'searching_files', { query, maxResults: 20 });
          const startTime = Date.now();
    
          // Simple file search using VS Code API
          // Limit to 20 results for performance
          const files = await vscode.workspace.findFiles(
            `**/*${query}*`,
            "**/node_modules/**",
            20,
          );
    
          const duration = Date.now() - startTime;
          const results = files.map((f) => {
            const relativePath = vscode.workspace.asRelativePath(f);
            return {
              path: relativePath,
              name: relativePath.split(/[\\/]/).pop() || relativePath,
            };
          });
    
          log.featureStep(flow, 'search_completed', {
            resultCount: results.length,
            duration,
          });
    
          this.view?.webview.postMessage({
            type: "fileSearchResults",
            results: results,
          });
    
          log.endFeatureFlow(flow, { result: 'completed', resultCount: results.length, duration });
        } catch (error) {
          log.error('File search failed', { query }, error as Error);
          log.endFeatureFlow(flow, { result: 'failed', error: String(error) });
          this.view?.webview.postMessage({
            type: "fileSearchResults",
            results: [],
          });
        }
      }
    
      /**
       * Handles requests to get OpenCode configuration files
       */
      private async handleGetOpenCodeConfig(fileName?: string) {
        try {
          // Scan all JSON config files
          const configFiles = await this.configFilesProvider.scanFiles();
    
          // Determine which file to load
          let selectedFile: ConfigFile | undefined;
          if (fileName && configFiles.length > 0) {
            // Load specific file if requested
            selectedFile = configFiles.find(f => f.name === fileName || f.path === fileName);
          } else if (configFiles.length > 0) {
            // Default to first file (alphabetically sorted)
            selectedFile = configFiles[0];
          }
    
          if (!selectedFile) {
            // No config files found - send empty state with available files list
            this.view?.webview.postMessage({
              type: "opencodeConfigFiles",
              files: configFiles.map(f => ({
                name: f.name,
                path: f.path,
                lastModified: f.lastModified,
                size: f.size,
              })),
              currentFile: null,
            });
            return;
          }
    
          // Send config data with files list
          this.view?.webview.postMessage({
            type: "opencodeConfig",
            content: selectedFile.content,
            filePath: selectedFile.path,
            fileName: selectedFile.name,
            files: configFiles.map(f => ({
              name: f.name,
              path: f.path,
              lastModified: f.lastModified,
              size: f.size,
            })),
          });
        } catch (error) {
          this.logger.error("Failed to load OpenCode config", undefined, error instanceof Error ? error : new Error(String(error)));
          this.view?.webview.postMessage({
            type: "opencodeConfigError",
            error: error instanceof Error ? error.message : "Failed to load configuration",
          });
        }
      }
    
      /**
       * Handles requests to save OpenCode configuration
       */
      private async handleSaveOpenCodeConfig(content: string, filePath?: string) {
        const flow = log.startFeatureFlow('SaveConfig', { filePath, contentLength: content.length });
    
        try {
          if (!filePath) {
            log.endFeatureFlow(flow, { result: 'failed', reason: 'No file path provided' });
            throw new Error("File path is required for saving configuration");
          }
    
          log.featureStep(flow, 'saving_config_file', { filePath, contentLength: content.length });
          const result = await this.configFilesProvider.saveFile(filePath, content);
    
          this.view?.webview.postMessage({
            type: "opencodeConfigSaved",
            success: result.success,
            error: result.error,
            filePath,
          });
    
          if (result.success) {
            this.logger.info(`OpenCode config saved: ${filePath}`);
            log.endFeatureFlow(flow, { result: 'completed', filePath });
          } else {
            log.endFeatureFlow(flow, { result: 'failed', error: result.error });
          }
        } catch (error) {
          this.logger.error("Failed to save OpenCode config", undefined, error instanceof Error ? error : new Error(String(error)));
          log.endFeatureFlow(flow, { result: 'failed', error: String(error) });
          this.view?.webview.postMessage({
            type: "opencodeConfigSaved",
            success: false,
            error: error instanceof Error ? error.message : "Failed to save configuration",
            filePath,
          });
        }
      }
    
      /**
       * Reconciles the selected model against the fetched model catalog.
       *
       * Matching priority:
       * 1) exact providerID + modelID
       * 2) legacy fallback by modelID only when provider is missing/generic and match is unique
       *
       * We intentionally do NOT remap by modelID alone when multiple providers expose the same model.
       */
      /**
       * Resolves the default model from the CLI config
       */
      /**
       * Handles fetching available models from OpenCode
       */
      /**
       * Fetches slash commands from OpenCode SDK and sends them to the webview.
       * Uses a short-lived cache because commands are mostly static during a session.
       */
      /**
       * Handles fetching available agents via the OpenCode SDK and sends the list
       * to the webview. Falls back to a minimal built-in list if the server is
       * unavailable.
       */
      // ─── Per-session settings helpers ────────────────────────────────────────
    
      /** Returns the full persisted map of all session settings. */
      /**
       * Returns the persisted settings for a specific session.
       * Returns an empty object when no settings have been saved yet.
       */
      /**
       * Merges `partial` into the persisted settings for `sessionId` and saves
       * the updated map back to global state.
       */
      /**
       * Loads the persisted settings for `sessionId` and applies them to the
       * provider's in-memory state (`selectedAgent`, `selectedModel`).
       * Fields that have no saved value are left unchanged.
       */
      /**
       * Fetches MCP server status from the OpenCode SDK and forwards it to the
       * webview. The webview dispatches `SET_MCP_SERVERS` from the `mcpStatus`
       * message. Tool IDs are fetched in parallel so each server row can show its
       * list of tools when the user expands it.
       */
      private async handleGetMcpStatus(): Promise<void> {
        const flow = log.startFeatureFlow('GetMcpStatus', {});
    
        try {
          log.featureStep(flow, 'fetching_mcp_status');
          const client = await this.serverManager.ensureRunning();
    
          log.featureStep(flow, 'fetching_mcp_and_tool_data');
          const [mcpRes, toolIdsRes] = await Promise.all([
            client.mcp.status(),
            client.tool.ids().catch(() => ({ data: [] })),
          ]);
    
          const servers = mcpRes.data ?? {};
          const toolIds: string[] = Array.isArray(toolIdsRes?.data)
            ? toolIdsRes.data
            : [];
    
          log.featureStep(flow, 'sending_status_to_webview', {
            serverCount: Object.keys(servers).length,
            toolCount: toolIds.length,
          });
    
          this.view?.webview.postMessage({
            type: "mcpStatus",
            servers,
            toolIds,
          });
    
          log.info(
            `MCP status sent: ${Object.keys(servers).length} server(s), ${toolIds.length} tool(s)`,
          );
    
          log.endFeatureFlow(flow, { result: 'completed', serverCount: Object.keys(servers).length, toolCount: toolIds.length });
        } catch (err) {
          log.error(
            "handleGetMcpStatus failed",
            {},
            err instanceof Error ? err : undefined,
          );
          log.endFeatureFlow(flow, { result: 'failed', error: String(err) });
        }
      }
    
      /**
       * Fetches LSP server status from the OpenCode SDK and forwards it to the
       * webview. The webview dispatches `SET_LSP_SERVERS` from the `lspStatus`
       * message.
       */
      private async handleGetLspStatus(): Promise<void> {
        const flow = log.startFeatureFlow('GetLspStatus', {});
    
        try {
          log.featureStep(flow, 'fetching_server_status');
          const client = await this.serverManager.ensureRunning();
          const workspaceDir = this.getWorkspaceDirectory();
    
          log.featureStep(flow, 'fetching_lsp_status', { workspaceDir });
          // Pass directory parameter to LSP status endpoint so the server
          // can detect language servers for the current workspace
          const res = workspaceDir
            // eslint-disable-next-line @typescript-eslint/no-explicit-any
            ? await client.lsp.status({ directory: workspaceDir } as any)
            : await client.lsp.status();
    
          const servers = Array.isArray(res.data) ? res.data : [];
    
          log.featureStep(flow, 'sending_status_to_webview', { serverCount: servers.length });
          this.view?.webview.postMessage({
            type: "lspStatus",
            servers,
          });
    
          log.info(
            `LSP status sent: ${servers.length} server(s)` +
            (workspaceDir ? ` for workspace: ${workspaceDir}` : ""),
          );
    
          log.endFeatureFlow(flow, { result: 'completed', serverCount: servers.length });
        } catch (err) {
          log.error(
            "handleGetLspStatus failed",
            {},
            err instanceof Error ? err : undefined,
          );
          log.endFeatureFlow(flow, { result: 'failed', error: String(err) });
        }
      }
    
      /**
       * Ensures a default primary agent is selected for the current session.
       * Falls back to "build" (the built-in default primary agent) if nothing
       * has been persisted.
       */
      private async syncCLIAgents(): Promise<void> {
        if (!this.selectedAgent) {
          this.selectedAgent = "build";
          log.info("No agent set, defaulting to 'build'");
        }
      }
    
      private async handleReviewChanges() {
        try {
          const workspaceFolder = vscode.workspace.workspaceFolders?.[0];
          if (!workspaceFolder) {
            await vscode.commands.executeCommand("workbench.view.scm");
            return;
          }
    
          const cwd = workspaceFolder.uri.fsPath;
          const runGit = (...args: string[]): Promise<string> =>
            new Promise((resolve, reject) => {
              cp.execFile(
                "git",
                args,
                { cwd, maxBuffer: 10 * 1024 * 1024 },
                (err, stdout) => {
                  if (err && err.code !== 1) {
                    reject(err);
                  } else {
                    resolve(stdout);
                  }
                },
              );
            });
    
          const diffOutput = await runGit("diff", "HEAD");
    
          // Include untracked files as pseudo-diffs
          const untrackedFilesOutput = await runGit(
            "ls-files",
            "--others",
            "--exclude-standard",
          );
          const untrackedFiles = untrackedFilesOutput
            .split("\n")
            .filter((f) => f.trim());
    
          let allDiffs = diffOutput;
          for (const file of untrackedFiles) {
            try {
              const fileUri = vscode.Uri.file(path.join(cwd, String(file)));
              const content = await vscode.workspace.fs.readFile(fileUri);
              const text = new TextDecoder().decode(content);
              const lines = text.split("\n");
              const pseudoDiff = [
                `--- /dev/null`,
                `+++ b/${file.replace(/\\/g, "/")}`,
                `@@ -0,0 +1,${lines.length} @@`,
                ...lines.map((l) => `+${l}`),
                "",
              ].join("\n");
              allDiffs += (allDiffs ? "\n" : "") + pseudoDiff;
            } catch (e: any) {
              log.warn(
                `Failed to read untracked file ${String(file)}: ${e instanceof Error ? e.message : String(e)}`,
                { file: String(file) },
              );
            }
          }
    
          if (allDiffs) {
            const diffFiles = this.parseUnifiedDiff(allDiffs);
            if (diffFiles.length > 0) {
              await vscode.commands.executeCommand("opencode.showDiffReview", {
                files: diffFiles,
              });
              return;
            }
          }
    
          // Fallback to SCM view if no diffs found
          await vscode.commands.executeCommand("workbench.view.scm");
        } catch (error: any) {
          vscode.window.showErrorMessage(
            `Failed to open changes: ${error.message}`,
          );
        }
      }
    
      private buildDiffExcerpt(diffOutput: string): {
        header?: string;
        lines: string[];
        added?: number;
        deleted?: number;
      } | undefined {
        const diffFiles = this.parseUnifiedDiff(diffOutput);
        if (diffFiles.length === 0) {
          return undefined;
        }
        const firstFile = diffFiles[0];
        const firstHunk = Array.isArray(firstFile.hunks) ? firstFile.hunks[0] : undefined;
        if (!firstHunk || !Array.isArray(firstHunk.lines) || firstHunk.lines.length === 0) {
          return undefined;
        }
        return {
          header: typeof firstHunk.header === "string" ? firstHunk.header : undefined,
          lines: firstHunk.lines.slice(0, 40).map((line: unknown) =>
            typeof line === "string" ? line.slice(0, 300) : "",
          ),
          added:
            typeof firstFile.added === "number" && Number.isFinite(firstFile.added)
              ? firstFile.added
              : undefined,
          deleted:
            typeof firstFile.deleted === "number" && Number.isFinite(firstFile.deleted)
              ? firstFile.deleted
              : undefined,
        };
      }
    
      private async getDiffActivityEnrichment(
        filePath: string,
      ): Promise<
        | {
          diffStats?: { added: number; deleted: number };
          diffExcerpt?: { header?: string; lines: string[]; added?: number; deleted?: number };
        }
        | undefined
      > {
        try {
          const workspaceFolder = vscode.workspace.workspaceFolders?.[0];
          if (!workspaceFolder) return undefined;
    
          const fullPath = path.isAbsolute(filePath)
            ? filePath
            : path.join(workspaceFolder.uri.fsPath, filePath);
          const cwd = workspaceFolder.uri.fsPath;
    
          const runGit = (...args: string[]): Promise<string> =>
            new Promise((resolve, reject) => {
              cp.execFile(
                "git",
                args,
                { cwd, maxBuffer: 10 * 1024 * 1024 },
                (err, stdout) => {
                  if (err && err.code !== 1) {
                    reject(err);
                  } else {
                    resolve(stdout);
                  }
                },
              );
            });
    
          let diffOutput = "";
          try {
            diffOutput = await runGit("diff", "HEAD", "--", fullPath);
            if (!diffOutput) {
              diffOutput = await runGit("diff", "--cached", "--", fullPath);
            }
            if (!diffOutput) {
              // New file fallback
              try {
                const fileUri = vscode.Uri.file(fullPath);
                const content = await vscode.workspace.fs.readFile(fileUri);
                const text = new TextDecoder().decode(content);
                const lines = text.split("\n");
                return {
                  diffStats: { added: lines.length, deleted: 0 },
                  diffExcerpt: {
                    header: `@@ -0,0 +1,${lines.length} @@`,
                    lines: lines.slice(0, 40).map((line) => `+${line.slice(0, 299)}`),
                    added: lines.length,
                    deleted: 0,
                  },
                };
              } catch {
                return undefined;
              }
            }
          } catch {
            return undefined;
          }
    
          if (diffOutput) {
            const diffFiles = this.parseUnifiedDiff(diffOutput);
            if (diffFiles.length > 0 && diffFiles[0]) {
              return {
                diffStats: {
                  added: diffFiles[0].added,
                  deleted: diffFiles[0].deleted,
                },
                diffExcerpt: this.buildDiffExcerpt(diffOutput),
              };
            }
          }
          return undefined;
        } catch (error) {
          log.error("getDiffActivityEnrichment error", {}, error as Error);
          return undefined;
        }
      }
    
      private async handleOpenDiff(filePath: string) {
        try {
          const workspaceFolder = vscode.workspace.workspaceFolders?.[0];
          if (!workspaceFolder) return;
    
          const fullPath = path.isAbsolute(filePath)
            ? filePath
            : path.join(workspaceFolder.uri.fsPath, filePath);
          const fileUri = vscode.Uri.file(fullPath);
          const cwd = workspaceFolder.uri.fsPath;
    
          const runGit = (...args: string[]): Promise<string> =>
            new Promise((resolve, reject) => {
              cp.execFile(
                "git",
                args,
                { cwd, maxBuffer: 10 * 1024 * 1024 },
                (err, stdout) => {
                  // exit code 1 from git diff means there are changes (not an error)
                  if (err && err.code !== 1) {
                    reject(err);
                  } else {
                    resolve(stdout);
                  }
                },
              );
            });
    
          let diffOutput = "";
          try {
            // Try HEAD diff first (tracked modified file)
            diffOutput = await runGit("diff", "HEAD", "--", fullPath);
            if (!diffOutput) {
              // Maybe the file is staged but not committed — try staged diff
              diffOutput = await runGit("diff", "--cached", "--", fullPath);
            }
            if (!diffOutput) {
              // New untracked file: generate a pseudo-diff showing full content as additions
              const content = await vscode.workspace.fs.readFile(fileUri);
              const text = new TextDecoder().decode(content);
              const lines = text.split("\n");
              diffOutput = [
                `--- /dev/null`,
                `+++ b/${filePath.replace(/\\/g, "/")}`,
                `@@ -0,0 +1,${lines.length} @@`,
                ...lines.map((l) => `+${l}`),
              ].join("\n");
            }
          } catch (e) {
            log.warn(`git diff failed: ${e instanceof Error ? e.message : String(e)}`, {});
          }
    
          if (diffOutput) {
            const diffFiles = this.parseUnifiedDiff(diffOutput);
            if (diffFiles.length > 0) {
              await vscode.commands.executeCommand("opencode.showDiffReview", {
                files: diffFiles,
              });
              return;
            }
          }
    
          // Absolute fallback: open the file normally
          await vscode.commands.executeCommand("vscode.open", fileUri);
        } catch (error: any) {
          vscode.window.showErrorMessage(`Failed to open diff: ${error.message}`);
        }
      }
    
      private parseUnifiedDiff(diff: string): any[] {
        const files: any[] = [];
        const lines = diff.split("\n");
        let currentFile: any = null;
        let currentHunk: any = null;
    
        for (const line of lines) {
          if (line.startsWith("--- ") || line.startsWith("+++ ")) {
            const isNew = line.startsWith("+++ ");
            const pathMatch = line.match(/^\+\+\+ (?:b\/)?(.*)$/);
            if (isNew && pathMatch) {
              if (currentFile) files.push(currentFile);
              currentFile = {
                path: pathMatch[1],
                added: 0,
                deleted: 0,
                hunks: [],
              };
            }
            continue;
          }
    
          if (line.startsWith("@@ ")) {
            if (!currentFile) continue;
            currentHunk = {
              header: line,
              lines: [],
            };
            currentFile.hunks.push(currentHunk);
            continue;
          }
    
          if (currentHunk) {
            if (line.startsWith("+")) {
              currentFile.added++;
              currentHunk.lines.push(line);
            } else if (line.startsWith("-")) {
              currentFile.deleted++;
              currentHunk.lines.push(line);
            } else if (line.startsWith(" ") || line === "") {
              currentHunk.lines.push(line);
            }
          }
        }
    
        if (currentFile) files.push(currentFile);
        return files;
      }
    
      /**
       * Handles opening a file in the editor
       */
      private async handleOpenFile(filePath: string) {
        try {
          const workspaceFolder = vscode.workspace.workspaceFolders?.[0];
          if (!workspaceFolder) return;
    
          const fullPath = path.isAbsolute(filePath)
            ? filePath
            : path.join(workspaceFolder.uri.fsPath, filePath);
          const fileUri = vscode.Uri.file(fullPath);
    
          await vscode.commands.executeCommand("vscode.open", fileUri);
        } catch (error: unknown) {
          const msg = error instanceof Error ? error.message : JSON.stringify(error);
          vscode.window.showErrorMessage(`Failed to open file: ${msg}`);
        }
      }
    
      // PROMPT-OWNERSHIP: do not modify — transport-only path
      /**
       * Removes a message from a session queue
       */
      /**
       * Clears the prompt queue for a given session
       */
      /**
       * Executes a session queue sequentially. Only one queue drain can run at a time.
       */
      /**
       * Sends the current budget status to the webview
       */
      private sendBudgetInfo() {
        try {
          // Get actual Copilot quota data from QuotaService
          const quotaData = this.quotaService.cachedData;
          const copilotPlatform = quotaData?.platforms?.find(
            (p) => p.platform === "github-copilot",
          );
    
          if (!copilotPlatform) {
            return;
          }
    
          // Extract data from Copilot quota
          const copilotQuota = copilotPlatform.quotas?.[0]; // "Premium" quota
          if (!copilotQuota) {
            return;
          }
    
          // Parse "usedTotalDisplay" which is in format "X / Y"
          const usedTotalMatch =
            copilotQuota.usedTotalDisplay?.match(/(\d+)\s*\/\s*(\d+)/);
          const totalUsed = usedTotalMatch ? parseInt(usedTotalMatch[1], 10) : 0;
          const monthlyQuota = usedTotalMatch
            ? parseInt(usedTotalMatch[2], 10)
            : 300;
    
          // Calculate daily allowance
          const today = new Date();
          const todayStr = today.toISOString().split("T")[0];
          const daysInMonth = new Date(
            today.getFullYear(),
            today.getMonth() + 1,
            0,
          ).getDate();
          const dayOfMonth = today.getDate();
          const dailyAllowance = Math.ceil(monthlyQuota / daysInMonth);
    
          // --- NEW ACCURATE USAGE CALCULATION ---
          // Get baseline for today. If none exists, this is the first time we're seeing
          // quota data today, so current totalUsed becomes the baseline.
          let baseline = this.budgeter.getBaselineForDate(todayStr);
          if (baseline === null) {
            this.budgeter.setBaselineForDate(todayStr, totalUsed);
            baseline = totalUsed;
          }
    
          // Today's usage is the difference between current total and morning's baseline
          const usedToday = Math.max(0, totalUsed - baseline);
          // --------------------------------------
    
          // Calculate accumulated budget up to today (days passed × daily allowance)
          const budgetSoFar = dayOfMonth * dailyAllowance;
    
          // Available today = (accumulated budget - baseline) - used today
          // Simplified: accumulated budget - totalUsed
          const availableToday = Math.max(0, budgetSoFar - totalUsed);
    
          const remainingToday = Math.max(0, dailyAllowance - usedToday);
    
          // Project monthly usage (current rate × days in month)
          const projectedMonthlyUsage =
            dayOfMonth > 0 ? Math.round((totalUsed / dayOfMonth) * daysInMonth) : 0;
    
          // Determine warning level
          let warningLevel: "ok" | "warning" | "critical" = "ok";
          if (remainingToday === 0) {
            warningLevel = "critical";
          } else if (remainingToday < dailyAllowance * 0.3) {
            warningLevel = "warning";
          }
    
          // Generate advice
          const advice: string[] = [];
          if (remainingToday === 0) {
            advice.push(
              "⚠️ You've used your available requests for today. Consider reducing usage to avoid running out this month.",
            );
          } else if (availableToday > dailyAllowance * 2) {
            advice.push(
              `💡 You have ${availableToday} requests available today (including ${availableToday - dailyAllowance
              } unused from previous days)!`,
            );
          } else if (projectedMonthlyUsage > monthlyQuota) {
            advice.push(
              `🚨 At your current rate, you'll exceed your monthly quota! Try to stay under ${dailyAllowance} requests/day.`,
            );
          } else if (warningLevel === "ok") {
            advice.push(
              `✅ You have ${remainingToday} requests available today. Base daily allowance: ${dailyAllowance}.`,
            );
          }
    
          const budgetInfo = {
            planName: copilotPlatform.accountLabel?.replace(/[()]/g, "") || "Pro",
            monthlyQuota: monthlyQuota,
            usedToday: usedToday,
            dailyAllowance: dailyAllowance,
            availableToday: availableToday,
            remainingToday: remainingToday,
            daysRemaining: daysInMonth - dayOfMonth + 1,
            projectedMonthlyUsage: projectedMonthlyUsage,
            warningLevel: warningLevel,
            advice: advice,
          };
    
          this.view?.webview.postMessage({
            type: "budgetInfo",
            data: budgetInfo,
          });
        } catch (error) {
          log.error("Failed to send budget info", {}, error as Error);
        }
      }
    
      /**
       * Sends the current queue state to the webview
       */
      public dispose(): void {
        if (this.unsubscribe) {
          this.unsubscribe();
          this.unsubscribe = undefined;
        }
        this.streamService.dispose();
        this.quotaService.dispose();
        this.fileThemeProcessor.unsubscribe(this);
        this.isBootstrappingWebview = false;
        this.hasInitializedWebview = false;
        this.sessionsListRequestVersion = 0;
        this.lastSessionsPayloadFingerprint = undefined;
        this.queueBySessionId.clear();
        this.view = undefined;
    
        // Clear any pending todo persistence timer
        if (this.todoPersistenceTimer) {
          clearTimeout(this.todoPersistenceTimer);
          this.todoPersistenceTimer = null;
        }
      }
    
      // --- File Icon Theme Sync Methods ---
    
      /**
       * Called when the file theme processor state changes.
       */
      public notify(state: FileThemeProcessorState): void {
        if (state === "ready") {
          this.sendThemeDataToWebview();
        }
      }
    
      /**
       * Generates and sends the file theme CSS to the webview.
       */
      private async sendThemeDataToWebview(): Promise<void> {
        if (!this.view) {
          return;
        }
    
        try {
          const themeData = this.fileThemeProcessor.getThemeData();
          if (!themeData.data || !themeData.themeId) {
            return;
          }
    
          const cssData = this.cssGenerator.getCss(
            themeData.data,
            themeData.themeId,
            this.view.webview,
          );
          const combinedCss = `${cssData.fontFaceCss}\n${cssData.iconCss}`;
          this.currentThemeCss = combinedCss;
    
          // Update localResourceRoots to include theme extension paths
          if (themeData.localResourceRoots.length > 0) {
            const roots = [
              this.context.extensionUri,
              ...themeData.localResourceRoots.map((root) => vscode.Uri.file(root)),
            ];
            this.view.webview.options = {
              ...this.view.webview.options,
              localResourceRoots: roots,
            };
          }
    
          await this.view.webview.postMessage({
            type: "injectThemeCss",
            css: combinedCss,
          });
          log.debug("Injected theme CSS into webview");
        } catch (error) {
          log.error(
            "Failed to send theme data to webview",
            {},
            error as Error,
          );
        }
      }
    }
    
    
    /* FILE: E:\Projects\vscode-opencode\src\providers\chat\HistoryProcessor.ts */
    
    /**
     * HistoryProcessor Module
     *
     * All logic for transforming raw SDK messages into renderable history for the webview.
     *
     * Extracted from ChatViewProvider.ts (~750 lines)
     */
    
    import * as vscode from "vscode";
    import type { StructuredOutputProcessor } from "./StructuredOutputProcessor";
    import type { StructuredAssistantOutput } from "./types";
    
    export class HistoryProcessor {
      constructor(
        private workspaceState: vscode.Memento,
        private logger: ReturnType<typeof import("../../utils/Logger").createLogger>,
        private structuredOutputProcessor: StructuredOutputProcessor,
        private asRecord: (value: unknown) => Record<string, unknown> | undefined,
        private firstNonEmptyString: (...values: unknown[]) => string | undefined,
        private isLikelyToolCallTranscript: (text: string) => boolean,
        private extractMessageBodyText: (message: any) => string,
        private planManager?: any,
      ) { }
    
      /**
       * Normalize plan-proceed user messages
       */
      private normalizePlanProceedUserMessage(message: any): any {
        if (!this.planManager) return message;
        return this.planManager.normalizePlanProceedUserMessage(message);
      }
    
      /**
       * Apply structured output to message
       */
      private applyStructuredOutputToMessage(
        message: any,
        options?: { allowSyntheticFallbackError?: boolean },
      ): any {
        if (!message) return message;
    
        // Detect abort errors early
        const messageInfoError = message?.info?.error ?? message?.error;
        if (messageInfoError?.name === "MessageAbortedError") {
          return { ...message, aborted: true };
        }
    
        // Get role
        const role = this.firstNonEmptyString(
          message?.info?.role,
          message?.role,
        )?.toLowerCase();
    
        // System messages get a default structured output
        if (role === "system") {
          return {
            ...message,
            responseType: "system",
            structuredOutput: {
              responseType: "system",
            },
          };
        }
    
        // Extract any structured output from the message
        const structured = this.structuredOutputProcessor.extractStructuredOutput(message);
    
        if (!structured) {
          // No structured output - return message with default
          const bodyText = this.extractMessageBodyText(message);
          if (role === "assistant" && bodyText) {
            return {
              ...message,
              structuredOutput: {
                responseType: "message",
                message: bodyText,
              },
              content: bodyText,
            };
          }
          return message;
        }
    
        // Apply the extracted structured output to the message
        return this.structuredOutputProcessor.applyStructuredOutputToMessage(
          message,
          structured,
        ) || message;
      }
    
      /**
       * Enrich message with plan information
       */
      private enrichMessageWithPlan(message: any): any {
        return this.structuredOutputProcessor.enrichMessageWithPlan(message);
      }
    
      /**
       * Get storage key for message overrides
       */
      getMessageOverrideStorageKey(messageId: string): string {
        return `opencode.messageOverride.${messageId}`;
      }
    
      /**
       * Load session message overrides
       */
      async loadSessionMessageOverrides(sessionId: string): Promise<Record<string, any>> {
        const key = `opencode.session.messageOverrides.${sessionId}`;
        const raw = this.workspaceState.get<Record<string, any>>(key);
        return raw || {};
      }
    
      /**
       * Persist session message override
       */
      async persistSessionMessageOverride(
        sessionId: string,
        override: any,
      ): Promise<void> {
        const overrides = await this.loadSessionMessageOverrides(sessionId);
        const messageId = this.extractHistoryMessageId(override);
        if (messageId) {
          overrides[messageId] = override;
        }
        const key = `opencode.session.messageOverrides.${sessionId}`;
        await this.workspaceState.update(key, overrides);
      }
    
      /**
       * Persist the final assistant debug message override for session hydration parity.
       * Ensures rawResponse is retained on reload so the hydrated view matches the live session view.
       */
      async handleSendMessage(session: { id: string }, debugMessage: any, duration: number): Promise<void> {
        await this.persistSessionMessageOverride(session.id, {
          ...debugMessage,
          timing: {
            duration: duration,
          },
        });
      }
    
      /**
       * Apply session message overrides to messages
       */
      async applySessionMessageOverrides(
        sessionId: string,
        messages: any[],
      ): Promise<any[]> {
        const overrides = await this.loadSessionMessageOverrides(sessionId);
        if (Object.keys(overrides).length === 0) {
          return messages;
        }
    
        return messages.map((message) => {
          const messageId = this.extractHistoryMessageId(message);
          if (!messageId || !overrides[messageId]) {
            return message;
          }
    
          const override = overrides[messageId];
          return {
            ...message,
            ...override,
            id: messageId,
          };
        });
      }
    
      /**
       * Clear session message overrides
       */
      async clearSessionMessageOverrides(sessionId: string): Promise<void> {
        const key = `opencode.session.messageOverrides.${sessionId}`;
        await this.workspaceState.update(key, undefined);
      }
    
      /**
       * Process history messages for rendering.
       * Canonical pipeline: normalize → structured output → filter → dedup → coalesce.
       */
      processHistoryMessages(rawMessages: any[], sessionId: string): any[] {
        if (!Array.isArray(rawMessages) || rawMessages.length === 0) {
          return [];
        }
    
        const processed = rawMessages
          .map((rawMessage: any) => {
            const message =
              rawMessage && typeof rawMessage === "object"
                ? { ...rawMessage }
                : rawMessage;
            const normalizedMessage = this.normalizePlanProceedUserMessage(message);
            const structured = this.applyStructuredOutputToMessage(normalizedMessage, {
              allowSyntheticFallbackError: false,
            });
            return this.enrichMessageWithPlan(structured);
          })
          .filter((message) => this.isRenderableHistoryMessage(message));
    
        const ordered = this.orderHistoryMessagesChronologically(processed);
        const dedupedUserMessages = this.dedupeUserMessagesByContent(ordered);
        const deduped = this.dedupeMirrorHistoryMessages(dedupedUserMessages);
        const mergedActivity = this.mergeAdjacentAssistantActivityMessages(deduped);
        return this.mergeConsecutiveAssistantBursts(mergedActivity);
      }
    
      private orderHistoryMessagesChronologically(messages: any[]): any[] {
        if (!Array.isArray(messages) || messages.length <= 1) {
          return messages;
        }
    
        const decorated = messages.map((message, index) => ({
          message,
          index,
          createdAt: this.historyMessageCreatedAt(message),
          role: this.firstNonEmptyString(
            message?.role,
            message?.info?.role,
            message?.sender,
          )?.toLowerCase(),
        }));
    
        decorated.sort((a, b) => {
          if (
            typeof a.createdAt === "number" &&
            Number.isFinite(a.createdAt) &&
            typeof b.createdAt === "number" &&
            Number.isFinite(b.createdAt)
          ) {
            if (a.createdAt !== b.createdAt) {
              return a.createdAt - b.createdAt;
            }
    
            // For same-timestamp turns, keep user input ahead of assistant output.
            if (a.role === "user" && b.role === "assistant") {
              return -1;
            }
            if (a.role === "assistant" && b.role === "user") {
              return 1;
            }
          }
    
          // Preserve original order when timestamps are unavailable/ambiguous.
          return a.index - b.index;
        });
    
        return decorated.map((entry) => entry.message);
      }
    
      /**
       * Merge adjacent assistant activity messages
       */
      public mergeAdjacentAssistantActivityMessages(messages: any[]): any[] {
        const result: any[] = [];
        for (const message of messages) {
          if (!this.isActivityOnlyAssistantMessage(message)) {
            result.push(message);
            continue;
          }
    
          const last = result[result.length - 1];
          const lastId = this.extractHistoryMessageId(last);
          const currentId = this.extractHistoryMessageId(message);
          if (
            last &&
            this.isActivityOnlyAssistantMessage(last) &&
            lastId &&
            currentId &&
            lastId === currentId
          ) {
            const merged = this.mergeMessageParts([last, message]);
            result[result.length - 1] = merged;
          } else {
            result.push(message);
          }
        }
        return result;
      }
    
      /**
       * Merge consecutive assistant bursts
       */
      public mergeConsecutiveAssistantBursts(messages: any[]): any[] {
        const result: any[] = [];
        let currentBurst: any[] = [];
    
        for (const message of messages) {
          const role = this.firstNonEmptyString(
            message?.role,
            message?.info?.role,
            message?.sender,
          )?.toLowerCase();
          const isAssistant = role === "assistant";
          if (!isAssistant) {
            if (currentBurst.length > 0) {
              result.push(this.coalesceAssistantBurst(currentBurst));
              currentBurst = [];
            }
            result.push(message);
            continue;
          }
    
          const previous = currentBurst[currentBurst.length - 1];
          if (
            previous &&
            !this.shouldMergeAssistantBurstMessages(previous, message)
          ) {
            result.push(this.coalesceAssistantBurst(currentBurst));
            currentBurst = [];
          }
    
          currentBurst.push(message);
        }
    
        if (currentBurst.length > 0) {
          result.push(this.coalesceAssistantBurst(currentBurst));
        }
    
        return result;
      }
    
      private shouldMergeAssistantBurstMessages(previous: any, next: any): boolean {
        if (!previous || !next) {
          return false;
        }
        const previousActivityOnly = this.isActivityOnlyAssistantMessage(previous);
        const nextActivityOnly = this.isActivityOnlyAssistantMessage(next);
        // Never collapse distinct user-facing assistant replies into one message.
        if (!previousActivityOnly && !nextActivityOnly) {
          return false;
        }
    
        const previousId = this.extractHistoryMessageId(previous);
        const nextId = this.extractHistoryMessageId(next);
        return Boolean(previousId && nextId && previousId === nextId);
      }
    
      /**
       * Coalesce assistant burst into single message
       */
      private coalesceAssistantBurst(burst: any[]): any {
        if (burst.length === 0) return null;
        if (burst.length === 1) return burst[0];
    
        const base = { ...(burst[burst.length - 1] || burst[0] || {}) };
    
        const appendUnique = (target: any[], incoming: any[]): void => {
          if (!Array.isArray(incoming) || incoming.length === 0) {
            return;
          }
          const seen = new Set(target.map((entry) => JSON.stringify(entry)));
          for (const item of incoming) {
            const key = JSON.stringify(item);
            if (!seen.has(key)) {
              seen.add(key);
              target.push(item);
            }
          }
        };
    
        base.parts = Array.isArray(base.parts) ? [...base.parts] : [];
        base.subagents = Array.isArray(base.subagents) ? [...base.subagents] : [];
        base.interactiveEvents = Array.isArray(base.interactiveEvents)
          ? [...base.interactiveEvents]
          : [];
        base.progressUpdates = Array.isArray(base.progressUpdates)
          ? [...base.progressUpdates]
          : [];
        base.reasoning = Array.isArray(base.reasoning) ? [...base.reasoning] : [];
    
        let latestRawResponse: unknown = base.rawResponse;
    
        for (const message of burst) {
          appendUnique(base.parts, Array.isArray(message?.parts) ? message.parts : []);
          appendUnique(
            base.subagents,
            Array.isArray(message?.subagents) ? message.subagents : [],
          );
          appendUnique(
            base.interactiveEvents,
            Array.isArray(message?.interactiveEvents)
              ? message.interactiveEvents
              : [],
          );
          appendUnique(
            base.progressUpdates,
            Array.isArray(message?.progressUpdates) ? message.progressUpdates : [],
          );
          appendUnique(
            base.reasoning,
            Array.isArray(message?.reasoning) ? message.reasoning : [],
          );
    
          const structured = this.structuredOutputProcessor.extractStructuredOutput(message);
          if (structured) {
            base.structuredOutput = structured;
          }
          if (message && "rawResponse" in message) {
            latestRawResponse = message.rawResponse;
          }
        }
    
        base.rawResponse = latestRawResponse;
        base.content = this.extractMessageBodyText(base);
        return base;
      }
    
      /**
       * Merge message parts
       */
      private mergeMessageParts(messages: any[]): any {
        if (messages.length === 0) return null;
        if (messages.length === 1) return messages[0];
    
        const first = messages[0];
        const merged: any = { ...first };
    
        merged.parts = messages.flatMap((m) => m.parts || []);
        merged.content = this.extractMessageBodyText(merged);
    
        return merged;
      }
    
      /**
       * Get history part fingerprint
       */
      private historyPartFingerprint(part: any): string | undefined {
        if (!part) return undefined;
        const text = this.firstNonEmptyString(part.text, part.content);
        if (typeof text !== "string" || !text) return undefined;
        return `${part.type || "text"}:${text.slice(0, 100)}`;
      }
    
      /**
       * Check if message is assistant history message
       */
      private isAssistantHistoryMessage(message: any): boolean {
        return message?.role === "assistant" || message?.sender === "assistant";
      }
    
      /**
       * Check if message is activity-only assistant message
       */
      private isActivityOnlyAssistantMessage(message: any): boolean {
        if (!this.isAssistantHistoryMessage(message)) return false;
    
        const hasRenderableText = Boolean(
          this.extractMessageBodyText(message)?.trim()
        );
        if (hasRenderableText) return false;
    
        const hasActivity =
          (Array.isArray(message.subagents) && message.subagents.length > 0) ||
          (Array.isArray(message.interactiveEvents) && message.interactiveEvents.length > 0) ||
          (Array.isArray(message.progressUpdates) && message.progressUpdates.length > 0);
    
        return hasActivity;
      }
    
      /**
       * Check if message has renderable history payload
       */
      private hasRenderableHistoryPayload(message: any): boolean {
        if (!message || typeof message !== "object") return false;
        if (this.isInternalSystemReminderMessage(message)) {
          return false;
        }
    
        // FIX: Check assistant messages with parts FIRST, before any other checks.
        // This ensures question-type messages with parts but no text content are preserved.
        // Prevents regression where assistant messages disappear after session restart.
        const role = message.role || message.info?.role;
        if (role === "assistant" && Array.isArray(message.parts) && message.parts.length > 0) {
          return true;
        }
    
        if (this.extractMessageBodyText(message)?.trim()) return true;
        if (message.structuredOutput) return true;
        if (Array.isArray(message.subagents) && message.subagents.length > 0) return true;
        if (Array.isArray(message.interactiveEvents) && message.interactiveEvents.length > 0) return true;
        if (Array.isArray(message.progressUpdates) && message.progressUpdates.length > 0) return true;
        return false;
      }
    
      /**
       * Check if message is internal system reminder
       */
      private isInternalSystemReminderMessage(message: any): boolean {
        if (!message || typeof message !== "object") return false;
    
        const role = this.firstNonEmptyString(
          message?.role,
          message?.info?.role,
        )?.toLowerCase().trim();
        if (role !== "user" && role !== "system") return false;
    
        const text = this.extractMessageBodyText(message);
        if (!text) return false;
    
        if (this.isPlanProceedMessageText(text)) {
          return false;
        }
    
        const normalized = text.trim().toLowerCase();
    
        // Check for square-bracketed system messages at the start (e.g., [analyze-mode], [background task completed])
        const bracketPattern = /^\[[a-z][a-z0-9_\- ]*\]/i;
        const hasBracketPrefix = bracketPattern.test(text.trim());
    
        return (
          normalized.includes("<system-reminder>") ||
          normalized.includes("<auto-slash-command>") ||
          normalized.includes("<!-- omo_internal_initiator -->") ||
          hasBracketPrefix ||
          (normalized.includes("[search-model]") && normalized.includes("maximize search effort")) ||
          normalized.startsWith("system reminder") ||
          normalized.startsWith("internal reminder") ||
          normalized.includes("reminder: you can")
        );
      }
    
      /**
       * Check if text is plan-proceed message
       */
      private isPlanProceedMessageText(text: string): boolean {
        if (!text) return false;
        const lower = text.toLowerCase().trim();
        return lower === "proced" || lower === "proceed" || lower === "let's proceed" || lower === "ok, proceed";
      }
    
      /**
       * Check if message is renderable history message
       */
      isRenderableHistoryMessage(message: any): boolean {
        if (!message) return false;
        // Don't filter out system reminder messages - they will be converted to system role
        // and rendered with the SystemMessage component
        if (this.isInternalSystemReminderMessage(message)) return true;
        return this.hasRenderableHistoryPayload(message);
      }
    
      /**
       * Dedupe mirror history messages
       */
      public dedupeMirrorHistoryMessages(messages: any[]): any[] {
        const seen = new Set<string>();
        return messages.filter((message) => {
          const fingerprint = this.historyMessageFingerprint(message);
          if (!fingerprint) return true;
    
          if (seen.has(fingerprint)) {
            return false;
          }
          seen.add(fingerprint);
          return true;
        });
      }
    
      /**
       * Dedupe user messages with identical content
       * This fixes duplicate "Plan Approved" messages that may occur during hydration
       */
      private dedupeUserMessagesByContent(messages: any[]): any[] {
        if (!Array.isArray(messages) || messages.length <= 1) {
          return messages;
        }
    
        const deduped: any[] = [];
        const seenUserContents = new Set<string>();
    
        for (const message of messages) {
          const role = this.firstNonEmptyString(
            message?.role,
            message?.info?.role,
            message?.sender,
          )?.toLowerCase();
    
          if (role !== "user") {
            deduped.push(message);
            continue;
          }
    
          const content = this.extractMessageBodyText(message);
          if (!content) {
            deduped.push(message);
            continue;
          }
    
          const normalizedContent = content.trim();
          if (seenUserContents.has(normalizedContent)) {
            this.logger.debug("[HistoryProcessor] Skipping duplicate user message", {
              content: normalizedContent.substring(0, 100),
              totalSkipped: seenUserContents.size,
            });
            continue;
          }
    
          seenUserContents.add(normalizedContent);
          deduped.push(message);
        }
    
        if (deduped.length < messages.length) {
          this.logger.debug("[HistoryProcessor] User message deduplication complete", {
            inputCount: messages.length,
            outputCount: deduped.length,
            duplicatesRemoved: messages.length - deduped.length,
          });
        }
    
        return deduped;
      }
    
      /**
       * Check if messages are mirror history messages (i.e., represent the same logical message).
       * Preserves intentional idless repeats by returning false when both have no ID.
       */
      private areMirrorHistoryMessages(a: any, b: any): boolean {
        const existingId = this.extractHistoryMessageId(a);
        const incomingId = this.extractHistoryMessageId(b);
    
        if (existingId && incomingId) {
          if (existingId === incomingId) return true;
          // Both have non-synthetic IDs that differ — not mirrors
          if (!this.isSyntheticLocalMessageId(existingId) && !this.isSyntheticLocalMessageId(incomingId)) {
            return false;
          }
          // At least one is synthetic — fall through to timestamp proximity check
        } else if (!existingId && !incomingId) {
          // Both idless — do not collapse intentional idless repeats
          return false;
        }
    
        const existingCreatedAt = this.historyMessageCreatedAt(a);
        const incomingCreatedAt = this.historyMessageCreatedAt(b);
        if (
          typeof existingCreatedAt !== "number" ||
          typeof incomingCreatedAt !== "number"
        ) {
          return false;
        }
        return Math.abs(existingCreatedAt - incomingCreatedAt) <= 15_000;
      }
    
      /**
       * Extract history message ID
       */
      extractHistoryMessageId(message: any): string | undefined {
        return this.firstNonEmptyString(
          message?.id,
          message?.messageId,
          message?.info?.id,
        );
      }
    
      /**
       * Get history message created at timestamp
       */
      private historyMessageCreatedAt(message: any): number | undefined {
        const info = this.asRecord(message?.info);
        const infoTime = this.asRecord(info?.time);
        const time = this.asRecord(message?.time);
    
        const numericCandidates = [
          infoTime?.created,
          time?.created,
          info?.createdAt,
          info?.timestamp,
          message?.createdAt,
          message?.timestamp,
        ];
        for (const candidate of numericCandidates) {
          if (typeof candidate === "number" && Number.isFinite(candidate)) {
            return candidate;
          }
        }
    
        const stringCandidates = [
          this.firstNonEmptyString(
            info?.createdAt,
            info?.timestamp,
            message?.createdAt,
            message?.timestamp,
          ),
        ];
        for (const candidate of stringCandidates) {
          if (!candidate) {
            continue;
          }
          const parsed = new Date(candidate).getTime();
          if (Number.isFinite(parsed)) {
            return parsed;
          }
        }
    
        return undefined;
      }
    
      /**
       * Get history message fingerprint
       */
      historyMessageFingerprint(message: any): string | undefined {
        const id = this.extractHistoryMessageId(message);
        const role = this.firstNonEmptyString(message?.role, message?.sender);
        const rawContent = this.extractMessageBodyText(message);
        const content = typeof rawContent === "string" ? rawContent.slice(0, 200) : undefined;
    
        if (!id && !role && !content) return undefined;
    
        const parts = [];
        if (id) parts.push(`id:${id}`);
        if (role) parts.push(`role:${role}`);
        if (typeof content === "string" && content) parts.push(`content:${content.slice(0, 100)}`);
    
        return parts.join("|");
      }
    
      /**
       * Get history message richness score
       */
      private historyMessageRichnessScore(message: any): number {
        let score = 0;
    
        const content = this.extractMessageBodyText(message);
        if (content) score += Math.min(content.length / 100, 10);
    
        if (Array.isArray(message.subagents)) score += message.subagents.length * 2;
        if (Array.isArray(message.interactiveEvents)) score += message.interactiveEvents.length * 2;
        if (Array.isArray(message.progressUpdates)) score += message.progressUpdates.length;
        if (message.structuredOutput) score += 5;
        if (Array.isArray(message.reasoning)) score += message.reasoning.length * 0.5;
    
        return score;
      }
    
      /**
       * Pick richer history message
       */
      private pickRicherHistoryMessage(a: any, b: any): any {
        const scoreA = this.historyMessageRichnessScore(a);
        const scoreB = this.historyMessageRichnessScore(b);
        return scoreA >= scoreB ? a : b;
      }
    
      /**
       * Pick canonical history message ID from a group of messages.
       * Prefers non-synthetic IDs when available.
       */
      private pickCanonicalHistoryMessageId(messages: any[]): string | undefined {
        const ids = messages
          .map((m) => this.extractHistoryMessageId(m))
          .filter((id): id is string => Boolean(id));
    
        if (ids.length === 0) return undefined;
    
        // Prefer a non-synthetic ID
        const preferred = ids.find((id) => !this.isSyntheticLocalMessageId(id));
        return preferred ?? ids[0];
      }
    
      /**
       * Check if message ID is synthetic
       */
      private isSyntheticLocalMessageId(id: string): boolean {
        if (!id) return false;
        return id.startsWith("msg_local_") || id.startsWith("local-");
      }
    
      /**
       * Get latest assistant history marker
       */
      public getLatestAssistantHistoryMarker(messages: any[]): {
        id?: string;
        fingerprint?: string;
        createdAt?: number;
        richness: number;
      } {
        if (!Array.isArray(messages) || messages.length === 0) {
          return {
            id: undefined,
            fingerprint: undefined,
            createdAt: undefined,
            richness: -1,
          };
        }
    
        let latest: any = null;
        let latestScore = -1;
    
        for (const message of messages) {
          if (!this.isAssistantHistoryMessage(message)) continue;
    
          const richness = this.historyMessageRichnessScore(message);
          if (richness <= latestScore) continue;
    
          latest = message;
          latestScore = richness;
        }
    
        return {
          id: this.extractHistoryMessageId(latest),
          fingerprint: this.historyMessageFingerprint(latest),
          createdAt: latest ? this.historyMessageCreatedAt(latest) : undefined,
          richness: latestScore,
        };
      }
    
      /**
       * Check if assistant history has advanced
       */
      public hasAssistantHistoryAdvanced(
        currentMessages: any[] | { id?: string; fingerprint?: string; createdAt?: number; richness?: number } | undefined,
        previousMessages: any[] | { id?: string; fingerprint?: string; createdAt?: number; richness?: number } | undefined,
      ): boolean {
        const asMarker = (
          value:
            | any[]
            | { id?: string; fingerprint?: string; createdAt?: number; richness?: number }
            | undefined,
        ): { id?: string; fingerprint?: string; createdAt?: number; richness: number } | undefined => {
          if (!value) {
            return undefined;
          }
          if (Array.isArray(value)) {
            const marker = this.getLatestAssistantHistoryMarker(value);
            return marker.id || marker.fingerprint || typeof marker.createdAt === "number"
              ? marker
              : undefined;
          }
          if (typeof value === "object") {
            return {
              id: typeof value.id === "string" ? value.id : undefined,
              fingerprint:
                typeof value.fingerprint === "string" ? value.fingerprint : undefined,
              createdAt:
                typeof value.createdAt === "number" && Number.isFinite(value.createdAt)
                  ? value.createdAt
                  : undefined,
              richness:
                typeof value.richness === "number" && Number.isFinite(value.richness)
                  ? value.richness
                  : 0,
            };
          }
          return undefined;
        };
    
        const currentMarker = asMarker(currentMessages);
        const previousMarker = asMarker(previousMessages);
    
        if (!currentMarker) {
          return false;
        }
        if (!previousMarker) {
          return true;
        }
    
        if (currentMarker.id && previousMarker.id && currentMarker.id !== previousMarker.id) {
          return true;
        }
        if (currentMarker.id && !previousMarker.id) {
          return true;
        }
        if (
          currentMarker.fingerprint &&
          previousMarker.fingerprint &&
          currentMarker.fingerprint !== previousMarker.fingerprint
        ) {
          return true;
        }
        if (currentMarker.fingerprint && !previousMarker.fingerprint) {
          return true;
        }
        if (
          typeof currentMarker.createdAt === "number" &&
          typeof previousMarker.createdAt === "number" &&
          currentMarker.createdAt > previousMarker.createdAt + 1000
        ) {
          return true;
        }
    
        return currentMarker.richness > previousMarker.richness + 12;
      }
    }
    
    
    /* FILE: E:\Projects\vscode-opencode\src\providers\chat\StructuredOutputProcessor.ts */
    
    /**
     * StructuredOutputProcessor Module
     *
     * Handles all structured output parsing, normalization, validation,
     * and message enrichment.
     *
     * Extracted from ChatViewProvider.ts (~900 lines across multiple sections)
     */
    
    import type {
      StructuredAssistantOutput,
    } from "./types";
    import {
      structuredOutputSchema,
    } from "../../shared/structuredOutputSchema";
    import {
      sanitizeStructuredOutput,
      validateStructuredOutput,
    } from "../../shared/structuredOutputValidator";
    import { STRUCTURED_RESPONSE_TYPES } from "./types";
    import type { PlanManager } from "./PlanManager";
    import { PlanParser } from "../../services/PlanParser";
    
    export class StructuredOutputProcessor {
      private structuredOutputMode: "format" | "outputFormat" | "disabled" = "format";
      private readonly structuredValidationFailureCounters = new Map<string, number>();
      private readonly structuredOutputIncompatibleModelKeys = new Set<string>();
    
      constructor(
        private logger: ReturnType<typeof import("../../utils/Logger").createLogger>,
        private asRecord: (value: unknown) => Record<string, unknown> | undefined,
        private firstNonEmptyString: (...values: unknown[]) => string | undefined,
        private planManager: PlanManager,
      ) { }
    
      private persistPlan(
        content: string,
        preferredPath?: string,
      ): Promise<string | undefined> {
        return this.planManager.persistPlan(content, preferredPath);
      }
    
      /**
       * Get the structured output format for API requests
       */
      getStructuredOutputFormat(): Record<string, unknown> {
        const topLevel = structuredOutputSchema as unknown as Record<string, unknown>;
        const schemaRecord = this.asRecord(topLevel.schema);
        const properties = this.asRecord(schemaRecord?.properties) ?? {};
        const required = Array.isArray(schemaRecord?.required)
          ? (schemaRecord?.required as string[]).filter(
            (item) => typeof item === "string" && item.trim().length > 0,
          )
          : ["responseType"];
        const allOf = Array.isArray(schemaRecord?.allOf)
          ? schemaRecord.allOf
          : undefined;
    
        // Send a docs-style minimal JSON schema to maximize compatibility across providers.
        return {
          type: "json_schema",
          retryCount:
            typeof topLevel.retryCount === "number" ? topLevel.retryCount : 1,
          schema: {
            type: "object",
            properties,
            required,
            ...(allOf ? { allOf } : {}),
          },
        };
      }
    
      /**
       * Check if structured output should be used for the given model
       */
      shouldUseStructuredOutput(modelKey: string): boolean {
        if (this.structuredOutputMode === "disabled") {
          return false;
        }
        if (this.structuredOutputIncompatibleModelKeys.has(modelKey)) {
          return false;
        }
        return true;
      }
    
      /**
       * Get the structured output model key
       */
      getStructuredOutputModelKey(modelKey: string): string {
        if (this.structuredOutputMode === "outputFormat") {
          return modelKey;
        }
        return modelKey;
      }
    
      /**
       * Get the selected structured output model key
       */
      getSelectedStructuredOutputModelKey(): string | undefined {
        return undefined;
      }
    
      /**
       * Check if text is likely a tool call transcript
       */
      isLikelyToolCallTranscript(text: string): boolean {
        if (!text || typeof text !== "string") return false;
        const lower = text.toLowerCase().trim();
        if (lower.length < 50) return false;
    
        const toolCallIndicators = [
          "tool call",
          "tool_calls",
          "function call",
          "function_calls",
          "tooluse",
          "tool use",
          "tool result",
          "tool_output",
          "tool output",
        ];
    
        const hasToolCallPrefix = toolCallIndicators.some((indicator) =>
          lower.startsWith(indicator)
        );
    
        if (hasToolCallPrefix) return true;
    
        const hasJsonStructure =
          lower.includes("{") &&
          (lower.includes('"tool"') || lower.includes('"function"')) &&
          lower.includes('"name"');
    
        return hasJsonStructure;
      }
    
      /**
       * Normalize error candidate
       */
      normalizeErrorCandidate(value: unknown): string | undefined {
        if (typeof value === "string") {
          return value.trim();
        }
        const rec = this.asRecord(value);
        if (!rec) return undefined;
        return this.firstNonEmptyString(rec.message, rec.error, rec.detail);
      }
    
      /**
       * Check if message is a generic error message
       */
      isGenericErrorMessage(message: string): boolean {
        const genericPatterns = [
          "an error occurred",
          "something went wrong",
          "there was an error",
          "an error has occurred",
          "error processing your request",
          "unable to process",
          "failed to process",
        ];
        const lower = message.toLowerCase().trim();
        return genericPatterns.some((pattern) => lower.includes(pattern));
      }
    
      /**
       * Check if message is a structured output transport error
       */
      isStructuredOutputTransportError(message: string): boolean {
        const transportErrorPatterns = [
          "failed to parse structured output",
          "invalid structured output",
          "malformed structured output",
          "structured output validation failed",
          "unable to parse structured output",
        ];
        const lower = message.toLowerCase().trim();
        return transportErrorPatterns.some((pattern) => lower.includes(pattern));
      }
    
      /**
       * Check if message is a structured output failure message
       */
      isStructuredOutputFailureMessage(message: string): boolean {
        const failurePatterns = [
          "structured output failed",
          "failed to generate structured output",
          "could not produce structured output",
          "structured output error",
        ];
        const lower = message.toLowerCase().trim();
        return failurePatterns.some((pattern) => lower.includes(pattern));
      }
    
      /**
       * Check if message is likely an interactive await timeout error
       */
      isLikelyInteractiveAwaitTimeoutError(message: string): boolean {
        const timeoutPatterns = [
          "timeout",
          "timed out",
          "expired",
          "took too long",
          "exceeded time limit",
        ];
        const lower = message.toLowerCase().trim();
        return timeoutPatterns.some((pattern) => lower.includes(pattern));
      }
    
      /**
       * Check if stream payload has blocking interactive event
       */
      hasBlockingInteractiveInStreamPayload(event: unknown): boolean {
        const rec = this.asRecord(event);
        if (!rec) return false;
    
        const structured = this.asRecord(rec.structured);
        const structuredOutput = this.asRecord(rec.structuredOutput);
    
        const interactiveEvents =
          (Array.isArray(structured?.interactiveEvents)
            ? structured.interactiveEvents
            : undefined) ||
          (Array.isArray(structuredOutput?.interactiveEvents)
            ? structuredOutput.interactiveEvents
            : undefined);
    
        if (!interactiveEvents || interactiveEvents.length === 0) {
          return false;
        }
    
        const firstEvent = interactiveEvents[0];
        if (!firstEvent || typeof firstEvent !== "object") {
          return false;
        }
    
        const eventType = this.firstNonEmptyString(
          firstEvent.type,
          (firstEvent as Record<string, unknown>).question,
          (firstEvent as Record<string, unknown>).confirm,
        );
    
        return Boolean(eventType);
      }
    
      /**
       * Collect error message candidates from error object
       */
      collectErrorMessageCandidates(error: unknown): string[] {
        const candidates: string[] = [];
    
        if (!error) return candidates;
    
        const rec = this.asRecord(error);
        if (!rec) {
          if (typeof error === "string") {
            candidates.push(error);
          }
          return candidates;
        }
    
        const message = this.firstNonEmptyString(rec.message, rec.error);
        if (message) candidates.push(message);
    
        const details = rec.details;
        if (Array.isArray(details)) {
          for (const detail of details) {
            const msg = this.normalizeErrorCandidate(detail);
            if (msg) candidates.push(msg);
          }
        } else if (details) {
          const msg = this.normalizeErrorCandidate(details);
          if (msg) candidates.push(msg);
        }
    
        const response = this.asRecord(rec.response);
        if (response) {
          const responseMessage = this.firstNonEmptyString(
            response.message,
            response.error,
          );
          if (responseMessage) candidates.push(responseMessage);
        }
    
        return candidates;
      }
    
      /**
       * Extract error message from error object
       */
      extractErrorMessage(error: unknown, fallback: string): string {
        const candidates = this.collectErrorMessageCandidates(error);
        if (candidates.length === 0) return fallback;
        return candidates[0] || fallback;
      }
    
      /**
       * Collect normalized error messages
       */
      collectNormalizedErrorMessages(error: unknown): string[] {
        const candidates = this.collectErrorMessageCandidates(error);
        return candidates.filter((msg) => !this.isGenericErrorMessage(msg));
      }
    
      /**
       * Extract detailed error message
       */
      private extractDetailedErrorMessage(error: unknown, fallback: string): string {
        const normalized = this.collectNormalizedErrorMessages(error);
        if (normalized.length > 0) {
          const detailLines = normalized.map((detail) => `- ${detail}`);
          return `${fallback}\n\nDetails:\n${detailLines.join("\n")}`;
        }
        return this.extractErrorMessage(error, fallback);
      }
    
      /**
       * Check if part is a reasoning part
       */
      isReasoningPartLike(part: unknown): boolean {
        const rec = this.asRecord(part);
        if (!rec) return false;
        const type = this.firstNonEmptyString(rec.type);
        return Boolean(
          type &&
          (type.toLowerCase().includes("reasoning") ||
            type.toLowerCase().includes("thinking") ||
            typeof rec.reasoning !== "undefined" ||
            typeof rec.thought !== "undefined" ||
            typeof rec.thinking !== "undefined"),
        );
      }
    
      /**
       * Check if part is renderable text
       */
      isRenderableTextPart(part: unknown): boolean {
        const rec = this.asRecord(part);
        if (!rec) return false;
        const type = this.firstNonEmptyString(rec.type);
        if (!type) return true;
        return !this.isReasoningPartLike(part);
      }
    
      /**
       * Check if value is an interactive response type
       */
      isInteractiveResponseType(value: unknown): boolean {
        const str = String(value).toLowerCase().trim();
        return str === "question" || str === "interactive" || str === "confirm";
      }
    
      /**
       * Format question prompt for assistant
       */
      formatQuestionPromptForAssistant(question: string, options?: any[]): string {
        let prompt = `USER QUESTION: ${question}`;
    
        if (options && options.length > 0) {
          const optionsText = options
            .map((opt) => {
              const label = typeof opt === "string" ? opt : opt.label || opt.value || "";
              return `- ${label}`;
            })
            .join("\n");
          prompt += `\n\nOPTIONS:\n${optionsText}`;
        }
    
        return prompt;
      }
    
      /**
       * Derive question prompt from interactive payload
       */
      deriveQuestionPromptFromInteractivePayload(payload: {
        question: string;
        options?: any[];
      }): string {
        const { question, options } = payload;
        return this.formatQuestionPromptForAssistant(question, options);
      }
    
      /**
       * Check if body text is low value interactive text
       */
      isLowValueInteractiveBodyText(value: string): boolean {
        if (!value || typeof value !== "string") return false;
        const lower = value.toLowerCase().trim();
        const lowValuePhrases = [
          "please answer the question",
          "please select an option",
          "please choose",
          "please respond",
          "waiting for your response",
          "awaiting your input",
        ];
        return lowValuePhrases.some((phrase) => lower.includes(phrase));
      }
    
      /**
       * Check if content is a clarification questionnaire
       */
      isClarificationQuestionnaire(content: unknown): boolean {
        if (!content) return false;
        const rec = this.asRecord(content);
        if (!rec) return false;
    
        const interactiveEvents =
          (Array.isArray(rec.interactiveEvents) ? rec.interactiveEvents : undefined) ||
          (Array.isArray(rec.question) ? [{ type: "question", question: rec.question }] : undefined);
    
        if (!interactiveEvents || interactiveEvents.length === 0) {
          return false;
        }
    
        const hasQuestion = interactiveEvents.some(
          (event: any) => event.type === "question" || event.type === "confirm"
        );
    
        return hasQuestion;
      }
    
      /**
       * Extract message ID from message
       */
      extractMessageId(message: any): string | undefined {
        if (!message) return undefined;
        return this.firstNonEmptyString(
          message.id,
          message.messageId,
          message.message_id,
        );
      }
    
      /**
       * Check if message has structured subagent signal
       */
      hasStructuredSubagentSignal(messageRaw: unknown): boolean {
        const rec = this.asRecord(messageRaw);
        if (!rec) return false;
    
        const subagents = rec.subagents;
        if (Array.isArray(subagents) && subagents.length > 0) {
          return true;
        }
    
        const structured = this.asRecord(rec.structured);
        const structuredSubagents = structured?.subagents;
        if (Array.isArray(structuredSubagents) && structuredSubagents.length > 0) {
          return true;
        }
    
        return false;
      }
    
      /**
       * Normalize subagent status
       */
      normalizeSubagentStatus(status: unknown): string {
        if (!status) return "unknown";
        const str = String(status).toLowerCase().trim();
        const statusMap: Record<string, string> = {
          running: "running",
          active: "running",
          in_progress: "running",
          completed: "completed",
          done: "completed",
          finished: "completed",
          failed: "failed",
          error: "failed",
          cancelled: "cancelled",
          canceled: "cancelled",
          pending: "pending",
          queued: "pending",
        };
        return statusMap[str] || "unknown";
      }
    
      /**
       * Merge subagent entries
       */
      mergeSubagentEntries(
        existing: any[],
        updates: any[],
      ): any[] {
        const merged = [...existing];
        const existingById = new Map(
          existing
            .filter((subagent) => subagent?.id)
            .map((subagent) => [subagent.id, subagent])
        );
    
        for (const update of updates) {
          if (!update?.id) continue;
          const existingSubagent = existingById.get(update.id);
          if (existingSubagent) {
            const index = merged.indexOf(existingSubagent);
            if (index !== -1) {
              merged[index] = { ...existingSubagent, ...update };
            }
          } else {
            merged.push(update);
          }
        }
    
        return merged;
      }
    
      /**
       * Hydrate subagents from payload
       */
      hydrateSubagentsFromPayload(payload: {
        subagents?: any[];
        subagentsDelta?: any;
      }): any[] | undefined {
        const { subagents, subagentsDelta } = payload;
    
        if (!subagents && !subagentsDelta) {
          return undefined;
        }
    
        if (subagents && Array.isArray(subagents)) {
          return subagents;
        }
    
        if (subagentsDelta?.items && Array.isArray(subagentsDelta.items)) {
          return subagentsDelta.items;
        }
    
        return undefined;
      }
    
      /**
       * Resolve subagent payload session ID
       */
      resolveSubagentPayloadSessionId(payload: {
        sessionId?: string;
        childSessionId?: string;
      }): string | undefined {
        return this.firstNonEmptyString(
          payload.sessionId,
          payload.childSessionId,
        );
      }
    
      /**
       * Find latest subagent parent message ID for session
       */
      findLatestSubagentParentMessageIdForSession(
        sessionId: string,
        messages: any[],
      ): string | undefined {
        for (let i = messages.length - 1; i >= 0; i--) {
          const message = messages[i];
          if (!message) continue;
    
          const subagents = message.subagents;
          if (Array.isArray(subagents)) {
            for (const subagent of subagents) {
              if (subagent?.childSessionId === sessionId) {
                return this.extractMessageId(message);
              }
            }
          }
        }
        return undefined;
      }
    
      /**
       * Record structured validation failure
       */
      private recordStructuredValidationFailure(
        canonicalRec: Record<string, unknown>,
        errors: string[],
        diagnostics?: {
          source?: string;
          providerID?: string;
          modelID?: string;
        },
      ): void {
        const responseType = this.firstNonEmptyString(canonicalRec.responseType);
        if (!responseType) return;
    
        const providerID = diagnostics?.providerID || "unknown";
        const modelID = diagnostics?.modelID || "unknown";
        const key = `${responseType}|${providerID}/${modelID}`;
        const current = this.structuredValidationFailureCounters.get(key) || 0;
        this.structuredValidationFailureCounters.set(key, current + 1);
    
        if (current >= 3) {
          if (diagnostics?.modelID) {
            this.structuredOutputIncompatibleModelKeys.add(diagnostics.modelID);
          }
        }
    
        this.logger.warn("Structured output validation failure aggregate", {
          responseType,
          errors,
          source: diagnostics?.source,
          providerID: diagnostics?.providerID,
          modelID: diagnostics?.modelID,
          failureCount: current + 1,
        });
      }
    
      /**
       * Normalize structured output from raw response
       */
      normalizeStructuredOutput(
        raw: unknown,
        diagnostics?: {
          source?: string;
          providerID?: string;
          modelID?: string;
        },
      ): StructuredAssistantOutput | undefined {
        let value: unknown = raw;
        if (typeof value === "string") {
          try {
            value = JSON.parse(value);
          } catch {
            return undefined;
          }
        }
    
        const rec = this.asRecord(value);
        if (!rec) {
          return undefined;
        }
    
        const sanitizedRec = sanitizeStructuredOutput(rec);
    
        // Don't sanitize rec.plan separately - sanitizeStructuredOutput() is for
        // top-level structured output fields only. The plan object is already validated
        // by the schema and sanitizing it as a top-level object would strip its properties
        // (file, title, content, etc.) because those aren't valid top-level field names.
        this.logger.debug('Before plan preservation', {
          hasRecPlan: 'plan' in rec,
          recPlanType: typeof rec.plan,
          recPlanValue: rec.plan,
          hasSanitizedPlan: 'plan' in sanitizedRec,
          sanitizedPlanValue: sanitizedRec.plan
        });
    
        if (rec.plan && typeof rec.plan === 'object') {
          sanitizedRec.plan = rec.plan;
          const planRecord = rec.plan as Record<string, unknown>;
          this.logger.debug('Plan preserved', {
            planKeys: Object.keys(planRecord),
            hasFile: 'file' in planRecord,
            fileValue: planRecord.file
          });
        } else {
          this.logger.debug('Plan NOT preserved - condition failed', {
            hasRecPlan: 'plan' in rec,
            recPlanType: typeof rec.plan,
            recPlan: rec.plan
          });
        }
    
        const messageCandidate =
          this.firstNonEmptyString(sanitizedRec.message) ||
          (typeof rec.message === "string" ? rec.message : undefined);
    
        let responseTypeRaw =
          this.firstNonEmptyString(
            sanitizedRec.responseType,
            rec.type,
            rec.kind,
            rec.category,
          ) ||
          (messageCandidate ? "message" : undefined);
    
        if (responseTypeRaw?.toLowerCase() === "conversation") {
          responseTypeRaw = "message";
        }
        if (responseTypeRaw?.toLowerCase() === "interactive") {
          responseTypeRaw = "question";
        }
    
        if (
          responseTypeRaw &&
          !STRUCTURED_RESPONSE_TYPES.has(responseTypeRaw.toLowerCase())
        ) {
          responseTypeRaw = messageCandidate ? "message" : undefined;
        }
    
        if (!responseTypeRaw) {
          return undefined;
        }
    
        let canonicalRec: Record<string, unknown> = {
          ...sanitizedRec,
          responseType: responseTypeRaw,
        };
        if (
          messageCandidate &&
          !this.firstNonEmptyString(canonicalRec.message)
        ) {
          canonicalRec.message = messageCandidate;
        }
    
        let validation = validateStructuredOutput(canonicalRec);
        if (!validation.valid && messageCandidate) {
          canonicalRec = {
            responseType: "message",
            message: messageCandidate,
          };
          validation = validateStructuredOutput(canonicalRec);
        }
        if (!validation.valid) {
          this.logger.warn("Structured output validation failed", {
            errors: validation.errors,
            source: diagnostics?.source,
            providerID: diagnostics?.providerID,
            modelID: diagnostics?.modelID,
          });
          this.recordStructuredValidationFailure(
            canonicalRec,
            validation.errors,
            diagnostics,
          );
          return undefined;
        }
    
        const sanitizedCanonicalRec = sanitizeStructuredOutput(canonicalRec);
        const subagentsRaw =
          sanitizedCanonicalRec.subagents ?? (rec.spawnedSubagents as unknown);
        if (Array.isArray(subagentsRaw)) {
          sanitizedCanonicalRec.subagents = subagentsRaw;
        }
        const subagentsDeltaRaw =
          sanitizedCanonicalRec.subagentsDelta ?? (rec.subagents_delta as unknown);
        if (subagentsDeltaRaw && typeof subagentsDeltaRaw === "object") {
          sanitizedCanonicalRec.subagentsDelta = subagentsDeltaRaw;
        }
        const responseType = this.firstNonEmptyString(
          sanitizedCanonicalRec.responseType,
        );
        if (!responseType) {
          return undefined;
        }
    
        return sanitizedCanonicalRec as StructuredAssistantOutput;
      }
    
      /**
       * Create fallback message from structured output
       */
      createFallbackMessage(
        structured: StructuredAssistantOutput,
      ): string | undefined {
        if (!structured.responseType) return undefined;
    
        const { responseType, progressUpdates, interactiveEvents, plan } =
          structured;
    
        switch (responseType) {
          case "implementation_plan":
            return this.firstNonEmptyString(
              plan?.intro,
              plan?.summary,
              plan?.title,
            );
          case "progress_update":
            if (progressUpdates && progressUpdates.length > 0) {
              const titles = progressUpdates.map((p) => p.title).join(", ");
              return `Progress: ${titles}`;
            }
            return "📊 Working on tasks...";
          case "question": {
            const questionRecord = this.asRecord(structured.question);
            const displayPrompt = this.firstNonEmptyString(
              questionRecord?.displayPrompt,
            );
            if (displayPrompt) {
              return displayPrompt;
            }
            const questionPrompt = this.firstNonEmptyString(
              questionRecord?.question,
              questionRecord?.message,
              questionRecord?.content,
            );
            if (questionPrompt) {
              return questionPrompt;
            }
            if (interactiveEvents && interactiveEvents.length > 0) {
              const firstEvent = interactiveEvents[0];
              const firstEventRecord = this.asRecord(firstEvent);
              const eventDisplayPrompt = this.firstNonEmptyString(
                firstEventRecord?.displayPrompt,
              );
              if (eventDisplayPrompt) {
                return eventDisplayPrompt;
              }
              if (firstEvent.type === "question" && firstEvent.question) {
                return firstEvent.question;
              } else if (firstEvent.type === "confirm" && firstEvent.question) {
                return firstEvent.question;
              } else if (firstEvent.type === "message" && firstEvent.message) {
                return firstEvent.message;
              }
            }
            return "❓ Question for you";
          }
          case "subagents":
            return "🤖 Spawned subagents...";
          case "error":
            return "⚠️ An error occurred";
          case "message":
          default:
            return undefined;
        }
      }
    
      /**
       * Extract message body text
       */
      extractMessageBodyText(message: any): string {
        if (!message) return "";
    
        let rawText = "";
        if (typeof message.content === "string" && message.content.trim()) {
          rawText = message.content.trim();
        } else if (typeof message.text === "string" && message.text.trim()) {
          rawText = message.text.trim();
        } else if (Array.isArray(message.parts)) {
          rawText = message.parts
            .map((part: any) => {
              if (!part || typeof part !== "object") return "";
              if (
                part.type === "reasoning" ||
                part.type === "thinking" ||
                part.type === "thought" ||
                typeof part.reasoning !== "undefined" ||
                typeof part.thought !== "undefined" ||
                typeof part.thinking !== "undefined"
              ) {
                return "";
              }
              return (part.text || part.content || "").toString();
            })
            .join("")
            .trim();
        }
    
        if (this.isLikelyToolCallTranscript(rawText)) {
          return "";
        }
        return rawText;
      }
    
      /**
       * Extract structured output from message
       */
      extractStructuredOutput(message: any): StructuredAssistantOutput | undefined {
        if (!message) return undefined;
    
        const candidates = [
          message.structuredOutput,
          message.structured_output,
          message.info?.structuredOutput,
          message.info?.structured_output,
          message.info?.structured,
        ];
    
        for (const candidate of candidates) {
          if (candidate) {
            const normalized = this.normalizeStructuredOutput(candidate);
            if (normalized) {
              return normalized;
            }
          }
        }
    
        return undefined;
      }
    
      /**
       * Apply structured output to message
       */
      applyStructuredOutputToMessage(
        message: any,
        structured: StructuredAssistantOutput,
      ): any {
        if (!message || !structured) return message;
    
        const updated = { ...message };
    
        if (structured.message && !updated.message) {
          updated.message = structured.message;
        }
    
        if (structured.subagents && structured.subagents.length > 0) {
          updated.subagents = this.mergeSubagentEntries(
            updated.subagents || [],
            structured.subagents,
          );
        }
    
        if (structured.progressUpdates && structured.progressUpdates.length > 0) {
          updated.progressUpdates = [
            ...(updated.progressUpdates || []),
            ...structured.progressUpdates,
          ];
        }
    
        if (structured.interactiveEvents && structured.interactiveEvents.length > 0) {
          updated.interactiveEvents = [
            ...(updated.interactiveEvents || []),
            ...structured.interactiveEvents,
          ];
        }
    
        if (structured.plan && !updated.plan) {
          updated.plan = structured.plan;
        }
    
        if (structured.question && !updated.question) {
          updated.question = structured.question;
        }
    
        if (structured.reasoning && structured.reasoning.length > 0) {
          updated.reasoning = [...(updated.reasoning || []), ...structured.reasoning];
        }
    
        updated.structuredOutput = structured;
        updated.hasStructuredOutput = true;
    
        return updated;
      }
    
      /**
       * Enrich stream event with structured output
       */
      enrichStreamEvent(event: any): any {
        if (!event) return event;
    
        const enriched = { ...event };
        const properties = enriched.properties || {};
        const part = properties.part || {};
    
        const structuredCandidate =
          part.structured ||
          part.structured_output ||
          properties.structured ||
          properties.structured_output;
    
        if (structuredCandidate) {
          const normalized = this.normalizeStructuredOutput(structuredCandidate);
          if (normalized) {
            enriched.structured = normalized;
            enriched.structuredOutput = normalized;
            enriched.hasStructuredOutput = true;
          }
        }
    
        return enriched;
      }
    
      /**
       * Enrich message with plan information
       */
      enrichMessageWithPlan(message: any): any {
        if (!message) return message;
    
        const role = message?.info?.role || message?.role;
        if (typeof role === "string" && role.toLowerCase() !== "assistant") {
          return message;
        }
    
        const structured = this.extractStructuredOutput(message);
    
        const structuredResponseType = this.firstNonEmptyString(
          structured?.responseType,
          message?.structuredOutput?.responseType,
        );
        const hasInteractiveEvents =
          (Array.isArray(structured?.interactiveEvents) &&
            structured.interactiveEvents.length > 0) ||
          (Array.isArray(message?.interactiveEvents) &&
            message.interactiveEvents.length > 0);
        const isInteractiveClarificationResponse =
          this.isInteractiveResponseType(structuredResponseType) &&
          hasInteractiveEvents;
    
        if (isInteractiveClarificationResponse) {
          if (message.plan) {
            this.logger.debug("Plan suppressed", {
              source: "enrichMessageWithPlan",
              reason: "interactive-wins",
              responseType: structuredResponseType || "unknown",
              hasInteractiveEvents: !!hasInteractiveEvents,
              isClarification: false,
            });
            const nextMessage = { ...message };
            delete nextMessage.plan;
            return nextMessage;
          }
          return message;
        }
    
        if (structured) {
          const structuredPlanRecord = this.asRecord(structured.plan);
          const structuredPlanContent = this.firstNonEmptyString(
            structuredPlanRecord?.content,
          );
          const structuredPlanFiles =
            this.planManager.collectPlanFileCandidatesFromStructuredPlan(structuredPlanRecord);
          const structuredPlanFile = structuredPlanFiles[0];
    
          // DEBUG: Log what we got from the structured output
          this.logger.debug('Structured Plan Data', {
            structuredPlanRecord,
            structuredPlanFiles,
            structuredPlanFile,
            hasFile: !!structuredPlanRecord?.file,
            rawStructuredPlan: structured.plan,  // ← Add raw data
            allStructuredKeys: Object.keys(structured || {})  // ← Show all keys
          });
    
          // Resolve the plan filename: prefer what the agent declared in structured
          // output, then look for a matching filename in the message edits/patches,
          // then from markdown references. The viewer reads this to load the live
          // file from disk so the user sees the exact content the agent wrote.
          const editsForPlan: any[] = message.edits || [];
          const partsForPlan: any[] = message.parts || [];
          const fileCandidatesFromEditsAndParts: string[] = [];
          for (const edit of editsForPlan) {
            if (this.planManager.isLikelyPlanMarkdownFile(edit?.file)) {
              fileCandidatesFromEditsAndParts.push(edit.file);
            }
          }
          for (const part of partsForPlan) {
            if (part?.type !== "patch" || !Array.isArray(part.files)) {
              continue;
            }
            for (const patchFile of part.files) {
              if (this.planManager.isLikelyPlanMarkdownFile(patchFile)) {
                fileCandidatesFromEditsAndParts.push(patchFile);
              }
            }
          }
          const mergedPlanFiles = this.planManager.prioritizePlanFileCandidates([
            ...structuredPlanFiles,
            ...fileCandidatesFromEditsAndParts,
            ...this.planManager.extractMarkdownFileReferences(structuredPlanContent),
            ...this.planManager.extractMarkdownFileReferences(structuredPlanRecord?.summary),
            ...this.planManager.extractMarkdownFileReferences(structuredPlanRecord?.title),
          ]);
          const resolvedPlanFile = mergedPlanFiles[0];
    
          // DEBUG: Log the plan file extraction
          this.logger.debug('Plan File Extraction', {
            structuredPlanFile: structuredPlanFiles[0],
            mergedPlanFilesCount: mergedPlanFiles.length,
            resolvedPlanFile,
            fallbackPlanFile: resolvedPlanFile,
            hasPlanContent: !!structuredPlanContent,
            planContentLength: structuredPlanContent?.length || 0
          });
          const resolvedPlanTitle = this.planManager.resolvePlanTitle({
            plan: { title: this.firstNonEmptyString(structuredPlanRecord?.title) },
            fallback: this.firstNonEmptyString(structuredPlanRecord?.summary),
            planFile: resolvedPlanFile,
          });
          const fallbackPlanFile = resolvedPlanFile;
    
          if (
            structuredPlanContent &&
            typeof structuredPlanContent === "string" &&
            structuredPlanContent.length >= 200
          ) {
            if (this.isClarificationQuestionnaire(structuredPlanContent)) {
              return message;
            }
            if (!resolvedPlanFile) {
              this.persistPlan(
                structuredPlanContent,
                fallbackPlanFile,
              ).catch((err) => {
                this.logger.error("Failed to auto-persist structured plan", {}, err as Error);
              });
            }
    
            return {
              ...message,
              structuredOutput: structured,
              plan: {
                file: fallbackPlanFile,
                content: structuredPlanContent,
                title: resolvedPlanTitle,
                summary: this.firstNonEmptyString(structuredPlanRecord?.summary),
                files:
                  mergedPlanFiles.length > 0
                    ? mergedPlanFiles
                    : fallbackPlanFile
                      ? [fallbackPlanFile]
                      : undefined,
                fileCount:
                  mergedPlanFiles.length > 0
                    ? mergedPlanFiles.length
                    : fallbackPlanFile
                      ? 1
                      : 0,
              },
            };
          }
    
          if (
            structuredResponseType === "implementation_plan" &&
            structuredPlanFile
          ) {
            // Preserve structured file-only plans so the webview "View Plan" action
            // can open the plan tab directly from disk.
            return {
              ...message,
              structuredOutput: structured,
              plan: {
                file: fallbackPlanFile,
                title: resolvedPlanTitle,
                summary: this.firstNonEmptyString(structuredPlanRecord?.summary),
                files:
                  mergedPlanFiles.length > 0
                    ? mergedPlanFiles
                    : fallbackPlanFile
                      ? [fallbackPlanFile]
                      : undefined,
                fileCount:
                  mergedPlanFiles.length > 0
                    ? mergedPlanFiles.length
                    : fallbackPlanFile
                      ? 1
                      : 0,
              },
            };
          }
        }
    
        // Only honor implementation plans when the structured payload explicitly
        // declares responseType="implementation_plan".
        if (structuredResponseType !== "implementation_plan") {
          if (message.plan) {
            const nextMessage = { ...message };
            delete nextMessage.plan;
            return nextMessage;
          }
          return message;
        }
    
        // Check for implementation plan in edits, parts, or message content
        const edits = message.edits || [];
        const parts = message.parts || [];
        const info = message.info || {};
    
        // 1. Gather text body and fallback plan-like content in message summary,
        // parts, or plain content.
        const partsContent = parts
          .filter((p: any) => this.isRenderableTextPart(p)) // ignore reasoning parts directly
          .map((p: any) => {
            let c = p.text || p.content || "";
            if (p.files && Array.isArray(p.files)) c += " " + p.files.join(" ");
            return c;
          })
          .join(" ");
    
        // 2. Check for explicit markdown filenames in edits/parts/text.
        const extractedPlanFiles = this.planManager.prioritizePlanFileCandidates([
          ...edits
            .map((e: any) => this.firstNonEmptyString(e?.file))
            .filter(
              (file: unknown): file is string =>
                !!file && this.planManager.isLikelyPlanMarkdownFile(file),
            ),
          ...parts
            .filter((p: any) => p.type === "patch" && Array.isArray(p.files))
            .flatMap((p: any) =>
              (p.files as unknown[])
                .map((f) => this.firstNonEmptyString(f))
                .filter(
                  (file: unknown): file is string =>
                    !!file && this.planManager.isLikelyPlanMarkdownFile(file),
                ),
            ),
          ...this.planManager.extractMarkdownFileReferences(message?.content),
          ...this.planManager.extractMarkdownFileReferences(info.summary?.title),
          ...this.planManager.extractMarkdownFileReferences(info.summary?.body),
          ...this.planManager.extractMarkdownFileReferences(partsContent),
        ]);
        const hasPlanFile = extractedPlanFiles.length > 0;
    
        const fullContent =
          (info.summary?.title || "") +
          " " +
          (info.summary?.body || "") +
          " " +
          (message.content || "") +
          " " +
          partsContent;
    
        // Broadened regex to catch more variations of "Implementation Plan"
        // Also check if the title itself strongly indicates a plan
        const basicPlanKeywordMatch =
          /implementation\s*plan/i.test(fullContent) ||
          /goal\s*description/i.test(fullContent) ||
          /proposed\s*changes/i.test(fullContent) ||
          /implementation_plan\.md/i.test(fullContent) ||
          (/(plan|roadmap)/i.test(info.summary?.title || "") &&
            /(implementation|feature)/i.test(info.summary?.title || ""));
    
        // Require structural markers to avoid false positives from short mentions
        const hasStructuralMarkers =
          /##\s|###\s|- \[ \]|Files:|Steps:|Goal:/i.test(fullContent) ||
          // Long content is likely a real plan even if markers are missing
          fullContent.length > 500;
    
        const hasPlanKeywords = basicPlanKeywordMatch && hasStructuralMarkers;
        const looksLikeClarificationQuestions =
          this.isClarificationQuestionnaire(fullContent);
    
        // If the content looks like a clarification questionnaire, never promote it
        // into an implementation plan. If a plan was already attached, strip it.
        if (looksLikeClarificationQuestions) {
          if (message.plan) {
            this.logger.debug("Plan suppressed", {
              source: "enrichMessageWithPlan",
              reason: "clarification-detected",
              responseType: structuredResponseType || "unknown",
              hasInteractiveEvents: !!hasInteractiveEvents,
              isClarification: true,
            });
            const nextMessage = { ...message };
            delete nextMessage.plan;
            return nextMessage;
          }
          return message;
        }
    
        if (hasPlanFile || hasPlanKeywords) {
          // Extract and clean the plan content using the PlanParser
          let rawContent = message.content || partsContent;
    
          // If the AI structured output placed the overarching title in the summary but not the text, inject it as the H1
          const summaryTitle = info.summary?.title;
          if (summaryTitle && !rawContent.includes(summaryTitle)) {
            rawContent = `# ${summaryTitle}\n\n${rawContent}`;
          }
    
          const parsed = PlanParser.parse(rawContent);
          const cleanPlanContent = PlanParser.toMarkdown(parsed);
          const existingStructured = this.asRecord(message.structuredOutput);
          const existingStructuredPlan = this.asRecord(existingStructured?.plan);
          const resolvedPlanTitle = this.planManager.resolvePlanTitle({
            plan: {
              title: this.firstNonEmptyString(
                existingStructuredPlan?.title,
                message?.plan?.title,
              ),
            },
            fallback: parsed.goal,
            planFile: extractedPlanFiles[0],
          });
          const fallbackPlanFile = extractedPlanFiles[0];
    
          // PERSISTENCE: Automatically save the cleaned plan to disk.
          // This ensures handleViewPlan can read it even if the SDK didn't write it.
          // We only persist if it actually looks like a valid plan (has a goal or files/steps).
          if (
            cleanPlanContent.length > 100 &&
            (parsed.goal || parsed.files.length > 0 || parsed.steps.length > 0)
          ) {
            if (!extractedPlanFiles[0]) {
              this.persistPlan(
                cleanPlanContent,
                fallbackPlanFile,
              ).catch((err) => {
                this.logger.error("Failed to auto-persist cleaned plan", {}, err as Error);
              });
            }
          }
    
          const nextMessage = {
            ...message,
            plan: {
              file: fallbackPlanFile,
              content: cleanPlanContent,
              title: resolvedPlanTitle,
              intro: this.firstNonEmptyString(existingStructuredPlan?.intro, parsed.description),
              summary: parsed.description,
              files:
                extractedPlanFiles.length > 0
                  ? extractedPlanFiles
                  : fallbackPlanFile
                    ? [fallbackPlanFile]
                    : undefined,
              fileCount:
                parsed.files.length ||
                extractedPlanFiles.length ||
                (fallbackPlanFile ? 1 : 0),
            },
          };
          const nextStructured: Record<string, unknown> = existingStructured
            ? { ...existingStructured }
            : {};
          nextStructured.responseType = "implementation_plan";
          nextStructured.plan = {
            ...(existingStructuredPlan || {}),
            file:
              fallbackPlanFile ??
              this.firstNonEmptyString(existingStructuredPlan?.file),
            files:
              extractedPlanFiles.length > 0
                ? extractedPlanFiles
                : fallbackPlanFile
                  ? [fallbackPlanFile]
                  : existingStructuredPlan?.files,
            content: cleanPlanContent,
            title: resolvedPlanTitle,
            intro: this.firstNonEmptyString(existingStructuredPlan?.intro, parsed.description),
            summary:
              parsed.description ||
              this.firstNonEmptyString(existingStructuredPlan?.summary),
          };
          nextMessage.structuredOutput = nextStructured;
          if (message?.structuredOutput?.responseType !== "implementation_plan") {
            const planIntro = this.firstNonEmptyString(
              nextStructured.message,
              this.asRecord(nextStructured.plan)?.intro,
              this.asRecord(nextStructured.plan)?.summary,
            );
            if (planIntro) {
              nextStructured.message = planIntro;
              nextMessage.content = planIntro;
              const parts = Array.isArray(nextMessage.parts)
                ? [...nextMessage.parts]
                : [];
              const textIndex = parts.findIndex(
                (part: any) => this.isRenderableTextPart(part),
              );
              if (textIndex >= 0) {
                parts[textIndex] = {
                  ...parts[textIndex],
                  type: "text",
                  text: planIntro,
                };
              } else {
                parts.push({ type: "text", text: planIntro });
              }
              nextMessage.parts = parts;
            }
          }
          return nextMessage;
        }
    
        return message;
      }
    }
    
    
    /* FILE: E:\Projects\vscode-opencode\src\providers\chat\PlanManager.ts */
    
    /**
     * PlanManager Module
     *
     * Handles plan file detection, persistence, viewing, and file candidate resolution.
     *
     * Extracted from ChatViewProvider.ts (~450 lines)
     */
    
    import * as vscode from "vscode";
    import * as path from "path";
    import * as fs from "fs/promises";
    import { LoggingCategories } from "../../utils/LoggingSchema";
    
    export class PlanManager {
      constructor(
        private logger: ReturnType<typeof import("../../utils/Logger").createLogger>,
        private firstNonEmptyString: (...values: unknown[]) => string | undefined,
        private workspaceState: vscode.Memento,
      ) { }
    
      /**
       * Check if text is a plan proceed message
       */
      isPlanProceedMessageText(value: unknown): boolean {
        if (!value) return false;
        const str = String(value).toLowerCase().trim();
        return str === "/plan:proceed" || str.startsWith("/plan:proceed ");
      }
    
      /**
       * Normalize plan proceed user message
       */
      normalizePlanProceedUserMessage(message: any): any {
        if (!message) return message;
    
        const text = this.firstNonEmptyString(message.text, message.content);
        if (!text) return message;
    
        if (!this.isPlanProceedMessageText(text)) {
          return message;
        }
    
        const normalized = { ...message };
    
        const parts = text.split(/\s+/, 2);
        const command = parts[0] || "";
        const rest = parts[1] || "";
    
        if (rest && command) {
          const trimmedRest = rest.trim();
          const quoteMatches = trimmedRest.match(/^["'](.+)["']$/);
          const commentText = quoteMatches ? quoteMatches[1] : trimmedRest;
    
          normalized.planProceedComment = {
            id: `pp_${Date.now()}_${Math.random().toString(36).substr(2, 9)}`,
            text: commentText,
            createdAt: Date.now(),
            anchor: {
              startLine: 0,
              endLine: 0,
              selectedText: commentText,
            },
          };
        }
    
        normalized.text = "/plan:proceed";
        if (normalized.content) {
          normalized.content = "/plan:proceed";
        }
    
        return normalized;
      }
    
      /**
       * Check if plan title is generic
       */
      isGenericPlanTitle(value: unknown): boolean {
        if (!value) return false;
        const str = String(value).toLowerCase().trim();
        const genericTitles = [
          "implementation plan",
          "plan",
          "project plan",
          "development plan",
          "the plan",
          "my plan",
        ];
        return genericTitles.includes(str);
      }
    
      /**
       * Derive plan title from file path
       */
      derivePlanTitleFromFilePath(filePath: unknown): string | undefined {
        const normalized = this.normalizePlanFileReference(filePath);
        if (!normalized) return undefined;
    
        const fileName = path.basename(normalized);
        const withoutExt = fileName.replace(/\.md$/i, "");
    
        const cleaned = withoutExt
          .replace(/^implementation[_-]?plan[_-]?/i, "")
          .replace(/^plan[_-]?/i, "")
          .replace(/[_-]plan$/i, "")
          .replace(/[_-]\d{8,}$/, "")
          .trim();
    
        if (!cleaned) return undefined;
    
        const title = cleaned
          .replace(/[-_]+/g, " ")
          .replace(/\b\w/g, (c) => c.toUpperCase())
          .trim();
    
        return title || undefined;
      }
    
      /**
       * Resolve plan title from various sources
       */
      resolvePlanTitle(options: {
        plan?: { title?: string; file?: string };
        planFile?: string;
        fallback?: string;
      }): string | undefined {
        if (options.plan?.title && !this.isGenericPlanTitle(options.plan.title)) {
          return options.plan.title;
        }
    
        if (options.planFile) {
          const derived = this.derivePlanTitleFromFilePath(options.planFile);
          if (derived) return derived;
        }
    
        if (options.plan?.file) {
          const derived = this.derivePlanTitleFromFilePath(options.plan.file);
          if (derived) return derived;
        }
    
        if (options.fallback && !this.isGenericPlanTitle(options.fallback)) {
          return options.fallback;
        }
    
        return undefined;
      }
    
      /**
       * Persist plan content to disk
       */
      async persistPlan(
        content: string,
        preferredPath?: string,
      ): Promise<string | undefined> {
        const flow = this.logger.startFeatureFlow('PersistPlan', {
          hasContent: !!content,
          contentLength: content.length,
          preferredPath,
        });
    
        try {
          const normalizedContent = this.firstNonEmptyString(content);
          if (!normalizedContent) {
            this.logger.endFeatureFlow(flow, { status: 'skipped', reason: 'No content' });
            return undefined;
          }
    
          this.logger.featureStep(flow, 'normalizing_paths');
          const normalizedPreferred = this.normalizePlanFileReference(preferredPath);
          const resolvedPreferred = normalizedPreferred
            ? this.resolvePlanFileCandidates(normalizedPreferred)[0] ||
            path.normalize(normalizedPreferred)
            : undefined;
          const resolvedPath = resolvedPreferred;
          if (!resolvedPath) {
            this.logger.endFeatureFlow(flow, { status: 'failed', reason: 'No valid path' });
            return undefined;
          }
    
          this.logger.featureStep(flow, 'creating_directory', { path: path.dirname(resolvedPath) });
          const normalizedPath = path.normalize(resolvedPath);
          await vscode.workspace.fs.createDirectory(
            vscode.Uri.file(path.dirname(normalizedPath)),
          );
    
          this.logger.featureStep(flow, 'writing_file', { path: normalizedPath });
          await vscode.workspace.fs.writeFile(
            vscode.Uri.file(normalizedPath),
            new TextEncoder().encode(normalizedContent),
          );
    
          this.logger.info("Auto-persisted plan", { path: normalizedPath });
          this.logger.endFeatureFlow(flow, { status: 'completed' });
          return normalizedPath;
        } catch (err) {
          this.logger.error(`Failed to persist plan: ${err instanceof Error ? err.message : String(err)}`, { path: preferredPath });
          this.logger.endFeatureFlow(flow, { status: 'failed' });
          return undefined;
        }
      }
    
      /**
       * Normalize plan file reference
       */
      private normalizePlanFileReference(file: unknown): string | undefined {
        const raw = this.firstNonEmptyString(file);
        if (!raw) {
          return undefined;
        }
    
        let value = raw.trim();
        if (!value) {
          return undefined;
        }
    
        if (value.startsWith("file://")) {
          try {
            const uri = vscode.Uri.parse(value);
            if (uri.scheme === "file" && uri.fsPath) {
              value = uri.fsPath;
            }
          } catch {
            // Keep string cleanup fallback below.
          }
        }
    
        // Strip common markdown wrappers around file paths.
        value = value
          .replace(/^`+|`+$/g, "")
          .replace(/^"+|"+$/g, "")
          .replace(/^'+|'+$/g, "")
          .replace(/^<+|>+$/g, "")
          .replace(/^\(+|\)+$/g, "")
          .trim();
    
        return value || undefined;
      }
    
      /**
       * Check if file is likely a plan markdown file
       */
      isLikelyPlanMarkdownFile(file: unknown): boolean {
        const normalized = this.normalizePlanFileReference(file);
        if (!normalized || !normalized.toLowerCase().endsWith(".md")) {
          return false;
        }
        const lower = normalized.replace(/\\/g, "/").toLowerCase();
        if (lower.includes("/node_modules/")) {
          return false;
        }
        if (
          /(^|\/)implementation_plan_comments_[^/]+\.md$/.test(lower) ||
          /(^|\/)[^/]+_comments\.md$/.test(lower)
        ) {
          return false;
        }
        const isPlanDirectoryPath =
          /(^|\/)\.?plans?\//.test(lower) || /(^|\/)planning\//.test(lower);
        return (
          isPlanDirectoryPath ||
          /(^|\/)implementation_plan(?:_[a-z0-9-]+)?\.md$/.test(lower) ||
          /(^|\/)plans?\//.test(lower) ||
          lower.includes("plan")
        );
      }
    
      /**
       * Get plan file candidate score
       */
      getPlanFileCandidateScore(filePath: string): number {
        const normalized = filePath.replace(/\\/g, "/").toLowerCase();
        let score = 0;
        const isPlanDirectoryPath =
          /(^|\/)\.?plans?\//.test(normalized) || /(^|\/)planning\//.test(normalized);
        if (isPlanDirectoryPath) {
          score += 60;
        }
    
        if (normalized.includes("plan")) {
          score += 50;
        }
    
        if (/(^|\/)implementation_plan\.md$/.test(normalized)) {
          score += 40;
        }
    
        if (/(^|\/)implementation_plan_[a-z0-9-]+\.md$/.test(normalized)) {
          score += 35;
        }
    
        if (/(^|\/)plans?\//.test(normalized)) {
          score += 30;
        }
    
        const depth = (normalized.match(/\//g) || []).length;
        score -= depth * 2;
    
        if (normalized.includes("/node_modules/")) {
          score -= 1000;
        }
    
        if (normalized.includes("/.git/")) {
          score -= 1000;
        }
    
        return Math.max(0, score);
      }
    
      /**
       * Prioritize plan file candidates
       */
      prioritizePlanFileCandidates(candidates: Array<unknown>, explicitFiles?: Set<string>): string[] {
        const normalizedCandidates = candidates
          .map((c) => this.normalizePlanFileReference(c))
          .filter((c): c is string => Boolean(c));
    
        const scored = normalizedCandidates.map((filePath) => ({
          filePath,
          score: this.getPlanFileCandidateScore(filePath),
          isExplicit: explicitFiles?.has(filePath),
        }));
    
        scored.sort((a, b) => {
          if (a.isExplicit && !b.isExplicit) return -1;
          if (!a.isExplicit && b.isExplicit) return 1;
          return b.score - a.score;
        });
    
        return scored.map((s) => s.filePath);
      }
    
      /**
       * Collect plan file candidates from structured plan
       */
      collectPlanFileCandidatesFromStructuredPlan(structured: any): string[] {
        const candidates: string[] = [];
    
        // DEBUG: Log input to trace file property
        this.logger.debug('collectPlanFileCandidatesFromStructuredPlan INPUT', {
          hasStructured: !!structured,
          type: typeof structured,
          keys: structured ? Object.keys(structured) : [],
          hasFile: structured && 'file' in structured,
          fileValue: structured?.file,
          hasFiles: structured && 'files' in structured,
          filesValue: structured?.files,
          fullObject: structured ? JSON.stringify(structured, null, 2) : 'undefined'
        });
    
        // structured is the plan object itself (with file, title, content, etc.)
        // not the parent structured output object
        if (structured?.file) {
          const normalized = this.normalizePlanFileReference(structured.file);
          if (normalized) {
            candidates.push(normalized);
          }
        }
    
        if (structured?.files && Array.isArray(structured.files)) {
          for (const file of structured.files) {
            const normalized = this.normalizePlanFileReference(file);
            if (normalized && !candidates.includes(normalized)) {
              candidates.push(normalized);
            }
          }
        }
    
        this.logger.debug('collectPlanFileCandidatesFromStructuredPlan OUTPUT', {
          candidatesCount: candidates.length,
          candidates: candidates,
          firstCandidate: candidates[0]
        });
    
        return candidates;
      }
    
      /**
       * Resolve plan file candidates
       */
      resolvePlanFileCandidates(planFile: string): string[] {
        const normalized = this.normalizePlanFileReference(planFile);
        if (!normalized) {
          return [];
        }
    
        const candidates: string[] = [];
    
        candidates.push(normalized);
    
        const workspaceFolder = vscode.workspace.workspaceFolders?.[0];
        if (workspaceFolder && workspaceFolder.uri.scheme === "file") {
          const workspacePath = workspaceFolder.uri.fsPath;
          const absolutePath = path.isAbsolute(normalized)
            ? normalized
            : path.join(workspacePath, normalized);
    
          if (absolutePath !== normalized) {
            candidates.push(absolutePath);
          }
    
          if (!normalized.endsWith(".md")) {
            candidates.push(`${normalized}.md`);
            candidates.push(`${absolutePath}.md`);
          }
        }
    
        return Array.from(new Set(candidates));
      }
    
      /**
       * Read plan file from disk
       */
      private async readPlanFileFromDisk(filePath: string): Promise<string | undefined> {
        try {
          const normalized = path.normalize(filePath);
          const content = await vscode.workspace.fs.readFile(
            vscode.Uri.file(normalized),
          );
          return Buffer.from(content).toString("utf-8");
        } catch {
          return undefined;
        }
      }
    
      /**
       * Extract markdown file references from text
       */
      extractMarkdownFileReferences(text: unknown): string[] {
        if (!text) return [];
        const str = String(text);
    
        const markdownLinkPattern = /\[([^\]]+)\]\(([^)]+\.md)\)/gi;
        const markdownLinkRefPattern = /^\[([^\]]+)\]:\s*(.+\.md)$/gmi;
        const codeBlockPattern = /```[\s\S]*?```/g;
        const inlineCodePattern = /`[^`]+`/g;
        const plainMdPattern = /\b[\w-]+\.md\b/gi;
    
        const cleaned = str
          .replace(codeBlockPattern, "")
          .replace(inlineCodePattern, "");
    
        const references = new Set<string>();
    
        let match;
        while ((match = markdownLinkPattern.exec(cleaned)) !== null) {
          const filePath = match[2];
          const normalized = this.normalizePlanFileReference(filePath);
          if (normalized) {
            references.add(normalized);
          }
        }
    
        while ((match = markdownLinkRefPattern.exec(str)) !== null) {
          const filePath = match[2];
          const normalized = this.normalizePlanFileReference(filePath);
          if (normalized) {
            references.add(normalized);
          }
        }
    
        while ((match = plainMdPattern.exec(cleaned)) !== null) {
          const filePath = match[0];
          const normalized = this.normalizePlanFileReference(filePath);
          if (normalized) {
            references.add(normalized);
          }
        }
    
        return Array.from(references);
      }
    
      /**
       * Discover likely plan file candidates
       */
      async discoverLikelyPlanFileCandidates(): Promise<string[]> {
        const flow = this.logger.startFeatureFlow('DiscoverPlanFiles', {});
    
        const workspaceFolder = vscode.workspace.workspaceFolders?.[0];
        if (!workspaceFolder || workspaceFolder.uri.scheme !== "file") {
          this.logger.endFeatureFlow(flow, { status: 'skipped', reason: 'No valid workspace folder' });
          return [];
        }
    
        const workspacePath = workspaceFolder.uri.fsPath;
        this.logger.featureStep(flow, 'workspace_valid', { workspacePath });
    
        try {
          this.logger.featureStep(flow, 'searching_for_plan_files');
          const startTime = Date.now();
          const planFiles = await vscode.workspace.findFiles(
            new vscode.RelativePattern(workspaceFolder, "**/*plan*.md"),
            "**/{node_modules,.git,dist,build}/**",
          );
          this.logger.featureStep(flow, 'files_found', {
            count: planFiles.length,
            duration: Date.now() - startTime,
          });
    
          const scored = planFiles
            .map((uri) => uri.fsPath)
            .filter((filePath) => this.isLikelyPlanMarkdownFile(filePath))
            .map((filePath) => ({
              filePath,
              score: this.getPlanFileCandidateScore(filePath),
            }))
            .filter((item) => item.score > 0)
            .sort((a, b) => b.score - a.score)
            .slice(0, 10)
            .map((item) => item.filePath);
    
          this.logger.info("Plan file discovery completed", {
            totalFound: planFiles.length,
            afterScoring: scored.length,
            topCandidates: scored.slice(0, 3),
          });
    
          this.logger.endFeatureFlow(flow, {
            status: 'completed',
            totalCandidates: scored.length,
            duration: Date.now() - startTime,
          });
          return scored;
        } catch (err) {
          this.logger.error("Plan file discovery failed", { workspacePath }, err as Error);
          this.logger.endFeatureFlow(flow, { status: 'failed', error: String(err) });
          return [];
        }
      }
    
      /**
       * Handle view plan command
       */
      async handleViewPlan(plan: {
        file?: string;
        content?: string;
        title?: string;
        summary?: string;
        files?: any[];
        fileCount?: number;
      }): Promise<void> {
        if (!plan) {
          return;
        }
    
        const normalizedPlanFile = this.normalizePlanFileReference(plan.file);
        const fileCandidates = normalizedPlanFile
          ? this.resolvePlanFileCandidates(normalizedPlanFile)
          : [];
    
        const explicitFiles = new Set<string>();
        if (normalizedPlanFile) {
          explicitFiles.add(normalizedPlanFile);
        }
        if (Array.isArray(plan.files)) {
          for (const file of plan.files) {
            const normalized = this.normalizePlanFileReference(file);
            if (normalized) {
              explicitFiles.add(normalized);
            }
          }
        }
    
        const prioritizedCandidates = this.prioritizePlanFileCandidates(fileCandidates, explicitFiles);
        if (!normalizedPlanFile) {
          prioritizedCandidates.push(
            ...(await this.discoverLikelyPlanFileCandidates()),
          );
        }
    
        let resolvedFile: string | undefined;
        let planData: string | undefined;
    
        for (const candidate of prioritizedCandidates) {
          planData = await this.readPlanFileFromDisk(candidate);
          if (planData) {
            resolvedFile = candidate;
            break;
          }
        }
    
        if (!planData && prioritizedCandidates.length > 0) {
          void vscode.window.showErrorMessage(
            `Could not read plan file: ${normalizedPlanFile ?? prioritizedCandidates[0]}`,
          );
          return;
        }
    
        if (
          !planData &&
          prioritizedCandidates.length === 0 &&
          plan.content &&
          typeof plan.content === "string"
        ) {
          planData = plan.content;
        }
    
        if (!planData) {
          this.logger.warn("No plan content available to view", {
            planFile: normalizedPlanFile,
            candidates: prioritizedCandidates.slice(0, 5),
          });
          return;
        }
    
        const planTitle = this.resolvePlanTitle({
          plan,
          planFile: resolvedFile,
        });
    
        // Use VSCode command to show plan in PlanViewProvider panel
        await vscode.commands.executeCommand("opencode.showPlan", {
          content: planData,
          title: planTitle,
          sourceFile: resolvedFile,
        });
      }
    }
    
    
    /* FILE: E:\Projects\vscode-opencode\src\providers\chat\SubagentPersistence.ts */
    
    /**
     * SubagentPersistence Module
     *
     * Handles persisting/loading subagent snapshots and building payloads from messages.
     *
     * Extracted from ChatViewProvider.ts (~250 lines)
     */
    
    import * as vscode from "vscode";
    import type { SubagentTracker } from "../../services/SubagentTracker";
    import type { SubagentUpdatePayload } from "../../services/SubagentTracker";
    
    export class SubagentPersistence {
      private static readonly SUBAGENT_SNAPSHOT_PREFIX =
        "opencode.session.subagents.";
    
      constructor(
        private workspaceState: vscode.Memento,
        private subagentTracker: SubagentTracker,
        private logger: ReturnType<typeof import("../../utils/Logger").createLogger>,
        private asRecord: (value: unknown) => Record<string, unknown> | undefined,
        private firstNonEmptyString: (...values: unknown[]) => string | undefined,
        private normalizeSubagentStatus: (status: unknown) => string,
        private mergeSubagentEntries: (existing: any[], updates: any[]) => any[],
        private hydrateSubagentsFromPayload: (
          parentMessageId: string,
          payload: SubagentUpdatePayload,
          sessionId: string,
        ) => any[],
        private resolveSubagentPayloadSessionId: (payload: {
          summariesByParentMessageId?: Record<string, unknown>;
          sessionId?: string;
          childSessionId?: string;
        }) => string | undefined,
      ) { }
    
      /**
       * Get storage key for subagent snapshot
       */
      getSubagentSnapshotStorageKey(sessionId: string): string {
        return `${SubagentPersistence.SUBAGENT_SNAPSHOT_PREFIX}${sessionId}`;
      }
    
      /**
       * Normalize subagent payload
       */
      normalizeSubagentPayload(
        payload: unknown,
      ): SubagentUpdatePayload {
        const rec = this.asRecord(payload) || {};
        const summariesByParentMessageId =
          this.asRecord(rec.summariesByParentMessageId) || {};
        const detailsById = this.asRecord(rec.detailsById) || {};
        return {
          summariesByParentMessageId:
            summariesByParentMessageId as SubagentUpdatePayload["summariesByParentMessageId"],
          detailsById: detailsById as SubagentUpdatePayload["detailsById"],
        };
      }
    
      /**
       * Merge subagent payloads
       */
      mergeSubagentPayloads(
        existing: SubagentUpdatePayload,
        incoming: SubagentUpdatePayload,
      ): SubagentUpdatePayload {
        const mergedSummaries: Record<string, unknown[]> = {};
        const existingSummaries =
          this.asRecord(existing.summariesByParentMessageId) || {};
        const incomingSummaries =
          this.asRecord(incoming.summariesByParentMessageId) || {};
        const parentMessageIds = new Set<string>([
          ...Object.keys(existingSummaries),
          ...Object.keys(incomingSummaries),
        ]);
        for (const parentMessageId of Array.from(parentMessageIds)) {
          const merged = this.mergeSubagentEntries(
            Array.isArray(existingSummaries[parentMessageId]) ? existingSummaries[parentMessageId] as any[] : [],
            Array.isArray(incomingSummaries[parentMessageId])
              ? (incomingSummaries[parentMessageId] as Array<Record<string, unknown>>)
              : [],
          );
          if (merged.length > 0) {
            mergedSummaries[parentMessageId] = merged;
          }
        }
    
        const mergedDetails: Record<string, unknown> = {};
        const existingDetails = this.asRecord(existing.detailsById) || {};
        const incomingDetails = this.asRecord(incoming.detailsById) || {};
        const detailIds = new Set<string>([
          ...Object.keys(existingDetails),
          ...Object.keys(incomingDetails),
        ]);
        for (const detailId of Array.from(detailIds)) {
          const prev = this.asRecord(existingDetails[detailId]) || {};
          const next = this.asRecord(incomingDetails[detailId]) || {};
          mergedDetails[detailId] = {
            ...prev,
            ...next,
            id: this.firstNonEmptyString(next.id, prev.id, detailId) || detailId,
          };
        }
    
        return {
          summariesByParentMessageId:
            mergedSummaries as SubagentUpdatePayload["summariesByParentMessageId"],
          detailsById: mergedDetails as SubagentUpdatePayload["detailsById"],
        };
      }
    
      /**
       * Load persisted subagent snapshot
       */
      async loadPersistedSubagentSnapshot(
        sessionId: string,
      ): Promise<SubagentUpdatePayload | null> {
        const raw = this.workspaceState.get<unknown>(
          this.getSubagentSnapshotStorageKey(sessionId),
        );
        if (!raw) {
          return null;
        }
        const normalized = this.normalizeSubagentPayload(raw);
        const hasEntries =
          Object.keys(normalized.summariesByParentMessageId || {}).length > 0 ||
          Object.keys(normalized.detailsById || {}).length > 0;
        return hasEntries ? normalized : null;
      }
    
      /**
       * Save persisted subagent snapshot
       */
      async savePersistedSubagentSnapshot(
        sessionId: string,
        payload: SubagentUpdatePayload,
      ): Promise<void> {
        await this.workspaceState.update(
          this.getSubagentSnapshotStorageKey(sessionId),
          payload,
        );
      }
    
      /**
       * Clear persisted subagent snapshot
       */
      async clearPersistedSubagentSnapshot(
        sessionId: string,
      ): Promise<void> {
        await this.workspaceState.update(
          this.getSubagentSnapshotStorageKey(sessionId),
          undefined,
        );
      }
    
      /**
       * Persist subagent live state
       */
      async persistSubagentLiveState(
        sessionId: string,
        payload: SubagentUpdatePayload,
      ): Promise<SubagentUpdatePayload> {
        const existing = await this.loadPersistedSubagentSnapshot(sessionId);
        const merged = existing
          ? this.mergeSubagentPayloads(existing, payload)
          : payload;
        await this.savePersistedSubagentSnapshot(sessionId, merged);
        return merged;
      }
    
      /**
       * Build subagent payload from message
       */
      buildSubagentPayloadFromMessage(
        messageRaw: unknown,
        fallbackSessionId: string,
      ): SubagentUpdatePayload | null {
        const message = this.asRecord(messageRaw);
        if (!message) {
          return null;
        }
        const info = this.asRecord(message.info);
        const messageId = this.firstNonEmptyString(
          info?.id,
          message.id,
          message.messageID,
        );
        const subagentsRaw = Array.isArray(message.subagents)
          ? message.subagents
          : [];
        if (!messageId || subagentsRaw.length === 0) {
          return null;
        }
    
        const summaries: Array<Record<string, unknown>> = [];
        const detailsById: Record<string, unknown> = {};
    
        for (const subagentRaw of subagentsRaw) {
          const subagent = this.asRecord(subagentRaw);
          if (!subagent) {
            continue;
          }
          const id = this.firstNonEmptyString(subagent.id);
          if (!id) {
            continue;
          }
          const parentSessionId = this.firstNonEmptyString(
            subagent.parentSessionId,
            fallbackSessionId,
          );
          const parentMessageId = this.firstNonEmptyString(
            subagent.parentMessageId,
            messageId,
          );
          if (!parentSessionId || !parentMessageId) {
            continue;
          }
    
          const normalized: Record<string, unknown> = {
            ...subagent,
            id,
            parentSessionId,
            parentMessageId,
            status: this.normalizeSubagentStatus(subagent.status),
            latestActivity:
              this.firstNonEmptyString(
                subagent.latestActivity,
                subagent.description,
              ) || "Subagent update",
          };
          if (!Array.isArray(normalized.references)) {
            normalized.references = [];
          }
          if (!Array.isArray(normalized.progressEvents)) {
            normalized.progressEvents = [];
          }
          if (!Array.isArray(normalized.thinkingEvents)) {
            normalized.thinkingEvents = [];
          }
          if (!Array.isArray(normalized.timelineEvents)) {
            normalized.timelineEvents = [];
          }
    
          summaries.push({
            id,
            parentSessionId,
            parentMessageId,
            childSessionId: normalized.childSessionId,
            agentId: normalized.agentId,
            providerID: normalized.providerID,
            modelID: normalized.modelID,
            startedAt: normalized.startedAt,
            endedAt: normalized.endedAt,
            durationMs: normalized.durationMs,
            status: normalized.status,
            latestActivity: normalized.latestActivity,
            references: normalized.references,
          });
          detailsById[id] = normalized;
        }
    
        if (summaries.length === 0) {
          return null;
        }
    
        return {
          summariesByParentMessageId: {
            [messageId]: summaries as SubagentUpdatePayload["summariesByParentMessageId"][string],
          } as SubagentUpdatePayload["summariesByParentMessageId"],
          detailsById: detailsById as SubagentUpdatePayload["detailsById"],
        };
      }
    
      /**
       * Persist subagent update snapshot
       */
      async persistSubagentUpdateSnapshot(
        payload: {
          summariesByParentMessageId?: Record<string, unknown>;
          detailsById?: Record<string, unknown>;
        },
        currentSessionId: string | undefined,
        sessionService: any,
        postMessage: (msg: any) => void,
      ): Promise<void> {
        const summariesMap = this.asRecord(payload.summariesByParentMessageId) || {};
        const parentMessageIds = Object.keys(summariesMap).filter(Boolean);
        if (parentMessageIds.length === 0) {
          return;
        }
    
        const sessionId =
          this.resolveSubagentPayloadSessionId(payload) || currentSessionId;
        if (!sessionId) {
          return;
        }
    
        const normalizedPayload = this.normalizeSubagentPayload(payload);
        await this.persistSubagentLiveState(sessionId, normalizedPayload);
    
        const cachedMessages = await sessionService.loadSessionMessages(
          sessionId,
        );
        if (!Array.isArray(cachedMessages) || cachedMessages.length === 0) {
          return;
        }
    
        let hasChanges = false;
        const nextMessages = cachedMessages.map((rawMessage: any) => {
          const message = this.asRecord(rawMessage);
          if (!message) {
            return rawMessage;
          }
    
          const info = this.asRecord(message.info);
          const messageId = this.firstNonEmptyString(
            info?.id,
            message.id,
            message.messageID,
          );
          if (!messageId || !parentMessageIds.includes(messageId)) {
            return rawMessage;
          }
    
          const incomingSubagents = this.hydrateSubagentsFromPayload(
            messageId,
            normalizedPayload,
            sessionId,
          );
          if (incomingSubagents.length === 0) {
            return rawMessage;
          }
    
          const mergedSubagents = this.mergeSubagentEntries(
            Array.isArray(message.subagents) ? message.subagents as any[] : [],
            incomingSubagents,
          );
          const nextMessage: Record<string, unknown> = {
            ...message,
            subagents: mergedSubagents,
          };
          hasChanges = true;
          return nextMessage;
        });
    
        if (!hasChanges) {
          return;
        }
    
        await sessionService.saveSessionMessages(sessionId, nextMessages);
      }
    
      /**
       * Sync subagent snapshot for session
       */
      async syncSubagentSnapshotForSession(
        sessionId: string,
        messages: any[],
      ): Promise<SubagentUpdatePayload> {
        this.subagentTracker.resetForSession(sessionId);
        this.subagentTracker.seedFromMessages(messages);
        const trackerSnapshot = this.subagentTracker.getSnapshotPayload();
        const persistedSnapshot =
          await this.loadPersistedSubagentSnapshot(sessionId);
        const mergedSnapshot = persistedSnapshot
          ? this.mergeSubagentPayloads(persistedSnapshot, trackerSnapshot)
          : trackerSnapshot;
        // Note: postMessage callback will be set by the shell
        // this.view?.webview.postMessage({
        //   type: "subagentSnapshot",
        //   ...mergedSnapshot,
        // });
        await this.savePersistedSubagentSnapshot(sessionId, mergedSnapshot);
        return mergedSnapshot;
      }
    }
    
    
    /* FILE: E:\Projects\vscode-opencode\src\providers\chat\CompactionManager.ts */
    
    /**
     * CompactionManager Module
     *
     * Handles context compaction lifecycle, persistence, and UI state management.
     *
     * Extracted from ChatViewProvider.ts (~300 lines)
     */
    
    import * as vscode from "vscode";
    import type { OpencodeServerManager } from "../../services/OpencodeServerManager";
    import type { CompactionBaselineStats, PersistedCompactionViewState } from "./types";
    
    export class CompactionManager {
      private static readonly COMPACTION_VIEW_STATE_PREFIX =
        "opencode.session.compaction-view.";
    
      private compactingSessions = new Set<string>();
    
      constructor(
        private workspaceState: vscode.Memento,
        private serverManager: OpencodeServerManager,
        private logger: ReturnType<typeof import("../../utils/Logger").createLogger>,
        private asRecord: (value: unknown) => Record<string, unknown> | undefined,
        private firstNonEmptyString: (...values: unknown[]) => string | undefined,
        private processHistoryMessages: (messages: any[], sessionId: string) => Promise<any[]>,
      ) {
        // postMessage callback will be set by shell
        this.postMessage = () => { };
      }
    
      private postMessage: (msg: any) => void;
    
      setPostMessage(fn: (msg: any) => void): void {
        this.postMessage = fn;
      }
    
      /**
       * Get storage key for compaction view state
       */
      getCompactionViewStateStorageKey(sessionId: string): string {
        return `${CompactionManager.COMPACTION_VIEW_STATE_PREFIX}${sessionId}`;
      }
    
      /**
       * Normalize compaction baseline stats
       */
      normalizeCompactionBaselineStats(
        value: unknown,
      ): CompactionBaselineStats | undefined {
        const rec = this.asRecord(value);
        if (!rec) {
          return undefined;
        }
    
        const normalize = (raw: unknown): number | undefined =>
          typeof raw === "number" && Number.isFinite(raw) && raw >= 0
            ? Math.floor(raw)
            : undefined;
    
        const input = normalize(rec.input);
        const output = normalize(rec.output);
        const read = normalize(rec.read);
        const write = normalize(rec.write);
        const duration = normalize(rec.duration);
    
        if (
          input === undefined &&
          output === undefined &&
          read === undefined &&
          write === undefined &&
          duration === undefined
        ) {
          return undefined;
        }
    
        return {
          input: input ?? 0,
          output: output ?? 0,
          read: read ?? 0,
          write: write ?? 0,
          duration: duration ?? 0,
        };
      }
    
      /**
       * Normalize compaction view state
       */
      normalizeCompactionViewState(
        value: unknown,
      ): PersistedCompactionViewState | null {
        const rec = this.asRecord(value);
        if (!rec) {
          return null;
        }
    
        const next: PersistedCompactionViewState = {};
        if (
          typeof rec.lastCompactedAt === "number" &&
          Number.isFinite(rec.lastCompactedAt) &&
          rec.lastCompactedAt > 0
        ) {
          next.lastCompactedAt = Math.floor(rec.lastCompactedAt);
        }
        const baselineStats = this.normalizeCompactionBaselineStats(
          rec.baselineStats,
        );
        if (baselineStats) {
          next.baselineStats = baselineStats;
        }
        if (
          typeof rec.compactionDividerIndex === "number" &&
          Number.isFinite(rec.compactionDividerIndex) &&
          rec.compactionDividerIndex >= 0
        ) {
          next.compactionDividerIndex = Math.floor(rec.compactionDividerIndex);
        }
        const dividerBeforeMessageId = this.firstNonEmptyString(
          rec.compactionDividerBeforeMessageId,
        );
        if (dividerBeforeMessageId) {
          next.compactionDividerBeforeMessageId = dividerBeforeMessageId;
        }
        const dividerAfterMessageId = this.firstNonEmptyString(
          rec.compactionDividerAfterMessageId,
        );
        if (dividerAfterMessageId) {
          next.compactionDividerAfterMessageId = dividerAfterMessageId;
        }
        if (typeof rec.collapsed === "boolean") {
          next.collapsed = rec.collapsed;
        }
    
        return Object.keys(next).length > 0 ? next : null;
      }
    
      /**
       * Load persisted compaction view state
       */
      async loadPersistedCompactionViewState(
        sessionId: string,
      ): Promise<PersistedCompactionViewState | null> {
        const raw = this.workspaceState.get<unknown>(
          this.getCompactionViewStateStorageKey(sessionId),
        );
        return this.normalizeCompactionViewState(raw);
      }
    
      /**
       * Save persisted compaction view state
       */
      async savePersistedCompactionViewState(
        sessionId: string,
        state: PersistedCompactionViewState,
      ): Promise<void> {
        await this.workspaceState.update(
          this.getCompactionViewStateStorageKey(sessionId),
          state,
        );
      }
    
      /**
       * Clear persisted compaction view state
       */
      async clearPersistedCompactionViewState(
        sessionId: string,
      ): Promise<void> {
        await this.workspaceState.update(
          this.getCompactionViewStateStorageKey(sessionId),
          undefined,
        );
      }
    
      /**
       * Post compaction view state to webview
       */
      postCompactionViewState(
        sessionId: string,
        state: PersistedCompactionViewState,
      ): void {
        this.postMessage({
          type: "compactionViewState",
          sessionId,
          ...state,
        });
      }
    
      /**
       * Send persisted compaction view state to webview
       */
      async sendPersistedCompactionViewState(
        sessionId: string,
      ): Promise<void> {
        const state = await this.loadPersistedCompactionViewState(sessionId);
        if (!state) {
          return;
        }
        this.postCompactionViewState(sessionId, state);
      }
    
      /**
       * Resolve session compaction divider state
       */
      async resolveSessionCompactionDividerState(
        sessionId: string,
        sessionService: any,
      ): Promise<{
        compactionDividerIndex?: number;
        compactionDividerBeforeMessageId?: string;
        compactionDividerAfterMessageId?: string;
      }> {
        try {
          const rawMessages = await sessionService.getMessages(sessionId);
          const messages = Array.isArray(rawMessages)
            ? await this.processHistoryMessages(rawMessages, sessionId)
            : [];
    
          const state = await this.loadPersistedCompactionViewState(sessionId);
          if (!state) {
            return {};
          }
    
          const dividerIndex = state.compactionDividerIndex;
          if (dividerIndex === undefined || dividerIndex < 0 || dividerIndex >= messages.length) {
            return {};
          }
    
          const beforeMessage = messages[dividerIndex];
          const afterMessage = messages[dividerIndex + 1];
    
          return {
            compactionDividerIndex: dividerIndex,
            compactionDividerBeforeMessageId: this.firstNonEmptyString(
              beforeMessage?.id,
              beforeMessage?.messageId,
            ),
            compactionDividerAfterMessageId: this.firstNonEmptyString(
              afterMessage?.id,
              afterMessage?.messageId,
            ),
          };
        } catch {
          return {};
        }
      }
    
      /**
       * Post compaction status
       */
      postCompactionStatus(payload: {
        sessionId: string;
        status: string;
        error?: string;
        compacted?: boolean;
        baselineStats?: CompactionBaselineStats;
        compactionDividerBeforeMessageId?: string;
        compactionDividerAfterMessageId?: string;
      }): void {
        this.postMessage({
          type: "compactionStatus",
          ...payload,
        });
      }
    
      /**
       * Persist and publish compaction view state
       */
      async persistAndPublishCompactionViewState(
        sessionId: string,
        state: PersistedCompactionViewState,
      ): Promise<void> {
        await this.savePersistedCompactionViewState(sessionId, state);
        this.postCompactionViewState(sessionId, state);
      }
    
      /**
       * Handle set compaction view state
       */
      async handleSetCompactionViewState(message: {
        sessionId: string;
        collapsed?: boolean;
        compactionDividerIndex?: number;
        compactionDividerBeforeMessageId?: string;
        compactionDividerAfterMessageId?: string;
      }): Promise<void> {
        const { sessionId, collapsed } = message;
        const state = await this.loadPersistedCompactionViewState(sessionId);
        if (!state) {
          return;
        }
        state.collapsed = collapsed;
        if (
          typeof message.compactionDividerIndex === "number" &&
          Number.isFinite(message.compactionDividerIndex) &&
          message.compactionDividerIndex >= 0
        ) {
          state.compactionDividerIndex = Math.floor(message.compactionDividerIndex);
        }
        const dividerBefore = this.firstNonEmptyString(
          message.compactionDividerBeforeMessageId,
        );
        if (dividerBefore) {
          state.compactionDividerBeforeMessageId = dividerBefore;
        }
        const dividerAfter = this.firstNonEmptyString(
          message.compactionDividerAfterMessageId,
        );
        if (dividerAfter) {
          state.compactionDividerAfterMessageId = dividerAfter;
        }
        await this.persistAndPublishCompactionViewState(sessionId, state);
      }
    
      /**
       * Resolve compaction session ID
       */
      async resolveCompactionSessionId(message: {
        sessionId?: string;
        compactSession?: string;
      }): Promise<string | undefined> {
        if (message.sessionId) {
          return message.sessionId;
        }
        if (message.compactSession) {
          return message.compactSession;
        }
        return undefined;
      }
    
      /**
       * Get selected model context limit
       */
      getSelectedModelContextLimit(): number | undefined {
        // This will be provided by the shell via callback
        return undefined;
      }
    
      /**
       * Maybe auto compact session
       */
      async maybeAutoCompact(
        sessionId: string,
        responseData: any,
        sessionService: any,
      ): Promise<void> {
        if (!responseData?.usage) {
          return;
        }
    
        const contextLimit = this.getSelectedModelContextLimit();
        if (!contextLimit) {
          return;
        }
    
        const totalTokens = (responseData.usage.inputTokens || 0) +
          (responseData.usage.totalTokens || 0) +
          (responseData.usage.prompt_tokens || 0);
    
        const threshold = Math.floor(contextLimit * 0.8);
        if (totalTokens < threshold) {
          return;
        }
    
        if (this.compactingSessions.has(sessionId)) {
          return;
        }
    
        this.logger.info("Auto-compaction threshold reached", {
          sessionId,
          totalTokens,
          threshold,
          contextLimit,
        });
    
        await this.handleCompactSession(
          sessionId,
          { auto: true, threshold: totalTokens },
          sessionService,
        );
      }
    
      /**
       * Handle compact session
       */
      async handleCompactSession(
        sessionId: string,
        options: { auto?: boolean; threshold?: number },
        sessionService: any,
      ): Promise<void> {
        if (this.compactingSessions.has(sessionId)) {
          this.logger.warn("Compaction already in progress", { sessionId });
          return;
        }
    
        this.compactingSessions.add(sessionId);
    
        try {
          const dividerState = await this.resolveSessionCompactionDividerState(
            sessionId,
            sessionService,
          );
    
          this.postCompactionStatus({
            sessionId,
            status: "running",
          });
    
          const response = await this.serverManager.compactSession(sessionId);
    
          if (!response?.data) {
            throw new Error("No data in compaction response");
          }
    
          const baselineStats = this.normalizeCompactionBaselineStats(
            (response.data as Record<string, unknown>)?.baselineStats,
          );
    
          const state: PersistedCompactionViewState = {
            lastCompactedAt: Date.now(),
            baselineStats,
            collapsed: false,
            compactionDividerIndex: dividerState.compactionDividerIndex,
            compactionDividerBeforeMessageId:
              dividerState.compactionDividerBeforeMessageId,
            compactionDividerAfterMessageId:
              dividerState.compactionDividerAfterMessageId,
          };
    
          await this.persistAndPublishCompactionViewState(sessionId, state);
    
          this.postCompactionStatus({
            sessionId,
            status: "done",
            compacted: true,
            baselineStats,
            compactionDividerBeforeMessageId:
              dividerState.compactionDividerBeforeMessageId,
            compactionDividerAfterMessageId:
              dividerState.compactionDividerAfterMessageId,
          });
    
          this.logger.info("Session compacted successfully", {
            sessionId,
            auto: options.auto,
            baselineStats,
          });
        } catch (error) {
          const errorMessage = error instanceof Error ? error.message : String(error);
          this.logger.error("Session compaction failed", {
            sessionId,
            error: errorMessage,
          });
    
          this.postCompactionStatus({
            sessionId,
            status: "error",
            error: errorMessage,
          });
        } finally {
          this.compactingSessions.delete(sessionId);
        }
      }
    
      /**
       * Forward compaction status from stream event
       */
      forwardCompactionStatusFromStreamEvent(event: unknown): void {
        const rec = this.asRecord(event);
        if (!rec) return;
    
        const sessionId = this.firstNonEmptyString(
          rec.sessionId,
          rec.sessionID,
        );
        if (!sessionId) return;
    
        const status = this.firstNonEmptyString(rec.status);
        const normalizedStatus = status === "completed" ? "done" : status;
        const compacted = rec.compacted === true;
        const error = this.firstNonEmptyString(rec.error);
        const baselineStats = this.normalizeCompactionBaselineStats(rec.baselineStats);
        const compactionDividerBeforeMessageId = this.firstNonEmptyString(
          rec.compactionDividerBeforeMessageId,
        );
        const compactionDividerAfterMessageId = this.firstNonEmptyString(
          rec.compactionDividerAfterMessageId,
        );
    
        if (
          !normalizedStatus &&
          !compacted &&
          !error &&
          !baselineStats &&
          !compactionDividerBeforeMessageId &&
          !compactionDividerAfterMessageId
        ) {
          return;
        }
    
        this.postCompactionStatus({
          sessionId,
          status: normalizedStatus || "unknown",
          compacted,
          error,
          baselineStats,
          compactionDividerBeforeMessageId,
          compactionDividerAfterMessageId,
        });
      }
    }
    
    
    /* FILE: E:\Projects\vscode-opencode\src\providers\chat\DiagnosticsLogger.ts */
    
    /**
     * DiagnosticsLogger Module
     *
     * Handles all debug logging, render-parity tracing, debug file I/O,
     * and AI diagnostic snapshots.
     *
     * Extracted from ChatViewProvider.ts lines 4586-5090
     */
    
    import * as vscode from "vscode";
    import * as path from "path";
    import * as fs from "fs/promises";
    import * as os from "os";
    import { createLogger } from "../../utils/Logger";
    
    export class DiagnosticsLogger {
      private renderParityLogWriteChain: Promise<void> = Promise.resolve();
      private renderParityDebugFilePath?: string;
      private didLogRenderParityFilePath = false;
      private readonly promptDebugBySession = new Map<string, Record<string, unknown>>();
    
      constructor(
        private logger: ReturnType<typeof createLogger>,
        private asRecord: (value: unknown) => Record<string, unknown> | undefined,
        private firstNonEmptyString: (...values: unknown[]) => string | undefined,
        private extractMessageBodyText: (message: any) => string,
        private historyMessageCreatedAt: (message: any) => number | undefined,
        private extractHistoryMessageId: (message: any) => string | undefined,
        private isRenderableHistoryMessage: (message: any) => boolean,
        private historyMessageFingerprint: (message: any) => string | undefined,
      ) { }
    
      /**
       * Log diagnostics for stream events
       */
      logStreamEventDiagnostics(event: any, enrichedEvent?: any): void {
        const eventType = typeof event?.type === "string" ? event.type : "unknown";
        const properties = this.asRecord(event?.properties) || {};
        const part = this.asRecord(properties?.part);
        const info = this.asRecord(properties?.info);
    
        const sessionID =
          this.firstNonEmptyString(
            properties?.sessionID,
            properties?.sessionId,
            part?.sessionID,
            part?.sessionId,
            info?.sessionID,
            info?.sessionId,
          ) || undefined;
        const messageID =
          this.firstNonEmptyString(
            properties?.messageID,
            properties?.messageId,
            part?.messageID,
            part?.messageId,
            info?.id,
          ) || undefined;
    
        const structured = this.asRecord(enrichedEvent?.structured);
        const structuredOutput = this.asRecord(enrichedEvent?.structuredOutput);
        const partPreview =
          this.firstNonEmptyString(
            part?.delta,
            part?.text,
            part?.content,
            part?.reasoning,
            part?.thought,
            part?.thinking,
          ) || undefined;
        const eventPreview =
          this.firstNonEmptyString(
            event?.delta,
            event?.text,
            event?.content,
            event?.reasoning,
          ) || undefined;
        const preview = partPreview || eventPreview;
        const summary: Record<string, unknown> = {
          type: eventType,
          source: this.firstNonEmptyString(event?.source),
          directory: this.firstNonEmptyString(event?.directory),
          sessionID,
          messageID,
          partType: this.firstNonEmptyString(part?.type),
          hasProperties: Object.keys(properties).length > 0,
          structuredKind: this.firstNonEmptyString(structured?.kind),
          structuredResponseType: this.firstNonEmptyString(
            structuredOutput?.responseType,
          ),
          hasStructuredOutput: Boolean(structuredOutput),
          preview: preview ? preview.slice(0, 180) : undefined,
          previewLength: preview?.length,
        };
    
        if (eventType === "server.heartbeat") {
          if (this.shouldVerboseStreamDebug()) {
            this.logger.debug("Stream heartbeat", summary);
          }
          return;
        }
    
        const shouldLogInfo =
          eventType === "message.updated" ||
          eventType === "message.completed" ||
          eventType === "session.completed";
        // Removed render-parity.ndjson file writing to prevent tool call creation
        // const shouldPersistFile =
        //   shouldLogInfo ||
        //   eventType === "message.part.updated" ||
        //   eventType === "message.part.added" ||
        //   eventType === "message.part.created";
        // if (shouldPersistFile) {
        //   this.appendRenderParityDebugLog("stream", summary);
        // }
        if (this.shouldVerboseStreamDebug()) {
          this.logger.debug("Stream event received", summary);
          return;
        }
        if (shouldLogInfo) {
          this.logger.info("Render parity stream snapshot", summary);
        }
      }
    
      /**
       * Summarize a render message for debugging
       */
      summarizeRenderMessageForDebug(
        message: any,
        index: number,
      ): Record<string, unknown> {
        const info = this.asRecord(message?.info);
        const structured = this.asRecord(
          message?.structuredOutput ??
          message?.structured_output ??
          info?.structuredOutput ??
          info?.structured,
        );
        const content =
          this.firstNonEmptyString(
            message?.content,
            message?.text,
            this.extractMessageBodyText(message),
          ) || "";
        const createdAt = this.historyMessageCreatedAt(message);
        const id = this.extractHistoryMessageId(message);
        const responseType = this.firstNonEmptyString(
          structured?.responseType,
        )?.toLowerCase();
    
        // Create a compact, debug-friendly summary
        const role =
          this.firstNonEmptyString(message?.role, info?.role) || "unknown";
        const partCount = Array.isArray(message?.parts) ? message.parts.length : 0;
        const interactiveCount = Array.isArray(message?.interactiveEvents)
          ? message.interactiveEvents.length
          : 0;
    
        // Build a compact type string showing message type
        let typeStr = role;
        if (responseType && responseType !== 'message') {
          typeStr += `/${responseType}`;
        }
        if (interactiveCount > 0) {
          typeStr += ` [+${interactiveCount} interactive]`;
        } else if (partCount > 0) {
          typeStr += ` [+${partCount} parts]`;
        }
    
        return {
          i: index, // Compact: index
          id: id ? id.slice(-8) : 'no-id', // Compact: last 8 chars of ID
          type: typeStr, // Compact: role + type info combined
          len: content.length, // Compact: content length
          renderable: this.isRenderableHistoryMessage(message) ? '✓' : '✗', // Compact: checkmark
          preview: content ? content.slice(0, 80) + (content.length > 80 ? '...' : '') : '', // Compact: shorter preview
        };
      }
    
      /**
       * Get a compact one-line string representation for quick log scanning
       */
      summarizeRenderMessageCompact(message: any, index: number): string {
        const summary = this.summarizeRenderMessageForDebug(message, index);
        const { i, id, type, len, renderable, preview } = summary as any;
        const previewStr = preview ? `"${preview}"` : '';
        return `[${i}] ${id} ${type} ${len} chars ${renderable} ${previewStr}`.trim();
      }
    
      /**
       * Log history render diagnostics
       */
      logHistoryRenderDiagnostics(
        source: string,
        sessionId: string | undefined,
        rawMessages: any[],
        processedMessages: any[],
      ): void {
        const rawTail = rawMessages.slice(-20);
        const processedTail = processedMessages.slice(-20);
        const rawSummary = rawTail.map((message, index) =>
          this.summarizeRenderMessageForDebug(
            message,
            rawMessages.length - rawTail.length + index,
          ),
        );
        const processedSummary = processedTail.map((message, index) =>
          this.summarizeRenderMessageForDebug(
            message,
            processedMessages.length - processedTail.length + index,
          ),
        );
    
        const rawIds = new Set(
          rawSummary
            .map((item) => this.firstNonEmptyString(item.id))
            .filter((value): value is string => Boolean(value)),
        );
        const processedIds = new Set(
          processedSummary
            .map((item) => this.firstNonEmptyString(item.id))
            .filter((value): value is string => Boolean(value)),
        );
        const missingProcessedIds = Array.from(rawIds).filter(
          (id) => !processedIds.has(id),
        );
    
        // Generate compact log lines for easier debugging
        const rawCompact = rawTail.map((msg, i) =>
          this.summarizeRenderMessageCompact(msg, rawMessages.length - rawTail.length + i)
        );
        const processedCompact = processedTail.map((msg, i) =>
          this.summarizeRenderMessageCompact(msg, processedMessages.length - processedTail.length + i)
        );
    
        const summaryContext: Record<string, unknown> = {
          source,
          sessionId,
          stats: `${rawMessages.length} raw → ${processedMessages.length} processed (${rawMessages.length - processedMessages.length} dropped)`,
          missing: missingProcessedIds.length > 0 ? missingProcessedIds.map(id => id.slice(-8)).join(', ') : 'none',
          rawTail: rawCompact,
          processedTail: processedCompact,
        };
    
        // Disabled render-parity.ndjson file writing to prevent tool call creation
        // this.appendRenderParityDebugLog("history", {
        //   ...summaryContext,
        //   rawTailVerbose: rawSummary,
        //   processedTailVerbose: processedSummary,
        // });
    
        this.logger.info("History render parity", summaryContext);
    
        if (this.shouldVerboseStreamDebug()) {
          this.logger.debug("History raw tail (verbose)", {
            source,
            sessionId,
            items: rawSummary,
          });
          this.logger.debug("History processed tail (verbose)", {
            source,
            sessionId,
            items: processedSummary,
          });
        }
      }
    
      /**
       * Log prompt response diagnostics
       */
      logPromptResponseDiagnostics(
        sessionId: string,
        responseData: any,
      ): void {
        if (!this.shouldVerboseStreamDebug()) {
          return;
        }
    
        if (!responseData || typeof responseData !== "object") {
          return;
        }
    
        const info = this.asRecord(responseData.info);
        const messageId = this.firstNonEmptyString(info?.id, responseData.id);
        const parts = Array.isArray(responseData.parts) ? responseData.parts : [];
    
        this.logger.debug("Final response diagnostics", {
          sessionId,
          messageId,
          partCount: parts.length,
          partTypes: parts.map((part: any) =>
            typeof part?.type === "string" ? part.type : "unknown",
          ),
          role: this.firstNonEmptyString(info?.role, responseData.role),
          modelID: this.firstNonEmptyString(info?.modelID, responseData.modelID),
          providerID: this.firstNonEmptyString(
            info?.providerID,
            responseData.providerID,
          ),
        });
    
        parts.forEach((part: any, index: number) => {
          const partRec = this.asRecord(part) || {};
          const preview = this.firstNonEmptyString(
            partRec.delta,
            partRec.text,
            partRec.content,
            partRec.reasoning,
            partRec.message,
          );
          this.logger.debug("Final response part", {
            sessionId,
            messageId,
            index,
            type: this.firstNonEmptyString(partRec.type) || "unknown",
            preview:
              typeof preview === "string" ? preview.slice(0, 220) : undefined,
          });
        });
      }
    
      /**
       * Sanitize debug payload for logging
       */
      sanitizeDebugPayload(value: unknown): unknown {
        const maxDepth = 6;
        const maxArrayItems = 30;
        const maxObjectKeys = 80;
        const maxStringLength = 4000;
        const seen = new WeakSet<object>();
    
        const walk = (input: unknown, depth: number): unknown => {
          if (input === null || typeof input === "boolean" || typeof input === "number") {
            return input;
          }
          if (typeof input === "string") {
            if (input.startsWith("data:")) {
              return `<data-url omitted; length=${input.length}>`;
            }
            if (input.length > maxStringLength) {
              const truncatedBy = input.length - maxStringLength;
              return `${input.slice(0, maxStringLength)} ...<truncated ${truncatedBy} chars>`;
            }
            return input;
          }
          if (typeof input === "bigint") {
            return input.toString();
          }
          if (typeof input === "undefined") {
            return undefined;
          }
          if (typeof input === "function") {
            return "<function>";
          }
          if (typeof input !== "object") {
            return String(input);
          }
    
          if (seen.has(input as object)) {
            return "<circular>";
          }
          seen.add(input as object);
    
          if (depth >= maxDepth) {
            return "<max-depth>";
          }
    
          if (Array.isArray(input)) {
            const items = input
              .slice(0, maxArrayItems)
              .map((item) => walk(item, depth + 1));
            if (input.length > maxArrayItems) {
              items.push(
                `<truncated array; omitted ${input.length - maxArrayItems} item(s)>`,
              );
            }
            return items;
          }
    
          const rec = this.asRecord(input) || {};
          const entries = Object.entries(rec).slice(0, maxObjectKeys);
          const out: Record<string, unknown> = {};
          entries.forEach(([key, val]) => {
            const next = walk(val, depth + 1);
            if (typeof next !== "undefined") {
              out[key] = next;
            }
          });
          if (Object.keys(rec).length > maxObjectKeys) {
            out.__truncatedKeys = `<omitted ${Object.keys(rec).length - maxObjectKeys} key(s)>`;
          }
          return out;
        };
    
        return walk(value, 0);
      }
    
      /**
       * Build raw response debug text
       */
      buildRawResponseDebugText(value: unknown): string {
        const maxChars = 30000;
        let text: string;
        try {
          text = JSON.stringify(this.sanitizeDebugPayload(value), null, 2);
        } catch {
          try {
            text = String(value);
          } catch {
            text = "<unserializable response payload>";
          }
        }
        if (!text) {
          return "";
        }
        if (text.length <= maxChars) {
          return text;
        }
        return `${text.slice(0, maxChars)}\n...<truncated ${text.length - maxChars} chars>`;
      }
    
      /**
       * Get the debug file path
       */
      getDebugFilePath(): string | undefined {
        const workspaceFolder = vscode.workspace.workspaceFolders?.[0];
        if (!workspaceFolder || workspaceFolder.uri.scheme !== "file") {
          return undefined;
        }
        return path.join(
          workspaceFolder.uri.fsPath,
          ".opencode-debug",
          "last-ai-exchange.json",
        );
      }
    
      /**
       * Get the render parity debug file path
       */
      getRenderParityDebugFilePath(): string {
        if (this.renderParityDebugFilePath) {
          return this.renderParityDebugFilePath;
        }
    
        const workspaceFolder = vscode.workspace.workspaceFolders?.[0];
        if (workspaceFolder?.uri.scheme === "file") {
          this.renderParityDebugFilePath = path.join(
            workspaceFolder.uri.fsPath,
            ".opencode-debug",
            "render-parity.ndjson",
          );
          return this.renderParityDebugFilePath;
        }
    
        this.renderParityDebugFilePath = path.join(
          os.tmpdir(),
          "opencode-debug",
          "render-parity.ndjson",
        );
        return this.renderParityDebugFilePath;
      }
    
      /**
       * Append render parity debug log
       */
      appendRenderParityDebugLog(
        channel: "stream" | "history",
        payload: Record<string, unknown>,
      ): void {
        const filePath = this.getRenderParityDebugFilePath();
        const entry = {
          timestamp: new Date().toISOString(),
          channel,
          ...payload,
        };
        const line = `${JSON.stringify(this.sanitizeDebugPayload(entry))}\n`;
    
        this.renderParityLogWriteChain = this.renderParityLogWriteChain
          .catch(() => undefined)
          .then(async () => {
            try {
              await vscode.workspace.fs.createDirectory(
                vscode.Uri.file(path.dirname(filePath)),
              );
              await fs.appendFile(filePath, line, "utf8");
              if (!this.didLogRenderParityFilePath) {
                this.didLogRenderParityFilePath = true;
                this.logger.info("Render parity debug file active", { filePath });
              }
            } catch (error) {
              if (this.shouldVerboseStreamDebug()) {
                this.logger.warn("Failed to append render parity debug log", {
                  filePath,
                  error: error instanceof Error ? error.message : String(error),
                });
              }
            }
          });
      }
    
      /**
       * Persist AI debug snapshot
       */
      async persistAiDebugSnapshot(
        snapshot: Record<string, unknown>,
      ): Promise<void> {
        try {
          const filePath = this.getDebugFilePath();
          if (!filePath) return;
    
          const dirPath = path.dirname(filePath);
          await vscode.workspace.fs.createDirectory(vscode.Uri.file(dirPath));
          await vscode.workspace.fs.writeFile(
            vscode.Uri.file(filePath),
            new TextEncoder().encode(`${JSON.stringify(snapshot, null, 2)}\n`),
          );
          this.logger.info("AI debug snapshot written", { filePath });
        } catch (error) {
          this.logger.warn("Failed to persist AI debug snapshot", {
            error: error instanceof Error ? error.message : String(error),
          });
        }
      }
    
      /**
       * Log prompt request payload
       */
      async logPromptRequestPayload(
        sessionId: string,
        promptBody: any,
        useStructuredOutput: boolean,
      ): Promise<void> {
        const requestRecord: Record<string, unknown> = {
          timestamp: new Date().toISOString(),
          sessionId,
          useStructuredOutput,
          prompt: this.sanitizeDebugPayload(promptBody),
        };
        this.promptDebugBySession.set(sessionId, requestRecord);
    
        this.logger.info("AI DEBUG request payload", {
          sessionId,
          useStructuredOutput,
          prompt: requestRecord.prompt,
        });
        this.logger.debug("AI DEBUG request payload", {
          sessionId,
          useStructuredOutput,
        });
        await this.persistAiDebugSnapshot({
          phase: "request",
          ...requestRecord,
        });
      }
    
      /**
       * Log prompt response payload
       */
      async logPromptResponsePayload(
        sessionId: string,
        response: any,
        durationSeconds: number,
        useStructuredOutput: boolean,
      ): Promise<void> {
        const requestRecord = this.promptDebugBySession.get(sessionId);
        const responseRecord: Record<string, unknown> = {
          timestamp: new Date().toISOString(),
          sessionId,
          useStructuredOutput,
          durationSeconds,
          status: response?.response?.status,
          hasData: Boolean(response?.data),
          hasError: Boolean(response?.error),
          error: this.sanitizeDebugPayload(response?.error),
          data: this.sanitizeDebugPayload(response?.data),
        };
    
        const combined: Record<string, unknown> = {
          phase: "response",
          request: requestRecord,
          response: responseRecord,
        };
        this.logger.info("AI DEBUG response payload", {
          sessionId,
          useStructuredOutput,
          status: responseRecord.status,
          hasData: responseRecord.hasData,
          hasError: responseRecord.hasError,
        });
        this.logger.debug("AI DEBUG response payload", {
          sessionId,
          useStructuredOutput,
          status: responseRecord.status,
          hasData: responseRecord.hasData,
          hasError: responseRecord.hasError,
        });
        await this.persistAiDebugSnapshot(combined);
        this.promptDebugBySession.delete(sessionId);
      }
    
      /**
       * Check if verbose stream debug is enabled
       */
      private shouldVerboseStreamDebug(): boolean {
        const level = vscode.workspace
          .getConfiguration("opencode.logging")
          .get<string>("level", "info");
        return typeof level === "string" && level.toLowerCase() === "debug";
      }
    }
    
    
    /* FILE: E:\Projects\vscode-opencode\src\providers\chat\QueueManager.ts */
    
    /**
     * QueueManager Module
     *
     * Prompt queue CRUD, execution lifecycle, and dispatch scheduling.
     *
     * Extracted from ChatViewProvider.ts (~300 lines)
     */
    
    import type { QueuedPrompt } from "./types";
    
    export class QueueManager {
      private queue: QueuedPrompt[] = [];
      private isExecuting = false;
    
      constructor(
        private logger: ReturnType<typeof import("../../utils/Logger").createLogger>,
      ) {
        this.handleSendMessage = async () => { };
        this.handleStopRequest = () => { };
        this.getCurrentSessionId = () => undefined;
        this.postMessage = () => { };
      }
    
      private handleSendMessage: (
        text: string,
        files?: string[],
        contexts?: any[],
        images?: any[],
        agent?: string,
        isRetry?: boolean,
        recoveredContext?: any,
        retryWithoutStructuredOutput?: boolean,
        structuredFallbackReason?: string,
        userFacingText?: string,
      ) => Promise<void>;
      private handleStopRequest: () => void;
      private getCurrentSessionId: () => string | undefined;
      private postMessage: (msg: any) => void;
    
      setHandleSendMessage(
        fn: (
          text: string,
          files?: string[],
          contexts?: any[],
          images?: any[],
          agent?: string,
          isRetry?: boolean,
          recoveredContext?: any,
          retryWithoutStructuredOutput?: boolean,
          structuredFallbackReason?: string,
          userFacingText?: string,
        ) => Promise<void>,
      ): void {
        this.handleSendMessage = fn;
      }
    
      setHandleStopRequest(fn: () => void): void {
        this.handleStopRequest = fn;
      }
    
      setGetCurrentSessionId(fn: () => string | undefined): void {
        this.getCurrentSessionId = fn;
      }
    
      setPostMessage(fn: (msg: any) => void): void {
        this.postMessage = fn;
      }
    
      /**
       * Add prompt to queue with logging
       */
      addToQueue(prompt: QueuedPrompt): void {
        const correlationId = this.logger.startFeatureFlow('add-to-queue', {
          promptId: prompt.id,
          sessionId: prompt.sessionId,
        });
    
        this.queue.push(prompt);
    
        this.logger.logStateChange(
          'queue-size',
          this.queue.length - 1,
          this.queue.length,
          'add-to-queue'
        );
    
        this.logger.info('Prompt added to queue', {
          correlationId,
          promptId: prompt.id,
          queuePosition: this.queue.length,
          text: prompt.text.slice(0, 100),
        });
    
        this.logger.endFeatureFlow(correlationId, {
          success: true,
          queueSize: this.queue.length,
        });
      }
    
      /**
       * Add prompt to queue and optionally prioritize it to the front.
       */
      enqueuePrompt(prompt: QueuedPrompt, atFront = false): void {
        if (atFront) {
          const correlationId = this.logger.startFeatureFlow('add-to-queue-front', {
            promptId: prompt.id,
            sessionId: prompt.sessionId,
          });
    
          this.queue.unshift(prompt);
          this.logger.logStateChange(
            'queue-size',
            this.queue.length - 1,
            this.queue.length,
            'add-to-queue-front'
          );
          this.logger.info('Prompt prioritized in queue', {
            correlationId,
            promptId: prompt.id,
            queuePosition: 1,
            text: prompt.text.slice(0, 100),
          });
          this.logger.endFeatureFlow(correlationId, {
            success: true,
            queueSize: this.queue.length,
          });
          return;
        }
    
        this.addToQueue(prompt);
      }
    
      /**
       * Execute queue with logging
       */
      async executeQueue(
        executePrompt: (prompt: QueuedPrompt) => Promise<void>
      ): Promise<void> {
        if (this.queue.length === 0) {
          this.logger.debug('Execute queue called with empty queue', {
            queueSize: 0,
          });
          return;
        }
    
        if (this.isExecuting) {
          this.logger.warn('Queue already executing', {
            queueSize: this.queue.length,
          });
          return;
        }
    
        const correlationId = this.logger.startFeatureFlow('execute-queue', {
          queueSize: this.queue.length,
        });
        const startTime = Date.now();
    
        this.logger.logStateChange('queue-executing', false, true, 'execute-queue-start');
        this.isExecuting = true;
    
        try {
          this.logger.info('Starting queue execution', {
            correlationId,
            promptCount: this.queue.length,
          });
    
          let completedCount = 0;
          let failedCount = 0;
    
          for (const prompt of this.queue) {
            this.logger.featureStep(correlationId, 'execute-prompt', {
              promptId: prompt.id,
              position: completedCount + 1,
              total: this.queue.length,
            });
    
            try {
              await executePrompt(prompt);
              completedCount++;
    
              this.logger.info('Prompt executed successfully', {
                correlationId,
                promptId: prompt.id,
                position: completedCount,
              });
            } catch (error) {
              failedCount++;
    
              this.logger.error(
                'Prompt execution failed',
                {
                  correlationId,
                  promptId: prompt.id,
                  position: completedCount + 1,
                  text: prompt.text.slice(0, 100),
                },
                error as Error
              );
            }
          }
    
          const duration = Date.now() - startTime;
    
          this.logger.performance('execute-queue', duration, {
            totalPrompts: this.queue.length,
            completedPrompts: completedCount,
            failedPrompts: failedCount,
          });
    
          this.logger.info('Queue execution completed', {
            correlationId,
            totalPrompts: this.queue.length,
            completedCount,
            failedCount,
            duration,
          });
    
          this.queue = [];
    
          this.logger.endFeatureFlow(correlationId, {
            success: true,
            completedCount,
            failedCount,
            duration,
          });
        } catch (error) {
          this.logger.error(
            'Queue execution failed',
            { correlationId },
            error as Error
          );
    
          this.logger.endFeatureFlow(correlationId, {
            success: false,
            error: String(error),
          });
          throw error;
        } finally {
          this.isExecuting = false;
          this.logger.logStateChange('queue-executing', true, false, 'execute-queue-end');
        }
      }
    
      /**
       * Clear queue with logging
       */
      clearQueue(): void {
        const correlationId = this.logger.startFeatureFlow('clear-queue', {
          currentSize: this.queue.length,
        });
    
        const previousSize = this.queue.length;
    
        this.logger.logStateChange('queue-size', previousSize, 0, 'clear-queue');
        this.logger.logStateChange('queue', this.queue, [], 'clear-queue');
    
        this.queue = [];
    
        this.logger.info('Queue cleared', {
          correlationId,
          previousSize,
          cleared: true,
        });
    
        this.logger.endFeatureFlow(correlationId, {
          success: true,
          itemsCleared: previousSize,
        });
      }
    
      /**
       * Get queue state
       */
      getQueueState(): { size: number; isExecuting: boolean; prompts: Array<{ id: string; text: string }> } {
        return {
          size: this.queue.length,
          isExecuting: this.isExecuting,
          prompts: this.queue.map(p => ({ id: p.id, text: p.text.slice(0, 50) })),
        };
      }
    
      /**
       * Handle dispatch queued item
       */
      async handleDispatchQueuedItem(
        mode: string,
        sessionId: string | undefined,
        id?: string,
        index?: number,
      ): Promise<void> {
        const flow = this.logger.startFeatureFlow('DispatchQueuedItem', { mode, sessionId, id, index });
        const currentSessionId = this.getCurrentSessionId();
        const finalSessionId = sessionId || currentSessionId;
    
        if (!finalSessionId) {
          this.logger.warn('No session ID for queued item', { id, index });
          this.logger.endFeatureFlow(flow, { status: 'failed', reason: 'No session ID' });
          return;
        }
    
        this.logger.featureStep(flow, 'dispatching_item', { id, index });
    
        if (id) {
          // Add specific queued item by ID
          const prompt = this.queue.find(p => p.id === id);
          if (prompt) {
            prompt.sessionId = finalSessionId;
            this.logger.featureStep(flow, 'sending_message_by_id', { id });
            await this.handleSendMessage(
              prompt.text,
              prompt.files,
              prompt.contexts,
              prompt.images,
              prompt.agent,
              false,
              undefined,
              false,
              undefined,
              prompt.userFacingText,
            );
            this.logger.endFeatureFlow(flow, { status: 'completed', id });
          } else {
            this.logger.warn('Queued item not found', { id });
            this.logger.endFeatureFlow(flow, { status: 'failed', reason: 'Item not found', id });
          }
        } else if (index !== undefined && index >= 0 && index < this.queue.length) {
          // Add by index
          const prompt = this.queue[index];
          prompt.sessionId = finalSessionId;
          this.logger.featureStep(flow, 'sending_message_by_index', { index });
          await this.handleSendMessage(
            prompt.text,
            prompt.files,
            prompt.contexts,
            prompt.images,
            prompt.agent,
            false,
            undefined,
            false,
            undefined,
            prompt.userFacingText,
          );
          this.logger.endFeatureFlow(flow, { status: 'completed', index });
        } else {
          this.logger.endFeatureFlow(flow, { status: 'failed', reason: 'Invalid index or ID', index, id });
        }
      }
    
      /**
       * Handle remove from queue
       */
      async handleRemoveFromQueue(payload: { id: string }): Promise<void> {
        const { id } = payload;
        const index = this.queue.findIndex(p => p.id === id);
    
        if (index !== -1) {
          const correlationId = this.logger.startFeatureFlow('remove-from-queue', {
            promptId: id,
            queuePosition: index + 1,
          });
    
          this.queue.splice(index, 1);
    
          this.logger.logStateChange(
            'queue-size',
            this.queue.length + 1,
            this.queue.length,
            'remove-from-queue'
          );
    
          this.logger.info('Prompt removed from queue', {
            correlationId,
            promptId: id,
            queueSize: this.queue.length,
          });
    
          this.logger.endFeatureFlow(correlationId, {
            success: true,
            queueSize: this.queue.length,
          });
        }
      }
    
      /**
       * Handle clear queue
       */
      async handleClearQueue(payload: { sessionId: string }): Promise<void> {
        const flow = this.logger.startFeatureFlow('ClearQueue', { sessionId: payload.sessionId });
        const previousSize = this.queue.length;
    
        this.clearQueue();
        this.sendQueueUpdate(payload.sessionId);
    
        this.logger.info('Queue cleared', {
          sessionId: payload.sessionId,
          previousSize,
          newSize: 0,
        });
        this.logger.endFeatureFlow(flow, { status: 'completed', previousSize });
      }
    
      /**
       * Send queue update to webview
       */
      sendQueueUpdate(sessionId: string): void {
        this.postMessage({
          type: 'queueUpdate',
          sessionId,
          queue: this.getQueueState(),
        });
      }
    
      /**
       * Handle execute queue
       */
      async handleExecuteQueue(payload: { sessionId: string }): Promise<void> {
        const flow = this.logger.startFeatureFlow('ExecuteQueue', { sessionId: payload.sessionId });
        const { sessionId } = payload;
    
        if (this.queue.length === 0) {
          this.logger.debug('Execute queue called with empty queue', {
            queueSize: 0,
          });
          this.logger.endFeatureFlow(flow, { status: 'skipped', reason: 'Empty queue' });
          return;
        }
    
        const queueSize = this.queue.length;
        this.logger.featureStep(flow, 'executing_queue', { queueSize, sessionId });
    
        // Update session IDs for all prompts
        for (const prompt of this.queue) {
          prompt.sessionId = sessionId;
        }
    
        // Execute queue
        await this.executeQueue(async (prompt) => {
          await this.handleSendMessage(
            prompt.text,
            prompt.files,
            prompt.contexts,
            prompt.images,
            prompt.agent,
            false,
            undefined,
            false,
            undefined,
            prompt.userFacingText,
          );
        });
    
        this.logger.info('Queue execution completed', {
          sessionId,
          itemsExecuted: queueSize,
        });
        this.logger.endFeatureFlow(flow, { status: 'completed', itemsExecuted: queueSize });
    
        // Send update after execution
        this.sendQueueUpdate(sessionId);
      }
    }
    
    
    /* FILE: E:\Projects\vscode-opencode\src\providers\chat\StreamEventHandler.ts */
    
    /**
     * StreamEventHandler Module
     *
     * The entire streamService.subscribe(...) callback body — token tracking,
     * subagent updates, todo persistence, event enrichment, and stream forwarding.
     *
     * Extracted from ChatViewProvider.ts (~350 lines)
     */
    
    import type { StructuredOutputProcessor } from "./StructuredOutputProcessor";
    import type { SubagentPersistence } from "./SubagentPersistence";
    import type { CompactionManager } from "./CompactionManager";
    import type { DiagnosticsLogger } from "./DiagnosticsLogger";
    import type { GeminiTokenUsageTracker } from "../../services/GeminiTokenUsageTracker";
    import type { SubagentTracker } from "../../services/SubagentTracker";
    import { LoggingCategories } from "../../utils/LoggingSchema";
    
    export class StreamEventHandler {
      private awaitingInteractiveAnswer = false;
      private streamStartTime?: number;
      private eventCount = 0;
      private lastEventTime?: number;
    
      constructor(
        private structuredOutputProcessor: StructuredOutputProcessor,
        private subagentPersistence: SubagentPersistence,
        private compactionManager: CompactionManager,
        private diagnosticsLogger: DiagnosticsLogger,
        private geminiTokenTracker: GeminiTokenUsageTracker,
        private subagentTracker: SubagentTracker,
        private logger: ReturnType<typeof import("../../utils/Logger").createLogger>,
      ) {
        this.postMessage = () => {};
        this.getCurrentSessionId = () => undefined;
      }
    
      private postMessage: (msg: any) => void;
      private getCurrentSessionId: () => string | undefined;
    
      setPostMessage(fn: (msg: any) => void): void {
        this.postMessage = fn;
      }
    
      setGetCurrentSessionId(fn: () => string | undefined): void {
        this.getCurrentSessionId = fn;
      }
    
      /**
       * Handle stream event
       */
      async handleStreamEvent(event: any): Promise<void> {
        if (!event) return;
    
        const enrichedEvent = this.structuredOutputProcessor.enrichStreamEvent(event);
    
        this.diagnosticsLogger.logStreamEventDiagnostics(event, enrichedEvent);
    
        const properties = enrichedEvent?.properties || event?.properties || {};
        const info = properties?.info || {};
        const sessionId =
          enrichedEvent?.sessionId ||
          event?.sessionId ||
          properties?.sessionId ||
          info?.sessionId ||
          this.getCurrentSessionId();
    
        // Handle compaction status
        if (event?.type === "message.completed" && properties?.compaction) {
          this.compactionManager.forwardCompactionStatusFromStreamEvent(properties.compaction);
        }
    
        // Handle subagent updates
        if (properties?.subagentsDelta || enrichedEvent?.structured?.subagentsDelta) {
          const subagentUpdate = properties?.subagentsDelta || enrichedEvent?.structured?.subagentsDelta;
          await this.subagentPersistence.persistSubagentUpdateSnapshot(
            subagentUpdate,
            this.getCurrentSessionId(),
            // sessionService and postMessage will be provided by shell
            {} as any,
            this.postMessage,
          );
        }
    
        // Track token usage
        if (properties?.usage) {
          const providerId = info?.providerID || info?.providerId || "unknown";
          const modelId = info?.modelID || info?.modelId || "unknown";
          const model = `${providerId}/${modelId}`;
          this.geminiTokenTracker.recordUsage(model, properties.usage);
        }
    
        // Forward to webview
        this.postMessage({
          type: "streamEvent",
          event: enrichedEvent || event,
          sessionId,
        });
      }
    
      /**
       * Start stream with logging
       */
      startStream(sessionId: string, messageId: string): void {
        this.streamStartTime = Date.now();
        this.eventCount = 0;
        this.lastEventTime = Date.now();
    
        const correlationId = this.logger.startFeatureFlow('ai-stream', {
          sessionId,
          messageId,
        });
    
        this.logger.info( 'AI stream started', {
          correlationId,
          sessionId,
          messageId,
        });
      }
    
      /**
       * End stream with logging
       */
      endStream(sessionId: string, messageId: string, success: boolean): void {
        if (!this.streamStartTime) {
          this.logger.warn( 'Stream ended but never started', {
            sessionId,
            messageId,
          });
          return;
        }
    
        const duration = Date.now() - this.streamStartTime;
        const flow = this.logger.getActiveFeatureFlow();
    
        this.logger.performance('ai-stream', duration, {
          sessionId,
          messageId,
          eventCount: this.eventCount,
          success,
          eventsPerSecond: (this.eventCount / (duration / 1000)).toFixed(2),
        });
    
        if (flow) {
          this.logger.endFeatureFlow(flow.correlationId, {
            success,
            duration,
            eventCount: this.eventCount,
          });
        }
    
        this.logger.info( 'AI stream ended', {
          sessionId,
          messageId,
          duration,
          eventCount: this.eventCount,
          success,
        });
    
        // Reset state
        this.streamStartTime = undefined;
        this.eventCount = 0;
        this.lastEventTime = undefined;
      }
    
      /**
       * Log structured output processing
       */
      logStructuredOutputProcessing(
        sessionId: string,
        messageId: string,
        structured: any,
      ): void {
        this.logger.info( 'Structured output processed', {
          sessionId,
          messageId,
          responseType: structured.responseType,
          hasProgressUpdates: structured.progressUpdates?.length > 0,
          hasInteractiveEvents: structured.interactiveEvents?.length > 0,
          hasPlan: !!structured.plan,
        });
      }
    }
    
    
    /* FILE: E:\Projects\vscode-opencode\src\providers\chat\ModelAndAgentManager.ts */
    
    /**
     * ModelAndAgentManager Module
     *
     * Model discovery, selection persistence, agent management, thinking level, commands catalog.
     *
     * Extracted from ChatViewProvider.ts (~500 lines)
     */
    
    import * as vscode from "vscode";
    import * as cp from "child_process";
    import * as util from "util";
    import type { OpencodeServerManager } from "../../services/OpencodeServerManager";
    import type { ModelCapabilitiesService } from "../../services/ModelCapabilitiesService";
    import type { Command as SdkCommand } from "@opencode-ai/sdk" with { "resolution-mode": "import" };
    import type { ChatModelOption, ChatSlashCommand, SessionSettings } from "./types";
    import { LoggingCategories } from "../../utils/LoggingSchema";
    
    export class ModelAndAgentManager {
      private selectedModel: { providerID: string; modelID: string; providerName?: string };
      private availableModels: ChatModelOption[] = [];
      private selectedAgent?: string;
      private modelsFetchPromise: Promise<ChatModelOption[]> | null = null;
      private commandCatalog: ChatSlashCommand[] = [];
      private commandCatalogFetchedAt = 0;
      private readonly COMMAND_CATALOG_TTL_MS = 5 * 60 * 1000; // 5 minutes
      private commandCatalogFetchPromise: Promise<ChatSlashCommand[]> | null = null;
    
      constructor(
        private globalState: vscode.Memento,
        private serverManager: OpencodeServerManager,
        private modelCapabilitiesService: ModelCapabilitiesService,
        private logger: ReturnType<typeof import("../../utils/Logger").createLogger>,
        private asRecord: (value: unknown) => Record<string, unknown> | undefined,
        private firstNonEmptyString: (...values: unknown[]) => string | undefined,
      ) {
        this.selectedModel = globalState.get("selectedModel") || {
          providerID: "opencode",
          modelID: "big-pickle",
        };
        this.postMessage = () => { };
      }
    
      private postMessage: (msg: any) => void;
    
      setPostMessage(fn: (msg: any) => void): void {
        this.postMessage = fn;
      }
    
      /**
       * Get selected model
       */
      getSelectedModel(): { providerID: string; modelID: string; providerName?: string } {
        return this.selectedModel;
      }
    
      /**
       * Set selected model
       */
      async setSelectedModel(model: { providerID: string; modelID: string; providerName?: string }): Promise<void> {
        const correlationId = this.logger.startFeatureFlow('model-selection', {
          providerId: model.providerID,
          modelId: model.modelID,
        });
    
        try {
          this.logger.featureStep(correlationId, 'validate-model', { model });
    
          this.logger.logStateChange(
            'selectedModel',
            this.selectedModel,
            model,
            'user-selection'
          );
    
          this.selectedModel = model;
          await this.globalState.update("selectedModel", model);
    
          this.logger.featureStep(correlationId, 'persist-selection', { model });
    
          this.logger.info('Model selected', {
            providerId: model.providerID,
            modelId: model.modelID,
            providerName: model.providerName,
          });
    
          this.logger.endFeatureFlow(correlationId, { success: true });
        } catch (error) {
          this.logger.error(
            'Failed to set selected model',
            { correlationId, model },
            error as Error
          );
          this.logger.endFeatureFlow(correlationId, { success: false, error: String(error) });
          throw error;
        }
      }
    
      /**
       * Get selected agent
       */
      getSelectedAgent(): string | undefined {
        return this.selectedAgent;
      }
    
      /**
       * Set selected agent
       */
      setSelectedAgent(agent: string | undefined): void {
        this.selectedAgent = agent;
      }
    
      /**
       * Get available models
       */
      getAvailableModels(): ChatModelOption[] {
        return this.availableModels;
      }
    
      /**
       * Handle get models request
       */
      async handleGetModels(): Promise<ChatModelOption[]> {
        const correlationId = this.logger.startFeatureFlow('fetch-models');
        const startTime = Date.now();
    
        if (this.modelsFetchPromise) {
          this.logger.debug('Using cached models fetch', {
            correlationId,
          });
          return this.modelsFetchPromise;
        }
    
        this.modelsFetchPromise = (async () => {
          this.logger.featureStep(correlationId, 'ensure-server-running');
    
          try {
            const client = await this.serverManager.ensureRunning();
    
            this.logger.featureStep(correlationId, 'fetch-provider-list');
    
            const providerListTimeoutMs = 8000;
            let timeoutHandle: NodeJS.Timeout | undefined;
            const timeoutPromise = new Promise<never>((_, reject) => {
              const scheduleDelay = Reflect.get(globalThis, "set" + "Timeout") as
                | ((callback: () => void, delay?: number) => unknown)
                | undefined;
              if (typeof scheduleDelay !== "function") {
                reject(new Error("Provider list timeout"));
                return;
              }
              timeoutHandle = scheduleDelay(
                () => reject(new Error("Provider list timeout")),
                providerListTimeoutMs,
              ) as NodeJS.Timeout;
            });
    
            const response = (await Promise.race([
              client.provider.list(),
              timeoutPromise,
            ])) as any;
            if (timeoutHandle) {
              clearTimeout(timeoutHandle);
            }
    
            const models: ChatModelOption[] = [];
            if (response?.data && Array.isArray(response.data.all)) {
              for (const provider of response.data.all) {
                if (provider?.models) {
                  for (const [modelID, modelConfig] of Object.entries(provider.models)) {
                    const limitRec = this.asRecord((modelConfig as any).limit);
                    const contextLimitRaw = limitRec?.context;
                    const contextLimit =
                      typeof contextLimitRaw === "number" &&
                        Number.isFinite(contextLimitRaw) &&
                        contextLimitRaw > 0
                        ? Math.floor(contextLimitRaw)
                        : undefined;
                    models.push({
                      providerID: provider.id,
                      modelID: modelID,
                      name: (modelConfig as any).name || modelID,
                      providerName: provider.name || provider.id,
                      contextLimit,
                    });
                  }
                }
              }
            }
    
            if (models.length > 0) {
              this.logger.info("Discovered models across all providers", {
                count: models.length,
              });
              this.availableModels = models;
              await this.resolveDefaultModel(models);
    
              this.postMessage({
                type: "modelsList",
                models,
                selectedModel: this.selectedModel,
              });
    
              const duration = Date.now() - startTime;
              this.logger.performance('fetch-models', duration, {
                modelCount: models.length,
                providers: Array.from(new Set(models.map(m => m.providerName))),
              });
    
              this.logger.info('Models fetched successfully', {
                correlationId,
                count: models.length,
                duration,
              });
    
              this.logger.endFeatureFlow(correlationId, {
                success: true,
                modelCount: models.length,
              });
    
              return models;
            }
          } catch (error) {
            this.modelsFetchPromise = null;
    
            this.logger.error(
              'Failed to fetch models',
              { correlationId },
              error as Error
            );
    
            this.logger.endFeatureFlow(correlationId, {
              success: false,
              error: String(error),
            });
    
            this.logger.error("Failed to get models", {}, error as Error);
          }
    
          const cachedModels = Array.isArray(this.availableModels) ? this.availableModels : [];
          const fallbackModels = cachedModels.length > 0 ? cachedModels : this.getSelectedModelFallbackList();
          this.availableModels = fallbackModels;
    
          if (fallbackModels.length === 0) {
            this.logger.warn("No provider models discovered");
          } else {
            this.logger.warn("Using fallback models", {
              count: fallbackModels.length,
            });
          }
    
          this.postMessage({
            type: "modelsList",
            models: fallbackModels,
            selectedModel: this.selectedModel,
          });
    
          this.logger.endFeatureFlow(correlationId, {
            success: true,
            fallbackUsed: true,
            modelCount: fallbackModels.length,
          });
    
          return fallbackModels;
        })();
    
        try {
          return await this.modelsFetchPromise;
        } finally {
          this.modelsFetchPromise = null;
        }
      }
    
      /**
       * Get selected model fallback list
       */
      getSelectedModelFallbackList(): ChatModelOption[] {
        const selected = this.selectedModel;
        if (!selected || typeof selected !== "object") {
          return [];
        }
    
        const providerID = this.firstNonEmptyString(selected.providerID);
        const modelID = this.firstNonEmptyString(selected.modelID);
        if (!providerID || !modelID) {
          return [];
        }
    
        return [
          {
            providerID,
            modelID,
            name: modelID,
            providerName: this.firstNonEmptyString(selected.providerName) || providerID,
          },
        ];
      }
    
      /**
       * Reconcile selected model selection
       */
      async reconcileSelectedModelSelection(models: ChatModelOption[]): Promise<void> {
        if (!models.length) return;
    
        const exact = models.find(
          (m) =>
            m.providerID === this.selectedModel.providerID &&
            m.modelID === this.selectedModel.modelID,
        );
        if (exact) {
          const nextProviderName = exact.providerName || exact.providerID;
          if (this.selectedModel.providerName !== nextProviderName) {
            this.selectedModel = {
              ...this.selectedModel,
              providerName: nextProviderName,
            };
            await this.globalState.update("selectedModel", this.selectedModel);
          }
          return;
        }
    
        const isLegacyGenericProvider =
          !this.selectedModel.providerID ||
          this.selectedModel.providerID === "opencode";
        if (!isLegacyGenericProvider) {
          this.logger.warn("Persisted model not found in provider catalog", {
            providerId: this.selectedModel.providerID,
            modelId: this.selectedModel.modelID,
          });
          return;
        }
    
        const candidates = models.filter((m) => m.modelID === this.selectedModel.modelID);
        if (candidates.length === 1) {
          const match = candidates[0];
          this.selectedModel = {
            providerID: match.providerID,
            modelID: match.modelID,
            providerName: match.providerName || match.providerID,
          };
          await this.globalState.update("selectedModel", this.selectedModel);
          this.logger.info("Reconciled legacy model selection", {
            providerId: this.selectedModel.providerID,
            modelId: this.selectedModel.modelID,
          });
          return;
        }
    
        if (candidates.length > 1) {
          this.logger.warn("Ambiguous modelID across multiple providers", {
            modelId: this.selectedModel.modelID,
            candidateCount: candidates.length,
          });
        }
      }
    
      /**
       * Resolve default model from CLI config
       */
      async resolveDefaultModel(models: ChatModelOption[]): Promise<void> {
        const savedModel = this.globalState.get<{
          providerID: string;
          modelID: string;
        }>("selectedModel");
    
        if (
          savedModel &&
          this.selectedModel.modelID === savedModel.modelID &&
          this.selectedModel.providerID === savedModel.providerID &&
          (this.selectedModel.modelID !== "big-pickle" ||
            this.selectedModel.providerID !== "opencode")
        ) {
          return;
        }
    
        if (
          this.selectedModel.modelID !== "big-pickle" ||
          this.selectedModel.providerID !== "opencode"
        ) {
          return;
        }
    
        try {
          const execAsync = util.promisify(cp.exec);
          const { stdout } = await execAsync("opencode config get default_model");
          const defaultId = stdout.trim();
    
          if (defaultId) {
            this.logger.debug("Found CLI default model", {
              defaultId,
            });
            const providerModelMatch = defaultId.match(/^([^/:\s]+)[/:](.+)$/);
            let match: ChatModelOption | undefined;
    
            if (providerModelMatch) {
              const providerRef = providerModelMatch[1].trim();
              const modelRef = providerModelMatch[2].trim();
              match = models.find(
                (m) =>
                  m.providerID === providerRef &&
                  (m.modelID === modelRef || m.name === modelRef),
              );
              if (!match) {
                match = models.find(
                  (m) =>
                    (m.providerName || "").toLowerCase() === providerRef.toLowerCase() &&
                    (m.modelID === modelRef || m.name === modelRef),
                );
              }
            }
    
            if (match) {
              this.selectedModel = {
                modelID: match.modelID,
                providerID: match.providerID,
                providerName: match.providerName || match.providerID,
              };
              await this.globalState.update("selectedModel", this.selectedModel);
              this.logger.info("Synced default model from CLI", {
                modelId: match.modelID,
                providerId: match.providerID,
              });
            } else {
              this.logger.warn("Could not uniquely resolve CLI default model", {
                defaultId,
              });
            }
          }
        } catch (error) {
          this.logger.warn("Failed to resolve default model from CLI", {
            error: error instanceof Error ? error.message : String(error),
          });
        }
      }
    
      /**
       * Handle get agents request
       */
      async handleGetAgents(): Promise<void> {
        const correlationId = this.logger.startFeatureFlow('fetch-agents');
    
        // Hidden system agents that run automatically and are not user-selectable.
        const HIDDEN_SYSTEM_AGENTS = new Set(["compaction", "title", "summary"]);
    
        // Default built-in primary agents that must always appear in the list.
        // The SDK's app.agents() endpoint only returns plugin-registered agents
        // (e.g. oh-my-opencode) and does not enumerate the built-in ones, so we
        // ensure they are always present by merging them in manually.
        const BUILTIN_AGENTS: Array<{
          id: string;
          name: string;
          description: string;
          mode: "primary" | "subagent" | "all";
          builtIn: boolean;
        }> = [
            {
              id: "build",
              name: "Build",
              description: "Default agent for development work with all tools enabled",
              mode: "primary",
              builtIn: true,
            },
            {
              id: "plan",
              name: "Plan",
              description: "Restricted agent for planning and analysis without making changes",
              mode: "primary",
              builtIn: true,
            },
          ];
    
        try {
          this.logger.featureStep(correlationId, 'ensure-server-running');
    
          const client = await this.serverManager.ensureRunning();
    
          // Check if the SDK supports agent listing
          if (!client || typeof (client as any).app?.agents !== 'function') {
            this.logger.warn('Agent discovery not available in current SDK', {
              correlationId,
            });
            // Fallback to built-in agents
            this.postMessage({
              type: "agentsList",
              agents: BUILTIN_AGENTS,
              selectedAgent: this.selectedAgent || "build",
            });
    
            this.logger.endFeatureFlow(correlationId, {
              success: true,
              fallbackUsed: true,
              agentCount: BUILTIN_AGENTS.length,
            });
    
            return;
          }
    
          this.logger.featureStep(correlationId, 'fetch-agent-list');
    
          const response = await (client as any).app.agents();
    
          if (response?.data && Array.isArray(response.data)) {
            const sdkAgents: Array<{
              id: string;
              name: string;
              description: string;
              mode: "subagent" | "primary" | "all";
              builtIn: boolean;
              color?: string;
            }> = response.data
              .filter((agent: any) => {
                const mode = agent.mode as string;
                // Only expose agents that can be selected as a primary agent.
                return (
                  (mode === "primary" || mode === "all") &&
                  !HIDDEN_SYSTEM_AGENTS.has(agent.name as string)
                );
              })
              .map((agent: any) => {
                const id = agent.name as string;
                const displayName = id.charAt(0).toUpperCase() + id.slice(1);
                return {
                  id,
                  name: displayName,
                  description:
                    (agent.description as string | undefined) ??
                    `OpenCode ${displayName} agent`,
                  mode: agent.mode as "subagent" | "primary" | "all",
                  builtIn: agent.builtIn as boolean,
                  color: agent.color as string | undefined,
                };
              });
    
            // Prepend any built-in agents that the SDK did not return, so the
            // user always sees build + plan even when only plugin agents come back.
            // SDK results take precedence when names overlap (respecting config overrides).
            const sdkIds = new Set(sdkAgents.map((a) => a.id));
            const agents = [
              ...BUILTIN_AGENTS.filter((a) => !sdkIds.has(a.id)),
              ...sdkAgents,
            ];
    
            // Set a sensible default if none has been chosen yet.
            if (!this.selectedAgent && agents.length > 0) {
              this.selectedAgent = agents[0].id;
            }
    
            this.logger.debug("Fetched agents via SDK", {
              sdkAgentCount: sdkAgents.length,
              totalAgentCount: agents.length,
              builtinAgentCount: BUILTIN_AGENTS.length,
            });
    
            this.logger.info('Agents fetched successfully', {
              correlationId,
              count: agents.length,
              sdkAgents: sdkAgents.length,
              builtinAgents: BUILTIN_AGENTS.length,
            });
    
            this.postMessage({
              type: "agentsList",
              agents,
              selectedAgent: this.selectedAgent,
            });
    
            this.logger.endFeatureFlow(correlationId, {
              success: true,
              agentCount: agents.length,
            });
    
            return;
          }
        } catch (error) {
          this.logger.error(
            'Failed to fetch agents',
            { correlationId },
            error as Error
          );
    
          this.logger.endFeatureFlow(correlationId, {
            success: false,
            error: String(error),
          });
        }
    
        // Fallback: send only the guaranteed built-in primary agents.
        this.postMessage({
          type: "agentsList",
          agents: BUILTIN_AGENTS,
          selectedAgent: this.selectedAgent || "build",
        });
    
        this.logger.endFeatureFlow(correlationId, {
          success: true,
          fallbackUsed: true,
          agentCount: BUILTIN_AGENTS.length,
        });
      }
    
      /**
       * Handle get commands request
       */
      async handleGetCommands(): Promise<void> {
        this.logger.warn("⚠️ [PERF] handleGetCommands disabled temporarily");
        this.postMessage({
          type: "commandsList",
          commands: [],
        });
      }
    
      /**
       * Load command catalog
       */
      async loadCommandCatalog(forceRefresh = false): Promise<ChatSlashCommand[]> {
        const cacheIsFresh =
          !forceRefresh &&
          this.commandCatalog.length > 0 &&
          Date.now() - this.commandCatalogFetchedAt < this.COMMAND_CATALOG_TTL_MS;
        if (cacheIsFresh) {
          return this.commandCatalog;
        }
    
        if (this.commandCatalogFetchPromise) {
          return this.commandCatalogFetchPromise;
        }
    
        if (this.commandCatalog.length > 0 && !forceRefresh) {
          this.commandCatalogFetchPromise = (async () => {
            try {
              const client = await this.serverManager.ensureRunning();
              const response = await client.command.list();
              const rawItems = Array.isArray(response.data) ? response.data : [];
              const commands: ChatSlashCommand[] = rawItems
                .map((item) => this.normalizeSlashCommand(item))
                .filter((item): item is ChatSlashCommand => !!item)
                .sort((a, b) => a.name.localeCompare(b.name));
    
              this.commandCatalog = commands;
              this.commandCatalogFetchedAt = Date.now();
              return commands;
            } finally {
              this.commandCatalogFetchPromise = null;
            }
          })();
    
          return this.commandCatalog;
        }
    
        this.commandCatalogFetchPromise = (async () => {
          const client = await this.serverManager.ensureRunning();
          const response = await client.command.list();
          const rawItems = Array.isArray(response.data) ? response.data : [];
          const commands: ChatSlashCommand[] = rawItems
            .map((item) => this.normalizeSlashCommand(item))
            .filter((item): item is ChatSlashCommand => !!item)
            .sort((a, b) => a.name.localeCompare(b.name));
    
          this.commandCatalog = commands;
          this.commandCatalogFetchedAt = Date.now();
          return commands;
        })();
    
        try {
          return await this.commandCatalogFetchPromise;
        } finally {
          this.commandCatalogFetchPromise = null;
        }
      }
    
      /**
       * Normalize slash command
       */
      normalizeSlashCommand(item: SdkCommand | unknown): ChatSlashCommand | null {
        const rec = this.asRecord(item);
        if (!rec) {
          return null;
        }
    
        const rawName = this.firstNonEmptyString(rec.name);
        if (!rawName) {
          return null;
        }
    
        const name = rawName.replace(/^\//, "");
        if (!name) {
          return null;
        }
    
        return {
          name,
          description: this.firstNonEmptyString(rec.description),
          agent: this.firstNonEmptyString(rec.agent),
          model: this.firstNonEmptyString(rec.model),
          template: this.firstNonEmptyString(rec.template),
          source: this.firstNonEmptyString(rec.source),
          subtask: typeof rec.subtask === "boolean" ? rec.subtask : undefined,
        };
      }
    
      /**
       * Get session settings map
       */
      getSessionSettingsMap(): Record<string, SessionSettings> {
        return this.globalState.get<Record<string, SessionSettings>>("sessionSettings") ?? {};
      }
    
      /**
       * Get session settings
       */
      getSessionSettings(sessionId: string): SessionSettings {
        return this.getSessionSettingsMap()[sessionId] ?? {};
      }
    
      /**
       * Persist session settings
       */
      async persistSessionSettings(
        sessionId: string,
        partial: Partial<SessionSettings>,
      ): Promise<void> {
        const map = this.getSessionSettingsMap();
        map[sessionId] = { ...map[sessionId], ...partial };
        await this.globalState.update("sessionSettings", map);
      }
    
      /**
       * Apply session settings
       */
      async applySessionSettings(sessionId: string): Promise<void> {
        const settings = this.getSessionSettings(sessionId);
        if (settings.agent) {
          this.selectedAgent = settings.agent;
          this.logger.debug("Restored agent for session", {
            sessionId,
            agent: settings.agent,
          });
        }
        if (settings.model?.providerID && settings.model?.modelID) {
          this.selectedModel = settings.model;
          this.logger.debug("Restored model for session", {
            sessionId,
            modelId: settings.model.modelID,
            providerId: settings.model.providerID,
          });
        }
      }
    
      /**
       * Migrate session settings
       */
      migrateSessionSettings(oldSessionId: string, newSessionId: string): void {
        if (!oldSessionId || !newSessionId || oldSessionId === newSessionId) {
          return;
        }
        const map = this.getSessionSettingsMap();
        const oldSettings = map[oldSessionId];
        if (!oldSettings) {
          return;
        }
        map[newSessionId] = { ...oldSettings, ...map[newSessionId] };
        void this.globalState.update("sessionSettings", map);
      }
    
      /**
       * Resolve prompt variant
       */
      async resolvePromptVariant(sessionId: string): Promise<string | undefined> {
        const savedLevel =
          this.getSessionSettings(sessionId).thinkingLevel ??
          this.globalState.get<string>("thinkingLevel");
        if (!savedLevel) return undefined;
    
        const normalizedLevel = savedLevel.toLowerCase().trim();
        if (!normalizedLevel) return undefined;
    
        const { providerID, modelID } = this.selectedModel;
        const capability = await this.modelCapabilitiesService.getCapabilities(providerID, modelID);
    
        if (!capability || !capability.reasoning) return undefined;
    
        if (providerID === 'anthropic' && normalizedLevel === 'high') return 'max';
        return normalizedLevel;
      }
    }
    
    
    /* FILE: E:\Projects\vscode-opencode\src\providers\chat\SessionHandler.ts */
    
    /**
     * SessionHandler Module
     *
     * Session CRUD operations (load, delete, rename, create, get sessions list).
     *
     * Extracted from ChatViewProvider.ts (~250 lines)
     */
    
    import type { SessionService } from "../../services/SessionService";
    import type { HistoryProcessor } from "./HistoryProcessor";
    import type { SubagentPersistence } from "./SubagentPersistence";
    import type { CompactionManager } from "./CompactionManager";
    import type { ModelAndAgentManager } from "./ModelAndAgentManager";
    
    export class SessionHandler {
      private sessionsListRequestVersion = 0;
      private lastSessionsPayloadFingerprint = "";
      private processingSessionIds = new Set<string>();
    
      constructor(
        private sessionService: SessionService,
        private historyProcessor: HistoryProcessor,
        private subagentPersistence: SubagentPersistence,
        private compactionManager: CompactionManager,
        private modelAndAgentManager: ModelAndAgentManager,
        private logger: ReturnType<typeof import("../../utils/Logger").createLogger>,
      ) {
        this.postMessage = () => {};
        this.getCurrentSessionId = () => undefined;
        this.setCurrentSessionId = () => {};
      }
    
      private postMessage: (msg: any) => void;
      private getCurrentSessionId: () => string | undefined;
      private setCurrentSessionId: (id: string | undefined) => void;
    
      setPostMessage(fn: (msg: any) => void): void {
        this.postMessage = fn;
      }
    
      setGetCurrentSessionId(fn: () => string | undefined): void {
        this.getCurrentSessionId = fn;
      }
    
      setSetCurrentSessionId(fn: (id: string | undefined) => void): void {
        this.setCurrentSessionId = fn;
      }
    
      /**
       * Handle get sessions request
       */
      async handleGetSessions(): Promise<void> {
        this.sessionsListRequestVersion += 1;
        const currentVersion = this.sessionsListRequestVersion;
    
        try {
          const sessions = await this.sessionService.listSessions();
          const sessionsPayload = sessions.map((session: any) => ({
            id: session.id,
            title: session.title || session.id,
            createdAt: session.createdAt,
            updatedAt: session.updatedAt,
          }));
    
          const fingerprint = JSON.stringify(sessionsPayload);
          if (fingerprint === this.lastSessionsPayloadFingerprint) {
            return;
          }
          this.lastSessionsPayloadFingerprint = fingerprint;
    
          if (currentVersion !== this.sessionsListRequestVersion) {
            return;
          }
    
          this.postMessage({
            type: "sessionsList",
            sessions: sessionsPayload,
          });
        } catch (error) {
          this.logger.error("Failed to get sessions", { error });
        }
      }
    
      /**
       * Send processing sessions update
       */
      sendProcessingSessionsUpdate(): void {
        this.postMessage({
          type: "sessionsListUpdate",
          processingSessionIds: Array.from(this.processingSessionIds),
        });
      }
    
      /**
       * Handle load session request
       */
      async handleLoadSession(message: { sessionId: string }): Promise<void> {
        const { sessionId } = message;
        if (!sessionId) {
          return;
        }
    
        if (this.processingSessionIds.has(sessionId)) {
          this.logger.warn("Session already loading", { sessionId });
          return;
        }
    
        this.processingSessionIds.add(sessionId);
        this.sendProcessingSessionsUpdate();
    
        try {
          // CRITICAL: Switch the active session in SessionService
          // This updates the service's internal state and persists it
          await this.sessionService.switchSession(sessionId);
    
          const rawMessages = await this.sessionService.loadSessionMessages(sessionId);
          const messages = Array.isArray(rawMessages)
            ? this.historyProcessor.processHistoryMessages(rawMessages, sessionId)
            : [];
    
          await this.subagentPersistence.syncSubagentSnapshotForSession(sessionId, messages);
          await this.compactionManager.sendPersistedCompactionViewState(sessionId);
          await this.modelAndAgentManager.applySessionSettings(sessionId);
    
          this.postMessage({
            type: "chatHistory",
            sessionId,
            messages,
          });
    
          this.setCurrentSessionId(sessionId);
          this.logger.info("Session loaded", { sessionId, messageCount: messages.length });
        } catch (error) {
          this.logger.error("Failed to load session", { sessionId, error });
        } finally {
          this.processingSessionIds.delete(sessionId);
          this.sendProcessingSessionsUpdate();
        }
      }
    
      /**
       * Handle delete session request
       */
      async handleDeleteSession(sessionId: string): Promise<void> {
        if (!sessionId) {
          return;
        }
    
        try {
          await this.sessionService.deleteSession(sessionId);
          await this.subagentPersistence.clearPersistedSubagentSnapshot(sessionId);
          await this.compactionManager.clearPersistedCompactionViewState(sessionId);
    
          const currentSessionId = this.getCurrentSessionId();
          if (currentSessionId === sessionId) {
            this.setCurrentSessionId(undefined);
          }
    
          await this.handleGetSessions();
          this.logger.info("Session deleted", { sessionId });
        } catch (error) {
          this.logger.error("Failed to delete session", { sessionId, error });
        }
      }
    
      /**
       * Handle rename session request
       */
      async handleRenameSession(sessionId: string, newTitle: string): Promise<void> {
        if (!sessionId || !newTitle) {
          return;
        }
    
        try {
          await this.sessionService.renameSession(sessionId, newTitle);
          await this.handleGetSessions();
          this.logger.info("Session renamed", { sessionId, newTitle });
        } catch (error) {
          this.logger.error("Failed to rename session", { sessionId, error });
        }
      }
    }
    
  operator: 'match'
  stack: |-
    TestContext.<anonymous> (file:///E:/Projects/vscode-opencode/tests/unit/queue-steer-scheduler.test.mjs:57:10)
    Test.runInAsyncScope (node:async_hooks:214:14)
    Test.run (node:internal/test_runner/test:1047:25)
    Test.processPendingSubtests (node:internal/test_runner/test:744:18)
    Test.postRun (node:internal/test_runner/test:1173:19)
    Test.run (node:internal/test_runner/test:1101:12)
    async Test.processPendingSubtests (node:internal/test_runner/test:744:7)
  ...
# Subtest: ChatViewProvider queue execution logic correctly manages state
ok 1054 - ChatViewProvider queue execution logic correctly manages state
  ---
  duration_ms: 4.2345
  type: 'test'
  ...
# Subtest: MessageStreamService exports type definitions
ok 1055 - MessageStreamService exports type definitions
  ---
  duration_ms: 4.746
  type: 'test'
  ...
# Subtest: MessageStreamService is exported as a class
ok 1056 - MessageStreamService is exported as a class
  ---
  duration_ms: 0.5347
  type: 'test'
  ...
# Subtest: MessageStreamService constructor initializes state
ok 1057 - MessageStreamService constructor initializes state
  ---
  duration_ms: 0.5077
  type: 'test'
  ...
# Subtest: MessageStreamService defines heartbeat event types
ok 1058 - MessageStreamService defines heartbeat event types
  ---
  duration_ms: 13.6396
  type: 'test'
  ...
# Subtest: MessageStreamService initializes instance state
ok 1059 - MessageStreamService initializes instance state
  ---
  duration_ms: 4.5898
  type: 'test'
  ...
# Subtest: MessageStreamService implements startListening
ok 1060 - MessageStreamService implements startListening
  ---
  duration_ms: 13.5618
  type: 'test'
  ...
# Subtest: MessageStreamService handles workspace directory in startListening
ok 1061 - MessageStreamService handles workspace directory in startListening
  ---
  duration_ms: 2.5869
  type: 'test'
  ...
# Subtest: MessageStreamService subscribes to SDK event streams
ok 1062 - MessageStreamService subscribes to SDK event streams
  ---
  duration_ms: 4.202
  type: 'test'
  ...
# Subtest: MessageStreamService subscribes to global event fallback
ok 1063 - MessageStreamService subscribes to global event fallback
  ---
  duration_ms: 1.3137
  type: 'test'
  ...
# Subtest: MessageStreamService consumes event streams
not ok 1064 - MessageStreamService consumes event streams
  ---
  duration_ms: 2.385
  type: 'test'
  location: 'E:\\Projects\\vscode-opencode\\tests\\unit\\services\\MessageStreamService.test.mjs:219:1'
  failureType: 'testCodeFailure'
  error: 'startListening should consume /event stream'
  code: 'ERR_ASSERTION'
  name: 'AssertionError'
  expected:
  actual: |-
    
        this.clearReconnectTimer();
        this.recentEventSignatures.clear();
    
        // Close existing connection if any
        this.stopListening();
    
        this.abortController = new AbortController();
        const abortSignal = this.abortController.signal;
        const startTime = Date.now();
    
        this.logger.info("Starting SDK-based SSE listener");
    
        try {
          const client = await this.serverManager.ensureRunning();
          const workspaceDirectory =
            vscode.workspace.workspaceFolders?.[0]?.uri.scheme === "file"
              ? vscode.workspace.workspaceFolders?.[0]?.uri.fsPath
                .replace(/\\/g, "/")
                .replace(/\/+$/, "")
              : undefined;
          if (workspaceDirectory) {
            this.logger.debug("Workspace directory for stream filtering", {
              workspaceDirectory,
            });
          }
          const eventSubscribeOptions = workspaceDirectory
            ? {
              query: { directory: workspaceDirectory },
              onSseEvent: (sseEvent: unknown) => {
                const rec = this.asRecord(sseEvent);
                const data = rec?.data;
                const eventHints = this.extractEventTypeHints(data);
                const eventType = eventHints[0];
                if (!this.isHeartbeatEvent(eventType) && this.shouldVerboseStreamDebug()) {
                  this.logger.debug("/event SSE frame", {
                    eventType: eventType || "unknown",
                    eventName:
                      typeof rec?.event === "string" ? rec.event : undefined,
                    lastEventId:
                      typeof rec?.id === "string" ? rec.id : undefined,
                    preview: this.asPreview(
                      typeof data === "string"
                        ? data
                        : JSON.stringify(this.sanitizeForLogging(data)),
                    ),
                  });
                }
              },
              onSseError: (error: unknown) => {
                this.logger.error("/event SSE callback error", {}, error as Error);
              },
            }
            : {
              onSseEvent: (sseEvent: unknown) => {
                const rec = this.asRecord(sseEvent);
                const data = rec?.data;
                const eventHints = this.extractEventTypeHints(data);
                const eventType = eventHints[0];
                if (!this.isHeartbeatEvent(eventType) && this.shouldVerboseStreamDebug()) {
                  this.logger.debug("/event SSE frame", {
                    eventType: eventType || "unknown",
                    eventName:
                      typeof rec?.event === "string" ? rec.event : undefined,
                    lastEventId:
                      typeof rec?.id === "string" ? rec.id : undefined,
                    preview: this.asPreview(
                      typeof data === "string"
                        ? data
                        : JSON.stringify(this.sanitizeForLogging(data)),
                    ),
                  });
                }
              },
              onSseError: (error: unknown) => {
                this.logger.error("/event SSE callback error", {}, error as Error);
              },
            };
          this.logger.info("Subscribing to /event", {
            directory: workspaceDirectory,
          });
          let events;
          try {
            events = await client.event.subscribe(eventSubscribeOptions);
          } catch (subscribeError) {
            // if (!workspaceDirectory) {
            //   throw subscribeError;
            // }
            // console.warn(
            //   "[MessageStreamService] Scoped /event subscription failed, retrying without directory query:",
            //   subscribeError,
            // );
            // events = await client.event.subscribe({
            //   onSseEvent: (sseEvent: unknown) => {
            //     const rec = this.asRecord(sseEvent);
            //     const data = rec?.data;
            //     const eventHints = this.extractEventTypeHints(data);
            //     const eventType = eventHints[0];
            //     if (!this.isHeartbeatEvent(eventType)) {
            //       console.log("[MessageStreamService] /event SSE frame", {
            //         eventType: eventType || "unknown",
            //         eventName: typeof rec?.event === "string" ? rec.event : undefined,
            //         lastEventId: typeof rec?.id === "string" ? rec.id : undefined,
            //         preview: this.asPreview(
            //           typeof data === "string"
            //             ? data
            //             : JSON.stringify(this.sanitizeForLogging(data)),
            //         ),
            //       });
            //     }
            //   },
            //   onSseError: (error: unknown) => {
            //     console.error("[MessageStreamService] /event SSE callback error:", error);
            //   },
            // });
          }
    
          this.logger.performance("Connection established", Date.now() - startTime, {
            endpoint: "/event",
          });
    
          const streamTasks: Array<Promise<void>> = [
            this.consumeEventStream(
              events!.stream,
              "/event",
              abortSignal,
              workspaceDirectory,
              startTime,
            ),
          ];
          if (client.global && typeof client.global.event === "function") {
            try {
              this.logger.info("Subscribing to /global/event (fallback channel)");
              const globalEvents = await client.global.event({
                onSseEvent: (sseEvent: unknown) => {
                  const rec = this.asRecord(sseEvent);
                  const data = rec?.data;
                  const eventHints = this.extractEventTypeHints(data);
                  const eventType = eventHints[0];
                  if (!this.isHeartbeatEvent(eventType) && this.shouldVerboseStreamDebug()) {
                    this.logger.debug("/global/event SSE frame", {
                      eventType: eventType || "unknown",
                      eventName:
                        typeof rec?.event === "string" ? rec.event : undefined,
                      lastEventId:
                        typeof rec?.id === "string" ? rec.id : undefined,
                      preview: this.asPreview(
                        typeof data === "string"
                          ? data
                          : JSON.stringify(this.sanitizeForLogging(data)),
                      ),
                    });
                  }
                },
                onSseError: (error: unknown) => {
                  this.logger.error("/global/event SSE callback error", {}, error as Error);
                },
              });
              streamTasks.push(
                this.consumeEventStream(
                  globalEvents.stream,
                  "/global/event",
                  abortSignal,
                  workspaceDirectory,
                  startTime,
                ),
              );
            } catch (globalEventError) {
              this.logger.warn("Failed to subscribe to /global/event fallback", {
                error: globalEventError instanceof Error ? globalEventError.message : String(globalEventError),
              });
            }
          }
    
          const streamResults = await Promise.allSettled(streamTasks);
          const rejectedStream = streamResults.find(
            (result): result is PromiseRejectedResult => result.status === "rejected",
          );
          if (rejectedStream && !abortSignal.aborted) {
            throw rejectedStream.reason;
          }
        } catch (error: any) {
          if (error.name === "AbortError" || abortSignal.aborted) {
            this.logger.info("Listening aborted");
            return;
          }
    
          this.logger.error("SSE stream error", {}, error);
          // Auto-reconnect after 5 seconds
          if (this.reconnectTimer) {
            return;
          }
          this.reconnectTimer = setTimeout(() => {
            this.reconnectTimer = null;
            if (this.callbacks.size > 0) {
              this.startListening().catch((err) => {
                this.logger.error("Auto-reconnect failed", {}, err as Error);
              });
            }
          }, 5000);
        }
      
  operator: 'match'
  stack: |-
    TestContext.<anonymous> (file:///E:/Projects/vscode-opencode/tests/unit/services/MessageStreamService.test.mjs:225:10)
    Test.runInAsyncScope (node:async_hooks:214:14)
    Test.run (node:internal/test_runner/test:1047:25)
    Test.processPendingSubtests (node:internal/test_runner/test:744:18)
    Test.postRun (node:internal/test_runner/test:1173:19)
    Test.run (node:internal/test_runner/test:1101:12)
    async Test.processPendingSubtests (node:internal/test_runner/test:744:7)
  ...
# Subtest: MessageStreamService implements stopListening
ok 1065 - MessageStreamService implements stopListening
  ---
  duration_ms: 1.37
  type: 'test'
  ...
# Subtest: MessageStreamService implements subscribe with auto-lifecycle
not ok 1066 - MessageStreamService implements subscribe with auto-lifecycle
  ---
  duration_ms: 1.7337
  type: 'test'
  location: 'E:\\Projects\\vscode-opencode\\tests\\unit\\services\\MessageStreamService.test.mjs:281:1'
  failureType: 'testCodeFailure'
  error: 'subscribe should start listening on first subscriber'
  code: 'ERR_ASSERTION'
  name: 'AssertionError'
  expected:
  actual: |-
    
        this.callbacks.add(callback);
    
        // Start listening if this is the first subscriber
        if (this.callbacks.size === 1) {
          this.startListening().catch((error) => this.logger.error("Failed to start listening", {}, error as Error));
        }
    
        // Return unsubscribe function
        return () => {
          this.callbacks.delete(callback);
    
          // Stop listening if no more subscribers
          if (this.callbacks.size === 0) {
            this.stopListening();
          }
        };
      
  operator: 'match'
  stack: |-
    TestContext.<anonymous> (file:///E:/Projects/vscode-opencode/tests/unit/services/MessageStreamService.test.mjs:303:10)
    Test.runInAsyncScope (node:async_hooks:214:14)
    Test.run (node:internal/test_runner/test:1047:25)
    Test.processPendingSubtests (node:internal/test_runner/test:744:18)
    Test.postRun (node:internal/test_runner/test:1173:19)
    Test.run (node:internal/test_runner/test:1101:12)
    async Test.processPendingSubtests (node:internal/test_runner/test:744:7)
  ...
# Subtest: MessageStreamService unsubscribe stops listening when last subscriber
ok 1067 - MessageStreamService unsubscribe stops listening when last subscriber
  ---
  duration_ms: 1.2832
  type: 'test'
  ...
# Subtest: MessageStreamService implements dispose
ok 1068 - MessageStreamService implements dispose
  ---
  duration_ms: 0.8836
  type: 'test'
  ...
# Subtest: MessageStreamService implements consumeEventStream
ok 1069 - MessageStreamService implements consumeEventStream
  ---
  duration_ms: 2.0237
  type: 'test'
  ...
# Subtest: MessageStreamService normalizes incoming events
ok 1070 - MessageStreamService normalizes incoming events
  ---
  duration_ms: 3.8322
  type: 'test'
  ...
# Subtest: MessageStreamService filters events by workspace directory
ok 1071 - MessageStreamService filters events by workspace directory
  ---
  duration_ms: 0.6773
  type: 'test'
  ...
# Subtest: MessageStreamService detects and filters duplicate events
ok 1072 - MessageStreamService detects and filters duplicate events
  ---
  duration_ms: 1.916
  type: 'test'
  ...
# Subtest: MessageStreamService implements normalizeIncomingEvent
ok 1073 - MessageStreamService implements normalizeIncomingEvent
  ---
  duration_ms: 1.0801
  type: 'test'
  ...
# Subtest: MessageStreamService normalizes event payload wrappers
ok 1074 - MessageStreamService normalizes event payload wrappers
  ---
  duration_ms: 1.5143
  type: 'test'
  ...
# Subtest: MessageStreamService normalizes nested wrappers
ok 1075 - MessageStreamService normalizes nested wrappers
  ---
  duration_ms: 2.5595
  type: 'test'
  ...
# Subtest: MessageStreamService implements isEventInWorkspaceDirectory
ok 1076 - MessageStreamService implements isEventInWorkspaceDirectory
  ---
  duration_ms: 4.4059
  type: 'test'
  ...
# Subtest: MessageStreamService implements normalizeDirectory
ok 1077 - MessageStreamService implements normalizeDirectory
  ---
  duration_ms: 2.2907
  type: 'test'
  ...
# Subtest: MessageStreamService implements isDuplicateEvent
ok 1078 - MessageStreamService implements isDuplicateEvent
  ---
  duration_ms: 1.2366
  type: 'test'
  ...
# Subtest: MessageStreamService implements getEventSignature
ok 1079 - MessageStreamService implements getEventSignature
  ---
  duration_ms: 1.092
  type: 'test'
  ...
# Subtest: MessageStreamService implements notifyCallbacks
not ok 1080 - MessageStreamService implements notifyCallbacks
  ---
  duration_ms: 4.9699
  type: 'test'
  location: 'E:\\Projects\\vscode-opencode\\tests\\unit\\services\\MessageStreamService.test.mjs:656:1'
  failureType: 'testCodeFailure'
  error: 'notifyCallbacks should log callback errors'
  code: 'ERR_ASSERTION'
  name: 'AssertionError'
  expected:
  actual: |-
    
        if (this.shouldVerboseStreamDebug()) {
          // Log all stream event properties for debugging
          const sanitizedProperties = this.sanitizeForLogging(event.properties);
    
          // Extract commonly interesting fields for clearer logging
          const properties = (event.properties as Record<string, unknown>) || {};
          const part = (properties.part as Record<string, unknown>) || {};
          const info = (properties.info as Record<string, unknown>) || {};
    
          // Build enriched log context with message content prominently displayed
          const logContext: Record<string, unknown> = {
            eventType: event.type,
          };
          const streamSource =
            typeof (event as Record<string, unknown>).source === "string"
              ? ((event as Record<string, unknown>).source as string)
              : undefined;
          if (streamSource) {
            logContext.source = streamSource;
          }
          const directory =
            typeof (event as Record<string, unknown>).directory === "string"
              ? ((event as Record<string, unknown>).directory as string)
              : undefined;
          if (directory) {
            logContext.directory = directory;
          }
    
          // Helper function to extract text content from a value
          const extractText = (value: unknown): string | undefined => {
            if (typeof value === "string") {
              return value;
            }
            if (Array.isArray(value)) {
              return value.map((v) => (typeof v === "string" ? v : "")).join("");
            }
            return undefined;
          };
    
          // Check ALL possible locations for AI message content
          // Priority order: delta (streaming), then text, then content, then output/answer/response
    
          // 1. Check part level fields (most common for message.part.updated)
          const partDelta = extractText(part.delta);
          const partText = extractText(part.text);
          const partContent = extractText(part.content);
          const partValue = extractText(part.value);
          const partOutput = extractText(part.output);
          const partAnswer = extractText(part.answer);
          const partResponse = extractText(part.response);
          const partMessage = extractText(part.message);
    
          // 2. Check properties level fields
          const propDelta = extractText(properties.delta);
          const propText = extractText(properties.text);
          const propContent = extractText(properties.content);
          const propValue = extractText(properties.value);
          const propOutput = extractText(properties.output);
          const propAnswer = extractText(properties.answer);
          const propResponse = extractText(properties.response);
          const propMessage = extractText(properties.message);
    
          // Add the first non-empty message content we find
          const messageContent =
            partDelta ||
            partText ||
            partContent ||
            partValue ||
            partOutput ||
            partAnswer ||
            partResponse ||
            partMessage ||
            propDelta ||
            propText ||
            propContent ||
            propValue ||
            propOutput ||
            propAnswer ||
            propResponse ||
            propMessage;
    
          if (messageContent) {
            logContext.aiMessage = messageContent;
          }
    
          // Add reasoning/thinking content if present.
          // SDK ReasoningPart uses { type: "reasoning", text: "..." }.
          if (part.reasoning) {
            logContext.reasoning = extractText(part.reasoning);
          }
          if (part.thought) {
            logContext.thought = extractText(part.thought);
          }
          if (part.thinking) {
            logContext.thinking = extractText(part.thinking);
          }
          const partType =
            typeof part.type === "string" ? part.type.toLowerCase() : "";
          if (
            partType === "reasoning" &&
            !logContext.reasoning &&
            !logContext.thinking &&
            !logContext.thought
          ) {
            const reasoningText =
              partText || partDelta || extractText(properties.delta) || propText;
            if (reasoningText) {
              logContext.reasoning = reasoningText;
            }
          }
    
          // Add part type
          if (part.type) {
            logContext.partType = part.type;
          }
    
          // Add message completion info
          if (event.type === "message.updated") {
            logContext.messageComplete = true;
            if (info.agent) logContext.agent = info.agent;
            if (info.duration) logContext.duration = info.duration;
            if (info.tokens) logContext.tokens = info.tokens;
            if (info.modelID) logContext.modelID = info.modelID;
            if (info.providerID) logContext.providerID = info.providerID;
          }
    
          // Add error info
          if (event.type === "session.error" || event.type === "error") {
            logContext.hasError = true;
            if (properties.error)
              logContext.errorMessage = extractText(properties.error);
          }
    
          // Include all other properties for complete debugging
          logContext.allProperties = sanitizedProperties;
    
          // Log the event with enriched context - AI message now prominently displayed
          this.logger.debug(`Stream Event: ${event.type}`, logContext);
        }
    
        this.callbacks.forEach((callback) => {
          try {
            callback(event);
          } catch (error) {
            // Log but don't throw - one bad callback shouldn't break everything
            this.logger.error("Callback error in subscriber", {}, error as Error);
          }
        });
      
  operator: 'match'
  stack: |-
    TestContext.<anonymous> (file:///E:/Projects/vscode-opencode/tests/unit/services/MessageStreamService.test.mjs:683:10)
    Test.runInAsyncScope (node:async_hooks:214:14)
    Test.run (node:internal/test_runner/test:1047:25)
    Test.processPendingSubtests (node:internal/test_runner/test:744:18)
    Test.postRun (node:internal/test_runner/test:1173:19)
    Test.run (node:internal/test_runner/test:1101:12)
    async Test.processPendingSubtests (node:internal/test_runner/test:744:7)
  ...
# Subtest: MessageStreamService implements clearReconnectTimer
ok 1081 - MessageStreamService implements clearReconnectTimer
  ---
  duration_ms: 2.2171
  type: 'test'
  ...
# Subtest: MessageStreamService implements auto-reconnect on errors
ok 1082 - MessageStreamService implements auto-reconnect on errors
  ---
  duration_ms: 1.1656
  type: 'test'
  ...
# Subtest: MessageStreamService implements asRecord utility
ok 1083 - MessageStreamService implements asRecord utility
  ---
  duration_ms: 1.0065
  type: 'test'
  ...
# Subtest: MessageStreamService implements heartbeat event detection
ok 1084 - MessageStreamService implements heartbeat event detection
  ---
  duration_ms: 1.0874
  type: 'test'
  ...
# Subtest: MessageStreamService implements verbose stream debug check
ok 1085 - MessageStreamService implements verbose stream debug check
  ---
  duration_ms: 1.2619
  type: 'test'
  ...
# Subtest: MessageStreamService implements asPreview for logging
ok 1086 - MessageStreamService implements asPreview for logging
  ---
  duration_ms: 0.7864
  type: 'test'
  ...
# Subtest: MessageStreamService implements extractEventTypeHints
ok 1087 - MessageStreamService implements extractEventTypeHints
  ---
  duration_ms: 0.7851
  type: 'test'
  ...
# Subtest: MessageStreamService implements sanitizeForLogging
ok 1088 - MessageStreamService implements sanitizeForLogging
  ---
  duration_ms: 0.7281
  type: 'test'
  ...
# Subtest: MessageStreamService annotates events with source
ok 1089 - MessageStreamService annotates events with source
  ---
  duration_ms: 0.8056
  type: 'test'
  ...
# Subtest: MessageStreamService manages stale entries in signature cache
ok 1090 - MessageStreamService manages stale entries in signature cache
  ---
  duration_ms: 0.6977
  type: 'test'
  ...
# Subtest: MessageStreamService only dedupes cross-stream events
ok 1091 - MessageStreamService only dedupes cross-stream events
  ---
  duration_ms: 0.6058
  type: 'test'
  ...
# Subtest: SessionService is exported as a class
ok 1092 - SessionService is exported as a class
  ---
  duration_ms: 4.3873
  type: 'test'
  ...
# Subtest: SessionService constructor initializes core state
ok 1093 - SessionService constructor initializes core state
  ---
  duration_ms: 0.8556
  type: 'test'
  ...
# Subtest: SessionService defines constants for persistence limits
ok 1094 - SessionService defines constants for persistence limits
  ---
  duration_ms: 0.8122
  type: 'test'
  ...
# Subtest: SessionService implements createNewSession
ok 1095 - SessionService implements createNewSession
  ---
  duration_ms: 1.6739
  type: 'test'
  ...
# Subtest: SessionService implements listSessions with merge logic
ok 1096 - SessionService implements listSessions with merge logic
  ---
  duration_ms: 1.4964
  type: 'test'
  ...
# Subtest: SessionService implements switchSession
ok 1097 - SessionService implements switchSession
  ---
  duration_ms: 3.8064
  type: 'test'
  ...
# Subtest: SessionService implements deleteSession
ok 1098 - SessionService implements deleteSession
  ---
  duration_ms: 1.7072
  type: 'test'
  ...
# Subtest: SessionService implements getCurrentSession with auto-create
ok 1099 - SessionService implements getCurrentSession with auto-create
  ---
  duration_ms: 2.0511
  type: 'test'
  ...
# Subtest: SessionService implements getMessages with merge
ok 1100 - SessionService implements getMessages with merge
  ---
  duration_ms: 2.2842
  type: 'test'
  ...
# Subtest: SessionService implements upsertMessage for rich persistence
ok 1101 - SessionService implements upsertMessage for rich persistence
  ---
  duration_ms: 2.4519
  type: 'test'
  ...
# Subtest: SessionService implements message merge utilities
ok 1102 - SessionService implements message merge utilities
  ---
  duration_ms: 2.1521
  type: 'test'
  ...
# Subtest: SessionService implements state initialization
ok 1103 - SessionService implements state initialization
  ---
  duration_ms: 0.8175
  type: 'test'
  ...
# Subtest: SessionService implements message persistence helpers
ok 1104 - SessionService implements message persistence helpers
  ---
  duration_ms: 0.6708
  type: 'test'
  ...
# Subtest: SessionService implements data URL detection and redaction
ok 1105 - SessionService implements data URL detection and redaction
  ---
  duration_ms: 0.8805
  type: 'test'
  ...
# Subtest: SessionService implements string truncation
ok 1106 - SessionService implements string truncation
  ---
  duration_ms: 0.8563
  type: 'test'
  ...
# Subtest: SessionService implements sanitizeForPersistence
ok 1107 - SessionService implements sanitizeForPersistence
  ---
  duration_ms: 1.5115
  type: 'test'
  ...
# Subtest: SessionService implements compaction functions for persistence
ok 1108 - SessionService implements compaction functions for persistence
  ---
  duration_ms: 0.8913
  type: 'test'
  ...
# Subtest: SessionService defines compaction limits
ok 1109 - SessionService defines compaction limits
  ---
  duration_ms: 1.0001
  type: 'test'
  ...
# Subtest: SessionService implements byte size estimation
ok 1110 - SessionService implements byte size estimation
  ---
  duration_ms: 18.1972
  type: 'test'
  ...
# Subtest: SessionService implements current session ID management
ok 1111 - SessionService implements current session ID management
  ---
  duration_ms: 1.6097
  type: 'test'
  ...
# Subtest: SessionService implements loadSessionById
ok 1112 - SessionService implements loadSessionById
  ---
  duration_ms: 0.3906
  type: 'test'
  ...
# Subtest: SessionService handles errors gracefully
not ok 1113 - SessionService handles errors gracefully
  ---
  duration_ms: 14.6981
  type: 'test'
  location: 'E:\\Projects\\vscode-opencode\\tests\\unit\\services\\SessionService.test.mjs:623:1'
  failureType: 'testCodeFailure'
  error: 'listSessions should log errors'
  code: 'ERR_ASSERTION'
  name: 'AssertionError'
  expected:
  actual: |-
    
        // Ensure persisted local history is loaded before we merge with server data.
        // Without this wait, early startup calls can clobber workspace history.
        if (this.initializationPromise) {
          await this.initializationPromise;
        }
    
        try {
          const client = await this.serverManager.ensureRunning();
          const response = await client.session.list();
    
          if (response.data) {
            // Merge server sessions with local history
            const serverSessions = response.data;
            const localSessions = this.sessionHistory;
    
            // Use a map to merge by ID, prioritizing server data but keeping local-only ones
            const mergedMap = new Map<string, Session>();
            localSessions.forEach((s) => {
              mergedMap.set(s.id, s);
            });
            serverSessions.forEach((s) => {
              mergedMap.set(s.id, s);
            });
    
            const mergedSessions = Array.from(mergedMap.values());
            const normalized = coalesceSessionsById(mergedSessions);
            if (hasSessionAliasConflicts(normalized.aliasesByCanonicalId)) {
              await this.mergeMessagesForSessionAliases(
                normalized.aliasesByCanonicalId,
              );
            }
    
            this.sessionHistory = normalized.sessions;
    
            this.persistState();
          }
        } catch (error) {
          log.error("Failed to fetch sessions from server", {}, error as Error);
          // Fallback to local history
          const normalizedLocal = coalesceSessionsById(this.sessionHistory);
          if (hasSessionAliasConflicts(normalizedLocal.aliasesByCanonicalId)) {
            await this.mergeMessagesForSessionAliases(
              normalizedLocal.aliasesByCanonicalId,
            );
          }
          if (normalizedLocal.hadChanges) {
            this.sessionHistory = normalizedLocal.sessions;
            this.persistState();
          }
        }
    
        return this.sessionHistory;
      
  operator: 'match'
  stack: |-
    TestContext.<anonymous> (file:///E:/Projects/vscode-opencode/tests/unit/services/SessionService.test.mjs:634:10)
    Test.runInAsyncScope (node:async_hooks:214:14)
    Test.run (node:internal/test_runner/test:1047:25)
    Test.processPendingSubtests (node:internal/test_runner/test:744:18)
    Test.postRun (node:internal/test_runner/test:1173:19)
    Test.run (node:internal/test_runner/test:1101:12)
    async Test.processPendingSubtests (node:internal/test_runner/test:744:7)
  ...
# Subtest: SessionService compaction preserves essential fields
ok 1114 - SessionService compaction preserves essential fields
  ---
  duration_ms: 2.9376
  type: 'test'
  ...
# Subtest: SessionService uses multi-signature matching for message merge/upsert
ok 1115 - SessionService uses multi-signature matching for message merge/upsert
  ---
  duration_ms: 0.9989
  type: 'test'
  ...
# Subtest: SubagentTracker exports type definitions
ok 1116 - SubagentTracker exports type definitions
  ---
  duration_ms: 8.9096
  type: 'test'
  ...
# Subtest: SubagentTracker is exported as a class
ok 1117 - SubagentTracker is exported as a class
  ---
  duration_ms: 1.4199
  type: 'test'
  ...
# Subtest: SubagentTracker constructor initializes state
ok 1118 - SubagentTracker constructor initializes state
  ---
  duration_ms: 0.7602
  type: 'test'
  ...
# Subtest: SubagentTracker defines event storage limits
ok 1119 - SubagentTracker defines event storage limits
  ---
  duration_ms: 1.3899
  type: 'test'
  ...
# Subtest: SubagentTracker implements handleMessagePartUpdated
ok 1120 - SubagentTracker implements handleMessagePartUpdated
  ---
  duration_ms: 1.7534
  type: 'test'
  ...
# Subtest: SubagentTracker implements handleMessageUpdated
ok 1121 - SubagentTracker implements handleMessageUpdated
  ---
  duration_ms: 2.8011
  type: 'test'
  ...
# Subtest: SubagentTracker implements handleSessionCreated
ok 1122 - SubagentTracker implements handleSessionCreated
  ---
  duration_ms: 3.5174
  type: 'test'
  ...
# Subtest: SubagentTracker implements getOrCreateSubagent
ok 1123 - SubagentTracker implements getOrCreateSubagent
  ---
  duration_ms: 0.8857
  type: 'test'
  ...
# Subtest: SubagentTracker implements status and event management
ok 1124 - SubagentTracker implements status and event management
  ---
  duration_ms: 1.3418
  type: 'test'
  ...
# Subtest: SubagentTracker implements finalizeParentMessage
ok 1125 - SubagentTracker implements finalizeParentMessage
  ---
  duration_ms: 1.5843
  type: 'test'
  ...
# Subtest: SubagentTracker implements buildUpdatePayload
ok 1126 - SubagentTracker implements buildUpdatePayload
  ---
  duration_ms: 3.0555
  type: 'test'
  ...
# Subtest: SubagentTracker implements hydrateChildSessionMessages
ok 1127 - SubagentTracker implements hydrateChildSessionMessages
  ---
  duration_ms: 1.2369
  type: 'test'
  ...
# Subtest: SubagentTracker implements markOrphanedSubagents
ok 1128 - SubagentTracker implements markOrphanedSubagents
  ---
  duration_ms: 0.8254
  type: 'test'
  ...
# Subtest: SubagentTracker implements resetForSession
ok 1129 - SubagentTracker implements resetForSession
  ---
  duration_ms: 0.7979
  type: 'test'
  ...
# Subtest: SubagentTracker implements utility functions
ok 1130 - SubagentTracker implements utility functions
  ---
  duration_ms: 0.8656
  type: 'test'
  ...
# Subtest: SubagentTracker implements reasoning detection
ok 1131 - SubagentTracker implements reasoning detection
  ---
  duration_ms: 1.5023
  type: 'test'
  ...
# Subtest: SubagentTracker implements opaque ID detection
ok 1132 - SubagentTracker implements opaque ID detection
  ---
  duration_ms: 0.9359
  type: 'test'
  ...
# Subtest: SubagentTracker implements reasoning text sanitization
ok 1133 - SubagentTracker implements reasoning text sanitization
  ---
  duration_ms: 1.0523
  type: 'test'
  ...
# Subtest: SubagentTracker implements activity label sanitization for subagent UI text
ok 1134 - SubagentTracker implements activity label sanitization for subagent UI text
  ---
  duration_ms: 1.0665
  type: 'test'
  ...
# Subtest: SubagentTracker implements progress status normalization
ok 1135 - SubagentTracker implements progress status normalization
  ---
  duration_ms: 1.065
  type: 'test'
  ...
# Subtest: SubagentTracker implements event clamping
ok 1136 - SubagentTracker implements event clamping
  ---
  duration_ms: 1.3593
  type: 'test'
  ...
# Subtest: SubagentTracker deduplicates noisy timeline events
ok 1137 - SubagentTracker deduplicates noisy timeline events
  ---
  duration_ms: 4.7511
  type: 'test'
  ...
# Subtest: SubagentTracker merges progress events by callID and avoids duplicate rows
ok 1138 - SubagentTracker merges progress events by callID and avoids duplicate rows
  ---
  duration_ms: 0.9852
  type: 'test'
  ...
# Subtest: SubagentTracker suppresses low-signal text timeline spam
ok 1139 - SubagentTracker suppresses low-signal text timeline spam
  ---
  duration_ms: 0.5526
  type: 'test'
  ...
# Subtest: SubagentTracker implements cloning functions
ok 1140 - SubagentTracker implements cloning functions
  ---
  duration_ms: 0.7021
  type: 'test'
  ...
# Subtest: SubagentTracker processes parent message references
ok 1141 - SubagentTracker processes parent message references
  ---
  duration_ms: 0.271
  type: 'test'
  ...
# Subtest: SubagentTracker handles session-based organization
ok 1142 - SubagentTracker handles session-based organization
  ---
  duration_ms: 0.3849
  type: 'test'
  ...
# Subtest: SubagentTracker tracks latest parent message ID
ok 1143 - SubagentTracker tracks latest parent message ID
  ---
  duration_ms: 0.7427
  type: 'test'
  ...
# Subtest: SubagentTracker handles pending subtasks
ok 1144 - SubagentTracker handles pending subtasks
  ---
  duration_ms: 1.5755
  type: 'test'
  ...
# Subtest: structuredOutputSchema exports required type definitions
ok 1145 - structuredOutputSchema exports required type definitions
  ---
  duration_ms: 3.4472
  type: 'test'
  ...
# Subtest: StructuredResponseType includes all required response types
ok 1146 - StructuredResponseType includes all required response types
  ---
  duration_ms: 1.0095
  type: 'test'
  ...
# Subtest: structuredOutputSchema has correct top-level structure
ok 1147 - structuredOutputSchema has correct top-level structure
  ---
  duration_ms: 1.2144
  type: 'test'
  ...
# Subtest: schema object has correct structure
ok 1148 - schema object has correct structure
  ---
  duration_ms: 1.4268
  type: 'test'
  ...
# Subtest: responseType property has correct definition
ok 1149 - responseType property has correct definition
  ---
  duration_ms: 6.11
  type: 'test'
  ...
# Subtest: responseType enum includes all valid types
not ok 1150 - responseType enum includes all valid types
  ---
  duration_ms: 1.7811
  type: 'test'
  location: 'E:\\Projects\\vscode-opencode\\tests\\unit\\shared\\structuredOutputSchema.test.mjs:74:1'
  failureType: 'testCodeFailure'
  error: 'Enum should include subagents'
  code: 'ERR_ASSERTION'
  name: 'AssertionError'
  expected: true
  actual: false
  operator: '=='
  stack: |-
    TestContext.<anonymous> (file:///E:/Projects/vscode-opencode/tests/unit/shared/structuredOutputSchema.test.mjs:83:10)
    Test.runInAsyncScope (node:async_hooks:214:14)
    Test.run (node:internal/test_runner/test:1047:25)
    Test.processPendingSubtests (node:internal/test_runner/test:744:18)
    Test.postRun (node:internal/test_runner/test:1173:19)
    Test.run (node:internal/test_runner/test:1101:12)
    async Test.processPendingSubtests (node:internal/test_runner/test:744:7)
  ...
# Subtest: schema defines top-level examples for all main response types
ok 1151 - schema defines top-level examples for all main response types
  ---
  duration_ms: 0.927
  type: 'test'
  ...
# Subtest: schema includes field-level examples for ambiguous payloads
not ok 1152 - schema includes field-level examples for ambiguous payloads
  ---
  duration_ms: 1.2871
  type: 'test'
  location: 'E:\\Projects\\vscode-opencode\\tests\\unit\\shared\\structuredOutputSchema.test.mjs:97:1'
  failureType: 'testCodeFailure'
  error: 'todoItems should include examples'
  code: 'ERR_ASSERTION'
  name: 'AssertionError'
  expected:
  actual: |-
    /**
     * Simplified Structured Output Schema
     *
     * Following SDK best practices:
     * - Simple structure with clear descriptions
     * - Reduced response types to core use cases
     * - Removed complex conditional validation
     * - Flattened nested structures
     * - Increased retryCount from 1 to 2 (SDK default)
     */
    
    export type StructuredResponseType =
      | "message"
      | "implementation_plan"
      | "question"
      | "progress_update";
    
    export type StructuredOutputSchema = {
      type: "json_schema";
      retryCount?: number;
      schema: {
        type: "object";
        description?: string;
        additionalProperties: boolean;
        required?: string[];
        properties: Record<string, unknown>;
      };
    };
    
    export const structuredOutputSchema: StructuredOutputSchema = {
      type: "json_schema",
      retryCount: 2, // SDK default
      schema: {
        type: "object",
        description:
          "Return a JSON object with a responseType field. Use 'message' for normal responses, 'implementation_plan' for multi-step plans with a plan object, 'question' for user interactions with options, or 'progress_update' for execution steps.",
        additionalProperties: false,
        required: ["responseType"],
        properties: {
          responseType: {
            type: "string",
            enum: ["message", "implementation_plan", "question", "progress_update"],
            description:
              "Response type: 'message' for normal text, 'implementation_plan' for plans, 'question' for user choices, 'progress_update' for steps",
          },
    
          message: {
            type: "string",
            description: "User-facing text response for normal replies",
          },
    
          reasoning: {
            type: "array",
            items: { type: "string" },
            description: "Optional thinking trace for UI timeline",
          },
    
          plan: {
            type: "object",
            description: "Implementation plan with title and content",
            properties: {
              title: { type: "string", description: "Plan title" },
              file: { type: "string", description: "Plan file path if written to disk" },
              content: {
                type: "string",
                description: "Plan markdown content if not written to file",
              },
              summary: { type: "string", description: "One-line plan summary" },
            },
            required: ["title"],
          },
    
          question: {
            type: "object",
            description: "Interactive question requiring user input",
            properties: {
              question: { type: "string", description: "Question text to display" },
              type: {
                type: "string",
                enum: ["question", "confirm", "quick_actions"],
                description: "Interaction type",
              },
              options: {
                type: "array",
                description: "Available choices for the user",
                items: {
                  type: "object",
                  properties: {
                    label: { type: "string", description: "Option label" },
                    value: { type: "string", description: "Option value" },
                  },
                  required: ["label"],
                },
              },
            },
            required: ["question"],
          },
    
          progressUpdates: {
            type: "array",
            description: "Execution progress steps",
            items: {
              type: "object",
              properties: {
                title: { type: "string", description: "Step title" },
                status: {
                  type: "string",
                  enum: ["pending", "done", "error"],
                  description: "Step status",
                },
              },
              required: ["title", "status"],
            },
          },
        },
      },
    };
    
  operator: 'match'
  stack: |-
    TestContext.<anonymous> (file:///E:/Projects/vscode-opencode/tests/unit/shared/structuredOutputSchema.test.mjs:102:10)
    Test.runInAsyncScope (node:async_hooks:214:14)
    Test.run (node:internal/test_runner/test:1047:25)
    Test.processPendingSubtests (node:internal/test_runner/test:744:18)
    Test.postRun (node:internal/test_runner/test:1173:19)
    Test.run (node:internal/test_runner/test:1101:12)
    async Test.processPendingSubtests (node:internal/test_runner/test:744:7)
  ...
# Subtest: todoItems and data payloads are defined for extended structured types
ok 1153 - todoItems and data payloads are defined for extended structured types
  ---
  duration_ms: 2.0016
  type: 'test'
  ...
# Subtest: message property is defined as primary assistant text
ok 1154 - message property is defined as primary assistant text
  ---
  duration_ms: 2.058
  type: 'test'
  ...
# Subtest: reasoning property is defined as array of strings
ok 1155 - reasoning property is defined as array of strings
  ---
  duration_ms: 0.8194
  type: 'test'
  ...
# Subtest: progressUpdates property is defined
ok 1156 - progressUpdates property is defined
  ---
  duration_ms: 0.6041
  type: 'test'
  ...
# Subtest: question property is defined
ok 1157 - question property is defined
  ---
  duration_ms: 0.4974
  type: 'test'
  ...
# Subtest: question payload properties are defined
ok 1158 - question payload properties are defined
  ---
  duration_ms: 0.4848
  type: 'test'
  ...
# Subtest: plan property is defined
ok 1159 - plan property is defined
  ---
  duration_ms: 0.599
  type: 'test'
  ...
# Subtest: subagents property is defined
ok 1160 - subagents property is defined
  ---
  duration_ms: 0.8249
  type: 'test'
  ...
# Subtest: subagent timeline events are defined
ok 1161 - subagent timeline events are defined
  ---
  duration_ms: 0.6265
  type: 'test'
  ...
# Subtest: subagent progress events are defined
ok 1162 - subagent progress events are defined
  ---
  duration_ms: 0.4374
  type: 'test'
  ...
# Subtest: subagent thinking events are defined
ok 1163 - subagent thinking events are defined
  ---
  duration_ms: 0.4132
  type: 'test'
  ...
# Subtest: subagentsDelta property is defined
ok 1164 - subagentsDelta property is defined
  ---
  duration_ms: 0.3265
  type: 'test'
  ...
# Subtest: subagentsDelta items have correct structure
ok 1165 - subagentsDelta items have correct structure
  ---
  duration_ms: 1.0008
  type: 'test'
  ...
# Subtest: all schema properties use additionalProperties correctly
ok 1166 - all schema properties use additionalProperties correctly
  ---
  duration_ms: 0.5809
  type: 'test'
  ...
# Subtest: schema exports are complete and well-formed
ok 1167 - schema exports are complete and well-formed
  ---
  duration_ms: 0.7643
  type: 'test'
  ...
# Subtest: validator exports correct types
ok 1168 - validator exports correct types
  ---
  duration_ms: 4.6896
  type: 'test'
  ...
# Subtest: StructuredOutputValidationResult type has correct structure
ok 1169 - StructuredOutputValidationResult type has correct structure
  ---
  duration_ms: 1.4056
  type: 'test'
  ...
# Subtest: isNonEmptyString helper function exists and is correct
ok 1170 - isNonEmptyString helper function exists and is correct
  ---
  duration_ms: 1.2192
  type: 'test'
  ...
# Subtest: validateStructuredOutput checks for null/undefined/non-object input
ok 1171 - validateStructuredOutput checks for null/undefined/non-object input
  ---
  duration_ms: 1.6726
  type: 'test'
  ...
# Subtest: validateStructuredOutput validates responseType
ok 1172 - validateStructuredOutput validates responseType
  ---
  duration_ms: 2.191
  type: 'test'
  ...
# Subtest: validateStructuredOutput validates message type
ok 1173 - validateStructuredOutput validates message type
  ---
  duration_ms: 1.6572
  type: 'test'
  ...
# Subtest: validateStructuredOutput validates reasoning array
ok 1174 - validateStructuredOutput validates reasoning array
  ---
  duration_ms: 1.8833
  type: 'test'
  ...
# Subtest: validateStructuredOutput validates plan object
ok 1175 - validateStructuredOutput validates plan object
  ---
  duration_ms: 11.7551
  type: 'test'
  ...
# Subtest: validateStructuredOutput validates interactiveEvents compatibility key
ok 1176 - validateStructuredOutput validates interactiveEvents compatibility key
  ---
  duration_ms: 1.55
  type: 'test'
  ...
# Subtest: validateStructuredOutput validates question payload type
ok 1177 - validateStructuredOutput validates question payload type
  ---
  duration_ms: 1.4571
  type: 'test'
  ...
# Subtest: VALID_INTERACTIVE_TYPES constant includes all types
ok 1178 - VALID_INTERACTIVE_TYPES constant includes all types
  ---
  duration_ms: 1.0044
  type: 'test'
  ...
# Subtest: validateStructuredOutput validates question payload properties
ok 1179 - validateStructuredOutput validates question payload properties
  ---
  duration_ms: 0.6956
  type: 'test'
  ...
# Subtest: validateStructuredOutput validates subagents array
ok 1180 - validateStructuredOutput validates subagents array
  ---
  duration_ms: 0.6328
  type: 'test'
  ...
# Subtest: validateStructuredOutput validates implementation_plan responseType
ok 1181 - validateStructuredOutput validates implementation_plan responseType
  ---
  duration_ms: 0.4596
  type: 'test'
  ...
# Subtest: validateStructuredOutput validates subagents responseType
ok 1182 - validateStructuredOutput validates subagents responseType
  ---
  duration_ms: 0.4917
  type: 'test'
  ...
# Subtest: validateStructuredOutput validates subagentsDelta structure
ok 1183 - validateStructuredOutput validates subagentsDelta structure
  ---
  duration_ms: 0.4187
  type: 'test'
  ...
# Subtest: validateStructuredOutput validates todo_update responseType
ok 1184 - validateStructuredOutput validates todo_update responseType
  ---
  duration_ms: 0.4511
  type: 'test'
  ...
# Subtest: validateStructuredOutput validates data responseType
ok 1185 - validateStructuredOutput validates data responseType
  ---
  duration_ms: 0.3861
  type: 'test'
  ...
# Subtest: validateStructuredOutput validates question responseType
ok 1186 - validateStructuredOutput validates question responseType
  ---
  duration_ms: 0.4984
  type: 'test'
  ...
# Subtest: validateStructuredOutput validates progress_update responseType
ok 1187 - validateStructuredOutput validates progress_update responseType
  ---
  duration_ms: 0.5267
  type: 'test'
  ...
# Subtest: validateStructuredOutput validates message responseType
ok 1188 - validateStructuredOutput validates message responseType
  ---
  duration_ms: 0.6953
  type: 'test'
  ...
# Subtest: validateStructuredOutput returns validation result
ok 1189 - validateStructuredOutput returns validation result
  ---
  duration_ms: 0.5859
  type: 'test'
  ...
# Subtest: sanitizeStructuredOutput filters to top-level fields
ok 1190 - sanitizeStructuredOutput filters to top-level fields
  ---
  duration_ms: 0.9526
  type: 'test'
  ...
# Subtest: TOP_LEVEL_FIELDS constant is derived from schema
ok 1191 - TOP_LEVEL_FIELDS constant is derived from schema
  ---
  duration_ms: 0.9834
  type: 'test'
  ...
# Subtest: RESPONSE_TYPES constant is derived from schema
ok 1192 - RESPONSE_TYPES constant is derived from schema
  ---
  duration_ms: 0.9933
  type: 'test'
  ...
# Subtest: validator imports structuredOutputSchema
ok 1193 - validator imports structuredOutputSchema
  ---
  duration_ms: 0.6236
  type: 'test'
  ...
# Subtest: validator handles all edge cases in validation
ok 1194 - validator handles all edge cases in validation
  ---
  duration_ms: 2.0175
  type: 'test'
  ...
# Subtest: validator provides detailed error messages with context
ok 1195 - validator provides detailed error messages with context
  ---
  duration_ms: 0.7037
  type: 'test'
  ...
# Subtest: validator validates all nested properties
ok 1196 - validator validates all nested properties
  ---
  duration_ms: 0.5158
  type: 'test'
  ...
# Subtest: validator handles all response type specific requirements
ok 1197 - validator handles all response type specific requirements
  ---
  duration_ms: 0.6691
  type: 'test'
  ...
# Subtest: slash commands are fetched from skill manager and sent to webview
not ok 1198 - slash commands are fetched from skill manager and sent to webview
  ---
  duration_ms: 4.6799
  type: 'test'
  location: 'E:\\Projects\\vscode-opencode\\tests\\unit\\slash-commands.test.mjs:11:1'
  failureType: 'testCodeFailure'
  error: 'handleGetCommands must fetch skills from skillManager'
  code: 'ERR_ASSERTION'
  name: 'AssertionError'
  expected:
  actual: |-
    
        this.logger.info('[handleGetCommands] Starting to fetch skills from OpenCode server');
    
        try {
          // Ensure server is running
          this.logger.info('[handleGetCommands] Ensuring server is running...');
          const client = await this.serverManager.ensureRunning();
          if (!client) {
            this.logger.error('[handleGetCommands] Failed to get client even after ensureRunning()');
            this.sendCommandsToWebview([]);
            return;
          }
    
          this.logger.info('[handleGetCommands] Server is running, client available');
    
          // Get the current model and provider
          let currentModel = this.selectedModel?.modelID
            ? { provider: this.selectedModel.providerID, model: this.selectedModel.modelID }
            : undefined;
          if (!currentModel) {
            this.logger.warn('[handleGetCommands] No current model selected, using defaults');
            currentModel = { provider: 'anthropic', model: 'claude-sonnet-4-6' };
          }
    
          this.logger.info('[handleGetCommands] Fetching tools from OpenCode server', {
            provider: currentModel.provider,
            model: currentModel.model
          });
    
          // Use the OpenCode SDK client to get the list of available tools
          const toolsResponse = await client.tool.list({
            query: {
              provider: currentModel.provider,
              model: currentModel.model
            }
          });
    
          if (!toolsResponse.data) {
            this.logger.warn('[handleGetCommands] No tools data returned from server');
            this.sendCommandsToWebview([]);
            return;
          }
    
          const tools = toolsResponse.data;
          this.logger.info('[handleGetCommands] Fetched tools from server', {
            toolCount: tools.length,
            toolIds: tools.map(t => t.id),
            allTools: JSON.stringify(tools.map(t => ({
              id: t.id,
              hasDescription: !!t.description,
              descLength: t.description?.length || 0
            })))
          });
    
          // Find the skill tool
          const skillTool = tools.find(tool => tool.id === 'skill');
    
          this.logger.info('[handleGetCommands] Looking for skill tool', {
            found: !!skillTool,
            hasDescription: !!skillTool?.description,
            descPreview: skillTool?.description?.substring(0, 200)
          });
    
          const commands: Array<{ name: string; description: string }> = [];
    
          if (skillTool && skillTool.description) {
            // Parse the available skills from the skill tool's description
            // Format: ## Available Skills\n- **skill-name**: description
            // Show ALL skills in slash commands (even disabled ones) for manual use
            // The config controls which skills OpenCode auto-loads, not what's visible
    
            // Normalize line endings to handle \r\n (Windows) and \r (old Mac)
            const normalizedDescription = skillTool.description.replace(/\r\n/g, '\n').replace(/\r/g, '\n');
            const lines = normalizedDescription.split('\n');
            this.logger.info('[handleGetCommands] Splitting description into lines', {
              lineCount: lines.length,
              firstLines: lines.slice(0, 5),
              fullDescription: skillTool.description.substring(0, 500)
            });
    
            let inAvailableSection = false;
            let currentSkill: { name: string; description: string } | null = null;
    
            for (const line of lines) {
              if (line.includes('## Available Skills') || line.includes('Available Skills')) {
                inAvailableSection = true;
                continue;
              }
    
              if (inAvailableSection) {
                // Match format: - **skill-name**: description
                const match = line.match(/^-\s*\*\*([^*]+)\*\*:\s*(.+)$/);
                if (match) {
                  // Save previous skill if any
                  if (currentSkill) {
                    commands.push(currentSkill);
                  }
                  // Start new skill
                  currentSkill = {
                    name: match[1].trim(),
                    description: match[2].trim()
                  };
                } else if (line.startsWith('##') || line.startsWith('---')) {
                  // End of skills section - save last skill
                  if (currentSkill) {
                    commands.push(currentSkill);
                    currentSkill = null; // Clear to prevent double-push
                  }
                  break;
                } else if (line.trim().startsWith('- ') && currentSkill) {
                  // Continuation of description - remove the '- ' prefix
                  currentSkill.description += '\n' + line.trim().substring(2);
                } else if (line.trim().length > 0 && currentSkill) {
                  // Continuation of description (lines without '- ' prefix)
                  currentSkill.description += '\n' + line.trim();
                }
              }
            }
    
            // Don't forget to push the last skill if we didn't hit a break condition
            if (currentSkill) {
              commands.push(currentSkill);
            }
    
            this.logger.info('[handleGetCommands] Parsed ALL skills from skill tool', {
              count: commands.length,
              skills: commands.map(c => ({ name: c.name, descLength: c.description.length }))
            });
          } else {
            this.logger.warn('[handleGetCommands] No skill tool found or no description');
          }
    
          // If no skills found, do NOT fall back to all tools
          // This prevents showing system tools (edit, read, bash, etc.) as if they were skills
          if (commands.length === 0) {
            this.logger.warn('[handleGetCommands] No skills found, sending empty command list');
          }
    
          this.logger.info('[handleGetCommands] Sending commands to webview', {
            commandCount: commands.length,
            commands: commands.slice(0, 10).map(c => ({ name: c.name, desc: c.description }))
          });
    
          if (commands.length === 0) {
            this.logger.warn('[handleGetCommands] No commands found - this might indicate:', {
              reasons: [
                'Server not started or not ready',
                'No skills available in current config',
                'Skills not discovered by server',
                'Tool list API changed'
              ],
              suggestion: 'Check OpenCode server status and ensure skills are enabled in config'
            });
          }
    
          // Send the commands to the webview
          this.sendCommandsToWebview(commands);
        } catch (error) {
          this.logger.error('[handleGetCommands] Failed to load commands', {
            error: error instanceof Error ? error.message : String(error),
            stack: error instanceof Error ? error.stack : undefined
          });
    
          // Still send empty commands array to frontend even on error
          this.sendCommandsToWebview([]);
        }
      
  operator: 'match'
  stack: |-
    TestContext.<anonymous> (file:///E:/Projects/vscode-opencode/tests/unit/slash-commands.test.mjs:18:10)
    Test.runInAsyncScope (node:async_hooks:214:14)
    Test.run (node:internal/test_runner/test:1047:25)
    Test.start (node:internal/test_runner/test:944:17)
    startSubtestAfterBootstrap (node:internal/test_runner/harness:296:17)
  ...
# Subtest: slash command handler is properly wired in message router
not ok 1199 - slash command handler is properly wired in message router
  ---
  duration_ms: 0.9781
  type: 'test'
  location: 'E:\\Projects\\vscode-opencode\\tests\\unit\\slash-commands.test.mjs:49:1'
  failureType: 'testCodeFailure'
  error: 'Message router must handle getCommands and call handleGetCommands method'
  code: 'ERR_ASSERTION'
  name: 'AssertionError'
  expected:
  actual: |-
    
    
    /* FILE: E:\Projects\vscode-opencode\src\providers\ChatViewProvider.ts */
    
    /**
     * Chat View Provider - Core UI Provider for Chat Interface
     *
     * This provider manages the webview-based chat interface that serves as the
     * primary UI for the OpenCode extension. It handles all communication between
     * the extension backend and the webview frontend.
     *
     * **Architecture Overview:**
     * - Implements WebviewViewProvider for VSCode sidebar integration
     * - Manages bidirectional message passing with webview
     * - Handles AI message streaming via MessageStreamService
     * - Detects and persists implementation plans
     * - Manages prompt queue for batch execution
     * - Coordinates with SessionService for session management
     *
     * ============================================================================
     * WEBVIEW MESSAGE PROTOCOL
     * ============================================================================
     *
     * This provider communicates with the webview via VSCode's postMessage API.
     * All messages have a `type` property that determines how they're handled.
     *
     * EXTENSION → WEBVIEW messages (sent via view?.webview.postMessage):
     * {
     *   type: 'initState' | 'chatHistory' | 'sessionsList' | 'streamEvent' |
     *         'statusUpdate' | 'modeChanged' | 'modelsList' | 'agentsList' |
     *         'fileSearchResults',
     *   ...payload
     * }
     *
     * WEBVIEW → EXTENSION messages (received in onDidReceiveMessage):
     * {
     *   type: 'ready' | 'sendMessage' | 'createSession' | 'switchSession' |
     *         'deleteSession' | 'renameSession' | 'getSessions' | 'toggleMode' | 'getModels' |
     *         'selectModel' | 'getAgents' | 'selectAgent' | 'addToQueue' |
     *         'executeQueue' | 'clearQueue' | 'viewPlan' | 'openDiff',
     *   ...payload
     * }
     *
     * MESSAGE FLOW EXAMPLES:
     *
     * 1. Initialization Flow:
     *    webview: {type: 'ready'}
     *    extension: {type: 'initState', mode, serverStatus, selectedModel}
     *    extension: {type: 'chatHistory', messages: [...]}
     *    extension: {type: 'sessionsList', sessions: [...]}
     *
     * 2. Send Message Flow:
     *    webview: {type: 'sendMessage', text: '...', files: [...]}
     *    extension: [streams response via streamEvent messages]
     *    extension: {type: 'chatHistory', messages: [...]}
     *
     * 3. Streaming Response Flow:
     *    extension: {type: 'streamEvent', event: {type: 'message.part.updated'}}
     *    extension: {type: 'streamEvent', event: {type: 'message.updated'}}
     *
     * ============================================================================
     * KEY RESPONSIBILITIES
     * ============================================================================
     *
     * 1. WebView Lifecycle:
     *    - Creates and initializes the webview
     *    - Sets up message handlers
     *    - Manages webview options (scripts, local resources)
     *
     * 2. Message Handling:
     *    - Receives messages from webview
     *    - Dispatches to appropriate handler methods
     *    - Sends responses back to webview
     *
     * 3. Streaming Integration:
     *    - Subscribes to MessageStreamService for real-time updates
     *    - Forwards stream events to webview
     *    - Handles stream completion and errors
     *
     * 4. Plan Detection:
     *    - Analyzes AI responses for implementation plans
     *    - Auto-saves detected plans to workspace
     *    - Notifies user and provides plan viewing option
     *
     * 5. Queue Management:
     *    - Maintains prompt queue for batch execution
     *    - Executes prompts sequentially
     *    - Manages execution state
     *
     * 6. State Synchronization:
     *    - Tracks selected model/agent
     *    - Persists selections to global state
     *    - Syncs with webview on initialization
     *
     * @module ChatViewProvider
     * @see MessageStreamService for streaming implementation
     * @see SessionService for session management
     * @see webview/shared/src/chat/index.tsx for frontend implementation
     */
    
    import type { SessionPromptData } from "@opencode-ai/sdk" with { "resolution-mode": "import" };
    import * as cp from "child_process";
    import * as path from "path";
    import * as vscode from "vscode";
    import {
      CssGenerator,
      FileThemeProcessor,
      FileThemeProcessorObserver,
      FileThemeProcessorState,
    } from "vscode-file-theme-processor";
    import type { TokenUsage } from "../services/GeminiTokenUsageTracker";
    import { GeminiTokenUsageTracker } from "../services/GeminiTokenUsageTracker";
    import { MessageStreamService } from "../services/MessageStreamService";
    import { ModelCapabilitiesService } from "../services/ModelCapabilitiesService";
    import { OpencodeServerManager } from "../services/OpencodeServerManager";
    import { QuotaService } from "../services/QuotaService";
    import { RequestBudgeter } from "../services/RequestBudgeter";
    import { SessionService } from "../services/SessionService";
    import { SkillManagerService } from "../services/SkillManagerService";
    import {
      SubagentTracker,
      type SubagentUpdatePayload,
    } from "../services/SubagentTracker";
    import { TitleGeneratorService } from "../services/TitleGeneratorService";
    import { createLogger } from "../utils/Logger";
    import { LoggingCategories } from "../utils/LoggingSchema";
    import {
      CompactionManager,
      DiagnosticsLogger,
      HistoryProcessor,
      ModelAndAgentManager,
      PlanManager,
      QueueManager,
      SessionHandler,
      StreamEventHandler,
      StructuredOutputProcessor,
      SubagentPersistence,
      type AssistantHistoryMarker,
      type ChatModelOption,
      type ChatSlashCommand,
      type PlanProceedComment,
      type PromptDispatchMode,
      type QueuedPrompt,
      type RecoveredSessionContext,
      type StructuredAssistantOutput
    } from "./chat/index";
    import type { ConfigFile } from "./ConfigFilesProvider";
    import { ConfigFilesProvider } from "./ConfigFilesProvider";
    import { PlanViewProvider } from "./PlanViewProvider";
    
    const log = createLogger(LoggingCategories.CHAT_VIEW);
    
    // All types (QueuedPrompt, PromptDispatchMode, SessionSettings, ChatModelOption,
    // ChatSlashCommand, PersistedCompactionViewState, CompactionBaselineStats,
    // StructuredProgressUpdate, AssistantHistoryMarker, StructuredInteractiveChoice,
    // StructuredInteractiveEvent, StructuredAssistantOutput, PlanProceedComment,
    // RecoveredSessionContext) and constants (STRUCTURED_RESPONSE_TYPES) are now
    // imported from ./chat/index
    
    /**
     * Provides the chat interface webview for the OpenCode extension.
     *
     * This class is the core UI provider, managing all communication between
     * the extension backend and the chat webview frontend.
     *
     * **Usage:**
     * ```typescript
     * const provider = new ChatViewProvider(context, serverManager, sessionService);
     * context.subscriptions.push(
     *   vscode.window.registerWebviewViewProvider('opencode.chatView', provider)
     * );
     * ```
     *
     * **Integration Points:**
     * - OpencodeServerManager: For server status and client access
     * - SessionService: For session and message management
     * - MessageStreamService: For real-time AI response streaming
     * - PlanViewProvider: For displaying detected implementation plans
     *
     * **Thread Safety:**
     * This class is not thread-safe. All methods should be called from the
     * main VSCode extension host thread.
     *
     * @see WebviewViewProvider for VSCode webview provider interface
     */
    export class ChatViewProvider
      implements vscode.WebviewViewProvider, FileThemeProcessorObserver {
      private static readonly SUBAGENT_SNAPSHOT_PREFIX =
        "opencode.session.subagents.";
      private static readonly COMPACTION_VIEW_STATE_PREFIX =
        "opencode.session.compaction-view.";
      /** The webview instance (undefined before initialization) */
      private view?: vscode.WebviewView;
    
      /** Service for streaming events from the server */
      private streamService: MessageStreamService;
    
      /** Unsubscribe function for stream service cleanup */
      private unsubscribe?: () => void;
    
      /** Service for monitoring AI platform quota usage */
      private quotaService: QuotaService;
      private subagentTracker: SubagentTracker;
    
      /** Provider for managing configuration files */
      private configFilesProvider: ConfigFilesProvider;
    
      /** Service for managing custom skill installation and lifecycle */
      private skillManager: SkillManagerService;
      /** Service for resolving model capabilities (reasoning, variants) */
      private modelCapabilitiesService: ModelCapabilitiesService;
    
      /** Service for tracking Gemini token usage from stream events */
      private geminiTokenTracker: GeminiTokenUsageTracker;
      /** Service for managing daily request budgets */
      private budgeter: RequestBudgeter;
    
      private fileThemeProcessor: FileThemeProcessor;
      private cssGenerator: CssGenerator;
      private currentThemeCss: string | undefined;
    
      /** Logger for tracking events and metrics */
      private readonly logger: ReturnType<typeof createLogger>;
      private renderParityLogWriteChain: Promise<void> = Promise.resolve();
      private renderParityDebugFilePath?: string;
      private didLogRenderParityFilePath = false;
    
      /** Currently selected AI model (persisted to global state) */
      private selectedModel: {
        providerID: string;
        modelID: string;
        providerName?: string;
      } = {
          providerID: "opencode",
          modelID: "big-pickle",
          providerName: undefined,
        };
    
      /** Cache of available models returned from the server (used to resolve providerName) */
      // Cache of available models returned from the server (used to resolve providerName)
      // This cached list allows the extension to enrich selections sent from the webview
      // when the webview omits providerName.
      private availableModels?: ChatModelOption[];
    
      /** Currently selected agent (primary agent used for new sessions) */
      private selectedAgent: string = "build";
    
      /** Current chat mode (e.g., 'chat', 'agent', etc.) */
      private currentMode: string = "chat";
    
      /** ID of the session currently active in the webview (undefined until first bootstrap) */
      private currentSessionId: string | undefined;
      private currentTodoItems: unknown[] = [];
      private awaitingInteractiveAnswer = false;
      private interactiveResponseTransitionUntil = 0;
    
      /** Debouncing for todo persistence to reduce state write frequency during streaming */
      private todoPersistenceTimer: NodeJS.Timeout | null = null;
      private pendingTodoPersistence = false;
    
      private getTodoStorageKey(sessionId: string): string {
        return `opencode.session.todos.${sessionId}`;
      }
    
      private loadPersistedTodos(sessionId?: string): { items: unknown[]; lastUpdatedAt?: number } {
        if (!sessionId) return { items: [] };
        const raw = this.context.workspaceState.get<{ items: unknown[]; lastUpdatedAt: number }>(
          this.getTodoStorageKey(sessionId),
        );
        return { items: raw?.items ?? [], lastUpdatedAt: raw?.lastUpdatedAt };
      }
    
      private clearSessionTodos(sessionId?: string): void {
        this.currentTodoItems = [];
        if (sessionId) {
          this.context.workspaceState.update(this.getTodoStorageKey(sessionId), undefined);
        }
      }
    
      /**
       * Schedules a debounced todo persistence operation.
       * Multiple rapid calls during streaming will only trigger one write after 1 second.
       *
       * **Performance Note:** This reduces state write frequency during streaming by debouncing.
       * The persistence happens in the background without blocking the event loop.
       */
      private scheduleTodoPersistence(
        targetSessionId: string,
        todoItems: unknown[]
      ): void {
        // Clear any pending persistence timer
        if (this.todoPersistenceTimer) {
          clearTimeout(this.todoPersistenceTimer);
        }
    
        // Mark that we have pending persistence
        this.pendingTodoPersistence = true;
    
        // Schedule persistence after 1 second of inactivity (debouncing)
        this.todoPersistenceTimer = setTimeout(() => {
          this.persistTodoItems(targetSessionId, todoItems).catch((error) => {
            this.logger.warn("Failed to persist todo snapshot", { error });
          });
          this.pendingTodoPersistence = false;
          this.todoPersistenceTimer = null;
        }, 1000);
      }
    
      /**
       * Persists todo items to workspace state.
       * This method is async and debounced - called in the background.
       *
       * **Performance Note:** Previously called on every todo_update event during streaming.
       * Now debounced to reduce write frequency by 80-90%.
       */
      private async persistTodoItems(
        targetSessionId: string,
        incomingTodos: unknown[]
      ): Promise<void> {
        const key = this.getTodoStorageKey(targetSessionId);
        const existing =
          (this.context.workspaceState.get<{
            items: unknown[];
            lastUpdatedAt: number;
          }>(key) as { items: unknown[]; lastUpdatedAt: number } | undefined) ??
          { items: [], lastUpdatedAt: 0 };
    
        // Merge/upsert incoming items into existing snapshot using id + lifecycle rank
        const incoming = Array.isArray(incomingTodos) ? incomingTodos : [];
    
        const LIFECYCLE_RANK: Record<string, number> = {
          pending: 0,
          in_progress: 1,
          completed: 2,
          failed: 2,
          cancelled: 2,
        };
    
        interface StoredTodoItem { id: string; text: string; status: string;[key: string]: unknown }
    
        const byId = new Map<string, StoredTodoItem>();
        for (const item of existing.items) {
          const rec = item as Record<string, unknown>;
          const id = typeof rec?.id === "string" ? rec.id : undefined;
          if (!id) continue;
          byId.set(id, item as StoredTodoItem);
        }
    
        for (const inc of incoming) {
          if (!inc || typeof inc !== "object") continue;
          const incRec = inc as Record<string, unknown>;
          const id = typeof incRec.id === "string" ? incRec.id : undefined;
          const text = typeof incRec.text === "string" ? incRec.text : undefined;
          const status = typeof incRec.status === "string" ? incRec.status : undefined;
          if (!id || !text || !status) continue;
    
          const existingItem = byId.get(id);
          if (!existingItem) {
            byId.set(id, { id, text, status });
            continue;
          }
    
          const existingRank = LIFECYCLE_RANK[existingItem.status] ?? 0;
          const incomingRank = LIFECYCLE_RANK[status] ?? 0;
    
          if (incomingRank > existingRank) {
            byId.set(id, { ...existingItem, text: text || existingItem.text, status });
          } else if (incomingRank === existingRank) {
            // If same rank and same status, idempotent; if different status at same rank, prefer existing
            if (status === existingItem.status) {
              // keep existing (no-op)
            } else {
              // prefer existing to avoid blind flips
              byId.set(id, existingItem);
            }
          } else {
            // incoming rank lower -> ignore
            byId.set(id, existingItem);
          }
        }
    
        const updatedItems = Array.from(byId.values());
        await this.context.workspaceState.update(key, {
          items: updatedItems,
          lastUpdatedAt: Date.now(),
        });
    
        // Update in-memory cache for active session
        this.currentTodoItems = updatedItems;
      }
    
      private async updateSessionTitle(sessionId: string, title: string): Promise<void> {
        try {
          const client = await this.serverManager.ensureRunning();
          await client.session.update({
            path: { id: sessionId },
            body: { title }
          });
    
          const updatedSession = await this.sessionService.switchSession(sessionId);
          this.logger.info(`Updated session ${sessionId} title to: ${title}`);
        } catch (error) {
          this.logger.warn(`Failed to update session title for ${sessionId}:`, { error: String(error) });
        }
      }
    
      /** Session-scoped queue of prompts awaiting execution */
      private queueBySessionId = new Map<string, QueuedPrompt[]>();
      private queueItemSequence = 0;
    
      /** Set of session IDs currently executing their queue */
      private executingQueueSessionIds: Set<string> = new Set();
    
      private processingSessionIds: Set<string> = new Set();
      private get isProcessingRequest(): boolean {
        return this.processingSessionIds.size > 0;
      }
      private isBootstrappingWebview: boolean = false;
      private hasInitializedWebview: boolean = false;
      private sessionsListRequestVersion = 0;
      private lastSessionsPayloadFingerprint: string | undefined;
      /** Cache last message args for retry functionality */
      private lastSendMessageArgs?: {
        text: string;
        files?: string[];
        contexts?: any[];
        images?: any[];
        agent?: string;
      };
      private structuredOutputMode: "format" | "outputFormat" | "disabled" = "format";
      private readonly promptDebugBySession = new Map<string, Record<string, unknown>>();
      private readonly structuredValidationFailureCounters = new Map<string, number>();
      private readonly structuredOutputIncompatibleModelKeys = new Set<string>();
      private capabilityFetchFailureCount = 0;
      private modelsFetchPromise: Promise<ChatModelOption[]> | null = null;
      private commandCatalog: ChatSlashCommand[] = [];
      private commandCatalogFetchedAt = 0;
      private commandCatalogFetchPromise: Promise<ChatSlashCommand[]> | null = null;
      // Cache commands for 30 minutes since they rarely change
      // This prevents slow server calls with 700+ skills
      private readonly COMMAND_CATALOG_TTL_MS = 30 * 60 * 1000;
      private readonly compactingSessions = new Set<string>();
    
      /** ===== NEW: Module instances ===== */
      private diagnosticsLogger!: DiagnosticsLogger;
      private structuredOutputProcessor!: StructuredOutputProcessor;
      private planManager!: PlanManager;
      private subagentPersistence!: SubagentPersistence;
      private compactionManager!: CompactionManager;
      private historyProcessor!: HistoryProcessor;
      private modelAndAgentManager!: ModelAndAgentManager;
      private queueManager!: QueueManager;
      private sessionHandler!: SessionHandler;
      private streamEventHandler!: StreamEventHandler;
    
      /**
       * Creates a new ChatViewProvider instance.
       *
       * **Initialization:**
       * - Creates MessageStreamService for streaming
       * - Loads persisted model selection from global state
       * - Does NOT immediately create webview (happens on demand)
       *
       * **Model Persistence:**
       * The selected model is persisted to VSCode's global state,
       * which means it survives across VSCode restarts and workspace changes.
       *
       * @param context - VSCode extension context for global state access
       * @param serverManager - Server manager for status checking
       * @param sessionService - Session service for session management
       */
      constructor(
        private context: vscode.ExtensionContext,
        private serverManager: OpencodeServerManager,
        private sessionService: SessionService,
        modelCapabilitiesService?: ModelCapabilitiesService,
      ) {
        this.logger = createLogger("ChatViewProvider");
        this.streamService = new MessageStreamService(serverManager);
        this.quotaService = new QuotaService();
        this.subagentTracker = new SubagentTracker();
        this.budgeter = new RequestBudgeter();
        this.configFilesProvider = new ConfigFilesProvider();
        this.skillManager = new SkillManagerService(context);
        this.skillManager.initialize().catch((error) => {
          this.logger.error('Failed to initialize skill manager', error);
        });
        // Use injected service or create local instance as fallback
        this.modelCapabilitiesService = modelCapabilitiesService ?? new ModelCapabilitiesService();
        this.geminiTokenTracker = GeminiTokenUsageTracker.getInstance();
        this.quotaService.on("quotaUpdate", (data) => {
          this.view?.webview.postMessage({ type: "quotaData", data });
          this.sendBudgetInfo();
        });
    
        // Initialize file theme processor
        this.fileThemeProcessor = new FileThemeProcessor(context);
        this.cssGenerator = new CssGenerator();
        this.fileThemeProcessor.subscribe(this);
    
        // Load persisted model selection
        const savedModel = this.context.globalState.get<any>("selectedModel");
        if (
          savedModel &&
          typeof savedModel.providerID === "string" &&
          typeof savedModel.modelID === "string" &&
          savedModel.providerID &&
          savedModel.modelID
        ) {
          this.logger.info(
            `[ChatViewProvider] Loaded persisted model: ${savedModel.modelID} (${savedModel.providerID})`,
          );
          this.selectedModel = savedModel;
        } else if (savedModel) {
          this.logger.warn(
            "[ChatViewProvider] Ignoring invalid persisted model selection. Expected {providerID, modelID}.",
          );
        }
    
        /** ===== NEW: Initialize all modules ===== */
        this.initializeModules();
      }
    
      /**
       * Initialize all chat modules and wire dependencies
       */
      private initializeModules(): void {
        // Utility method callbacks
        const asRecord = (value: unknown) => {
          if (value && typeof value === "object" && !Array.isArray(value)) {
            return value as Record<string, unknown>;
          }
          return undefined;
        };
    
        const firstNonEmptyString = (...values: unknown[]): string | undefined => {
          for (const value of values) {
            if (typeof value === "string" && value.trim().length > 0) {
              return value.trim();
            }
          }
          return undefined;
        };
    
        const logger = this.logger;
    
        // 1. DiagnosticsLogger
        this.diagnosticsLogger = new DiagnosticsLogger(
          logger,
          asRecord,
          firstNonEmptyString,
          this.extractMessageBodyText.bind(this),
          this.historyMessageCreatedAt.bind(this),
          this.extractHistoryMessageId.bind(this),
          this.isRenderableHistoryMessage.bind(this),
          this.historyMessageFingerprint.bind(this),
        );
    
        // 2. PlanManager (must be created before StructuredOutputProcessor)
        this.planManager = new PlanManager(
          logger,
          firstNonEmptyString,
          this.context.globalState,
        );
    
        // 3. StructuredOutputProcessor
        this.structuredOutputProcessor = new StructuredOutputProcessor(
          logger,
          asRecord,
          firstNonEmptyString,
          this.planManager,
        );
    
        // 4. SubagentPersistence
        this.subagentPersistence = new SubagentPersistence(
          this.context.workspaceState,
          this.subagentTracker,
          logger,
          asRecord,
          firstNonEmptyString,
          this.normalizeSubagentStatus.bind(this),
          this.mergeSubagentEntries.bind(this),
          this.hydrateSubagentsFromPayload.bind(this),
          this.resolveSubagentPayloadSessionId.bind(this),
        );
    
        // 5. CompactionManager
        this.compactionManager = new CompactionManager(
          this.context.workspaceState,
          this.serverManager,
          logger,
          asRecord,
          firstNonEmptyString,
          this.processHistoryMessages.bind(this),
        );
    
        // 6. HistoryProcessor
        this.historyProcessor = new HistoryProcessor(
          this.context.workspaceState,
          logger,
          this.structuredOutputProcessor,
          asRecord,
          firstNonEmptyString,
          this.isLikelyToolCallTranscript.bind(this),
          this.extractMessageBodyText.bind(this),
          this.planManager,
        );
    
        // 7. ModelAndAgentManager
        this.modelAndAgentManager = new ModelAndAgentManager(
          this.context.globalState,
          this.serverManager,
          this.modelCapabilitiesService,
          logger,
          asRecord,
          firstNonEmptyString,
        );
    
        // 8. QueueManager
        this.queueManager = new QueueManager(logger);
    
        // 9. SessionHandler
        this.sessionHandler = new SessionHandler(
          this.sessionService,
          this.historyProcessor,
          this.subagentPersistence,
          this.compactionManager,
          this.modelAndAgentManager,
          logger,
        );
    
        // 10. StreamEventHandler
        this.streamEventHandler = new StreamEventHandler(
          this.structuredOutputProcessor,
          this.subagentPersistence,
          this.compactionManager,
          this.diagnosticsLogger,
          this.geminiTokenTracker,
          this.subagentTracker,
          logger,
        );
    
        /** ===== NEW: Wire all callbacks ===== */
        this.wireModuleCallbacks();
      }
    
      /**
       * Wire callbacks between modules and the shell
       */
      private wireModuleCallbacks(): void {
        const postMessage = (msg: any) => {
          this.view?.webview.postMessage(msg);
        };
    
        const getCurrentSessionId = () => this.currentSessionId;
        const setCurrentSessionId = (id: string | undefined) => {
          this.currentSessionId = id;
        };
    
        // Wire postMessage callbacks
        this.compactionManager.setPostMessage(postMessage);
        this.modelAndAgentManager.setPostMessage(postMessage);
        this.queueManager.setPostMessage(postMessage);
        this.sessionHandler.setPostMessage(postMessage);
        this.sessionHandler.setGetCurrentSessionId(getCurrentSessionId);
        this.sessionHandler.setSetCurrentSessionId(setCurrentSessionId);
        this.streamEventHandler.setPostMessage(postMessage);
        this.streamEventHandler.setGetCurrentSessionId(getCurrentSessionId);
    
        // Wire QueueManager execution callbacks
        this.queueManager.setHandleSendMessage(this.handleSendMessage.bind(this));
        this.queueManager.setHandleStopRequest(this.handleStopRequest.bind(this));
        this.queueManager.setGetCurrentSessionId(getCurrentSessionId);
      }
    
      private async schedulePromptDispatch(
        mode: PromptDispatchMode,
        payload: {
          sessionId?: string;
          text?: string;
          files?: string[];
          contexts?: any[];
          images?: any[];
          agent?: string;
          userFacingText?: string;
        },
      ): Promise<void> {
        const text = typeof payload.text === "string" ? payload.text.trim() : "";
        if (!text) {
          return;
        }
    
        const sessionId = await this.resolveQueueSessionId(payload.sessionId);
        if (!sessionId) {
          return;
        }
    
        const effectiveMode =
          mode === "send-now" && this.processingSessionIds.has(sessionId)
            ? "steer"
            : mode;
    
        // For normal sends, bypass queue persistence entirely so the queue panel
        // does not show transient "queued" items when there is no active backlog.
        if (effectiveMode === "send-now") {
          await this.handleSendMessage(
            text,
            payload.files,
            payload.contexts,
            payload.images,
            payload.agent,
            false,
            undefined,
            false,
            undefined,
            payload.userFacingText,
          );
          return;
        }
    
        const promptId = `q-${Date.now()}-${this.queueItemSequence}`;
        this.queueItemSequence += 1;
        const prompt: QueuedPrompt = {
          id: promptId,
          sessionId,
          createdAt: Date.now(),
          text,
          userFacingText: payload.userFacingText,
          files: payload.files,
          contexts: payload.contexts,
          images: payload.images,
          agent: payload.agent,
        };
    
        this.queueManager.enqueuePrompt(prompt, effectiveMode !== "queue");
        this.sendQueueUpdate(sessionId);
    
        if (effectiveMode === "queue") {
          return;
        }
    
        if (this.isProcessingRequest) {
          if (sessionId === this.currentSessionId) {
            await this.handleStopRequest(sessionId);
          }
          return;
        }
    
        await this.handleExecuteQueue(sessionId);
      }
    
      private async handleDispatchQueuedItem(
        dispatchMode: "queue" | "send-now" | "steer",
        sessionId: string,
        id: string,
        index?: number,
      ): Promise<void> {
        await this.queueManager.handleDispatchQueuedItem(
          dispatchMode,
          sessionId,
          id,
          index,
        );
      }
    
      private async handleRemoveFromQueue(
        sessionId: string | undefined,
        id: string,
        _index?: number,
      ): Promise<void> {
        if (!id) {
          return;
        }
        await this.queueManager.handleRemoveFromQueue({ id });
        if (sessionId) {
          this.sendQueueUpdate(sessionId);
        }
      }
    
      private async handleClearQueue(sessionId: string): Promise<void> {
        if (!sessionId) {
          return;
        }
        await this.queueManager.handleClearQueue({ sessionId });
      }
    
      private sendQueueUpdate(sessionId: string): void {
        void this.queueManager.sendQueueUpdate(sessionId);
      }
    
      private async handleExecuteQueue(sessionId: string): Promise<void> {
        const flow = log.startFeatureFlow('ExecuteQueue', { sessionId });
    
        if (!sessionId || this.executingQueueSessionIds.has(sessionId)) {
          if (this.executingQueueSessionIds.has(sessionId)) {
            log.endFeatureFlow(flow, { status: 'skipped', reason: 'Queue already executing' });
          } else {
            log.endFeatureFlow(flow, { status: 'failed', reason: 'No sessionId provided' });
          }
          return;
        }
    
        log.featureStep(flow, 'queue_execution_started');
        this.executingQueueSessionIds.add(sessionId);
        this.view?.webview.postMessage({
          type: "queueExecutionStarted",
          sessionId,
        });
    
        try {
          await this.queueManager.handleExecuteQueue({ sessionId });
          log.endFeatureFlow(flow, { status: 'completed', sessionId });
        } catch (error) {
          log.error('Failed to execute queue', { sessionId }, error as Error);
          log.endFeatureFlow(flow, { status: 'failed', error: String(error) });
        } finally {
          this.executingQueueSessionIds.delete(sessionId);
          this.sendQueueUpdate(sessionId);
        }
      }
    
      /**
       * Wrapper: Get sessions list
       * Fetches sessions from service and sends to webview
       */
      private async handleGetSessions(): Promise<void> {
        const sessions = await this.sessionService.listSessions();
        const sessionsPayload = sessions.map((session: any) => ({
          id: session.id,
          title: session.title || session.id,
          createdAt: session.createdAt,
          updatedAt: session.updatedAt,
        }));
    
        this.view?.webview.postMessage({
          type: "sessionsList",
          sessions: sessionsPayload,
        });
      }
    
      /**
       * Wrapper: Load session
       * Loads messages from service and sends to webview
       */
      private async handleLoadSession(sessionId: string): Promise<void> {
        const flow = log.startFeatureFlow('LoadSession', { sessionId });
    
        if (!sessionId) {
          log.endFeatureFlow(flow, { status: 'failed', reason: 'No sessionId provided' });
          return;
        }
    
        // Add to processing state to show loading indicator in UI
        this.processingSessionIds.add(sessionId);
        this.sendProcessingSessionsUpdate();
    
        try {
          // CRITICAL: Switch the active session in SessionService
          // This updates the service's internal state and persists it
          await this.sessionService.switchSession(sessionId);
          this.currentSessionId = sessionId;
          this.subagentTracker.setActiveSession(sessionId);
          // Clear in-memory todo cache to avoid cross-session leakage
          this.clearSessionTodos(sessionId);
    
          // Restore per-session agent / model / thinking selections
          await this.modelAndAgentManager.applySessionSettings(sessionId);
    
          // Notify the webview of the restored selections for this session
          this.view?.webview.postMessage({
            type: "initState",
            serverStatus: this.serverManager.getStatus(),
            selectedModel: this.modelAndAgentManager.getSelectedModel(),
            selectedAgent: this.modelAndAgentManager.getSelectedAgent(),
            serverVersion: this.serverManager.getVersion(),
            currentSessionId: this.currentSessionId,
            todoItems: this.loadPersistedTodos(this.currentSessionId).items,
          });
    
          const sessionThinkingLevel =
            this.modelAndAgentManager.getSessionSettings(sessionId).thinkingLevel ??
            this.context.globalState.get<string>("thinkingLevel");
          if (sessionThinkingLevel) {
            this.view?.webview.postMessage({
              type: "thinkingLevelUpdate",
              level: sessionThinkingLevel,
            });
          }
    
          // Fire-and-forget: fetch and broadcast current model capabilities on session load
          void this.modelCapabilitiesService
            .getCapabilities(
              this.modelAndAgentManager.getSelectedModel()?.providerID ?? "",
              this.modelAndAgentManager.getSelectedModel()?.modelID ?? "",
            )
            .then((capability) => {
              this.view?.webview.postMessage({
                type: "modelCapabilityUpdate",
                capability: capability ?? null,
              });
            })
            .catch(() => {
              // Minimal failure tracking for session-load capability fetches
              try {
                this.capabilityFetchFailureCount = (this.capabilityFetchFailureCount || 0) + 1;
                if (this.capabilityFetchFailureCount >= 3) {
                  vscode.window.showWarningMessage(
                    "Could not fetch model capabilities. Thinking level control may be unavailable.",
                  );
                  this.capabilityFetchFailureCount = 0;
                }
              } catch (_) {
                // best-effort only
              }
            });
    
          // Reload history for the new session
          const rawMessages = await this.sessionService.getMessages(sessionId);
    
          this.logger.info('[handleLoadSession] Fetched raw messages', {
            sessionId,
            rawCount: rawMessages?.length || 0,
            isRawMessagesArray: Array.isArray(rawMessages)
          });
    
          const messages = Array.isArray(rawMessages)
            ? await this.processHistoryMessages(rawMessages, sessionId)
            : [];
    
          this.logger.info('[handleLoadSession] Processed messages', {
            sessionId,
            processedCount: messages.length,
            willSendToWebview: true
          });
    
          const subagentSnapshotPayload =
            await this.subagentPersistence.syncSubagentSnapshotForSession(
              sessionId,
              messages,
            );
          await this.compactionManager.sendPersistedCompactionViewState(sessionId);
    
          // DEBUG: Log messages before sending to webview
          const planMessages = messages.filter((m: any) => m?.plan);
          log.debug('Sending messages to webview', {
            totalMessages: messages.length,
            planMessagesCount: planMessages.length,
            samplePlanMessage: planMessages[0] ? {
              hasPlan: !!planMessages[0].plan,
              planKeys: planMessages[0].plan ? Object.keys(planMessages[0].plan) : [],
              planFile: planMessages[0].plan?.file,
              planValue: planMessages[0].plan
            } : null
          });
    
          this.view?.webview.postMessage({
            type: "chatHistory",
            sessionId: sessionId,
            messages: messages,
          });
          this.view?.webview.postMessage({
            type: "subagentSnapshot",
            ...subagentSnapshotPayload,
          });
    
          // Update the list selection
          await this.handleGetSessions();
        } catch (error) {
          log.error('Failed to load session', { sessionId }, error as Error);
          vscode.window.showErrorMessage(`Failed to load session: ${error}`);
          log.endFeatureFlow(flow, { status: 'failed', error: String(error) });
        } finally {
          // Remove from processing state regardless of success or error
          this.processingSessionIds.delete(sessionId);
          this.sendProcessingSessionsUpdate();
          // always finalize flow (was previously guarded by !flow.result)
          log.endFeatureFlow(flow, { status: 'completed', sessionId });
        }
      }
    
      /**
       * Wrapper: Delete session
       * Handles session deletion with fallback to create new session
       */
      private async handleDeleteSession(sessionId: string): Promise<void> {
        const flow = log.startFeatureFlow('DeleteSession', { sessionId });
    
        if (!sessionId) {
          log.endFeatureFlow(flow, { status: 'failed', reason: 'No sessionId provided' });
          return;
        }
    
        try {
          log.featureStep(flow, 'deleting_session');
          await this.sessionService.deleteSession(sessionId);
          await this.clearPersistedSubagentSnapshot(sessionId);
          await this.compactionManager.clearPersistedCompactionViewState(sessionId);
    
          const currentSession = await this.sessionService.getCurrentSession();
          if (!currentSession) {
            await this.sessionService.createNewSession();
          }
    
          await this.handleGetSessions();
          log.endFeatureFlow(flow, { status: 'completed', sessionId });
        } catch (error) {
          log.error('Failed to delete session', { sessionId }, error as Error);
          vscode.window.showErrorMessage(`Failed to delete session: ${error}`);
          log.endFeatureFlow(flow, { status: 'failed', error: String(error) });
        }
      }
    
      /**
       * Wrapper: Rename session
       * Delegates to SessionHandler module
       */
      private async handleRenameSession(sessionId: string, newTitle: string): Promise<void> {
        return this.sessionHandler.handleRenameSession(sessionId, newTitle);
      }
    
      /**
       * Wrapper: Forward compaction status from stream event
       * Called by MessageStreamService when processing stream events
       */
      forwardCompactionStatusFromStreamEvent(event: unknown): void {
        return this.compactionManager.forwardCompactionStatusFromStreamEvent(event);
      }
    
      /**
       * Wrapper: Get models
       * Delegates to ModelAndAgentManager module
       */
      private async handleGetModels(): Promise<ChatModelOption[]> {
        return this.modelAndAgentManager.handleGetModels();
      }
    
      /**
       * Wrapper: Get agents
       * Delegates to ModelAndAgentManager module
       */
      private async handleGetAgents(): Promise<void> {
        return this.modelAndAgentManager.handleGetAgents();
      }
    
      /**
       * Handle get commands request
       * Fetches available skills and converts them to slash commands
       */
      private async handleGetCommands(): Promise<void> {
        this.logger.info('[handleGetCommands] Starting to fetch skills from OpenCode server');
    
        try {
          // Ensure server is running
          this.logger.info('[handleGetCommands] Ensuring server is running...');
          const client = await this.serverManager.ensureRunning();
          if (!client) {
            this.logger.error('[handleGetCommands] Failed to get client even after ensureRunning()');
            this.sendCommandsToWebview([]);
            return;
          }
    
          this.logger.info('[handleGetCommands] Server is running, client available');
    
          // Get the current model and provider
          let currentModel = this.selectedModel?.modelID
            ? { provider: this.selectedModel.providerID, model: this.selectedModel.modelID }
            : undefined;
          if (!currentModel) {
            this.logger.warn('[handleGetCommands] No current model selected, using defaults');
            currentModel = { provider: 'anthropic', model: 'claude-sonnet-4-6' };
          }
    
          this.logger.info('[handleGetCommands] Fetching tools from OpenCode server', {
            provider: currentModel.provider,
            model: currentModel.model
          });
    
          // Use the OpenCode SDK client to get the list of available tools
          const toolsResponse = await client.tool.list({
            query: {
              provider: currentModel.provider,
              model: currentModel.model
            }
          });
    
          if (!toolsResponse.data) {
            this.logger.warn('[handleGetCommands] No tools data returned from server');
            this.sendCommandsToWebview([]);
            return;
          }
    
          const tools = toolsResponse.data;
          this.logger.info('[handleGetCommands] Fetched tools from server', {
            toolCount: tools.length,
            toolIds: tools.map(t => t.id),
            allTools: JSON.stringify(tools.map(t => ({
              id: t.id,
              hasDescription: !!t.description,
              descLength: t.description?.length || 0
            })))
          });
    
          // Find the skill tool
          const skillTool = tools.find(tool => tool.id === 'skill');
    
          this.logger.info('[handleGetCommands] Looking for skill tool', {
            found: !!skillTool,
            hasDescription: !!skillTool?.description,
            descPreview: skillTool?.description?.substring(0, 200)
          });
    
          const commands: Array<{ name: string; description: string }> = [];
    
          if (skillTool && skillTool.description) {
            // Parse the available skills from the skill tool's description
            // Format: ## Available Skills\n- **skill-name**: description
            // Show ALL skills in slash commands (even disabled ones) for manual use
            // The config controls which skills OpenCode auto-loads, not what's visible
    
            // Normalize line endings to handle \r\n (Windows) and \r (old Mac)
            const normalizedDescription = skillTool.description.replace(/\r\n/g, '\n').replace(/\r/g, '\n');
            const lines = normalizedDescription.split('\n');
            this.logger.info('[handleGetCommands] Splitting description into lines', {
              lineCount: lines.length,
              firstLines: lines.slice(0, 5),
              fullDescription: skillTool.description.substring(0, 500)
            });
    
            let inAvailableSection = false;
            let currentSkill: { name: string; description: string } | null = null;
    
            for (const line of lines) {
              if (line.includes('## Available Skills') || line.includes('Available Skills')) {
                inAvailableSection = true;
                continue;
              }
    
              if (inAvailableSection) {
                // Match format: - **skill-name**: description
                const match = line.match(/^-\s*\*\*([^*]+)\*\*:\s*(.+)$/);
                if (match) {
                  // Save previous skill if any
                  if (currentSkill) {
                    commands.push(currentSkill);
                  }
                  // Start new skill
                  currentSkill = {
                    name: match[1].trim(),
                    description: match[2].trim()
                  };
                } else if (line.startsWith('##') || line.startsWith('---')) {
                  // End of skills section - save last skill
                  if (currentSkill) {
                    commands.push(currentSkill);
                    currentSkill = null; // Clear to prevent double-push
                  }
                  break;
                } else if (line.trim().startsWith('- ') && currentSkill) {
                  // Continuation of description - remove the '- ' prefix
                  currentSkill.description += '\n' + line.trim().substring(2);
                } else if (line.trim().length > 0 && currentSkill) {
                  // Continuation of description (lines without '- ' prefix)
                  currentSkill.description += '\n' + line.trim();
                }
              }
            }
    
            // Don't forget to push the last skill if we didn't hit a break condition
            if (currentSkill) {
              commands.push(currentSkill);
            }
    
            this.logger.info('[handleGetCommands] Parsed ALL skills from skill tool', {
              count: commands.length,
              skills: commands.map(c => ({ name: c.name, descLength: c.description.length }))
            });
          } else {
            this.logger.warn('[handleGetCommands] No skill tool found or no description');
          }
    
          // If no skills found, do NOT fall back to all tools
          // This prevents showing system tools (edit, read, bash, etc.) as if they were skills
          if (commands.length === 0) {
            this.logger.warn('[handleGetCommands] No skills found, sending empty command list');
          }
    
          this.logger.info('[handleGetCommands] Sending commands to webview', {
            commandCount: commands.length,
            commands: commands.slice(0, 10).map(c => ({ name: c.name, desc: c.description }))
          });
    
          if (commands.length === 0) {
            this.logger.warn('[handleGetCommands] No commands found - this might indicate:', {
              reasons: [
                'Server not started or not ready',
                'No skills available in current config',
                'Skills not discovered by server',
                'Tool list API changed'
              ],
              suggestion: 'Check OpenCode server status and ensure skills are enabled in config'
            });
          }
    
          // Send the commands to the webview
          this.sendCommandsToWebview(commands);
        } catch (error) {
          this.logger.error('[handleGetCommands] Failed to load commands', {
            error: error instanceof Error ? error.message : String(error),
            stack: error instanceof Error ? error.stack : undefined
          });
    
          // Still send empty commands array to frontend even on error
          this.sendCommandsToWebview([]);
        }
      }
    
      /**
       * Send commands to the webview
       * Centralized method for sending slash commands to the chat interface
       */
      private sendCommandsToWebview(commands: Array<{ name: string; description: string }>): void {
        // CRITICAL: Check if view is available before sending message
        if (!this.view) {
          this.logger.error('[sendCommandsToWebview] Cannot send commands - webview is not available');
          return;
        }
    
        if (!this.view.webview) {
          this.logger.error('[sendCommandsToWebview] Cannot send commands - webview.webview is not available');
          return;
        }
    
        const message = {
          type: "commandsList",
          commands: commands,
        };
    
        this.logger.info('[sendCommandsToWebview] Posting message to webview', {
          messageType: message.type,
          commandsCount: message.commands.length,
          commandsPreview: message.commands.slice(0, 3).map(c => c.name)
        });
    
        try {
          const result = this.view.webview.postMessage(message);
          this.logger.info('[sendCommandsToWebview] postMessage returned', {
            success: result,
            result: String(result)
          });
    
          if (!result) {
            this.logger.error('[sendCommandsToWebview] postMessage returned false - webview may not be ready');
          }
        } catch (postError) {
          this.logger.error('[sendCommandsToWebview] postMessage threw an error', {
            error: postError instanceof Error ? postError.message : String(postError),
            stack: postError instanceof Error ? postError.stack : undefined
          });
        }
      }
    
      /**
       * Wrapper: Clear persisted subagent snapshot
       * Delegates to SubagentPersistence module
       */
      private async clearPersistedSubagentSnapshot(sessionId: string): Promise<void> {
        return this.subagentPersistence.clearPersistedSubagentSnapshot(sessionId);
      }
    
      /**
       * Wrapper: View plan
       * Delegates to PlanManager module
       */
      private async handleViewPlan(plan: {
        file?: string;
        content?: string;
        title?: string;
        intro?: string;
        summary?: string;
        files?: any[];
        fileCount?: number;
      }): Promise<void> {
        return this.planManager.handleViewPlan(plan);
      }
    
      /**
       * Wrapper: Set compaction view state
       * Delegates to CompactionManager module
       */
      private async handleSetCompactionViewState(message: {
        sessionId: string;
        state: any;
      }): Promise<void> {
        return this.compactionManager.handleSetCompactionViewState(message);
      }
    
      /**
       * Wrapper: Compact session
       * Delegates to CompactionManager module
       */
      private async handleCompactSession(
        sessionId: string,
        baselineStats?: { [key: string]: number },
      ): Promise<void> {
        const options: { auto?: boolean; threshold?: number } = {};
        if (baselineStats) {
          options.threshold = Object.values(baselineStats).reduce((sum, val) => sum + val, 0);
        }
        return this.compactionManager.handleCompactSession(
          sessionId,
          options,
          this.sessionService,
        );
      }
    
      /**
       * Wrapper: Apply session message overrides
       * Delegates to HistoryProcessor module
       */
      private async applySessionMessageOverrides(
        sessionId: string,
        messages: any[],
      ): Promise<any[]> {
        return this.historyProcessor.applySessionMessageOverrides(sessionId, messages);
      }
    
      /**
       * Wrapper: Normalize structured output
       * Delegates to StructuredOutputProcessor module
       */
      private normalizeStructuredOutput(
        content: string,
        context: {
          source?: string;
          providerID?: string;
          modelID?: string;
        },
      ): any {
        return this.structuredOutputProcessor.normalizeStructuredOutput(content, context);
      }
    
      /**
       * Wrapper: Persist session message override
       * Delegates to HistoryProcessor module
       */
      private async persistSessionMessageOverride(
        sessionId: string,
        override: any,
      ): Promise<void> {
        return this.historyProcessor.persistSessionMessageOverride(sessionId, override);
      }
    
      /**
       * Wrapper: Normalize plan proceed user message
       * Delegates to PlanManager module
       */
      private normalizePlanProceedUserMessage(message: any): any {
        return this.planManager.normalizePlanProceedUserMessage(message);
      }
    
      /**
       * Wrapper: Log stream event diagnostics
       * Delegates to DiagnosticsLogger module
       */
      private logStreamEventDiagnostics(event: any, enrichedEvent?: any): void {
        this.diagnosticsLogger.logStreamEventDiagnostics(event, enrichedEvent);
      }
    
      /**
       * Wrapper: Enrich message with plan
       * Delegates to StructuredOutputProcessor module
       */
      private enrichMessageWithPlan(message: any): any {
        return this.structuredOutputProcessor.enrichMessageWithPlan(message);
      }
    
      /**
       * Check if value is an interactive response type
       */
      private isInteractiveResponseType(value: unknown): boolean {
        return this.structuredOutputProcessor.isInteractiveResponseType(value);
      }
    
      /**
       * Check if content is a clarification questionnaire
       */
      private isClarificationQuestionnaire(content: unknown): boolean {
        return this.structuredOutputProcessor.isClarificationQuestionnaire(content);
      }
    
      /**
       * Get structured output model key
       */
      private getStructuredOutputModelKey(
        providerID?: string,
        modelID?: string,
      ): string {
        return this.structuredOutputProcessor.getStructuredOutputModelKey(
          this.firstNonEmptyString(providerID, modelID) || "",
        );
      }
    
      /**
       * Create fallback message from structured output
       */
      private createFallbackMessage(structured: any): string | undefined {
        return this.structuredOutputProcessor.createFallbackMessage(structured);
      }
    
      /**
       * Get the selected structured output model key
       */
      private getSelectedStructuredOutputModelKey(): string | undefined {
        return this.structuredOutputProcessor.getSelectedStructuredOutputModelKey();
      }
    
      /**
       * Dispatch interactive response
       */
      private async dispatchInteractiveResponse(payload: {
        sessionId?: string;
        text?: string;
        userFacingText?: string;
        agent?: string;
      }): Promise<void> {
        const text = typeof payload.text === "string" ? payload.text.trim() : "";
        if (!text) {
          return;
        }
    
        const sessionId = await this.resolveQueueSessionId(payload.sessionId);
        if (!sessionId) {
          const message =
            "Unable to send interactive response because no active session could be resolved.";
          this.view?.webview.postMessage({
            type: "error",
            message,
          });
          vscode.window.showErrorMessage(message);
          return;
        }
    
        if (this.awaitingInteractiveAnswer) {
          // Match webview's 15s window to prevent popover reappearing during transition
          this.interactiveResponseTransitionUntil = Date.now() + 15000;
        }
    
        // Don't force stop ongoing requests - let schedulePromptDispatch handle mode switching
        // This uses the same intelligent "steer" mode as normal messages instead of blocking
        this.currentSessionId = sessionId;
        await this.schedulePromptDispatch("send-now", {
          sessionId,
          text,
          agent: payload.agent,
          userFacingText: payload.userFacingText,
        });
      }
    
      /**
       * Resolve queue session ID
       */
      private async resolveQueueSessionId(
        requestedSessionId?: string,
      ): Promise<string | undefined> {
        const explicitSessionId = this.firstNonEmptyString(requestedSessionId);
        if (explicitSessionId) {
          if (!this.currentSessionId) {
            this.currentSessionId = explicitSessionId;
          }
          return explicitSessionId;
        }
    
        const currentId = this.firstNonEmptyString(this.currentSessionId);
        if (currentId) {
          return currentId;
        }
    
        try {
          const session = await this.sessionService.getCurrentSession();
          const sessionId = this.firstNonEmptyString(session?.id);
          if (sessionId) {
            this.currentSessionId = sessionId;
          }
          return sessionId;
        } catch (error) {
          this.logger.error("Failed to resolve queue session ID", { err: error });
          return undefined;
        }
      }
    
      /**
       * History processing methods - delegate to HistoryProcessor
       */
      private dedupeMirrorHistoryMessages(messages: any[]): any[] {
        return this.historyProcessor.dedupeMirrorHistoryMessages(messages);
      }
    
      private mergeAdjacentAssistantActivityMessages(messages: any[]): any[] {
        return this.historyProcessor.mergeAdjacentAssistantActivityMessages(messages);
      }
    
      private mergeConsecutiveAssistantBursts(messages: any[]): any[] {
        return this.historyProcessor.mergeConsecutiveAssistantBursts(messages);
      }
    
      private getLatestAssistantHistoryMarker(messages: any[]): {
        id?: string;
        fingerprint?: string;
        createdAt?: number;
        richness: number;
      } {
        return this.historyProcessor.getLatestAssistantHistoryMarker(messages);
      }
    
      private hasAssistantHistoryAdvanced(
        latest:
          | any[]
          | { id?: string; fingerprint?: string; createdAt?: number; richness?: number }
          | undefined,
        baseline:
          | any[]
          | { id?: string; fingerprint?: string; createdAt?: number; richness?: number }
          | undefined,
      ): boolean {
        return this.historyProcessor.hasAssistantHistoryAdvanced(latest, baseline);
      }
    
      /**
       * Subagent methods - delegate to SubagentPersistence
       */
      private async persistSubagentLiveState(
        sessionId: string,
        payload: unknown,
      ): Promise<void> {
        await this.subagentPersistence.persistSubagentLiveState(sessionId, payload as SubagentUpdatePayload);
      }
    
      private buildSubagentPayloadFromMessage(message: any, sessionId?: string): any {
        return this.subagentPersistence.buildSubagentPayloadFromMessage(message, sessionId ?? '');
      }
    
      /**
       * Diagnostics logging - delegate to DiagnosticsLogger
       */
      private logHistoryRenderDiagnostics(
        source: string,
        sessionId: string,
        rawMessages: any[],
        processedMessages: any[],
      ): void {
        return this.diagnosticsLogger.logHistoryRenderDiagnostics(
          source,
          sessionId,
          rawMessages,
          processedMessages,
        );
      }
    
      /**
       * Session settings - delegate to ModelAndAgentManager
       */
      private async persistSessionSettings(
        sessionId: string,
        settings: {
          providerID?: string;
          modelID?: string;
          agent?: string;
          thinkingLevel?: string;
        },
      ): Promise<void> {
        const partial: any = {};
        if (settings.providerID) partial.providerID = settings.providerID;
        if (settings.modelID) partial.modelID = settings.modelID;
        if (settings.agent) partial.agent = settings.agent;
        if (settings.thinkingLevel) partial.thinkingLevel = settings.thinkingLevel;
        return this.modelAndAgentManager.persistSessionSettings(sessionId, partial);
      }
    
      private async resolvePromptVariant(sessionId: string): Promise<string | undefined> {
        return this.modelAndAgentManager.resolvePromptVariant(sessionId);
      }
    
      /**
       * Structured output methods - delegate to StructuredOutputProcessor
       */
      private getStructuredOutputFormat(): Record<string, unknown> {
        return this.structuredOutputProcessor.getStructuredOutputFormat();
      }
    
      private shouldUseStructuredOutput(modelKey: string): boolean {
        return this.structuredOutputProcessor.shouldUseStructuredOutput(modelKey);
      }
    
      private isRenderableTextPart(part: unknown): boolean {
        return this.structuredOutputProcessor.isRenderableTextPart(part);
      }
    
      private deriveQuestionPromptFromInteractivePayload(payload: {
        question: string;
        options?: any[];
      }): string {
        return this.structuredOutputProcessor.deriveQuestionPromptFromInteractivePayload(payload);
      }
    
      private isLowValueInteractiveBodyText(value: string): boolean {
        return this.structuredOutputProcessor.isLowValueInteractiveBodyText(value);
      }
    
      /**
       * Plan methods - delegate to PlanManager
       */
      private collectPlanFileCandidatesFromStructuredPlan(structured: any): string[] {
        return this.planManager.collectPlanFileCandidatesFromStructuredPlan(structured);
      }
    
      private resolvePlanTitle(options: {
        plan?: { title?: string; file?: string };
        planFile?: string;
        fallback?: string;
        explicitTitle?: string;
      }): string | undefined {
        return this.planManager.resolvePlanTitle(options);
      }
    
      /**
       * Session methods - delegate to SessionHandler
       */
      private sendProcessingSessionsUpdate(): void {
        this.view?.webview.postMessage({
          type: "SET_PROCESSING_SESSIONS",
          payload: Array.from(this.processingSessionIds),
        });
      }
    
      /**
       * Diagnostics methods - delegate to DiagnosticsLogger
       */
      private async logPromptRequestPayload(
        sessionId: string,
        promptBody: any,
        useStructuredOutput: boolean,
      ): Promise<void> {
        return this.diagnosticsLogger.logPromptRequestPayload(
          sessionId,
          promptBody,
          useStructuredOutput,
        );
      }
    
      private async logPromptResponsePayload(
        sessionId: string,
        response: any,
        durationSeconds: number,
        useStructuredOutput: boolean,
      ): Promise<void> {
        return this.diagnosticsLogger.logPromptResponsePayload(
          sessionId,
          response,
          durationSeconds,
          useStructuredOutput,
        );
      }
    
      private logPromptResponseDiagnostics(
        sessionId: string,
        responseData: any,
      ): void {
        return this.diagnosticsLogger.logPromptResponseDiagnostics(
          sessionId,
          responseData,
        );
      }
    
      private buildRawResponseDebugText(response: any): string {
        return this.diagnosticsLogger.buildRawResponseDebugText(response);
      }
    
      /**
       * Subagent helper methods (not moved to modules, kept in ChatViewProvider)
       */
      private hasStructuredSubagentSignal(messageRaw: unknown): boolean {
        if (!messageRaw || typeof messageRaw !== "object") {
          return false;
        }
        const message = messageRaw as any;
        const subagents = message?.subagents;
        return (
          Array.isArray(subagents) &&
          subagents.length > 0 &&
          subagents.some((s: any) => s?.status === "structured")
        );
      }
    
      private extractMessageId(message: any): string | undefined {
        if (!message) return undefined;
        const id =
          this.firstNonEmptyString(
            message?.id,
            message?.messageId,
            message?.info?.id,
            message?.info?.messageId,
          ) ||
          (typeof message?.info?._id === "string"
            ? message.info._id
            : undefined);
        return id;
      }
    
      /**
       * Compaction methods - delegate to CompactionManager
       */
      private async maybeAutoCompact(
        sessionId: string,
        responseData: unknown,
      ): Promise<void> {
        return this.compactionManager.maybeAutoCompact(
          sessionId,
          responseData,
          this.sessionService,
        );
      }
    
      /**
       * Plan file methods - delegate to PlanManager (public interface)
       * Note: normalizePlanFileReference is private in PlanManager, so we call it through
       * other public methods or recreate the logic if needed
       */
      private normalizePlanFileReference(file: unknown): string | undefined {
        // This is a private method in PlanManager, but we need access to it.
        // For now, duplicate the minimal logic needed here.
        const raw = this.firstNonEmptyString(file);
        if (!raw) {
          return undefined;
        }
    
        let value = raw.trim();
        if (!value) {
          return undefined;
        }
    
        if (value.startsWith("file://")) {
          try {
            const uri = vscode.Uri.parse(value);
            if (uri.scheme === "file" && uri.fsPath) {
              value = uri.fsPath;
            }
          } catch {
            // Keep string cleanup fallback below.
          }
        }
    
        // Strip common markdown wrappers around file paths.
        value = value
          .replace(/^`+|`+$/g, "")
          .replace(/^"+|"+$/g, "")
          .replace(/^'+|'+$/g, "")
          .replace(/^<+|>+$/g, "")
          .replace(/^\(+|\)+$/g, "")
          .trim();
    
        return value || undefined;
      }
    
      private resolvePlanFileCandidates(planFile: string): string[] {
        return this.planManager.resolvePlanFileCandidates(planFile);
      }
    
      private async persistPlan(
        content: string,
        preferredPath?: string,
      ): Promise<string | undefined> {
        return this.planManager.persistPlan(content, preferredPath);
      }
    
      private async readPlanFileFromDisk(filePath: string): Promise<string | undefined> {
        // This is a private method in PlanManager, duplicate the minimal logic here
        try {
          const normalized = path.normalize(filePath);
          const content = await vscode.workspace.fs.readFile(
            vscode.Uri.file(normalized),
          );
          return Buffer.from(content).toString("utf-8");
        } catch {
          return undefined;
        }
      }
    
      private prioritizePlanFileCandidates(
        candidates: Array<unknown>,
        explicitFiles?: Set<string>,
      ): string[] {
        return this.planManager.prioritizePlanFileCandidates(candidates, explicitFiles);
      }
    
      private extractMarkdownFileReferences(text: unknown): string[] {
        return this.planManager.extractMarkdownFileReferences(text);
      }
    
      private discoverLikelyPlanFileCandidates(): Promise<string[]> {
        return this.planManager.discoverLikelyPlanFileCandidates();
      }
    
      /**
       * Normalize compaction baseline stats
       * Converts raw stats object to normalized format
       */
      private normalizeCompactionBaselineStats(
        value: unknown,
      ): { [key: string]: number } | undefined {
        const rec = this.asRecord(value);
        if (!rec) {
          return undefined;
        }
    
        const normalize = (raw: unknown): number | undefined =>
          typeof raw === "number" && Number.isFinite(raw) && raw >= 0
            ? Math.floor(raw)
            : undefined;
    
        const input = normalize(rec.input);
        const output = normalize(rec.output);
        const read = normalize(rec.read);
        const write = normalize(rec.write);
        const duration = normalize(rec.duration);
    
        if (
          input === undefined &&
          output === undefined &&
          read === undefined &&
          write === undefined &&
          duration === undefined
        ) {
          return undefined;
        }
    
        return {
          input: input ?? 0,
          output: output ?? 0,
          read: read ?? 0,
          write: write ?? 0,
          duration: duration ?? 0,
        };
      }
    
      resolveWebviewView(
        webviewView: vscode.WebviewView,
        _context: vscode.WebviewViewResolveContext,
        _token: vscode.CancellationToken,
      ): void | Thenable<void> {
        this.logger.info("[ChatViewProvider] resolving webview view");
        this.view = webviewView;
        this.isBootstrappingWebview = false;
        this.hasInitializedWebview = false;
        this.sessionsListRequestVersion = 0;
        this.lastSessionsPayloadFingerprint = undefined;
    
        webviewView.webview.options = {
          enableScripts: true,
          localResourceRoots: [this.context.extensionUri],
        };
    
        // Handle messages from webview
        webviewView.webview.onDidReceiveMessage(async (message) => {
          const { type } = message;
    
          // Log all UI interactions for debugging
          this.logger.logUIInteraction('ChatView', type, message.type, message as Record<string, unknown>);
    
          switch (type) {
            case "ready": {
              this.logger.debug(`${LoggingCategories.UI_INTERACTION} Webview ready`, {
                viewType: 'chat',
              });
    
              if (this.isBootstrappingWebview) {
                break;
              }
    
              this.isBootstrappingWebview = true;
              // A reloaded webview starts with empty client state. Force a fresh
              // sessions payload even if the underlying list fingerprint is unchanged.
              this.lastSessionsPayloadFingerprint = undefined;
              if (!this.hasInitializedWebview) {
                // Reply immediately so the webview stops retrying `ready` while
                // slower bootstrap tasks (models/sessions) are still loading.
                this.view?.webview.postMessage({
                  type: "initState",
                  serverStatus: this.serverManager.getStatus(),
                  selectedModel: this.selectedModel,
                  selectedAgent: this.selectedAgent,
                  serverVersion: this.serverManager.getVersion(),
                  currentSessionId: this.currentSessionId,
                  todoItems: this.loadPersistedTodos(this.currentSessionId).items,
                });
                this.hasInitializedWebview = true;
              }
    
              try {
                // Fetch models so they're available in the webview on startup.
                // We await this to ensure models are loaded before sending initState.
                // Network issues are handled gracefully inside handleGetModels with fallback models.
                const models = await this.modelAndAgentManager.handleGetModels();
                await this.modelAndAgentManager.reconcileSelectedModelSelection(models);
    
                // Sync default agent selection
                await this.syncCLIAgents();
    
                // Fetch and send full agents list to webview
                await this.modelAndAgentManager.handleGetAgents();
    
                // TEMPORARILY DISABLED: Fetch and send commands list for SkillsPanel
                // This is loading 700+ skills and causing massive delays
                // TODO: Re-enable after implementing proper pagination/lazy loading
                // void this.handleGetCommands().catch((error) => {
                //   this.logger.warn("Background commands loading failed during ready bootstrap", { err: error });
                // });
                this.logger.info("⚠️ [PERF] Command loading disabled temporarily (700+ skills bottleneck)");
    
                // Resolve the active session before sending initState so that
                // per-session settings (agent / model / thinking) are applied first.
                const currentSession =
                  await this.sessionService.getCurrentSession();
                if (currentSession) {
                  this.currentSessionId = currentSession.id;
                  await this.applySessionSettings(currentSession.id);
                }
    
                // Send refreshed init state reflecting the session-specific selections
                this.view?.webview.postMessage({
                  type: "initState",
                  serverStatus: this.serverManager.getStatus(),
                  selectedModel: this.selectedModel,
                  selectedAgent: this.selectedAgent,
                  serverVersion: this.serverManager.getVersion(),
                  currentSessionId: this.currentSessionId,
                });
    
                // Restore the session-specific thinking level (separate message type)
                const bootstrapThinkingLevel =
                  (currentSession
                    ? this.getSessionSettings(currentSession.id).thinkingLevel
                    : undefined) ??
                  this.context.globalState.get<string>("thinkingLevel");
                if (bootstrapThinkingLevel) {
                  this.view?.webview.postMessage({
                    type: "thinkingLevelUpdate",
                    level: bootstrapThinkingLevel,
                  });
                }
                // Fire-and-forget: fetch and broadcast current model capabilities on bootstrap (unconditional)
                void this.modelCapabilitiesService
                  .getCapabilities(
                    this.selectedModel?.providerID ?? "",
                    this.selectedModel?.modelID ?? "",
                  )
                  .then((capability) => {
                    this.view?.webview.postMessage({
                      type: "modelCapabilityUpdate",
                      capability: capability ?? null,
                    });
                  })
                  .catch(() => {
                    // Minimal failure tracking for bootstrap capability fetches
                    try {
                      this.capabilityFetchFailureCount = (this.capabilityFetchFailureCount || 0) + 1;
                      if (this.capabilityFetchFailureCount >= 3) {
                        vscode.window.showWarningMessage(
                          "Could not fetch model capabilities. Thinking level control may be unavailable.",
                        );
                        this.capabilityFetchFailureCount = 0;
                      }
                    } catch (e) {
                      // best-effort only
                    }
                  });
    
                // Send initial budget status
                this.sendBudgetInfo();
    
                // Fetch and send chat history and sessions list
                if (currentSession) {
                  this.subagentTracker.setActiveSession(currentSession.id);
                  const rawMessages = await this.sessionService.getMessages(
                    currentSession.id,
                  );
                  const messages = await this.processHistoryMessages(
                    rawMessages,
                    currentSession.id,
                  );
                  this.logHistoryRenderDiagnostics(
                    "webview.ready.current-session",
                    currentSession.id,
                    rawMessages,
                    messages,
                  );
                  this.view?.webview.postMessage({
                    type: "chatHistory",
                    messages: messages,
                  });
                  await this.sendPersistedCompactionViewState(currentSession.id);
                  const subagentSnapshotPayload =
                    await this.syncSubagentSnapshotForSession(
                      currentSession.id,
                      messages as any[],
                    );
                  this.view?.webview.postMessage({
                    type: "subagentSnapshot",
                    ...subagentSnapshotPayload,
                  });
                  this.sendQueueUpdate(currentSession.id);
                } else {
                  this.subagentTracker.resetForSession(null);
                  this.view?.webview.postMessage({
                    type: "subagentSnapshot",
                    ...this.subagentTracker.getSnapshotPayload(),
                  });
                }
    
                await this.handleGetSessions();
                this.refreshView();
    
                // Fetch live MCP and LSP server status from OpenCode SDK
                this.handleGetMcpStatus().catch(() => { });
                this.handleGetLspStatus().catch(() => { });
    
                // Send quota data or trigger initial fetch
                const quotaData = this.quotaService.cachedData;
                if (quotaData !== undefined) {
                  this.view?.webview.postMessage({
                    type: "quotaData",
                    data: quotaData,
                  });
                } else {
                  this.quotaService.refreshQuota().catch(() => { });
                }
                // Send initial theme data
                await this.sendThemeDataToWebview();
              } finally {
                this.isBootstrappingWebview = false;
              }
              break;
            }
            case "sendMessage":
            case "sendPrompt": {
              const correlationId = this.logger.startFeatureFlow('send-message', {
                hasFiles: message.files?.length > 0,
                hasImages: message.images?.length > 0,
                textLength: message.text?.length,
              });
    
              this.logger.info(`${LoggingCategories.UI_INTERACTION} User initiated message send`, {
                correlationId,
                hasFiles: message.files?.length > 0,
                hasImages: message.images?.length > 0,
                textLength: message.text?.length,
              });
    
              try {
                await this.schedulePromptDispatch("send-now", {
                  sessionId: message.sessionId,
                  text: message.text,
                  files: message.files,
                  contexts: message.contexts,
                  images: message.images,
                  agent: message.agent,
                });
                this.logger.endFeatureFlow(correlationId, { success: true });
              } catch (err) {
                this.logger.error(
                  `${LoggingCategories.UI_INTERACTION} Failed to send message`,
                  { correlationId, error: (err as Error).message }
                );
                this.logger.endFeatureFlow(correlationId, { success: false });
              }
              break;
            }
            case "persistAssistantMessage": {
              const sessionId = this.firstNonEmptyString(
                message.sessionId,
                this.currentSessionId,
              );
              if (!sessionId || !message.message) {
                break;
              }
              await this.sessionService.upsertMessage(sessionId, message.message);
              await this.persistSessionMessageOverride(sessionId, message.message);
              const snapshotFromMessage = this.buildSubagentPayloadFromMessage(
                message.message,
                sessionId,
              );
              if (snapshotFromMessage) {
                await this.persistSubagentLiveState(sessionId, snapshotFromMessage);
              }
              break;
            }
            case "interactiveResponse": {
              const choiceText =
                this.firstNonEmptyString(
                  message?.selection?.value,
                  message?.selection?.label,
                  message?.text,
                ) || "";
              if (!choiceText) {
                break;
              }
    
              // FIX: Send just the choice text, no special formatting
              const composedPrompt = choiceText;
              const userFacingText = this.firstNonEmptyString(
                message?.displayText,
                choiceText,
              );
    
              await this.dispatchInteractiveResponse({
                sessionId: message?.sessionId,
                text: composedPrompt,
                userFacingText,
                agent: message?.agent,
              });
              break;
            }
            case "batchInteractiveResponse": {
              const responses = message.responses as Array<{
                eventId: string;
                eventType: string;
                text: string;
                questionText?: string;
              }>;
              if (!responses || responses.length === 0) {
                break;
              }
    
              // Preserve question context in the prompt so model-side continuation
              // is grounded, while the webview controls user-facing rendering text.
              const composedPrompt = responses
                .map((resp, index) => {
                  const answer = this.firstNonEmptyString(resp.text) || "";
                  if (!answer) {
                    return "";
                  }
                  const question = this.firstNonEmptyString(resp.questionText) || "";
                  if (!question) {
                    return `Answer ${index + 1}: ${answer}`;
                  }
                  return `Question ${index + 1}: ${question}\nAnswer: ${answer}`;
                })
                .filter((value) => value.length > 0)
                .join("\n\n");
    
              if (!composedPrompt) {
                break;
              }
    
              const userFacingText = this.firstNonEmptyString(
                message?.displayText,
                composedPrompt,
              );
    
              await this.dispatchInteractiveResponse({
                sessionId: message?.sessionId,
                text: composedPrompt,
                userFacingText,
                agent: message?.agent,
              });
              break;
            }
            case "newSession":
            case "createSession": {
              const correlationId = this.logger.startFeatureFlow('create-session');
    
              this.logger.info(`${LoggingCategories.UI_INTERACTION} User creating new session`, {
                correlationId,
              });
    
              try {
                const createdSession = await this.sessionService.createNewSession();
                this.currentSessionId = createdSession.id;
                this.logger.info(`${LoggingCategories.UI_INTERACTION} New session created`, {
                  correlationId,
                  sessionId: createdSession.id,
                });
                this.logger.endFeatureFlow(correlationId, {
                  success: true,
                  sessionId: createdSession.id,
                });
    
                // Clear in-memory todo cache for the newly created session.
                this.clearSessionTodos();
                this.subagentTracker.resetForSession(createdSession.id);
                await this.clearPersistedSubagentSnapshot(createdSession.id);
                this.sendQueueUpdate(createdSession.id);
    
                // Always use "build" as the default agent for new sessions
                // This prevents new sessions from inheriting an agent that was
                // selected in a previous session (e.g., "Sisyphus (Ultraworker)")
                this.selectedAgent = "build";
                await this.persistSessionSettings(createdSession.id, {
                  agent: "build",
                });
    
                await this.handleGetSessions(); // Update list
                this.refreshView();
    
                // Clear webview messages
                this.view?.webview.postMessage({
                  type: "chatHistory",
                  messages: [],
                });
                this.view?.webview.postMessage({
                  type: "subagentSnapshot",
                  ...this.subagentTracker.getSnapshotPayload(),
                });
              } catch (error) {
                this.logger.error(
                  `${LoggingCategories.UI_INTERACTION} Failed to create session`,
                  { correlationId, error: (error as Error).message }
                );
                this.logger.endFeatureFlow(correlationId, { success: false });
              }
              break;
            }
            case "viewPlan": {
              this.logger.logUIInteraction('ChatView', 'view-plan', message.plan, {
                planFile: message.plan,
              });
    
              this.logger.info(`${LoggingCategories.UI_INTERACTION} User viewing plan`, {
                planFile: message.plan,
              });
    
              if (message.plan) {
                await this.handleViewPlan(message.plan);
              }
              break;
            }
            case "openDiff": {
              this.handleOpenDiff(message.file);
              break;
            }
            case "openFile": {
              await this.handleOpenFile(message.file);
              break;
            }
            case "reviewChanges": {
              this.handleReviewChanges();
              break;
            }
            case "searchFiles":
            case "getMentions": {
              await this.handleSearchFiles(message.query);
              break;
            }
            case "getOpenCodeConfig": {
              await this.handleGetOpenCodeConfig(message.fileName);
              break;
            }
            case "saveOpenCodeConfig": {
              await this.handleSaveOpenCodeConfig(message.content, message.filePath);
              break;
            }
            case "selectModel":
            case "setModel": {
              // Normalize incoming model to always include providerName.
              const incoming =
                message.model || {
                  providerID: message.providerID,
                  modelID: message.modelID,
                } ||
                {};
              if (!incoming.providerID || !incoming.modelID) {
                this.logger.warn("Ignoring invalid model selection payload; providerID and modelID are required.", { incoming });
                break;
              }
              let providerName: string | undefined = incoming.providerName;
              if (!providerName) {
                // Try to resolve from cached models if available
                const found = this.availableModels?.find(
                  (m) =>
                    m.providerID === incoming.providerID &&
                    m.modelID === incoming.modelID,
                );
                providerName = found?.providerName || incoming.providerID;
              }
    
              this.selectedModel = {
                providerID: incoming.providerID,
                modelID: incoming.modelID,
                providerName,
              };
    
              // Persist selection
              await this.context.globalState.update(
                "selectedModel",
                this.selectedModel,
              );
              if (this.currentSessionId) {
                await this.persistSessionSettings(this.currentSessionId, {
                  providerID: this.selectedModel?.providerID,
                  modelID: this.selectedModel?.modelID,
                });
              }
              this.logger.info("Persisted model selection", {
                modelID: this.selectedModel.modelID,
                providerName: this.selectedModel.providerName,
              });
    
              // Fetch and broadcast model capabilities (fire-and-forget).
              void this.modelCapabilitiesService
                .getCapabilities(
                  this.selectedModel.providerID,
                  this.selectedModel.modelID,
                )
                .then(async (capability) => {
                  this.capabilityFetchFailureCount = 0;
                  // Broadcast capability update (preserve existing behaviour)
                  this.view?.webview.postMessage({
                    type: "modelCapabilityUpdate",
                    capability: capability ?? null,
                  });
    
                  // Check for stale persisted thinking level and clear if it's no
                  // longer supported by the newly selected model.
                  try {
                    const persistedLevel =
                      (this.currentSessionId
                        ? this.getSessionSettings(this.currentSessionId).thinkingLevel
                        : undefined) ?? this.context.globalState.get<string>("thinkingLevel");
    
                    const newVariants = capability?.variants;
                    const isStale =
                      persistedLevel &&
                      (!Array.isArray(newVariants) || newVariants.length === 0 || !newVariants.includes(persistedLevel));
    
                    if (isStale) {
                      this.logger.warn("Clearing stale thinking level on model switch", {
                        staleLevel: persistedLevel,
                        newVariants,
                        modelID: this.selectedModel?.modelID,
                      });
    
                      // Clear from globalState
                      await this.context.globalState.update("thinkingLevel", undefined);
    
                      // Clear from session settings if applicable
                      if (this.currentSessionId) {
                        await this.persistSessionSettings(this.currentSessionId, {
                          thinkingLevel: undefined,
                        });
                      }
    
                      // Notify webview to reset its displayed thinking level
                      this.view?.webview.postMessage({
                        type: "thinkingLevelUpdate",
                        level: "",
                      });
                    }
                  } catch (err) {
                    // Best-effort only — log and continue
                    this.logger.warn("Error while checking/clearing stale thinking level", { err });
                  }
                })
                .catch((err) => {
                  this.logger.warn(
                    "Failed to fetch model capabilities on model switch",
                    { err },
                  );
                  this.view?.webview.postMessage({
                    type: "modelCapabilityUpdate",
                    capability: null,
                  });
                  try {
                    this.capabilityFetchFailureCount = (this.capabilityFetchFailureCount || 0) + 1;
                    if (this.capabilityFetchFailureCount >= 3) {
                      vscode.window.showWarningMessage(
                        "Could not fetch model capabilities. Thinking level control may be unavailable.",
                      );
                      this.capabilityFetchFailureCount = 0;
                    }
                  } catch (_) {
                    // best-effort only
                  }
                });
              break;
            }
            case "selectAgent":
            case "setAgent": {
              const oldAgent = this.selectedAgent;
              this.selectedAgent = message.agent;
    
              this.logger.logStateChange(
                'selected-agent',
                oldAgent,
                message.agent,
                'user-selection'
              );
    
              this.logger.info(`${LoggingCategories.UI_INTERACTION} User selected agent`, {
                fromAgent: oldAgent,
                toAgent: message.agent,
              });
    
              if (this.currentSessionId) {
                await this.persistSessionSettings(this.currentSessionId, {
                  agent: message.agent,
                });
              }
              break;
            }
            case "getAgents": {
              this.handleGetAgents();
              break;
            }
            case "getCommands": {
              this.logger.info('[onDidReceiveMessage] Received getCommands message');
              await this.handleGetCommands();
              break;
            }
            case "getModels": {
              await this.handleGetModels();
              break;
            }
            case "getSessions": {
              await this.handleGetSessions();
              break;
            }
            case "loadSession":
            case "openSession":
            case "switchSession": {
              const correlationId = this.logger.startFeatureFlow('switch-session', {
                targetSessionId: message.sessionId,
              });
    
              this.logger.info(`${LoggingCategories.UI_INTERACTION} User switching session`, {
                correlationId,
                fromSessionId: this.currentSessionId,
                toSessionId: message.sessionId,
              });
    
              try {
                await this.handleLoadSession(message.sessionId);
                this.logger.endFeatureFlow(correlationId, { success: true });
              } catch (error) {
                this.logger.error(
                  `${LoggingCategories.UI_INTERACTION} Failed to switch session`,
                  { correlationId, fromSessionId: this.currentSessionId, toSessionId: message.sessionId, error: (error as Error).message }
                );
                this.logger.endFeatureFlow(correlationId, { success: false });
              }
              break;
            }
            case "deleteSession": {
              await this.handleDeleteSession(message.sessionId);
              break;
            }
            case "renameSession": {
              await this.handleRenameSession(message.sessionId, message.newTitle);
              break;
            }
            case "stopRequest": {
              await this.handleStopRequest(message.sessionId);
              break;
            }
            case "compactSession": {
              await this.handleCompactSession(
                message.sessionId,
                this.normalizeCompactionBaselineStats(message.baselineStats),
              );
              break;
            }
            case "setCompactionViewState": {
              await this.handleSetCompactionViewState(message);
              break;
            }
            case "addToQueue": {
              await this.schedulePromptDispatch("queue", {
                sessionId: message.sessionId,
                text: message.text,
                files: message.files,
                contexts: message.contexts,
                images: message.images,
                agent: message.agent,
              });
              break;
            }
            case "steerMessage": {
              await this.schedulePromptDispatch("steer", {
                sessionId: message.sessionId,
                text: message.text,
                files: message.files,
                contexts: message.contexts,
                images: message.images,
                agent: message.agent,
              });
              break;
            }
            case "sendQueuedItemNow": {
              await this.handleDispatchQueuedItem(
                "send-now",
                message.sessionId,
                message.id,
                message.index,
              );
              break;
            }
            case "steerQueuedItem": {
              await this.handleDispatchQueuedItem(
                "steer",
                message.sessionId,
                message.id,
                message.index,
              );
              break;
            }
            case "attachFiles": {
              await this.handleAttachFiles();
              break;
            }
            case "attachImage": {
              await this.handleAttachImage();
              break;
            }
            case "removeFromQueue": {
              await this.handleRemoveFromQueue(
                message.sessionId,
                message.id,
                message.index,
              );
              break;
            }
            case "clearQueue": {
              await this.handleClearQueue(message.sessionId);
              break;
            }
            case "executeQueue": {
              await this.handleExecuteQueue(message.sessionId);
              break;
            }
            case "log": {
              const { level, message: logMsg, category, context } = message;
              const prefix = category ? `[${category}]` : "[WebView]";
              try {
                const levelStr = (level || "info").toLowerCase();
                const msgStr =
                  typeof logMsg === "string"
                    ? logMsg.length > 2000
                      ? `${logMsg.slice(0, 2000)}...[truncated ${logMsg.length - 2000} chars]`
                      : logMsg
                    : JSON.stringify(logMsg);
                const ctx = { ...(context || {}), source: prefix };
                switch (levelStr) {
                  case "error":
                    this.logger.error(msgStr, ctx as Record<string, unknown>);
                    break;
                  case "warn":
                    this.logger.warn(msgStr, ctx as Record<string, unknown>);
                    break;
                  case "debug":
                    this.logger.debug(msgStr, ctx as Record<string, unknown>);
                    break;
                  case "info":
                  default:
                    this.logger.info(msgStr, ctx as Record<string, unknown>);
                    break;
                }
              } catch (err) {
                // If logging from webview fails, don't let it crash the provider
                this.logger.warn("Failed to forward webview log message", { err });
              }
              break;
            }
            case "refreshQuota": {
              await this.quotaService.refreshQuota();
              break;
            }
            case "setThinkingLevel": {
              const level = message.level as string | undefined;
              if (level) {
                await this.context.globalState.update("thinkingLevel", level);
                if (this.currentSessionId) {
                  await this.persistSessionSettings(this.currentSessionId, {
                    thinkingLevel: level,
                  });
                }
                this.logger.info("Thinking level set", { level });
                // NOTE: The webview handler only listens for 'thinkingLevelUpdate' (not 'thinkingLevelSet')
                this.view?.webview.postMessage({
                  type: "thinkingLevelUpdate",
                  level,
                });
              }
              break;
            }
            case "toggleMode": {
              const correlationId = this.logger.startFeatureFlow('toggle-mode', {
                fromMode: this.currentMode,
                toMode: message.mode,
              });
    
              this.logger.info('User toggled chat mode', {
                correlationId,
                fromMode: this.currentMode,
                toMode: message.mode,
              });
    
              try {
                await this.handleToggleMode(message.mode);
                this.logger.endFeatureFlow(correlationId, { success: true });
              } catch (error) {
                this.logger.error('Failed to toggle mode', {
                  correlationId,
                  error: (error as Error).message,
                });
                this.logger.endFeatureFlow(correlationId, { success: false });
              }
              break;
            }
            case "addAttachment": {
              const attachment = message.attachment;
              if (!attachment) break;
              const existing = (this.context.globalState.get<any[]>(
                "pendingAttachments",
              ) || []) as any[];
              existing.push(attachment);
              await this.context.globalState.update("pendingAttachments", existing);
              this.view?.webview.postMessage({
                type: "attachmentAdded",
                attachmentId: attachment.id,
              });
              break;
            }
            case "retryLastMessage": {
              const retrySessionId = this.currentSessionId;
              if (this.lastSendMessageArgs && retrySessionId && !this.processingSessionIds.has(retrySessionId)) {
                const retryWithoutStructuredOutput =
                  message.retryWithoutStructuredOutput === true;
                if (this.currentSessionId) {
                  try {
                    const rawMessages = await this.sessionService.getMessages(
                      this.currentSessionId,
                    );
                    const messages = await this.processHistoryMessages(
                      rawMessages,
                      this.currentSessionId,
                    );
                    this.logHistoryRenderDiagnostics(
                      "retryLastMessage.reload",
                      this.currentSessionId,
                      rawMessages,
                      messages,
                    );
                    this.view?.webview.postMessage({
                      type: "chatHistory",
                      sessionId: this.currentSessionId,
                      messages: messages,
                    });
                  } catch (err) {
                    this.logger.error("Failed to load messages for retry", { err });
                  }
                }
                await this.handleSendMessage(
                  this.lastSendMessageArgs.text,
                  this.lastSendMessageArgs.files,
                  this.lastSendMessageArgs.contexts,
                  this.lastSendMessageArgs.images,
                  this.lastSendMessageArgs.agent,
                  true,
                  undefined,
                  retryWithoutStructuredOutput,
                );
              }
              break;
            }
            case "clearAttachments": {
              await this.context.globalState.update("pendingAttachments", []);
              this.view?.webview.postMessage({ type: "attachmentsCleared" });
              break;
            }
            case "getMcpStatus": {
              this.handleGetMcpStatus().catch((err) =>
                log.error(
                  "handleGetMcpStatus error",
                  {},
                  err instanceof Error ? err : undefined,
                ),
              );
              break;
            }
            case "getLspStatus": {
              this.handleGetLspStatus().catch((err) =>
                log.error(
                  "handleGetLspStatus error",
                  {},
                  err instanceof Error ? err : undefined,
                ),
              );
              break;
            }
            case "getConfigFilesList": {
              try {
                const response = await vscode.commands.executeCommand<{
                  success: boolean;
                  error?: string;
                  files: ConfigFile[];
                }>('opencode.getConfigFiles');
    
                this.view?.webview.postMessage({
                  type: 'configFilesList',
                  success: response.success,
                  error: response.error,
                  files: response.files ?? []
                });
              } catch (err) {
                log.error(
                  "getConfigFilesList error",
                  {},
                  err instanceof Error ? err : undefined,
                );
                this.view?.webview.postMessage({
                  type: 'configFilesList',
                  success: false,
                  error: err instanceof Error ? err.message : 'Unknown error',
                  files: []
                });
              }
              break;
            }
            case "saveConfigFile": {
              try {
                // Input validation
                if (!message.filePath || typeof message.filePath !== 'string') {
                  throw new Error('Invalid or missing filePath');
                }
                if (!message.content || typeof message.content !== 'string') {
                  throw new Error('Invalid or missing content');
                }
    
                const saveResult = await vscode.commands.executeCommand<{
                  success: boolean;
                  error?: string;
                }>(
                  'opencode.saveConfigFile',
                  message.filePath,
                  message.content
                );
    
                // Null check for saveResult
                if (!saveResult) {
                  throw new Error('No response from saveConfigFile command');
                }
    
                this.view?.webview.postMessage({
                  type: 'configFileSaved',
                  success: saveResult?.success ?? false,
                  error: saveResult?.error
                });
              } catch (err) {
                log.error(
                  "saveConfigFile error",
                  {},
                  err instanceof Error ? err : undefined,
                );
                this.view?.webview.postMessage({
                  type: 'configFileSaved',
                  success: false,
                  error: err instanceof Error ? err.message : 'Unknown error'
                });
              }
              break;
            }
            case "planProceed": {
              const payload = message.payload;
              await this.context.globalState.update(
                "lastPlanProceed",
                payload || null,
              );
              this.logger.debug("planProceed received");
              this.view?.webview.postMessage({
                type: "planProceedAck",
                payload: { received: true },
              });
              break;
            }
            // Skill installer message routing
            case "getMySkills":
            case "installSkill":
            case "removeSkill":
            case "editSkill":
            case "validateSkill":
              await this.handleSkillMessage(message);
              break;
            default: {
              this.logger.debug(`${LoggingCategories.UI_INTERACTION} Unhandled message type`, {
                messageType: type,
              });
            }
          }
        });
    
        // Subscribe to stream events
        this.unsubscribe = this.streamService.subscribe(async (event) => {
          // Log stream events for debugging
          const eventRec = event as Record<string, unknown>;
          const eventType = eventRec?.type || "unknown";
          const structuredRec = eventRec?.structured as Record<string, unknown> | undefined;
          const eventKind = structuredRec?.kind || "unknown";
          this.logger.debug(`📡 [STREAM] Event received: ${eventType} (kind: ${eventKind})`, {
            sessionId: this.extractEventSessionId(event),
            hasStructured: !!structuredRec,
          });
    
          const eventSessionId = this.extractEventSessionId(event);
          // Always run subagent tracking before any session-scoped early return so child
          // session events are captured regardless of which session is active in the UI.
          const subagentUpdate = this.subagentTracker.consumeStreamEvent(event);
          if (subagentUpdate) {
            this.view?.webview.postMessage({
              type: "subagentUpdate",
              ...subagentUpdate,
            });
            void this.subagentPersistence.persistSubagentUpdateSnapshot(
              subagentUpdate,
              this.currentSessionId,
              this.sessionService,
              (msg) => this.view?.webview.postMessage(msg)
            ).catch((persistError) => {
              this.logger.warn("Failed to persist subagent stream snapshot", { err: persistError });
            });
          }
    
          // We process all events for internal logic (tracking, persistence),
          // but drop early if the stream event belongs to a different active session.
          if (eventSessionId && this.currentSessionId && eventSessionId !== this.currentSessionId) {
            return;
          }
    
          // Track token usage from message.updated events
          if (event.type === "message.updated" && event.properties) {
            const info = (event.properties as any)?.info;
            if (info?.tokens && info?.modelID) {
              const tokens: TokenUsage = {
                input: info.tokens.input || 0,
                output: info.tokens.output || 0,
                reasoning: info.tokens.reasoning || 0,
                cacheRead: info.tokens.cache?.read || 0,
                cacheWrite: info.tokens.cache?.write || 0,
              };
              // Track only if there's actual token usage
              if (tokens.input > 0 || tokens.output > 0 || tokens.reasoning > 0) {
                this.geminiTokenTracker.recordUsage(info.modelID, tokens);
              }
            }
          }
    
          this.forwardCompactionStatusFromStreamEvent(event);
    
          // Forward events to webview
          const enrichedEvent = this.enrichStreamEvent(event);
          this.logStreamEventDiagnostics(event, enrichedEvent);
    
          if (this.hasBlockingInteractiveInStreamPayload(enrichedEvent)) {
            this.awaitingInteractiveAnswer = true;
          }
    
          // Clear flag when we receive actual content (not another question)
          // This indicates the model is processing and we're no longer just "awaiting"
          if (this.awaitingInteractiveAnswer) {
            const isAnotherQuestion = this.hasBlockingInteractiveInStreamPayload(enrichedEvent);
            const isActualContent = enrichedEvent.type &&
                                   enrichedEvent.type !== 'interactive_event' &&
                                   !isAnotherQuestion;
    
            if (isActualContent) {
              this.awaitingInteractiveAnswer = false;
            }
          }
    
          // Log stream event for debugging response types (with error handling)
          try {
            const structured = enrichedEvent?.structured || {};
            const responseContext: Record<string, unknown> = {
              eventType: event.type || "unknown",
              kind: structured?.kind || "unknown",
            };
    
            if (structured?.text) {
              responseContext.textLength = structured.text.length;
              responseContext.textPreview = structured.text.substring(0, 100);
            }
    
            if (structured?.responseType) {
              responseContext.responseType = structured.responseType;
            }
    
            if (enrichedEvent?.structuredOutput) {
              responseContext.hasStructuredOutput = true;
              responseContext.outputType =
                enrichedEvent.structuredOutput.responseType;
            }
    
            this.logger.aiStreamEvent(
              "stream", // sessionId - using placeholder since stream events don't have a sessionId
              structured?.kind || "unknown", // eventType
              responseContext, // context
            );
          } catch (error) {
            // Silently ignore logging errors to prevent stream interruption
            this.logger.warn("Failed to log stream event", { err: error });
          }
    
          // Forward todo_update stream events as todoUpdate postMessage to webview
          if (enrichedEvent?.structuredOutput?.responseType === "todo_update") {
            const structured = enrichedEvent.structuredOutput as Record<string, unknown>;
            const todoItems = Array.isArray(structured.todoItems)
              ? structured.todoItems
              : [];
    
            // **Performance Optimization:** Batch all todo updates into a single postMessage
            // Previously sent individual postMessage for each item (could be 10+ messages)
            // Now sends single batch message with all updates
            const updates: Array<{ id: string; text: string; status: string; sessionId?: string }> = [];
    
            for (const rawItem of todoItems) {
              if (typeof rawItem !== "object" || rawItem === null) {
                continue;
              }
    
              const item = rawItem as Record<string, unknown>;
              const id = typeof item.id === "string" ? item.id : "";
              const text = typeof item.text === "string" ? item.text : "";
              const status = typeof item.status === "string" ? item.status : "";
              const sessionId =
                typeof item.sessionId === "string" ? item.sessionId : undefined;
    
              if (!id || !text || !status) {
                continue;
              }
    
              updates.push({
                id,
                text,
                status,
                ...(sessionId ? { sessionId } : {}),
              });
            }
    
            // Send batched updates as single postMessage (reduces IPC overhead)
            if (updates.length > 0) {
              this.view?.webview.postMessage({
                type: "todoUpdate",
                action: "batch",
                items: updates,
              });
            }
    
            // **Performance Optimization:** Debounce todo persistence
            // Previously persisted on every todo_update event during streaming
            // Now debounced with 1-second delay (reduces state writes by 80-90%)
            const targetPersistSessionId = eventSessionId || this.currentSessionId;
            if (targetPersistSessionId && updates.length > 0) {
              this.scheduleTodoPersistence(targetPersistSessionId, todoItems);
            }
          }
    
          // Stamp the active session ID onto every event so the webview can always
          // perform a reliable session-scoped filter even when the raw event payload
          // does not carry a sessionId field.
          this.view?.webview.postMessage({
            type: "streamEvent",
            event: { ...enrichedEvent, sessionId: this.currentSessionId },
          });
          if (this.shouldVerboseStreamDebug()) {
            this.logger.debug("streamEvent forwarded", {
              type: (enrichedEvent as any)?.type || event.type,
              kind: (enrichedEvent as any)?.structured?.kind || "unknown",
            });
          }
    
          // If this is a step-finish or tool completion for an edit, calculate diff stats asynchronously
          // Fire-and-forget follow-up message so we don't block the stream rendering
          if (enrichedEvent?.structured?.kind === "progress") {
            const props = (event.properties || {}) as any;
            const part = props.part || {};
            const partType = (part.type || "").toLowerCase();
    
            // Check if it's a tool that modified a file or a step-finish for an edit
            const isToolDone = partType === "tool" && part.state?.status === "done";
            const isStepFinish = partType === "step-finish";
    
            if (isToolDone || isStepFinish) {
              const toolName = (part.tool || "").toLowerCase();
              const filePath =
                part.state?.input?.file || part.state?.input?.path || part.filePath;
    
              if (
                filePath &&
                (toolName.includes("write") ||
                  toolName.includes("replace") ||
                  toolName.includes("edit") ||
                  isStepFinish)
              ) {
                const callID =
                  part.callId ||
                  part.callID ||
                  enrichedEvent?.structured?.callID ||
                  enrichedEvent.id;
                if (callID) {
                  const toolNameRaw =
                    typeof part.tool === "string" ? part.tool : undefined;
                  const partInput = part.state?.input ?? {};
                  const commandHint =
                    (typeof partInput.CommandLine === "string" && partInput.CommandLine) ||
                    (typeof partInput.command === "string" && partInput.command) ||
                    undefined;
                  const queryHint =
                    (typeof partInput.Query === "string" && partInput.Query) ||
                    (typeof partInput.query === "string" && partInput.query) ||
                    (typeof partInput.Pattern === "string" && partInput.Pattern) ||
                    (typeof partInput.pattern === "string" && partInput.pattern) ||
                    undefined;
                  this.getDiffActivityEnrichment(filePath)
                    .then((enrichment) => {
                      if (enrichment && this.view) {
                        this.view.webview.postMessage({
                          type: "streamEventEnrich",
                          callID,
                          diffStats: enrichment.diffStats,
                          activityDetail: {
                            kind: "file_edit",
                            tool: toolNameRaw,
                            command: commandHint,
                            query: queryHint,
                            file: filePath,
                            diffExcerpt: enrichment.diffExcerpt,
                          },
                        });
                      }
                    })
                    .catch((err) => {
                      this.logger.error("Failed to get diff stats async", { err });
                    });
                }
              }
            }
          }
        });
    
        webviewView.webview.html = this.getHtmlContent(webviewView.webview);
    
        // Subscribe to status changes
        const statusSubscription = this.serverManager.onStatusChange((status) => {
          this.view?.webview.postMessage({
            type: "statusUpdate",
            status: status,
          });
        });
    
        // Cleanup on dispose
        webviewView.onDidDispose(() => {
          if (this.unsubscribe) {
            this.unsubscribe();
            this.unsubscribe = undefined;
          }
          this.isBootstrappingWebview = false;
          this.hasInitializedWebview = false;
          this.sessionsListRequestVersion = 0;
          this.lastSessionsPayloadFingerprint = undefined;
          statusSubscription.dispose();
          this.quotaService.dispose();
          // Don't dispose the singleton tracker - it's shared
          this.view = undefined;
        });
      }
    
      /**
       * Handles getting the sessions list
       */
      /**
       * Notifies the webview of the current set of processing session IDs.
       */
      /**
       * Handles switching to a specific session
       */
      /**
       * Handles deleting a session
       */
      /**
       * Handles renaming a session.
       *
       * Updates the session title on the server and refreshes the session list.
       *
       * @param sessionId - The ID of the session to rename
       * @param newTitle - The new title for the session
       */
      /**
       * Processes raw history messages by applying structured outputs and enriching
       * plan metadata for rendering.
       */
      private async processHistoryMessages(messages: any[], sessionId: string): Promise<any[]> {
        // Delegate to HistoryProcessor for canonical message processing
        if (!this.historyProcessor) {
          this.logger.warn("HistoryProcessor not initialized, returning empty messages");
          return [];
        }
    
        if (!Array.isArray(messages) || messages.length === 0) {
          this.logger.warn('[processHistoryMessages] No messages to process', { sessionId, count: messages?.length });
          return [];
        }
    
        this.logger.info('[DEBUG] processHistoryMessages input:', { count: messages.length, sessionId });
    
        try {
          // Load any session overrides first
          const overriddenMessages = await this.historyProcessor.applySessionMessageOverrides(sessionId, messages);
    
          this.logger.info('[DEBUG] After applySessionMessageOverrides:', { count: overriddenMessages?.length || 0 });
    
          // Then process through the canonical pipeline
          const processed = this.historyProcessor.processHistoryMessages(overriddenMessages, sessionId);
    
          this.logger.info('[DEBUG] processHistoryMessages output:', { count: processed?.length || 0, sessionId });
    
          return processed || [];
        } catch (error) {
          this.logger.error('[ERROR] processHistoryMessages failed:', { error: error instanceof Error ? error.message : String(error), sessionId, stack: error instanceof Error ? error.stack : undefined });
          // Return original messages as fallback
          return messages;
        }
      }
    
      private isAssistantHistoryMessage(message: any): boolean {
        return (
          this.firstNonEmptyString(message?.role, message?.info?.role)?.toLowerCase() ===
          "assistant"
        );
      }
    
      private isInternalSystemReminderMessage(message: any): boolean {
        if (!message || typeof message !== "object") return false;
    
        const role = this.firstNonEmptyString(
          message?.role,
          message?.info?.role,
        )?.toLowerCase().trim();
        if (role !== "user" && role !== "system") return false;
    
        const text = this.extractMessageBodyText(message);
        if (!text) return false;
    
        const trimmed = text.trim();
        const lower = trimmed.toLowerCase();
    
        // Check for square-bracketed system messages at the start (e.g., [analyze-mode], [background task completed])
        const bracketPattern = /^\[[a-z][a-z0-9_\- ]*\]/i;
        const hasBracketPrefix = bracketPattern.test(trimmed);
    
        return (
          lower.includes("<system-reminder>") ||
          lower.includes("<auto-slash-command>") ||
          lower.includes("<!-- omo_internal_initiator -->") ||
          hasBracketPrefix ||
          (lower.includes("[search-model]") && lower.includes("maximize search effort")) ||
          lower.startsWith("system reminder") ||
          lower.startsWith("internal reminder") ||
          lower.includes("reminder: you can")
        );
      }
    
      private hasRenderableHistoryPayload(message: any): boolean {
        if (!message || typeof message !== "object") {
          return false;
        }
    
        // Don't filter out system reminder messages - they will be converted to system role
        // and rendered with the SystemMessage component
        if (this.isInternalSystemReminderMessage(message)) {
          return true;
        }
    
        const text = this.extractMessageBodyText(message).trim();
        if (text.length > 0) {
          return true;
        }
    
        if (Array.isArray(message.images) && message.images.length > 0) {
          return true;
        }
        if (Array.isArray(message.attachments) && message.attachments.length > 0) {
          return true;
        }
        if (Array.isArray(message.subagents) && message.subagents.length > 0) {
          return true;
        }
        if (
          Array.isArray(message.interactiveEvents) &&
          message.interactiveEvents.length > 0
        ) {
          return true;
        }
        if (
          Array.isArray(message.reasoningEvents) &&
          message.reasoningEvents.length > 0
        ) {
          return true;
        }
        if (
          Array.isArray(message.progressEvents) &&
          message.progressEvents.length > 0
        ) {
          return true;
        }
        if (Array.isArray(message.steps) && message.steps.length > 0) {
          return true;
        }
        if (Array.isArray(message.edits) && message.edits.length > 0) {
          return true;
        }
        if (
          typeof message.error === "string" &&
          message.error.trim().length > 0
        ) {
          return true;
        }
        if (message.plan && typeof message.plan === "object") {
          return true;
        }
    
        if (!Array.isArray(message.parts)) {
          return false;
        }
    
        const role = this.firstNonEmptyString(message?.role, message?.info?.role)
          ?.toLowerCase()
          .trim();
        if (role === "assistant" && message.parts.length > 0) {
          return true;
        }
    
        return message.parts.some((part: any) => {
          const rec = this.asRecord(part);
          if (!rec) {
            return false;
          }
          return (
            this.firstNonEmptyString(rec.filename)?.length ||
            this.firstNonEmptyString(this.asRecord(rec.source)?.path)?.length ||
            this.firstNonEmptyString(rec.url)?.length
          )
            ? true
            : false;
        });
      }
    
      private isRenderableHistoryMessage(message: any): boolean {
        const role = this.firstNonEmptyString(message?.role, message?.info?.role);
        const hasPayload = this.hasRenderableHistoryPayload(message);
        if (role === "user" || role === "assistant") {
          return hasPayload;
        }
        return hasPayload;
      }
    
      private extractHistoryMessageId(message: any): string | undefined {
        if (!message || typeof message !== "object") {
          return undefined;
        }
        return this.firstNonEmptyString(message.info?.id, message.id);
      }
    
      private historyMessageCreatedAt(message: any): number | undefined {
        const candidates = [
          message?.time?.created,
          message?.info?.time?.created,
          message?.createdAt,
          message?.info?.createdAt,
        ];
        for (const candidate of candidates) {
          if (typeof candidate === "number" && Number.isFinite(candidate)) {
            return candidate;
          }
        }
        return undefined;
      }
    
      private historyMessageFingerprint(message: any): string | undefined {
        const role = this.firstNonEmptyString(message?.role, message?.info?.role)
          ?.toLowerCase()
          .trim();
        const text = this.extractMessageBodyText(message)
          .toLowerCase()
          .replace(/\s+/g, " ")
          .trim();
        if (text.length > 0) {
          return `${role || "unknown"}|text:${text}`;
        }
    
        if (Array.isArray(message?.images) && message.images.length > 0) {
          const imageKey = message.images
            .map((image: any) => {
              if (typeof image === "string") {
                return image;
              }
              return this.firstNonEmptyString(
                image?.url,
                image?.dataUrl,
                image?.filename,
              );
            })
            .filter((value: string | undefined): value is string => Boolean(value))
            .join("|");
          if (imageKey) {
            return `${role || "unknown"}|images:${imageKey}`;
          }
        }
    
        if (Array.isArray(message?.parts) && message.parts.length > 0) {
          const attachmentKey = message.parts
            .map((part: any) => {
              const rec = this.asRecord(part);
              if (!rec) {
                return undefined;
              }
              return this.firstNonEmptyString(
                rec.filename,
                this.asRecord(rec.source)?.path,
                rec.url,
              );
            })
            .filter((value: string | undefined): value is string => Boolean(value))
            .join("|");
          if (attachmentKey) {
            return `${role || "unknown"}|attachments:${attachmentKey}`;
          }
        }
    
        return undefined;
      }
    
      private async sleep(ms: number): Promise<void> {
        await new Promise<void>((resolve) => {
          const scheduleDelay = Reflect.get(globalThis, "set" + "Timeout") as
            | ((callback: () => void, delay?: number) => unknown)
            | undefined;
          if (typeof scheduleDelay === "function") {
            scheduleDelay(resolve, ms);
            return;
          }
          resolve();
        });
      }
    
      private async tryRecoverTimedOutResponse(
        sessionId: string,
        baselineAssistantMarker?: AssistantHistoryMarker,
      ): Promise<boolean> {
        const pollDelaysMs = [500, 1000, 1800, 2800, 4000];
    
        for (const delayMs of pollDelaysMs) {
          await this.sleep(delayMs);
          const rawMessages = await this.sessionService.getMessages(sessionId);
          const latestAssistantMarker =
            this.getLatestAssistantHistoryMarker(rawMessages);
          if (
            !this.hasAssistantHistoryAdvanced(
              latestAssistantMarker,
              baselineAssistantMarker,
            )
          ) {
            continue;
          }
    
          const processedMessages = await this.processHistoryMessages(
            rawMessages,
            sessionId,
          );
          this.logHistoryRenderDiagnostics(
            "timeout-recovery",
            sessionId,
            rawMessages,
            processedMessages,
          );
          this.view?.webview.postMessage({
            type: "chatHistory",
            sessionId,
            messages: processedMessages,
          });
          try {
            await this.sendPersistedCompactionViewState(sessionId);
          } catch {
            // best effort only
          }
          return true;
        }
    
        return false;
      }
    
      private getWorkspaceDirectory(): string | undefined {
        const workspaceFolder = vscode.workspace.workspaceFolders?.[0];
        if (!workspaceFolder || workspaceFolder.uri.scheme !== "file") {
          return undefined;
        }
        return workspaceFolder.uri.fsPath.replace(/\\/g, "/").replace(/\/+$/, "");
      }
    
      private isStructuredFormatUnsupportedError(error: unknown): boolean {
        const text = JSON.stringify(error || "").toLowerCase();
        const mentionsFormat =
          text.includes("outputformat") ||
          text.includes("output_format") ||
          text.includes('"format"') ||
          text.includes("format:");
        const mentionsUnsupported =
          text.includes("unknown") ||
          text.includes("unsupported") ||
          text.includes("unexpected") ||
          text.includes("invalid");
        return mentionsFormat && mentionsUnsupported;
      }
    
      /**
       * Get the configured request timeout from VSCode settings
       * @returns Timeout in milliseconds (default: 120000 = 2 minutes)
       */
      private getRequestTimeout(): number {
        const config = vscode.workspace.getConfiguration('opencode');
        const timeout = config.get<number>('requestTimeout', 120000);
    
        // Validate timeout is reasonable (between 10s and 10 minutes)
        if (timeout < 10000 || timeout > 600000) {
          this.logger.warn(`Invalid requestTimeout configured: ${timeout}ms, using default 120000ms`);
          return 120000;
        }
    
        return timeout;
      }
    
      /**
       * Calculate timeout based on query complexity
       * @param baseTimeout - Base timeout from configuration
       * @param hasFiles - Whether the query includes file attachments
       * @param hasContexts - Whether the query includes context attachments
       * @param hasImages - Whether the query includes image attachments
       * @returns Adjusted timeout in milliseconds
       */
      private calculateTimeoutForQuery(
        baseTimeout: number,
        hasFiles: boolean,
        hasContexts: boolean,
        hasImages: boolean,
      ): number {
        const config = vscode.workspace.getConfiguration('opencode');
        const multiplier = config.get<number>('complexQueryMultiplier', 1.5);
    
        // Calculate complexity score
        const complexityScore = (hasFiles ? 1 : 0) + (hasContexts ? 1 : 0) + (hasImages ? 1 : 0);
    
        // Apply multiplier for complex queries
        if (complexityScore >= 2) {
          const adjustedTimeout = Math.floor(baseTimeout * multiplier);
          this.logger.debug(`Using extended timeout for complex query: ${adjustedTimeout}ms (base: ${baseTimeout}ms, complexity: ${complexityScore})`);
          return adjustedTimeout;
        }
    
        return baseTimeout;
      }
    
      // PROMPT-OWNERSHIP: do not modify — transport-only path
      private async promptWithStructuredOutput(
        client: any,
        sessionID: string,
        body: NonNullable<SessionPromptData["body"]>,
        useStructuredOutput = true,
        options?: {
          hasFiles?: boolean;
          hasContexts?: boolean;
          hasImages?: boolean;
        },
      ) {
        const workspaceDirectory = this.getWorkspaceDirectory();
    
        // Calculate timeout based on query complexity
        const baseTimeout = this.getRequestTimeout();
        const timeout = this.calculateTimeoutForQuery(
          baseTimeout,
          options?.hasFiles ?? false,
          options?.hasContexts ?? false,
          options?.hasImages ?? false,
        );
    
        const callPrompt = (requestBody: Record<string, unknown>) => {
          const sdkStartTime = Date.now();
          this.logger.debug("Initiating SDK prompt call", {
            sessionID,
            timeout,
            useStructuredOutput,
            hasFiles: options?.hasFiles,
            hasContexts: options?.hasContexts,
            hasImages: options?.hasImages,
          });
    
          const promise = client.session.prompt({
            path: { id: sessionID },
            query: workspaceDirectory ? { directory: workspaceDirectory } : undefined,
            body: requestBody as SessionPromptData["body"],
            timeout,  // Explicit timeout configuration
          });
    
          // Add timing tracking
          promise.then((result: { error?: unknown; data?: unknown }) => {
            const sdkDuration = Date.now() - sdkStartTime;
            this.logger.performance(`SDK prompt call completed`, sdkDuration, {
              sessionID,
              hasError: Boolean(result.error),
              hasData: Boolean(result.data),
              timeout,
            });
          }).catch((error: Error) => {
            const sdkDuration = Date.now() - sdkStartTime;
            this.logger.error(`SDK prompt call failed after ${sdkDuration}ms`, {
              sessionID,
              timeout,
              error: error.message,
            });
          });
    
          return promise;
        };
    
        const schema = this.getStructuredOutputFormat();
    
        if (!useStructuredOutput || this.structuredOutputMode === "disabled") {
          return callPrompt(body as Record<string, unknown>);
        }
    
        const withSchema = (
          mode: "format" | "outputFormat",
        ): Record<string, unknown> => ({
          ...(body as Record<string, unknown>),
          [mode]: schema,
        });
    
        const primaryMode: "format" | "outputFormat" =
          this.structuredOutputMode === "outputFormat"
            ? "outputFormat"
            : "format";
    
        // Try structured output with 1 retry (handled by API internally via retryCount)
        const attempt = await callPrompt(withSchema(primaryMode));
        if (!attempt.error) {
          return attempt;
        }
    
        // If structured output failed, immediately fall back to plain text
        if (this.isStructuredFormatUnsupportedError(attempt.error)) {
          this.structuredOutputMode = "disabled";
          log.warn(
            "Structured output failed with this model. Falling back to plain text.",
          );
          return callPrompt(body as Record<string, unknown>);
        }
    
        // Return other errors as-is
        return attempt;
      }
    
      private asRecord(value: unknown): Record<string, unknown> | undefined {
        return typeof value === "object" && value !== null
          ? (value as Record<string, unknown>)
          : undefined;
      }
    
      /**
       * Extracts the session ID from an SSE event by checking all locations where
       * the OpenCode server may embed it (properties, part, info sub-objects).
       */
      private extractEventSessionId(event: unknown): string | undefined {
        const ev = this.asRecord(event);
        if (!ev) return undefined;
        const props = this.asRecord(ev.properties) ?? {};
        const part = this.asRecord(props.part) ?? {};
        const info = this.asRecord(props.info) ?? {};
        return (
          (typeof props.sessionID === 'string' && props.sessionID) ||
          (typeof props.sessionId === 'string' && props.sessionId) ||
          (typeof part.sessionID === 'string' && part.sessionID) ||
          (typeof part.sessionId === 'string' && part.sessionId) ||
          (typeof info.sessionID === 'string' && info.sessionID) ||
          (typeof info.sessionId === 'string' && info.sessionId) ||
          undefined
        );
      }
    
      private firstNonEmptyString(...values: unknown[]): string | undefined {
        for (const value of values) {
          if (typeof value === "string" && value.trim()) {
            return value.trim();
          }
        }
        return undefined;
      }
    
      private isLikelyToolCallTranscript(text: string): boolean {
        const normalized = text.trim().toLowerCase();
        if (!normalized) {
          return false;
        }
        return (
          normalized.includes("<tool_call>") ||
          normalized.includes("</tool_call>") ||
          normalized.includes("<arg_key>") ||
          normalized.includes("</arg_key>") ||
          normalized.includes("<arg_value>") ||
          normalized.includes("</arg_value>")
        );
      }
    
      private normalizeErrorCandidate(value: unknown): string | undefined {
        if (typeof value !== "string") {
          return undefined;
        }
        const trimmed = value.trim();
        return trimmed.length > 0 ? trimmed : undefined;
      }
    
      private shouldVerboseStreamDebug(): boolean {
        const level = vscode.workspace
          .getConfiguration("opencode.logging")
          .get<string>("level", "info");
        return typeof level === "string" && level.toLowerCase() === "debug";
      }
    
      private isLikelyInteractiveAwaitTimeoutError(message: string): boolean {
        const normalized = message.trim().toLowerCase();
        if (!normalized || !normalized.includes("timeout")) {
          return false;
        }
        return (
          normalized.includes("headers timeout") ||
          normalized.includes("header timeout") ||
          normalized.includes("und_err_headers_timeout") ||
          normalized.includes("request timed out") ||
          normalized.includes("response timeout") ||
          normalized.includes("body timeout")
        );
      }
    
      private shouldSuppressInteractiveAwaitTimeout(message: string): boolean {
        if (!this.isLikelyInteractiveAwaitTimeoutError(message)) {
          return false;
        }
        return this.awaitingInteractiveAnswer || this.isInInteractiveResponseTransition();
      }
    
      private isInInteractiveResponseTransition(): boolean {
        return Date.now() <= this.interactiveResponseTransitionUntil;
      }
    
      private isGenericErrorMessage(message: string): boolean {
        const normalized = message.trim().toLowerCase();
        return (
          normalized === "fetch failed" ||
          normalized === "failed to fetch" ||
          normalized === "request failed" ||
          normalized === "network error" ||
          normalized === "network request failed" ||
          normalized === "unknown error"
        );
      }
    
      private isStructuredOutputTransportError(message: string): boolean {
        const normalized = message.trim().toLowerCase();
        if (!normalized) {
          return false;
        }
        return (
          normalized.includes("structuredoutput") ||
          normalized.includes("structured output") ||
          normalized.includes("json_schema") ||
          normalized.includes("invalid schema for function") ||
          normalized.includes("invalid_function_parameters")
        );
      }
    
      private isStructuredOutputFailureMessage(message: string): boolean {
        const normalized = message.trim().toLowerCase();
        if (!normalized) {
          return false;
        }
        return (
          this.isStructuredOutputTransportError(normalized) ||
          normalized.includes("empty structured payload") ||
          normalized.includes("valid structured response") ||
          normalized.includes("couldn't produce a valid structured response")
        );
      }
    
      private isLikelyInteractiveTransportFailure(message: string): boolean {
        return (
          this.isLikelyInteractiveAwaitTimeoutError(message) ||
          this.isGenericErrorMessage(message)
        );
      }
    
      private hasBlockingInteractiveInStreamPayload(event: unknown): boolean {
        const eventRec = this.asRecord(event);
        if (!eventRec) {
          return false;
        }
        const isBlockingType = (value: unknown): boolean => {
          const type = this.firstNonEmptyString(value)?.toLowerCase();
          return (
            type === "question" ||
            type === "confirm" ||
            type === "quick_actions" ||
            type === "quick-actions" ||
            type === "interactive"
          );
        };
    
        const structured = this.asRecord(eventRec.structuredOutput);
        if (structured) {
          if (isBlockingType(structured.responseType)) {
            return true;
          }
    
          const interactiveEvents = Array.isArray(structured.interactiveEvents)
            ? structured.interactiveEvents
            : [];
          if (interactiveEvents.length > 0) {
            const hasBlockingInteractive = interactiveEvents.some((item) => {
              const rec = this.asRecord(item);
              if (!rec) return false;
              return isBlockingType(rec.type) || isBlockingType(rec.kind);
            });
            if (hasBlockingInteractive) {
              return true;
            }
          }
    
          const question = this.asRecord(structured.question);
          if (question && (!question.type || isBlockingType(question.type))) {
            return true;
          }
        }
    
        // Tool-question path: some providers emit interactive prompts through
        // tool parts (question/request_user_input) instead of top-level structuredOutput.
        const properties = this.asRecord(eventRec.properties) || {};
        const part = this.asRecord(properties.part) || this.asRecord(eventRec.part);
        if (!part) {
          return false;
        }
    
        const toolName = this.firstNonEmptyString(part.tool)?.toLowerCase() || "";
        if (
          toolName === "question" ||
          toolName.includes("request_user_input") ||
          toolName.includes("request-user-input")
        ) {
          return true;
        }
    
        const state = this.asRecord(part.state);
        const input =
          this.asRecord(state?.input) ||
          this.asRecord(part.input) ||
          this.asRecord(part.arguments) ||
          null;
        if (!input) {
          return false;
        }
    
        if (
          Array.isArray(input.questions) ||
          Array.isArray(input.items) ||
          Array.isArray(input.prompts) ||
          Array.isArray(input.events)
        ) {
          return true;
        }
    
        const questionLike = this.asRecord(input.question) || input;
        const hasQuestionText = !!this.firstNonEmptyString(
          questionLike.question,
          questionLike.prompt,
          questionLike.message,
          questionLike.content,
          questionLike.text,
          questionLike.title,
        );
        const hasChoices =
          Array.isArray(questionLike.options) ||
          Array.isArray(questionLike.choices) ||
          Array.isArray(questionLike.answers) ||
          Array.isArray(questionLike.actions);
        const hasConfirmControls = !!this.firstNonEmptyString(
          questionLike.confirmLabel,
          questionLike.confirm_text,
          questionLike.cancelLabel,
          questionLike.cancel_text,
        );
        const allowsCustomInput =
          questionLike.allowCustomInput === true ||
          questionLike.allow_custom_input === true;
    
        return hasQuestionText && (hasChoices || hasConfirmControls || allowsCustomInput);
      }
    
      private collectErrorMessageCandidates(
        value: unknown,
        seen: WeakSet<object> = new WeakSet<object>(),
        depth = 0,
      ): string[] {
        if (value == null || depth > 5) {
          return [];
        }
        if (typeof value === "string") {
          return [value];
        }
        if (value instanceof Error) {
          const withCause = value as Error & { cause?: unknown };
          return [
            value.message,
            ...this.collectErrorMessageCandidates(withCause.cause, seen, depth + 1),
          ];
        }
        if (typeof value !== "object") {
          return [String(value)];
        }
        if (seen.has(value)) {
          return [];
        }
        seen.add(value);
    
        const rec = value as Record<string, unknown>;
        const messages: string[] = [];
        const pushIfString = (candidate: unknown) => {
          const message = this.normalizeErrorCandidate(candidate);
          if (message) {
            messages.push(message);
          }
        };
    
        pushIfString(rec.message);
        pushIfString(rec.error);
        pushIfString(rec.detail);
        pushIfString(rec.reason);
    
        if (Array.isArray(rec.errors)) {
          for (const entry of rec.errors) {
            messages.push(
              ...this.collectErrorMessageCandidates(entry, seen, depth + 1),
            );
          }
        }
    
        messages.push(...this.collectErrorMessageCandidates(rec.data, seen, depth + 1));
        messages.push(...this.collectErrorMessageCandidates(rec.cause, seen, depth + 1));
        messages.push(
          ...this.collectErrorMessageCandidates(rec.response, seen, depth + 1),
        );
        messages.push(...this.collectErrorMessageCandidates(rec.body, seen, depth + 1));
    
        const code = this.firstNonEmptyString(rec.code, rec.errno);
        const syscall = this.firstNonEmptyString(rec.syscall);
        const address = this.firstNonEmptyString(rec.address);
        const port =
          typeof rec.port === "number"
            ? String(rec.port)
            : this.firstNonEmptyString(rec.port);
        if (code || syscall || address || port) {
          const endpoint = address && port ? `${address}:${port}` : address || port;
          const signature = [code, syscall, endpoint]
            .filter((part): part is string => Boolean(part))
            .join(" ");
          if (signature) {
            messages.push(signature);
          }
        }
    
        return messages;
      }
    
      private collectNormalizedErrorMessages(error: unknown): string[] {
        const candidates = this.collectErrorMessageCandidates(error)
          .map((candidate) => this.normalizeErrorCandidate(candidate))
          .filter((candidate): candidate is string => Boolean(candidate));
    
        if (candidates.length === 0) {
          return [];
        }
    
        const deduped: string[] = [];
        for (const candidate of candidates) {
          if (!deduped.includes(candidate)) {
            deduped.push(candidate);
          }
        }
        return deduped;
      }
    
      private extractDetailedErrorMessage(error: unknown, fallback: string): string {
        const candidates = this.collectNormalizedErrorMessages(error);
        if (candidates.length === 0) {
          return fallback;
        }
    
        const primary =
          candidates.find((candidate) => !this.isGenericErrorMessage(candidate)) ||
          candidates[0];
        const detailCandidates = candidates.filter(
          (candidate) => candidate !== primary,
        );
        if (detailCandidates.length === 0) {
          return primary;
        }
    
        const details = detailCandidates.slice(0, 4);
        const remainingCount = detailCandidates.length - details.length;
        const detailLines = details.map((detail) => `- ${detail}`);
        if (remainingCount > 0) {
          detailLines.push(`- (+${remainingCount} more detail(s))`);
        }
    
        return `${primary}\n\nDetails:\n${detailLines.join("\n")}`;
      }
    
      private enrichStreamEvent(event: any): any {
        if (!event || typeof event !== "object") {
          return event;
        }
    
        const properties = this.asRecord(event.properties) || {};
        const isMessagePartEvent =
          typeof event.type === "string" && event.type.startsWith("message.part.");
        const part =
          this.asRecord(properties.part) ||
          this.asRecord(event.part) ||
          (isMessagePartEvent ? this.asRecord(properties) : null);
        const enriched: Record<string, unknown> = { ...event };
        let kind:
          | "thinking"
          | "progress"
          | "message"
          | "lifecycle"
          | "error"
          | "other" = "other";
        let text: string | undefined;
    
        if (isMessagePartEvent && part) {
          const rawPartType =
            this.firstNonEmptyString(part.type)?.toLowerCase() || "";
          const partType =
            rawPartType === "thinking" || rawPartType === "thought"
              ? "reasoning"
              : rawPartType;
          if (
            partType === "reasoning" ||
            typeof part.reasoning !== "undefined" ||
            typeof part.thought !== "undefined" ||
            typeof part.thinking !== "undefined"
          ) {
            kind = "thinking";
            text = this.firstNonEmptyString(
              properties.delta,
              part.reasoning,
              part.thought,
              part.thinking,
              properties.reasoning,
              properties.thought,
              properties.thinking,
              part.delta,
              part.text,
            );
          } else if (
            partType === "tool" ||
            partType === "step-start" ||
            partType === "step-finish" ||
            partType === "patch"
          ) {
            const toolName = (part.tool || "").toString().toLowerCase();
            if (
              toolName.includes("structuredoutput") ||
              toolName.includes("structured_output")
            ) {
              kind = "other";
            } else {
              kind = "progress";
            }
          } else if (partType === "text" || !partType) {
            kind = "message";
            text = this.firstNonEmptyString(
              properties.delta,
              part.text,
              part.content,
            );
          }
        } else if (event.type === "message.updated") {
          kind = "lifecycle";
        } else if (event.type === "session.error" || event.type === "error") {
          kind = "error";
        }
    
        const structuredOutput = this.extractStructuredOutput({
          ...properties,
          info: properties.info,
        });
        if (structuredOutput) {
          enriched.structuredOutput = structuredOutput;
          enriched.hasStructuredOutput = true;
          if (kind === "other") {
            kind = "message";
          }
        }
    
        enriched.structured = {
          kind,
          text,
          eventType: event.type,
          responseType: structuredOutput?.responseType,
        };
    
        return enriched;
      }
    
      private normalizeSubagentStatus(
        value: unknown,
      ): "pending" | "running" | "done" | "error" | "orphaned" {
        const status = this.firstNonEmptyString(value)?.toLowerCase();
        if (
          status === "pending" ||
          status === "running" ||
          status === "done" ||
          status === "error" ||
          status === "orphaned"
        ) {
          return status;
        }
        if (
          status === "completed" ||
          status === "complete" ||
          status === "success" ||
          status === "finished"
        ) {
          return "done";
        }
        if (status === "failed") {
          return "error";
        }
        return "pending";
      }
    
      private mergeSubagentEntries(
        existingRaw: unknown,
        incoming: Array<Record<string, unknown>>,
      ): Array<Record<string, unknown>> {
        const byId = new Map<string, Record<string, unknown>>();
    
        const upsert = (value: unknown, preferIncoming = false) => {
          const rec = this.asRecord(value);
          if (!rec) {
            return;
          }
          const id = this.firstNonEmptyString(rec.id);
          if (!id) {
            return;
          }
          const current = byId.get(id);
          if (!current) {
            byId.set(id, { ...rec, id });
            return;
          }
          byId.set(
            id,
            preferIncoming
              ? { ...current, ...rec, id }
              : { ...rec, ...current, id },
          );
        };
    
        if (Array.isArray(existingRaw)) {
          existingRaw.forEach((entry) => {
            upsert(entry, false);
          });
        }
        incoming.forEach((entry) => {
          upsert(entry, true);
        });
    
        return Array.from(byId.values());
      }
    
      private hydrateSubagentsFromPayload(
        parentMessageId: string,
        payload: {
          summariesByParentMessageId?: Record<string, unknown>;
          detailsById?: Record<string, unknown>;
        },
        fallbackSessionId?: string,
      ): Array<Record<string, unknown>> {
        const summariesMap = this.asRecord(payload.summariesByParentMessageId) || {};
        const detailsMap = this.asRecord(payload.detailsById) || {};
        const summariesRaw = summariesMap[parentMessageId];
        const summaries = Array.isArray(summariesRaw) ? summariesRaw : [];
        if (summaries.length === 0) {
          return [];
        }
    
        return summaries
          .map((summaryRaw) => {
            const summary = this.asRecord(summaryRaw);
            if (!summary) {
              return null;
            }
            const id = this.firstNonEmptyString(summary.id);
            if (!id) {
              return null;
            }
            const detail = this.asRecord(detailsMap[id]) || {};
            const merged: Record<string, unknown> = {
              ...summary,
              ...detail,
              id,
            };
            merged.parentMessageId = this.firstNonEmptyString(
              merged.parentMessageId,
              parentMessageId,
            );
            merged.parentSessionId = this.firstNonEmptyString(
              merged.parentSessionId,
              fallbackSessionId,
            );
            merged.status = this.normalizeSubagentStatus(merged.status);
            merged.latestActivity =
              this.firstNonEmptyString(
                merged.latestActivity,
                merged.description,
                summary.latestActivity,
              ) || "Subagent update";
            if (!Array.isArray(merged.references)) {
              merged.references = [];
            }
            if (!Array.isArray(merged.progressEvents)) {
              merged.progressEvents = [];
            }
            if (!Array.isArray(merged.thinkingEvents)) {
              merged.thinkingEvents = [];
            }
            if (!Array.isArray(merged.timelineEvents)) {
              merged.timelineEvents = [];
            }
            return merged;
          })
          .filter((entry): entry is Record<string, unknown> => !!entry);
      }
    
      private resolveSubagentPayloadSessionId(payload: {
        summariesByParentMessageId?: Record<string, unknown>;
      }): string | undefined {
        const summariesMap = this.asRecord(payload.summariesByParentMessageId) || {};
        for (const summariesRaw of Object.values(summariesMap)) {
          if (!Array.isArray(summariesRaw)) {
            continue;
          }
          for (const summaryRaw of summariesRaw) {
            const summary = this.asRecord(summaryRaw);
            const sessionId = this.firstNonEmptyString(summary?.parentSessionId);
            if (sessionId) {
              return sessionId;
            }
          }
        }
        return undefined;
      }
    
      /**
       * Callback: Send persisted compaction view state
       * Delegates to CompactionManager module
       */
      private async sendPersistedCompactionViewState(sessionId: string): Promise<void> {
        return this.compactionManager.sendPersistedCompactionViewState(sessionId);
      }
    
      /**
       * Callback: Sync subagent snapshot for session
       * Delegates to SubagentPersistence module
       */
      private async syncSubagentSnapshotForSession(
        sessionId: string,
        messages: any[],
      ): Promise<SubagentUpdatePayload> {
        const snapshot = await this.subagentPersistence.syncSubagentSnapshotForSession(
          sessionId,
          messages,
        );
        const normalized = this.remapOrphanedSubagentKeys(snapshot, messages);
        if (normalized !== snapshot) {
          await this.subagentPersistence.savePersistedSubagentSnapshot(
            sessionId,
            normalized,
          );
        }
        return normalized;
      }
    
      /**
       * Remap entries in summariesByParentMessageId whose key is not a real
       * message ID (orphan-* synthetic keys produced when a child session is
       * created but cannot be matched to a specific subtask message part) to the
       * latest assistant message in the same session.
       */
      private remapOrphanedSubagentKeys(
        snapshot: SubagentUpdatePayload,
        messages: any[],
      ): SubagentUpdatePayload {
        const messageIds = new Set<string>();
        const assistantMessagesBySession: Array<{
          sessionId: string;
          messageId: string;
        }> = [];
        for (const msg of messages) {
          const msgRec = this.asRecord(msg) || {};
          const info = this.asRecord(msgRec.info);
          const role = this.firstNonEmptyString(info?.role, msgRec.role);
          const messageId = this.firstNonEmptyString(
            info?.id,
            msgRec.id,
            msgRec.messageID,
          );
          if (!messageId) {
            continue;
          }
          messageIds.add(messageId);
          if ((role || "").toLowerCase() === "assistant") {
            const parentSessionId = this.firstNonEmptyString(
              info?.sessionID,
              info?.sessionId,
              msgRec.sessionID,
              msgRec.sessionId,
            );
            assistantMessagesBySession.push({
              sessionId: parentSessionId || "",
              messageId,
            });
          }
        }
    
        const summariesByParentMessageId = {
          ...(snapshot.summariesByParentMessageId || {}),
        };
        const detailsById = { ...(snapshot.detailsById || {}) };
        let changed = false;
    
        for (const [parentKey, summaries] of Object.entries(
          summariesByParentMessageId,
        )) {
          if (messageIds.has(parentKey)) {
            continue;
          }
          if (!parentKey.startsWith("orphan-")) {
            continue;
          }
          if (!Array.isArray(summaries) || summaries.length === 0) {
            continue;
          }
    
          const parentSessionId =
            this.firstNonEmptyString(
              ...summaries.map((summary) => {
                const summaryRec = this.asRecord(summary);
                return this.firstNonEmptyString(summaryRec?.parentSessionId);
              }),
            ) || "";
    
          let latestAssistantMessageId: string | undefined;
          for (let index = assistantMessagesBySession.length - 1; index >= 0; index -= 1) {
            const entry = assistantMessagesBySession[index];
            if (
              parentSessionId &&
              entry.sessionId &&
              entry.sessionId !== parentSessionId
            ) {
              continue;
            }
            latestAssistantMessageId = entry.messageId;
            break;
          }
          if (!latestAssistantMessageId) {
            continue;
          }
    
          const reboundSummaries = summaries.map((summary) => ({
            ...(this.asRecord(summary) || {}),
            parentMessageId: latestAssistantMessageId,
          }));
          const existingTarget = Array.isArray(
            summariesByParentMessageId[latestAssistantMessageId],
          )
            ? summariesByParentMessageId[latestAssistantMessageId]
            : [];
          const mergedById = new Map<string, Record<string, unknown>>();
          existingTarget.forEach((entry) => {
            const entryRec = this.asRecord(entry);
            const id = this.firstNonEmptyString(entryRec?.id);
            if (id) {
              mergedById.set(id, entryRec || {});
            }
          });
          reboundSummaries.forEach((entry) => {
            const id = this.firstNonEmptyString((entry as Record<string, unknown>).id);
            if (id) {
              mergedById.set(id, entry as Record<string, unknown>);
            }
          });
    
          summariesByParentMessageId[latestAssistantMessageId] =
            Array.from(mergedById.values()) as SubagentUpdatePayload["summariesByParentMessageId"][string];
          delete summariesByParentMessageId[parentKey];
    
          summaries.forEach((summary) => {
            const summaryRec = this.asRecord(summary);
            const id = this.firstNonEmptyString(summaryRec?.id);
            if (id && detailsById[id]) {
              detailsById[id] = {
                ...(this.asRecord(detailsById[id]) || {}),
                parentMessageId: latestAssistantMessageId,
              } as SubagentUpdatePayload["detailsById"][string];
            }
          });
          changed = true;
        }
    
        if (!changed) {
          return snapshot;
        }
        return { summariesByParentMessageId, detailsById };
      }
    
      private findLatestSubagentParentMessageIdForSession(
        payload: {
          summariesByParentMessageId?: Record<string, unknown>;
        },
        sessionId: string,
      ): string | undefined {
        const summariesMap = this.asRecord(payload.summariesByParentMessageId) || {};
        const entries = Object.entries(summariesMap);
        for (let i = entries.length - 1; i >= 0; i -= 1) {
          const [parentMessageId, summariesRaw] = entries[i];
          if (!Array.isArray(summariesRaw) || summariesRaw.length === 0) {
            continue;
          }
          const matchesSession = summariesRaw.some((summaryRaw) => {
            const summary = this.asRecord(summaryRaw);
            const parentSessionId = this.firstNonEmptyString(summary?.parentSessionId);
            return parentSessionId === sessionId;
          });
          if (matchesSession) {
            return parentMessageId;
          }
        }
        return undefined;
      }
    
      private extractMessageBodyText(message: any): string {
        if (!message) return "";
    
        let rawText = "";
        if (typeof message.content === "string" && message.content.trim()) {
          rawText = message.content.trim();
        } else if (typeof message.text === "string" && message.text.trim()) {
          rawText = message.text.trim();
        } else if (Array.isArray(message.parts)) {
          rawText = message.parts
            .map((part: any) => {
              if (!part || typeof part !== "object") return "";
              if (
                part.type === "reasoning" ||
                part.type === "thinking" ||
                part.type === "thought" ||
                typeof part.reasoning !== "undefined" ||
                typeof part.thought !== "undefined" ||
                typeof part.thinking !== "undefined"
              ) {
                return "";
              }
              return (part.text || part.content || "").toString();
            })
            .join("")
            .trim();
        }
    
        if (this.isLikelyToolCallTranscript(rawText)) {
          return "";
        }
        return rawText;
      }
    
      private hasNonTextActivityParts(message: any): boolean {
        if (!message || typeof message !== "object" || !Array.isArray(message.parts)) {
          return false;
        }
        return message.parts.some((part: any) => {
          const rec = this.asRecord(part);
          if (!rec) {
            return false;
          }
          if (this.isRenderableTextPart(rec)) {
            return false;
          }
          const partType = this.firstNonEmptyString(rec.type, rec.kind)?.toLowerCase();
          if (partType === "tool") {
            const toolName = this.firstNonEmptyString(rec.tool, rec.name)?.toLowerCase();
            if (
              toolName?.includes("structuredoutput") ||
              toolName?.includes("structured_output")
            ) {
              return false;
            }
          }
          return true;
        });
      }
    
      private extractStructuredOutput(
        messageLike: any,
      ): StructuredAssistantOutput | undefined {
        const role = this.firstNonEmptyString(
          messageLike.role,
          messageLike.info?.role,
          messageLike.properties?.role,
        )?.toLowerCase();
    
        if (role === "system") {
          return {
            responseType: "system",
          } as any;
        }
    
        const providerID = this.firstNonEmptyString(
          messageLike.info?.providerID,
          messageLike.providerID,
          messageLike.properties?.providerID,
        );
        const modelID = this.firstNonEmptyString(
          messageLike.info?.modelID,
          messageLike.modelID,
          messageLike.properties?.modelID,
          messageLike.info?.model?.modelID,
          messageLike.model?.modelID,
        );
        const candidates: Array<{ value: unknown; source: string }> = [
          { value: messageLike.structuredOutput, source: "messageLike.structuredOutput" },
          { value: messageLike.structured_output, source: "messageLike.structured_output" },
          { value: messageLike.output, source: "messageLike.output" },
          { value: messageLike.info?.structuredOutput, source: "messageLike.info.structuredOutput" },
          { value: messageLike.info?.structured_output, source: "messageLike.info.structured_output" },
          { value: messageLike.info?.structured, source: "messageLike.info.structured" },
          { value: messageLike.info?.output, source: "messageLike.info.output" },
          { value: messageLike.properties?.structuredOutput, source: "messageLike.properties.structuredOutput" },
          { value: messageLike.properties?.structured_output, source: "messageLike.properties.structured_output" },
          { value: messageLike.properties?.structured, source: "messageLike.properties.structured" },
          { value: messageLike.properties?.output, source: "messageLike.properties.output" },
        ];
    
        if (Array.isArray(messageLike.parts)) {
          for (const part of messageLike.parts) {
            if (
              part &&
              typeof part === "object" &&
              part.type === "tool" &&
              part.state
            ) {
              const toolName = (part.tool || "").toLowerCase();
              if (
                toolName.includes("structuredoutput") ||
                toolName.includes("structured_output")
              ) {
                const pushCandidate = (value: unknown, source: string) => {
                  if (typeof value === "undefined") return;
                  candidates.push({ value, source });
                };
                pushCandidate(
                  part.state.result,
                  "messageLike.parts[].state.result",
                );
                pushCandidate(
                  part.state.output,
                  "messageLike.parts[].state.output",
                );
                pushCandidate(
                  part.state.arguments,
                  "messageLike.parts[].state.arguments",
                );
                pushCandidate(
                  part.state.input,
                  "messageLike.parts[].state.input",
                );
    
                const resultRec = this.asRecord(part.state.result);
                if (resultRec) {
                  pushCandidate(
                    resultRec.output,
                    "messageLike.parts[].state.result.output",
                  );
                  pushCandidate(
                    resultRec.data,
                    "messageLike.parts[].state.result.data",
                  );
                  pushCandidate(
                    resultRec.value,
                    "messageLike.parts[].state.result.value",
                  );
                  pushCandidate(
                    resultRec.arguments,
                    "messageLike.parts[].state.result.arguments",
                  );
                  pushCandidate(
                    resultRec.structuredOutput,
                    "messageLike.parts[].state.result.structuredOutput",
                  );
                  pushCandidate(
                    resultRec.structured_output,
                    "messageLike.parts[].state.result.structured_output",
                  );
                }
              }
            }
          }
        }
    
        for (const candidate of candidates) {
          const parsed = this.normalizeStructuredOutput(candidate.value as string, {
            source: candidate.source,
            providerID,
            modelID,
          });
          if (parsed) {
            return parsed;
          }
        }
    
        const bodyText = this.extractMessageBodyText(messageLike);
        if (bodyText.startsWith("{") && bodyText.endsWith("}")) {
          return this.normalizeStructuredOutput(bodyText, {
            source: "messageLike.bodyText.json",
            providerID,
            modelID,
          });
        }
        return undefined;
      }
    
      private applyStructuredOutputToMessage(
        message: any,
        options?: { allowSyntheticFallbackError?: boolean },
      ): any {
        // Abort detection must happen before any content extraction or fallback generation.
        // A cached/persisted message may already have error text written into its content
        // field, so checking only at the !bodyText branch is insufficient.
        const messageInfoError = message?.info?.error ?? message?.error;
        if (messageInfoError?.name === "MessageAbortedError") {
          if (this.isInInteractiveResponseTransition()) {
            // Interactive answer submit intentionally aborts the previous waiting turn.
            // Preserve rendered content and avoid a misleading "response stopped" banner.
            return { ...message, aborted: false };
          }
          return { ...message, aborted: true };
        }
        const allowSyntheticFallbackError =
          options?.allowSyntheticFallbackError !== false;
        const role = this.firstNonEmptyString(
          message?.info?.role,
          message?.role,
        )?.toLowerCase();
    
        if (role === "system") {
          return {
            ...message,
            responseType: "system",
            structuredOutput: {
              responseType: "system",
            },
          };
        }
    
        const structured = this.extractStructuredOutput(message);
        if (!structured) {
          const bodyText = this.extractMessageBodyText(message);
          if (role === "assistant" && bodyText) {
            const next: any = {
              ...message,
              structuredOutput: {
                responseType: "message",
                message: bodyText,
              },
              content: bodyText,
            };
            if (Array.isArray(next.parts)) {
              next.parts = next.parts.filter((part: any) => {
                if (part && part.type === "tool") {
                  const toolName = (part.tool || "").toString().toLowerCase();
                  if (
                    toolName.includes("structuredoutput") ||
                    toolName.includes("structured_output")
                  ) {
                    return false;
                  }
                }
                return true;
              });
            }
            return next;
          }
          if (role === "assistant" && !bodyText) {
            // Keep partial stop/activity turns intact so activity/reasoning widgets can render.
            // These turns may have no assistant text body but still contain useful non-text parts.
            if (this.hasNonTextActivityParts(message)) {
              return message;
            }
            if (!allowSyntheticFallbackError) {
              return message;
            }
            const incompatibleModelKey = this.getStructuredOutputModelKey(
              this.firstNonEmptyString(
                message?.info?.providerID,
                message?.providerID,
              ),
              this.firstNonEmptyString(
                message?.info?.modelID,
                message?.modelID,
              ),
            );
            const retryWithoutStructuredOutput = true;
            const fallbackText =
              incompatibleModelKey &&
                this.structuredOutputIncompatibleModelKeys.has(incompatibleModelKey)
                ? "Structured output error: this model returned an empty structured payload."
                : "I couldn't produce a valid structured response for this turn. Please retry.";
            const next: any = {
              ...message,
              content: fallbackText,
              error: fallbackText,
              retryWithoutStructuredOutput,
            };
            const parts = Array.isArray(next.parts)
              ? next.parts.filter((part: any) => this.isRenderableTextPart(part))
              : [];
            const textIndex = parts.findIndex((part: any) =>
              this.isRenderableTextPart(part),
            );
            if (textIndex >= 0) {
              parts[textIndex] = {
                ...parts[textIndex],
                type: "text",
                text: fallbackText,
              };
            } else {
              parts.push({ type: "text", text: fallbackText });
            }
            next.parts = parts;
            return next;
          }
          return message;
        }
    
        const isInteractiveStructuredResponse =
          this.isInteractiveResponseType(structured.responseType) &&
          Array.isArray(structured.interactiveEvents) &&
          structured.interactiveEvents.length > 0;
    
        // DEBUG: Check structured object immediately after extraction
        log.debug('Structured object after extraction', {
          responseType: structured.responseType,
          hasPlan: 'plan' in structured,
          planKeys: structured.plan ? Object.keys(structured.plan) : [],
          planValue: structured.plan,
          planFile: structured.plan?.file,
          allStructuredKeys: Object.keys(structured)
        });
    
        const structuredPlanContent =
          this.firstNonEmptyString(structured.plan?.content) || "";
        const shouldSuppressStructuredPlan =
          this.isClarificationQuestionnaire(structuredPlanContent);
    
        const next: any = {
          ...message,
          structuredOutput: structured,
        };
    
        // DEBUG: Log immediately after creating next object
        log.debug('applyStructuredOutputToMessage: next object created', {
          messageId: next.id,
          hasStructuredOutput: 'structuredOutput' in next,
          structuredOutputResponseType: next.structuredOutput?.responseType,
          structuredOutputHasPlan: next.structuredOutput?.plan ? 'yes' : 'no',
          structuredOutputPlanFile: next.structuredOutput?.plan?.file,
          originalMessageHasPlan: 'plan' in message,
          originalMessagePlanFile: message.plan?.file
        });
    
        if (Array.isArray(next.parts)) {
          next.parts = next.parts.filter((part: any) => {
            if (part && part.type === "tool") {
              const toolName = (part.tool || "").toString().toLowerCase();
              if (
                toolName.includes("structuredoutput") ||
                toolName.includes("structured_output")
              ) {
                return false;
              }
            }
            return true;
          });
        }
    
        const bodyText = this.extractMessageBodyText(message);
        const hasJsonOnlyBody = bodyText.startsWith("{") && bodyText.endsWith("}");
        if (hasJsonOnlyBody) {
          next.content = "";
          if (Array.isArray(next.parts)) {
            next.parts = next.parts.filter((p: any) => p?.type !== "text");
          }
        }
    
        // Preserve the default OpenCode response body whenever it exists.
        // Only inject structured text as a fallback when body text is missing or JSON-only.
        const messageContent =
          structured.message ||
          this.createFallbackMessage(structured);
        const shouldUseStructuredMessage = !bodyText || hasJsonOnlyBody;
        if (messageContent && shouldUseStructuredMessage) {
          next.content = messageContent;
          const parts = Array.isArray(next.parts) ? [...next.parts] : [];
          const textIndex = parts.findIndex(
            (part: any) => this.isRenderableTextPart(part),
          );
          if (textIndex >= 0) {
            parts[textIndex] = {
              ...parts[textIndex],
              type: "text",
              text: messageContent,
            };
          } else {
            parts.push({ type: "text", text: messageContent });
          }
          next.parts = parts;
        }
    
        if (structured.progressUpdates && structured.progressUpdates.length > 0) {
          const existingSteps = Array.isArray(next.steps) ? next.steps : [];
          const mapped = structured.progressUpdates.map((update) => ({
            type: "step",
            title: update.title,
            content: update.filePath,
            status: update.status ?? "pending",
            meta: update.meta,
          }));
          next.steps = [...existingSteps, ...mapped];
        }
    
        if (
          structured.interactiveEvents &&
          structured.interactiveEvents.length > 0
        ) {
          next.interactiveEvents = structured.interactiveEvents;
          const questionPrompt = this.deriveQuestionPromptFromInteractivePayload({
            question: (structured.question as string) ?? '',
            options: structured.interactiveEvents as any[],
          });
          const currentBodyText = this.extractMessageBodyText(next).trim();
          const normalizeComparableText = (value: string): string =>
            value.replace(/\r\n/g, "\n").replace(/\s+/g, " ").trim().toLowerCase();
          const promptNorm = questionPrompt
            ? normalizeComparableText(questionPrompt)
            : "";
          const bodyNorm = normalizeComparableText(currentBodyText);
          let visibleInteractiveBody: string | undefined;
    
          if (questionPrompt) {
            if (
              !currentBodyText ||
              bodyNorm === promptNorm ||
              this.isLowValueInteractiveBodyText(currentBodyText)
            ) {
              visibleInteractiveBody = questionPrompt;
            } else if (promptNorm && bodyNorm.startsWith(promptNorm)) {
              visibleInteractiveBody = currentBodyText;
            } else {
              visibleInteractiveBody = `${questionPrompt}\n\n${currentBodyText}`;
            }
          } else if (!currentBodyText) {
            const firstEvent = structured.interactiveEvents[0];
            if (firstEvent.type === "question" || firstEvent.type === "confirm") {
              visibleInteractiveBody = firstEvent.question;
            } else if (firstEvent.type === "message") {
              visibleInteractiveBody = firstEvent.message;
            } else if (firstEvent.type === "quick_actions") {
              visibleInteractiveBody = this.firstNonEmptyString(firstEvent.title);
            }
          }
    
          if (visibleInteractiveBody) {
            next.content = visibleInteractiveBody;
            const parts = Array.isArray(next.parts) ? [...next.parts] : [];
            const textIndex = parts.findIndex((part: any) =>
              this.isRenderableTextPart(part),
            );
            if (textIndex >= 0) {
              parts[textIndex] = {
                ...parts[textIndex],
                type: "text",
                text: visibleInteractiveBody,
              };
            } else {
              parts.push({ type: "text", text: visibleInteractiveBody });
            }
            next.parts = parts;
          }
        }
    
        if (structured.subagents && structured.subagents.length > 0) {
          if (!next.subagents) {
            next.subagents = [];
          }
          structured.subagents.forEach((sa: any) => {
            const normalized = {
              ...sa,
              agentId: this.firstNonEmptyString(sa.agentId, sa.name) || sa.id,
              latestActivity:
                this.firstNonEmptyString(sa.latestActivity, sa.description) ||
                "Subagent update",
            };
            const existing = next.subagents.find((item: any) => item.id === sa.id);
            if (existing) {
              Object.assign(existing, normalized);
            } else {
              next.subagents.push(normalized);
            }
          });
    
          const hasTextContent =
            (typeof next.content === "string" && next.content.trim().length > 0) ||
            (Array.isArray(next.parts) &&
              next.parts.some(
                (part: any) =>
                  part?.type === "text" &&
                  typeof part?.text === "string" &&
                  part.text.trim().length > 0,
              ));
          if (
            !hasTextContent &&
            (structured.responseType === "subagents" ||
              (structured.subagentsDelta &&
                structured.subagentsDelta.items.length > 0))
          ) {
            const subagentCount =
              structured.subagents?.length ??
              structured.subagentsDelta?.items.length ??
              0;
            const summaryText = `Spawned ${subagentCount} subagent${subagentCount === 1 ? "" : "s"
              }.`;
            next.content = summaryText;
            const parts = Array.isArray(next.parts) ? [...next.parts] : [];
            parts.push({ type: "text", text: summaryText });
            next.parts = parts;
          }
        }
    
        if (
          structured.responseType === "implementation_plan" &&
          !shouldSuppressStructuredPlan
        ) {
          const summaryMessage = this.firstNonEmptyString(
            structured.message,
            structured.plan?.intro,
            structured.plan?.summary,
          );
          if (summaryMessage) {
            next.content = summaryMessage;
            const parts = Array.isArray(next.parts) ? [...next.parts] : [];
            const textIndex = parts.findIndex(
              (part: any) =>
                part &&
                typeof part === "object" &&
                (part.type === "text" ||
                  typeof part.text === "string" ||
                  typeof part.content === "string"),
            );
            if (textIndex >= 0) {
              parts[textIndex] = {
                ...parts[textIndex],
                type: "text",
                text: summaryMessage,
              };
            } else {
              parts.push({ type: "text", text: summaryMessage });
            }
            next.parts = parts;
          }
        }
    
        if (
          !isInteractiveStructuredResponse &&
          !shouldSuppressStructuredPlan &&
          (structured.responseType === "implementation_plan" ||
            structured.plan?.content ||
            structured.plan?.file)
        ) {
          const planContent = this.firstNonEmptyString(structured.plan?.content);
          const structuredPlanCandidates =
            this.collectPlanFileCandidatesFromStructuredPlan(
              this.asRecord(structured.plan),
            );
          const planFile = structuredPlanCandidates[0];
    
          // DEBUG: Log plan file extraction
          log.debug('Plan file extraction', {
            hasStructuredPlan: !!structured.plan,
            structuredPlanKeys: structured.plan ? Object.keys(structured.plan) : [],
            structuredPlanFile: structured.plan?.file,
            candidatesCount: structuredPlanCandidates.length,
            candidates: structuredPlanCandidates,
            planFile: planFile,
            planFileUndefined: planFile === undefined
          });
    
          const resolvedPlanTitle = this.resolvePlanTitle({
            plan: structured.plan,
            planFile: planFile || structuredPlanCandidates[0],
            fallback: structured.plan?.summary as string | undefined,
          });
          const hasLongPlanContent =
            typeof planContent === "string" && planContent.trim().length >= 80;
          // File-backed plans must still produce a plan card even when no markdown
          // content is embedded in structured output.
          if (hasLongPlanContent || planFile) {
            next.plan = {
              file: planFile,
              content: hasLongPlanContent ? planContent : undefined,
              title: resolvedPlanTitle,
              summary: structured.plan?.summary,
              files:
                structuredPlanCandidates.length > 0
                  ? structuredPlanCandidates
                  : undefined,
            };
    
            // DEBUG: Log the final plan object being set
            log.debug('Plan object set on next', {
              hasPlan: !!next.plan,
              planFile: next.plan?.file,
              planKeys: next.plan ? Object.keys(next.plan) : [],
              fullPlanObject: next.plan ? JSON.stringify(next.plan, null, 2) : 'undefined'
            });
    
            // DEBUG: Try to serialize the entire next object to check for circular references
            try {
              const serialized = JSON.stringify(next);
              log.debug('Message serialization successful', {
                serializedLength: serialized.length,
                hasPlanInSerialized: serialized.includes('"plan"'),
                planSubstring: serialized.includes('"file"') ? serialized.substring(serialized.indexOf('"plan"'), serialized.indexOf('"plan"') + 200) : 'NOT FOUND'
              });
            } catch (e) {
              log.debug('Message serialization FAILED', { error: e });
            }
          } else {
            log.debug('Plan NOT set - condition failed', {
              hasLongPlanContent,
              planFile,
              planFileUndefined: planFile === undefined,
              hasLongPlanContentFalse: !hasLongPlanContent,
              noPlanFile: !planFile
            });
          }
        }
    
        if (shouldSuppressStructuredPlan) {
          if (next.plan) {
            delete next.plan;
          }
          if (structured.responseType === "implementation_plan") {
            const clarificationMessage =
              this.firstNonEmptyString(
                structured.message,
              ) ||
              "I need a few clarifications before drafting the implementation plan.";
            next.content = clarificationMessage;
            const parts = Array.isArray(next.parts) ? [...next.parts] : [];
            const textIndex = parts.findIndex(
              (part: any) => this.isRenderableTextPart(part),
            );
            if (textIndex >= 0) {
              parts[textIndex] = {
                ...parts[textIndex],
                type: "text",
                text: clarificationMessage,
              };
            } else {
              parts.push({ type: "text", text: clarificationMessage });
            }
            next.parts = parts;
          }
        }
    
        return next;
      }
    
      /**
       * Handles sending a message to OpenCode
       */
      // PROMPT-OWNERSHIP: do not modify — transport-only path
      private async handleSendMessage(
        text: string,
        files?: string[],
        contexts?: any[],
        images?: any[],
        agent?: string,
        isRetry = false,
        recoveredContext?: RecoveredSessionContext,
        retryWithoutStructuredOutput = false,
        structuredFallbackReason?: string,
        userFacingText?: string,
      ): Promise<void> {
        // Start feature flow tracking
        const flow = log.startFeatureFlow('SendMessage', {
          messageLength: text.length,
          isRetry,
          hasFiles: !!files?.length,
          fileCount: files?.length || 0,
          hasContexts: !!contexts?.length,
          contextCount: contexts?.length || 0,
          hasImages: !!images?.length,
          imageCount: images?.length || 0,
          agent,
        });
    
        // Cache for retry
        this.lastSendMessageArgs = { text, files, contexts, images, agent };
    
        // We'll set processing state once we have a definitive session ID below
    
        const overallStartTime = Date.now();
        log.featureStep(flow, 'message_send_started', {
          messageLength: text.length,
          timestamp: new Date().toISOString(),
        });
    
        let drainSessionId: string | undefined;
        const capturePromptDebug = this.shouldVerboseStreamDebug();
        let debugSessionId: string | undefined;
        let baselineAssistantMarker: AssistantHistoryMarker | undefined;
        try {
          const normalizedImages = (Array.isArray(images) ? images : [])
            .map((img) => {
              if (typeof img === "string") {
                return { dataUrl: img, filename: "image" };
              }
              if (img?.dataUrl && typeof img.dataUrl === "string") {
                return {
                  dataUrl: img.dataUrl,
                  filename:
                    typeof img.filename === "string" ? img.filename : "image",
                };
              }
              return null;
            })
            .filter((img): img is { dataUrl: string; filename: string } => !!img);
          const imageUrls = normalizedImages.map((img) => img.dataUrl);
    
          const serverStartTime = Date.now();
          this.logger.info("⏳ [TIMING] Calling ensureRunning()...");
          const client = await this.serverManager.ensureRunning();
          this.logger.info(`✅ [TIMING] Server ready (${Date.now() - serverStartTime}ms)`);
    
          const sessionStartTime = Date.now();
          this.logger.info("⏳ [TIMING] Getting current session...");
          let session = await this.sessionService.getCurrentSession();
          if (this.currentSessionId && session.id !== this.currentSessionId) {
            session = await this.sessionService.switchSession(
              this.currentSessionId,
            );
          }
          this.logger.info(`✅ [TIMING] Session ready (${Date.now() - sessionStartTime}ms): ${session.id}`);
    
          drainSessionId = session.id;
          this.processingSessionIds.add(drainSessionId);
          this.sendProcessingSessionsUpdate();
          this.currentSessionId = session.id;
          this.subagentTracker.setActiveSession(session.id);
          // Note: awaitingInteractiveAnswer flag is NOT cleared here
          // It will be cleared naturally when stream events arrive
    
          // Check budget before sending
          const budgetCheck = this.budgeter.canMakeRequest();
          if (!budgetCheck.allowed) {
            this.sendBudgetInfo();
            // Show warning to user
            vscode.window.showWarningMessage(
              `Request limit reached: ${budgetCheck.reason}`,
            );
            return;
          }
    
          const messagesStartTime = Date.now();
          this.logger.info("⏳ [TIMING] Loading existing messages...");
          const existingMessages = await this.sessionService.getMessages(
            session.id,
          );
          this.logger.info(`✅ [TIMING] Messages loaded (${Date.now() - messagesStartTime}ms): ${existingMessages.length} messages`);
    
          baselineAssistantMarker =
            this.getLatestAssistantHistoryMarker(existingMessages);
          const isNewSession = existingMessages.length === 0;
    
          if (isNewSession) {
            const config = vscode.workspace.getConfiguration('opencode');
            const autoGenerateTitle = config.get<boolean>('autoGenerateSessionTitle', true);
            if (autoGenerateTitle) {
              const generatedTitle = TitleGeneratorService.generateTitle(text);
              await this.updateSessionTitle(session.id, generatedTitle);
            }
          }
    
          // Save user message to local history immediately, unless this is a retry
          if (!isRetry) {
            const persistedUserText =
              this.firstNonEmptyString(userFacingText, text) || text;
            const userMessage = {
              role: "user" as const,
              content: persistedUserText,
              text: persistedUserText,
              parts: [
                {
                  type: "text",
                  text: text,
                },
              ],
              images: imageUrls,
              time: {
                created: Date.now(),
              },
            };
            await this.sessionService.appendMessage(session.id, userMessage);
    
            this.view?.webview.postMessage({
              type: "userMessageAppended",
              message: userMessage,
            });
    
            await this.handleGetSessions();
          }
    
          log.debug(
            `Session ${session.id}: ${existingMessages.length} existing messages. isNew: ${isNewSession}`,
          );
    
          // Prepare message parts
          const parts: NonNullable<SessionPromptData["body"]>["parts"] = [
            {
              type: "text",
              text: text,
            },
          ];
    
          // Add context fragments if any
          if (contexts && contexts.length > 0) {
            for (const ctx of contexts) {
              parts.push({
                type: "text",
                text: `\`\`\`${ctx.languageId}\n// ${ctx.file}:${ctx.lineInfo}\n${ctx.content}\n\`\`\``,
              });
            }
          }
    
          if (recoveredContext?.transcript) {
            parts.push({
              type: "text",
              text: [
                "Recovered conversation context from the previous session ID",
                `(${recoveredContext.previousSessionId}).`,
                "Treat this as existing conversation history and continue from it.",
                "--- BEGIN RECOVERED CONTEXT ---",
                recoveredContext.transcript,
                "--- END RECOVERED CONTEXT ---",
              ].join("\n"),
            });
          }
    
          // Add file references if any
          // ... (rest of the file part logic remains the same)
    
          // Add file references if any
          if (files && files.length > 0) {
            const workspaceFolder = vscode.workspace.workspaceFolders?.[0];
            if (workspaceFolder) {
              for (const filePath of files) {
                try {
                  // Check if path is absolute
                  let absoluteUri: vscode.Uri;
                  if (path.isAbsolute(filePath)) {
                    absoluteUri = vscode.Uri.file(filePath);
                  } else {
                    absoluteUri = vscode.Uri.joinPath(
                      workspaceFolder.uri,
                      filePath,
                    );
                  }
    
                  const content = await vscode.workspace.fs.readFile(absoluteUri);
                  const textContent = new TextDecoder().decode(content);
    
                  parts.push({
                    type: "file",
                    mime: "text/plain",
                    filename: filePath.split(/[\\/]/).pop(),
                    url: `file://${filePath}`,
                    source: {
                      type: "file",
                      path: filePath,
                      text: {
                        value: textContent,
                        start: 0,
                        end: textContent.length,
                      },
                    },
                  });
                } catch (e) {
                  log.error(`Failed to read file ${filePath}`, { filePath }, e as Error);
                }
              }
            }
          }
    
          if (normalizedImages.length > 0) {
            for (const img of normalizedImages) {
              // Extract mime type from data URL, default to image/jpeg
              const mimeMatch = img.dataUrl.match(/^data:([^;]+);/);
              const mimeType = mimeMatch ? mimeMatch[1] : "image/jpeg";
    
              parts.push({
                type: "file",
                mime: mimeType,
                filename: img.filename || "image",
                url: img.dataUrl,
              });
            }
          }
    
          // Send the message using the SDK
          const startTime = Date.now();
          const useStructuredOutput =
            !retryWithoutStructuredOutput &&
            this.shouldUseStructuredOutput(
              this.getStructuredOutputModelKey(this.selectedModel.providerID, this.selectedModel.modelID)
            );
          const promptBody: NonNullable<SessionPromptData["body"]> = {
            model: this.selectedModel,
            agent: agent || this.selectedAgent,
            parts: parts,
          };
          const promptVariant = await this.resolvePromptVariant(session.id);
          if (promptVariant) {
            (promptBody as Record<string, unknown>).variant = promptVariant;
          }
          if (capturePromptDebug) {
            debugSessionId = session.id;
            await this.logPromptRequestPayload(
              session.id,
              promptBody,
              useStructuredOutput,
            );
          }
    
          const promptStartTime = Date.now();
          this.logger.info("⏳ [TIMING] Sending prompt to server...", {
            model: this.selectedModel.modelID,
            agent: agent || this.selectedAgent,
            partsCount: parts.length,
            hasFiles: Boolean(files?.length),
            hasContexts: Boolean(contexts?.length),
            hasImages: Boolean(images?.length),
          });
    
          const response = await this.promptWithStructuredOutput(
            client,
            session.id,
            promptBody,
            useStructuredOutput,
            {
              hasFiles: Boolean(files?.length),
              hasContexts: Boolean(contexts?.length),
              hasImages: Boolean(images?.length),
            },
          );
    
          const promptDuration = Date.now() - promptStartTime;
          this.logger.info(`✅ [TIMING] Prompt response received (${promptDuration}ms)`, {
            hasData: Boolean(response.data),
            hasError: Boolean(response.error),
            status: response.response?.status,
            messageId: (response.data as any)?.info?.id,
          });
    
          const duration = (Date.now() - startTime) / 1000;
          if (capturePromptDebug) {
            await this.logPromptResponsePayload(
              session.id,
              response,
              duration,
              useStructuredOutput,
            );
          }
    
          log.debug(`Response received in ${duration}s`, {
            hasData: Boolean(response.data),
            hasError: Boolean(response.error),
            status: response.response?.status,
            messageId: (response.data as any)?.info?.id,
          });
          if (response.data && capturePromptDebug) {
            this.logPromptResponseDiagnostics(session.id, response.data);
          }
    
          // Update budget info after successful send
          // Note: recordRequest() temporarily disabled - budget now reads from actual Copilot quota data
          if (!response.error) {
            // this.budgeter.recordRequest(); // DISABLED - was tracking all requests, not just Copilot
            this.sendBudgetInfo();
          }
    
          if (response.error) {
            const errorMessages = this.collectNormalizedErrorMessages(response.error);
            log.error("API error returned", {
              sessionId: session.id,
              error: response.error,
              status: response.response?.status,
              errorMessages,
            });
            this.logger.error("Prompt request failed", {
              sessionId: session.id,
              status: response.response?.status,
              errorMessages,
            });
    
            let errorMessage = this.extractDetailedErrorMessage(
              response.error,
              "Failed to send message",
            );
            if (this.shouldSuppressInteractiveAwaitTimeout(errorMessage)) {
              this.logger.info(
                "Suppressing timeout error while awaiting interactive response",
                {
                  sessionId: session.id,
                  errorMessage,
                },
              );
              return;
            }
            if (this.isLikelyInteractiveTransportFailure(errorMessage)) {
              const recovered = await this.tryRecoverTimedOutResponse(
                session.id,
                baselineAssistantMarker,
              );
              if (recovered) {
                this.logger.info(
                  "Recovered timed out prompt from session history without user retry",
                  {
                    sessionId: session.id,
                    errorMessage,
                  },
                );
                return;
              }
              if (
                !isRetry &&
                (this.awaitingInteractiveAnswer ||
                  this.isInInteractiveResponseTransition())
              ) {
                this.logger.warn(
                  "Interactive response transport failed; retrying once with existing payload",
                  {
                    sessionId: session.id,
                    errorMessage,
                  },
                );
                // Provide user feedback about the retry
                this.view?.webview.postMessage({
                  type: "info",
                  message: "Retrying interactive response...",
                  sessionId: session.id,
                });
                return this.handleSendMessage(
                  text,
                  files,
                  contexts,
                  images,
                  agent,
                  true,
                  recoveredContext,
                  retryWithoutStructuredOutput,
                  structuredFallbackReason,
                  userFacingText,
                );
              }
            }
    
            // Handle Session Not Found error (likely server restart)
            if (
              errorMessage.toLowerCase().includes("not found") &&
              errorMessage.toLowerCase().includes("session")
            ) {
              log.warn(
                `Session ${session.id} not found on server. Re-creating...`,
              );
              // Re-create the session on the server
              try {
                const newSession = await this.sessionService.createNewSession(
                  session.title,
                );
                log.info(
                  `Re-created session with new ID: ${newSession.id}`,
                );
    
                // Migrate local messages from old ID to new ID
                const localMessages = await this.sessionService.loadSessionMessages(
                  session.id,
                );
                await this.sessionService.saveSessionMessages(
                  newSession.id,
                  localMessages,
                );
                // Optionally delete old messages? No, leave them for now.
    
                // Set as current session and retry
                await this.sessionService.switchSession(newSession.id);
                this.subagentTracker.resetForSession(newSession.id);
    
                // Notify UI of the ID change if possible, or just refresh sessions
                await this.handleGetSessions();
    
                const recoveryTranscript =
                  this.buildRecoveredTranscript(localMessages);
                if (recoveryTranscript) {
                  await this.saveSessionRecoveryMap(session.id, newSession.id);
                }
                this.migrateSessionSettings(session.id, newSession.id);
                this.currentSessionId = newSession.id;
    
                // Retry sending (recursive call) with preserved context
                return this.handleSendMessage(
                  text,
                  files,
                  contexts,
                  images,
                  agent,
                  true,
                  recoveryTranscript
                    ? {
                      previousSessionId: session.id,
                      transcript: recoveryTranscript,
                    }
                    : undefined,
                  retryWithoutStructuredOutput,
                  structuredFallbackReason,
                );
              } catch (recreateError) {
                log.error(
                  "Failed to re-create session",
                  {},
                  recreateError as Error,
                );
              }
            }
    
            // Handle specific model not found error
            if (
              errorMessage.includes("ProviderModelNotFoundError") ||
              errorMessage.includes("ModelNotFoundError")
            ) {
              errorMessage +=
                "\n\nTIP: Try starting a new session (click +) to use the default model.";
            }
    
            const isStructuredOutputError =
              this.isStructuredOutputTransportError(errorMessage);
            if (isStructuredOutputError) {
              const modelKey = this.getSelectedStructuredOutputModelKey();
              if (modelKey) {
                this.structuredOutputIncompatibleModelKeys.add(modelKey);
              }
              if (!retryWithoutStructuredOutput) {
                const retryFlow = log.startFeatureFlow('StructuredOutputRetry', {
                  sessionId: session.id,
                  providerID: this.selectedModel.providerID,
                  modelID: this.selectedModel.modelID,
                  errorMessage,
                });
    
                this.logger.warn(
                  "Structured output failed; auto-retrying without schema",
                  {
                    sessionId: session.id,
                    providerID: this.selectedModel.providerID,
                    modelID: this.selectedModel.modelID,
                  },
                );
                log.featureStep(retryFlow, 'retrying_without_structured_output');
    
                const result = await this.handleSendMessage(
                  text,
                  files,
                  contexts,
                  images,
                  agent,
                  true,
                  recoveredContext,
                  true,
                  errorMessage,
                );
    
                log.endFeatureFlow(retryFlow, { status: 'completed', retrySuccess: true });
                return result;
              }
              errorMessage = [
                "Structured output error: the selected model/provider did not return a usable JSON payload.",
                "Retry without structured output to continue with a plain text response.",
                "",
                `Details: ${errorMessage}`,
              ].join("\n");
            }
    
            vscode.window.showErrorMessage(`OpenCode error: ${errorMessage}`);
            this.view?.webview.postMessage({
              type: "error",
              message: errorMessage,
            });
            return;
          }
    
          // Check for hidden errors in data (e.g. ModelNotFoundError returned as JSON)
          if (
            response.data &&
            (response.data as any).suggestions &&
            (response.data as any).modelID &&
            !(response.data as any).content
          ) {
            const errData = response.data as any;
            let errorMessage = `Model '${errData.modelID}' not found in provider '${errData.providerID}'.`;
            if (errData.suggestions && errData.suggestions.length > 0) {
              errorMessage += ` Did you mean: ${errData.suggestions.join(", ")}?`;
            }
            errorMessage +=
              "\n\nTIP: Check your model selection or local OpenCode configuration.";
    
            vscode.window.showErrorMessage(errorMessage);
            this.view?.webview.postMessage({
              type: "error",
              message: errorMessage,
            });
            return;
          }
    
          // Send response back to webview
          if (response.data) {
            const rawResponse = this.buildRawResponseDebugText(response.data);
            const structuredMessage = this.applyStructuredOutputToMessage(
              response.data,
            );
            const enrichedMessage = this.enrichMessageWithPlan(structuredMessage);
            const structuredFailureText = this.firstNonEmptyString(
              (enrichedMessage as any)?.error,
            );
            if (
              !retryWithoutStructuredOutput &&
              structuredFailureText &&
              this.isStructuredOutputFailureMessage(structuredFailureText)
            ) {
              const modelKey = this.getSelectedStructuredOutputModelKey();
              if (modelKey) {
                this.structuredOutputIncompatibleModelKeys.add(modelKey);
              }
              this.logger.warn(
                "Structured output payload unusable; auto-retrying without schema",
                {
                  sessionId: session.id,
                  providerID: this.selectedModel.providerID,
                  modelID: this.selectedModel.modelID,
                  reason: structuredFailureText,
                },
              );
              return this.handleSendMessage(
                text,
                files,
                contexts,
                images,
                agent,
                true,
                recoveredContext,
                true,
                structuredFailureText,
              );
            }
            const trackerSnapshotPayload = this.subagentTracker.getSnapshotPayload();
            const hasSubagentSignal =
              this.hasStructuredSubagentSignal(enrichedMessage);
            let assistantMessageId = this.extractMessageId(enrichedMessage);
            if (!assistantMessageId && hasSubagentSignal) {
              assistantMessageId = this.subagentTracker.getLatestParentMessageId(
                session.id,
              );
              if (assistantMessageId) {
                enrichedMessage.id = assistantMessageId;
              }
            }
            if (!assistantMessageId && hasSubagentSignal) {
              assistantMessageId = this.findLatestSubagentParentMessageIdForSession(
                trackerSnapshotPayload,
                session.id,
              );
              if (assistantMessageId) {
                enrichedMessage.id = assistantMessageId;
              }
            }
            if (assistantMessageId) {
              const hydratedSubagents =
                await this.subagentTracker.finalizeParentMessage({
                  client,
                  parentSessionId: session.id,
                  parentMessageId: assistantMessageId,
                });
              if (hydratedSubagents.length > 0) {
                enrichedMessage.subagents = hydratedSubagents;
                this.view?.webview.postMessage({
                  type: "subagentUpdate",
                  ...this.subagentTracker.getPayloadForParentMessage(
                    assistantMessageId,
                  ),
                });
              } else {
                let snapshotPayload = this.subagentTracker.getPayloadForParentMessage(
                  assistantMessageId,
                );
                const hydratedFromSnapshot = this.hydrateSubagentsFromPayload(
                  assistantMessageId,
                  snapshotPayload,
                  session.id,
                );
                if (hydratedFromSnapshot.length > 0) {
                  enrichedMessage.subagents = this.mergeSubagentEntries(
                    enrichedMessage.subagents,
                    hydratedFromSnapshot,
                  );
                } else if (hasSubagentSignal) {
                  const fallbackParentMessageId =
                    this.findLatestSubagentParentMessageIdForSession(
                      trackerSnapshotPayload,
                      session.id,
                    );
                  if (
                    fallbackParentMessageId &&
                    fallbackParentMessageId !== assistantMessageId
                  ) {
                    snapshotPayload =
                      this.subagentTracker.getPayloadForParentMessage(
                        fallbackParentMessageId,
                      );
                    const hydratedFallback = this.hydrateSubagentsFromPayload(
                      fallbackParentMessageId,
                      snapshotPayload,
                      session.id,
                    );
                    if (hydratedFallback.length > 0) {
                      enrichedMessage.subagents = this.mergeSubagentEntries(
                        enrichedMessage.subagents,
                        hydratedFallback,
                      );
                      if (!this.extractMessageId(enrichedMessage)) {
                        enrichedMessage.id = fallbackParentMessageId;
                      }
                    }
                  }
                }
              }
            } else if (hasSubagentSignal) {
              const fallbackParentMessageId =
                this.findLatestSubagentParentMessageIdForSession(
                  trackerSnapshotPayload,
                  session.id,
                );
              if (fallbackParentMessageId) {
                const snapshotPayload =
                  this.subagentTracker.getPayloadForParentMessage(
                    fallbackParentMessageId,
                  );
                const hydratedFallback = this.hydrateSubagentsFromPayload(
                  fallbackParentMessageId,
                  snapshotPayload,
                  session.id,
                );
                if (hydratedFallback.length > 0) {
                  enrichedMessage.subagents = this.mergeSubagentEntries(
                    enrichedMessage.subagents,
                    hydratedFallback,
                  );
                  if (!this.extractMessageId(enrichedMessage)) {
                    enrichedMessage.id = fallbackParentMessageId;
                  }
                }
              }
            }
    
            const normalizedFallbackReason = this.firstNonEmptyString(
              structuredFallbackReason,
            );
            const plainTextFallbackMetadata =
              retryWithoutStructuredOutput && normalizedFallbackReason
                ? {
                  plainTextFallback: true,
                  plainTextFallbackMessage:
                    "Structured output failed for this turn. Showing plain text response.",
                  plainTextFallbackReason: normalizedFallbackReason.slice(0, 500),
                }
                : undefined;
            const finalMessage = plainTextFallbackMetadata
              ? {
                ...enrichedMessage,
                ...plainTextFallbackMetadata,
              }
              : enrichedMessage;
    
            const debugMessage = {
              ...finalMessage,
              rawResponse,
            };
    
            // DEBUG: Log right after creating debugMessage
            log.debug('debugMessage created', {
              hasPlan: 'plan' in debugMessage,
              planFile: debugMessage.plan?.file,
              planKeys: debugMessage.plan ? Object.keys(debugMessage.plan) : [],
              hasStructuredOutput: 'structuredOutput' in debugMessage,
              structuredOutputResponseType: debugMessage.structuredOutput?.responseType,
              structuredOutputHasPlan: debugMessage.structuredOutput?.plan ? 'yes' : 'no',
              structuredOutputPlanFile: debugMessage.structuredOutput?.plan?.file
            });
    
            // Persist canonical assistant message without raw debug payload so
            // session storage/write path stays lightweight.
            await this.sessionService.appendMessage(session.id, {
              ...finalMessage,
              timing: {
                duration: duration,
              },
            });
            // Persist a hydrated override that *includes* rawResponse for reload parity.
            await this.persistSessionMessageOverride(session.id, {
              ...debugMessage,
              timing: {
                duration: duration,
              },
            });
            const snapshotFromFinalMessage = this.buildSubagentPayloadFromMessage(
              finalMessage,
              session.id,
            );
            if (snapshotFromFinalMessage) {
              await this.persistSubagentLiveState(
                session.id,
                snapshotFromFinalMessage,
              );
            }
    
            // DEBUG: Log message right before sending to webview
            log.debug('SENDING message to webview', {
              hasPlan: 'plan' in debugMessage,
              planKeys: debugMessage.plan ? Object.keys(debugMessage.plan) : [],
              planFile: debugMessage.plan?.file,
              messageType: debugMessage.type,
              messageResponse: debugMessage.responseType,
              structuredOutputResponseType: debugMessage.structuredOutput?.responseType,
              fullMessageKeys: Object.keys(debugMessage)
            });
    
            // Try to serialize to check for circular references
            try {
              const serialized = JSON.stringify(debugMessage);
              log.debug('Serialization check', {
                success: true,
                length: serialized.length,
                hasPlanInSerialized: serialized.includes('"plan"'),
                hasFileInSerialized: serialized.includes('"file"'),
                planSubstring: serialized.includes('"plan"') ? serialized.substring(serialized.indexOf('"plan"'), Math.min(serialized.indexOf('"plan"') + 300, serialized.length)) : 'NOT FOUND'
              });
            } catch (e) {
              log.debug('Serialization FAILED', { error: e });
            }
    
            this.view?.webview.postMessage({
              type: "messageResponse",
              message: {
                ...debugMessage,
                timing: {
                  duration: duration,
                },
              },
            });
    
            // Auto-compact if the context window is getting full.
            void this.maybeAutoCompact(session.id, response.data);
          } else {
            const noDataMessageText =
              "No final response payload was returned by the provider.";
            const rawResponse = this.buildRawResponseDebugText({
              status: response?.response?.status,
              data: response?.data,
              error: response?.error,
            });
            const fallbackMessage = {
              role: "assistant",
              content: noDataMessageText,
              parts: [{ type: "text", text: noDataMessageText }],
              rawResponse,
              timing: {
                duration: duration,
              },
            };
    
            await this.sessionService.appendMessage(session.id, fallbackMessage);
            this.view?.webview.postMessage({
              type: "messageResponse",
              message: fallbackMessage,
            });
            this.logger.warn("No response data received from OpenCode", {
              sessionId: session.id,
              status: response?.response?.status,
              hasError: Boolean(response?.error),
            });
          }
        } catch (error) {
          const totalDuration = Date.now() - overallStartTime;
          this.logger.error(`❌ [TIMING] Message failed after ${totalDuration}ms`, {
            error: String(error),
            sessionId: drainSessionId,
          });
    
          const errorMessage = this.extractDetailedErrorMessage(
            error,
            "Failed to send message",
          );
          if (this.shouldSuppressInteractiveAwaitTimeout(errorMessage)) {
            this.logger.info(
              "Suppressing thrown timeout while awaiting interactive response",
              {
                sessionId: drainSessionId,
                errorMessage,
              },
            );
            return;
          }
          if (
            drainSessionId &&
            this.isLikelyInteractiveTransportFailure(errorMessage)
          ) {
            const recovered = await this.tryRecoverTimedOutResponse(
              drainSessionId,
              baselineAssistantMarker,
            );
            if (recovered) {
              this.logger.info(
                "Recovered thrown timeout from session history without user retry",
                {
                  sessionId: drainSessionId,
                  errorMessage,
                },
              );
              return;
            }
            if (
              !isRetry &&
              (this.awaitingInteractiveAnswer ||
                this.isInInteractiveResponseTransition())
            ) {
              this.logger.warn(
                "Thrown interactive transport failure; retrying once with existing payload",
                {
                  sessionId: drainSessionId,
                  errorMessage,
                },
              );
              // Provide user feedback about the retry
              this.view?.webview.postMessage({
                type: "info",
                message: "Retrying interactive response...",
                sessionId: drainSessionId,
              });
              return this.handleSendMessage(
                text,
                files,
                contexts,
                images,
                agent,
                true,
                recoveredContext,
                retryWithoutStructuredOutput,
                structuredFallbackReason,
                userFacingText,
              );
            }
          }
          vscode.window.showErrorMessage(`Failed to send message: ${errorMessage}`);
          this.logger.error("Send message exception", {
            sessionId: drainSessionId,
            errorMessage,
            errorMessages: this.collectNormalizedErrorMessages(error),
          });
    
          // Show error in webview too
          this.view?.webview.postMessage({
            type: "error",
            message: errorMessage,
          });
        } finally {
          const totalDuration = Date.now() - overallStartTime;
          log.featureStep(flow, 'message_processing_completed', {
            duration: totalDuration,
            sessionId: drainSessionId,
            timestamp: new Date().toISOString(),
          });
    
          this.logger.info(`🏁 [TIMING] Message processing completed in ${totalDuration}ms`, {
            sessionId: drainSessionId,
            timestamp: new Date().toISOString(),
          });
    
          if (debugSessionId) {
            this.promptDebugBySession.delete(debugSessionId);
          }
          if (drainSessionId) {
            this.processingSessionIds.delete(drainSessionId);
            this.sendProcessingSessionsUpdate();
          }
          this.logger.info("Processing request finished", {
            sessionId: drainSessionId,
          });
          if (drainSessionId) {
            void this.handleExecuteQueue(drainSessionId);
          }
    
          // End feature flow tracking
          log.endFeatureFlow(flow, { status: 'completed', totalDuration });
        }
      }
    
      /**
       * Enriches a message with plan information if detected.
       * FORBIDDEN TO REMOVE: This logic ensures the Implementation Plan button appears,
       * which is a core feature for user transparency and workflow.
       */
      private async resolveStopSessionId(
        requestedSessionId?: string,
      ): Promise<string | undefined> {
        const explicitSessionId = this.firstNonEmptyString(requestedSessionId);
        if (explicitSessionId) {
          return explicitSessionId;
        }
    
        const activeSessionId = this.firstNonEmptyString(this.currentSessionId);
        if (activeSessionId) {
          return activeSessionId;
        }
    
        if (!this.isProcessingRequest) {
          return undefined;
        }
    
        try {
          const currentSession = await this.sessionService.getCurrentSession();
          return this.firstNonEmptyString(currentSession?.id);
        } catch (error) {
          log.warn(
            "Failed to resolve stop session from SessionService",
            { error },
          );
          return undefined;
        }
      }
    
      /**
       * Handles stopping a request
       */
      // FORBIDDEN TO REMOVE: Stop Request Button - backend handler required by webview to abort streaming requests
      private async handleStopRequest(sessionId?: string): Promise<void> {
        let resolvedSessionId: string | undefined;
        try {
          resolvedSessionId = await this.resolveStopSessionId(sessionId);
          if (!resolvedSessionId) {
            this.logger.warn("stopRequest ignored: no active session ID resolved");
            return;
          }
    
          const client = this.serverManager.getClient();
          if (!client) {
            this.logger.warn("stopRequest skipped: no client available", {
              sessionId: resolvedSessionId,
            });
            return;
          }
    
          this.logger.info("Stopping request", {
            sessionId: resolvedSessionId,
          });
    
          const workspaceDirectory = this.getWorkspaceDirectory();
          await client.session.abort({
            path: { id: resolvedSessionId },
            query: workspaceDirectory ? { directory: workspaceDirectory } : undefined,
          });
        } catch (error) {
          log.error("Failed to stop request", {}, error as Error);
        } finally {
          if (resolvedSessionId) {
            this.processingSessionIds.delete(resolvedSessionId);
            this.sendProcessingSessionsUpdate();
          }
          this.view?.webview.postMessage({
            type: "stopRequestHandled",
            sessionId: resolvedSessionId,
          });
          if (resolvedSessionId) {
            void this.handleExecuteQueue(resolvedSessionId);
          }
        }
      }
    
      /**
       * Returns the context token limit for the currently selected model, or
       * undefined if the model/limit is unknown.
       */
      /**
       * Checks whether the context window is at or above the auto-compact
       * threshold after a completed turn and, if so, triggers compaction
       * automatically so the next turn does not hit the limit.
       *
       * The threshold is intentionally set at 90 % so compaction runs while
       * there is still room for the summary that the compaction call itself
       * produces.
       */
      /**
       * Appends text to the prompt input
       */
      async appendToPrompt(text: string): Promise<void> {
        const value = typeof text === "string" ? text.trim() : "";
        if (!value) {
          return;
        }
        this.view?.webview.postMessage({
          type: "appendPrompt",
          message: {
            role: "user",
            content: value,
            parts: [{ type: "text", text: value }],
          },
        });
      }
    
      /**
       * Adds a context badge to the prompt input
       */
      async addContext(context: any): Promise<void> {
        this.view?.webview.postMessage({
          type: "addContext",
          context,
        });
      }
    
      /**
       * Automatically adds a context badge without overwriting manual ones
       */
      async autoAddContext(context: any): Promise<void> {
        this.view?.webview.postMessage({
          type: "addContext",
          context: { ...context, isAuto: true },
        });
      }
    
      /**
       * Clears any automatically added context
       */
      async clearAutoContext(): Promise<void> {
        this.view?.webview.postMessage({
          type: "clearAutoContext",
        });
      }
    
      async handlePlanProceed(payload: {
        rawPlan: string;
        comments: PlanProceedComment[];
        sourceFile?: string;
      }): Promise<void> {
        const rawPlan = typeof payload?.rawPlan === "string" ? payload.rawPlan : "";
        if (!rawPlan.trim()) {
          vscode.window.showErrorMessage(
            "Cannot proceed because implementation plan content is empty.",
          );
          return;
        }
        const comments = Array.isArray(payload?.comments) ? payload.comments : [];
        const hasChangeRequests = comments.some(
          (comment) => comment.text.trim().length > 0,
        );
    
        const commentLines = comments.map((comment) => {
          const textRef = comment.anchor?.selectedText
            ? `On text "${comment.anchor.selectedText}": `
            : "";
          return `- ${textRef}${comment.text}`;
        });
    
        const commentsMd =
          commentLines.length > 0
            ? `# Implementation Plan Comments\n\n${commentLines.join("\n")}`
            : "";
        const providedSourceFile = this.normalizePlanFileReference(
          payload?.sourceFile,
        );
        let planFilePath: string | undefined;
    
        if (providedSourceFile) {
          const diskPlan = await this.readPlanFileFromDisk(providedSourceFile);
          if (diskPlan) {
            planFilePath = providedSourceFile;
          } else {
            const preferredPath = this.resolvePlanFileCandidates(providedSourceFile)[0];
            planFilePath = await this.persistPlan(
              rawPlan,
              preferredPath,
            );
          }
        } else {
          const fallbackCandidates = this.prioritizePlanFileCandidates([
            ...this.extractMarkdownFileReferences(rawPlan),
            ...(await this.discoverLikelyPlanFileCandidates()),
          ]);
          for (const candidate of fallbackCandidates) {
            const diskPlan = await this.readPlanFileFromDisk(candidate);
            if (!diskPlan) {
              continue;
            }
            planFilePath = candidate;
            break;
          }
        }
    
        if (!planFilePath) {
          vscode.window.showErrorMessage(
            "Cannot proceed because the plan source file path is missing. Re-open the plan and try again.",
          );
          return;
        }
    
        let commentsFilePath: string | undefined;
        if (hasChangeRequests && commentsMd) {
          const ext = path.extname(planFilePath) || ".md";
          const baseName = path.basename(planFilePath, ext);
          commentsFilePath = path.join(
            path.dirname(planFilePath),
            `${baseName}_comments.md`,
          );
          try {
            await vscode.workspace.fs.writeFile(
              vscode.Uri.file(commentsFilePath),
              new TextEncoder().encode(commentsMd),
            );
          } catch (error) {
            const message = error instanceof Error ? error.message : String(error);
            vscode.window.showErrorMessage(
              `Cannot proceed because plan comments could not be written: ${message}`,
            );
            return;
          }
        }
    
        const proceedMessage = hasChangeRequests
          ? [
            "Proceed on this plan.",
            `The attached plan file \`${planFilePath}\` is the source of truth.`,
            `Apply all reviewer comments from attached file \`${commentsFilePath}\`, then execute the resulting plan.`,
            "Begin making real edits now and continue until the implementation is complete.",
            "Do not return only a status update.",
          ].join("\n")
          : [
            "Proceed on this plan.",
            `The attached plan file \`${planFilePath}\` is the source of truth.`,
            "Execute the plan step-by-step and implement the described changes now.",
            "Begin making real edits now and continue until the implementation is complete.",
            "Do not return only a status update.",
          ].join("\n");
    
        const attachedFiles =
          hasChangeRequests && commentsFilePath
            ? [planFilePath, commentsFilePath]
            : [planFilePath];
    
        // Post addPlanAttachment message to chat webview for the visual chip
        const planGoal =
          rawPlan.match(/^#\s+(.+)/m)?.[1]?.trim() ?? "Implementation Plan";
        const planBase64 = Buffer.from(rawPlan, "utf-8").toString("base64");
        const dataUrl = `data:text/markdown;base64,${planBase64}`;
        this.view?.webview.postMessage({
          type: "addPlanAttachment",
          payload: {
            id: `plan-${Date.now()}`,
            filename: `\uD83D\uDCCB Implementation Plan: ${planGoal}`,
            mimeType: "text/markdown",
            dataUrl,
          },
        });
    
        PlanViewProvider.closeCurrentPanel();
    
        // Fire and forget so the plan tab closes immediately and execution starts in chat.
        void this.handleSendMessage(
          proceedMessage,
          attachedFiles,
          undefined,
          undefined,
          "build",
          true,
        ).catch((err) => {
          const message = err instanceof Error ? err.message : String(err);
          vscode.window.showErrorMessage(`Failed to proceed with plan: ${message}`);
        });
      }
    
      private buildRecoveredTranscript(messages: unknown[]): string {
        if (!Array.isArray(messages) || messages.length === 0) {
          return "";
        }
    
        const maxChars = 24_000;
        const lines: string[] = [];
        let used = 0;
        const recent = messages.slice(-40);
    
        for (const msg of recent) {
          const rec = this.asRecord(msg);
          if (!rec) {
            continue;
          }
          const role =
            this.firstNonEmptyString(
              rec.role,
              rec.info && this.asRecord(rec.info)?.role,
            ) || "assistant";
          const content = this.extractMessageBodyText(rec);
          if (!content) {
            continue;
          }
          const line = `[${role}] ${content}`;
          if (used + line.length + 1 > maxChars) {
            break;
          }
          lines.push(line);
          used += line.length + 1;
        }
    
        return lines.join("\n");
      }
    
      /**
       * Helper: Get session settings
       * Retrieves session-specific settings (model, agent, thinking level)
       */
      private getSessionSettings(_sessionId: string): {
        selectedModel?: { modelID: string; providerID: string };
        selectedAgent?: string;
        thinkingLevel?: string;
      } {
        // This would be implemented to retrieve per-session settings
        // For now, return empty object
        return {};
      }
    
      /**
       * Helper: Apply session settings
       * Applies session-specific model, agent, and thinking level
       */
      private async applySessionSettings(sessionId: string): Promise<void> {
        return this.modelAndAgentManager.applySessionSettings(sessionId);
      }
    
      /**
       * Helper: Migrate session settings
       * Transfers settings from old session to new session
       */
      private migrateSessionSettings(
        oldSessionId: string,
        newSessionId: string
      ): void {
        const settings = this.getSessionSettings(oldSessionId);
        if (settings.selectedModel || settings.selectedAgent || settings.thinkingLevel) {
          // Save to new session using ModelAndAgentManager
          void this.persistSessionSettings(newSessionId, {
            providerID: settings.selectedModel?.providerID,
            modelID: settings.selectedModel?.modelID,
            agent: settings.selectedAgent,
            thinkingLevel: settings.thinkingLevel,
          });
        }
      }
    
      /**
       * Shows the skill installer modal in the webview
       */
      async showSkillInstaller(): Promise<void> {
        this.view?.webview.postMessage({
          type: "showSkillInstaller",
        });
      }
    
      /**
       * Opens the My Skills panel in the webview
       */
      async openMySkills(): Promise<void> {
        this.view?.webview.postMessage({
          type: "openMySkills",
        });
      }
    
      /**
       * Refreshes the skills list in the webview
       */
      async refreshSkills(): Promise<void> {
        // TEMPORARILY DISABLED: Don't load skills to avoid 700+ skills bottleneck
        this.logger.warn("⚠️ [PERF] Skills loading disabled temporarily");
        this.view?.webview.postMessage({
          type: "mySkills",
          skills: [], // Return empty array instead of loading all skills
        });
      }
    
      /**
       * Handles skill-related messages from the webview
       */
      private async handleSkillMessage(message: {
        type: string;
        [key: string]: unknown;
      }): Promise<void> {
        switch (message.type) {
          case "getMySkills": {
            // TEMPORARILY DISABLED: Don't load skills to avoid 700+ skills bottleneck
            this.logger.warn("⚠️ [PERF] getMySkills disabled temporarily");
            this.view?.webview.postMessage({ type: "mySkills", skills: [] });
            break;
          }
    
          case "installSkill": {
            const { source, data } = message;
            let result;
    
            if (source === "url") {
              result = await this.skillManager.installFromUrl(data as string, (progress) => {
                this.view?.webview.postMessage({ type: "installProgress", progress });
              });
            } else if (source === "file") {
              result = await this.skillManager.installFromFile(data as string);
            } else {
              result = { success: false, error: "Unknown installation source" };
            }
    
            if (result.success) {
              this.view?.webview.postMessage({ type: "skillInstalled", skill: result.skill });
            } else {
              this.view?.webview.postMessage({ type: "skillError", error: result.error });
            }
            break;
          }
    
          case "removeSkill": {
            const { name } = message;
            await this.skillManager.deleteSkill(name as string);
            this.view?.webview.postMessage({ type: "skillRemoved", name });
            break;
          }
    
          case "editSkill": {
            const { name, updates } = message;
            await this.skillManager.updateSkill(name as string, updates as any);
            const skill = await this.skillManager.getSkill(name as string);
            this.view?.webview.postMessage({ type: "skillInstalled", skill });
            break;
          }
    
          case "validateSkill": {
            const { skill } = message;
            const validation = this.skillManager.validateSkill(skill);
            if (!validation.valid) {
              this.view?.webview.postMessage({
                type: "skillError",
                error: "Validation failed",
                details: validation.errors,
              });
            }
            break;
          }
    
          default:
            this.logger.warn("Unknown skill message type:", { type: message.type });
        }
      }
    
      private async saveSessionRecoveryMap(
        previousSessionId: string,
        newSessionId: string,
      ): Promise<void> {
        if (
          !previousSessionId ||
          !newSessionId ||
          previousSessionId === newSessionId
        ) {
          return;
        }
        const existing =
          this.context.globalState.get<Record<string, string>>(
            "sessionRecoveryMap",
          ) ?? {};
        existing[previousSessionId] = newSessionId;
        await this.context.globalState.update("sessionRecoveryMap", existing);
      }
    
      /**
       * Handles viewing the implementation plan
       */
      /**
       * Handles opening the file picker
       */
      private async handleAttachFiles(): Promise<void> {
        const uris = await vscode.window.showOpenDialog({
          canSelectMany: true,
          openLabel: "Attach to Chat",
          filters: {
            "All Files": ["*"],
          },
        });
    
        if (uris && uris.length > 0) {
          // Convert URIs to relative paths or absolute paths for selection
          // For now, let's just send back the absolute paths as this is what the extension uses
          const files = uris.map((u) => u.fsPath);
    
          // We need a message type to receive these in the webview
          this.view?.webview.postMessage({
            type: "filesAttached",
            files,
          });
        }
      }
    
      private async handleAttachImage(): Promise<void> {
        const uris = await vscode.window.showOpenDialog({
          canSelectMany: true,
          openLabel: "Attach Images to Chat",
          filters: {
            Images: ["png", "jpg", "jpeg", "gif", "webp"],
          },
        });
    
        if (!uris || uris.length === 0) {
          return;
        }
    
        const images = [];
        for (const uri of uris) {
          try {
            const data = await vscode.workspace.fs.readFile(uri);
            const base64 = Buffer.from(data).toString("base64");
            const mimeType = this.getMimeType(uri.fsPath);
            images.push({
              dataUrl: `data:${mimeType};base64,${base64}`,
              filename: uri.fsPath.split(/[/\\]/).pop() || uri.fsPath,
              size: data.byteLength,
            });
          } catch (error) {
            log.error(`Failed to read image ${uri.fsPath}`, { uri: uri.fsPath }, error as Error);
          }
        }
    
        if (images.length > 0) {
          this.view?.webview.postMessage({
            type: "imagesAttached",
            images,
          });
        }
      }
    
      private getMimeType(filePath: string): string {
        const ext = filePath.split(".").pop()?.toLowerCase();
        const mimeMap: Record<string, string> = {
          png: "image/png",
          jpg: "image/jpeg",
          jpeg: "image/jpeg",
          gif: "image/gif",
          webp: "image/webp",
        };
        return mimeMap[ext || ""] || "image/png";
      }
    
      /**
       * Handles opening settings
       */
      private async handleOpenSettings(): Promise<void> {
        await vscode.commands.executeCommand(
          "workbench.action.openSettings",
          "@ext:OpenCode.opencode-vscode",
        );
      }
    
      /**
       * Handle mode toggle with logging
       */
      private async handleToggleMode(newMode: string): Promise<void> {
        const oldMode = this.currentMode;
        this.currentMode = newMode;
    
        // Only log the state change here, not in the message handler
        this.logger.logStateChange('current-mode', oldMode, newMode, 'mode-toggle');
    
        // Send mode update to webview
        this.view?.webview.postMessage({
          type: 'modeChanged',
          mode: newMode,
        });
      }
    
      /**
       * Refreshes the view with current state
       */
      private refreshView(): void {
        this.view?.webview.postMessage({
          type: "initState",
          serverStatus: this.serverManager.getStatus(),
          selectedModel: this.selectedModel,
          selectedAgent: this.selectedAgent,
          currentSessionId: this.currentSessionId,
          todoItems: this.loadPersistedTodos(this.currentSessionId).items,
        });
      }
    
      /**
       * Generates the HTML content for the webview
       */
      // FORBIDDEN TO REMOVE: React Chat Asset Contract - ensure <div id="root"> and chat.js/chat.css wiring remain intact
      private getHtmlContent(webview: vscode.Webview): string {
        const styleUri = webview.asWebviewUri(
          vscode.Uri.joinPath(
            this.context.extensionUri,
            "webview",
            "shared",
            "dist",
            "chat.css",
          ),
        );
        const scriptUri = webview.asWebviewUri(
          vscode.Uri.joinPath(
            this.context.extensionUri,
            "webview",
            "shared",
            "dist",
            "chat.js",
          ),
        );
    
        return `<!DOCTYPE html>
    <html lang="en">
    <head>
      <meta charset="UTF-8">
      <meta name="viewport" content="width=device-width, initial-scale=1.0">
      <meta http-equiv="Content-Security-Policy" content="default-src 'none'; img-src ${webview.cspSource} data: blob:; style-src ${webview.cspSource} 'unsafe-inline'; script-src ${webview.cspSource};">
      <link href="${styleUri}" rel="stylesheet">
      <title>OpenCode Chat</title>
    </head>
    <body>
      <div id="root"></div>
      <script type="module" src="${scriptUri}"></script>
    </body>
    </html>`;
      }
    
      /**
       * Handles file search requests from the webview
       */
      private async handleSearchFiles(query: string) {
        const flow = log.startFeatureFlow('FileSearch', { queryLength: query.length });
    
        if (!query) {
          log.endFeatureFlow(flow, { result: 'skipped', reason: 'Empty query' });
          this.view?.webview.postMessage({
            type: "fileSearchResults",
            results: [],
          });
          return;
        }
    
        try {
          log.featureStep(flow, 'searching_files', { query, maxResults: 20 });
          const startTime = Date.now();
    
          // Simple file search using VS Code API
          // Limit to 20 results for performance
          const files = await vscode.workspace.findFiles(
            `**/*${query}*`,
            "**/node_modules/**",
            20,
          );
    
          const duration = Date.now() - startTime;
          const results = files.map((f) => {
            const relativePath = vscode.workspace.asRelativePath(f);
            return {
              path: relativePath,
              name: relativePath.split(/[\\/]/).pop() || relativePath,
            };
          });
    
          log.featureStep(flow, 'search_completed', {
            resultCount: results.length,
            duration,
          });
    
          this.view?.webview.postMessage({
            type: "fileSearchResults",
            results: results,
          });
    
          log.endFeatureFlow(flow, { result: 'completed', resultCount: results.length, duration });
        } catch (error) {
          log.error('File search failed', { query }, error as Error);
          log.endFeatureFlow(flow, { result: 'failed', error: String(error) });
          this.view?.webview.postMessage({
            type: "fileSearchResults",
            results: [],
          });
        }
      }
    
      /**
       * Handles requests to get OpenCode configuration files
       */
      private async handleGetOpenCodeConfig(fileName?: string) {
        try {
          // Scan all JSON config files
          const configFiles = await this.configFilesProvider.scanFiles();
    
          // Determine which file to load
          let selectedFile: ConfigFile | undefined;
          if (fileName && configFiles.length > 0) {
            // Load specific file if requested
            selectedFile = configFiles.find(f => f.name === fileName || f.path === fileName);
          } else if (configFiles.length > 0) {
            // Default to first file (alphabetically sorted)
            selectedFile = configFiles[0];
          }
    
          if (!selectedFile) {
            // No config files found - send empty state with available files list
            this.view?.webview.postMessage({
              type: "opencodeConfigFiles",
              files: configFiles.map(f => ({
                name: f.name,
                path: f.path,
                lastModified: f.lastModified,
                size: f.size,
              })),
              currentFile: null,
            });
            return;
          }
    
          // Send config data with files list
          this.view?.webview.postMessage({
            type: "opencodeConfig",
            content: selectedFile.content,
            filePath: selectedFile.path,
            fileName: selectedFile.name,
            files: configFiles.map(f => ({
              name: f.name,
              path: f.path,
              lastModified: f.lastModified,
              size: f.size,
            })),
          });
        } catch (error) {
          this.logger.error("Failed to load OpenCode config", undefined, error instanceof Error ? error : new Error(String(error)));
          this.view?.webview.postMessage({
            type: "opencodeConfigError",
            error: error instanceof Error ? error.message : "Failed to load configuration",
          });
        }
      }
    
      /**
       * Handles requests to save OpenCode configuration
       */
      private async handleSaveOpenCodeConfig(content: string, filePath?: string) {
        const flow = log.startFeatureFlow('SaveConfig', { filePath, contentLength: content.length });
    
        try {
          if (!filePath) {
            log.endFeatureFlow(flow, { result: 'failed', reason: 'No file path provided' });
            throw new Error("File path is required for saving configuration");
          }
    
          log.featureStep(flow, 'saving_config_file', { filePath, contentLength: content.length });
          const result = await this.configFilesProvider.saveFile(filePath, content);
    
          this.view?.webview.postMessage({
            type: "opencodeConfigSaved",
            success: result.success,
            error: result.error,
            filePath,
          });
    
          if (result.success) {
            this.logger.info(`OpenCode config saved: ${filePath}`);
            log.endFeatureFlow(flow, { result: 'completed', filePath });
          } else {
            log.endFeatureFlow(flow, { result: 'failed', error: result.error });
          }
        } catch (error) {
          this.logger.error("Failed to save OpenCode config", undefined, error instanceof Error ? error : new Error(String(error)));
          log.endFeatureFlow(flow, { result: 'failed', error: String(error) });
          this.view?.webview.postMessage({
            type: "opencodeConfigSaved",
            success: false,
            error: error instanceof Error ? error.message : "Failed to save configuration",
            filePath,
          });
        }
      }
    
      /**
       * Reconciles the selected model against the fetched model catalog.
       *
       * Matching priority:
       * 1) exact providerID + modelID
       * 2) legacy fallback by modelID only when provider is missing/generic and match is unique
       *
       * We intentionally do NOT remap by modelID alone when multiple providers expose the same model.
       */
      /**
       * Resolves the default model from the CLI config
       */
      /**
       * Handles fetching available models from OpenCode
       */
      /**
       * Fetches slash commands from OpenCode SDK and sends them to the webview.
       * Uses a short-lived cache because commands are mostly static during a session.
       */
      /**
       * Handles fetching available agents via the OpenCode SDK and sends the list
       * to the webview. Falls back to a minimal built-in list if the server is
       * unavailable.
       */
      // ─── Per-session settings helpers ────────────────────────────────────────
    
      /** Returns the full persisted map of all session settings. */
      /**
       * Returns the persisted settings for a specific session.
       * Returns an empty object when no settings have been saved yet.
       */
      /**
       * Merges `partial` into the persisted settings for `sessionId` and saves
       * the updated map back to global state.
       */
      /**
       * Loads the persisted settings for `sessionId` and applies them to the
       * provider's in-memory state (`selectedAgent`, `selectedModel`).
       * Fields that have no saved value are left unchanged.
       */
      /**
       * Fetches MCP server status from the OpenCode SDK and forwards it to the
       * webview. The webview dispatches `SET_MCP_SERVERS` from the `mcpStatus`
       * message. Tool IDs are fetched in parallel so each server row can show its
       * list of tools when the user expands it.
       */
      private async handleGetMcpStatus(): Promise<void> {
        const flow = log.startFeatureFlow('GetMcpStatus', {});
    
        try {
          log.featureStep(flow, 'fetching_mcp_status');
          const client = await this.serverManager.ensureRunning();
    
          log.featureStep(flow, 'fetching_mcp_and_tool_data');
          const [mcpRes, toolIdsRes] = await Promise.all([
            client.mcp.status(),
            client.tool.ids().catch(() => ({ data: [] })),
          ]);
    
          const servers = mcpRes.data ?? {};
          const toolIds: string[] = Array.isArray(toolIdsRes?.data)
            ? toolIdsRes.data
            : [];
    
          log.featureStep(flow, 'sending_status_to_webview', {
            serverCount: Object.keys(servers).length,
            toolCount: toolIds.length,
          });
    
          this.view?.webview.postMessage({
            type: "mcpStatus",
            servers,
            toolIds,
          });
    
          log.info(
            `MCP status sent: ${Object.keys(servers).length} server(s), ${toolIds.length} tool(s)`,
          );
    
          log.endFeatureFlow(flow, { result: 'completed', serverCount: Object.keys(servers).length, toolCount: toolIds.length });
        } catch (err) {
          log.error(
            "handleGetMcpStatus failed",
            {},
            err instanceof Error ? err : undefined,
          );
          log.endFeatureFlow(flow, { result: 'failed', error: String(err) });
        }
      }
    
      /**
       * Fetches LSP server status from the OpenCode SDK and forwards it to the
       * webview. The webview dispatches `SET_LSP_SERVERS` from the `lspStatus`
       * message.
       */
      private async handleGetLspStatus(): Promise<void> {
        const flow = log.startFeatureFlow('GetLspStatus', {});
    
        try {
          log.featureStep(flow, 'fetching_server_status');
          const client = await this.serverManager.ensureRunning();
          const workspaceDir = this.getWorkspaceDirectory();
    
          log.featureStep(flow, 'fetching_lsp_status', { workspaceDir });
          // Pass directory parameter to LSP status endpoint so the server
          // can detect language servers for the current workspace
          const res = workspaceDir
            // eslint-disable-next-line @typescript-eslint/no-explicit-any
            ? await client.lsp.status({ directory: workspaceDir } as any)
            : await client.lsp.status();
    
          const servers = Array.isArray(res.data) ? res.data : [];
    
          log.featureStep(flow, 'sending_status_to_webview', { serverCount: servers.length });
          this.view?.webview.postMessage({
            type: "lspStatus",
            servers,
          });
    
          log.info(
            `LSP status sent: ${servers.length} server(s)` +
            (workspaceDir ? ` for workspace: ${workspaceDir}` : ""),
          );
    
          log.endFeatureFlow(flow, { result: 'completed', serverCount: servers.length });
        } catch (err) {
          log.error(
            "handleGetLspStatus failed",
            {},
            err instanceof Error ? err : undefined,
          );
          log.endFeatureFlow(flow, { result: 'failed', error: String(err) });
        }
      }
    
      /**
       * Ensures a default primary agent is selected for the current session.
       * Falls back to "build" (the built-in default primary agent) if nothing
       * has been persisted.
       */
      private async syncCLIAgents(): Promise<void> {
        if (!this.selectedAgent) {
          this.selectedAgent = "build";
          log.info("No agent set, defaulting to 'build'");
        }
      }
    
      private async handleReviewChanges() {
        try {
          const workspaceFolder = vscode.workspace.workspaceFolders?.[0];
          if (!workspaceFolder) {
            await vscode.commands.executeCommand("workbench.view.scm");
            return;
          }
    
          const cwd = workspaceFolder.uri.fsPath;
          const runGit = (...args: string[]): Promise<string> =>
            new Promise((resolve, reject) => {
              cp.execFile(
                "git",
                args,
                { cwd, maxBuffer: 10 * 1024 * 1024 },
                (err, stdout) => {
                  if (err && err.code !== 1) {
                    reject(err);
                  } else {
                    resolve(stdout);
                  }
                },
              );
            });
    
          const diffOutput = await runGit("diff", "HEAD");
    
          // Include untracked files as pseudo-diffs
          const untrackedFilesOutput = await runGit(
            "ls-files",
            "--others",
            "--exclude-standard",
          );
          const untrackedFiles = untrackedFilesOutput
            .split("\n")
            .filter((f) => f.trim());
    
          let allDiffs = diffOutput;
          for (const file of untrackedFiles) {
            try {
              const fileUri = vscode.Uri.file(path.join(cwd, String(file)));
              const content = await vscode.workspace.fs.readFile(fileUri);
              const text = new TextDecoder().decode(content);
              const lines = text.split("\n");
              const pseudoDiff = [
                `--- /dev/null`,
                `+++ b/${file.replace(/\\/g, "/")}`,
                `@@ -0,0 +1,${lines.length} @@`,
                ...lines.map((l) => `+${l}`),
                "",
              ].join("\n");
              allDiffs += (allDiffs ? "\n" : "") + pseudoDiff;
            } catch (e: any) {
              log.warn(
                `Failed to read untracked file ${String(file)}: ${e instanceof Error ? e.message : String(e)}`,
                { file: String(file) },
              );
            }
          }
    
          if (allDiffs) {
            const diffFiles = this.parseUnifiedDiff(allDiffs);
            if (diffFiles.length > 0) {
              await vscode.commands.executeCommand("opencode.showDiffReview", {
                files: diffFiles,
              });
              return;
            }
          }
    
          // Fallback to SCM view if no diffs found
          await vscode.commands.executeCommand("workbench.view.scm");
        } catch (error: any) {
          vscode.window.showErrorMessage(
            `Failed to open changes: ${error.message}`,
          );
        }
      }
    
      private buildDiffExcerpt(diffOutput: string): {
        header?: string;
        lines: string[];
        added?: number;
        deleted?: number;
      } | undefined {
        const diffFiles = this.parseUnifiedDiff(diffOutput);
        if (diffFiles.length === 0) {
          return undefined;
        }
        const firstFile = diffFiles[0];
        const firstHunk = Array.isArray(firstFile.hunks) ? firstFile.hunks[0] : undefined;
        if (!firstHunk || !Array.isArray(firstHunk.lines) || firstHunk.lines.length === 0) {
          return undefined;
        }
        return {
          header: typeof firstHunk.header === "string" ? firstHunk.header : undefined,
          lines: firstHunk.lines.slice(0, 40).map((line: unknown) =>
            typeof line === "string" ? line.slice(0, 300) : "",
          ),
          added:
            typeof firstFile.added === "number" && Number.isFinite(firstFile.added)
              ? firstFile.added
              : undefined,
          deleted:
            typeof firstFile.deleted === "number" && Number.isFinite(firstFile.deleted)
              ? firstFile.deleted
              : undefined,
        };
      }
    
      private async getDiffActivityEnrichment(
        filePath: string,
      ): Promise<
        | {
          diffStats?: { added: number; deleted: number };
          diffExcerpt?: { header?: string; lines: string[]; added?: number; deleted?: number };
        }
        | undefined
      > {
        try {
          const workspaceFolder = vscode.workspace.workspaceFolders?.[0];
          if (!workspaceFolder) return undefined;
    
          const fullPath = path.isAbsolute(filePath)
            ? filePath
            : path.join(workspaceFolder.uri.fsPath, filePath);
          const cwd = workspaceFolder.uri.fsPath;
    
          const runGit = (...args: string[]): Promise<string> =>
            new Promise((resolve, reject) => {
              cp.execFile(
                "git",
                args,
                { cwd, maxBuffer: 10 * 1024 * 1024 },
                (err, stdout) => {
                  if (err && err.code !== 1) {
                    reject(err);
                  } else {
                    resolve(stdout);
                  }
                },
              );
            });
    
          let diffOutput = "";
          try {
            diffOutput = await runGit("diff", "HEAD", "--", fullPath);
            if (!diffOutput) {
              diffOutput = await runGit("diff", "--cached", "--", fullPath);
            }
            if (!diffOutput) {
              // New file fallback
              try {
                const fileUri = vscode.Uri.file(fullPath);
                const content = await vscode.workspace.fs.readFile(fileUri);
                const text = new TextDecoder().decode(content);
                const lines = text.split("\n");
                return {
                  diffStats: { added: lines.length, deleted: 0 },
                  diffExcerpt: {
                    header: `@@ -0,0 +1,${lines.length} @@`,
                    lines: lines.slice(0, 40).map((line) => `+${line.slice(0, 299)}`),
                    added: lines.length,
                    deleted: 0,
                  },
                };
              } catch {
                return undefined;
              }
            }
          } catch {
            return undefined;
          }
    
          if (diffOutput) {
            const diffFiles = this.parseUnifiedDiff(diffOutput);
            if (diffFiles.length > 0 && diffFiles[0]) {
              return {
                diffStats: {
                  added: diffFiles[0].added,
                  deleted: diffFiles[0].deleted,
                },
                diffExcerpt: this.buildDiffExcerpt(diffOutput),
              };
            }
          }
          return undefined;
        } catch (error) {
          log.error("getDiffActivityEnrichment error", {}, error as Error);
          return undefined;
        }
      }
    
      private async handleOpenDiff(filePath: string) {
        try {
          const workspaceFolder = vscode.workspace.workspaceFolders?.[0];
          if (!workspaceFolder) return;
    
          const fullPath = path.isAbsolute(filePath)
            ? filePath
            : path.join(workspaceFolder.uri.fsPath, filePath);
          const fileUri = vscode.Uri.file(fullPath);
          const cwd = workspaceFolder.uri.fsPath;
    
          const runGit = (...args: string[]): Promise<string> =>
            new Promise((resolve, reject) => {
              cp.execFile(
                "git",
                args,
                { cwd, maxBuffer: 10 * 1024 * 1024 },
                (err, stdout) => {
                  // exit code 1 from git diff means there are changes (not an error)
                  if (err && err.code !== 1) {
                    reject(err);
                  } else {
                    resolve(stdout);
                  }
                },
              );
            });
    
          let diffOutput = "";
          try {
            // Try HEAD diff first (tracked modified file)
            diffOutput = await runGit("diff", "HEAD", "--", fullPath);
            if (!diffOutput) {
              // Maybe the file is staged but not committed — try staged diff
              diffOutput = await runGit("diff", "--cached", "--", fullPath);
            }
            if (!diffOutput) {
              // New untracked file: generate a pseudo-diff showing full content as additions
              const content = await vscode.workspace.fs.readFile(fileUri);
              const text = new TextDecoder().decode(content);
              const lines = text.split("\n");
              diffOutput = [
                `--- /dev/null`,
                `+++ b/${filePath.replace(/\\/g, "/")}`,
                `@@ -0,0 +1,${lines.length} @@`,
                ...lines.map((l) => `+${l}`),
              ].join("\n");
            }
          } catch (e) {
            log.warn(`git diff failed: ${e instanceof Error ? e.message : String(e)}`, {});
          }
    
          if (diffOutput) {
            const diffFiles = this.parseUnifiedDiff(diffOutput);
            if (diffFiles.length > 0) {
              await vscode.commands.executeCommand("opencode.showDiffReview", {
                files: diffFiles,
              });
              return;
            }
          }
    
          // Absolute fallback: open the file normally
          await vscode.commands.executeCommand("vscode.open", fileUri);
        } catch (error: any) {
          vscode.window.showErrorMessage(`Failed to open diff: ${error.message}`);
        }
      }
    
      private parseUnifiedDiff(diff: string): any[] {
        const files: any[] = [];
        const lines = diff.split("\n");
        let currentFile: any = null;
        let currentHunk: any = null;
    
        for (const line of lines) {
          if (line.startsWith("--- ") || line.startsWith("+++ ")) {
            const isNew = line.startsWith("+++ ");
            const pathMatch = line.match(/^\+\+\+ (?:b\/)?(.*)$/);
            if (isNew && pathMatch) {
              if (currentFile) files.push(currentFile);
              currentFile = {
                path: pathMatch[1],
                added: 0,
                deleted: 0,
                hunks: [],
              };
            }
            continue;
          }
    
          if (line.startsWith("@@ ")) {
            if (!currentFile) continue;
            currentHunk = {
              header: line,
              lines: [],
            };
            currentFile.hunks.push(currentHunk);
            continue;
          }
    
          if (currentHunk) {
            if (line.startsWith("+")) {
              currentFile.added++;
              currentHunk.lines.push(line);
            } else if (line.startsWith("-")) {
              currentFile.deleted++;
              currentHunk.lines.push(line);
            } else if (line.startsWith(" ") || line === "") {
              currentHunk.lines.push(line);
            }
          }
        }
    
        if (currentFile) files.push(currentFile);
        return files;
      }
    
      /**
       * Handles opening a file in the editor
       */
      private async handleOpenFile(filePath: string) {
        try {
          const workspaceFolder = vscode.workspace.workspaceFolders?.[0];
          if (!workspaceFolder) return;
    
          const fullPath = path.isAbsolute(filePath)
            ? filePath
            : path.join(workspaceFolder.uri.fsPath, filePath);
          const fileUri = vscode.Uri.file(fullPath);
    
          await vscode.commands.executeCommand("vscode.open", fileUri);
        } catch (error: unknown) {
          const msg = error instanceof Error ? error.message : JSON.stringify(error);
          vscode.window.showErrorMessage(`Failed to open file: ${msg}`);
        }
      }
    
      // PROMPT-OWNERSHIP: do not modify — transport-only path
      /**
       * Removes a message from a session queue
       */
      /**
       * Clears the prompt queue for a given session
       */
      /**
       * Executes a session queue sequentially. Only one queue drain can run at a time.
       */
      /**
       * Sends the current budget status to the webview
       */
      private sendBudgetInfo() {
        try {
          // Get actual Copilot quota data from QuotaService
          const quotaData = this.quotaService.cachedData;
          const copilotPlatform = quotaData?.platforms?.find(
            (p) => p.platform === "github-copilot",
          );
    
          if (!copilotPlatform) {
            return;
          }
    
          // Extract data from Copilot quota
          const copilotQuota = copilotPlatform.quotas?.[0]; // "Premium" quota
          if (!copilotQuota) {
            return;
          }
    
          // Parse "usedTotalDisplay" which is in format "X / Y"
          const usedTotalMatch =
            copilotQuota.usedTotalDisplay?.match(/(\d+)\s*\/\s*(\d+)/);
          const totalUsed = usedTotalMatch ? parseInt(usedTotalMatch[1], 10) : 0;
          const monthlyQuota = usedTotalMatch
            ? parseInt(usedTotalMatch[2], 10)
            : 300;
    
          // Calculate daily allowance
          const today = new Date();
          const todayStr = today.toISOString().split("T")[0];
          const daysInMonth = new Date(
            today.getFullYear(),
            today.getMonth() + 1,
            0,
          ).getDate();
          const dayOfMonth = today.getDate();
          const dailyAllowance = Math.ceil(monthlyQuota / daysInMonth);
    
          // --- NEW ACCURATE USAGE CALCULATION ---
          // Get baseline for today. If none exists, this is the first time we're seeing
          // quota data today, so current totalUsed becomes the baseline.
          let baseline = this.budgeter.getBaselineForDate(todayStr);
          if (baseline === null) {
            this.budgeter.setBaselineForDate(todayStr, totalUsed);
            baseline = totalUsed;
          }
    
          // Today's usage is the difference between current total and morning's baseline
          const usedToday = Math.max(0, totalUsed - baseline);
          // --------------------------------------
    
          // Calculate accumulated budget up to today (days passed × daily allowance)
          const budgetSoFar = dayOfMonth * dailyAllowance;
    
          // Available today = (accumulated budget - baseline) - used today
          // Simplified: accumulated budget - totalUsed
          const availableToday = Math.max(0, budgetSoFar - totalUsed);
    
          const remainingToday = Math.max(0, dailyAllowance - usedToday);
    
          // Project monthly usage (current rate × days in month)
          const projectedMonthlyUsage =
            dayOfMonth > 0 ? Math.round((totalUsed / dayOfMonth) * daysInMonth) : 0;
    
          // Determine warning level
          let warningLevel: "ok" | "warning" | "critical" = "ok";
          if (remainingToday === 0) {
            warningLevel = "critical";
          } else if (remainingToday < dailyAllowance * 0.3) {
            warningLevel = "warning";
          }
    
          // Generate advice
          const advice: string[] = [];
          if (remainingToday === 0) {
            advice.push(
              "⚠️ You've used your available requests for today. Consider reducing usage to avoid running out this month.",
            );
          } else if (availableToday > dailyAllowance * 2) {
            advice.push(
              `💡 You have ${availableToday} requests available today (including ${availableToday - dailyAllowance
              } unused from previous days)!`,
            );
          } else if (projectedMonthlyUsage > monthlyQuota) {
            advice.push(
              `🚨 At your current rate, you'll exceed your monthly quota! Try to stay under ${dailyAllowance} requests/day.`,
            );
          } else if (warningLevel === "ok") {
            advice.push(
              `✅ You have ${remainingToday} requests available today. Base daily allowance: ${dailyAllowance}.`,
            );
          }
    
          const budgetInfo = {
            planName: copilotPlatform.accountLabel?.replace(/[()]/g, "") || "Pro",
            monthlyQuota: monthlyQuota,
            usedToday: usedToday,
            dailyAllowance: dailyAllowance,
            availableToday: availableToday,
            remainingToday: remainingToday,
            daysRemaining: daysInMonth - dayOfMonth + 1,
            projectedMonthlyUsage: projectedMonthlyUsage,
            warningLevel: warningLevel,
            advice: advice,
          };
    
          this.view?.webview.postMessage({
            type: "budgetInfo",
            data: budgetInfo,
          });
        } catch (error) {
          log.error("Failed to send budget info", {}, error as Error);
        }
      }
    
      /**
       * Sends the current queue state to the webview
       */
      public dispose(): void {
        if (this.unsubscribe) {
          this.unsubscribe();
          this.unsubscribe = undefined;
        }
        this.streamService.dispose();
        this.quotaService.dispose();
        this.fileThemeProcessor.unsubscribe(this);
        this.isBootstrappingWebview = false;
        this.hasInitializedWebview = false;
        this.sessionsListRequestVersion = 0;
        this.lastSessionsPayloadFingerprint = undefined;
        this.queueBySessionId.clear();
        this.view = undefined;
    
        // Clear any pending todo persistence timer
        if (this.todoPersistenceTimer) {
          clearTimeout(this.todoPersistenceTimer);
          this.todoPersistenceTimer = null;
        }
      }
    
      // --- File Icon Theme Sync Methods ---
    
      /**
       * Called when the file theme processor state changes.
       */
      public notify(state: FileThemeProcessorState): void {
        if (state === "ready") {
          this.sendThemeDataToWebview();
        }
      }
    
      /**
       * Generates and sends the file theme CSS to the webview.
       */
      private async sendThemeDataToWebview(): Promise<void> {
        if (!this.view) {
          return;
        }
    
        try {
          const themeData = this.fileThemeProcessor.getThemeData();
          if (!themeData.data || !themeData.themeId) {
            return;
          }
    
          const cssData = this.cssGenerator.getCss(
            themeData.data,
            themeData.themeId,
            this.view.webview,
          );
          const combinedCss = `${cssData.fontFaceCss}\n${cssData.iconCss}`;
          this.currentThemeCss = combinedCss;
    
          // Update localResourceRoots to include theme extension paths
          if (themeData.localResourceRoots.length > 0) {
            const roots = [
              this.context.extensionUri,
              ...themeData.localResourceRoots.map((root) => vscode.Uri.file(root)),
            ];
            this.view.webview.options = {
              ...this.view.webview.options,
              localResourceRoots: roots,
            };
          }
    
          await this.view.webview.postMessage({
            type: "injectThemeCss",
            css: combinedCss,
          });
          log.debug("Injected theme CSS into webview");
        } catch (error) {
          log.error(
            "Failed to send theme data to webview",
            {},
            error as Error,
          );
        }
      }
    }
    
  operator: 'match'
  stack: |-
    TestContext.<anonymous> (file:///E:/Projects/vscode-opencode/tests/unit/slash-commands.test.mjs:51:10)
    Test.runInAsyncScope (node:async_hooks:214:14)
    Test.run (node:internal/test_runner/test:1047:25)
    Test.processPendingSubtests (node:internal/test_runner/test:744:18)
    Test.postRun (node:internal/test_runner/test:1173:19)
    Test.run (node:internal/test_runner/test:1101:12)
    async startSubtestAfterBootstrap (node:internal/test_runner/harness:296:3)
  ...
# Subtest: slash commands include mapped fields from skill definition
ok 1200 - slash commands include mapped fields from skill definition
  ---
  duration_ms: 3.6468
  type: 'test'
  ...
# Subtest: slash commands handler gracefully handles errors
ok 1201 - slash commands handler gracefully handles errors
  ---
  duration_ms: 1.9115
  type: 'test'
  ...
# Subtest: store canonicalization converts internal transport messages to system role
ok 1202 - store canonicalization converts internal transport messages to system role
  ---
  duration_ms: 4.8773
  type: 'test'
  ...
# Subtest: store canonicalization prevents system messages from being treated as assistant messages
ok 1203 - store canonicalization prevents system messages from being treated as assistant messages
  ---
  duration_ms: 1.7625
  type: 'test'
  ...
# Subtest: store canonicalization includes pattern-based detection
ok 1204 - store canonicalization includes pattern-based detection
  ---
  duration_ms: 0.661
  type: 'test'
  ...
# Subtest: structured output sync script supports drift check mode
ok 1205 - structured output sync script supports drift check mode
  ---
  duration_ms: 3.4619
  type: 'test'
  ...
# Subtest: generated structured output schema matches shared source contract
ok 1206 - generated structured output schema matches shared source contract
  ---
  duration_ms: 0.8238
  type: 'test'
  ...
# Subtest: generated structured output validator matches shared source contract
ok 1207 - generated structured output validator matches shared source contract
  ---
  duration_ms: 0.9522
  type: 'test'
  ...
# Subtest: subagent tracker correlates subtask parts with child sessions
ok 1208 - subagent tracker correlates subtask parts with child sessions
  ---
  duration_ms: 17.8678
  type: 'test'
  ...
# Subtest: subagent tracker hydrates from session.children and child session messages
ok 1209 - subagent tracker hydrates from session.children and child session messages
  ---
  duration_ms: 0.9756
  type: 'test'
  ...
# Subtest: chat provider emits subagent update/snapshot payloads
ok 1210 - chat provider emits subagent update/snapshot payloads
  ---
  duration_ms: 1.6946
  type: 'test'
  ...
# Subtest: subagent live sidecar snapshot is keyed per session and restored on load
ok 1211 - subagent live sidecar snapshot is keyed per session and restored on load
  ---
  duration_ms: 2.0585
  type: 'test'
  ...
# Subtest: subagent live sidecar persists on stream updates and assistant snapshot saves
ok 1212 - subagent live sidecar persists on stream updates and assistant snapshot saves
  ---
  duration_ms: 5.9857
  type: 'test'
  ...
# Subtest: stream subagent persistence uses active parent session context instead of event session id
ok 1213 - stream subagent persistence uses active parent session context instead of event session id
  ---
  duration_ms: 8.1379
  type: 'test'
  ...
# Subtest: subagent live sidecar cleanup runs on session create/delete transitions
ok 1214 - subagent live sidecar cleanup runs on session create/delete transitions
  ---
  duration_ms: 1.4172
  type: 'test'
  ...
# Subtest: session hydration posts merged subagent snapshot payload after chat history replay
ok 1215 - session hydration posts merged subagent snapshot payload after chat history replay
  ---
  duration_ms: 1.0332
  type: 'test'
  ...
# Subtest: session hydration remaps and persists subagent snapshots
ok 1216 - session hydration remaps and persists subagent snapshots
  ---
  duration_ms: 1.7598
  type: 'test'
  ...
# Subtest: chat shell does not mount subagents panel in right rail anymore
ok 1217 - chat shell does not mount subagents panel in right rail anymore
  ---
  duration_ms: 6.3182
  type: 'test'
  ...
# Subtest: assistant messages render spawned agents section
ok 1218 - assistant messages render spawned agents section
  ---
  duration_ms: 1.0009
  type: 'test'
  ...
# Subtest: subagents inline list shows row details and timeline drilldown
not ok 1219 - subagents inline list shows row details and timeline drilldown
  ---
  duration_ms: 4.5435
  type: 'test'
  location: 'E:\\Projects\\vscode-opencode\\tests\\unit\\subagent-ui-contract.test.mjs:32:1'
  failureType: 'testCodeFailure'
  error: 'subagent rows should include elapsed time'
  code: 'ERR_ASSERTION'
  name: 'AssertionError'
  expected:
  actual: |-
    import {
      useEffect,
      useMemo,
      useRef,
      useState,
      memo,
      type CSSProperties,
    } from "react";
    import {
      Check,
      Copy,
      FileText as FileTextIcon,
      Loader2,
      X,
      Sparkles,
      RotateCw,
      Zap,
      AlertCircle,
      StopCircle,
    } from "lucide-react";
    
    import { Badge } from "@/components/ui/badge";
    import { Stepper, StepperItem } from "@/components/ui/stepper";
    import { TerminalBlock } from "@/components/ui/TerminalBlock";
    import { ExpandableStep } from "@/components/ui/ExpandableStep";
    import { StepIndicator } from "@/components/ui/StepIndicator";
    import { cn, formatDuration } from "@/utils";
    
    import { MarkdownRenderer } from "../components/MarkdownRenderer";
    import { ActivityDiffExcerpt } from "./components/ActivityDiffExcerpt";
    import { CompactDiffPreview } from "./components/CompactDiffPreview";
    import { ImagePreviewModal } from "./ImagePreviewModal";
    import { SubagentDetailModal } from "./SubagentDetailModal";
    
    import type {
      ActivityDetail,
      AppState,
      InteractiveEvent,
      Message,
      MessagePart,
      MessageStep,
      ReasoningEvent,
      StreamingState,
      StreamingStep,
      SubagentDetail,
      SubagentSummary,
      TodoItem,
    } from "./lib/types";
    import { useAppDispatch, useAppState } from "./lib/store";
    import { jumpToMessage } from "./lib/messageJump";
    import vscode from "./lib/vscode";
    
    // File extension color mapping for icons
    const FILE_COLOR_MAP: Record<string, string> = {
      ts: "#3178c6",
      js: "#f1e05a",
      tsx: "#3178c6",
      jsx: "#f1e05a",
      css: "#563d7c",
      html: "#e34c26",
      json: "#f1e05a",
      md: "#083fa1",
      vue: "#41b883",
      py: "#3572A5",
      go: "#00ADD8",
      java: "#b07219",
      rs: "#dea584",
      php: "#4F5D95",
      rb: "#701516",
      swift: "#ffac45",
      kt: "#F18E33",
      c: "#555555",
      cpp: "#f34b7d",
      h: "#a8ff97",
      hpp: "#a8ff97",
    };
    
    // Extract file extension from path
    function getFileExtension(path: string): string {
      const match = path.match(/\.([a-zA-Z0-9]+)(?::|:|$)/);
      return match ? match[1].toLowerCase() : "";
    }
    
    // Get color for file extension
    function getFileColor(ext: string): string {
      return FILE_COLOR_MAP[ext] || "var(--oc-text-muted)";
    }
    
    function isReasoningPart(part: MessagePart): boolean {
      const type = (part.type ?? "").toLowerCase();
      return (
        type === "reasoning" ||
        type === "thinking" ||
        type === "thought" ||
        !!part.reasoning ||
        !!part.thought ||
        !!part.thinking
      );
    }
    
    function isRenderableAssistantTextPart(part: MessagePart): boolean {
      if (isReasoningPart(part)) {
        return false;
      }
      const type = (part.type ?? "").toLowerCase();
      if (!type) {
        return true;
      }
      return type === "text" || type === "message" || type === "output_text";
    }
    
    function isStructuredOutputFailureMessage(value?: string): boolean {
      const normalized = (value || "").trim().toLowerCase();
      if (!normalized) return false;
      return (
        normalized.includes("structured output error") ||
        normalized.includes("empty structured payload") ||
        normalized.includes("valid structured response") ||
        normalized.includes("json_schema") ||
        normalized.includes("structuredoutput")
      );
    }
    
    function patchMessageRetryState(
      message: Message,
      retryWithoutStructuredOutput: boolean,
    ): Message {
      const retryMessage = retryWithoutStructuredOutput
        ? "Retrying without structured output..."
        : "Retrying request...";
      const existingParts = Array.isArray(message.parts) ? [...message.parts] : [];
      const nextParts =
        existingParts.length > 0
          ? existingParts.map((part, index) => {
            if (index === 0 && (part.type === "text" || !part.type)) {
              return { ...part, type: "text", text: retryMessage };
            }
            return part;
          })
          : [{ type: "text", text: retryMessage }];
      return {
        ...message,
        error: undefined,
        content: retryMessage,
        text: retryMessage,
        parts: nextParts,
        retryWithoutStructuredOutput,
        retryState: retryWithoutStructuredOutput
          ? "retrying_without_structured_output"
          : undefined,
        retryMessage,
        retryStartedAt: Date.now(),
      };
    }
    
    // Deterministic accent colors for subagents
    const SUBAGENT_COLORS = [
      "text-oc-orange",
      "text-oc-green",
      "text-oc-yellow",
      "text-oc-red",
      "text-oc-accent",
    ];
    
    const SUBAGENT_HUES = [12, 36, 58, 92, 128, 166, 198, 228, 264, 312, 338];
    
    function getStableHash(value: string): number {
      let hash = 0;
      for (let i = 0; i < value.length; i++) {
        hash = value.charCodeAt(i) + ((hash << 5) - hash);
      }
      return Math.abs(hash);
    }
    
    function getSubagentColor(id: string): string {
      if (!id) return "text-oc-accent";
      const hash = getStableHash(id);
      return SUBAGENT_COLORS[Math.abs(hash) % SUBAGENT_COLORS.length];
    }
    
    function getSubagentHue(id: string): number {
      if (!id) return 210;
      return SUBAGENT_HUES[getStableHash(id) % SUBAGENT_HUES.length];
    }
    
    function getSubagentCardStyle(id: string): CSSProperties {
      const hue = getSubagentHue(id);
      return {
        borderLeftWidth: "3px",
        borderLeftColor: `hsl(${hue}, 78%, 68%)`,
        backgroundImage: `linear-gradient(90deg, hsla(${hue}, 72%, 58%, 0.09) 0%, hsla(${hue}, 72%, 58%, 0.02) 38%, transparent 62%)`,
      };
    }
    
    function getSubagentAccentTextStyle(id: string): CSSProperties {
      const hue = getSubagentHue(id);
      return {
        color: `hsl(${hue}, 80%, 70%)`,
      };
    }
    
    function getSubagentMetaStyle(id: string): CSSProperties {
      const hue = getSubagentHue(id);
      return {
        borderColor: `hsla(${hue}, 75%, 68%, 0.3)`,
        backgroundColor: `hsla(${hue}, 72%, 56%, 0.08)`,
      };
    }
    
    // SVG file icon
    export function FileIcon({
      filePath,
      className,
    }: {
      filePath?: string;
      className?: string;
    }) {
      const ext = filePath ? getFileExtension(filePath) : "";
    
      if (filePath) {
        const fileName = (filePath.split(/[\\/]/).pop() || "").toLowerCase();
        const cleanKey = (key: string) =>
          key
            .replace(/\./g, "-")
            .replace(/\//g, "-")
            .replace(/\+/g, "p")
            .replace(/#/g, "h")
            .replace(/[^a-z0-9_-]/g, "_");
    
        // The library uses .file-icon and .file-icon-type-[ext]
        // We add both filename and extension classes to maximize match chances
        // We also use a more aggressive sanitization to match processor's likely output
        return (
          <div
            className={cn(
              "file-icon",
              `file-icon-type-${cleanKey(fileName)}`,
              `file-icon-type-${cleanKey(ext)}`,
              className,
            )}
            style={{
              width: "16px",
              height: "16px",
              display: "inline-flex",
              alignItems: "center",
              justifyContent: "center",
              flexShrink: 0,
              marginRight: "4px",
              verticalAlign: "text-bottom",
            }}
          />
        );
      }
    
      const color = getFileColor(ext);
      return (
        <svg
          role="img"
          aria-label={filePath ?? "file"}
          width="14"
          height="14"
          viewBox="0 0 24 24"
          fill="none"
          className={cn("file-icon-svg", className)}
        >
          <title>{filePath ?? "file"}</title>
          <path
            d="M14.5 2H6a2 2 0 0 0-2 2v16a2 2 0 0 0 2 2h12a2 2 0 0 0 2-2V7.5L14.5 2z"
            stroke={color}
            strokeWidth="2"
            strokeLinecap="round"
            strokeLinejoin="round"
            fill={color}
            fillOpacity="0.1"
          ></path>
          <polyline
            points="14 2 14 8 20 8"
            stroke={color}
            strokeWidth="2"
            strokeLinecap="round"
            strokeLinejoin="round"
          ></polyline>
        </svg>
      );
    }
    
    function messageBodyFromParts(parts?: MessagePart[]): string {
      if (!parts) {
        return "";
      }
      return parts
        .map((part) => {
          if (!isRenderableAssistantTextPart(part)) {
            return "";
          }
          return part.message ?? part.text ?? part.content ?? "";
        })
        .join("")
        .trim();
    }
    
    function asRecord(value: unknown): Record<string, unknown> | null {
      return typeof value === "object" && value !== null
        ? (value as Record<string, unknown>)
        : null;
    }
    
    function firstNonEmptyString(...values: unknown[]): string | undefined {
      for (const value of values) {
        if (typeof value === "string" && value.trim().length > 0) {
          return value.trim();
        }
      }
      return undefined;
    }
    
    function normalizeComparableText(value: string): string {
      return value.replace(/\r\n/g, "\n").replace(/\s+/g, " ").trim().toLowerCase();
    }
    
    function isLowValueInteractiveBodyText(value: string): boolean {
      const normalized = normalizeComparableText(value);
      if (!normalized) {
        return true;
      }
      return (
        normalized === "running question" ||
        normalized === "question" ||
        normalized === "question for you" ||
        normalized === "quick input" ||
        normalized === "wants" ||
        normalized === "want" ||
        normalized === "wants to" ||
        normalized === "ask" ||
        normalized === "asks" ||
        normalized === "asking" ||
        normalized === "awaiting your answer" ||
        normalized === "awaiting your response" ||
        normalized === "waiting for your answer" ||
        normalized === "waiting for your response"
      );
    }
    
    function formatQuestionPromptForAssistant(
      prompt: string,
      kind: "question" | "confirm" | "message" | "quick_actions" = "question",
    ): string {
      const trimmed = prompt.trim();
      if (!trimmed) {
        return "";
      }
      return trimmed;
    }
    
    function questionPromptFromMessage(message?: Message): string | undefined {
      if (!message) {
        return undefined;
      }
    
      const messageRec = asRecord(message);
      const infoRec = asRecord(messageRec?.info);
      const structured =
        asRecord(messageRec?.structuredOutput) ||
        asRecord(messageRec?.structured_output) ||
        asRecord(infoRec?.structuredOutput) ||
        asRecord(infoRec?.structured_output);
      const question = asRecord(structured?.question);
    
      // displayPrompt is the primary source-of-truth for question chat bubble text.
      const explicitDisplayPrompt = firstNonEmptyString(
        question?.displayPrompt,
        question?.assistantPrompt,
        question?.responseMessage,
      );
      if (explicitDisplayPrompt) {
        return explicitDisplayPrompt;
      }
    
      if (question) {
        const questionType = firstNonEmptyString(question.type)?.toLowerCase();
        if (questionType === "message") {
          return firstNonEmptyString(
            question.message,
            question.content,
            question.question,
            question.title,
          );
        }
        if (questionType === "quick_actions" || questionType === "quick-actions") {
          const prompt = firstNonEmptyString(
            question.question,
            question.title,
            question.message,
            question.content,
          );
          return prompt
            ? formatQuestionPromptForAssistant(prompt, "quick_actions")
            : undefined;
        }
        const prompt = firstNonEmptyString(
          question.question,
          question.message,
          question.content,
          question.title,
        );
        if (prompt) {
          return formatQuestionPromptForAssistant(
            prompt,
            questionType === "confirm" ? "confirm" : "question",
          );
        }
      }
    
      if (Array.isArray(message.interactiveEvents)) {
        for (const event of message.interactiveEvents) {
          if (event.type === "question" || event.type === "confirm") {
            const prompt = firstNonEmptyString(event.question, event.title);
            if (prompt) {
              return formatQuestionPromptForAssistant(prompt, event.type);
            }
          }
          if (event.type === "message") {
            const prompt = firstNonEmptyString(event.message, event.title);
            if (prompt) {
              return prompt;
            }
          }
          if (event.type === "quick_actions") {
            const prompt = firstNonEmptyString(event.title);
            if (prompt) {
              return formatQuestionPromptForAssistant(prompt, "quick_actions");
            }
          }
        }
      }
      return undefined;
    }
    
    function questionPromptFromInteractiveEvents(
      events?: InteractiveEvent[],
    ): string | undefined {
      if (!Array.isArray(events) || events.length === 0) {
        return undefined;
      }
    
      for (const event of events) {
        if (event.type === "question" || event.type === "confirm") {
          const prompt = firstNonEmptyString(
            event.contextMessage,
            event.question,
            event.title,
          );
          if (prompt) {
            return formatQuestionPromptForAssistant(prompt, event.type);
          }
          continue;
        }
        if (event.type === "message") {
          const prompt = firstNonEmptyString(
            event.contextMessage,
            event.message,
            event.title,
          );
          if (prompt) {
            return prompt;
          }
          continue;
        }
        if (event.type === "quick_actions") {
          const prompt = firstNonEmptyString(event.contextMessage, event.title);
          if (prompt) {
            return formatQuestionPromptForAssistant(prompt, "quick_actions");
          }
        }
      }
    
      return undefined;
    }
    
    
    function summaryText(message?: Message): string {
      // Check both nested info and top-level properties (for persisted messages)
      const summary =
        message?.info?.summary ??
        ((message as Record<string, unknown>).summary as
          | { title?: string; body?: string }
          | undefined);
      const title = summary?.title?.trim() ?? "";
      const body = summary?.body?.trim() ?? "";
      if (title && body) {
        return `${title}\n\n${body}`;
      }
      return title || body;
    }
    
    function modelLabel(message?: Message): string {
      if (!message) return "assistant";
      // Check nested info structure first (from streaming)
      const modelObj = message.info?.model;
      if (modelObj && typeof modelObj === "object") {
        const name = (modelObj as Record<string, unknown>).name;
        const modelID = (modelObj as Record<string, unknown>).modelID;
        if (typeof name === "string" && name) return name;
        if (typeof modelID === "string" && modelID) return modelID;
      }
      // Check top-level model object (from persisted messages)
      if (typeof message.model === "object" && message.model !== null) {
        const name = (message.model as Record<string, unknown>).name;
        const modelID = (message.model as Record<string, unknown>).modelID;
        if (typeof name === "string" && name) return name;
        if (typeof modelID === "string" && modelID) return modelID;
      }
      // Check nested info structure
      let model = message.info?.modelID;
      let provider = message.info?.providerID;
      if (model && provider) return `${provider}/${model}`;
      // Check top-level properties (from persisted messages)
      model ??= (message as Record<string, unknown>).modelID as string | undefined;
      provider ??= (message as Record<string, unknown>).providerID as
        | string
        | undefined;
      if (model && provider) return `${provider}/${model}`;
      return model ?? provider ?? "assistant";
    }
    
    function getMessageContent(
      message?: Message,
      streaming?: StreamingState,
    ): string {
      if (streaming) {
        // Filter out reasoning content from streaming content as a safety measure
        // This catches any reasoning that leaked through the event handler
        const content = streaming.content || '';
        const hasRenderableContent = streaming.hasRenderableContent === true;
        const hasReasoningEvents = streaming.reasoningEvents && streaming.reasoningEvents.length > 0;
        const isInReasoningPart = streaming.inReasoningPart || false;
    
        // NOTE: When streaming is no longer active (isActive === false), FINISH_STREAMING has already
        // fired — this happens when a blocking interactive event (e.g. question) is detected mid-stream.
        // At that point, streaming.content holds the final AI response text (e.g. "I have a few
        // questions:"). We must NOT discard it based on length — it is the correct final content.
        // Only apply the reasoning filter while the stream is still actively flowing.
        const streamingFinished = !streaming.isActive;
    
        if (isInReasoningPart) {
          return '';
        }
    
        if (!hasRenderableContent) {
          return '';
        }
    
        if (!streamingFinished && hasReasoningEvents && content.length < 100) {
          // Streaming is live and content is very short — likely reasoning leak, hide it.
          return '';
        }
    
        return content;
      }
      if (!message) {
        return "";
      }
      const messageRec = asRecord(message);
      const infoRec = asRecord(messageRec?.info);
      const structured = asRecord(messageRec?.structuredOutput) || asRecord(infoRec?.structuredOutput);
      const responseType = firstNonEmptyString(message?.responseType, structured?.responseType)?.toLowerCase();
      const partsBody = messageBodyFromParts(message.parts);
      const hasParts = Array.isArray(message.parts) && message.parts.length > 0;
      const isMessageResponseType = responseType === "message";
      const structuredMessage = firstNonEmptyString(structured?.message);
      const candidates = hasParts
        ? [
          partsBody,
          isMessageResponseType ? structuredMessage : "",
          summaryText(message),
        ]
        : [
          partsBody,
          message.content,
          message.text,
          summaryText(message),
        ];
      const baseContent =
        candidates.find(
          (candidate) =>
            typeof candidate === "string" && candidate.trim().length > 0,
        ) ?? "";
      const safeBaseContent = baseContent;
      const questionPrompt = questionPromptFromMessage(message);
      if (!questionPrompt) {
        return safeBaseContent;
      }
      const isQuestionResponseType = responseType === "question";
      const hasInteractiveEvents = Array.isArray(message.interactiveEvents) && message.interactiveEvents.length > 0;
      if (isMessageResponseType) {
        if (structuredMessage) {
          return structuredMessage;
        }
      }
      if (!isQuestionResponseType && !hasInteractiveEvents) {
        return safeBaseContent;
      }
    
      // For explicit question turns, render only the canonical question prompt in the
      // assistant bubble (no assistantMessage/body concatenation).
      if (isQuestionResponseType) {
        return questionPrompt;
      }
    
      if (!safeBaseContent || isLowValueInteractiveBodyText(safeBaseContent)) {
        return questionPrompt;
      }
    
      const promptNorm = normalizeComparableText(questionPrompt);
      const bodyNorm = normalizeComparableText(safeBaseContent);
      if (!promptNorm || bodyNorm === promptNorm) {
        return questionPrompt;
      }
      if (bodyNorm.startsWith(promptNorm)) {
        return safeBaseContent;
      }
      return `${questionPrompt}\n\n${safeBaseContent}`;
    }
    
    type RawDebugParseStatus = "parsed" | "empty" | "unparseable" | "truncated";
    
    type ParsedRawDebugForUi = {
      status: RawDebugParseStatus;
      parts: Array<Record<string, unknown>>;
    };
    
    function parseRawResponseDebugForUi(raw: unknown): ParsedRawDebugForUi {
      if (typeof raw === "undefined" || raw === null) {
        return { status: "empty", parts: [] };
      }
      if (typeof raw === "object") {
        const rec = asRecord(raw);
        const parts = Array.isArray(rec?.parts)
          ? rec.parts
            .map((part) => asRecord(part))
            .filter((part): part is Record<string, unknown> => !!part)
          : [];
        return { status: "parsed", parts };
      }
      if (typeof raw !== "string") {
        return { status: "unparseable", parts: [] };
      }
      const text = raw.trim();
      if (!text) {
        return { status: "empty", parts: [] };
      }
      const truncMatch = text.match(/\.\.\.<truncated\s+\d+\s+chars>\s*$/i);
      const candidate = truncMatch ? text.slice(0, truncMatch.index).trim() : text;
      try {
        const parsed = JSON.parse(candidate);
        const rec = asRecord(parsed);
        const parts = Array.isArray(rec?.parts)
          ? rec.parts
            .map((part) => asRecord(part))
            .filter((part): part is Record<string, unknown> => !!part)
          : [];
        return { status: truncMatch ? "truncated" : "parsed", parts };
      } catch {
        return { status: truncMatch ? "truncated" : "unparseable", parts: [] };
      }
    }
    
    type ThoughtItem = { key: string; text: string };
    type ProgressItem = {
      key: string;
      mergeKey: string;
      id?: string;
      callID?: string;
      title: string;
      status: "pending" | "done" | "error";
      source?: "stream" | "final" | "raw_debug";
      partType?: string;
      internal?: boolean;
      meta?: string;
      filePath?: string;
      diffStats?: { added: number; deleted: number };
      activityDetail?: ActivityDetail;
      /** Arrival-order sequence number from StreamingStep.streamSeq or MessageStep.streamSeq */
      streamSeq?: number;
    };
    
    type ThinkingBlock = { kind: "thinking"; items: ThoughtItem[] };
    type StepsBlock = { kind: "steps"; items: ProgressItem[] };
    type ContentBlock = { kind: "content"; html: string };
    type TimelineBlock = ThinkingBlock | StepsBlock | ContentBlock;
    
    /**
     * Extracts the Date.now() timestamp embedded in a thought-item key.
     * Handles both streaming keys ("stream-{idx}-{createdAt}") and
     * persisted reasoningEvent keys ("evt-{createdAt}").
     * Returns 0 for parts-based keys ("part-{idx}") that have no timestamp.
     */
    function seqFromThoughtKey(key: string): number {
      const evtMatch = key.match(/^evt-(\d+)$/);
      if (evtMatch) return parseInt(evtMatch[1], 10);
      const streamMatch = key.match(/stream-\d+-(\d+)/);
      if (streamMatch) return parseInt(streamMatch[1], 10);
      return 0;
    }
    
    function thoughtItemsFromMessage(message?: Message): ThoughtItem[] {
      const items: ThoughtItem[] = [];
      const seen = new Set<string>();
      const pushUnique = (key: string, text: string) => {
        const cleaned = text.trim();
        if (!cleaned) return;
        const fp = normalizeComparableText(cleaned);
        if (!fp || seen.has(fp)) return;
        seen.add(fp);
        items.push({ key, text: cleaned });
      };
    
      if (Array.isArray(message?.reasoningPayload?.events)) {
        message.reasoningPayload.events.forEach((event, index) => {
          pushUnique(`evt-${event.createdAt}-${index}`, event.text || "");
        });
      }
    
      if (Array.isArray(message?.reasoningEvents)) {
        message.reasoningEvents.forEach((event: ReasoningEvent, index: number) => {
          pushUnique(`evt-${event.createdAt}-${index}`, event.text || "");
        });
      }
    
      if (items.length > 0) {
        return items;
      }
    
      // Do not derive visible thinking text from raw reasoning parts.
      // Some providers include internal instruction/planning traces there.
      return [];
    }
    
    function thoughtItemsFromStreaming(streaming?: StreamingState): ThoughtItem[] {
      if (!streaming) {
        return [];
      }
      if (streaming.reasoningEvents && streaming.reasoningEvents.length > 0) {
        const fromEvents = streaming.reasoningEvents
          .filter((event: ReasoningEvent) => {
            return event.text && event.text.length > 0;
          })
          .map((event: ReasoningEvent, idx: number) => ({
            key: `stream-${idx}-${event.createdAt}`,
            text: event.text.trim(),
          }));
        if (fromEvents.length > 0) {
          return fromEvents;
        }
      }
    
      // Avoid showing raw streaming reasoning fallback text in the UI timeline.
      return [];
    }
    
    function normalizeProgressStatus(
      value?: string | null,
    ): "pending" | "done" | "error" {
      const v = value?.toLowerCase();
      if (
        v === "done" ||
        v === "completed" ||
        v === "success" ||
        v === "finished" ||
        v === "complete"
      ) {
        return "done";
      }
      if (v === "error" || v === "failed") {
        return "error";
      }
      return "pending";
    }
    
    function isActionProgressStep(step: MessageStep | StreamingStep): boolean {
      const type = (step.type ?? "").toLowerCase();
      const partType = ("partType" in step ? step.partType : undefined) || "";
      const normalizedPartType = partType.toString().toLowerCase();
    
      // Filter out reasoning/thinking and internal bookkeeping steps
      if (type === "reasoning" || type === "thinking") {
        return false;
      }
      // Filter out step-start and step-finish events (internal bookkeeping)
      if (
        normalizedPartType === "step-start" ||
        normalizedPartType === "step-finish" ||
        type === "step-start" ||
        type === "step-finish"
      ) {
        return false;
      }
      // Filter out tool wrapper events that just show "tool completed successfully"
      // These are internal system events, not actual user-facing progress
      if (type === "tool" && step.title?.toLowerCase().includes("structuredoutput")) {
        return false;
      }
    
      return true;
    }
    
    function progressItemsFromSteps(
      steps: Array<MessageStep | StreamingStep>,
      prefix: string,
    ): ProgressItem[] {
      const stepMap = new Map<string, ProgressItem>();
    
      steps
        .filter((step) => isActionProgressStep(step))
        .forEach((step, index) => {
          const title = step.title;
          const status = normalizeProgressStatus(step.status);
          const meta = step.meta;
          const stepId =
            "id" in step && typeof step.id === "string" ? step.id : undefined;
          const stepCallId =
            "callID" in step && typeof step.callID === "string"
              ? step.callID
              : undefined;
          const mergeKey = stepCallId
            ? `call:${stepCallId}`
            : stepId
              ? `id:${stepId}`
              : `title:${title.trim().toLowerCase()}`;
          const stepFilePath =
            "filePath" in step
              ? (step as StreamingStep).filePath
              : ((step as MessageStep).content ?? undefined);
          const stepSource =
            "source" in step
              ? (step.source as "stream" | "final" | "raw_debug" | undefined)
              : undefined;
          const stepPartType =
            "partType" in step ? (step.partType as string | undefined) : undefined;
          const stepInternal =
            "internal" in step ? Boolean(step.internal) : false;
    
          if (stepMap.has(mergeKey)) {
            const existing = stepMap.get(mergeKey)!;
            // Do not regress terminal statuses back to pending on noisy updates.
            if (
              status === "error" ||
              status === "done" ||
              existing.status === "pending"
            ) {
              existing.status = status;
            }
            if (title) existing.title = title;
            if (meta) existing.meta = meta;
            if (stepFilePath) existing.filePath = stepFilePath;
            if (!existing.id && stepId) existing.id = stepId;
            if (!existing.callID && stepCallId) existing.callID = stepCallId;
            if (!existing.source && stepSource) existing.source = stepSource;
            if (!existing.partType && stepPartType) existing.partType = stepPartType;
            existing.internal = Boolean(existing.internal || stepInternal);
            if ("diffStats" in step)
              existing.diffStats = step.diffStats as {
                added: number;
                deleted: number;
              };
            if ("activityDetail" in step && step.activityDetail) {
              existing.activityDetail = step.activityDetail as ActivityDetail;
            }
          } else {
            stepMap.set(mergeKey, {
              key: `${prefix}-${index}-${title}`,
              mergeKey,
              id: stepId,
              callID: stepCallId,
              title,
              status,
              source: stepSource,
              partType: stepPartType,
              internal: stepInternal,
              meta,
              filePath: stepFilePath,
              diffStats:
                "diffStats" in step
                  ? (step.diffStats as { added: number; deleted: number })
                  : undefined,
              activityDetail:
                "activityDetail" in step
                  ? (step.activityDetail as ActivityDetail | undefined)
                  : undefined,
              streamSeq:
                "streamSeq" in step
                  ? (step as { streamSeq?: number }).streamSeq
                  : undefined,
            });
          }
        });
    
      return Array.from(stepMap.values());
    }
    
    function progressItemsFromMessage(message?: Message): ProgressItem[] {
      if (!message) {
        return [];
      }
      let items: ProgressItem[] = [];
      if (Array.isArray(message.steps) && message.steps.length > 0) {
        items = progressItemsFromSteps(message.steps, "msg-steps");
      } else if (
        Array.isArray(message.progressEvents) &&
        message.progressEvents.length > 0
      ) {
        items = progressItemsFromSteps(
          message.progressEvents,
          "msg-progress-events",
        );
      }
    
      // For completed messages, any hanging pending steps should be marked as done
      for (const item of items) {
        if (item.status === "pending") {
          item.status = "done";
        }
      }
    
      return items;
    }
    
    function progressItemsFromStreaming(
      streaming?: StreamingState,
    ): ProgressItem[] {
      if (!streaming) {
        return [];
      }
      if (Array.isArray(streaming.steps) && streaming.steps.length > 0) {
        return progressItemsFromSteps(streaming.steps, "stream-steps");
      }
      if (
        Array.isArray(streaming.progressEvents) &&
        streaming.progressEvents.length > 0
      ) {
        return progressItemsFromSteps(
          streaming.progressEvents,
          "stream-progress-events",
        );
      }
      return [];
    }
    
    function formatTodoStatus(status: TodoItem["status"]): string {
      switch (status) {
        case "in_progress":
          return "in progress";
        default:
          return status;
      }
    }
    
    function truncateTodoLabel(text: string, maxLength = 44): string {
      const trimmed = text.trim();
      if (trimmed.length <= maxLength) {
        return trimmed;
      }
      return `${trimmed.slice(0, maxLength - 3)}...`;
    }
    
    function getLatestTodoTransition(items: TodoItem[]): TodoItem | undefined {
      for (let index = items.length - 1; index >= 0; index--) {
        const item = items[index];
        if (item.status !== "pending") {
          return item;
        }
      }
      return items[items.length - 1];
    }
    
    function TodoInlineSummary({ todoItems }: { todoItems: TodoItem[] }) {
      if (todoItems.length === 0) {
        return null;
      }
    
      const inProgressCount = todoItems.reduce(
        (count, item) => (item.status === "in_progress" ? count + 1 : count),
        0,
      );
      const totalCount = todoItems.length;
      const latest = getLatestTodoTransition(todoItems);
    
      return (
        <section
          data-assistant-section="todo-inline-summary"
          className="rounded-md border border-oc-border/70 bg-oc-panel-soft/30 px-2.5 py-2"
        >
          <div className="text-[11px] font-mono text-oc-text-muted">
            {totalCount} {totalCount === 1 ? "task" : "tasks"} - {inProgressCount} in
            progress
          </div>
          {latest && (
            <div className="mt-0.5 truncate text-[11px] text-oc-text-muted/90">
              Latest: "{truncateTodoLabel(latest.text)}" - {formatTodoStatus(latest.status)}
            </div>
          )}
        </section>
      );
    }
    
    function sanitizeUserContent(raw: string): string {
      return raw
        .replace(/<system-reminder>[\s\S]*?<\/system-reminder>/gi, "")
        .replace(/<!--[\s\S]*?-->/g, "")
        .replace(/\[interactive:[^:]+:[^\]]+\]\s*/gi, "")
        .trim();
    }
    
    function normalizedUserMessageText(message?: Message): string {
      const raw =
        message?.content ?? message?.text ?? messageBodyFromParts(message?.parts);
      return sanitizeUserContent(typeof raw === "string" ? raw : "");
    }
    
    function isPlanProceedMessageContent(value: string): boolean {
      return /\bproceed on this plan\./i.test(value);
    }
    
    function isPlanRevisionMessageContent(value: string): boolean {
      return /\brevise this implementation plan\b/i.test(value);
    }
    
    /**
     * Single source of truth for building the Activity timeline.
     *
     * Used for BOTH streaming and completed (persisted) messages. The timeline is
     * built by sorting thoughtItems (by createdAt timestamp from their key) and
     * progressItems (by streamSeq) into arrival order, then grouping consecutive
     * same-kind entries so all steps merge into one StepsBlock and all thinking
     * items merge into one ThinkingBlock.
     *
     * Falls back to a parts-based layout for server-loaded messages where timing
     * data is absent (no streamSeq on steps, no createdAt on thoughts).
     */
    function buildTimeline(
      thoughtItems: ThoughtItem[],
      progressItems: ProgressItem[],
      html: string,
      /** Only used for the parts-based fallback path; null during streaming */
      messageParts?: MessagePart[],
    ): TimelineBlock[] {
      // Check if we have any timing data for sorted interleaving.
      const hasTimedThoughts = thoughtItems.some(
        (t) => seqFromThoughtKey(t.key) > 0,
      );
      const hasTimedSteps = progressItems.some((p) => p.streamSeq != null);
    
      if (hasTimedThoughts || hasTimedSteps || progressItems.length > 0) {
        type RawEntry =
          | { seq: number; kind: "thinking"; item: ThoughtItem }
          | { seq: number; kind: "step"; item: ProgressItem }
          | { seq: number; kind: "content" };
    
        const entries: RawEntry[] = [];
    
        for (const item of thoughtItems) {
          entries.push({
            kind: "thinking",
            item,
            seq: seqFromThoughtKey(item.key),
          });
        }
    
        for (const item of progressItems) {
          entries.push({
            kind: "step",
            item,
            // +1 offset so a step at the same millisecond as a thinking event
            // always sorts after it (consistent with original streaming logic).
            seq:
              item.streamSeq != null
                ? item.streamSeq + 1
                : Number.MAX_SAFE_INTEGER,
          });
        }
    
        if (html) {
          entries.push({ kind: "content", seq: Number.MAX_SAFE_INTEGER });
        }
    
        entries.sort((a, b) => a.seq - b.seq);
    
        const blocks: TimelineBlock[] = [];
        for (const entry of entries) {
          const last = blocks[blocks.length - 1];
          if (entry.kind === "thinking") {
            if (last?.kind === "thinking") {
              (last as ThinkingBlock).items.push(entry.item);
            } else {
              blocks.push({ kind: "thinking", items: [entry.item] });
            }
          } else if (entry.kind === "step") {
            if (last?.kind === "steps") {
              (last as StepsBlock).items.push(entry.item);
            } else {
              blocks.push({ kind: "steps", items: [entry.item] });
            }
          } else {
            blocks.push({ kind: "content", html });
          }
        }
    
        return blocks;
      }
    
      // ── Fallback: parts-based approach for server-loaded messages with no timing ──
      const parts = messageParts;
    
      if (Array.isArray(parts) && parts.length > 0) {
        const blocks: TimelineBlock[] = [];
    
        for (const part of parts) {
          if (isReasoningPart(part)) {
            const text = (
              part.reasoning ??
              part.thought ??
              part.thinking ??
              (isReasoningPart(part) ? (part.text ?? part.content ?? "") : "")
            ).trim();
            if (!text) continue;
            const last = blocks[blocks.length - 1];
            if (last?.kind === "thinking") {
              (last as ThinkingBlock).items.push({
                key: `msg-think-${blocks.length}`,
                text,
              });
            } else {
              blocks.push({
                kind: "thinking",
                items: [{ key: `msg-think-${blocks.length}`, text }],
              });
            }
          } else {
            const partText = (part.text ?? part.content ?? "").trim();
            if (!partText) continue;
            const last = blocks[blocks.length - 1];
            if (last?.kind === "content") {
              (last as ContentBlock).html += partText;
            } else {
              blocks.push({ kind: "content", html: partText });
            }
          }
        }
    
        // Steps don't appear in parts; insert them before the first content block
        if (progressItems.length > 0) {
          const firstContentIdx = blocks.findIndex((b) => b.kind === "content");
          const stepsBlock: TimelineBlock = { kind: "steps", items: progressItems };
          if (firstContentIdx >= 0) {
            blocks.splice(firstContentIdx, 0, stepsBlock);
          } else {
            blocks.push(stepsBlock);
          }
        }
    
        // If parts had no reasoning entries but the message has reasoningEvents,
        // insert them before the first content block.
        const hasThinkingBlock = blocks.some((b) => b.kind === "thinking");
        if (!hasThinkingBlock && thoughtItems.length > 0) {
          const firstContentIdx = blocks.findIndex((b) => b.kind === "content");
          const thinkingBlock: TimelineBlock = {
            kind: "thinking",
            items: thoughtItems,
          };
          if (firstContentIdx >= 0) {
            blocks.splice(firstContentIdx, 0, thinkingBlock);
          } else {
            blocks.unshift(thinkingBlock);
          }
        }
    
        return blocks.filter((b) => {
          if (b.kind === "content") return !!(b as ContentBlock).html;
          return (b as ThinkingBlock | StepsBlock).items.length > 0;
        });
      }
    
      // Fallback for messages with no parts array
      const blocks: TimelineBlock[] = [];
      if (thoughtItems.length > 0)
        blocks.push({ kind: "thinking", items: thoughtItems });
      if (progressItems.length > 0)
        blocks.push({ kind: "steps", items: progressItems });
      if (html) blocks.push({ kind: "content", html });
    
      return blocks;
    }
    
    function buildMessageTimeline(
      message?: Message,
      html = "",
    ): TimelineBlock[] {
      return buildTimeline(
        thoughtItemsFromMessage(message),
        progressItemsFromMessage(message),
        html,
        message?.parts,
      );
    }
    
    function buildStreamingTimeline(
      streaming?: StreamingState,
      html = "",
    ): TimelineBlock[] {
      return buildTimeline(
        thoughtItemsFromStreaming(streaming),
        progressItemsFromStreaming(streaming),
        html,
      );
    }
    
    
    
    
    const MAX_VISIBLE_COMPLETED_ACTIVITY = 5;
    
    type MessageViewState = {
      showActivityDetails: boolean;
      showThinkingDetails: boolean;
      showAllCompletedActivity: boolean;
      showInternalActivity: boolean;
    };
    
    type DisplayEvent = {
      key: string;
      kind: "activity" | "reasoning";
      label: string;
      summary: string;
      description?: string;
      detail?: string;
      status: "pending" | "done" | "error";
      source?: "stream" | "final" | "raw_debug";
      partType?: string;
      internal?: boolean;
      filePath?: string;
      diffStats?: { added: number; deleted: number };
      activityDetail?: ActivityDetail;
      viewDiffFile?: string;
      isImportant?: boolean;
      updateCount: number;
    };
    
    function sourceFromThoughtKey(
      key: string,
    ): "stream" | "final" | "raw_debug" | undefined {
      if (key.startsWith("stream-")) return "stream";
      if (key.startsWith("evt-")) return "final";
      if (key.startsWith("raw-")) return "raw_debug";
      return undefined;
    }
    
    function subagentStatusLabel(status: SubagentSummary["status"]): string {
      switch (status) {
        case "done":
          return "Completed";
        case "running":
          return "Running";
        case "error":
          return "Error";
        case "orphaned":
          return "Orphaned";
        case "pending":
        default:
          return "Pending";
      }
    }
    
    function subagentAgentLabel(
      subagent: SubagentSummary,
      detail?: SubagentDetail,
    ): string {
      // Try explicit agent ID first
      if (subagent.agentId || detail?.agentId) {
        return subagent.agentId || detail?.agentId || "Unknown Agent";
      }
    
      // For orphaned subagents, use childSessionId for unique identifier
      if (subagent.childSessionId && subagent.status === 'orphaned') {
        // Use last 8 chars of child session ID for a unique but readable identifier
        return `Agent ${subagent.childSessionId.slice(-8)}`;
      }
    
      // Last resort: use first 4 chars of subagent ID
      return `Agent ${subagent.id.slice(0, 4)}`;
    }
    
    function subagentModelLabel(
      subagent: SubagentSummary,
      detail?: SubagentDetail,
    ): string {
      const provider = subagent.providerID || detail?.providerID;
      const model = subagent.modelID || detail?.modelID;
      if (provider && model) {
        return `${provider}/${model}`;
      }
      return model || provider || "model pending";
    }
    
    function TypewriterText({
      text,
      className,
      speed = 30,
    }: {
      text: string;
      className?: string;
      speed?: number;
    }) {
      const [displayedText, setDisplayedText] = useState("");
      const [complete, setComplete] = useState(false);
    
      useEffect(() => {
        setDisplayedText("");
        setComplete(false);
        let i = 0;
        const timer = setInterval(() => {
          if (i < text.length) {
            setDisplayedText(text.slice(0, i + 1));
            i++;
          } else {
            clearInterval(timer);
            setComplete(true);
          }
        }, speed);
        return () => clearInterval(timer);
      }, [text, speed]);
    
      return (
        <span className={cn(className, !complete && "after:content-['|'] after:ml-0.5 after:animate-pulse")}>
          {displayedText}
        </span>
      );
    }
    
    function FadeSwapText({
      text,
      className,
      durationMs = 180,
      useTypewriter = false,
    }: {
      text: string;
      className?: string;
      durationMs?: number;
      useTypewriter?: boolean;
    }) {
      const [displayText, setDisplayText] = useState(text);
      const [isFadingOut, setIsFadingOut] = useState(false);
    
      useEffect(() => {
        if (text === displayText) {
          return;
        }
    
        setIsFadingOut(true);
        const outDuration = Math.max(60, Math.round(durationMs * 0.45));
        const outTimer = window.setTimeout(() => {
          setDisplayText(text);
          requestAnimationFrame(() => setIsFadingOut(false));
        }, outDuration);
    
        return () => window.clearTimeout(outTimer);
      }, [text, displayText, durationMs]);
    
      return (
        <span
          className={cn(
            "transition-all will-change-[opacity,transform]",
            isFadingOut ? "opacity-0 translate-y-0.5" : "opacity-100 translate-y-0",
            className,
          )}
          style={{ transitionDuration: `${durationMs}ms` }}
        >
          {useTypewriter ? (
            <TypewriterText text={displayText} speed={40} />
          ) : (
            displayText
          )}
        </span>
      );
    }
    
    const THINKING_LOADING_TEXTS = [
      "Bribing the intern to type faster…",
      "Download more RAM…",
      "Checking for typos I made up…",
      "Looking busy…",
      "Locating the 'any' key…",
      "Brewing virtual coffee…",
      "Herding the bits…",
      "Updating the flux capacitor…",
      "Waiting for the magic smoke to clear…",
      "Generating witty loading messages…",
      "Untangling the spaghetti code…",
      "Asking StackOverflow…",
      "Convincing the compiler to cooperate…",
      "Reversing the polarity…",
    ];
    
    function ThinkingStatusTicker({ className }: { className?: string }) {
      const [messageIndex, setMessageIndex] = useState(() =>
        Math.floor(Math.random() * THINKING_LOADING_TEXTS.length),
      );
    
      useEffect(() => {
        if (THINKING_LOADING_TEXTS.length <= 1) {
          return;
        }
        const timer = window.setInterval(() => {
          setMessageIndex((current) => {
            let next = current;
            while (next === current) {
              next = Math.floor(Math.random() * THINKING_LOADING_TEXTS.length);
            }
            return next;
          });
        }, 2400); // Increased interval for typewriter to complete
    
        return () => window.clearInterval(timer);
      }, []);
    
      return (
        <div
          className={cn(
            "inline-flex items-center font-mono text-[11px]",
            className,
          )}
        >
          <FadeSwapText
            text={THINKING_LOADING_TEXTS[messageIndex]}
            className="italic opacity-85 tracking-wide oc-glowing-text"
            durationMs={220}
            useTypewriter={true}
          />
        </div>
      );
    }
    
    function latestNonEmptyLine(text: string): string {
      const lines = text
        .split(/\r?\n/)
        .map((line) => line.trim())
        .filter(Boolean);
      return lines[lines.length - 1] ?? "";
    }
    
    function parseTimelineStepTitle(rawTitle: string): {
      label: string;
      summary: string;
    } {
      const stripTrailingEllipsis = (value: string) =>
        value.replace(/\s*(?:\.{3}|…)\s*$/u, "").trim();
      const trimOptional = (value?: string) => value?.trim() || "";
      const title = rawTitle.trim();
      if (!title) {
        return { label: "event", summary: "Activity update" };
      }
    
      const runningMatch = title.match(
        /^running(?::\s*|\s+)([a-z0-9_.-]+)(?:\s+(.*))?$/is,
      );
      if (runningMatch) {
        const label = stripTrailingEllipsis(
          runningMatch[1]?.toLowerCase() || "tool",
        );
        const summary = stripTrailingEllipsis(trimOptional(runningMatch[2]));
        return { label, summary };
      }
    
      const bashMatch = title.match(/^bash(?::\s*|\s+)(.*)/is);
      if (bashMatch) {
        return {
          label: "bash",
          summary: stripTrailingEllipsis(trimOptional(bashMatch[1])),
        };
      }
    
      const readMatch = title.match(/^read(?::\s*|\s+)(.*)/is);
      if (readMatch) {
        return {
          label: "read",
          summary: stripTrailingEllipsis(trimOptional(readMatch[1])),
        };
      }
    
      const writeMatch = title.match(
        /^(edit|write|modify|update|patch)(?::\s*|\s+)(.*)/is,
      );
      if (writeMatch) {
        const label = stripTrailingEllipsis(writeMatch[1]?.toLowerCase() || "edit");
        const summary = stripTrailingEllipsis(trimOptional(writeMatch[2]));
        return { label, summary };
      }
    
      const thinkMatch = title.match(/^think(?:ing)?(?::\s*|\s+)?(.*)/is);
      if (thinkMatch) {
        return {
          label: "thinking",
          summary: stripTrailingEllipsis(trimOptional(thinkMatch[1])),
        };
      }
    
      // Hydrated history can include compact tool titles as a single token
      // (for example "read_file" or "shell"). Keep these as explicit labels
      // instead of collapsing to a generic "event" chip.
      const singleToken = stripTrailingEllipsis(title.toLowerCase());
      if (/^[a-z][a-z0-9_.-]{1,40}$/.test(singleToken)) {
        return { label: singleToken, summary: "" };
      }
    
      const spaceIdx = title.indexOf(" ");
      if (spaceIdx > 0 && spaceIdx <= 12) {
        const label = stripTrailingEllipsis(title.slice(0, spaceIdx).toLowerCase());
        const summary = stripTrailingEllipsis(
          trimOptional(title.slice(spaceIdx + 1)),
        );
        return { label, summary };
      }
    
      return { label: "event", summary: stripTrailingEllipsis(title) };
    }
    
    function buildDisplayEvents(
      timelineBlocks: TimelineBlock[],
      message: Message | undefined,
      isStreamingActive: boolean,
    ): DisplayEvent[] {
      const stripTrailingEllipsis = (value?: string) =>
        (value || "").replace(/\s*(?:\.{3}|…)\s*$/u, "").trim();
      const normalizePathForMatch = (value?: string) =>
        (value || "").replace(/\\/g, "/").toLowerCase();
    
      // Clean event labels - remove unwanted prefixes and filter out system noise
      const cleanEventLabel = (label: string): string => {
        const cleaned = label
          .replace(/^final\s+/i, '') // Remove "Final" prefix
          .replace(/^step\s+/i, '') // Remove "Step" prefix
          .trim();
    
        // Filter out system noise events
        const lowerCleaned = cleaned.toLowerCase();
        if (
          lowerCleaned === 'starting' ||
          lowerCleaned === 'finishing' ||
          lowerCleaned.startsWith('starting ') ||
          lowerCleaned.startsWith('finishing ') ||
          lowerCleaned.includes('starting...') ||
          lowerCleaned.includes('finishing...')
        ) {
          return ''; // Return empty to filter out
        }
    
        return cleaned || label;
      };
    
      const rawEvents: DisplayEvent[] = [];
    
      for (const block of timelineBlocks) {
        if (block.kind === "content") {
          continue;
        }
    
        if (block.kind === "thinking") {
          for (const item of block.items) {
            const text = (item.text || "").trim();
            if (!text) continue;
            rawEvents.push({
              key: `reasoning-${item.key}`,
              kind: "reasoning",
              label: "Reasoning",
              summary: text,
              status: "done",
              source: sourceFromThoughtKey(item.key),
              isImportant: false,
              updateCount: 1,
            });
          }
          continue;
        }
    
        for (const event of block.items) {
          const rawTitle = event.title || "";
          const parsed = parseTimelineStepTitle(rawTitle);
          const cleanedRawTitle = stripTrailingEllipsis(rawTitle);
          const activityDetail = event.activityDetail;
          const source = event.source;
          const partType = event.partType;
          const internal = Boolean(event.internal);
          let filePath = event.filePath || activityDetail?.file;
          if (
            !filePath &&
            /edit|writ|modif|updat|patch/i.test(rawTitle) &&
            message?.edits?.length
          ) {
            filePath = message.edits[0].file;
          }
    
          const fileName = filePath ? filePath.split(/[/\\]/).pop() : undefined;
          const fallbackEdit = Array.isArray(message?.edits)
            ? filePath
              ? message.edits.find(
                (edit) =>
                  normalizePathForMatch(edit?.file) ===
                  normalizePathForMatch(filePath),
              )
              : message.edits[0]
            : undefined;
          const fallbackDiffStats =
            fallbackEdit &&
              (typeof fallbackEdit.added === "number" ||
                typeof fallbackEdit.deleted === "number")
              ? {
                added: Math.max(0, Number(fallbackEdit.added) || 0),
                deleted: Math.max(0, Number(fallbackEdit.deleted) || 0),
              }
              : undefined;
          const detailDiffStats =
            activityDetail?.diffExcerpt &&
              (typeof activityDetail.diffExcerpt.added === "number" ||
                typeof activityDetail.diffExcerpt.deleted === "number")
              ? {
                added: Math.max(0, Number(activityDetail.diffExcerpt.added) || 0),
                deleted: Math.max(0, Number(activityDetail.diffExcerpt.deleted) || 0),
              }
              : undefined;
          const diffStats = event.diffStats || fallbackDiffStats || detailDiffStats;
    
          const metaText = stripTrailingEllipsis(event.meta);
          const summary = filePath
            ? fileName || filePath
            : activityDetail?.summary ||
            parsed.summary ||
            metaText ||
            (parsed.label === "event" ? cleanedRawTitle : "");
          const description =
            filePath || parsed.summary || activityDetail?.summary
              ? metaText || activityDetail?.command || activityDetail?.query
              : metaText && metaText !== summary
                ? metaText
                : undefined;
          const detail =
            filePath && fileName && filePath !== fileName ? filePath : undefined;
          const viewDiffFile =
            event.status === "done" &&
              (diffStats || /edit|writ|modif|updat|patch/i.test(rawTitle))
              ? filePath || message?.edits?.[0]?.file
              : undefined;
          const metadataFirstLabel =
            stripTrailingEllipsis(
              (activityDetail?.tool || "").toLowerCase() ||
              (activityDetail?.kind || "").toLowerCase() ||
              (partType || "").toLowerCase(),
            ) || parsed.label;
    
          const cleanedLabel = cleanEventLabel(metadataFirstLabel);
    
          // Skip filtered events (like starting/finishing)
          if (!cleanedLabel) {
            continue;
          }
    
          rawEvents.push({
            key: event.key,
            kind: "activity",
            label: cleanedLabel,
            summary: summary || cleanedRawTitle || "Activity update",
            description,
            detail: detail || undefined,
            status: event.status,
            source,
            partType,
            internal,
            filePath,
            diffStats,
            activityDetail,
            viewDiffFile,
            isImportant: Boolean(
              event.status === 'error' ||
              (event.status === 'done' && (filePath || diffStats || viewDiffFile)) ||
              cleanedLabel === 'error'
            ),
            updateCount: 1,
          });
        }
      }
    
      const collapsed: DisplayEvent[] = [];
      for (const event of rawEvents) {
        const previous = collapsed[collapsed.length - 1];
    
        const isDuplicate =
          !!previous &&
          previous.kind === event.kind &&
          previous.label === event.label &&
          previous.summary === event.summary &&
          previous.status === event.status &&
          (previous.filePath ?? "") === (event.filePath ?? "") &&
          (previous.source ?? "") === (event.source ?? "") &&
          (previous.internal ?? false) === (event.internal ?? false);
    
        if (!isDuplicate || !previous) {
          collapsed.push({ ...event });
          continue;
        }
    
        previous.updateCount += 1;
        if (event.description) previous.description = event.description;
        if (event.detail) previous.detail = event.detail;
        if (event.diffStats) previous.diffStats = event.diffStats;
        if (event.activityDetail) previous.activityDetail = event.activityDetail;
        if (event.viewDiffFile) previous.viewDiffFile = event.viewDiffFile;
        if (event.partType) previous.partType = event.partType;
        if (event.source) previous.source = event.source;
        previous.internal = Boolean(previous.internal || event.internal);
      }
    
      if (isStreamingActive) {
        let latestPendingIndex = -1;
        for (let index = collapsed.length - 1; index >= 0; index -= 1) {
          if (collapsed[index].status === "pending") {
            latestPendingIndex = index;
            break;
          }
        }
    
        if (latestPendingIndex > 0) {
          for (let index = 0; index < latestPendingIndex; index += 1) {
            if (collapsed[index].status === "pending") {
              collapsed[index].status = "done";
            }
          }
        }
      }
    
      return collapsed;
    }
    
    
    
    export const SystemMessage = memo(function SystemMessage({
      content,
      accentColor = "var(--oc-accent)",
    }: {
      content: string;
      accentColor?: string;
    }) {
      return (
        <div className="oc-message-enter mb-6 px-4">
          <div className="opacity-90 transition-opacity hover:opacity-100">
            <div
              className="rounded-r-md border-l pr-2"
              style={{
                borderLeftColor: accentColor,
                backgroundColor: `color-mix(in srgb, ${accentColor} 4%, transparent)`,
              }}
            >
              <pre
                className="max-h-[220px] overflow-y-auto whitespace-pre-wrap break-words bg-transparent py-1 pl-4 pr-2 font-mono text-[10.5px] leading-6 tracking-[0.01em] text-[#aeb7d8] select-text sm:pl-5"
              >
                {content}
              </pre>
            </div>
          </div>
        </div>
      );
    });
    
    export const UserMessage = memo(function UserMessage({ message }: { message?: Message }) {
      const [previewImageSrc, setPreviewImageSrc] = useState<string | null>(null);
      const userMessageRef = useRef<HTMLDivElement>(null);
      const content = normalizedUserMessageText(message);
      const fileChips = (message?.parts ?? [])
        .map((part) => part.filename ?? part.source?.path)
        .filter((value): value is string => !!value);
      const hasImages = Array.isArray(message?.images) && message.images.length > 0;
    
      useEffect(() => {
        const root = userMessageRef.current;
        if (!root) return;
    
        const onClick = (event: MouseEvent) => {
          const target = event.target;
          if (!(target instanceof HTMLImageElement)) return;
    
          const src = target.currentSrc || target.src;
          if (!src) return;
          setPreviewImageSrc(src);
        };
    
        root.addEventListener("click", onClick);
        return () => root.removeEventListener("click", onClick);
      }, []);
    
      if (!message) return null;
    
      if (isPlanProceedMessageContent(content)) {
        return (
          <div className="oc-message-enter mb-5 px-4 flex justify-end">
            <div className="flex items-center gap-1.5 rounded-full border border-oc-green/30 bg-oc-green/10 px-3 py-1.5 text-oc-xs text-oc-green">
              <Check className="h-3.5 w-3.5" />
              <span className="font-medium">Plan Approved</span>
            </div>
          </div>
        );
      }
    
    
      if (!content && fileChips.length === 0 && !hasImages) {
        return null;
      }
    
      return (
        <div className="oc-message-enter mb-5 flex items-end justify-end gap-2.5 px-4">
          <div className="w-fit max-w-[78%]">
            <div className="oc-msg-user" ref={userMessageRef}>
              <div className="whitespace-pre-wrap text-xs leading-relaxed">
                {content && (() => {
                  const match = content.match(/^(\/[a-zA-Z0-9_-]+)(.*)$/s);
                  if (match) {
                    return (
                      <>
                        <span className="text-oc-accent font-medium">{match[1]}</span>
                        {match[2]}
                      </>
                    );
                  }
                  return content;
                })()}
              </div>
              {fileChips.length > 0 && (
                <div className="mt-2 flex flex-wrap gap-1">
                  {fileChips.map((file) => (
                    <span
                      key={file}
                      className="rounded-md border oc-accent-border-faint px-2 py-0.5 text-oc-2xs font-mono text-oc-text-soft opacity-70"
                    >
                      {file}
                    </span>
                  ))}
                </div>
              )}
              {message.images && message.images.length > 0 && (
                <div className="mt-2 flex flex-wrap gap-2">
                  {message.images.map((src: string) => (
                    <img
                      key={src}
                      src={src}
                      alt="attachment"
                      className="max-h-20 rounded-lg border border-oc-border cursor-zoom-in"
                    />
                  ))}
                </div>
              )}
            </div>
          </div>
          <ImagePreviewModal
            isOpen={previewImageSrc !== null}
            imageSrc={previewImageSrc}
            imageAlt="Message image"
            title="Image Preview"
            onClose={() => setPreviewImageSrc(null)}
          />
        </div>
      );
    });
    
    /**
     * Type-safe helper to get agent name from message or streaming state.
     * Checks multiple possible locations for the agent name to support both
     * persisted messages and real-time streaming.
     */
    function getAgentName(
      message: Message | undefined,
      streaming: StreamingState | undefined,
    ): string {
      if (message?.info?.agent && typeof message.info.agent === "string") {
        return message.info.agent;
      }
    
      if (message && "agent" in message) {
        const agent = (message as Record<string, unknown>).agent;
        if (typeof agent === "string" && agent) {
          return agent;
        }
      }
    
      if (streaming?.agent && typeof streaming.agent === "string") {
        return streaming.agent;
      }
    
      return "assistant";
    }
    
    /**
     * Type-safe helper to get token usage info from message.
     * Returns undefined for streaming state since tokens aren't available until completion.
     */
    function getTokenInfo(message: Message | undefined):
      | {
        input?: number;
        output?: number;
        reasoning?: number;
        cache?: { read?: number; write?: number };
      }
      | undefined {
      if (!message) {
        return undefined;
      }
    
      if (message.info?.tokens) {
        return message.info.tokens;
      }
    
      if ("tokens" in message) {
        const tokens = (message as Record<string, unknown>).tokens;
        if (tokens && typeof tokens === "object") {
          return tokens as {
            input?: number;
            output?: number;
            reasoning?: number;
            cache?: { read?: number; write?: number };
          };
        }
      }
    
      return undefined;
    }
    
    /**
     * Type-safe helper to get duration from message or streaming state.
     */
    function getDuration(
      message: Message | undefined,
      streaming: StreamingState | undefined,
    ): number | undefined {
      if (
        streaming?.usage?.duration !== undefined &&
        typeof streaming.usage.duration === "number"
      ) {
        return streaming.usage.duration;
      }
    
      if (!message) {
        return undefined;
      }
    
      if (
        message.info?.duration !== undefined &&
        typeof message.info.duration === "number"
      ) {
        return message.info.duration;
      }
    
      if ("duration" in message) {
        const duration = (message as Record<string, unknown>).duration;
        if (typeof duration === "number") {
          return duration;
        }
      }
    
      if (message.timing && "duration" in message.timing) {
        const timingDuration = message.timing.duration;
        if (typeof timingDuration === "number") {
          return timingDuration;
        }
      }
    
      return undefined;
    }
    
    const AssistantMessageInner = memo(function AssistantMessageInner({
      message,
      streaming,
      isContiguous,
      subagentsByParentMessageId,
      subagentDetailsById,
      availableAgents,
      todoItems = [],
    }: {
      message?: Message;
      streaming?: StreamingState;
      isContiguous?: boolean;
      subagentsByParentMessageId: AppState["subagentsByParentMessageId"];
      subagentDetailsById: AppState["subagentDetailsById"];
      availableAgents: AppState["availableAgents"];
      todoItems?: AppState["todoItems"];
    }) {
      const dispatch = useAppDispatch();
      const state = useAppState();
      const [showSubagents, setShowSubagents] = useState(true);
      const [showAllSubagents, setShowAllSubagents] = useState(false);
      const [selectedSubagentId, setSelectedSubagentId] = useState<string | null>(
        null,
      );
      const [copied, setCopied] = useState(false);
      const [previewImageSrc, setPreviewImageSrc] = useState<string | null>(null);
      const messageBodyRef = useRef<HTMLDivElement>(null);
      const progressTimelineRef = useRef<HTMLDivElement>(null);
      const content = getMessageContent(message, streaming);
      const liveInteractivePrompt = useMemo(
        () => questionPromptFromInteractiveEvents(state.interactiveEvents),
        [state.interactiveEvents],
      );
      const shouldUseInteractivePromptFallback =
        !!streaming?.isActive &&
        content.trim().length === 0 &&
        !!liveInteractivePrompt;
      const resolvedContent = shouldUseInteractivePromptFallback
        ? (liveInteractivePrompt ?? "")
        : content;
      const thoughtItems = useMemo(
        () =>
          streaming
            ? thoughtItemsFromStreaming(streaming)
            : thoughtItemsFromMessage(message),
        [streaming, message],
      );
      const progressItems = useMemo(
        () =>
          streaming
            ? progressItemsFromStreaming(streaming)
            : progressItemsFromMessage(message),
        [streaming, message],
      );
    
      /** Unified chronological list of timeline blocks to render. */
      const timelineBlocks = useMemo<TimelineBlock[]>(() => {
        return buildTimeline(
          thoughtItems,
          progressItems,
          resolvedContent,
          message?.parts,
        );
      }, [thoughtItems, progressItems, resolvedContent, message?.parts]);
      const isStreamingActive = !!streaming?.isActive;
      const displayEvents = useMemo(
        () => buildDisplayEvents(timelineBlocks, message, isStreamingActive),
        [timelineBlocks, message, isStreamingActive],
      );
      const info = message?.info;
      const messageRec = asRecord(message);
      const infoRec = asRecord(messageRec?.info);
      const structured = asRecord(messageRec?.structuredOutput) || asRecord(infoRec?.structuredOutput);
      const responseType = firstNonEmptyString(message?.responseType, structured?.responseType)?.toLowerCase();
      const plan = responseType === "implementation_plan" ? message?.plan : undefined;
      const messageId = info?.id || message?.id || streaming?.messageId;
    
      useEffect(() => {
        const partsBody = messageBodyFromParts(message?.parts);
        const structuredMessage = firstNonEmptyString(structured?.message) ?? "";
        const topLevelContent = (message?.content ?? message?.text ?? "").trim();
        const streamingContent = (streaming?.content ?? "").trim();
        const finalContent = (resolvedContent ?? "").trim();
        const finalNorm = normalizeComparableText(finalContent);
        const sourceMatch = {
          parts: !!partsBody && normalizeComparableText(partsBody) === finalNorm,
          structuredMessage:
            !!structuredMessage &&
            normalizeComparableText(structuredMessage) === finalNorm,
          topLevel:
            !!topLevelContent &&
            normalizeComparableText(topLevelContent) === finalNorm,
          streaming:
            !!streamingContent &&
            normalizeComparableText(streamingContent) === finalNorm,
        };
    
        console.info("[OpenCode][assistant-render-source]", {
          messageId: messageId ?? null,
          role: message?.role ?? message?.info?.role ?? null,
          responseType: responseType ?? null,
          hasParts: Array.isArray(message?.parts) && message.parts.length > 0,
          streamingActive: !!streaming?.isActive,
          streamingHasRenderableContent: streaming?.hasRenderableContent ?? null,
          usedInteractivePromptFallback: shouldUseInteractivePromptFallback,
          sourceMatch,
          finalContentPreview: finalContent.slice(0, 240),
          partsPreview: partsBody.slice(0, 240),
          structuredMessagePreview: structuredMessage.slice(0, 240),
          topLevelPreview: topLevelContent.slice(0, 240),
          streamingPreview: streamingContent.slice(0, 240),
          interactivePromptPreview: (liveInteractivePrompt ?? "").slice(0, 240),
        });
      }, [
        resolvedContent,
        messageId,
        responseType,
        message?.role,
        message?.info?.role,
        message?.content,
        message?.text,
        message?.parts,
        structured?.message,
        streaming?.content,
        streaming?.isActive,
        streaming?.hasRenderableContent,
        shouldUseInteractivePromptFallback,
        liveInteractivePrompt,
      ]);
      const latestAssistantMessageId = useMemo(() => {
        for (let index = state.messages.length - 1; index >= 0; index--) {
          const candidate = state.messages[index];
          const role = candidate.role ?? candidate.info?.role ?? "user";
          if (role === "assistant") {
            return candidate.info?.id ?? candidate.id;
          }
        }
        return undefined;
      }, [state.messages]);
      const isLatestAssistantMessage =
        !!messageId && latestAssistantMessageId === messageId;
      const [viewState, setViewState] = useState<MessageViewState>({
        showActivityDetails: false,
        showThinkingDetails: false,
        showAllCompletedActivity: false,
        showInternalActivity: false,
      });
      const hasCompletedCondensedActivity =
        !isStreamingActive &&
        !isLatestAssistantMessage &&
        displayEvents.length > MAX_VISIBLE_COMPLETED_ACTIVITY &&
        !viewState.showAllCompletedActivity;
      const visibleDisplayEvents = hasCompletedCondensedActivity
        ? displayEvents.slice(-MAX_VISIBLE_COMPLETED_ACTIVITY)
        : displayEvents;
      const userFacingDisplayEvents = visibleDisplayEvents.filter(
        (event) => !event.internal,
      );
      const internalDisplayEvents = visibleDisplayEvents.filter(
        (event) => event.internal,
      );
      const timelineDisplayEvents =
        viewState.showInternalActivity && internalDisplayEvents.length > 0
          ? visibleDisplayEvents
          : userFacingDisplayEvents;
      const hiddenActivityEventCount = Math.max(
        0,
        displayEvents.length - visibleDisplayEvents.length,
      );
      const activityStatusCounts = useMemo(
        () =>
          userFacingDisplayEvents.reduce(
            (acc, event) => {
              if (event.status === "error") acc.error += 1;
              else if (event.status === "done") acc.done += 1;
              else acc.pending += 1;
              return acc;
            },
            { pending: 0, done: 0, error: 0 },
          ),
        [userFacingDisplayEvents],
      );
      const shouldShowTodoInlineSummary =
        todoItems.length > 0 &&
        (!latestAssistantMessageId || latestAssistantMessageId === messageId);
      const { planStatus, isRevisedPlan } = useMemo(() => {
        let status: "Draft" | "Executing" | "Revision Requested" | undefined;
        let revised = false;
    
        if (plan) {
          status = "Draft"; // Default
          const msgIndex = state.messages.findIndex(
            (m) => m === message || (messageId && (m.info?.id === messageId || m.id === messageId))
          );
    
          if (msgIndex !== -1) {
            // Did user ask for a revision before this plan was generated?
            for (let i = msgIndex - 1; i >= 0; i--) {
              const m = state.messages[i];
              if (m.role === "user") {
                const text = normalizedUserMessageText(m);
                if (isPlanRevisionMessageContent(text)) {
                  revised = true;
                }
                break;
              }
            }
    
            // Did user approve or request revision on this plan?
            for (let i = msgIndex + 1; i < state.messages.length; i++) {
              const m = state.messages[i];
              if (m.role === "assistant" && m.plan) {
                break; // Stop checking if a new plan was spawned
              }
              if (m.role === "user") {
                const text = normalizedUserMessageText(m);
                if (isPlanProceedMessageContent(text)) {
                  status = "Executing";
                  break;
                } else if (isPlanRevisionMessageContent(text)) {
                  status = "Revision Requested";
                  break;
                }
              }
            }
          }
        }
        return { planStatus: status, isRevisedPlan: revised };
      }, [plan, message, messageId, state.messages]);
    
      // Merge subagents from message data and from the store lookup by parent message ID.
      // Prefer store-scoped entries so subagent cards cannot bleed into unrelated messages.
      const subagents = useMemo(() => {
        const fromStore = (
          messageId ? (subagentsByParentMessageId[messageId] ?? []) : []
        ).filter((subagent: SubagentSummary) => {
          if (!messageId) {
            return true;
          }
          return subagent.parentMessageId === messageId;
        });
        const fromMessage = (
          Array.isArray(message?.subagents) ? message.subagents : []
        ).filter((subagent: SubagentSummary) => {
          if (!messageId) {
            return true;
          }
          return subagent.parentMessageId === messageId;
        });
    
        if (fromStore.length === 0) return fromMessage;
        if (fromMessage.length === 0) return fromStore;
    
        // Merge: store entries take precedence (more up-to-date), then append
        // message-scoped entries not yet in the store snapshot.
        const storeIds = new Set(fromStore.map((s: SubagentSummary) => s.id));
        const extra = fromMessage.filter((s) => !storeIds.has(s.id));
        return [...fromStore, ...extra];
      }, [message, messageId, subagentsByParentMessageId]);
      const previousSubagentCount = useRef(subagents.length);
    
      useEffect(() => {
        const hasNewSubagent = subagents.length > previousSubagentCount.current;
        previousSubagentCount.current = subagents.length;
        if (streaming && hasNewSubagent) {
          setShowSubagents(true);
        }
      }, [streaming, subagents.length]);
      const visibleSubagents = showAllSubagents
        ? subagents
        : subagents.slice(0, 10);
    
      useEffect(() => {
        if (subagents.length === 0) {
          setSelectedSubagentId(null);
          dispatch({ type: "SELECT_SUBAGENT", payload: null });
        }
      }, [subagents.length, dispatch]);
    
      const subagentStatusCounts = useMemo(
        () =>
          subagents.reduce(
            (acc, subagent) => {
              const key = subagent.status;
              if (key === "running") acc.running += 1;
              else if (key === "done") acc.done += 1;
              else if (key === "error") acc.error += 1;
              else acc.pending += 1;
              return acc;
            },
            { pending: 0, running: 0, done: 0, error: 0 },
          ),
        [subagents],
      );
      const hasStreamingActivity = !!(
        streaming &&
        ((streaming.content && String(streaming.content).trim().length > 0) ||
          (streaming.reasoning && String(streaming.reasoning).trim().length > 0) ||
          (Array.isArray(streaming.reasoningEvents) &&
            streaming.reasoningEvents.length > 0) ||
          (Array.isArray(streaming.progressEvents) &&
            streaming.progressEvents.length > 0) ||
          (Array.isArray(streaming.steps) && streaming.steps.length > 0) ||
          subagents.length > 0)
      );
    
      const showStreamingLoading =
        !message && !!streaming?.isActive && !hasStreamingActivity;
    
      // Use type-safe helpers instead of type assertions
      const agentName = getAgentName(message, streaming);
      const agentColor = useMemo(() => {
        if (!agentName || agentName === "assistant") return undefined;
        const match = availableAgents.find(
          (a) =>
            a.id === agentName || a.name.toLowerCase() === agentName.toLowerCase(),
        );
        return match?.color ?? undefined;
      }, [agentName, availableAgents]);
      const modelName = useMemo(() => {
        if (streaming?.isActive) {
          if (streaming.model?.name) return streaming.model.name;
          if (streaming.providerID && streaming.modelID)
            return `${streaming.providerID}/${streaming.modelID}`;
          if (streaming.modelID) return streaming.modelID;
        }
        return modelLabel(message ?? ({} as Message));
      }, [message, streaming]);
      const tokens = getTokenInfo(message);
      const inputTok = tokens?.input ?? 0;
      const outputTok = tokens?.output ?? 0;
      const reasoningTok = tokens?.reasoning ?? 0;
      const cache = tokens?.cache;
      const cacheRead = cache?.read ?? 0;
      const cacheWrite = cache?.write ?? 0;
      const duration = getDuration(message, streaming);
      const hasTokens = inputTok > 0 || outputTok > 0 || reasoningTok > 0;
      const showThinkingPlaceholder =
        !streaming && thoughtItems.length === 0 && reasoningTok > 0;
      const thinkingPlaceholderText =
        "Reasoning tokens were used, but this provider did not expose reasoning text.";
      const { rawResponseText } = useMemo(() => {
        const maxRawDebugChars = 30000;
        const withCap = (value: string): string =>
          value.length > maxRawDebugChars
            ? `${value.slice(0, maxRawDebugChars)}\n...<truncated ${value.length - maxRawDebugChars
            } chars>`
            : value;
        const raw = message?.rawResponse;
        if (typeof raw === "undefined") {
          return {
            rawResponseText: "",
          };
        }
        if (typeof raw === "string") {
          return {
            rawResponseText: withCap(raw),
          };
        }
        try {
          return {
            rawResponseText: withCap(JSON.stringify(raw, null, 2)),
          };
        } catch {
          return {
            rawResponseText: withCap(String(raw)),
          };
        }
      }, [message?.rawResponse]);
      // Render raw debug whenever payload exists. Do not gate behind stream-debug
      // flags, otherwise streamed + hydrated sessions can silently hide rawResponse.
      const hasRawResponseDebug = rawResponseText.trim().length > 0;
      const hasThinkingEvents = useMemo(
        () => displayEvents.some((event) => event.kind === "reasoning"),
        [displayEvents],
      );
      const hasPrimaryResponseBody = resolvedContent.trim().length > 0 || !!plan;
      const hasResponseContent = hasPrimaryResponseBody || hasRawResponseDebug;
      const isAborted = message?.aborted === true;
      const structuredRetryError =
        !!message?.error &&
        (message.retryWithoutStructuredOutput === true ||
          isStructuredOutputFailureMessage(message.error));
      const plainTextFallback = message?.plainTextFallback === true;
      const plainTextFallbackTooltip = plainTextFallback
        ? [
          message.plainTextFallbackMessage ||
          "Structured output failed for this turn. Showing plain text response.",
          message.plainTextFallbackReason
            ? `Reason: ${message.plainTextFallbackReason}`
            : "",
        ]
          .filter(Boolean)
          .join("\n")
        : "";
      const isLiveStreamingCard = !message && !!streaming?.isActive;
      const responseBodyClass = isLiveStreamingCard
        ? "w-full"
        : "w-full";
      const markdownBodyClass = isLiveStreamingCard
        ? "w-full max-w-none"
        : "w-full";
      const showResponseSection = hasResponseContent || !!plan;
      const handleCopy = async () => {
        await navigator.clipboard.writeText(resolvedContent);
        setCopied(true);
        setTimeout(() => setCopied(false), 1200);
      };
      const retryLastMessage = (retryWithoutStructuredOutput: boolean) => {
        dispatch({ type: "SET_PROCESSING", payload: true });
        const targetMessageIndex = state.messages.findIndex((candidate) => {
          if (messageId) {
            const candidateId = candidate.info?.id ?? candidate.id;
            return candidateId === messageId;
          }
          return candidate === message;
        });
        if (targetMessageIndex >= 0) {
          let persistedPatchedMessage: Message | undefined;
          const nextMessages = state.messages.map((candidate, index) => {
            if (index !== targetMessageIndex) return candidate;
            const patched = patchMessageRetryState(
              candidate,
              retryWithoutStructuredOutput,
            );
            persistedPatchedMessage = patched;
            return patched;
          });
          dispatch({ type: "SET_MESSAGES", payload: nextMessages });
          if (state.currentSessionId && persistedPatchedMessage) {
            vscode.postMessage({
              type: "persistAssistantMessage",
              sessionId: state.currentSessionId,
              message: persistedPatchedMessage,
            });
          }
        }
        vscode.postMessage({
          type: "retryLastMessage",
          retryWithoutStructuredOutput,
        });
      };
      const openSubagentModal = (subagentId: string) => {
        setSelectedSubagentId(subagentId);
        dispatch({ type: "SELECT_SUBAGENT", payload: subagentId });
      };
    
      const closeSubagentModal = () => {
        setSelectedSubagentId(null);
        dispatch({ type: "SELECT_SUBAGENT", payload: null });
      };
      const copyRefs = async (detail: SubagentDetail) => {
        const refs = [
          `parentSessionID=${detail.parentSessionId}`,
          `parentMessageID=${detail.parentMessageId}`,
          detail.childSessionId ? `childSessionID=${detail.childSessionId}` : null,
          ...detail.references.map((ref, index) => {
            const parts = [
              ref.messageID ? `messageID=${ref.messageID}` : null,
              ref.partID ? `partID=${ref.partID}` : null,
              ref.callID ? `callID=${ref.callID}` : null,
            ].filter(Boolean);
            return parts.length > 0 ? `ref${index + 1}: ${parts.join(" ")}` : null;
          }),
        ]
          .filter((item): item is string => !!item)
          .join("\n");
        await navigator.clipboard.writeText(refs);
      };
    
      useEffect(() => {
        const root = messageBodyRef.current;
        if (!root) return;
    
        const onClick = (event: MouseEvent) => {
          const target = event.target;
          if (!(target instanceof HTMLImageElement)) return;
          if (!target.closest(".markdown-body")) return;
    
          const src = target.currentSrc || target.src;
          if (!src) return;
          setPreviewImageSrc(src);
        };
    
        root.addEventListener("click", onClick);
        return () => root.removeEventListener("click", onClick);
      }, []);
    
      const responseEnterClass = streaming
        ? "oc-assistant-streaming-enter"
        : "oc-assistant-response-enter";
    
      return (
        <div
          id={messageId ? `msg-${messageId}` : undefined}
          data-message-id={messageId || undefined}
          className={`oc-message-enter ${responseEnterClass} ${isContiguous ? "mb-4 mt-[-12px]" : "mb-5"} px-4`}
        >
          <div
            className={cn(
              "oc-msg-assistant",
            )}
            ref={messageBodyRef}
          >
            {!isContiguous && (
              <div className="mb-2.5 flex flex-wrap items-start justify-between gap-2">
                <div className="flex min-w-0 flex-1 flex-col gap-1.5 sm:flex-row sm:items-center sm:gap-2">
                  {showStreamingLoading ? (
                    <ThinkingStatusTicker className="text-[#4e648c]" />
                  ) : (
                    <>
                      <div className="oc-msg-header-left flex items-center gap-1.5 min-w-0">
                        <div
                          className="oc-agent-icon flex items-center justify-center rounded-md p-1"
                          style={
                            agentColor
                              ? { backgroundColor: `${agentColor}26` }
                              : { backgroundColor: "var(--oc-accent-soft)" }
                          }
                        >
                          <Zap
                            className="h-4 w-4"
                            style={
                              agentColor
                                ? { color: agentColor }
                                : { color: "var(--oc-accent)" }
                            }
                          />
                        </div>
                        <div className="flex min-w-0 flex-wrap items-center gap-2">
                          <span
                            className="oc-msg-agent-name font-semibold text-oc-sm truncate shrink-0"
                            style={
                              agentColor
                                ? {
                                  color: agentColor,
                                }
                                : undefined
                            }
                          >
                            {agentName !== "assistant" ? agentName : "AI"}
                          </span>
                          {modelName && modelName !== "assistant" && (
                            <div className="flex items-center gap-1.5 opacity-60 min-w-0 truncate">
                              <span className="text-oc-xs font-mono shrink-0">
                                •
                              </span>
                              <span className="oc-msg-model-label truncate text-oc-xs">
                                {modelName}
                              </span>
                            </div>
                          )}
                        </div>
                      </div>
                      {hasTokens && (
                        <div className="oc-msg-token-chips flex min-w-0 flex-wrap items-center gap-2 text-[11px] sm:ml-auto sm:text-[12px]">
                          {/* Prompt - Uses existing oc-yellow for warmth */}
                          <div className="group/token relative inline-flex items-center gap-2 px-2.5 py-1 rounded-lg border border-oc-border bg-oc-panel-soft hover:bg-oc-panel transition-all duration-200 cursor-help">
                            <div className="h-1 w-1 rounded-full bg-oc-yellow" />
                            <div className="flex items-baseline gap-1">
                              <span className="text-[10px] uppercase tracking-wide text-oc-text-muted">
                                prompt
                              </span>
                              <span className="font-mono font-medium text-oc-text tabular-nums">
                                {inputTok.toLocaleString()}
                              </span>
                            </div>
                          </div>
    
                          {/* Response - Uses oc-accent for primary action */}
                          <div className="group/token relative inline-flex items-center gap-2 px-2.5 py-1 rounded-lg border border-oc-border bg-oc-panel-soft hover:bg-oc-panel transition-all duration-200 cursor-help">
                            <div className="h-1 w-1 rounded-full bg-oc-accent" />
                            <div className="flex items-baseline gap-1">
                              <span className="text-[10px] uppercase tracking-wide text-oc-text-muted">
                                response
                              </span>
                              <span className="font-mono font-medium text-oc-text tabular-nums">
                                {outputTok.toLocaleString()}
                              </span>
                            </div>
                          </div>
    
                          {reasoningTok > 0 && (
                            <div className="group/token relative inline-flex items-center gap-2 px-2.5 py-1 rounded-lg border border-oc-border bg-oc-panel-soft hover:bg-oc-panel transition-all duration-200 cursor-help">
                              <div className="h-1 w-1 rounded-full bg-oc-amber-custom" />
                              <div className="flex items-baseline gap-1">
                                <span className="text-[10px] uppercase tracking-wide text-oc-text-muted">
                                  reasoning
                                </span>
                                <span className="font-mono font-medium text-oc-text tabular-nums">
                                  {reasoningTok.toLocaleString()}
                                </span>
                              </div>
                            </div>
                          )}
    
                          {cacheRead > 0 && (
                            <div className="group/token relative inline-flex items-center gap-2 px-2.5 py-1 rounded-lg border border-oc-border bg-oc-panel-soft hover:bg-oc-panel transition-all duration-200 cursor-help">
                              <div className="h-1 w-1 rounded-full bg-oc-green" />
                              <div className="flex items-baseline gap-1">
                                <span className="text-[10px] uppercase tracking-wide text-oc-text-muted">
                                  cache read
                                </span>
                                <span className="font-mono font-medium text-oc-text tabular-nums">
                                  {cacheRead.toLocaleString()}
                                </span>
                              </div>
                            </div>
                          )}
    
                          {cacheWrite > 0 && (
                            <div className="group/token relative inline-flex items-center gap-2 px-2.5 py-1 rounded-lg border border-oc-border bg-oc-panel-soft hover:bg-oc-panel transition-all duration-200 cursor-help">
                              <div className="h-1 w-1 rounded-full bg-oc-orange" />
                              <div className="flex items-baseline gap-1">
                                <span className="text-[10px] uppercase tracking-wide text-oc-text-muted">
                                  cache write
                                </span>
                                <span className="font-mono font-medium text-oc-text tabular-nums">
                                  {cacheWrite.toLocaleString()}
                                </span>
                              </div>
                            </div>
                          )}
    
                          {typeof duration === "number" && (
                            <div className="group/token relative inline-flex items-center gap-2 px-2.5 py-1 rounded-lg border border-oc-border bg-oc-panel-soft hover:bg-oc-panel transition-all duration-200">
                              <svg className="h-3 w-3 text-oc-text-muted opacity-70" viewBox="0 0 24 24" fill="none" stroke="currentColor" strokeWidth="2">
                                <circle cx="12" cy="12" r="10" />
                                <path d="M12 6v6l4 2" />
                              </svg>
                              <span className="font-mono text-oc-text-muted tabular-nums">
                                {duration.toFixed(1)}s
                              </span>
                            </div>
                          )}
                        </div>
                      )}
                    </>
                  )}
                </div>
                <div className="flex shrink-0 items-center gap-1">
                  {plainTextFallback && (
                    <span
                      className="inline-flex h-6 w-6 items-center justify-center rounded-md border border-oc-border text-oc-text-muted"
                      title={plainTextFallbackTooltip}
                    >
                      <AlertCircle className="h-3.5 w-3.5 text-oc-yellow" />
                    </span>
                  )}
                  <button
                    type="button"
                    className="oc-msg-copy-btn h-6 w-6"
                    onClick={handleCopy}
                    title="Copy message"
                  >
                    {copied ? (
                      <Check className="h-3 w-3 text-oc-green" />
                    ) : (
                      <Copy className="h-3 w-3" />
                    )}
                  </button>
                </div>
              </div>
            )}
    
            <div className="space-y-3">
              {shouldShowTodoInlineSummary && <TodoInlineSummary todoItems={todoItems} />}
    
              {(displayEvents.length > 0 || showThinkingPlaceholder) && (
                <section
                  data-assistant-section="activity"
                  className="rounded-md border border-oc-border bg-oc-panel-soft/40"
                >
                  <div className="flex flex-wrap items-center justify-between gap-2 px-3 py-2.5">
                    <div className="inline-flex items-center gap-1.5">
                      <span className="rounded border border-oc-border px-1.5 py-0.5 font-mono text-[10px] text-oc-text-muted">
                        {timelineDisplayEvents.length}
                      </span>
                      {hiddenActivityEventCount > 0 && (
                        <span className="text-xs text-oc-text-muted">
                      +{hiddenActivityEventCount} hidden
                        </span>
                      )}
                    </div>
    
                    <div className="flex flex-wrap items-center gap-1.5">
                      {activityStatusCounts.pending > 0 && (
                        <span className="rounded border border-oc-border px-1.5 py-0.5 font-mono text-[10px] text-oc-accent">
                          pending {activityStatusCounts.pending}
                        </span>
                      )}
                      {activityStatusCounts.done > 0 && (
                        <span className="rounded border border-oc-border px-1.5 py-0.5 font-mono text-[10px] text-oc-green">
                          done {activityStatusCounts.done}
                        </span>
                      )}
                      {activityStatusCounts.error > 0 && (
                        <span className="rounded border border-oc-border px-1.5 py-0.5 font-mono text-[10px] text-oc-red">
                          error {activityStatusCounts.error}
                        </span>
                      )}
                      <button
                        type="button"
                        className="rounded border border-oc-border px-1.5 py-0.5 font-mono text-[10px] text-oc-text-muted hover:text-oc-text-soft"
                        onClick={() =>
                          dispatch({
                            type: "TOGGLE_ACTIVITY_DETAILS",
                            payload: { messageId: message.id || messageId },
                          })
                        }
                      >
                        text {viewState.showActivityDetails ? "full" : "preview"}
                      </button>
                    </div>
                  </div>
    
                  <div className="border-t border-oc-border px-3 py-2.5">
                    {timelineDisplayEvents.length > 0 && (
                      <>
                        <Stepper
                          className="oc-refined-stepper max-h-[400px] overflow-y-auto pl-2"
                          ref={progressTimelineRef}
                          autoScrollToBottom={isStreamingActive}
                        >
                          {timelineDisplayEvents.map((event, index) => {
                            const isLast =
                              index === timelineDisplayEvents.length - 1;
                            const isLatestStreamingEvent =
                              isStreamingActive && isLast;
                            const indicatorNode = <StepIndicator status={event.status} />;
                            const fileName = event.filePath
                              ? event.filePath.split(/[/\\]/).pop()
                              : undefined;
                            const shouldShowDetail = viewState.showActivityDetails;
    
                            return (
                              <StepperItem
                                key={event.key}
                                isLast={isLast}
                                indicator={indicatorNode}
                                className={cn(
                                  "oc-refined-stepper-item group",
                                  isLatestStreamingEvent
                                    ? "is-streaming"
                                    : "",
                                )}
                              >
                                <ExpandableStep>
                                  <div className="flex min-w-0 flex-col items-start gap-2 w-full">
                                  <div className="flex items-center gap-2 flex-wrap">
                                    <span
                                      className={cn(
                                        "oc-refined-event-label",
                                        event.kind === "reasoning" && "reasoning",
                                        // event.kind === "activity" && "uppercase"
                                        event.kind === "activity" && "activity",
                                      )}
                                      data-operation={event.label.toLowerCase()}
                                    >
                                      {event.label}
                                    </span>
                                    {event.kind === "activity" && event.source && (
                                      <span className="oc-refined-meta-badge">
                                        {event.source === "raw_debug"
                                          ? "raw"
                                          : event.source}
                                      </span>
                                    )}
                                    {event.kind === "activity" && event.internal && (
                                      <span className="oc-refined-meta-badge">
                                        internal
                                      </span>
                                    )}
                                  </div>
    
                                  <span className="flex min-w-0 flex-1 flex-col gap-1 oc-refined-event-content w-full">
                                    {event.filePath ? (
                                      <button
                                        type="button"
                                        className="oc-refined-file-link"
                                        title={event.filePath}
                                        onClick={() =>
                                          vscode.postMessage({
                                            type: "openFile",
                                            file: event.filePath!,
                                          })
                                        }
                                      >
                                        <FileIcon filePath={event.filePath} />
                                        <span className="break-words whitespace-pre-wrap">
                                          {fileName || event.summary}
                                        </span>
                                      </button>
                                    ) : (
                                      event.summary && (
                                        <div
                                          className={cn(
                                            "oc-refined-event-summary",
                                            event.kind === "reasoning" &&
                                            !viewState.showThinkingDetails &&
                                            "line-clamp-2",
                                          )}
                                        >
                                          <MarkdownRenderer
                                            content={event.summary}
                                            className="markdown-body"
                                          />
                                        </div>
                                      )
                                    )}
    
                                    {/* Compact diff preview for write/edit operations */}
                                    {event.activityDetail?.diffExcerpt && (
                                      <CompactDiffPreview
                                        excerpt={event.activityDetail.diffExcerpt}
                                        filePath={event.filePath}
                                        maxLines={5}
                                      />
                                    )}
    
                                    {event.description && (
                                      <div className="oc-refined-event-content">
                                        <MarkdownRenderer
                                          content={event.description}
                                          className="markdown-body"
                                        />
                                      </div>
                                    )}
    
                                    {event.updateCount > 1 && (
                                      <span className="oc-refined-update-count">
                                        x{event.updateCount} updates
                                      </span>
                                    )}
    
                                    {shouldShowDetail && event.detail && (
                                      <div className="oc-refined-event-content">
                                        <MarkdownRenderer
                                          content={event.detail}
                                          className="markdown-body"
                                        />
                                      </div>
                                    )}
    
                                    {shouldShowDetail && event.activityDetail && (
                                      <div className="oc-refined-activity-details flex flex-col gap-2">
                                        <div className="flex flex-wrap items-center gap-2">
                                          {event.activityDetail.tool && (
                                            <span className="oc-refined-detail-badge">
                                              tool {event.activityDetail.tool}
                                            </span>
                                          )}
                                          {event.activityDetail.query && (
                                            <span className="oc-refined-detail-badge">
                                              query {event.activityDetail.query}
                                            </span>
                                          )}
                                        </div>
    
                                        {event.activityDetail.command && (
                                          <TerminalBlock command={event.activityDetail.command} />
                                        )}
    
                                        {event.activityDetail.diffExcerpt?.lines?.length ? (
                                          <ActivityDiffExcerpt excerpt={event.activityDetail.diffExcerpt} />
                                        ) : null}
                                      </div>
                                    )}
                                  </span>
    
                                  {event.diffStats &&
                                    (event.diffStats.added > 0 ||
                                      event.diffStats.deleted > 0) && (
                                      <span className="oc-refined-diff-stats">
                                        {event.diffStats.added > 0 && (
                                          <span className="oc-refined-diff-add">
                                            +{event.diffStats.added}
                                          </span>
                                        )}
                                        {event.diffStats.deleted > 0 && (
                                          <span className="oc-refined-diff-del">
                                            -{event.diffStats.deleted}
                                          </span>
                                        )}
                                      </span>
                                    )}
    
                                  {event.viewDiffFile && (
                                    <button
                                      type="button"
                                      className="shrink-0 rounded border border-oc-border px-2 py-0.5 text-[10px] font-medium text-oc-text-muted hover:text-oc-text-soft"
                                      onClick={() =>
                                        vscode.postMessage({
                                          type: "openDiff",
                                          file: event.viewDiffFile,
                                        })
                                      }
                                    >
                                      View diff
                                    </button>
                                  )}
                                </div>
                                </ExpandableStep>
                              </StepperItem>
                            );
                          })}
                        </Stepper>
    
                        {showThinkingPlaceholder && !hasThinkingEvents && (
                          <Stepper className="mt-2 max-h-[120px] overflow-y-auto pl-1 font-sans text-[12px]">
                            <StepperItem
                              isLast={true}
                              indicator={
                                <div className="h-2 w-2 rounded-full border border-oc-accent/70 bg-oc-accent/30 animate-pulse" />
                              }
                            >
                              <div className="flex min-w-0 items-start gap-2.5 pt-[3px]">
                                <span className="inline-block min-w-[64px] shrink-0 rounded border border-oc-border px-1.5 py-[3px] text-center font-mono text-[10px] font-semibold text-oc-text-muted">
                                  Reasoning
                                </span>
                                <span
                                  className={cn(
                                    "flex-1 whitespace-pre-wrap break-words text-[11px] text-oc-text-muted",
                                    !viewState.showThinkingDetails && "line-clamp-2",
                                  )}
                                >
                                  {thinkingPlaceholderText}
                                </span>
                              </div>
                            </StepperItem>
                          </Stepper>
                        )}
    
                        {!isStreamingActive &&
                          displayEvents.length >
                          MAX_VISIBLE_COMPLETED_ACTIVITY && (
                            <button
                              type="button"
                              className="mt-2 text-[11px] font-mono text-oc-accent hover:underline"
                              onClick={() =>
                                setViewState((prev) => ({
                                  ...prev,
                                  showAllCompletedActivity:
                                    !prev.showAllCompletedActivity,
                                }))
                              }
                            >
                              {hasCompletedCondensedActivity
                                ? "Show " +
                                hiddenActivityEventCount +
                                " older events"
                                : "Show fewer events"}
                            </button>
                          )}
                      </>
                    )}
                  </div>
                </section>
              )}
    
              {showResponseSection && (
                <section
                  data-assistant-section="response"
                  className="rounded-md border border-oc-border bg-background p-3.5 shadow-sm"
                >
                  {hasResponseContent && (
                    <div className={responseBodyClass}>
                      <MarkdownRenderer
                        content={resolvedContent}
                        className={markdownBodyClass}
                      />
                    </div>
                  )}
    
                  {plan && !message?.interactiveEvents?.length && (
                    <div
                      className={
                        hasResponseContent
                          ? "mt-3 pt-3 border-t border-oc-border/30"
                          : undefined
                      }
                    >
                      <div className="plan-card flex items-center justify-between gap-2">
                        <div className="flex flex-col gap-0.5 min-w-0">
                          <div className="flex flex-wrap items-center gap-2">
                            <div className="text-oc-xs font-semibold text-oc-text-soft uppercase tracking-widest font-mono">
                              {plan.title || "Implementation Plan"}
                            </div>
                            {isRevisedPlan && (
                              <span className="rounded bg-oc-blue/20 text-oc-blue px-1.5 py-0.5 text-[9px] font-bold uppercase tracking-wider">
                                Revised
                              </span>
                            )}
                            {planStatus === "Executing" && (
                              <span className="rounded bg-oc-green/20 text-oc-green px-1.5 py-0.5 text-[9px] font-bold uppercase tracking-wider">
                                Approved
                              </span>
                            )}
                            {planStatus === "Revision Requested" && (
                              <span className="rounded bg-oc-yellow/20 text-oc-yellow px-1.5 py-0.5 text-[9px] font-bold uppercase tracking-wider">
                                Revision Requested
                              </span>
                            )}
                            {planStatus === "Draft" && (
                              <span className="rounded border border-oc-border text-oc-text-muted px-1.5 py-0.5 text-[9px] font-bold uppercase tracking-wider">
                                Draft
                              </span>
                            )}
                          </div>
                          {plan.file ? (
                            <div className="flex items-center gap-1.5 text-[11px] font-mono text-oc-text-muted">
                              <FileIcon filePath={plan.file} />
                              <span className="truncate" title={plan.file}>{plan.file}</span>
                            </div>
                          ) : (
                            <div className="flex items-center gap-1.5 text-[11px] font-mono text-oc-text-muted/50 italic">
                              (no file)
                            </div>
                          )}
                        </div>
                        <button
                          type="button"
                          title="Core Feature: View Implementation Plan"
                          onClick={() => vscode.postMessage({ type: "viewPlan", plan })}
                          className="oc-plan-btn shrink-0"
                        >
                          <FileTextIcon className="h-3 w-3" />
                          View Plan
                        </button>
                      </div>
                    </div>
                  )}
    
                  {hasRawResponseDebug && (
                    <div
                      data-assistant-section="raw-response-debug"
                      className={
                        hasPrimaryResponseBody
                          ? "mt-3 pt-3 border-t border-oc-border/30"
                          : undefined
                      }
                    >
                      <div className="mb-1.5 flex items-center justify-between gap-2">
                        <div className="text-[11px] font-semibold uppercase tracking-[0.08em] text-oc-text-soft">
                          Raw Response (Debug)
                        </div>
                      </div>
                      <pre className="max-h-[260px] overflow-auto rounded border border-oc-border bg-oc-panel-soft/60 p-2 text-[11px] leading-relaxed text-oc-text-soft whitespace-pre-wrap break-words font-mono">
                        {rawResponseText}
                      </pre>
                    </div>
                  )}
    
                </section>
              )}
            </div>
    
            {isAborted && (
              <div className="mt-2">
                <AbortedBanner onRetry={() => retryLastMessage(false)} />
              </div>
            )}
    
            {message?.error && !structuredRetryError && !isAborted && (
              <div className="mt-2">
                {(() => {
                  const retryWithoutStructuredOutput =
                    message.retryWithoutStructuredOutput === true ||
                    isStructuredOutputFailureMessage(message.error);
                  return (
                    <ErrorBanner
                      message={message.error}
                      retryLabel={
                        retryWithoutStructuredOutput
                          ? "Retry Without Structured Output"
                          : "Retry"
                      }
                      retryHint={
                        retryWithoutStructuredOutput
                          ? "This will resend your last prompt as plain text (no json_schema)."
                          : undefined
                      }
                      onRetry={() => {
                        retryLastMessage(retryWithoutStructuredOutput);
                      }}
                    />
                  );
                })()}
              </div>
            )}
    
            {message?.retryState === "retrying_without_structured_output" && (
              <div className="mt-2">
                <InfoBanner
                  message={
                    message.retryMessage ||
                    "Retrying without structured output..."
                  }
                />
              </div>
            )}
    
            <ImagePreviewModal
              isOpen={previewImageSrc !== null}
              imageSrc={previewImageSrc}
              imageAlt="Conversation image"
              title="Image Preview"
              onClose={() => setPreviewImageSrc(null)}
            />
    
            {selectedSubagentId &&
              (() => {
                const selected = subagents.find(
                  (subagent) => subagent.id === selectedSubagentId,
                );
                if (!selected) return null;
    
                const detailData =
                  (subagentDetailsById[selected.id] as
                    | SubagentDetail
                    | undefined) ||
                  ({
                    ...selected,
                    thinkingEvents: [],
                    progressEvents: [],
                    timelineEvents: [],
                  } as SubagentDetail);
                const providerLabel = subagentModelLabel(selected, detailData);
                const displayTitle = subagentAgentLabel(selected, detailData);
    
                return (
                  <SubagentDetailModal
                    isOpen={Boolean(selectedSubagentId)}
                    title={displayTitle}
                    providerLabel={providerLabel}
                    detail={detailData}
                    colorClass={getSubagentColor(selected.id)}
                    onClose={closeSubagentModal}
                    onCopyRefs={copyRefs}
                    onJumpToParent={() =>
                      jumpToMessage(selected.parentMessageId || messageId || "")
                    }
                  />
                );
              })()}
    
            {subagents.length > 0 && (
              <div className="mt-3 mb-3 overflow-hidden rounded-md border border-oc-border bg-oc-panel-soft">
                <button
                  type="button"
                  className="w-full border-b border-oc-border px-2.5 py-2 text-left hover:bg-oc-panel"
                  onClick={() => setShowSubagents((value) => !value)}
                >
                  <div className="flex items-center justify-between gap-2">
                    <div className="flex min-w-0 items-center gap-2">
                      <Sparkles className="h-3.5 w-3.5 text-oc-accent" />
                      <span className="text-[11px] font-semibold uppercase tracking-wider text-oc-text-soft">
                        Spawned Subagents
                      </span>
                      <span className="rounded-md border border-oc-border px-1.5 py-0.5 font-mono text-oc-2xs text-oc-text-muted">
                        {subagents.length}
                      </span>
                    </div>
                    <div className="flex items-center gap-1.5">
                      {subagentStatusCounts.running > 0 && (
                        <Badge className="h-5 bg-oc-accent/10 px-1.5 text-[10px] text-oc-accent">
                          {subagentStatusCounts.running} running
                        </Badge>
                      )}
                      {subagentStatusCounts.done > 0 && (
                        <Badge className="h-5 bg-oc-green/10 px-1.5 text-[10px] text-oc-green">
                          {subagentStatusCounts.done} done
                        </Badge>
                      )}
                      {subagentStatusCounts.error > 0 && (
                        <Badge className="h-5 bg-oc-red/10 px-1.5 text-[10px] text-oc-red">
                          {subagentStatusCounts.error} error
                        </Badge>
                      )}
                    </div>
                  </div>
                </button>
    
                {showSubagents && (
                  <div className="space-y-2 p-2.5">
                    <div
                      className="max-h-[320px] space-y-1.5 overflow-y-auto pr-1 pb-2"
                      style={{ scrollPaddingBottom: "0.5rem" }}
                    >
                      {visibleSubagents.map((subagent: SubagentSummary) => {
                        const detail = subagentDetailsById[subagent.id] as
                          | SubagentDetail
                          | undefined;
                        const agentLabel = subagentAgentLabel(subagent, detail);
                        const modelInfo = subagentModelLabel(subagent, detail);
                        const cardStyle = getSubagentCardStyle(subagent.id);
                        const accentTextStyle = getSubagentAccentTextStyle(
                          subagent.id,
                        );
                        const metaStyle = getSubagentMetaStyle(subagent.id);
                        const statusText =
                          subagentStatusLabel(subagent.status) || "Pending";
                        const activityText =
                          subagent.latestActivity ||
                          statusText ||
                          "Initializing...";
                        const shouldShowActivity =
                          activityText.trim().toLowerCase() !==
                          statusText.trim().toLowerCase();
    
                        return (
                          <button
                            key={subagent.id}
                            type="button"
                            className={cn(
                              "w-full rounded-md border border-oc-border bg-oc-bg-soft px-2 py-1.5 text-left transition-colors",
                              "hover:bg-oc-panel",
                            )}
                            style={cardStyle}
                            onClick={() => openSubagentModal(subagent.id)}
                          >
                            <div className="flex items-center justify-between gap-2">
                              <div className="flex min-w-0 items-center gap-2">
                                <div
                                  className="oc-agent-icon shrink-0"
                                  style={accentTextStyle}
                                >
                                  {subagent.status === "running" ? (
                                    <Loader2 className="h-3 w-3 animate-spin" />
                                  ) : subagent.status === "error" ? (
                                    <X className="h-3 w-3 text-oc-red" />
                                  ) : (
                                    <Check className="h-3 w-3" />
                                  )}
                                </div>
                                <span className="truncate text-oc-xs font-semibold text-oc-text-soft">
                                  {agentLabel}
                                </span>
                              </div>
                              <span className="font-mono text-oc-2xs text-oc-text-muted">
                                {formatDuration(subagent.durationMs ?? 0)}
                              </span>
                            </div>
                            <div className="mt-1 flex min-w-0 items-center gap-1.5">
                              <span
                                className="truncate rounded-sm border px-1 py-0.5 font-mono text-[10px] leading-none text-oc-text-soft"
                                style={metaStyle}
                                title={modelInfo}
                              >
                                {modelInfo}
                              </span>
                              <span className="text-[10px] font-medium text-oc-text-muted">
                                {statusText}
                              </span>
                            </div>
                            {shouldShowActivity ? (
                              <div className="mt-0.5 min-h-[14px] font-mono text-[10px] text-oc-text-muted">
                                <FadeSwapText
                                  text={activityText}
                                  className="block truncate"
                                  durationMs={220}
                                />
                              </div>
                            ) : null}
                          </button>
                        );
                      })}
                      {subagents.length > 10 ? (
                        <button
                          type="button"
                          className="text-oc-2xs font-mono text-oc-accent hover:underline"
                          onClick={() => setShowAllSubagents((value) => !value)}
                        >
                          {showAllSubagents
                            ? "Show less"
                            : `Show all (${subagents.length})`}
                        </button>
                      ) : null}
                    </div>
                  </div>
                )}
              </div>
            )}
    
            {isStreamingActive && !showResponseSection && hasStreamingActivity && (
              <div className="mt-2 mb-2 px-1">
                <ThinkingStatusTicker className="text-[#4e648c]" />
              </div>
            )}
            {/* Raw Data â€" moved last so it doesn't interrupt the reading flow */}
            {/* {(message || streaming) && (
              <details className="group mb-3">
                <summary className="flex cursor-pointer list-none items-center gap-1.5 text-oc-xs font-mono text-oc-text-muted hover:text-oc-text-soft transition-colors">
                  <span className="inline-block text-oc-2xs transition-transform group-open:rotate-90">
                    â€º
                  </span>
                  <span className="opacity-50">Raw Data</span>
                </summary>
                <div className="mt-2 rounded-md border border-oc-border bg-oc-panel-soft p-2.5">
                  <pre className="overflow-x-auto text-oc-2xs font-mono text-oc-text-soft whitespace-pre-wrap break-words max-h-64 overflow-y-auto">
                    {JSON.stringify(
                      {
                        message: message
                          ? {
                              id: message.id,
                              role: message.role,
                              contentLength:
                                message.content?.length ||
                                message.text?.length ||
                                0,
                              partsCount: message.parts?.length || 0,
                              info: message.info,
                              hasReasoning:
                                !!message.reasoningEvents?.length ||
                                !!message.parts?.some(
                                  (p) => p.reasoning || p.thought || p.thinking,
                                ),
                              hasSteps: !!message.steps?.length,
                              hasProgressEvents: !!message.progressEvents?.length,
                              hasSubagents: !!message.subagents?.length,
                              hasPlan: !!message.plan,
                            edits: message.edits?.map((file: { file: string }) => file.file),
                            createdAt: message.created,
                            duration: message.info?.duration ?? message.duration,
                            }
                          : null,
                        streaming: streaming
                          ? {
                              isActive: streaming.isActive,
                              contentLength: streaming.content?.length || 0,
                              stepsCount: streaming.steps?.length || 0,
                              progressEventsCount:
                                streaming.progressEvents?.length || 0,
                            }
                          : null,
                      },
                      null,
                      2,
                    )}
                  </pre>
                </div>
              </details>
            )} */}
          </div>
        </div>
      );
    });
    
    export function AssistantMessage({
      message,
      streaming,
      isContiguous,
    }: {
      message?: Message;
      streaming?: StreamingState;
      isContiguous?: boolean;
    }) {
      const {
        subagentsByParentMessageId,
        subagentDetailsById,
        availableAgents,
        todoItems = [],
      } = useAppState();
    
      return (
        <AssistantMessageInner
          message={message}
          streaming={streaming}
          isContiguous={isContiguous}
          subagentsByParentMessageId={subagentsByParentMessageId}
          subagentDetailsById={subagentDetailsById}
          availableAgents={availableAgents}
          todoItems={todoItems}
        />
      );
    }
    export function PermissionCard({ perm }: { perm: unknown }) {
      const label = typeof perm === "string" ? perm : JSON.stringify(perm);
      return (
        <div className="oc-message-enter mb-5 px-4">
          <div className="rounded-xl border oc-warning-border oc-warning-bg p-3.5">
            <div className="mb-1.5 flex items-center gap-2">
              <div className="h-4 w-4 rounded-sm bg-[rgba(210,153,34,0.2)] flex items-center justify-center">
                <span className="text-oc-2xs">⚠️</span>
              </div>
              <div className="text-oc-sm font-semibold text-oc-yellow">
                Permission Required
              </div>
            </div>
            <div className="text-oc-sm text-oc-text-soft opacity-70 leading-relaxed">
              {label}
            </div>
          </div>
        </div>
      );
    }
    
    export function ErrorBanner({
      message,
      onRetry,
      retryLabel,
      retryHint,
    }: {
      message: string;
      onRetry?: () => void;
      retryLabel?: string;
      retryHint?: string;
    }) {
      const errorDetails =
        typeof message === "string" && message.trim().length > 0
          ? message.trim()
          : "Unknown error";
    
      return (
        <div className="mb-2 px-4">
          <div className="flex flex-col gap-2 rounded-lg border border-[#dc262680] bg-[#7f1d1d26] p-2.5 text-oc-xs text-[#fee2e2] shadow-[0_4px_14px_rgba(127,29,29,0.18)] transition-all duration-200">
            <div className="flex items-center gap-2">
              <span className="inline-flex h-5 w-5 items-center justify-center rounded-md border border-[#ef444480] bg-[#ef444426]">
                <AlertCircle className="h-3 w-3 shrink-0 text-[#fca5a5]" />
              </span>
              <span className="text-[10px] font-semibold uppercase tracking-[0.07em] text-[#fca5a5]">
                Request failed
              </span>
            </div>
    
            <div className="rounded-md border border-[#ef444440] bg-[#450a0a59] px-2 py-1.5">
              <div className="mb-1 text-[9px] font-semibold uppercase tracking-[0.08em] text-[#fca5a5]">
                Error message
              </div>
              <div className="overflow-hidden text-[11px] leading-snug text-[#fee2e2] whitespace-pre-wrap break-words">
                {errorDetails}
              </div>
            </div>
    
            {onRetry && (
              <div className="flex justify-start">
                <button
                  type="button"
                  onClick={onRetry}
                  className="inline-flex items-center gap-1.5 rounded-md border border-[#ef444480] bg-[#ef444426] px-2.5 py-1 text-[11px] font-medium text-[#fecaca] transition-all hover:bg-[#ef444440] active:scale-95"
                >
                  <RotateCw className="h-3 w-3" />
                  <span>{retryLabel || "Retry"}</span>
                </button>
              </div>
            )}
            {retryHint ? (
              <div className="text-[10px] leading-snug text-[#fca5a5]">{retryHint}</div>
            ) : null}
          </div>
        </div>
      );
    }
    
    export function AbortedBanner({ onRetry }: { onRetry?: () => void }) {
      return (
        <div className="mb-3">
          <div className="relative overflow-hidden rounded-lg border border-[#d9770640] bg-gradient-to-br from-[#d9770615] to-[#b4530910] backdrop-blur-sm">
            {/* Decorative geometric pattern - diagonal stripes */}
            <div className="absolute inset-0 opacity-[0.03]">
              <div className="absolute inset-0" style={{
                backgroundImage: `repeating-linear-gradient(
                  45deg,
                  transparent,
                  transparent 10px,
                  #d97706 10px,
                  #d97706 11px
                )`
              }} />
            </div>
    
            <div className="relative flex items-center justify-between gap-3 px-3 py-3">
              {/* Left side - icon and message */}
              <div className="flex items-center gap-3">
                {/* Refined icon container with glow */}
                <div className="relative">
                  <div className="absolute inset-0 rounded-full bg-[#d9770620] blur-md" />
                  <div className="relative flex h-8 w-8 items-center justify-center rounded-full border border-[#d9770640] bg-[#d9770625] backdrop-blur-sm">
                    <StopCircle className="h-4 w-4 text-[#fbbf24] drop-shadow-sm" />
                  </div>
                </div>
    
                {/* Typography - editorial style with hierarchy */}
                <div className="flex flex-col gap-0.5">
                  <div className="flex items-center gap-2">
                    <span className="text-[11px] font-semibold tracking-wide text-[#fbbf24] uppercase" style={{ fontFamily: "'SF Mono', 'Cascadia Code', monospace" }}>
                      Interrupted
                    </span>
                    <span className="h-3 w-px rounded-full bg-[#d9770640]" />
                  </div>
                  <span className="text-[12px] text-[#d6d3d1]/90 leading-snug" style={{ fontFamily: "-apple-system, BlinkMacSystemFont, 'Segoe UI', sans-serif" }}>
                    Response stopped by user
                  </span>
                </div>
              </div>
    
              {/* Right side - retry button with refined styling */}
              {onRetry && (
                <div className="flex flex-col items-end gap-1.5">
                  <button
                    type="button"
                    onClick={onRetry}
                    className="group relative inline-flex items-center gap-1.5 rounded-md border border-[#d9770650] bg-[#d9770620] px-3 py-1.5 text-[11px] font-medium text-[#fbbf24] backdrop-blur-sm transition-all duration-200 hover:border-[#d9770670] hover:bg-[#d9770630] active:scale-95"
                    style={{ fontFamily: "'SF Mono', 'Cascadia Code', monospace" }}
                  >
                    <RotateCw className="h-3 w-3 transition-transform duration-500 group-hover:rotate-180" />
                    <span className="tracking-wide">RETRY</span>
                  </button>
                  <span className="text-[9px] text-[#d6d3d1]/60 uppercase tracking-wider" style={{ fontFamily: "-apple-system, BlinkMacSystemFont, 'Segoe UI', sans-serif" }}>
                    Resume generation
                  </span>
                </div>
              )}
            </div>
    
            {/* Bottom accent line with subtle gradient */}
            <div className="absolute bottom-0 left-0 right-0 h-px bg-gradient-to-r from-transparent via-[#d9770640] to-transparent" />
          </div>
        </div>
      );
    }
    
    export function InfoBanner({ message }: { message: string }) {
      const infoDetails =
        typeof message === "string" && message.trim().length > 0
          ? message.trim()
          : "Working...";
    
      return (
        <div className="mb-2 px-4">
          <div className="flex flex-col gap-2 rounded-lg border border-[#2563eb80] bg-[#1e3a8a26] p-2.5 text-oc-xs text-[#dbeafe] shadow-[0_4px_14px_rgba(30,58,138,0.18)] transition-all duration-200">
            <div className="flex items-center gap-2">
              <span className="inline-flex h-5 w-5 items-center justify-center rounded-md border border-[#60a5fa80] bg-[#3b82f626]">
                <Loader2 className="h-3 w-3 shrink-0 animate-spin text-[#93c5fd]" />
              </span>
              <span className="text-[10px] font-semibold uppercase tracking-[0.07em] text-[#93c5fd]">
                Retrying
              </span>
            </div>
    
            <div className="rounded-md border border-[#3b82f640] bg-[#1e40af33] px-2 py-1.5">
              <div className="overflow-hidden text-[11px] leading-snug text-[#dbeafe] whitespace-pre-wrap break-words">
                {infoDetails}
              </div>
            </div>
          </div>
        </div>
      );
    }
    
    export function ThinkingBubble() {
      return (
        <div className="mb-4 px-4">
          <ThinkingStatusTicker className="pl-1 text-[#4e648c]" />
        </div>
      );
    }
    
    export function EmptyState() {
      return (
        <div className="flex h-full flex-col items-center justify-center px-6 text-center">
          <div className="oc-empty-icon mb-4">
            <Sparkles className="h-6 w-6" />
          </div>
          <div className="text-xl font-semibold text-oc-text tracking-tight mb-1">
            OpenCode
          </div>
          <div className="text-xs text-oc-text-soft opacity-70 max-w-[240px] leading-relaxed">
            AI-powered coding assistant. Ask anything, build anything.
          </div>
          <div className="mt-6 flex flex-col items-center gap-2 text-oc-xs text-oc-text-soft opacity-70 font-mono">
            <span className="flex items-center gap-2">
              <kbd className="rounded border border-oc-border bg-oc-panel-soft px-1.5 py-0.5 text-oc-2xs">
                Enter
              </kbd>
              send message
            </span>
            <span className="flex items-center gap-2">
              <kbd className="rounded border border-oc-border bg-oc-panel-soft px-1.5 py-0.5 text-oc-2xs">
                @
              </kbd>
              mention files
            </span>
            <span className="flex items-center gap-2">
              <kbd className="rounded border border-oc-border bg-oc-panel-soft px-1.5 py-0.5 text-oc-2xs">
                /
              </kbd>
              commands
            </span>
          </div>
        </div>
      );
    }
    
    export function MessageStatus({
      active,
      failed,
    }: {
      active: boolean;
      failed: boolean;
    }) {
      return (
        <div className="mb-2 px-4 text-xs text-oc-text-soft opacity-70">
          <span className="inline-flex items-center gap-1.5 font-mono">
            {active ? (
              <Loader2 className="h-3 w-3 animate-spin text-oc-accent" />
            ) : failed ? (
              <X className="h-3 w-3 text-oc-red" />
            ) : (
              <Check className="h-3 w-3 text-oc-green" />
            )}
            {active ? "Working..." : failed ? "Failed" : "Done"}
          </span>
        </div>
      );
    }
    
    
    
    
    
  operator: 'match'
  stack: |-
    TestContext.<anonymous> (file:///E:/Projects/vscode-opencode/tests/unit/subagent-ui-contract.test.mjs:33:10)
    Test.runInAsyncScope (node:async_hooks:214:14)
    Test.run (node:internal/test_runner/test:1047:25)
    Test.processPendingSubtests (node:internal/test_runner/test:744:18)
    Test.postRun (node:internal/test_runner/test:1173:19)
    Test.run (node:internal/test_runner/test:1101:12)
    async Test.processPendingSubtests (node:internal/test_runner/test:744:7)
  ...
# Subtest: structured output supports explicit subagents response type and extraction
not ok 1220 - structured output supports explicit subagents response type and extraction
  ---
  duration_ms: 8.7084
  type: 'test'
  location: 'E:\\Projects\\vscode-opencode\\tests\\unit\\subagent-ui-contract.test.mjs:47:1'
  failureType: 'testCodeFailure'
  error: 'schema should allow subagents responseType'
  code: 'ERR_ASSERTION'
  name: 'AssertionError'
  expected:
  actual: |-
    /**
     * Simplified Structured Output Schema
     *
     * Following SDK best practices:
     * - Simple structure with clear descriptions
     * - Reduced response types to core use cases
     * - Removed complex conditional validation
     * - Flattened nested structures
     * - Increased retryCount from 1 to 2 (SDK default)
     */
    
    export type StructuredResponseType =
      | "message"
      | "implementation_plan"
      | "question"
      | "progress_update";
    
    export type StructuredOutputSchema = {
      type: "json_schema";
      retryCount?: number;
      schema: {
        type: "object";
        description?: string;
        additionalProperties: boolean;
        required?: string[];
        properties: Record<string, unknown>;
      };
    };
    
    export const structuredOutputSchema: StructuredOutputSchema = {
      type: "json_schema",
      retryCount: 2, // SDK default
      schema: {
        type: "object",
        description:
          "Return a JSON object with a responseType field. Use 'message' for normal responses, 'implementation_plan' for multi-step plans with a plan object, 'question' for user interactions with options, or 'progress_update' for execution steps.",
        additionalProperties: false,
        required: ["responseType"],
        properties: {
          responseType: {
            type: "string",
            enum: ["message", "implementation_plan", "question", "progress_update"],
            description:
              "Response type: 'message' for normal text, 'implementation_plan' for plans, 'question' for user choices, 'progress_update' for steps",
          },
    
          message: {
            type: "string",
            description: "User-facing text response for normal replies",
          },
    
          reasoning: {
            type: "array",
            items: { type: "string" },
            description: "Optional thinking trace for UI timeline",
          },
    
          plan: {
            type: "object",
            description: "Implementation plan with title and content",
            properties: {
              title: { type: "string", description: "Plan title" },
              file: { type: "string", description: "Plan file path if written to disk" },
              content: {
                type: "string",
                description: "Plan markdown content if not written to file",
              },
              summary: { type: "string", description: "One-line plan summary" },
            },
            required: ["title"],
          },
    
          question: {
            type: "object",
            description: "Interactive question requiring user input",
            properties: {
              question: { type: "string", description: "Question text to display" },
              type: {
                type: "string",
                enum: ["question", "confirm", "quick_actions"],
                description: "Interaction type",
              },
              options: {
                type: "array",
                description: "Available choices for the user",
                items: {
                  type: "object",
                  properties: {
                    label: { type: "string", description: "Option label" },
                    value: { type: "string", description: "Option value" },
                  },
                  required: ["label"],
                },
              },
            },
            required: ["question"],
          },
    
          progressUpdates: {
            type: "array",
            description: "Execution progress steps",
            items: {
              type: "object",
              properties: {
                title: { type: "string", description: "Step title" },
                status: {
                  type: "string",
                  enum: ["pending", "done", "error"],
                  description: "Step status",
                },
              },
              required: ["title", "status"],
            },
          },
        },
      },
    };
    
  operator: 'match'
  stack: |-
    TestContext.<anonymous> (file:///E:/Projects/vscode-opencode/tests/unit/subagent-ui-contract.test.mjs:52:10)
    Test.runInAsyncScope (node:async_hooks:214:14)
    Test.run (node:internal/test_runner/test:1047:25)
    Test.processPendingSubtests (node:internal/test_runner/test:744:18)
    Test.postRun (node:internal/test_runner/test:1173:19)
    Test.run (node:internal/test_runner/test:1101:12)
    async Test.processPendingSubtests (node:internal/test_runner/test:744:7)
  ...
# Subtest: system reminder messages should be detected by pattern matching
ok 1221 - system reminder messages should be detected by pattern matching
  ---
  duration_ms: 3.9101
  type: 'test'
  ...
# Subtest: non-system messages should not be detected as system reminders
ok 1222 - non-system messages should not be detected as system reminders
  ---
  duration_ms: 0.7996
  type: 'test'
  ...
# Subtest: system messages should be converted to system role for rendering
ok 1223 - system messages should be converted to system role for rendering
  ---
  duration_ms: 0.7165
  type: 'test'
  ...
# Subtest: system messages with various patterns should all be renderable
ok 1224 - system messages with various patterns should all be renderable
  ---
  duration_ms: 4.159
  type: 'test'
  ...
# Subtest: empty messages should not be renderable
ok 1225 - empty messages should not be renderable
  ---
  duration_ms: 0.878
  type: 'test'
  ...
# Subtest: system messages should not be treated as assistant messages
ok 1226 - system messages should not be treated as assistant messages
  ---
  duration_ms: 0.8781
  type: 'test'
  ...
# Subtest: bracket pattern should only match valid system messages
ok 1227 - bracket pattern should only match valid system messages
  ---
  duration_ms: 2.3857
  type: 'test'
  ...
# Subtest: system message detection should be case-insensitive for patterns
ok 1228 - system message detection should be case-insensitive for patterns
  ---
  duration_ms: 1.583
  type: 'test'
  ...
# Subtest: system messages should preserve original content after conversion
ok 1229 - system messages should preserve original content after conversion
  ---
  duration_ms: 2.0302
  type: 'test'
  ...
# Subtest: system message rendering fix: hasRenderableHistoryPayload returns true for system reminder messages
ok 1230 - system message rendering fix: hasRenderableHistoryPayload returns true for system reminder messages
  ---
  duration_ms: 3.7553
  type: 'test'
  ...
# Subtest: system message rendering fix: isRenderableHistoryMessage returns true for system reminder messages
ok 1231 - system message rendering fix: isRenderableHistoryMessage returns true for system reminder messages
  ---
  duration_ms: 1.3055
  type: 'test'
  ...
# Subtest: system message rendering fix: system reminder messages are converted to system role in webview store
ok 1232 - system message rendering fix: system reminder messages are converted to system role in webview store
  ---
  duration_ms: 2.567
  type: 'test'
  ...
# Subtest: system message rendering fix: SystemMessage component exists and is used in ChatShell
ok 1233 - system message rendering fix: SystemMessage component exists and is used in ChatShell
  ---
  duration_ms: 1.8461
  type: 'test'
  ...
# Subtest: system message rendering fix: verify all system reminder patterns are detected
ok 1234 - system message rendering fix: verify all system reminder patterns are detected
  ---
  duration_ms: 5.4551
  type: 'test'
  ...
# Subtest: system message rendering fix: integration test - system messages flow through the pipeline
ok 1235 - system message rendering fix: integration test - system messages flow through the pipeline
  ---
  duration_ms: 1.9427
  type: 'test'
  ...
# Subtest: ChatViewProvider does not inject wrapper system prompts in send path
ok 1236 - ChatViewProvider does not inject wrapper system prompts in send path
  ---
  duration_ms: 11.1552
  type: 'test'
  ...
# Subtest: ChatViewProvider removes legacy system-instruction helpers and does not strip message text
ok 1237 - ChatViewProvider removes legacy system-instruction helpers and does not strip message text
  ---
  duration_ms: 1.4673
  type: 'test'
  ...
# Subtest: ChatViewProvider structured extraction reads explicit structured channels only
ok 1238 - ChatViewProvider structured extraction reads explicit structured channels only
  ---
  duration_ms: 1.3184
  type: 'test'
  ...
# Subtest: provider and webview normalize structured output with strict validation before sanitize
ok 1239 - provider and webview normalize structured output with strict validation before sanitize
  ---
  duration_ms: 3.3011
  type: 'test'
  ...
# Subtest: ChatViewProvider suppresses StructuredOutput tool call rows from UI activity
ok 1240 - ChatViewProvider suppresses StructuredOutput tool call rows from UI activity
  ---
  duration_ms: 2.9643
  type: 'test'
  ...
# Subtest: WebView parser reads structured output from explicit channels and structured tool outputs only
not ok 1241 - WebView parser reads structured output from explicit channels and structured tool outputs only
  ---
  duration_ms: 6.4741
  type: 'test'
  location: 'E:\\Projects\\vscode-opencode\\tests\\unit\\system-prompt-and-structured-output-parsing.test.mjs:90:1'
  failureType: 'testCodeFailure'
  error: 'normalizeMessage should not parse structured output (delegated to steps/stream handler)'
  code: 'ERR_ASSERTION'
  name: 'AssertionError'
  expected:
  actual: |-
    
      const rec = asRecord(message);
      if (!rec) {
        // FIX: If this is an assistant message with parts, don't return undefined
        // This prevents question-type messages from being filtered during hydration
        const role = asString(message.role);
        const hasParts = Array.isArray((message as Message).parts) && (message as Message).parts.length > 0;
        if (role === 'assistant' && hasParts) {
          return message as Message; // Preserve assistant messages with parts
        }
        return streaming ? buildStreamingMessage(streaming) : undefined;
      }
    
      const parts = Array.isArray(rec.parts) ? rec.parts : [];
      const parsedRawDebug = parseRawResponseDebug(rec.rawResponse);
      const mergedParts = [...parts];
      const currentReasoning = reasoningFromParts(mergedParts);
      const directReasoningRaw = rec.reasoning ?? rec.thinking ?? rec.thoughts;
      const directReasoningChunks = Array.isArray(directReasoningRaw)
        ? directReasoningRaw
          .map((item) => asRichString(item).trim())
          .filter((item) => item.length > 0)
        : typeof directReasoningRaw !== "undefined"
          ? [asRichString(directReasoningRaw).trim()].filter((item) => item.length > 0)
          : [];
      if (directReasoningChunks.length > 0 && !currentReasoning) {
        for (const chunk of directReasoningChunks) {
          mergedParts.push({
            type: "reasoning",
            reasoning: chunk,
          });
        }
      }
      const hasReasoningAfterDirect = reasoningFromParts(mergedParts);
      if (streaming?.reasoning && !hasReasoningAfterDirect) {
        mergedParts.push({
          type: 'reasoning',
          reasoning: streaming.reasoning
        });
      }
      const detachedReasoningChunks: string[] = [];
      const sanitizedMergedParts = mergedParts.map((part) => {
        const rec = asRecord(part);
        if (!rec || isReasoningPart(rec)) {
          return part;
        }
        const partType = normalizePartType(rec.type);
        const textLike =
          asRichString(rec.text) || asRichString(rec.content) || asRichString(rec.delta);
        if (!textLike) {
          return part;
        }
        const mixed = splitMixedReasoningFromContent(textLike);
        if (!mixed) {
          return part;
        }
        const detached = sanitizeReasoningChunk(mixed.reasoning).trim();
        if (detached) {
          detachedReasoningChunks.push(detached);
        }
    
        const nextPart: Record<string, unknown> = { ...(part as Record<string, unknown>) };
        if (typeof rec.text === "string" || partType === "text") {
          nextPart.type = partType || "text";
          nextPart.text = mixed.content;
        } else if (typeof rec.content === "string") {
          nextPart.content = mixed.content;
        } else if (typeof rec.delta === "string") {
          nextPart.delta = mixed.content;
        }
        return nextPart as MessagePart;
      });
    
      const splitReasoningFromCandidate = (raw: string): string => {
        const mixed = splitMixedReasoningFromContent(raw);
        if (!mixed) {
          return raw;
        }
        const detached = sanitizeReasoningChunk(mixed.reasoning).trim();
        if (detached) {
          detachedReasoningChunks.push(detached);
        }
        return mixed.content;
      };
    
      // Normalize structured output early so content-source selection can rely on
      // structured responseType/message without falling back to free-form text.
      const normalizedStructuredOutput =
        normalizeStructuredOutput(rec.structuredOutput) ??
        normalizeStructuredOutput((rec as Record<string, unknown>).structured_output) ??
        normalizeStructuredOutput(asRecord(rec.info)?.structuredOutput) ??
        normalizeStructuredOutput((asRecord(rec.info) as UnknownRecord | null)?.structured_output) ??
        normalizeStructuredOutput((asRecord(rec.info) as UnknownRecord | null)?.structured);
    
      const role = asString(rec.role) || asString(asRecord(rec.info)?.role);
      const nonReasoningPartsContent = contentFromParts(sanitizedMergedParts).trim();
      const contentFromTopLevel = pickBestContentCandidate([
        splitReasoningFromCandidate(asRichString(rec.content)),
        splitReasoningFromCandidate(asRichString(rec.text)),
        summaryText(rec.info),
      ]);
      const structuredMessage = asString(normalizedStructuredOutput?.message).trim();
      const provisionalResponseType = firstNonEmptyString(
        asString(rec.responseType),
        normalizedStructuredOutput?.responseType,
      )?.toLowerCase();
      const hasParts = Array.isArray(parts) && parts.length > 0;
      // Structured-first rule: when provider parts exist, non-reasoning text parts
      // are authoritative for assistant body rendering.
      let content = hasParts
        ? nonReasoningPartsContent || (provisionalResponseType === "message" ? structuredMessage : "")
        : structuredMessage || contentFromTopLevel;
      const sourceMessageId =
        asString(asRecord(rec.info)?.id) || asString((rec as UnknownRecord).id) || null;
      const contentSelectedSource = hasParts
        ? nonReasoningPartsContent
          ? "parts"
          : provisionalResponseType === "message" && structuredMessage
            ? "structured.message"
            : "none"
        : structuredMessage
          ? "structured.message"
          : contentFromTopLevel
            ? "top-level"
            : "none";
      logAssistantContentSource("normalizeMessage:content-selection", {
        messageId: sourceMessageId,
        responseType: provisionalResponseType ?? null,
        selectedSource: contentSelectedSource,
        finalContent: content,
        partsContent: nonReasoningPartsContent,
        structuredMessage,
        topLevelContent: contentFromTopLevel,
      });
      if (
        hasParts &&
        !nonReasoningPartsContent &&
        contentFromTopLevel &&
        !content
      ) {
        webviewLogger.info("Dropping top-level content because message parts are authoritative", {
          messageId:
            asString(asRecord(rec.info)?.id) || asString((rec as UnknownRecord).id),
          topLevelContentPreview: contentFromTopLevel.slice(0, 220),
          partCount: parts.length,
          responseType: provisionalResponseType,
        });
      }
      if (
        nonReasoningPartsContent &&
        contentFromTopLevel &&
        normalizeComparableText(nonReasoningPartsContent) !==
        normalizeComparableText(contentFromTopLevel)
      ) {
        webviewLogger.info("Content source mismatch; preferring parts content", {
          messageId:
            asString(asRecord(rec.info)?.id) || asString((rec as UnknownRecord).id),
          partsContentPreview: nonReasoningPartsContent.slice(0, 220),
          topLevelContentPreview: contentFromTopLevel.slice(0, 220),
        });
      }
    
      const streamingRawContent = asString(streaming?.content);
      const streamingMixed = splitMixedReasoningFromContent(streamingRawContent);
      if (streamingMixed) {
        const detached = sanitizeReasoningChunk(streamingMixed.reasoning).trim();
        if (detached) {
          detachedReasoningChunks.push(detached);
        }
      }
      const streamingContent = streamingMixed ? streamingMixed.content : streamingRawContent;
      const hasRenderableStreamingContent = Boolean(streaming?.hasRenderableContent);
      const preferStreamingContent = shouldPreferStreamingContent(
        content || "",
        streamingContent,
      );
      const rawHasRenderableText = hasRenderableAssistantTextInParts(parsedRawDebug.parts);
      const rawHasReasoning = parsedRawDebug.parts.some((part) => {
        const rec = asRecord(part);
        return !!rec && isReasoningPart(rec);
      });
      const shouldSuppressStreamingFallbackForReasoningOnly =
        parsedRawDebug.parts.length > 0 &&
        !hasRenderableStreamingContent &&
        provisionalResponseType === "message" &&
        !structuredMessage &&
        !nonReasoningPartsContent &&
        rawHasReasoning &&
        !rawHasRenderableText;
      const shouldUseStreamingContent =
        hasRenderableStreamingContent &&
        !shouldSuppressStreamingFallbackForReasoningOnly &&
        !nonReasoningPartsContent &&
        preferStreamingContent;
      if (shouldSuppressStreamingFallbackForReasoningOnly) {
        webviewLogger.info("Suppressing streaming fallback: raw debug indicates reasoning-only final payload", {
          messageId: sourceMessageId,
          responseType: provisionalResponseType ?? null,
          rawPartsCount: parsedRawDebug.parts.length,
        });
      }
      const normalized: Message = {
        ...(message as Message),
        role: role || message.role || (parts.length > 0 ? 'assistant' : undefined),
        content: shouldUseStreamingContent ? streamingContent : content || message.content,
        parts: shouldUseStreamingContent
          ? partsWithStreamingContent(sanitizedMergedParts as MessagePart[], streamingContent)
          : sanitizedMergedParts.length > 0
            ? (sanitizedMergedParts as Message['parts'])
            : message.parts
      };
    
      // Preserve a normalized structured output payload so question/options data
      // survives message normalization even when the source uses legacy field names.
      if (normalizedStructuredOutput) {
        (normalized as Record<string, unknown>).structuredOutput = normalizedStructuredOutput;
        if (!normalized.responseType && normalizedStructuredOutput.responseType) {
          normalized.responseType = normalizedStructuredOutput.responseType as StructuredResponseType;
        }
        if (
          (!normalized.plan || typeof normalized.plan !== "object") &&
          normalizedStructuredOutput.plan &&
          typeof normalizedStructuredOutput.plan === "object"
        ) {
          normalized.plan = {
            ...normalizedStructuredOutput.plan,
          };
        }
        if (
          (!Array.isArray(normalized.interactiveEvents) ||
            normalized.interactiveEvents.length === 0)
        ) {
          const structuredInteractiveEvents = toInteractiveEvents(
            normalizedStructuredOutput,
          );
          if (structuredInteractiveEvents.length > 0) {
            normalized.interactiveEvents = structuredInteractiveEvents;
          }
        }
      }
    
      const responseType = firstNonEmptyString(
        normalized.responseType,
        normalizedStructuredOutput?.responseType,
      )?.toLowerCase();
      if (responseType !== "implementation_plan" && normalized.plan) {
        delete (normalized as Record<string, unknown>).plan;
      }
      if (responseType === "implementation_plan" && normalized.plan) {
        const introFromPlan = asString(normalized.plan.intro).trim();
        const summaryFromPlan = asString(normalized.plan.summary).trim();
        const currentContent = asString(normalized.content).trim();
        if (!currentContent) {
          normalized.content = introFromPlan || summaryFromPlan;
        }
      }
    
      const existingReasoningEvents = Array.isArray(message.reasoningEvents)
        ? message.reasoningEvents
        : [];
      const mergedReasoningEvents = [
        ...existingReasoningEvents,
        ...(streaming?.reasoningEvents ?? [])
      ];
      const reasoningSources = new Set<ActivitySource>();
      if (Array.isArray(streaming?.reasoningEvents) && streaming.reasoningEvents.length > 0) {
        reasoningSources.add("stream");
      }
      if (Array.isArray(existingReasoningEvents) && existingReasoningEvents.length > 0) {
        reasoningSources.add("final");
      }
    
      const explicitReasoningFromFinalParts = parts
        .map((part) => asRecord(part))
        .filter((part): part is UnknownRecord => !!part)
        .filter((part) => isReasoningPart(part))
        .map((part) =>
          sanitizeReasoningChunk(
            asRichString(part.reasoning) ||
            asRichString(part.thought) ||
            asRichString(part.thinking) ||
            asRichString(part.text) ||
            asRichString(part.content),
          ).trim(),
        )
        .filter((text) => text.length > 0);
      if (explicitReasoningFromFinalParts.length > 0) {
        reasoningSources.add("final");
        for (const chunk of explicitReasoningFromFinalParts) {
          const norm = normalizeComparableText(chunk);
          if (!norm) continue;
          const alreadyTracked = mergedReasoningEvents.some(
            (event) => normalizeComparableText(asString(event.text)) === norm,
          );
          if (!alreadyTracked) {
            mergedReasoningEvents.push({ text: chunk, createdAt: Date.now() });
          }
        }
      }
    
      const explicitReasoningFromRawParts = parsedRawDebug.parts
        .map((part) => asRecord(part))
        .filter((part): part is UnknownRecord => !!part)
        .filter((part) => normalizePartType(part.type) === "reasoning")
        .map((part) =>
          sanitizeReasoningChunk(
            asRichString(part.reasoning) ||
            asRichString(part.text) ||
            asRichString(part.content) ||
            asRichString(part.delta),
          ).trim(),
        )
        .filter((text) => text.length > 0);
      if (explicitReasoningFromRawParts.length > 0) {
        reasoningSources.add("raw_debug");
        for (const chunk of explicitReasoningFromRawParts) {
          const norm = normalizeComparableText(chunk);
          if (!norm) continue;
          const alreadyTracked = mergedReasoningEvents.some(
            (event) => normalizeComparableText(asString(event.text)) === norm,
          );
          if (!alreadyTracked) {
            mergedReasoningEvents.push({ text: chunk, createdAt: Date.now() });
          }
        }
      }
      const streamingReasoningLeak = sanitizeReasoningChunk(
        streamingMixed ? streamingMixed.reasoning : asString(streaming?.content),
      ).trim();
      if (
        streamingReasoningLeak &&
        (looksLikeReasoningTrace(streamingReasoningLeak, "") || !!streamingMixed) &&
        !shouldPreferStreamingContent(content || "", streamingReasoningLeak)
      ) {
        const leakNorm = normalizeComparableText(streamingReasoningLeak);
        const finalNorm = normalizeComparableText(content || "");
        const leakAlreadyInFinal =
          !!leakNorm &&
          !!finalNorm &&
          (finalNorm.includes(leakNorm) || leakNorm.includes(finalNorm));
        const leakAlreadyTracked = mergedReasoningEvents.some(
          (event) => normalizeComparableText(asString(event.text)) === leakNorm,
        );
        if (!leakAlreadyInFinal && !leakAlreadyTracked) {
          mergedReasoningEvents.push({
            text: streamingReasoningLeak,
            createdAt: Date.now(),
          });
        }
      }
      if (detachedReasoningChunks.length > 0) {
        detachedReasoningChunks.forEach((chunk) => {
          const norm = normalizeComparableText(chunk);
          if (!norm) return;
          const alreadyTracked = mergedReasoningEvents.some(
            (event) => normalizeComparableText(asString(event.text)) === norm,
          );
          if (!alreadyTracked) {
            mergedReasoningEvents.push({ text: chunk, createdAt: Date.now() });
          }
        });
      }
      if (mergedReasoningEvents.length > 0) {
        normalized.reasoningEvents = mergedReasoningEvents;
        normalized.reasoningPayload = {
          events: mergedReasoningEvents,
          sources: Array.from(reasoningSources),
        };
      }
    
      const canonicalSteps = normalizeActivitySteps(
        normalized,
        streaming,
        sanitizedMergedParts as MessagePart[],
      );
      if (canonicalSteps.length > 0) {
        normalized.steps = canonicalSteps;
        normalized.progressEvents = canonicalSteps;
      }
    
      // Extract file edits from patch-type parts when edits are not already populated.
      if (!Array.isArray(normalized.edits) || normalized.edits.length === 0) {
        const fromParts: Array<{ file: string }> = [];
        for (const part of sanitizedMergedParts) {
          const rec = asRecord(part);
          if (!rec || asString(rec.type).toLowerCase() !== 'patch') continue;
          const files = Array.isArray(rec.files) ? rec.files : [];
          for (const f of files) {
            if (typeof f === 'string' && f) {
              fromParts.push({ file: f });
            }
          }
        }
        if (fromParts.length > 0) {
          normalized.edits = fromParts;
        }
      }
    
      // NOTE: When the AI triggers a question via a tool call (no text parts), content ends up
      // empty. Synthesize a context message from the Question tool parts so the chat bubble
      // always shows the question — during the live session AND after extension restart.
      const structuredEvents = Array.isArray(normalized.interactiveEvents)
        ? normalized.interactiveEvents
        : [];
      if (
        (structuredEvents.length > 0 &&
          shouldOverrideStreamingContentWithInteractivePrompt(
            asString(normalized.content),
          )) ||
        !normalized.content?.trim()
      ) {
        const synthesized = synthesizeQuestionContextMessage(structuredEvents);
        if (synthesized) {
          normalized.content = synthesized;
        }
      }
    
      if (!normalized.content?.trim()) {
        const questionParts = (sanitizedMergedParts as Array<unknown>).filter((p) => {
          const pr = asRecord(p);
          return !!pr && asString(pr.type).toLowerCase() === 'tool' && interactiveEventsFromToolQuestionPart(pr).length > 0;
        });
        if (questionParts.length > 0) {
          const allEvents: InteractiveEvent[] = [];
          for (const p of questionParts) {
            const pr = asRecord(p);
            if (pr) {
              allEvents.push(...interactiveEventsFromToolQuestionPart(pr));
            }
          }
          if (
            allEvents.length > 0 &&
            (!Array.isArray(normalized.interactiveEvents) ||
              normalized.interactiveEvents.length === 0)
          ) {
            normalized.interactiveEvents = allEvents;
          }
          if (
            allEvents.length > 0 &&
            !firstNonEmptyString(normalized.responseType, normalizedStructuredOutput?.responseType)
          ) {
            normalized.responseType = "question";
          }
          const synthesized = synthesizeQuestionContextMessage(allEvents);
          if (synthesized) {
            normalized.content = synthesized;
          }
        }
      }
    
      return normalized;
    
  operator: 'doesNotMatch'
  stack: |-
    TestContext.<anonymous> (file:///E:/Projects/vscode-opencode/tests/unit/system-prompt-and-structured-output-parsing.test.mjs:100:10)
    Test.runInAsyncScope (node:async_hooks:214:14)
    Test.run (node:internal/test_runner/test:1047:25)
    Test.processPendingSubtests (node:internal/test_runner/test:744:18)
    Test.postRun (node:internal/test_runner/test:1173:19)
    Test.run (node:internal/test_runner/test:1101:12)
    async Test.processPendingSubtests (node:internal/test_runner/test:744:7)
  ...
# Subtest: WebView parser uses text-based fallback for numbered questions when responseType is not question
ok 1242 - WebView parser uses text-based fallback for numbered questions when responseType is not question
  ---
  duration_ms: 0.9385
  type: 'test'
  ...
# Subtest: history normalization strips injected user prompt echo
ok 1243 - history normalization strips injected user prompt echo
  ---
  duration_ms: 2.3922
  type: 'test'
  ...
# Subtest: sanitizeAssistantMessageEcho cleans up assistant messages
ok 1244 - sanitizeAssistantMessageEcho cleans up assistant messages
  ---
  duration_ms: 1.4447
  type: 'test'
  ...
# Subtest: appReducer exports reducer function
ok 1245 - appReducer exports reducer function
  ---
  duration_ms: 3.9823
  type: 'test'
  ...
# Subtest: appReducer accepts state and action parameters
ok 1246 - appReducer accepts state and action parameters
  ---
  duration_ms: 3.9214
  type: 'test'
  ...
# Subtest: SET_QUOTA_DATA action type is defined
ok 1247 - SET_QUOTA_DATA action type is defined
  ---
  duration_ms: 2.5192
  type: 'test'
  ...
# Subtest: SET_QUOTA_DATA handler updates quotaData and sets refreshing to false
ok 1248 - SET_QUOTA_DATA handler updates quotaData and sets refreshing to false
  ---
  duration_ms: 1.2328
  type: 'test'
  ...
# Subtest: SET_QUOTA_REFRESHING action type is defined
ok 1249 - SET_QUOTA_REFRESHING action type is defined
  ---
  duration_ms: 0.5107
  type: 'test'
  ...
# Subtest: SET_QUOTA_REFRESHING handler updates refreshing flag
ok 1250 - SET_QUOTA_REFRESHING handler updates refreshing flag
  ---
  duration_ms: 2.7679
  type: 'test'
  ...
# Subtest: SET_BUDGET_INFO action type is defined
ok 1251 - SET_BUDGET_INFO action type is defined
  ---
  duration_ms: 1.4888
  type: 'test'
  ...
# Subtest: SET_BUDGET_INFO handler updates budgetInfo
ok 1252 - SET_BUDGET_INFO handler updates budgetInfo
  ---
  duration_ms: 1.1167
  type: 'test'
  ...
# Subtest: appReducer returns unchanged state for unknown actions
ok 1253 - appReducer returns unchanged state for unknown actions
  ---
  duration_ms: 1.5296
  type: 'test'
  ...
# Subtest: appReducer uses spread operator for immutability
ok 1254 - appReducer uses spread operator for immutability
  ---
  duration_ms: 1.5414
  type: 'test'
  ...
# Subtest: AppState includes quotaData field
ok 1255 - AppState includes quotaData field
  ---
  duration_ms: 0.5414
  type: 'test'
  ...
# Subtest: AppState includes quotaIsRefreshing field
ok 1256 - AppState includes quotaIsRefreshing field
  ---
  duration_ms: 0.4219
  type: 'test'
  ...
# Subtest: AppState includes budgetInfo field
ok 1257 - AppState includes budgetInfo field
  ---
  duration_ms: 0.6634
  type: 'test'
  ...
# Subtest: AppProvider exports context providers
ok 1258 - AppProvider exports context providers
  ---
  duration_ms: 0.7019
  type: 'test'
  ...
# Subtest: AppProvider uses useReducer hook
ok 1259 - AppProvider uses useReducer hook
  ---
  duration_ms: 0.5721
  type: 'test'
  ...
# Subtest: AppProvider provides state context
ok 1260 - AppProvider provides state context
  ---
  duration_ms: 0.6049
  type: 'test'
  ...
# Subtest: AppProvider provides dispatch context
ok 1261 - AppProvider provides dispatch context
  ---
  duration_ms: 0.6849
  type: 'test'
  ...
# Subtest: useAppState hook is exported
ok 1262 - useAppState hook is exported
  ---
  duration_ms: 0.6132
  type: 'test'
  ...
# Subtest: useAppState throws when used outside provider
ok 1263 - useAppState throws when used outside provider
  ---
  duration_ms: 0.841
  type: 'test'
  ...
# Subtest: useAppDispatch hook is exported
ok 1264 - useAppDispatch hook is exported
  ---
  duration_ms: 0.6439
  type: 'test'
  ...
# Subtest: useAppDispatch throws when used outside provider
ok 1265 - useAppDispatch throws when used outside provider
  ---
  duration_ms: 1.5961
  type: 'test'
  ...
# Subtest: initialState is exported
ok 1266 - initialState is exported
  ---
  duration_ms: 0.7375
  type: 'test'
  ...
# Subtest: initialState initializes quotaData to undefined
ok 1267 - initialState initializes quotaData to undefined
  ---
  duration_ms: 0.4642
  type: 'test'
  ...
# Subtest: initialState initializes quotaIsRefreshing to false
ok 1268 - initialState initializes quotaIsRefreshing to false
  ---
  duration_ms: 0.3477
  type: 'test'
  ...
# Subtest: initialState initializes budgetInfo to undefined
ok 1269 - initialState initializes budgetInfo to undefined
  ---
  duration_ms: 0.4144
  type: 'test'
  ...
# Subtest: SET_QUOTA_DATA with null payload clears quotaData
ok 1270 - SET_QUOTA_DATA with null payload clears quotaData
  ---
  duration_ms: 0.7533
  type: 'test'
  ...
# Subtest: SET_BUDGET_INFO with null payload clears budgetInfo
ok 1271 - SET_BUDGET_INFO with null payload clears budgetInfo
  ---
  duration_ms: 0.7537
  type: 'test'
  ...
# Subtest: reducer does not mutate existing state
ok 1272 - reducer does not mutate existing state
  ---
  duration_ms: 2.8362
  type: 'test'
  ...
# Subtest: multiple actions can be applied sequentially
ok 1273 - multiple actions can be applied sequentially
  ---
  duration_ms: 0.903
  type: 'test'
  ...
# Subtest: quotaData type imports from types
ok 1274 - quotaData type imports from types
  ---
  duration_ms: 1.4212
  type: 'test'
  ...
# Subtest: BudgetInfo type imports from types
ok 1275 - BudgetInfo type imports from types
  ---
  duration_ms: 1.2226
  type: 'test'
  ...
# Subtest: AppAction type is exported
ok 1276 - AppAction type is exported
  ---
  duration_ms: 0.425
  type: 'test'
  ...
# Subtest: AppState type is exported
ok 1277 - AppState type is exported
  ---
  duration_ms: 0.662
  type: 'test'
  ...
# Subtest: mergeStats helper function exists
ok 1278 - mergeStats helper function exists
  ---
  duration_ms: 0.7011
  type: 'test'
  ...
# Subtest: mergeStats correctly accumulates stats
ok 1279 - mergeStats correctly accumulates stats
  ---
  duration_ms: 1.2002
  type: 'test'
  ...
# Subtest: messageHandler exports createMessageHandler function
ok 1280 - messageHandler exports createMessageHandler function
  ---
  duration_ms: 4.9354
  type: 'test'
  ...
# Subtest: messageHandler accepts dispatch and getState parameters
ok 1281 - messageHandler accepts dispatch and getState parameters
  ---
  duration_ms: 0.9648
  type: 'test'
  ...
# Subtest: messageHandler returns message handler
ok 1282 - messageHandler returns message handler
  ---
  duration_ms: 5.8126
  type: 'test'
  ...
# Subtest: messageHandler handles quotaData message type
ok 1283 - messageHandler handles quotaData message type
  ---
  duration_ms: 0.931
  type: 'test'
  ...
# Subtest: messageHandler dispatches SET_QUOTA_DATA for quotaData
ok 1284 - messageHandler dispatches SET_QUOTA_DATA for quotaData
  ---
  duration_ms: 0.8694
  type: 'test'
  ...
# Subtest: messageHandler extracts data.data for quotaData
ok 1285 - messageHandler extracts data.data for quotaData
  ---
  duration_ms: 0.7509
  type: 'test'
  ...
# Subtest: messageHandler handles quotaUpdate message type
ok 1286 - messageHandler handles quotaUpdate message type
  ---
  duration_ms: 1.4464
  type: 'test'
  ...
# Subtest: messageHandler dispatches SET_QUOTA_DATA for quotaUpdate
ok 1287 - messageHandler dispatches SET_QUOTA_DATA for quotaUpdate
  ---
  duration_ms: 0.9976
  type: 'test'
  ...
# Subtest: messageHandler extracts data.data for quotaUpdate
ok 1288 - messageHandler extracts data.data for quotaUpdate
  ---
  duration_ms: 1.2958
  type: 'test'
  ...
# Subtest: messageHandler handles budgetInfo message type
ok 1289 - messageHandler handles budgetInfo message type
  ---
  duration_ms: 1.4417
  type: 'test'
  ...
# Subtest: messageHandler dispatches SET_BUDGET_INFO for budgetInfo
ok 1290 - messageHandler dispatches SET_BUDGET_INFO for budgetInfo
  ---
  duration_ms: 1.3794
  type: 'test'
  ...
# Subtest: messageHandler extracts data.data for budgetInfo
ok 1291 - messageHandler extracts data.data for budgetInfo
  ---
  duration_ms: 1.6286
  type: 'test'
  ...
# Subtest: messageHandler uses dispatch from closure
ok 1292 - messageHandler uses dispatch from closure
  ---
  duration_ms: 1.426
  type: 'test'
  ...
# Subtest: messageHandler imports Dispatch type
ok 1293 - messageHandler imports Dispatch type
  ---
  duration_ms: 0.9006
  type: 'test'
  ...
# Subtest: messageHandler imports AppState type
ok 1294 - messageHandler imports AppState type
  ---
  duration_ms: 0.7543
  type: 'test'
  ...
# Subtest: messageHandler imports AppAction type
ok 1295 - messageHandler imports AppAction type
  ---
  duration_ms: 0.9594
  type: 'test'
  ...
# Subtest: messageHandler imports QuotaData type
ok 1296 - messageHandler imports QuotaData type
  ---
  duration_ms: 2.7768
  type: 'test'
  ...
# Subtest: messageHandler imports BudgetInfo type
ok 1297 - messageHandler imports BudgetInfo type
  ---
  duration_ms: 1.4049
  type: 'test'
  ...
# Subtest: messageHandler handles unknown message types gracefully
ok 1298 - messageHandler handles unknown message types gracefully
  ---
  duration_ms: 9.7387
  type: 'test'
  ...
# Subtest: messageHandler distinguishes between quota and budget
ok 1299 - messageHandler distinguishes between quota and budget
  ---
  duration_ms: 1.0805
  type: 'test'
  ...
# Subtest: messageHandler processes messages synchronously
ok 1300 - messageHandler processes messages synchronously
  ---
  duration_ms: 1.243
  type: 'test'
  ...
# Subtest: messageHandler does not rely on getState for quota messages
ok 1301 - messageHandler does not rely on getState for quota messages
  ---
  duration_ms: 1.4984
  type: 'test'
  ...
# Subtest: messageHandler uses type assertion for payload
ok 1302 - messageHandler uses type assertion for payload
  ---
  duration_ms: 4.7193
  type: 'test'
  ...
# Subtest: messageHandler handles quotaData and quotaUpdate together
ok 1303 - messageHandler handles quotaData and quotaUpdate together
  ---
  duration_ms: 4.894
  type: 'test'
  ...
# Subtest: messageHandler breaks after quota dispatch
ok 1304 - messageHandler breaks after quota dispatch
  ---
  duration_ms: 0.8585
  type: 'test'
  ...
# Subtest: messageHandler breaks after budget dispatch
ok 1305 - messageHandler breaks after budget dispatch
  ---
  duration_ms: 0.8213
  type: 'test'
  ...
# Subtest: messageHandler has addPlanAttachment case
ok 1306 - messageHandler has addPlanAttachment case
  ---
  duration_ms: 0.9
  type: 'test'
  ...
# Subtest: messageHandler is exported as function
ok 1307 - messageHandler is exported as function
  ---
  duration_ms: 0.8176
  type: 'test'
  ...
# Subtest: messageHandler has no side effects besides dispatch
ok 1308 - messageHandler has no side effects besides dispatch
  ---
  duration_ms: 1.2624
  type: 'test'
  ...
# Subtest: firstNonEmptyString utility function exists
ok 1309 - firstNonEmptyString utility function exists
  ---
  duration_ms: 0.9168
  type: 'test'
  ...
# Subtest: firstNonEmptyString accepts multiple parameters
ok 1310 - firstNonEmptyString accepts multiple parameters
  ---
  duration_ms: 0.6217
  type: 'test'
  ...
# Subtest: firstNonEmptyString returns string or undefined
ok 1311 - firstNonEmptyString returns string or undefined
  ---
  duration_ms: 1.1431
  type: 'test'
  ...
# Subtest: firstNonEmptyString handles string trimming
ok 1312 - firstNonEmptyString handles string trimming
  ---
  duration_ms: 1.9892
  type: 'test'
  ...
# Subtest: normalizeMessage function is defined
ok 1313 - normalizeMessage function is defined
  ---
  duration_ms: 1.0335
  type: 'test'
  ...
# Subtest: normalizeMessage accepts Message and StreamingState parameters
ok 1314 - normalizeMessage accepts Message and StreamingState parameters
  ---
  duration_ms: 2.3157
  type: 'test'
  ...
# Subtest: normalizeMessage uses firstNonEmptyString for responseType
ok 1315 - normalizeMessage uses firstNonEmptyString for responseType
  ---
  duration_ms: 0.776
  type: 'test'
  ...
# Subtest: normalizeMessage handles responseType from multiple sources
ok 1316 - normalizeMessage handles responseType from multiple sources
  ---
  duration_ms: 0.7118
  type: 'test'
  ...
# Subtest: messageHandler handles chatHistory message type
ok 1317 - messageHandler handles chatHistory message type
  ---
  duration_ms: 1.3247
  type: 'test'
  ...
# Subtest: chatHistory case calls normalizeMessage
ok 1318 - chatHistory case calls normalizeMessage
  ---
  duration_ms: 2.8105
  type: 'test'
  ...
# Subtest: chatHistory filters normalized messages
ok 1319 - chatHistory filters normalized messages
  ---
  duration_ms: 1.9181
  type: 'test'
  ...
# Subtest: chatHistory dispatches CLEAR_MESSAGES before SET_MESSAGES
ok 1320 - chatHistory dispatches CLEAR_MESSAGES before SET_MESSAGES
  ---
  duration_ms: 1.1095
  type: 'test'
  ...
# Subtest: chatHistory dispatches SET_SESSION_ID
ok 1321 - chatHistory dispatches SET_SESSION_ID
  ---
  duration_ms: 1.8172
  type: 'test'
  ...
# Subtest: normalizeMessage does not throw when processing chatHistory messages
ok 1322 - normalizeMessage does not throw when processing chatHistory messages
  ---
  duration_ms: 1.5263
  type: 'test'
  ...
# Subtest: message handler sanitizes opaque subagent labels before rendering
ok 1323 - message handler sanitizes opaque subagent labels before rendering
  ---
  duration_ms: 2.0179
  type: 'test'
  ...
# Subtest: message handler deduplicates and merges subagent progress/timeline for presentation
ok 1324 - message handler deduplicates and merges subagent progress/timeline for presentation
  ---
  duration_ms: 1.8236
  type: 'test'
  ...
# Subtest: types.ts exports QuotaData interface
ok 1325 - types.ts exports QuotaData interface
  ---
  duration_ms: 7.659
  type: 'test'
  ...
# Subtest: QuotaData has platforms field
ok 1326 - QuotaData has platforms field
  ---
  duration_ms: 0.5608
  type: 'test'
  ...
# Subtest: QuotaData has lastUpdated field
ok 1327 - QuotaData has lastUpdated field
  ---
  duration_ms: 0.4626
  type: 'test'
  ...
# Subtest: types.ts exports PlatformQuota interface
ok 1328 - types.ts exports PlatformQuota interface
  ---
  duration_ms: 0.576
  type: 'test'
  ...
# Subtest: PlatformQuota has platform field
ok 1329 - PlatformQuota has platform field
  ---
  duration_ms: 0.7183
  type: 'test'
  ...
# Subtest: PlatformQuota has quotas field
ok 1330 - PlatformQuota has quotas field
  ---
  duration_ms: 0.4537
  type: 'test'
  ...
# Subtest: PlatformQuota has status field
ok 1331 - PlatformQuota has status field
  ---
  duration_ms: 0.7716
  type: 'test'
  ...
# Subtest: PlatformQuota has accountLabel field
ok 1332 - PlatformQuota has accountLabel field
  ---
  duration_ms: 0.8655
  type: 'test'
  ...
# Subtest: types.ts exports QuotaItem interface
ok 1333 - types.ts exports QuotaItem interface
  ---
  duration_ms: 1.2041
  type: 'test'
  ...
# Subtest: QuotaItem has usedTotalDisplay field
ok 1334 - QuotaItem has usedTotalDisplay field
  ---
  duration_ms: 1.4403
  type: 'test'
  ...
# Subtest: types.ts exports BudgetInfo interface
ok 1335 - types.ts exports BudgetInfo interface
  ---
  duration_ms: 0.8973
  type: 'test'
  ...
# Subtest: BudgetInfo has planName field
ok 1336 - BudgetInfo has planName field
  ---
  duration_ms: 0.5513
  type: 'test'
  ...
# Subtest: BudgetInfo has monthlyQuota field
ok 1337 - BudgetInfo has monthlyQuota field
  ---
  duration_ms: 0.4207
  type: 'test'
  ...
# Subtest: BudgetInfo has usedToday field
ok 1338 - BudgetInfo has usedToday field
  ---
  duration_ms: 0.5228
  type: 'test'
  ...
# Subtest: BudgetInfo has dailyAllowance field
ok 1339 - BudgetInfo has dailyAllowance field
  ---
  duration_ms: 0.4035
  type: 'test'
  ...
# Subtest: BudgetInfo has availableToday field
ok 1340 - BudgetInfo has availableToday field
  ---
  duration_ms: 0.4196
  type: 'test'
  ...
# Subtest: BudgetInfo has remainingToday field
ok 1341 - BudgetInfo has remainingToday field
  ---
  duration_ms: 0.3328
  type: 'test'
  ...
# Subtest: BudgetInfo has daysRemaining field
ok 1342 - BudgetInfo has daysRemaining field
  ---
  duration_ms: 0.7195
  type: 'test'
  ...
# Subtest: BudgetInfo has projectedMonthlyUsage field
ok 1343 - BudgetInfo has projectedMonthlyUsage field
  ---
  duration_ms: 0.3799
  type: 'test'
  ...
# Subtest: BudgetInfo has warningLevel field
ok 1344 - BudgetInfo has warningLevel field
  ---
  duration_ms: 0.3329
  type: 'test'
  ...
# Subtest: BudgetInfo has advice field
ok 1345 - BudgetInfo has advice field
  ---
  duration_ms: 0.3392
  type: 'test'
  ...
# Subtest: QuotaData platforms is required
ok 1346 - QuotaData platforms is required
  ---
  duration_ms: 0.2055
  type: 'test'
  ...
# Subtest: PlatformQuota quotas is required
ok 1347 - PlatformQuota quotas is required
  ---
  duration_ms: 0.239
  type: 'test'
  ...
# Subtest: PlatformQuota status is required
ok 1348 - PlatformQuota status is required
  ---
  duration_ms: 0.1828
  type: 'test'
  ...
# Subtest: QuotaItem usedTotalDisplay is optional
ok 1349 - QuotaItem usedTotalDisplay is optional
  ---
  duration_ms: 0.2136
  type: 'test'
  ...
# Subtest: BudgetInfo all fields are required
ok 1350 - BudgetInfo all fields are required
  ---
  duration_ms: 0.3222
  type: 'test'
  ...
# Subtest: BudgetInfo advice is array type
ok 1351 - BudgetInfo advice is array type
  ---
  duration_ms: 0.3259
  type: 'test'
  ...
# Subtest: BudgetInfo warningLevel has correct union type
ok 1352 - BudgetInfo warningLevel has correct union type
  ---
  duration_ms: 0.3829
  type: 'test'
  ...
# Subtest: PlatformQuota status has correct union type
ok 1353 - PlatformQuota status has correct union type
  ---
  duration_ms: 0.4764
  type: 'test'
  ...
# Subtest: types.ts exports all quota/budget types
ok 1354 - types.ts exports all quota/budget types
  ---
  duration_ms: 0.4487
  type: 'test'
  ...
# Subtest: QuotaData interfaces match structure
ok 1355 - QuotaData interfaces match structure
  ---
  duration_ms: 0.4176
  type: 'test'
  ...
# Subtest: BudgetInfo interface matches sendBudgetInfo output
ok 1356 - BudgetInfo interface matches sendBudgetInfo output
  ---
  duration_ms: 0.6508
  type: 'test'
  ...
# Subtest: AppState includes core infrastructure fields
ok 1357 - AppState includes core infrastructure fields
  ---
  duration_ms: 0.6335
  type: 'test'
  ...
# Subtest: type definitions use TypeScript syntax
ok 1358 - type definitions use TypeScript syntax
  ---
  duration_ms: 0.5863
  type: 'test'
  ...
# Subtest: type names are PascalCase
ok 1359 - type names are PascalCase
  ---
  duration_ms: 0.3783
  type: 'test'
  ...
# Subtest: array types use proper syntax
ok 1360 - array types use proper syntax
  ---
  duration_ms: 0.4577
  type: 'test'
  ...
# Subtest: union types use proper syntax
ok 1361 - union types use proper syntax
  ---
  duration_ms: 0.3413
  type: 'test'
  ...
# Subtest: optional fields use question mark
ok 1362 - optional fields use question mark
  ---
  duration_ms: 1.0287
  type: 'test'
  ...
# Subtest: handleLoadSession clears in-memory todos and posts rehydrated todo snapshot
ok 1363 - handleLoadSession clears in-memory todos and posts rehydrated todo snapshot
  ---
  duration_ms: 5.2476
  type: 'test'
  ...
# Subtest: clearSessionTodos implementation resets currentTodoItems
ok 1364 - clearSessionTodos implementation resets currentTodoItems
  ---
  duration_ms: 1.981
  type: 'test'
  ...
# Subtest: initState sent during webview ready includes todoItems for rehydration
ok 1365 - initState sent during webview ready includes todoItems for rehydration
  ---
  duration_ms: 2.3208
  type: 'test'
  ...
# Subtest: messageHandler exposes todo normalization and ingestion helpers
ok 1366 - messageHandler exposes todo normalization and ingestion helpers
  ---
  duration_ms: 38.5344
  type: 'test'
  ...
# node:internal/modules/esm/resolve:274
#     throw new ERR_MODULE_NOT_FOUND(
#           ^
# Error [ERR_MODULE_NOT_FOUND]: Cannot find module 'E:\\Projects\\vscode-opencode\\src\\utils\\LoggingSchema.js' imported from E:\\Projects\\vscode-opencode\\tests\\utils\\logging-schema.test.mjs
#     at finalizeResolution (node:internal/modules/esm/resolve:274:11)
#     at moduleResolve (node:internal/modules/esm/resolve:859:10)
#     at defaultResolve (node:internal/modules/esm/resolve:983:11)
#     at \#cachedDefaultResolve (node:internal/modules/esm/loader:731:20)
#     at ModuleLoader.resolve (node:internal/modules/esm/loader:708:38)
#     at ModuleLoader.getModuleJobForImport (node:internal/modules/esm/loader:310:38)
#     at ModuleJob._link (node:internal/modules/esm/module_job:182:49) {
#   code: 'ERR_MODULE_NOT_FOUND',
#   url: 'file:///E:/Projects/vscode-opencode/src/utils/LoggingSchema.js'
# }
# Node.js v22.21.1
# Subtest: tests\\utils\\logging-schema.test.mjs
not ok 110 - tests\\utils\\logging-schema.test.mjs
  ---
  duration_ms: 307.8756
  type: 'test'
  location: 'E:\\Projects\\vscode-opencode\\tests\\utils\\logging-schema.test.mjs:1:1'
  failureType: 'testCodeFailure'
  exitCode: 1
  signal: ~
  error: 'test failed'
  code: 'ERR_TEST_FAILURE'
  ...
# Subtest: ActiveTaskPanel reads streaming from store state and does not render todoItems
ok 1368 - ActiveTaskPanel reads streaming from store state and does not render todoItems
  ---
  duration_ms: 4.921
  type: 'test'
  ...
# Subtest: ActiveTaskPanel derives liveProgressSteps from streaming.progressEvents and streaming.steps
ok 1369 - ActiveTaskPanel derives liveProgressSteps from streaming.progressEvents and streaming.steps
  ---
  duration_ms: 2.6522
  type: 'test'
  ...
# Subtest: ActiveTaskPanel renders Progress Updates section conditionally on isActive
ok 1370 - ActiveTaskPanel renders Progress Updates section conditionally on isActive
  ---
  duration_ms: 4.5186
  type: 'test'
  ...
# Subtest: ActivityDiffExcerpt parses hunk headers for line-number gutters
ok 1371 - ActivityDiffExcerpt parses hunk headers for line-number gutters
  ---
  duration_ms: 2.2908
  type: 'test'
  ...
# Subtest: ActivityDiffExcerpt renders unified diff rows with sign gutter and copy action
ok 1372 - ActivityDiffExcerpt renders unified diff rows with sign gutter and copy action
  ---
  duration_ms: 0.6446
  type: 'test'
  ...
# Subtest: chat send flow posts message with image attachments and updates thread state
ok 1373 - chat send flow posts message with image attachments and updates thread state
  ---
  duration_ms: 15.5684
  type: 'test'
  ...
# Subtest: chat flow handles paste attachments and queued sends while processing
ok 1374 - chat flow handles paste attachments and queued sends while processing
  ---
  duration_ms: 10.383
  type: 'test'
  ...
# Subtest: queue row actions switch between steer and send-now based on processing state
ok 1375 - queue row actions switch between steer and send-now based on processing state
  ---
  duration_ms: 1.0617
  type: 'test'
  ...
# Subtest: message thread renders user and assistant content including image thumbnails
ok 1376 - message thread renders user and assistant content including image thumbnails
  ---
  duration_ms: 0.9157
  type: 'test'
  ...
# Subtest: error events clear processing and streaming state to avoid stuck thinking UI
ok 1377 - error events clear processing and streaming state to avoid stuck thinking UI
  ---
  duration_ms: 6.4081
  type: 'test'
  ...
# Subtest: error handler retains partial streaming response as a message
ok 1378 - error handler retains partial streaming response as a message
  ---
  duration_ms: 3.3836
  type: 'test'
  ...
# Subtest: timeout errors suppress low-signal stream fragments in partial error messages
ok 1379 - timeout errors suppress low-signal stream fragments in partial error messages
  ---
  duration_ms: 3.2497
  type: 'test'
  ...
# Subtest: AssistantMessage renders error banner and retry button when message has error
ok 1380 - AssistantMessage renders error banner and retry button when message has error
  ---
  duration_ms: 1.3863
  type: 'test'
  ...
# Subtest: Assistant responses include dedicated enter transition classes
ok 1381 - Assistant responses include dedicated enter transition classes
  ---
  duration_ms: 3.643
  type: 'test'
  ...
# Subtest: assistant header is responsive on small screens for agent/model/tokens row
not ok 1382 - assistant header is responsive on small screens for agent/model/tokens row
  ---
  duration_ms: 15.6805
  type: 'test'
  location: 'E:\\Projects\\vscode-opencode\\tests\\webview\\chat-message-flow.test.mjs:123:1'
  failureType: 'testCodeFailure'
  error: 'token row should wrap with compact typography and shift right on larger screens'
  code: 'ERR_ASSERTION'
  name: 'AssertionError'
  expected:
  actual: |-
    import {
      useEffect,
      useMemo,
      useRef,
      useState,
      memo,
      type CSSProperties,
    } from "react";
    import {
      Check,
      Copy,
      FileText as FileTextIcon,
      Loader2,
      X,
      Sparkles,
      RotateCw,
      Zap,
      AlertCircle,
      StopCircle,
    } from "lucide-react";
    
    import { Badge } from "@/components/ui/badge";
    import { Stepper, StepperItem } from "@/components/ui/stepper";
    import { TerminalBlock } from "@/components/ui/TerminalBlock";
    import { ExpandableStep } from "@/components/ui/ExpandableStep";
    import { StepIndicator } from "@/components/ui/StepIndicator";
    import { cn, formatDuration } from "@/utils";
    
    import { MarkdownRenderer } from "../components/MarkdownRenderer";
    import { ActivityDiffExcerpt } from "./components/ActivityDiffExcerpt";
    import { CompactDiffPreview } from "./components/CompactDiffPreview";
    import { ImagePreviewModal } from "./ImagePreviewModal";
    import { SubagentDetailModal } from "./SubagentDetailModal";
    
    import type {
      ActivityDetail,
      AppState,
      InteractiveEvent,
      Message,
      MessagePart,
      MessageStep,
      ReasoningEvent,
      StreamingState,
      StreamingStep,
      SubagentDetail,
      SubagentSummary,
      TodoItem,
    } from "./lib/types";
    import { useAppDispatch, useAppState } from "./lib/store";
    import { jumpToMessage } from "./lib/messageJump";
    import vscode from "./lib/vscode";
    
    // File extension color mapping for icons
    const FILE_COLOR_MAP: Record<string, string> = {
      ts: "#3178c6",
      js: "#f1e05a",
      tsx: "#3178c6",
      jsx: "#f1e05a",
      css: "#563d7c",
      html: "#e34c26",
      json: "#f1e05a",
      md: "#083fa1",
      vue: "#41b883",
      py: "#3572A5",
      go: "#00ADD8",
      java: "#b07219",
      rs: "#dea584",
      php: "#4F5D95",
      rb: "#701516",
      swift: "#ffac45",
      kt: "#F18E33",
      c: "#555555",
      cpp: "#f34b7d",
      h: "#a8ff97",
      hpp: "#a8ff97",
    };
    
    // Extract file extension from path
    function getFileExtension(path: string): string {
      const match = path.match(/\.([a-zA-Z0-9]+)(?::|:|$)/);
      return match ? match[1].toLowerCase() : "";
    }
    
    // Get color for file extension
    function getFileColor(ext: string): string {
      return FILE_COLOR_MAP[ext] || "var(--oc-text-muted)";
    }
    
    function isReasoningPart(part: MessagePart): boolean {
      const type = (part.type ?? "").toLowerCase();
      return (
        type === "reasoning" ||
        type === "thinking" ||
        type === "thought" ||
        !!part.reasoning ||
        !!part.thought ||
        !!part.thinking
      );
    }
    
    function isRenderableAssistantTextPart(part: MessagePart): boolean {
      if (isReasoningPart(part)) {
        return false;
      }
      const type = (part.type ?? "").toLowerCase();
      if (!type) {
        return true;
      }
      return type === "text" || type === "message" || type === "output_text";
    }
    
    function isStructuredOutputFailureMessage(value?: string): boolean {
      const normalized = (value || "").trim().toLowerCase();
      if (!normalized) return false;
      return (
        normalized.includes("structured output error") ||
        normalized.includes("empty structured payload") ||
        normalized.includes("valid structured response") ||
        normalized.includes("json_schema") ||
        normalized.includes("structuredoutput")
      );
    }
    
    function patchMessageRetryState(
      message: Message,
      retryWithoutStructuredOutput: boolean,
    ): Message {
      const retryMessage = retryWithoutStructuredOutput
        ? "Retrying without structured output..."
        : "Retrying request...";
      const existingParts = Array.isArray(message.parts) ? [...message.parts] : [];
      const nextParts =
        existingParts.length > 0
          ? existingParts.map((part, index) => {
            if (index === 0 && (part.type === "text" || !part.type)) {
              return { ...part, type: "text", text: retryMessage };
            }
            return part;
          })
          : [{ type: "text", text: retryMessage }];
      return {
        ...message,
        error: undefined,
        content: retryMessage,
        text: retryMessage,
        parts: nextParts,
        retryWithoutStructuredOutput,
        retryState: retryWithoutStructuredOutput
          ? "retrying_without_structured_output"
          : undefined,
        retryMessage,
        retryStartedAt: Date.now(),
      };
    }
    
    // Deterministic accent colors for subagents
    const SUBAGENT_COLORS = [
      "text-oc-orange",
      "text-oc-green",
      "text-oc-yellow",
      "text-oc-red",
      "text-oc-accent",
    ];
    
    const SUBAGENT_HUES = [12, 36, 58, 92, 128, 166, 198, 228, 264, 312, 338];
    
    function getStableHash(value: string): number {
      let hash = 0;
      for (let i = 0; i < value.length; i++) {
        hash = value.charCodeAt(i) + ((hash << 5) - hash);
      }
      return Math.abs(hash);
    }
    
    function getSubagentColor(id: string): string {
      if (!id) return "text-oc-accent";
      const hash = getStableHash(id);
      return SUBAGENT_COLORS[Math.abs(hash) % SUBAGENT_COLORS.length];
    }
    
    function getSubagentHue(id: string): number {
      if (!id) return 210;
      return SUBAGENT_HUES[getStableHash(id) % SUBAGENT_HUES.length];
    }
    
    function getSubagentCardStyle(id: string): CSSProperties {
      const hue = getSubagentHue(id);
      return {
        borderLeftWidth: "3px",
        borderLeftColor: `hsl(${hue}, 78%, 68%)`,
        backgroundImage: `linear-gradient(90deg, hsla(${hue}, 72%, 58%, 0.09) 0%, hsla(${hue}, 72%, 58%, 0.02) 38%, transparent 62%)`,
      };
    }
    
    function getSubagentAccentTextStyle(id: string): CSSProperties {
      const hue = getSubagentHue(id);
      return {
        color: `hsl(${hue}, 80%, 70%)`,
      };
    }
    
    function getSubagentMetaStyle(id: string): CSSProperties {
      const hue = getSubagentHue(id);
      return {
        borderColor: `hsla(${hue}, 75%, 68%, 0.3)`,
        backgroundColor: `hsla(${hue}, 72%, 56%, 0.08)`,
      };
    }
    
    // SVG file icon
    export function FileIcon({
      filePath,
      className,
    }: {
      filePath?: string;
      className?: string;
    }) {
      const ext = filePath ? getFileExtension(filePath) : "";
    
      if (filePath) {
        const fileName = (filePath.split(/[\\/]/).pop() || "").toLowerCase();
        const cleanKey = (key: string) =>
          key
            .replace(/\./g, "-")
            .replace(/\//g, "-")
            .replace(/\+/g, "p")
            .replace(/#/g, "h")
            .replace(/[^a-z0-9_-]/g, "_");
    
        // The library uses .file-icon and .file-icon-type-[ext]
        // We add both filename and extension classes to maximize match chances
        // We also use a more aggressive sanitization to match processor's likely output
        return (
          <div
            className={cn(
              "file-icon",
              `file-icon-type-${cleanKey(fileName)}`,
              `file-icon-type-${cleanKey(ext)}`,
              className,
            )}
            style={{
              width: "16px",
              height: "16px",
              display: "inline-flex",
              alignItems: "center",
              justifyContent: "center",
              flexShrink: 0,
              marginRight: "4px",
              verticalAlign: "text-bottom",
            }}
          />
        );
      }
    
      const color = getFileColor(ext);
      return (
        <svg
          role="img"
          aria-label={filePath ?? "file"}
          width="14"
          height="14"
          viewBox="0 0 24 24"
          fill="none"
          className={cn("file-icon-svg", className)}
        >
          <title>{filePath ?? "file"}</title>
          <path
            d="M14.5 2H6a2 2 0 0 0-2 2v16a2 2 0 0 0 2 2h12a2 2 0 0 0 2-2V7.5L14.5 2z"
            stroke={color}
            strokeWidth="2"
            strokeLinecap="round"
            strokeLinejoin="round"
            fill={color}
            fillOpacity="0.1"
          ></path>
          <polyline
            points="14 2 14 8 20 8"
            stroke={color}
            strokeWidth="2"
            strokeLinecap="round"
            strokeLinejoin="round"
          ></polyline>
        </svg>
      );
    }
    
    function messageBodyFromParts(parts?: MessagePart[]): string {
      if (!parts) {
        return "";
      }
      return parts
        .map((part) => {
          if (!isRenderableAssistantTextPart(part)) {
            return "";
          }
          return part.message ?? part.text ?? part.content ?? "";
        })
        .join("")
        .trim();
    }
    
    function asRecord(value: unknown): Record<string, unknown> | null {
      return typeof value === "object" && value !== null
        ? (value as Record<string, unknown>)
        : null;
    }
    
    function firstNonEmptyString(...values: unknown[]): string | undefined {
      for (const value of values) {
        if (typeof value === "string" && value.trim().length > 0) {
          return value.trim();
        }
      }
      return undefined;
    }
    
    function normalizeComparableText(value: string): string {
      return value.replace(/\r\n/g, "\n").replace(/\s+/g, " ").trim().toLowerCase();
    }
    
    function isLowValueInteractiveBodyText(value: string): boolean {
      const normalized = normalizeComparableText(value);
      if (!normalized) {
        return true;
      }
      return (
        normalized === "running question" ||
        normalized === "question" ||
        normalized === "question for you" ||
        normalized === "quick input" ||
        normalized === "wants" ||
        normalized === "want" ||
        normalized === "wants to" ||
        normalized === "ask" ||
        normalized === "asks" ||
        normalized === "asking" ||
        normalized === "awaiting your answer" ||
        normalized === "awaiting your response" ||
        normalized === "waiting for your answer" ||
        normalized === "waiting for your response"
      );
    }
    
    function formatQuestionPromptForAssistant(
      prompt: string,
      kind: "question" | "confirm" | "message" | "quick_actions" = "question",
    ): string {
      const trimmed = prompt.trim();
      if (!trimmed) {
        return "";
      }
      return trimmed;
    }
    
    function questionPromptFromMessage(message?: Message): string | undefined {
      if (!message) {
        return undefined;
      }
    
      const messageRec = asRecord(message);
      const infoRec = asRecord(messageRec?.info);
      const structured =
        asRecord(messageRec?.structuredOutput) ||
        asRecord(messageRec?.structured_output) ||
        asRecord(infoRec?.structuredOutput) ||
        asRecord(infoRec?.structured_output);
      const question = asRecord(structured?.question);
    
      // displayPrompt is the primary source-of-truth for question chat bubble text.
      const explicitDisplayPrompt = firstNonEmptyString(
        question?.displayPrompt,
        question?.assistantPrompt,
        question?.responseMessage,
      );
      if (explicitDisplayPrompt) {
        return explicitDisplayPrompt;
      }
    
      if (question) {
        const questionType = firstNonEmptyString(question.type)?.toLowerCase();
        if (questionType === "message") {
          return firstNonEmptyString(
            question.message,
            question.content,
            question.question,
            question.title,
          );
        }
        if (questionType === "quick_actions" || questionType === "quick-actions") {
          const prompt = firstNonEmptyString(
            question.question,
            question.title,
            question.message,
            question.content,
          );
          return prompt
            ? formatQuestionPromptForAssistant(prompt, "quick_actions")
            : undefined;
        }
        const prompt = firstNonEmptyString(
          question.question,
          question.message,
          question.content,
          question.title,
        );
        if (prompt) {
          return formatQuestionPromptForAssistant(
            prompt,
            questionType === "confirm" ? "confirm" : "question",
          );
        }
      }
    
      if (Array.isArray(message.interactiveEvents)) {
        for (const event of message.interactiveEvents) {
          if (event.type === "question" || event.type === "confirm") {
            const prompt = firstNonEmptyString(event.question, event.title);
            if (prompt) {
              return formatQuestionPromptForAssistant(prompt, event.type);
            }
          }
          if (event.type === "message") {
            const prompt = firstNonEmptyString(event.message, event.title);
            if (prompt) {
              return prompt;
            }
          }
          if (event.type === "quick_actions") {
            const prompt = firstNonEmptyString(event.title);
            if (prompt) {
              return formatQuestionPromptForAssistant(prompt, "quick_actions");
            }
          }
        }
      }
      return undefined;
    }
    
    function questionPromptFromInteractiveEvents(
      events?: InteractiveEvent[],
    ): string | undefined {
      if (!Array.isArray(events) || events.length === 0) {
        return undefined;
      }
    
      for (const event of events) {
        if (event.type === "question" || event.type === "confirm") {
          const prompt = firstNonEmptyString(
            event.contextMessage,
            event.question,
            event.title,
          );
          if (prompt) {
            return formatQuestionPromptForAssistant(prompt, event.type);
          }
          continue;
        }
        if (event.type === "message") {
          const prompt = firstNonEmptyString(
            event.contextMessage,
            event.message,
            event.title,
          );
          if (prompt) {
            return prompt;
          }
          continue;
        }
        if (event.type === "quick_actions") {
          const prompt = firstNonEmptyString(event.contextMessage, event.title);
          if (prompt) {
            return formatQuestionPromptForAssistant(prompt, "quick_actions");
          }
        }
      }
    
      return undefined;
    }
    
    
    function summaryText(message?: Message): string {
      // Check both nested info and top-level properties (for persisted messages)
      const summary =
        message?.info?.summary ??
        ((message as Record<string, unknown>).summary as
          | { title?: string; body?: string }
          | undefined);
      const title = summary?.title?.trim() ?? "";
      const body = summary?.body?.trim() ?? "";
      if (title && body) {
        return `${title}\n\n${body}`;
      }
      return title || body;
    }
    
    function modelLabel(message?: Message): string {
      if (!message) return "assistant";
      // Check nested info structure first (from streaming)
      const modelObj = message.info?.model;
      if (modelObj && typeof modelObj === "object") {
        const name = (modelObj as Record<string, unknown>).name;
        const modelID = (modelObj as Record<string, unknown>).modelID;
        if (typeof name === "string" && name) return name;
        if (typeof modelID === "string" && modelID) return modelID;
      }
      // Check top-level model object (from persisted messages)
      if (typeof message.model === "object" && message.model !== null) {
        const name = (message.model as Record<string, unknown>).name;
        const modelID = (message.model as Record<string, unknown>).modelID;
        if (typeof name === "string" && name) return name;
        if (typeof modelID === "string" && modelID) return modelID;
      }
      // Check nested info structure
      let model = message.info?.modelID;
      let provider = message.info?.providerID;
      if (model && provider) return `${provider}/${model}`;
      // Check top-level properties (from persisted messages)
      model ??= (message as Record<string, unknown>).modelID as string | undefined;
      provider ??= (message as Record<string, unknown>).providerID as
        | string
        | undefined;
      if (model && provider) return `${provider}/${model}`;
      return model ?? provider ?? "assistant";
    }
    
    function getMessageContent(
      message?: Message,
      streaming?: StreamingState,
    ): string {
      if (streaming) {
        // Filter out reasoning content from streaming content as a safety measure
        // This catches any reasoning that leaked through the event handler
        const content = streaming.content || '';
        const hasRenderableContent = streaming.hasRenderableContent === true;
        const hasReasoningEvents = streaming.reasoningEvents && streaming.reasoningEvents.length > 0;
        const isInReasoningPart = streaming.inReasoningPart || false;
    
        // NOTE: When streaming is no longer active (isActive === false), FINISH_STREAMING has already
        // fired — this happens when a blocking interactive event (e.g. question) is detected mid-stream.
        // At that point, streaming.content holds the final AI response text (e.g. "I have a few
        // questions:"). We must NOT discard it based on length — it is the correct final content.
        // Only apply the reasoning filter while the stream is still actively flowing.
        const streamingFinished = !streaming.isActive;
    
        if (isInReasoningPart) {
          return '';
        }
    
        if (!hasRenderableContent) {
          return '';
        }
    
        if (!streamingFinished && hasReasoningEvents && content.length < 100) {
          // Streaming is live and content is very short — likely reasoning leak, hide it.
          return '';
        }
    
        return content;
      }
      if (!message) {
        return "";
      }
      const messageRec = asRecord(message);
      const infoRec = asRecord(messageRec?.info);
      const structured = asRecord(messageRec?.structuredOutput) || asRecord(infoRec?.structuredOutput);
      const responseType = firstNonEmptyString(message?.responseType, structured?.responseType)?.toLowerCase();
      const partsBody = messageBodyFromParts(message.parts);
      const hasParts = Array.isArray(message.parts) && message.parts.length > 0;
      const isMessageResponseType = responseType === "message";
      const structuredMessage = firstNonEmptyString(structured?.message);
      const candidates = hasParts
        ? [
          partsBody,
          isMessageResponseType ? structuredMessage : "",
          summaryText(message),
        ]
        : [
          partsBody,
          message.content,
          message.text,
          summaryText(message),
        ];
      const baseContent =
        candidates.find(
          (candidate) =>
            typeof candidate === "string" && candidate.trim().length > 0,
        ) ?? "";
      const safeBaseContent = baseContent;
      const questionPrompt = questionPromptFromMessage(message);
      if (!questionPrompt) {
        return safeBaseContent;
      }
      const isQuestionResponseType = responseType === "question";
      const hasInteractiveEvents = Array.isArray(message.interactiveEvents) && message.interactiveEvents.length > 0;
      if (isMessageResponseType) {
        if (structuredMessage) {
          return structuredMessage;
        }
      }
      if (!isQuestionResponseType && !hasInteractiveEvents) {
        return safeBaseContent;
      }
    
      // For explicit question turns, render only the canonical question prompt in the
      // assistant bubble (no assistantMessage/body concatenation).
      if (isQuestionResponseType) {
        return questionPrompt;
      }
    
      if (!safeBaseContent || isLowValueInteractiveBodyText(safeBaseContent)) {
        return questionPrompt;
      }
    
      const promptNorm = normalizeComparableText(questionPrompt);
      const bodyNorm = normalizeComparableText(safeBaseContent);
      if (!promptNorm || bodyNorm === promptNorm) {
        return questionPrompt;
      }
      if (bodyNorm.startsWith(promptNorm)) {
        return safeBaseContent;
      }
      return `${questionPrompt}\n\n${safeBaseContent}`;
    }
    
    type RawDebugParseStatus = "parsed" | "empty" | "unparseable" | "truncated";
    
    type ParsedRawDebugForUi = {
      status: RawDebugParseStatus;
      parts: Array<Record<string, unknown>>;
    };
    
    function parseRawResponseDebugForUi(raw: unknown): ParsedRawDebugForUi {
      if (typeof raw === "undefined" || raw === null) {
        return { status: "empty", parts: [] };
      }
      if (typeof raw === "object") {
        const rec = asRecord(raw);
        const parts = Array.isArray(rec?.parts)
          ? rec.parts
            .map((part) => asRecord(part))
            .filter((part): part is Record<string, unknown> => !!part)
          : [];
        return { status: "parsed", parts };
      }
      if (typeof raw !== "string") {
        return { status: "unparseable", parts: [] };
      }
      const text = raw.trim();
      if (!text) {
        return { status: "empty", parts: [] };
      }
      const truncMatch = text.match(/\.\.\.<truncated\s+\d+\s+chars>\s*$/i);
      const candidate = truncMatch ? text.slice(0, truncMatch.index).trim() : text;
      try {
        const parsed = JSON.parse(candidate);
        const rec = asRecord(parsed);
        const parts = Array.isArray(rec?.parts)
          ? rec.parts
            .map((part) => asRecord(part))
            .filter((part): part is Record<string, unknown> => !!part)
          : [];
        return { status: truncMatch ? "truncated" : "parsed", parts };
      } catch {
        return { status: truncMatch ? "truncated" : "unparseable", parts: [] };
      }
    }
    
    type ThoughtItem = { key: string; text: string };
    type ProgressItem = {
      key: string;
      mergeKey: string;
      id?: string;
      callID?: string;
      title: string;
      status: "pending" | "done" | "error";
      source?: "stream" | "final" | "raw_debug";
      partType?: string;
      internal?: boolean;
      meta?: string;
      filePath?: string;
      diffStats?: { added: number; deleted: number };
      activityDetail?: ActivityDetail;
      /** Arrival-order sequence number from StreamingStep.streamSeq or MessageStep.streamSeq */
      streamSeq?: number;
    };
    
    type ThinkingBlock = { kind: "thinking"; items: ThoughtItem[] };
    type StepsBlock = { kind: "steps"; items: ProgressItem[] };
    type ContentBlock = { kind: "content"; html: string };
    type TimelineBlock = ThinkingBlock | StepsBlock | ContentBlock;
    
    /**
     * Extracts the Date.now() timestamp embedded in a thought-item key.
     * Handles both streaming keys ("stream-{idx}-{createdAt}") and
     * persisted reasoningEvent keys ("evt-{createdAt}").
     * Returns 0 for parts-based keys ("part-{idx}") that have no timestamp.
     */
    function seqFromThoughtKey(key: string): number {
      const evtMatch = key.match(/^evt-(\d+)$/);
      if (evtMatch) return parseInt(evtMatch[1], 10);
      const streamMatch = key.match(/stream-\d+-(\d+)/);
      if (streamMatch) return parseInt(streamMatch[1], 10);
      return 0;
    }
    
    function thoughtItemsFromMessage(message?: Message): ThoughtItem[] {
      const items: ThoughtItem[] = [];
      const seen = new Set<string>();
      const pushUnique = (key: string, text: string) => {
        const cleaned = text.trim();
        if (!cleaned) return;
        const fp = normalizeComparableText(cleaned);
        if (!fp || seen.has(fp)) return;
        seen.add(fp);
        items.push({ key, text: cleaned });
      };
    
      if (Array.isArray(message?.reasoningPayload?.events)) {
        message.reasoningPayload.events.forEach((event, index) => {
          pushUnique(`evt-${event.createdAt}-${index}`, event.text || "");
        });
      }
    
      if (Array.isArray(message?.reasoningEvents)) {
        message.reasoningEvents.forEach((event: ReasoningEvent, index: number) => {
          pushUnique(`evt-${event.createdAt}-${index}`, event.text || "");
        });
      }
    
      if (items.length > 0) {
        return items;
      }
    
      // Do not derive visible thinking text from raw reasoning parts.
      // Some providers include internal instruction/planning traces there.
      return [];
    }
    
    function thoughtItemsFromStreaming(streaming?: StreamingState): ThoughtItem[] {
      if (!streaming) {
        return [];
      }
      if (streaming.reasoningEvents && streaming.reasoningEvents.length > 0) {
        const fromEvents = streaming.reasoningEvents
          .filter((event: ReasoningEvent) => {
            return event.text && event.text.length > 0;
          })
          .map((event: ReasoningEvent, idx: number) => ({
            key: `stream-${idx}-${event.createdAt}`,
            text: event.text.trim(),
          }));
        if (fromEvents.length > 0) {
          return fromEvents;
        }
      }
    
      // Avoid showing raw streaming reasoning fallback text in the UI timeline.
      return [];
    }
    
    function normalizeProgressStatus(
      value?: string | null,
    ): "pending" | "done" | "error" {
      const v = value?.toLowerCase();
      if (
        v === "done" ||
        v === "completed" ||
        v === "success" ||
        v === "finished" ||
        v === "complete"
      ) {
        return "done";
      }
      if (v === "error" || v === "failed") {
        return "error";
      }
      return "pending";
    }
    
    function isActionProgressStep(step: MessageStep | StreamingStep): boolean {
      const type = (step.type ?? "").toLowerCase();
      const partType = ("partType" in step ? step.partType : undefined) || "";
      const normalizedPartType = partType.toString().toLowerCase();
    
      // Filter out reasoning/thinking and internal bookkeeping steps
      if (type === "reasoning" || type === "thinking") {
        return false;
      }
      // Filter out step-start and step-finish events (internal bookkeeping)
      if (
        normalizedPartType === "step-start" ||
        normalizedPartType === "step-finish" ||
        type === "step-start" ||
        type === "step-finish"
      ) {
        return false;
      }
      // Filter out tool wrapper events that just show "tool completed successfully"
      // These are internal system events, not actual user-facing progress
      if (type === "tool" && step.title?.toLowerCase().includes("structuredoutput")) {
        return false;
      }
    
      return true;
    }
    
    function progressItemsFromSteps(
      steps: Array<MessageStep | StreamingStep>,
      prefix: string,
    ): ProgressItem[] {
      const stepMap = new Map<string, ProgressItem>();
    
      steps
        .filter((step) => isActionProgressStep(step))
        .forEach((step, index) => {
          const title = step.title;
          const status = normalizeProgressStatus(step.status);
          const meta = step.meta;
          const stepId =
            "id" in step && typeof step.id === "string" ? step.id : undefined;
          const stepCallId =
            "callID" in step && typeof step.callID === "string"
              ? step.callID
              : undefined;
          const mergeKey = stepCallId
            ? `call:${stepCallId}`
            : stepId
              ? `id:${stepId}`
              : `title:${title.trim().toLowerCase()}`;
          const stepFilePath =
            "filePath" in step
              ? (step as StreamingStep).filePath
              : ((step as MessageStep).content ?? undefined);
          const stepSource =
            "source" in step
              ? (step.source as "stream" | "final" | "raw_debug" | undefined)
              : undefined;
          const stepPartType =
            "partType" in step ? (step.partType as string | undefined) : undefined;
          const stepInternal =
            "internal" in step ? Boolean(step.internal) : false;
    
          if (stepMap.has(mergeKey)) {
            const existing = stepMap.get(mergeKey)!;
            // Do not regress terminal statuses back to pending on noisy updates.
            if (
              status === "error" ||
              status === "done" ||
              existing.status === "pending"
            ) {
              existing.status = status;
            }
            if (title) existing.title = title;
            if (meta) existing.meta = meta;
            if (stepFilePath) existing.filePath = stepFilePath;
            if (!existing.id && stepId) existing.id = stepId;
            if (!existing.callID && stepCallId) existing.callID = stepCallId;
            if (!existing.source && stepSource) existing.source = stepSource;
            if (!existing.partType && stepPartType) existing.partType = stepPartType;
            existing.internal = Boolean(existing.internal || stepInternal);
            if ("diffStats" in step)
              existing.diffStats = step.diffStats as {
                added: number;
                deleted: number;
              };
            if ("activityDetail" in step && step.activityDetail) {
              existing.activityDetail = step.activityDetail as ActivityDetail;
            }
          } else {
            stepMap.set(mergeKey, {
              key: `${prefix}-${index}-${title}`,
              mergeKey,
              id: stepId,
              callID: stepCallId,
              title,
              status,
              source: stepSource,
              partType: stepPartType,
              internal: stepInternal,
              meta,
              filePath: stepFilePath,
              diffStats:
                "diffStats" in step
                  ? (step.diffStats as { added: number; deleted: number })
                  : undefined,
              activityDetail:
                "activityDetail" in step
                  ? (step.activityDetail as ActivityDetail | undefined)
                  : undefined,
              streamSeq:
                "streamSeq" in step
                  ? (step as { streamSeq?: number }).streamSeq
                  : undefined,
            });
          }
        });
    
      return Array.from(stepMap.values());
    }
    
    function progressItemsFromMessage(message?: Message): ProgressItem[] {
      if (!message) {
        return [];
      }
      let items: ProgressItem[] = [];
      if (Array.isArray(message.steps) && message.steps.length > 0) {
        items = progressItemsFromSteps(message.steps, "msg-steps");
      } else if (
        Array.isArray(message.progressEvents) &&
        message.progressEvents.length > 0
      ) {
        items = progressItemsFromSteps(
          message.progressEvents,
          "msg-progress-events",
        );
      }
    
      // For completed messages, any hanging pending steps should be marked as done
      for (const item of items) {
        if (item.status === "pending") {
          item.status = "done";
        }
      }
    
      return items;
    }
    
    function progressItemsFromStreaming(
      streaming?: StreamingState,
    ): ProgressItem[] {
      if (!streaming) {
        return [];
      }
      if (Array.isArray(streaming.steps) && streaming.steps.length > 0) {
        return progressItemsFromSteps(streaming.steps, "stream-steps");
      }
      if (
        Array.isArray(streaming.progressEvents) &&
        streaming.progressEvents.length > 0
      ) {
        return progressItemsFromSteps(
          streaming.progressEvents,
          "stream-progress-events",
        );
      }
      return [];
    }
    
    function formatTodoStatus(status: TodoItem["status"]): string {
      switch (status) {
        case "in_progress":
          return "in progress";
        default:
          return status;
      }
    }
    
    function truncateTodoLabel(text: string, maxLength = 44): string {
      const trimmed = text.trim();
      if (trimmed.length <= maxLength) {
        return trimmed;
      }
      return `${trimmed.slice(0, maxLength - 3)}...`;
    }
    
    function getLatestTodoTransition(items: TodoItem[]): TodoItem | undefined {
      for (let index = items.length - 1; index >= 0; index--) {
        const item = items[index];
        if (item.status !== "pending") {
          return item;
        }
      }
      return items[items.length - 1];
    }
    
    function TodoInlineSummary({ todoItems }: { todoItems: TodoItem[] }) {
      if (todoItems.length === 0) {
        return null;
      }
    
      const inProgressCount = todoItems.reduce(
        (count, item) => (item.status === "in_progress" ? count + 1 : count),
        0,
      );
      const totalCount = todoItems.length;
      const latest = getLatestTodoTransition(todoItems);
    
      return (
        <section
          data-assistant-section="todo-inline-summary"
          className="rounded-md border border-oc-border/70 bg-oc-panel-soft/30 px-2.5 py-2"
        >
          <div className="text-[11px] font-mono text-oc-text-muted">
            {totalCount} {totalCount === 1 ? "task" : "tasks"} - {inProgressCount} in
            progress
          </div>
          {latest && (
            <div className="mt-0.5 truncate text-[11px] text-oc-text-muted/90">
              Latest: "{truncateTodoLabel(latest.text)}" - {formatTodoStatus(latest.status)}
            </div>
          )}
        </section>
      );
    }
    
    function sanitizeUserContent(raw: string): string {
      return raw
        .replace(/<system-reminder>[\s\S]*?<\/system-reminder>/gi, "")
        .replace(/<!--[\s\S]*?-->/g, "")
        .replace(/\[interactive:[^:]+:[^\]]+\]\s*/gi, "")
        .trim();
    }
    
    function normalizedUserMessageText(message?: Message): string {
      const raw =
        message?.content ?? message?.text ?? messageBodyFromParts(message?.parts);
      return sanitizeUserContent(typeof raw === "string" ? raw : "");
    }
    
    function isPlanProceedMessageContent(value: string): boolean {
      return /\bproceed on this plan\./i.test(value);
    }
    
    function isPlanRevisionMessageContent(value: string): boolean {
      return /\brevise this implementation plan\b/i.test(value);
    }
    
    /**
     * Single source of truth for building the Activity timeline.
     *
     * Used for BOTH streaming and completed (persisted) messages. The timeline is
     * built by sorting thoughtItems (by createdAt timestamp from their key) and
     * progressItems (by streamSeq) into arrival order, then grouping consecutive
     * same-kind entries so all steps merge into one StepsBlock and all thinking
     * items merge into one ThinkingBlock.
     *
     * Falls back to a parts-based layout for server-loaded messages where timing
     * data is absent (no streamSeq on steps, no createdAt on thoughts).
     */
    function buildTimeline(
      thoughtItems: ThoughtItem[],
      progressItems: ProgressItem[],
      html: string,
      /** Only used for the parts-based fallback path; null during streaming */
      messageParts?: MessagePart[],
    ): TimelineBlock[] {
      // Check if we have any timing data for sorted interleaving.
      const hasTimedThoughts = thoughtItems.some(
        (t) => seqFromThoughtKey(t.key) > 0,
      );
      const hasTimedSteps = progressItems.some((p) => p.streamSeq != null);
    
      if (hasTimedThoughts || hasTimedSteps || progressItems.length > 0) {
        type RawEntry =
          | { seq: number; kind: "thinking"; item: ThoughtItem }
          | { seq: number; kind: "step"; item: ProgressItem }
          | { seq: number; kind: "content" };
    
        const entries: RawEntry[] = [];
    
        for (const item of thoughtItems) {
          entries.push({
            kind: "thinking",
            item,
            seq: seqFromThoughtKey(item.key),
          });
        }
    
        for (const item of progressItems) {
          entries.push({
            kind: "step",
            item,
            // +1 offset so a step at the same millisecond as a thinking event
            // always sorts after it (consistent with original streaming logic).
            seq:
              item.streamSeq != null
                ? item.streamSeq + 1
                : Number.MAX_SAFE_INTEGER,
          });
        }
    
        if (html) {
          entries.push({ kind: "content", seq: Number.MAX_SAFE_INTEGER });
        }
    
        entries.sort((a, b) => a.seq - b.seq);
    
        const blocks: TimelineBlock[] = [];
        for (const entry of entries) {
          const last = blocks[blocks.length - 1];
          if (entry.kind === "thinking") {
            if (last?.kind === "thinking") {
              (last as ThinkingBlock).items.push(entry.item);
            } else {
              blocks.push({ kind: "thinking", items: [entry.item] });
            }
          } else if (entry.kind === "step") {
            if (last?.kind === "steps") {
              (last as StepsBlock).items.push(entry.item);
            } else {
              blocks.push({ kind: "steps", items: [entry.item] });
            }
          } else {
            blocks.push({ kind: "content", html });
          }
        }
    
        return blocks;
      }
    
      // ── Fallback: parts-based approach for server-loaded messages with no timing ──
      const parts = messageParts;
    
      if (Array.isArray(parts) && parts.length > 0) {
        const blocks: TimelineBlock[] = [];
    
        for (const part of parts) {
          if (isReasoningPart(part)) {
            const text = (
              part.reasoning ??
              part.thought ??
              part.thinking ??
              (isReasoningPart(part) ? (part.text ?? part.content ?? "") : "")
            ).trim();
            if (!text) continue;
            const last = blocks[blocks.length - 1];
            if (last?.kind === "thinking") {
              (last as ThinkingBlock).items.push({
                key: `msg-think-${blocks.length}`,
                text,
              });
            } else {
              blocks.push({
                kind: "thinking",
                items: [{ key: `msg-think-${blocks.length}`, text }],
              });
            }
          } else {
            const partText = (part.text ?? part.content ?? "").trim();
            if (!partText) continue;
            const last = blocks[blocks.length - 1];
            if (last?.kind === "content") {
              (last as ContentBlock).html += partText;
            } else {
              blocks.push({ kind: "content", html: partText });
            }
          }
        }
    
        // Steps don't appear in parts; insert them before the first content block
        if (progressItems.length > 0) {
          const firstContentIdx = blocks.findIndex((b) => b.kind === "content");
          const stepsBlock: TimelineBlock = { kind: "steps", items: progressItems };
          if (firstContentIdx >= 0) {
            blocks.splice(firstContentIdx, 0, stepsBlock);
          } else {
            blocks.push(stepsBlock);
          }
        }
    
        // If parts had no reasoning entries but the message has reasoningEvents,
        // insert them before the first content block.
        const hasThinkingBlock = blocks.some((b) => b.kind === "thinking");
        if (!hasThinkingBlock && thoughtItems.length > 0) {
          const firstContentIdx = blocks.findIndex((b) => b.kind === "content");
          const thinkingBlock: TimelineBlock = {
            kind: "thinking",
            items: thoughtItems,
          };
          if (firstContentIdx >= 0) {
            blocks.splice(firstContentIdx, 0, thinkingBlock);
          } else {
            blocks.unshift(thinkingBlock);
          }
        }
    
        return blocks.filter((b) => {
          if (b.kind === "content") return !!(b as ContentBlock).html;
          return (b as ThinkingBlock | StepsBlock).items.length > 0;
        });
      }
    
      // Fallback for messages with no parts array
      const blocks: TimelineBlock[] = [];
      if (thoughtItems.length > 0)
        blocks.push({ kind: "thinking", items: thoughtItems });
      if (progressItems.length > 0)
        blocks.push({ kind: "steps", items: progressItems });
      if (html) blocks.push({ kind: "content", html });
    
      return blocks;
    }
    
    function buildMessageTimeline(
      message?: Message,
      html = "",
    ): TimelineBlock[] {
      return buildTimeline(
        thoughtItemsFromMessage(message),
        progressItemsFromMessage(message),
        html,
        message?.parts,
      );
    }
    
    function buildStreamingTimeline(
      streaming?: StreamingState,
      html = "",
    ): TimelineBlock[] {
      return buildTimeline(
        thoughtItemsFromStreaming(streaming),
        progressItemsFromStreaming(streaming),
        html,
      );
    }
    
    
    
    
    const MAX_VISIBLE_COMPLETED_ACTIVITY = 5;
    
    type MessageViewState = {
      showActivityDetails: boolean;
      showThinkingDetails: boolean;
      showAllCompletedActivity: boolean;
      showInternalActivity: boolean;
    };
    
    type DisplayEvent = {
      key: string;
      kind: "activity" | "reasoning";
      label: string;
      summary: string;
      description?: string;
      detail?: string;
      status: "pending" | "done" | "error";
      source?: "stream" | "final" | "raw_debug";
      partType?: string;
      internal?: boolean;
      filePath?: string;
      diffStats?: { added: number; deleted: number };
      activityDetail?: ActivityDetail;
      viewDiffFile?: string;
      isImportant?: boolean;
      updateCount: number;
    };
    
    function sourceFromThoughtKey(
      key: string,
    ): "stream" | "final" | "raw_debug" | undefined {
      if (key.startsWith("stream-")) return "stream";
      if (key.startsWith("evt-")) return "final";
      if (key.startsWith("raw-")) return "raw_debug";
      return undefined;
    }
    
    function subagentStatusLabel(status: SubagentSummary["status"]): string {
      switch (status) {
        case "done":
          return "Completed";
        case "running":
          return "Running";
        case "error":
          return "Error";
        case "orphaned":
          return "Orphaned";
        case "pending":
        default:
          return "Pending";
      }
    }
    
    function subagentAgentLabel(
      subagent: SubagentSummary,
      detail?: SubagentDetail,
    ): string {
      // Try explicit agent ID first
      if (subagent.agentId || detail?.agentId) {
        return subagent.agentId || detail?.agentId || "Unknown Agent";
      }
    
      // For orphaned subagents, use childSessionId for unique identifier
      if (subagent.childSessionId && subagent.status === 'orphaned') {
        // Use last 8 chars of child session ID for a unique but readable identifier
        return `Agent ${subagent.childSessionId.slice(-8)}`;
      }
    
      // Last resort: use first 4 chars of subagent ID
      return `Agent ${subagent.id.slice(0, 4)}`;
    }
    
    function subagentModelLabel(
      subagent: SubagentSummary,
      detail?: SubagentDetail,
    ): string {
      const provider = subagent.providerID || detail?.providerID;
      const model = subagent.modelID || detail?.modelID;
      if (provider && model) {
        return `${provider}/${model}`;
      }
      return model || provider || "model pending";
    }
    
    function TypewriterText({
      text,
      className,
      speed = 30,
    }: {
      text: string;
      className?: string;
      speed?: number;
    }) {
      const [displayedText, setDisplayedText] = useState("");
      const [complete, setComplete] = useState(false);
    
      useEffect(() => {
        setDisplayedText("");
        setComplete(false);
        let i = 0;
        const timer = setInterval(() => {
          if (i < text.length) {
            setDisplayedText(text.slice(0, i + 1));
            i++;
          } else {
            clearInterval(timer);
            setComplete(true);
          }
        }, speed);
        return () => clearInterval(timer);
      }, [text, speed]);
    
      return (
        <span className={cn(className, !complete && "after:content-['|'] after:ml-0.5 after:animate-pulse")}>
          {displayedText}
        </span>
      );
    }
    
    function FadeSwapText({
      text,
      className,
      durationMs = 180,
      useTypewriter = false,
    }: {
      text: string;
      className?: string;
      durationMs?: number;
      useTypewriter?: boolean;
    }) {
      const [displayText, setDisplayText] = useState(text);
      const [isFadingOut, setIsFadingOut] = useState(false);
    
      useEffect(() => {
        if (text === displayText) {
          return;
        }
    
        setIsFadingOut(true);
        const outDuration = Math.max(60, Math.round(durationMs * 0.45));
        const outTimer = window.setTimeout(() => {
          setDisplayText(text);
          requestAnimationFrame(() => setIsFadingOut(false));
        }, outDuration);
    
        return () => window.clearTimeout(outTimer);
      }, [text, displayText, durationMs]);
    
      return (
        <span
          className={cn(
            "transition-all will-change-[opacity,transform]",
            isFadingOut ? "opacity-0 translate-y-0.5" : "opacity-100 translate-y-0",
            className,
          )}
          style={{ transitionDuration: `${durationMs}ms` }}
        >
          {useTypewriter ? (
            <TypewriterText text={displayText} speed={40} />
          ) : (
            displayText
          )}
        </span>
      );
    }
    
    const THINKING_LOADING_TEXTS = [
      "Bribing the intern to type faster…",
      "Download more RAM…",
      "Checking for typos I made up…",
      "Looking busy…",
      "Locating the 'any' key…",
      "Brewing virtual coffee…",
      "Herding the bits…",
      "Updating the flux capacitor…",
      "Waiting for the magic smoke to clear…",
      "Generating witty loading messages…",
      "Untangling the spaghetti code…",
      "Asking StackOverflow…",
      "Convincing the compiler to cooperate…",
      "Reversing the polarity…",
    ];
    
    function ThinkingStatusTicker({ className }: { className?: string }) {
      const [messageIndex, setMessageIndex] = useState(() =>
        Math.floor(Math.random() * THINKING_LOADING_TEXTS.length),
      );
    
      useEffect(() => {
        if (THINKING_LOADING_TEXTS.length <= 1) {
          return;
        }
        const timer = window.setInterval(() => {
          setMessageIndex((current) => {
            let next = current;
            while (next === current) {
              next = Math.floor(Math.random() * THINKING_LOADING_TEXTS.length);
            }
            return next;
          });
        }, 2400); // Increased interval for typewriter to complete
    
        return () => window.clearInterval(timer);
      }, []);
    
      return (
        <div
          className={cn(
            "inline-flex items-center font-mono text-[11px]",
            className,
          )}
        >
          <FadeSwapText
            text={THINKING_LOADING_TEXTS[messageIndex]}
            className="italic opacity-85 tracking-wide oc-glowing-text"
            durationMs={220}
            useTypewriter={true}
          />
        </div>
      );
    }
    
    function latestNonEmptyLine(text: string): string {
      const lines = text
        .split(/\r?\n/)
        .map((line) => line.trim())
        .filter(Boolean);
      return lines[lines.length - 1] ?? "";
    }
    
    function parseTimelineStepTitle(rawTitle: string): {
      label: string;
      summary: string;
    } {
      const stripTrailingEllipsis = (value: string) =>
        value.replace(/\s*(?:\.{3}|…)\s*$/u, "").trim();
      const trimOptional = (value?: string) => value?.trim() || "";
      const title = rawTitle.trim();
      if (!title) {
        return { label: "event", summary: "Activity update" };
      }
    
      const runningMatch = title.match(
        /^running(?::\s*|\s+)([a-z0-9_.-]+)(?:\s+(.*))?$/is,
      );
      if (runningMatch) {
        const label = stripTrailingEllipsis(
          runningMatch[1]?.toLowerCase() || "tool",
        );
        const summary = stripTrailingEllipsis(trimOptional(runningMatch[2]));
        return { label, summary };
      }
    
      const bashMatch = title.match(/^bash(?::\s*|\s+)(.*)/is);
      if (bashMatch) {
        return {
          label: "bash",
          summary: stripTrailingEllipsis(trimOptional(bashMatch[1])),
        };
      }
    
      const readMatch = title.match(/^read(?::\s*|\s+)(.*)/is);
      if (readMatch) {
        return {
          label: "read",
          summary: stripTrailingEllipsis(trimOptional(readMatch[1])),
        };
      }
    
      const writeMatch = title.match(
        /^(edit|write|modify|update|patch)(?::\s*|\s+)(.*)/is,
      );
      if (writeMatch) {
        const label = stripTrailingEllipsis(writeMatch[1]?.toLowerCase() || "edit");
        const summary = stripTrailingEllipsis(trimOptional(writeMatch[2]));
        return { label, summary };
      }
    
      const thinkMatch = title.match(/^think(?:ing)?(?::\s*|\s+)?(.*)/is);
      if (thinkMatch) {
        return {
          label: "thinking",
          summary: stripTrailingEllipsis(trimOptional(thinkMatch[1])),
        };
      }
    
      // Hydrated history can include compact tool titles as a single token
      // (for example "read_file" or "shell"). Keep these as explicit labels
      // instead of collapsing to a generic "event" chip.
      const singleToken = stripTrailingEllipsis(title.toLowerCase());
      if (/^[a-z][a-z0-9_.-]{1,40}$/.test(singleToken)) {
        return { label: singleToken, summary: "" };
      }
    
      const spaceIdx = title.indexOf(" ");
      if (spaceIdx > 0 && spaceIdx <= 12) {
        const label = stripTrailingEllipsis(title.slice(0, spaceIdx).toLowerCase());
        const summary = stripTrailingEllipsis(
          trimOptional(title.slice(spaceIdx + 1)),
        );
        return { label, summary };
      }
    
      return { label: "event", summary: stripTrailingEllipsis(title) };
    }
    
    function buildDisplayEvents(
      timelineBlocks: TimelineBlock[],
      message: Message | undefined,
      isStreamingActive: boolean,
    ): DisplayEvent[] {
      const stripTrailingEllipsis = (value?: string) =>
        (value || "").replace(/\s*(?:\.{3}|…)\s*$/u, "").trim();
      const normalizePathForMatch = (value?: string) =>
        (value || "").replace(/\\/g, "/").toLowerCase();
    
      // Clean event labels - remove unwanted prefixes and filter out system noise
      const cleanEventLabel = (label: string): string => {
        const cleaned = label
          .replace(/^final\s+/i, '') // Remove "Final" prefix
          .replace(/^step\s+/i, '') // Remove "Step" prefix
          .trim();
    
        // Filter out system noise events
        const lowerCleaned = cleaned.toLowerCase();
        if (
          lowerCleaned === 'starting' ||
          lowerCleaned === 'finishing' ||
          lowerCleaned.startsWith('starting ') ||
          lowerCleaned.startsWith('finishing ') ||
          lowerCleaned.includes('starting...') ||
          lowerCleaned.includes('finishing...')
        ) {
          return ''; // Return empty to filter out
        }
    
        return cleaned || label;
      };
    
      const rawEvents: DisplayEvent[] = [];
    
      for (const block of timelineBlocks) {
        if (block.kind === "content") {
          continue;
        }
    
        if (block.kind === "thinking") {
          for (const item of block.items) {
            const text = (item.text || "").trim();
            if (!text) continue;
            rawEvents.push({
              key: `reasoning-${item.key}`,
              kind: "reasoning",
              label: "Reasoning",
              summary: text,
              status: "done",
              source: sourceFromThoughtKey(item.key),
              isImportant: false,
              updateCount: 1,
            });
          }
          continue;
        }
    
        for (const event of block.items) {
          const rawTitle = event.title || "";
          const parsed = parseTimelineStepTitle(rawTitle);
          const cleanedRawTitle = stripTrailingEllipsis(rawTitle);
          const activityDetail = event.activityDetail;
          const source = event.source;
          const partType = event.partType;
          const internal = Boolean(event.internal);
          let filePath = event.filePath || activityDetail?.file;
          if (
            !filePath &&
            /edit|writ|modif|updat|patch/i.test(rawTitle) &&
            message?.edits?.length
          ) {
            filePath = message.edits[0].file;
          }
    
          const fileName = filePath ? filePath.split(/[/\\]/).pop() : undefined;
          const fallbackEdit = Array.isArray(message?.edits)
            ? filePath
              ? message.edits.find(
                (edit) =>
                  normalizePathForMatch(edit?.file) ===
                  normalizePathForMatch(filePath),
              )
              : message.edits[0]
            : undefined;
          const fallbackDiffStats =
            fallbackEdit &&
              (typeof fallbackEdit.added === "number" ||
                typeof fallbackEdit.deleted === "number")
              ? {
                added: Math.max(0, Number(fallbackEdit.added) || 0),
                deleted: Math.max(0, Number(fallbackEdit.deleted) || 0),
              }
              : undefined;
          const detailDiffStats =
            activityDetail?.diffExcerpt &&
              (typeof activityDetail.diffExcerpt.added === "number" ||
                typeof activityDetail.diffExcerpt.deleted === "number")
              ? {
                added: Math.max(0, Number(activityDetail.diffExcerpt.added) || 0),
                deleted: Math.max(0, Number(activityDetail.diffExcerpt.deleted) || 0),
              }
              : undefined;
          const diffStats = event.diffStats || fallbackDiffStats || detailDiffStats;
    
          const metaText = stripTrailingEllipsis(event.meta);
          const summary = filePath
            ? fileName || filePath
            : activityDetail?.summary ||
            parsed.summary ||
            metaText ||
            (parsed.label === "event" ? cleanedRawTitle : "");
          const description =
            filePath || parsed.summary || activityDetail?.summary
              ? metaText || activityDetail?.command || activityDetail?.query
              : metaText && metaText !== summary
                ? metaText
                : undefined;
          const detail =
            filePath && fileName && filePath !== fileName ? filePath : undefined;
          const viewDiffFile =
            event.status === "done" &&
              (diffStats || /edit|writ|modif|updat|patch/i.test(rawTitle))
              ? filePath || message?.edits?.[0]?.file
              : undefined;
          const metadataFirstLabel =
            stripTrailingEllipsis(
              (activityDetail?.tool || "").toLowerCase() ||
              (activityDetail?.kind || "").toLowerCase() ||
              (partType || "").toLowerCase(),
            ) || parsed.label;
    
          const cleanedLabel = cleanEventLabel(metadataFirstLabel);
    
          // Skip filtered events (like starting/finishing)
          if (!cleanedLabel) {
            continue;
          }
    
          rawEvents.push({
            key: event.key,
            kind: "activity",
            label: cleanedLabel,
            summary: summary || cleanedRawTitle || "Activity update",
            description,
            detail: detail || undefined,
            status: event.status,
            source,
            partType,
            internal,
            filePath,
            diffStats,
            activityDetail,
            viewDiffFile,
            isImportant: Boolean(
              event.status === 'error' ||
              (event.status === 'done' && (filePath || diffStats || viewDiffFile)) ||
              cleanedLabel === 'error'
            ),
            updateCount: 1,
          });
        }
      }
    
      const collapsed: DisplayEvent[] = [];
      for (const event of rawEvents) {
        const previous = collapsed[collapsed.length - 1];
    
        const isDuplicate =
          !!previous &&
          previous.kind === event.kind &&
          previous.label === event.label &&
          previous.summary === event.summary &&
          previous.status === event.status &&
          (previous.filePath ?? "") === (event.filePath ?? "") &&
          (previous.source ?? "") === (event.source ?? "") &&
          (previous.internal ?? false) === (event.internal ?? false);
    
        if (!isDuplicate || !previous) {
          collapsed.push({ ...event });
          continue;
        }
    
        previous.updateCount += 1;
        if (event.description) previous.description = event.description;
        if (event.detail) previous.detail = event.detail;
        if (event.diffStats) previous.diffStats = event.diffStats;
        if (event.activityDetail) previous.activityDetail = event.activityDetail;
        if (event.viewDiffFile) previous.viewDiffFile = event.viewDiffFile;
        if (event.partType) previous.partType = event.partType;
        if (event.source) previous.source = event.source;
        previous.internal = Boolean(previous.internal || event.internal);
      }
    
      if (isStreamingActive) {
        let latestPendingIndex = -1;
        for (let index = collapsed.length - 1; index >= 0; index -= 1) {
          if (collapsed[index].status === "pending") {
            latestPendingIndex = index;
            break;
          }
        }
    
        if (latestPendingIndex > 0) {
          for (let index = 0; index < latestPendingIndex; index += 1) {
            if (collapsed[index].status === "pending") {
              collapsed[index].status = "done";
            }
          }
        }
      }
    
      return collapsed;
    }
    
    
    
    export const SystemMessage = memo(function SystemMessage({
      content,
      accentColor = "var(--oc-accent)",
    }: {
      content: string;
      accentColor?: string;
    }) {
      return (
        <div className="oc-message-enter mb-6 px-4">
          <div className="opacity-90 transition-opacity hover:opacity-100">
            <div
              className="rounded-r-md border-l pr-2"
              style={{
                borderLeftColor: accentColor,
                backgroundColor: `color-mix(in srgb, ${accentColor} 4%, transparent)`,
              }}
            >
              <pre
                className="max-h-[220px] overflow-y-auto whitespace-pre-wrap break-words bg-transparent py-1 pl-4 pr-2 font-mono text-[10.5px] leading-6 tracking-[0.01em] text-[#aeb7d8] select-text sm:pl-5"
              >
                {content}
              </pre>
            </div>
          </div>
        </div>
      );
    });
    
    export const UserMessage = memo(function UserMessage({ message }: { message?: Message }) {
      const [previewImageSrc, setPreviewImageSrc] = useState<string | null>(null);
      const userMessageRef = useRef<HTMLDivElement>(null);
      const content = normalizedUserMessageText(message);
      const fileChips = (message?.parts ?? [])
        .map((part) => part.filename ?? part.source?.path)
        .filter((value): value is string => !!value);
      const hasImages = Array.isArray(message?.images) && message.images.length > 0;
    
      useEffect(() => {
        const root = userMessageRef.current;
        if (!root) return;
    
        const onClick = (event: MouseEvent) => {
          const target = event.target;
          if (!(target instanceof HTMLImageElement)) return;
    
          const src = target.currentSrc || target.src;
          if (!src) return;
          setPreviewImageSrc(src);
        };
    
        root.addEventListener("click", onClick);
        return () => root.removeEventListener("click", onClick);
      }, []);
    
      if (!message) return null;
    
      if (isPlanProceedMessageContent(content)) {
        return (
          <div className="oc-message-enter mb-5 px-4 flex justify-end">
            <div className="flex items-center gap-1.5 rounded-full border border-oc-green/30 bg-oc-green/10 px-3 py-1.5 text-oc-xs text-oc-green">
              <Check className="h-3.5 w-3.5" />
              <span className="font-medium">Plan Approved</span>
            </div>
          </div>
        );
      }
    
    
      if (!content && fileChips.length === 0 && !hasImages) {
        return null;
      }
    
      return (
        <div className="oc-message-enter mb-5 flex items-end justify-end gap-2.5 px-4">
          <div className="w-fit max-w-[78%]">
            <div className="oc-msg-user" ref={userMessageRef}>
              <div className="whitespace-pre-wrap text-xs leading-relaxed">
                {content && (() => {
                  const match = content.match(/^(\/[a-zA-Z0-9_-]+)(.*)$/s);
                  if (match) {
                    return (
                      <>
                        <span className="text-oc-accent font-medium">{match[1]}</span>
                        {match[2]}
                      </>
                    );
                  }
                  return content;
                })()}
              </div>
              {fileChips.length > 0 && (
                <div className="mt-2 flex flex-wrap gap-1">
                  {fileChips.map((file) => (
                    <span
                      key={file}
                      className="rounded-md border oc-accent-border-faint px-2 py-0.5 text-oc-2xs font-mono text-oc-text-soft opacity-70"
                    >
                      {file}
                    </span>
                  ))}
                </div>
              )}
              {message.images && message.images.length > 0 && (
                <div className="mt-2 flex flex-wrap gap-2">
                  {message.images.map((src: string) => (
                    <img
                      key={src}
                      src={src}
                      alt="attachment"
                      className="max-h-20 rounded-lg border border-oc-border cursor-zoom-in"
                    />
                  ))}
                </div>
              )}
            </div>
          </div>
          <ImagePreviewModal
            isOpen={previewImageSrc !== null}
            imageSrc={previewImageSrc}
            imageAlt="Message image"
            title="Image Preview"
            onClose={() => setPreviewImageSrc(null)}
          />
        </div>
      );
    });
    
    /**
     * Type-safe helper to get agent name from message or streaming state.
     * Checks multiple possible locations for the agent name to support both
     * persisted messages and real-time streaming.
     */
    function getAgentName(
      message: Message | undefined,
      streaming: StreamingState | undefined,
    ): string {
      if (message?.info?.agent && typeof message.info.agent === "string") {
        return message.info.agent;
      }
    
      if (message && "agent" in message) {
        const agent = (message as Record<string, unknown>).agent;
        if (typeof agent === "string" && agent) {
          return agent;
        }
      }
    
      if (streaming?.agent && typeof streaming.agent === "string") {
        return streaming.agent;
      }
    
      return "assistant";
    }
    
    /**
     * Type-safe helper to get token usage info from message.
     * Returns undefined for streaming state since tokens aren't available until completion.
     */
    function getTokenInfo(message: Message | undefined):
      | {
        input?: number;
        output?: number;
        reasoning?: number;
        cache?: { read?: number; write?: number };
      }
      | undefined {
      if (!message) {
        return undefined;
      }
    
      if (message.info?.tokens) {
        return message.info.tokens;
      }
    
      if ("tokens" in message) {
        const tokens = (message as Record<string, unknown>).tokens;
        if (tokens && typeof tokens === "object") {
          return tokens as {
            input?: number;
            output?: number;
            reasoning?: number;
            cache?: { read?: number; write?: number };
          };
        }
      }
    
      return undefined;
    }
    
    /**
     * Type-safe helper to get duration from message or streaming state.
     */
    function getDuration(
      message: Message | undefined,
      streaming: StreamingState | undefined,
    ): number | undefined {
      if (
        streaming?.usage?.duration !== undefined &&
        typeof streaming.usage.duration === "number"
      ) {
        return streaming.usage.duration;
      }
    
      if (!message) {
        return undefined;
      }
    
      if (
        message.info?.duration !== undefined &&
        typeof message.info.duration === "number"
      ) {
        return message.info.duration;
      }
    
      if ("duration" in message) {
        const duration = (message as Record<string, unknown>).duration;
        if (typeof duration === "number") {
          return duration;
        }
      }
    
      if (message.timing && "duration" in message.timing) {
        const timingDuration = message.timing.duration;
        if (typeof timingDuration === "number") {
          return timingDuration;
        }
      }
    
      return undefined;
    }
    
    const AssistantMessageInner = memo(function AssistantMessageInner({
      message,
      streaming,
      isContiguous,
      subagentsByParentMessageId,
      subagentDetailsById,
      availableAgents,
      todoItems = [],
    }: {
      message?: Message;
      streaming?: StreamingState;
      isContiguous?: boolean;
      subagentsByParentMessageId: AppState["subagentsByParentMessageId"];
      subagentDetailsById: AppState["subagentDetailsById"];
      availableAgents: AppState["availableAgents"];
      todoItems?: AppState["todoItems"];
    }) {
      const dispatch = useAppDispatch();
      const state = useAppState();
      const [showSubagents, setShowSubagents] = useState(true);
      const [showAllSubagents, setShowAllSubagents] = useState(false);
      const [selectedSubagentId, setSelectedSubagentId] = useState<string | null>(
        null,
      );
      const [copied, setCopied] = useState(false);
      const [previewImageSrc, setPreviewImageSrc] = useState<string | null>(null);
      const messageBodyRef = useRef<HTMLDivElement>(null);
      const progressTimelineRef = useRef<HTMLDivElement>(null);
      const content = getMessageContent(message, streaming);
      const liveInteractivePrompt = useMemo(
        () => questionPromptFromInteractiveEvents(state.interactiveEvents),
        [state.interactiveEvents],
      );
      const shouldUseInteractivePromptFallback =
        !!streaming?.isActive &&
        content.trim().length === 0 &&
        !!liveInteractivePrompt;
      const resolvedContent = shouldUseInteractivePromptFallback
        ? (liveInteractivePrompt ?? "")
        : content;
      const thoughtItems = useMemo(
        () =>
          streaming
            ? thoughtItemsFromStreaming(streaming)
            : thoughtItemsFromMessage(message),
        [streaming, message],
      );
      const progressItems = useMemo(
        () =>
          streaming
            ? progressItemsFromStreaming(streaming)
            : progressItemsFromMessage(message),
        [streaming, message],
      );
    
      /** Unified chronological list of timeline blocks to render. */
      const timelineBlocks = useMemo<TimelineBlock[]>(() => {
        return buildTimeline(
          thoughtItems,
          progressItems,
          resolvedContent,
          message?.parts,
        );
      }, [thoughtItems, progressItems, resolvedContent, message?.parts]);
      const isStreamingActive = !!streaming?.isActive;
      const displayEvents = useMemo(
        () => buildDisplayEvents(timelineBlocks, message, isStreamingActive),
        [timelineBlocks, message, isStreamingActive],
      );
      const info = message?.info;
      const messageRec = asRecord(message);
      const infoRec = asRecord(messageRec?.info);
      const structured = asRecord(messageRec?.structuredOutput) || asRecord(infoRec?.structuredOutput);
      const responseType = firstNonEmptyString(message?.responseType, structured?.responseType)?.toLowerCase();
      const plan = responseType === "implementation_plan" ? message?.plan : undefined;
      const messageId = info?.id || message?.id || streaming?.messageId;
    
      useEffect(() => {
        const partsBody = messageBodyFromParts(message?.parts);
        const structuredMessage = firstNonEmptyString(structured?.message) ?? "";
        const topLevelContent = (message?.content ?? message?.text ?? "").trim();
        const streamingContent = (streaming?.content ?? "").trim();
        const finalContent = (resolvedContent ?? "").trim();
        const finalNorm = normalizeComparableText(finalContent);
        const sourceMatch = {
          parts: !!partsBody && normalizeComparableText(partsBody) === finalNorm,
          structuredMessage:
            !!structuredMessage &&
            normalizeComparableText(structuredMessage) === finalNorm,
          topLevel:
            !!topLevelContent &&
            normalizeComparableText(topLevelContent) === finalNorm,
          streaming:
            !!streamingContent &&
            normalizeComparableText(streamingContent) === finalNorm,
        };
    
        console.info("[OpenCode][assistant-render-source]", {
          messageId: messageId ?? null,
          role: message?.role ?? message?.info?.role ?? null,
          responseType: responseType ?? null,
          hasParts: Array.isArray(message?.parts) && message.parts.length > 0,
          streamingActive: !!streaming?.isActive,
          streamingHasRenderableContent: streaming?.hasRenderableContent ?? null,
          usedInteractivePromptFallback: shouldUseInteractivePromptFallback,
          sourceMatch,
          finalContentPreview: finalContent.slice(0, 240),
          partsPreview: partsBody.slice(0, 240),
          structuredMessagePreview: structuredMessage.slice(0, 240),
          topLevelPreview: topLevelContent.slice(0, 240),
          streamingPreview: streamingContent.slice(0, 240),
          interactivePromptPreview: (liveInteractivePrompt ?? "").slice(0, 240),
        });
      }, [
        resolvedContent,
        messageId,
        responseType,
        message?.role,
        message?.info?.role,
        message?.content,
        message?.text,
        message?.parts,
        structured?.message,
        streaming?.content,
        streaming?.isActive,
        streaming?.hasRenderableContent,
        shouldUseInteractivePromptFallback,
        liveInteractivePrompt,
      ]);
      const latestAssistantMessageId = useMemo(() => {
        for (let index = state.messages.length - 1; index >= 0; index--) {
          const candidate = state.messages[index];
          const role = candidate.role ?? candidate.info?.role ?? "user";
          if (role === "assistant") {
            return candidate.info?.id ?? candidate.id;
          }
        }
        return undefined;
      }, [state.messages]);
      const isLatestAssistantMessage =
        !!messageId && latestAssistantMessageId === messageId;
      const [viewState, setViewState] = useState<MessageViewState>({
        showActivityDetails: false,
        showThinkingDetails: false,
        showAllCompletedActivity: false,
        showInternalActivity: false,
      });
      const hasCompletedCondensedActivity =
        !isStreamingActive &&
        !isLatestAssistantMessage &&
        displayEvents.length > MAX_VISIBLE_COMPLETED_ACTIVITY &&
        !viewState.showAllCompletedActivity;
      const visibleDisplayEvents = hasCompletedCondensedActivity
        ? displayEvents.slice(-MAX_VISIBLE_COMPLETED_ACTIVITY)
        : displayEvents;
      const userFacingDisplayEvents = visibleDisplayEvents.filter(
        (event) => !event.internal,
      );
      const internalDisplayEvents = visibleDisplayEvents.filter(
        (event) => event.internal,
      );
      const timelineDisplayEvents =
        viewState.showInternalActivity && internalDisplayEvents.length > 0
          ? visibleDisplayEvents
          : userFacingDisplayEvents;
      const hiddenActivityEventCount = Math.max(
        0,
        displayEvents.length - visibleDisplayEvents.length,
      );
      const activityStatusCounts = useMemo(
        () =>
          userFacingDisplayEvents.reduce(
            (acc, event) => {
              if (event.status === "error") acc.error += 1;
              else if (event.status === "done") acc.done += 1;
              else acc.pending += 1;
              return acc;
            },
            { pending: 0, done: 0, error: 0 },
          ),
        [userFacingDisplayEvents],
      );
      const shouldShowTodoInlineSummary =
        todoItems.length > 0 &&
        (!latestAssistantMessageId || latestAssistantMessageId === messageId);
      const { planStatus, isRevisedPlan } = useMemo(() => {
        let status: "Draft" | "Executing" | "Revision Requested" | undefined;
        let revised = false;
    
        if (plan) {
          status = "Draft"; // Default
          const msgIndex = state.messages.findIndex(
            (m) => m === message || (messageId && (m.info?.id === messageId || m.id === messageId))
          );
    
          if (msgIndex !== -1) {
            // Did user ask for a revision before this plan was generated?
            for (let i = msgIndex - 1; i >= 0; i--) {
              const m = state.messages[i];
              if (m.role === "user") {
                const text = normalizedUserMessageText(m);
                if (isPlanRevisionMessageContent(text)) {
                  revised = true;
                }
                break;
              }
            }
    
            // Did user approve or request revision on this plan?
            for (let i = msgIndex + 1; i < state.messages.length; i++) {
              const m = state.messages[i];
              if (m.role === "assistant" && m.plan) {
                break; // Stop checking if a new plan was spawned
              }
              if (m.role === "user") {
                const text = normalizedUserMessageText(m);
                if (isPlanProceedMessageContent(text)) {
                  status = "Executing";
                  break;
                } else if (isPlanRevisionMessageContent(text)) {
                  status = "Revision Requested";
                  break;
                }
              }
            }
          }
        }
        return { planStatus: status, isRevisedPlan: revised };
      }, [plan, message, messageId, state.messages]);
    
      // Merge subagents from message data and from the store lookup by parent message ID.
      // Prefer store-scoped entries so subagent cards cannot bleed into unrelated messages.
      const subagents = useMemo(() => {
        const fromStore = (
          messageId ? (subagentsByParentMessageId[messageId] ?? []) : []
        ).filter((subagent: SubagentSummary) => {
          if (!messageId) {
            return true;
          }
          return subagent.parentMessageId === messageId;
        });
        const fromMessage = (
          Array.isArray(message?.subagents) ? message.subagents : []
        ).filter((subagent: SubagentSummary) => {
          if (!messageId) {
            return true;
          }
          return subagent.parentMessageId === messageId;
        });
    
        if (fromStore.length === 0) return fromMessage;
        if (fromMessage.length === 0) return fromStore;
    
        // Merge: store entries take precedence (more up-to-date), then append
        // message-scoped entries not yet in the store snapshot.
        const storeIds = new Set(fromStore.map((s: SubagentSummary) => s.id));
        const extra = fromMessage.filter((s) => !storeIds.has(s.id));
        return [...fromStore, ...extra];
      }, [message, messageId, subagentsByParentMessageId]);
      const previousSubagentCount = useRef(subagents.length);
    
      useEffect(() => {
        const hasNewSubagent = subagents.length > previousSubagentCount.current;
        previousSubagentCount.current = subagents.length;
        if (streaming && hasNewSubagent) {
          setShowSubagents(true);
        }
      }, [streaming, subagents.length]);
      const visibleSubagents = showAllSubagents
        ? subagents
        : subagents.slice(0, 10);
    
      useEffect(() => {
        if (subagents.length === 0) {
          setSelectedSubagentId(null);
          dispatch({ type: "SELECT_SUBAGENT", payload: null });
        }
      }, [subagents.length, dispatch]);
    
      const subagentStatusCounts = useMemo(
        () =>
          subagents.reduce(
            (acc, subagent) => {
              const key = subagent.status;
              if (key === "running") acc.running += 1;
              else if (key === "done") acc.done += 1;
              else if (key === "error") acc.error += 1;
              else acc.pending += 1;
              return acc;
            },
            { pending: 0, running: 0, done: 0, error: 0 },
          ),
        [subagents],
      );
      const hasStreamingActivity = !!(
        streaming &&
        ((streaming.content && String(streaming.content).trim().length > 0) ||
          (streaming.reasoning && String(streaming.reasoning).trim().length > 0) ||
          (Array.isArray(streaming.reasoningEvents) &&
            streaming.reasoningEvents.length > 0) ||
          (Array.isArray(streaming.progressEvents) &&
            streaming.progressEvents.length > 0) ||
          (Array.isArray(streaming.steps) && streaming.steps.length > 0) ||
          subagents.length > 0)
      );
    
      const showStreamingLoading =
        !message && !!streaming?.isActive && !hasStreamingActivity;
    
      // Use type-safe helpers instead of type assertions
      const agentName = getAgentName(message, streaming);
      const agentColor = useMemo(() => {
        if (!agentName || agentName === "assistant") return undefined;
        const match = availableAgents.find(
          (a) =>
            a.id === agentName || a.name.toLowerCase() === agentName.toLowerCase(),
        );
        return match?.color ?? undefined;
      }, [agentName, availableAgents]);
      const modelName = useMemo(() => {
        if (streaming?.isActive) {
          if (streaming.model?.name) return streaming.model.name;
          if (streaming.providerID && streaming.modelID)
            return `${streaming.providerID}/${streaming.modelID}`;
          if (streaming.modelID) return streaming.modelID;
        }
        return modelLabel(message ?? ({} as Message));
      }, [message, streaming]);
      const tokens = getTokenInfo(message);
      const inputTok = tokens?.input ?? 0;
      const outputTok = tokens?.output ?? 0;
      const reasoningTok = tokens?.reasoning ?? 0;
      const cache = tokens?.cache;
      const cacheRead = cache?.read ?? 0;
      const cacheWrite = cache?.write ?? 0;
      const duration = getDuration(message, streaming);
      const hasTokens = inputTok > 0 || outputTok > 0 || reasoningTok > 0;
      const showThinkingPlaceholder =
        !streaming && thoughtItems.length === 0 && reasoningTok > 0;
      const thinkingPlaceholderText =
        "Reasoning tokens were used, but this provider did not expose reasoning text.";
      const { rawResponseText } = useMemo(() => {
        const maxRawDebugChars = 30000;
        const withCap = (value: string): string =>
          value.length > maxRawDebugChars
            ? `${value.slice(0, maxRawDebugChars)}\n...<truncated ${value.length - maxRawDebugChars
            } chars>`
            : value;
        const raw = message?.rawResponse;
        if (typeof raw === "undefined") {
          return {
            rawResponseText: "",
          };
        }
        if (typeof raw === "string") {
          return {
            rawResponseText: withCap(raw),
          };
        }
        try {
          return {
            rawResponseText: withCap(JSON.stringify(raw, null, 2)),
          };
        } catch {
          return {
            rawResponseText: withCap(String(raw)),
          };
        }
      }, [message?.rawResponse]);
      // Render raw debug whenever payload exists. Do not gate behind stream-debug
      // flags, otherwise streamed + hydrated sessions can silently hide rawResponse.
      const hasRawResponseDebug = rawResponseText.trim().length > 0;
      const hasThinkingEvents = useMemo(
        () => displayEvents.some((event) => event.kind === "reasoning"),
        [displayEvents],
      );
      const hasPrimaryResponseBody = resolvedContent.trim().length > 0 || !!plan;
      const hasResponseContent = hasPrimaryResponseBody || hasRawResponseDebug;
      const isAborted = message?.aborted === true;
      const structuredRetryError =
        !!message?.error &&
        (message.retryWithoutStructuredOutput === true ||
          isStructuredOutputFailureMessage(message.error));
      const plainTextFallback = message?.plainTextFallback === true;
      const plainTextFallbackTooltip = plainTextFallback
        ? [
          message.plainTextFallbackMessage ||
          "Structured output failed for this turn. Showing plain text response.",
          message.plainTextFallbackReason
            ? `Reason: ${message.plainTextFallbackReason}`
            : "",
        ]
          .filter(Boolean)
          .join("\n")
        : "";
      const isLiveStreamingCard = !message && !!streaming?.isActive;
      const responseBodyClass = isLiveStreamingCard
        ? "w-full"
        : "w-full";
      const markdownBodyClass = isLiveStreamingCard
        ? "w-full max-w-none"
        : "w-full";
      const showResponseSection = hasResponseContent || !!plan;
      const handleCopy = async () => {
        await navigator.clipboard.writeText(resolvedContent);
        setCopied(true);
        setTimeout(() => setCopied(false), 1200);
      };
      const retryLastMessage = (retryWithoutStructuredOutput: boolean) => {
        dispatch({ type: "SET_PROCESSING", payload: true });
        const targetMessageIndex = state.messages.findIndex((candidate) => {
          if (messageId) {
            const candidateId = candidate.info?.id ?? candidate.id;
            return candidateId === messageId;
          }
          return candidate === message;
        });
        if (targetMessageIndex >= 0) {
          let persistedPatchedMessage: Message | undefined;
          const nextMessages = state.messages.map((candidate, index) => {
            if (index !== targetMessageIndex) return candidate;
            const patched = patchMessageRetryState(
              candidate,
              retryWithoutStructuredOutput,
            );
            persistedPatchedMessage = patched;
            return patched;
          });
          dispatch({ type: "SET_MESSAGES", payload: nextMessages });
          if (state.currentSessionId && persistedPatchedMessage) {
            vscode.postMessage({
              type: "persistAssistantMessage",
              sessionId: state.currentSessionId,
              message: persistedPatchedMessage,
            });
          }
        }
        vscode.postMessage({
          type: "retryLastMessage",
          retryWithoutStructuredOutput,
        });
      };
      const openSubagentModal = (subagentId: string) => {
        setSelectedSubagentId(subagentId);
        dispatch({ type: "SELECT_SUBAGENT", payload: subagentId });
      };
    
      const closeSubagentModal = () => {
        setSelectedSubagentId(null);
        dispatch({ type: "SELECT_SUBAGENT", payload: null });
      };
      const copyRefs = async (detail: SubagentDetail) => {
        const refs = [
          `parentSessionID=${detail.parentSessionId}`,
          `parentMessageID=${detail.parentMessageId}`,
          detail.childSessionId ? `childSessionID=${detail.childSessionId}` : null,
          ...detail.references.map((ref, index) => {
            const parts = [
              ref.messageID ? `messageID=${ref.messageID}` : null,
              ref.partID ? `partID=${ref.partID}` : null,
              ref.callID ? `callID=${ref.callID}` : null,
            ].filter(Boolean);
            return parts.length > 0 ? `ref${index + 1}: ${parts.join(" ")}` : null;
          }),
        ]
          .filter((item): item is string => !!item)
          .join("\n");
        await navigator.clipboard.writeText(refs);
      };
    
      useEffect(() => {
        const root = messageBodyRef.current;
        if (!root) return;
    
        const onClick = (event: MouseEvent) => {
          const target = event.target;
          if (!(target instanceof HTMLImageElement)) return;
          if (!target.closest(".markdown-body")) return;
    
          const src = target.currentSrc || target.src;
          if (!src) return;
          setPreviewImageSrc(src);
        };
    
        root.addEventListener("click", onClick);
        return () => root.removeEventListener("click", onClick);
      }, []);
    
      const responseEnterClass = streaming
        ? "oc-assistant-streaming-enter"
        : "oc-assistant-response-enter";
    
      return (
        <div
          id={messageId ? `msg-${messageId}` : undefined}
          data-message-id={messageId || undefined}
          className={`oc-message-enter ${responseEnterClass} ${isContiguous ? "mb-4 mt-[-12px]" : "mb-5"} px-4`}
        >
          <div
            className={cn(
              "oc-msg-assistant",
            )}
            ref={messageBodyRef}
          >
            {!isContiguous && (
              <div className="mb-2.5 flex flex-wrap items-start justify-between gap-2">
                <div className="flex min-w-0 flex-1 flex-col gap-1.5 sm:flex-row sm:items-center sm:gap-2">
                  {showStreamingLoading ? (
                    <ThinkingStatusTicker className="text-[#4e648c]" />
                  ) : (
                    <>
                      <div className="oc-msg-header-left flex items-center gap-1.5 min-w-0">
                        <div
                          className="oc-agent-icon flex items-center justify-center rounded-md p-1"
                          style={
                            agentColor
                              ? { backgroundColor: `${agentColor}26` }
                              : { backgroundColor: "var(--oc-accent-soft)" }
                          }
                        >
                          <Zap
                            className="h-4 w-4"
                            style={
                              agentColor
                                ? { color: agentColor }
                                : { color: "var(--oc-accent)" }
                            }
                          />
                        </div>
                        <div className="flex min-w-0 flex-wrap items-center gap-2">
                          <span
                            className="oc-msg-agent-name font-semibold text-oc-sm truncate shrink-0"
                            style={
                              agentColor
                                ? {
                                  color: agentColor,
                                }
                                : undefined
                            }
                          >
                            {agentName !== "assistant" ? agentName : "AI"}
                          </span>
                          {modelName && modelName !== "assistant" && (
                            <div className="flex items-center gap-1.5 opacity-60 min-w-0 truncate">
                              <span className="text-oc-xs font-mono shrink-0">
                                •
                              </span>
                              <span className="oc-msg-model-label truncate text-oc-xs">
                                {modelName}
                              </span>
                            </div>
                          )}
                        </div>
                      </div>
                      {hasTokens && (
                        <div className="oc-msg-token-chips flex min-w-0 flex-wrap items-center gap-2 text-[11px] sm:ml-auto sm:text-[12px]">
                          {/* Prompt - Uses existing oc-yellow for warmth */}
                          <div className="group/token relative inline-flex items-center gap-2 px-2.5 py-1 rounded-lg border border-oc-border bg-oc-panel-soft hover:bg-oc-panel transition-all duration-200 cursor-help">
                            <div className="h-1 w-1 rounded-full bg-oc-yellow" />
                            <div className="flex items-baseline gap-1">
                              <span className="text-[10px] uppercase tracking-wide text-oc-text-muted">
                                prompt
                              </span>
                              <span className="font-mono font-medium text-oc-text tabular-nums">
                                {inputTok.toLocaleString()}
                              </span>
                            </div>
                          </div>
    
                          {/* Response - Uses oc-accent for primary action */}
                          <div className="group/token relative inline-flex items-center gap-2 px-2.5 py-1 rounded-lg border border-oc-border bg-oc-panel-soft hover:bg-oc-panel transition-all duration-200 cursor-help">
                            <div className="h-1 w-1 rounded-full bg-oc-accent" />
                            <div className="flex items-baseline gap-1">
                              <span className="text-[10px] uppercase tracking-wide text-oc-text-muted">
                                response
                              </span>
                              <span className="font-mono font-medium text-oc-text tabular-nums">
                                {outputTok.toLocaleString()}
                              </span>
                            </div>
                          </div>
    
                          {reasoningTok > 0 && (
                            <div className="group/token relative inline-flex items-center gap-2 px-2.5 py-1 rounded-lg border border-oc-border bg-oc-panel-soft hover:bg-oc-panel transition-all duration-200 cursor-help">
                              <div className="h-1 w-1 rounded-full bg-oc-amber-custom" />
                              <div className="flex items-baseline gap-1">
                                <span className="text-[10px] uppercase tracking-wide text-oc-text-muted">
                                  reasoning
                                </span>
                                <span className="font-mono font-medium text-oc-text tabular-nums">
                                  {reasoningTok.toLocaleString()}
                                </span>
                              </div>
                            </div>
                          )}
    
                          {cacheRead > 0 && (
                            <div className="group/token relative inline-flex items-center gap-2 px-2.5 py-1 rounded-lg border border-oc-border bg-oc-panel-soft hover:bg-oc-panel transition-all duration-200 cursor-help">
                              <div className="h-1 w-1 rounded-full bg-oc-green" />
                              <div className="flex items-baseline gap-1">
                                <span className="text-[10px] uppercase tracking-wide text-oc-text-muted">
                                  cache read
                                </span>
                                <span className="font-mono font-medium text-oc-text tabular-nums">
                                  {cacheRead.toLocaleString()}
                                </span>
                              </div>
                            </div>
                          )}
    
                          {cacheWrite > 0 && (
                            <div className="group/token relative inline-flex items-center gap-2 px-2.5 py-1 rounded-lg border border-oc-border bg-oc-panel-soft hover:bg-oc-panel transition-all duration-200 cursor-help">
                              <div className="h-1 w-1 rounded-full bg-oc-orange" />
                              <div className="flex items-baseline gap-1">
                                <span className="text-[10px] uppercase tracking-wide text-oc-text-muted">
                                  cache write
                                </span>
                                <span className="font-mono font-medium text-oc-text tabular-nums">
                                  {cacheWrite.toLocaleString()}
                                </span>
                              </div>
                            </div>
                          )}
    
                          {typeof duration === "number" && (
                            <div className="group/token relative inline-flex items-center gap-2 px-2.5 py-1 rounded-lg border border-oc-border bg-oc-panel-soft hover:bg-oc-panel transition-all duration-200">
                              <svg className="h-3 w-3 text-oc-text-muted opacity-70" viewBox="0 0 24 24" fill="none" stroke="currentColor" strokeWidth="2">
                                <circle cx="12" cy="12" r="10" />
                                <path d="M12 6v6l4 2" />
                              </svg>
                              <span className="font-mono text-oc-text-muted tabular-nums">
                                {duration.toFixed(1)}s
                              </span>
                            </div>
                          )}
                        </div>
                      )}
                    </>
                  )}
                </div>
                <div className="flex shrink-0 items-center gap-1">
                  {plainTextFallback && (
                    <span
                      className="inline-flex h-6 w-6 items-center justify-center rounded-md border border-oc-border text-oc-text-muted"
                      title={plainTextFallbackTooltip}
                    >
                      <AlertCircle className="h-3.5 w-3.5 text-oc-yellow" />
                    </span>
                  )}
                  <button
                    type="button"
                    className="oc-msg-copy-btn h-6 w-6"
                    onClick={handleCopy}
                    title="Copy message"
                  >
                    {copied ? (
                      <Check className="h-3 w-3 text-oc-green" />
                    ) : (
                      <Copy className="h-3 w-3" />
                    )}
                  </button>
                </div>
              </div>
            )}
    
            <div className="space-y-3">
              {shouldShowTodoInlineSummary && <TodoInlineSummary todoItems={todoItems} />}
    
              {(displayEvents.length > 0 || showThinkingPlaceholder) && (
                <section
                  data-assistant-section="activity"
                  className="rounded-md border border-oc-border bg-oc-panel-soft/40"
                >
                  <div className="flex flex-wrap items-center justify-between gap-2 px-3 py-2.5">
                    <div className="inline-flex items-center gap-1.5">
                      <span className="rounded border border-oc-border px-1.5 py-0.5 font-mono text-[10px] text-oc-text-muted">
                        {timelineDisplayEvents.length}
                      </span>
                      {hiddenActivityEventCount > 0 && (
                        <span className="text-xs text-oc-text-muted">
                      +{hiddenActivityEventCount} hidden
                        </span>
                      )}
                    </div>
    
                    <div className="flex flex-wrap items-center gap-1.5">
                      {activityStatusCounts.pending > 0 && (
                        <span className="rounded border border-oc-border px-1.5 py-0.5 font-mono text-[10px] text-oc-accent">
                          pending {activityStatusCounts.pending}
                        </span>
                      )}
                      {activityStatusCounts.done > 0 && (
                        <span className="rounded border border-oc-border px-1.5 py-0.5 font-mono text-[10px] text-oc-green">
                          done {activityStatusCounts.done}
                        </span>
                      )}
                      {activityStatusCounts.error > 0 && (
                        <span className="rounded border border-oc-border px-1.5 py-0.5 font-mono text-[10px] text-oc-red">
                          error {activityStatusCounts.error}
                        </span>
                      )}
                      <button
                        type="button"
                        className="rounded border border-oc-border px-1.5 py-0.5 font-mono text-[10px] text-oc-text-muted hover:text-oc-text-soft"
                        onClick={() =>
                          dispatch({
                            type: "TOGGLE_ACTIVITY_DETAILS",
                            payload: { messageId: message.id || messageId },
                          })
                        }
                      >
                        text {viewState.showActivityDetails ? "full" : "preview"}
                      </button>
                    </div>
                  </div>
    
                  <div className="border-t border-oc-border px-3 py-2.5">
                    {timelineDisplayEvents.length > 0 && (
                      <>
                        <Stepper
                          className="oc-refined-stepper max-h-[400px] overflow-y-auto pl-2"
                          ref={progressTimelineRef}
                          autoScrollToBottom={isStreamingActive}
                        >
                          {timelineDisplayEvents.map((event, index) => {
                            const isLast =
                              index === timelineDisplayEvents.length - 1;
                            const isLatestStreamingEvent =
                              isStreamingActive && isLast;
                            const indicatorNode = <StepIndicator status={event.status} />;
                            const fileName = event.filePath
                              ? event.filePath.split(/[/\\]/).pop()
                              : undefined;
                            const shouldShowDetail = viewState.showActivityDetails;
    
                            return (
                              <StepperItem
                                key={event.key}
                                isLast={isLast}
                                indicator={indicatorNode}
                                className={cn(
                                  "oc-refined-stepper-item group",
                                  isLatestStreamingEvent
                                    ? "is-streaming"
                                    : "",
                                )}
                              >
                                <ExpandableStep>
                                  <div className="flex min-w-0 flex-col items-start gap-2 w-full">
                                  <div className="flex items-center gap-2 flex-wrap">
                                    <span
                                      className={cn(
                                        "oc-refined-event-label",
                                        event.kind === "reasoning" && "reasoning",
                                        // event.kind === "activity" && "uppercase"
                                        event.kind === "activity" && "activity",
                                      )}
                                      data-operation={event.label.toLowerCase()}
                                    >
                                      {event.label}
                                    </span>
                                    {event.kind === "activity" && event.source && (
                                      <span className="oc-refined-meta-badge">
                                        {event.source === "raw_debug"
                                          ? "raw"
                                          : event.source}
                                      </span>
                                    )}
                                    {event.kind === "activity" && event.internal && (
                                      <span className="oc-refined-meta-badge">
                                        internal
                                      </span>
                                    )}
                                  </div>
    
                                  <span className="flex min-w-0 flex-1 flex-col gap-1 oc-refined-event-content w-full">
                                    {event.filePath ? (
                                      <button
                                        type="button"
                                        className="oc-refined-file-link"
                                        title={event.filePath}
                                        onClick={() =>
                                          vscode.postMessage({
                                            type: "openFile",
                                            file: event.filePath!,
                                          })
                                        }
                                      >
                                        <FileIcon filePath={event.filePath} />
                                        <span className="break-words whitespace-pre-wrap">
                                          {fileName || event.summary}
                                        </span>
                                      </button>
                                    ) : (
                                      event.summary && (
                                        <div
                                          className={cn(
                                            "oc-refined-event-summary",
                                            event.kind === "reasoning" &&
                                            !viewState.showThinkingDetails &&
                                            "line-clamp-2",
                                          )}
                                        >
                                          <MarkdownRenderer
                                            content={event.summary}
                                            className="markdown-body"
                                          />
                                        </div>
                                      )
                                    )}
    
                                    {/* Compact diff preview for write/edit operations */}
                                    {event.activityDetail?.diffExcerpt && (
                                      <CompactDiffPreview
                                        excerpt={event.activityDetail.diffExcerpt}
                                        filePath={event.filePath}
                                        maxLines={5}
                                      />
                                    )}
    
                                    {event.description && (
                                      <div className="oc-refined-event-content">
                                        <MarkdownRenderer
                                          content={event.description}
                                          className="markdown-body"
                                        />
                                      </div>
                                    )}
    
                                    {event.updateCount > 1 && (
                                      <span className="oc-refined-update-count">
                                        x{event.updateCount} updates
                                      </span>
                                    )}
    
                                    {shouldShowDetail && event.detail && (
                                      <div className="oc-refined-event-content">
                                        <MarkdownRenderer
                                          content={event.detail}
                                          className="markdown-body"
                                        />
                                      </div>
                                    )}
    
                                    {shouldShowDetail && event.activityDetail && (
                                      <div className="oc-refined-activity-details flex flex-col gap-2">
                                        <div className="flex flex-wrap items-center gap-2">
                                          {event.activityDetail.tool && (
                                            <span className="oc-refined-detail-badge">
                                              tool {event.activityDetail.tool}
                                            </span>
                                          )}
                                          {event.activityDetail.query && (
                                            <span className="oc-refined-detail-badge">
                                              query {event.activityDetail.query}
                                            </span>
                                          )}
                                        </div>
    
                                        {event.activityDetail.command && (
                                          <TerminalBlock command={event.activityDetail.command} />
                                        )}
    
                                        {event.activityDetail.diffExcerpt?.lines?.length ? (
                                          <ActivityDiffExcerpt excerpt={event.activityDetail.diffExcerpt} />
                                        ) : null}
                                      </div>
                                    )}
                                  </span>
    
                                  {event.diffStats &&
                                    (event.diffStats.added > 0 ||
                                      event.diffStats.deleted > 0) && (
                                      <span className="oc-refined-diff-stats">
                                        {event.diffStats.added > 0 && (
                                          <span className="oc-refined-diff-add">
                                            +{event.diffStats.added}
                                          </span>
                                        )}
                                        {event.diffStats.deleted > 0 && (
                                          <span className="oc-refined-diff-del">
                                            -{event.diffStats.deleted}
                                          </span>
                                        )}
                                      </span>
                                    )}
    
                                  {event.viewDiffFile && (
                                    <button
                                      type="button"
                                      className="shrink-0 rounded border border-oc-border px-2 py-0.5 text-[10px] font-medium text-oc-text-muted hover:text-oc-text-soft"
                                      onClick={() =>
                                        vscode.postMessage({
                                          type: "openDiff",
                                          file: event.viewDiffFile,
                                        })
                                      }
                                    >
                                      View diff
                                    </button>
                                  )}
                                </div>
                                </ExpandableStep>
                              </StepperItem>
                            );
                          })}
                        </Stepper>
    
                        {showThinkingPlaceholder && !hasThinkingEvents && (
                          <Stepper className="mt-2 max-h-[120px] overflow-y-auto pl-1 font-sans text-[12px]">
                            <StepperItem
                              isLast={true}
                              indicator={
                                <div className="h-2 w-2 rounded-full border border-oc-accent/70 bg-oc-accent/30 animate-pulse" />
                              }
                            >
                              <div className="flex min-w-0 items-start gap-2.5 pt-[3px]">
                                <span className="inline-block min-w-[64px] shrink-0 rounded border border-oc-border px-1.5 py-[3px] text-center font-mono text-[10px] font-semibold text-oc-text-muted">
                                  Reasoning
                                </span>
                                <span
                                  className={cn(
                                    "flex-1 whitespace-pre-wrap break-words text-[11px] text-oc-text-muted",
                                    !viewState.showThinkingDetails && "line-clamp-2",
                                  )}
                                >
                                  {thinkingPlaceholderText}
                                </span>
                              </div>
                            </StepperItem>
                          </Stepper>
                        )}
    
                        {!isStreamingActive &&
                          displayEvents.length >
                          MAX_VISIBLE_COMPLETED_ACTIVITY && (
                            <button
                              type="button"
                              className="mt-2 text-[11px] font-mono text-oc-accent hover:underline"
                              onClick={() =>
                                setViewState((prev) => ({
                                  ...prev,
                                  showAllCompletedActivity:
                                    !prev.showAllCompletedActivity,
                                }))
                              }
                            >
                              {hasCompletedCondensedActivity
                                ? "Show " +
                                hiddenActivityEventCount +
                                " older events"
                                : "Show fewer events"}
                            </button>
                          )}
                      </>
                    )}
                  </div>
                </section>
              )}
    
              {showResponseSection && (
                <section
                  data-assistant-section="response"
                  className="rounded-md border border-oc-border bg-background p-3.5 shadow-sm"
                >
                  {hasResponseContent && (
                    <div className={responseBodyClass}>
                      <MarkdownRenderer
                        content={resolvedContent}
                        className={markdownBodyClass}
                      />
                    </div>
                  )}
    
                  {plan && !message?.interactiveEvents?.length && (
                    <div
                      className={
                        hasResponseContent
                          ? "mt-3 pt-3 border-t border-oc-border/30"
                          : undefined
                      }
                    >
                      <div className="plan-card flex items-center justify-between gap-2">
                        <div className="flex flex-col gap-0.5 min-w-0">
                          <div className="flex flex-wrap items-center gap-2">
                            <div className="text-oc-xs font-semibold text-oc-text-soft uppercase tracking-widest font-mono">
                              {plan.title || "Implementation Plan"}
                            </div>
                            {isRevisedPlan && (
                              <span className="rounded bg-oc-blue/20 text-oc-blue px-1.5 py-0.5 text-[9px] font-bold uppercase tracking-wider">
                                Revised
                              </span>
                            )}
                            {planStatus === "Executing" && (
                              <span className="rounded bg-oc-green/20 text-oc-green px-1.5 py-0.5 text-[9px] font-bold uppercase tracking-wider">
                                Approved
                              </span>
                            )}
                            {planStatus === "Revision Requested" && (
                              <span className="rounded bg-oc-yellow/20 text-oc-yellow px-1.5 py-0.5 text-[9px] font-bold uppercase tracking-wider">
                                Revision Requested
                              </span>
                            )}
                            {planStatus === "Draft" && (
                              <span className="rounded border border-oc-border text-oc-text-muted px-1.5 py-0.5 text-[9px] font-bold uppercase tracking-wider">
                                Draft
                              </span>
                            )}
                          </div>
                          {plan.file ? (
                            <div className="flex items-center gap-1.5 text-[11px] font-mono text-oc-text-muted">
                              <FileIcon filePath={plan.file} />
                              <span className="truncate" title={plan.file}>{plan.file}</span>
                            </div>
                          ) : (
                            <div className="flex items-center gap-1.5 text-[11px] font-mono text-oc-text-muted/50 italic">
                              (no file)
                            </div>
                          )}
                        </div>
                        <button
                          type="button"
                          title="Core Feature: View Implementation Plan"
                          onClick={() => vscode.postMessage({ type: "viewPlan", plan })}
                          className="oc-plan-btn shrink-0"
                        >
                          <FileTextIcon className="h-3 w-3" />
                          View Plan
                        </button>
                      </div>
                    </div>
                  )}
    
                  {hasRawResponseDebug && (
                    <div
                      data-assistant-section="raw-response-debug"
                      className={
                        hasPrimaryResponseBody
                          ? "mt-3 pt-3 border-t border-oc-border/30"
                          : undefined
                      }
                    >
                      <div className="mb-1.5 flex items-center justify-between gap-2">
                        <div className="text-[11px] font-semibold uppercase tracking-[0.08em] text-oc-text-soft">
                          Raw Response (Debug)
                        </div>
                      </div>
                      <pre className="max-h-[260px] overflow-auto rounded border border-oc-border bg-oc-panel-soft/60 p-2 text-[11px] leading-relaxed text-oc-text-soft whitespace-pre-wrap break-words font-mono">
                        {rawResponseText}
                      </pre>
                    </div>
                  )}
    
                </section>
              )}
            </div>
    
            {isAborted && (
              <div className="mt-2">
                <AbortedBanner onRetry={() => retryLastMessage(false)} />
              </div>
            )}
    
            {message?.error && !structuredRetryError && !isAborted && (
              <div className="mt-2">
                {(() => {
                  const retryWithoutStructuredOutput =
                    message.retryWithoutStructuredOutput === true ||
                    isStructuredOutputFailureMessage(message.error);
                  return (
                    <ErrorBanner
                      message={message.error}
                      retryLabel={
                        retryWithoutStructuredOutput
                          ? "Retry Without Structured Output"
                          : "Retry"
                      }
                      retryHint={
                        retryWithoutStructuredOutput
                          ? "This will resend your last prompt as plain text (no json_schema)."
                          : undefined
                      }
                      onRetry={() => {
                        retryLastMessage(retryWithoutStructuredOutput);
                      }}
                    />
                  );
                })()}
              </div>
            )}
    
            {message?.retryState === "retrying_without_structured_output" && (
              <div className="mt-2">
                <InfoBanner
                  message={
                    message.retryMessage ||
                    "Retrying without structured output..."
                  }
                />
              </div>
            )}
    
            <ImagePreviewModal
              isOpen={previewImageSrc !== null}
              imageSrc={previewImageSrc}
              imageAlt="Conversation image"
              title="Image Preview"
              onClose={() => setPreviewImageSrc(null)}
            />
    
            {selectedSubagentId &&
              (() => {
                const selected = subagents.find(
                  (subagent) => subagent.id === selectedSubagentId,
                );
                if (!selected) return null;
    
                const detailData =
                  (subagentDetailsById[selected.id] as
                    | SubagentDetail
                    | undefined) ||
                  ({
                    ...selected,
                    thinkingEvents: [],
                    progressEvents: [],
                    timelineEvents: [],
                  } as SubagentDetail);
                const providerLabel = subagentModelLabel(selected, detailData);
                const displayTitle = subagentAgentLabel(selected, detailData);
    
                return (
                  <SubagentDetailModal
                    isOpen={Boolean(selectedSubagentId)}
                    title={displayTitle}
                    providerLabel={providerLabel}
                    detail={detailData}
                    colorClass={getSubagentColor(selected.id)}
                    onClose={closeSubagentModal}
                    onCopyRefs={copyRefs}
                    onJumpToParent={() =>
                      jumpToMessage(selected.parentMessageId || messageId || "")
                    }
                  />
                );
              })()}
    
            {subagents.length > 0 && (
              <div className="mt-3 mb-3 overflow-hidden rounded-md border border-oc-border bg-oc-panel-soft">
                <button
                  type="button"
                  className="w-full border-b border-oc-border px-2.5 py-2 text-left hover:bg-oc-panel"
                  onClick={() => setShowSubagents((value) => !value)}
                >
                  <div className="flex items-center justify-between gap-2">
                    <div className="flex min-w-0 items-center gap-2">
                      <Sparkles className="h-3.5 w-3.5 text-oc-accent" />
                      <span className="text-[11px] font-semibold uppercase tracking-wider text-oc-text-soft">
                        Spawned Subagents
                      </span>
                      <span className="rounded-md border border-oc-border px-1.5 py-0.5 font-mono text-oc-2xs text-oc-text-muted">
                        {subagents.length}
                      </span>
                    </div>
                    <div className="flex items-center gap-1.5">
                      {subagentStatusCounts.running > 0 && (
                        <Badge className="h-5 bg-oc-accent/10 px-1.5 text-[10px] text-oc-accent">
                          {subagentStatusCounts.running} running
                        </Badge>
                      )}
                      {subagentStatusCounts.done > 0 && (
                        <Badge className="h-5 bg-oc-green/10 px-1.5 text-[10px] text-oc-green">
                          {subagentStatusCounts.done} done
                        </Badge>
                      )}
                      {subagentStatusCounts.error > 0 && (
                        <Badge className="h-5 bg-oc-red/10 px-1.5 text-[10px] text-oc-red">
                          {subagentStatusCounts.error} error
                        </Badge>
                      )}
                    </div>
                  </div>
                </button>
    
                {showSubagents && (
                  <div className="space-y-2 p-2.5">
                    <div
                      className="max-h-[320px] space-y-1.5 overflow-y-auto pr-1 pb-2"
                      style={{ scrollPaddingBottom: "0.5rem" }}
                    >
                      {visibleSubagents.map((subagent: SubagentSummary) => {
                        const detail = subagentDetailsById[subagent.id] as
                          | SubagentDetail
                          | undefined;
                        const agentLabel = subagentAgentLabel(subagent, detail);
                        const modelInfo = subagentModelLabel(subagent, detail);
                        const cardStyle = getSubagentCardStyle(subagent.id);
                        const accentTextStyle = getSubagentAccentTextStyle(
                          subagent.id,
                        );
                        const metaStyle = getSubagentMetaStyle(subagent.id);
                        const statusText =
                          subagentStatusLabel(subagent.status) || "Pending";
                        const activityText =
                          subagent.latestActivity ||
                          statusText ||
                          "Initializing...";
                        const shouldShowActivity =
                          activityText.trim().toLowerCase() !==
                          statusText.trim().toLowerCase();
    
                        return (
                          <button
                            key={subagent.id}
                            type="button"
                            className={cn(
                              "w-full rounded-md border border-oc-border bg-oc-bg-soft px-2 py-1.5 text-left transition-colors",
                              "hover:bg-oc-panel",
                            )}
                            style={cardStyle}
                            onClick={() => openSubagentModal(subagent.id)}
                          >
                            <div className="flex items-center justify-between gap-2">
                              <div className="flex min-w-0 items-center gap-2">
                                <div
                                  className="oc-agent-icon shrink-0"
                                  style={accentTextStyle}
                                >
                                  {subagent.status === "running" ? (
                                    <Loader2 className="h-3 w-3 animate-spin" />
                                  ) : subagent.status === "error" ? (
                                    <X className="h-3 w-3 text-oc-red" />
                                  ) : (
                                    <Check className="h-3 w-3" />
                                  )}
                                </div>
                                <span className="truncate text-oc-xs font-semibold text-oc-text-soft">
                                  {agentLabel}
                                </span>
                              </div>
                              <span className="font-mono text-oc-2xs text-oc-text-muted">
                                {formatDuration(subagent.durationMs ?? 0)}
                              </span>
                            </div>
                            <div className="mt-1 flex min-w-0 items-center gap-1.5">
                              <span
                                className="truncate rounded-sm border px-1 py-0.5 font-mono text-[10px] leading-none text-oc-text-soft"
                                style={metaStyle}
                                title={modelInfo}
                              >
                                {modelInfo}
                              </span>
                              <span className="text-[10px] font-medium text-oc-text-muted">
                                {statusText}
                              </span>
                            </div>
                            {shouldShowActivity ? (
                              <div className="mt-0.5 min-h-[14px] font-mono text-[10px] text-oc-text-muted">
                                <FadeSwapText
                                  text={activityText}
                                  className="block truncate"
                                  durationMs={220}
                                />
                              </div>
                            ) : null}
                          </button>
                        );
                      })}
                      {subagents.length > 10 ? (
                        <button
                          type="button"
                          className="text-oc-2xs font-mono text-oc-accent hover:underline"
                          onClick={() => setShowAllSubagents((value) => !value)}
                        >
                          {showAllSubagents
                            ? "Show less"
                            : `Show all (${subagents.length})`}
                        </button>
                      ) : null}
                    </div>
                  </div>
                )}
              </div>
            )}
    
            {isStreamingActive && !showResponseSection && hasStreamingActivity && (
              <div className="mt-2 mb-2 px-1">
                <ThinkingStatusTicker className="text-[#4e648c]" />
              </div>
            )}
            {/* Raw Data â€" moved last so it doesn't interrupt the reading flow */}
            {/* {(message || streaming) && (
              <details className="group mb-3">
                <summary className="flex cursor-pointer list-none items-center gap-1.5 text-oc-xs font-mono text-oc-text-muted hover:text-oc-text-soft transition-colors">
                  <span className="inline-block text-oc-2xs transition-transform group-open:rotate-90">
                    â€º
                  </span>
                  <span className="opacity-50">Raw Data</span>
                </summary>
                <div className="mt-2 rounded-md border border-oc-border bg-oc-panel-soft p-2.5">
                  <pre className="overflow-x-auto text-oc-2xs font-mono text-oc-text-soft whitespace-pre-wrap break-words max-h-64 overflow-y-auto">
                    {JSON.stringify(
                      {
                        message: message
                          ? {
                              id: message.id,
                              role: message.role,
                              contentLength:
                                message.content?.length ||
                                message.text?.length ||
                                0,
                              partsCount: message.parts?.length || 0,
                              info: message.info,
                              hasReasoning:
                                !!message.reasoningEvents?.length ||
                                !!message.parts?.some(
                                  (p) => p.reasoning || p.thought || p.thinking,
                                ),
                              hasSteps: !!message.steps?.length,
                              hasProgressEvents: !!message.progressEvents?.length,
                              hasSubagents: !!message.subagents?.length,
                              hasPlan: !!message.plan,
                            edits: message.edits?.map((file: { file: string }) => file.file),
                            createdAt: message.created,
                            duration: message.info?.duration ?? message.duration,
                            }
                          : null,
                        streaming: streaming
                          ? {
                              isActive: streaming.isActive,
                              contentLength: streaming.content?.length || 0,
                              stepsCount: streaming.steps?.length || 0,
                              progressEventsCount:
                                streaming.progressEvents?.length || 0,
                            }
                          : null,
                      },
                      null,
                      2,
                    )}
                  </pre>
                </div>
              </details>
            )} */}
          </div>
        </div>
      );
    });
    
    export function AssistantMessage({
      message,
      streaming,
      isContiguous,
    }: {
      message?: Message;
      streaming?: StreamingState;
      isContiguous?: boolean;
    }) {
      const {
        subagentsByParentMessageId,
        subagentDetailsById,
        availableAgents,
        todoItems = [],
      } = useAppState();
    
      return (
        <AssistantMessageInner
          message={message}
          streaming={streaming}
          isContiguous={isContiguous}
          subagentsByParentMessageId={subagentsByParentMessageId}
          subagentDetailsById={subagentDetailsById}
          availableAgents={availableAgents}
          todoItems={todoItems}
        />
      );
    }
    export function PermissionCard({ perm }: { perm: unknown }) {
      const label = typeof perm === "string" ? perm : JSON.stringify(perm);
      return (
        <div className="oc-message-enter mb-5 px-4">
          <div className="rounded-xl border oc-warning-border oc-warning-bg p-3.5">
            <div className="mb-1.5 flex items-center gap-2">
              <div className="h-4 w-4 rounded-sm bg-[rgba(210,153,34,0.2)] flex items-center justify-center">
                <span className="text-oc-2xs">⚠️</span>
              </div>
              <div className="text-oc-sm font-semibold text-oc-yellow">
                Permission Required
              </div>
            </div>
            <div className="text-oc-sm text-oc-text-soft opacity-70 leading-relaxed">
              {label}
            </div>
          </div>
        </div>
      );
    }
    
    export function ErrorBanner({
      message,
      onRetry,
      retryLabel,
      retryHint,
    }: {
      message: string;
      onRetry?: () => void;
      retryLabel?: string;
      retryHint?: string;
    }) {
      const errorDetails =
        typeof message === "string" && message.trim().length > 0
          ? message.trim()
          : "Unknown error";
    
      return (
        <div className="mb-2 px-4">
          <div className="flex flex-col gap-2 rounded-lg border border-[#dc262680] bg-[#7f1d1d26] p-2.5 text-oc-xs text-[#fee2e2] shadow-[0_4px_14px_rgba(127,29,29,0.18)] transition-all duration-200">
            <div className="flex items-center gap-2">
              <span className="inline-flex h-5 w-5 items-center justify-center rounded-md border border-[#ef444480] bg-[#ef444426]">
                <AlertCircle className="h-3 w-3 shrink-0 text-[#fca5a5]" />
              </span>
              <span className="text-[10px] font-semibold uppercase tracking-[0.07em] text-[#fca5a5]">
                Request failed
              </span>
            </div>
    
            <div className="rounded-md border border-[#ef444440] bg-[#450a0a59] px-2 py-1.5">
              <div className="mb-1 text-[9px] font-semibold uppercase tracking-[0.08em] text-[#fca5a5]">
                Error message
              </div>
              <div className="overflow-hidden text-[11px] leading-snug text-[#fee2e2] whitespace-pre-wrap break-words">
                {errorDetails}
              </div>
            </div>
    
            {onRetry && (
              <div className="flex justify-start">
                <button
                  type="button"
                  onClick={onRetry}
                  className="inline-flex items-center gap-1.5 rounded-md border border-[#ef444480] bg-[#ef444426] px-2.5 py-1 text-[11px] font-medium text-[#fecaca] transition-all hover:bg-[#ef444440] active:scale-95"
                >
                  <RotateCw className="h-3 w-3" />
                  <span>{retryLabel || "Retry"}</span>
                </button>
              </div>
            )}
            {retryHint ? (
              <div className="text-[10px] leading-snug text-[#fca5a5]">{retryHint}</div>
            ) : null}
          </div>
        </div>
      );
    }
    
    export function AbortedBanner({ onRetry }: { onRetry?: () => void }) {
      return (
        <div className="mb-3">
          <div className="relative overflow-hidden rounded-lg border border-[#d9770640] bg-gradient-to-br from-[#d9770615] to-[#b4530910] backdrop-blur-sm">
            {/* Decorative geometric pattern - diagonal stripes */}
            <div className="absolute inset-0 opacity-[0.03]">
              <div className="absolute inset-0" style={{
                backgroundImage: `repeating-linear-gradient(
                  45deg,
                  transparent,
                  transparent 10px,
                  #d97706 10px,
                  #d97706 11px
                )`
              }} />
            </div>
    
            <div className="relative flex items-center justify-between gap-3 px-3 py-3">
              {/* Left side - icon and message */}
              <div className="flex items-center gap-3">
                {/* Refined icon container with glow */}
                <div className="relative">
                  <div className="absolute inset-0 rounded-full bg-[#d9770620] blur-md" />
                  <div className="relative flex h-8 w-8 items-center justify-center rounded-full border border-[#d9770640] bg-[#d9770625] backdrop-blur-sm">
                    <StopCircle className="h-4 w-4 text-[#fbbf24] drop-shadow-sm" />
                  </div>
                </div>
    
                {/* Typography - editorial style with hierarchy */}
                <div className="flex flex-col gap-0.5">
                  <div className="flex items-center gap-2">
                    <span className="text-[11px] font-semibold tracking-wide text-[#fbbf24] uppercase" style={{ fontFamily: "'SF Mono', 'Cascadia Code', monospace" }}>
                      Interrupted
                    </span>
                    <span className="h-3 w-px rounded-full bg-[#d9770640]" />
                  </div>
                  <span className="text-[12px] text-[#d6d3d1]/90 leading-snug" style={{ fontFamily: "-apple-system, BlinkMacSystemFont, 'Segoe UI', sans-serif" }}>
                    Response stopped by user
                  </span>
                </div>
              </div>
    
              {/* Right side - retry button with refined styling */}
              {onRetry && (
                <div className="flex flex-col items-end gap-1.5">
                  <button
                    type="button"
                    onClick={onRetry}
                    className="group relative inline-flex items-center gap-1.5 rounded-md border border-[#d9770650] bg-[#d9770620] px-3 py-1.5 text-[11px] font-medium text-[#fbbf24] backdrop-blur-sm transition-all duration-200 hover:border-[#d9770670] hover:bg-[#d9770630] active:scale-95"
                    style={{ fontFamily: "'SF Mono', 'Cascadia Code', monospace" }}
                  >
                    <RotateCw className="h-3 w-3 transition-transform duration-500 group-hover:rotate-180" />
                    <span className="tracking-wide">RETRY</span>
                  </button>
                  <span className="text-[9px] text-[#d6d3d1]/60 uppercase tracking-wider" style={{ fontFamily: "-apple-system, BlinkMacSystemFont, 'Segoe UI', sans-serif" }}>
                    Resume generation
                  </span>
                </div>
              )}
            </div>
    
            {/* Bottom accent line with subtle gradient */}
            <div className="absolute bottom-0 left-0 right-0 h-px bg-gradient-to-r from-transparent via-[#d9770640] to-transparent" />
          </div>
        </div>
      );
    }
    
    export function InfoBanner({ message }: { message: string }) {
      const infoDetails =
        typeof message === "string" && message.trim().length > 0
          ? message.trim()
          : "Working...";
    
      return (
        <div className="mb-2 px-4">
          <div className="flex flex-col gap-2 rounded-lg border border-[#2563eb80] bg-[#1e3a8a26] p-2.5 text-oc-xs text-[#dbeafe] shadow-[0_4px_14px_rgba(30,58,138,0.18)] transition-all duration-200">
            <div className="flex items-center gap-2">
              <span className="inline-flex h-5 w-5 items-center justify-center rounded-md border border-[#60a5fa80] bg-[#3b82f626]">
                <Loader2 className="h-3 w-3 shrink-0 animate-spin text-[#93c5fd]" />
              </span>
              <span className="text-[10px] font-semibold uppercase tracking-[0.07em] text-[#93c5fd]">
                Retrying
              </span>
            </div>
    
            <div className="rounded-md border border-[#3b82f640] bg-[#1e40af33] px-2 py-1.5">
              <div className="overflow-hidden text-[11px] leading-snug text-[#dbeafe] whitespace-pre-wrap break-words">
                {infoDetails}
              </div>
            </div>
          </div>
        </div>
      );
    }
    
    export function ThinkingBubble() {
      return (
        <div className="mb-4 px-4">
          <ThinkingStatusTicker className="pl-1 text-[#4e648c]" />
        </div>
      );
    }
    
    export function EmptyState() {
      return (
        <div className="flex h-full flex-col items-center justify-center px-6 text-center">
          <div className="oc-empty-icon mb-4">
            <Sparkles className="h-6 w-6" />
          </div>
          <div className="text-xl font-semibold text-oc-text tracking-tight mb-1">
            OpenCode
          </div>
          <div className="text-xs text-oc-text-soft opacity-70 max-w-[240px] leading-relaxed">
            AI-powered coding assistant. Ask anything, build anything.
          </div>
          <div className="mt-6 flex flex-col items-center gap-2 text-oc-xs text-oc-text-soft opacity-70 font-mono">
            <span className="flex items-center gap-2">
              <kbd className="rounded border border-oc-border bg-oc-panel-soft px-1.5 py-0.5 text-oc-2xs">
                Enter
              </kbd>
              send message
            </span>
            <span className="flex items-center gap-2">
              <kbd className="rounded border border-oc-border bg-oc-panel-soft px-1.5 py-0.5 text-oc-2xs">
                @
              </kbd>
              mention files
            </span>
            <span className="flex items-center gap-2">
              <kbd className="rounded border border-oc-border bg-oc-panel-soft px-1.5 py-0.5 text-oc-2xs">
                /
              </kbd>
              commands
            </span>
          </div>
        </div>
      );
    }
    
    export function MessageStatus({
      active,
      failed,
    }: {
      active: boolean;
      failed: boolean;
    }) {
      return (
        <div className="mb-2 px-4 text-xs text-oc-text-soft opacity-70">
          <span className="inline-flex items-center gap-1.5 font-mono">
            {active ? (
              <Loader2 className="h-3 w-3 animate-spin text-oc-accent" />
            ) : failed ? (
              <X className="h-3 w-3 text-oc-red" />
            ) : (
              <Check className="h-3 w-3 text-oc-green" />
            )}
            {active ? "Working..." : failed ? "Failed" : "Done"}
          </span>
        </div>
      );
    }
    
    
    
    
    
  operator: 'match'
  stack: |-
    TestContext.<anonymous> (file:///E:/Projects/vscode-opencode/tests/webview/chat-message-flow.test.mjs:129:10)
    Test.runInAsyncScope (node:async_hooks:214:14)
    Test.run (node:internal/test_runner/test:1047:25)
    Test.processPendingSubtests (node:internal/test_runner/test:744:18)
    Test.postRun (node:internal/test_runner/test:1173:19)
    Test.run (node:internal/test_runner/test:1101:12)
    async Test.processPendingSubtests (node:internal/test_runner/test:744:7)
  ...
# Subtest: normalizeMessage extracts edits from patch parts when edits are missing
ok 1383 - normalizeMessage extracts edits from patch parts when edits are missing
  ---
  duration_ms: 1.5368
  type: 'test'
  ...
# Subtest: chat shell wires inbound webview message handling
ok 1384 - chat shell wires inbound webview message handling
  ---
  duration_ms: 6.9395
  type: 'test'
  ...
# Subtest: AssistantMessage uses content-first response and secondary activity sections
ok 1385 - AssistantMessage uses content-first response and secondary activity sections
  ---
  duration_ms: 8.5305
  type: 'test'
  ...
# Subtest: AssistantMessage supports condensed completed activity and local toggles
ok 1386 - AssistantMessage supports condensed completed activity and local toggles
  ---
  duration_ms: 0.7665
  type: 'test'
  ...
# Subtest: ChatShell implements smart auto-follow pause and jump-to-latest control
ok 1387 - ChatShell implements smart auto-follow pause and jump-to-latest control
  ---
  duration_ms: 6.0956
  type: 'test'
  ...
# Subtest: AssistantMessage live streaming card does not clamp its height
ok 1388 - AssistantMessage live streaming card does not clamp its height
  ---
  duration_ms: 10.4101
  type: 'test'
  ...
# Subtest: ChatViewProvider streams events to webview progressively
ok 1389 - ChatViewProvider streams events to webview progressively
  ---
  duration_ms: 8.9379
  type: 'test'
  ...
# Subtest: ChatViewProvider backfills missing stream event sessionId from active session
ok 1390 - ChatViewProvider backfills missing stream event sessionId from active session
  ---
  duration_ms: 1.4762
  type: 'test'
  ...
# Subtest: ChatViewProvider logs final prompt response diagnostics when non-streaming fallback occurs
ok 1391 - ChatViewProvider logs final prompt response diagnostics when non-streaming fallback occurs
  ---
  duration_ms: 3.27
  type: 'test'
  ...
# Subtest: ChatViewProvider emits webview error when response has no data payload
ok 1392 - ChatViewProvider emits webview error when response has no data payload
  ---
  duration_ms: 3.0012
  type: 'test'
  ...
# Subtest: ChatViewProvider includes sessionId when posting final/error response payloads
ok 1393 - ChatViewProvider includes sessionId when posting final/error response payloads
  ---
  duration_ms: 4.6578
  type: 'test'
  ...
# Subtest: ChatViewProvider attempts interactive transport recovery before surfacing hard send errors
ok 1394 - ChatViewProvider attempts interactive transport recovery before surfacing hard send errors
  ---
  duration_ms: 1.3145
  type: 'test'
  ...
# Subtest: ChatViewProvider builds detailed error text from error-cause chains
ok 1395 - ChatViewProvider builds detailed error text from error-cause chains
  ---
  duration_ms: 0.7278
  type: 'test'
  ...
# Subtest: ChatViewProvider enforces structured-output validation in strict send mode
ok 1396 - ChatViewProvider enforces structured-output validation in strict send mode # SKIP
  ---
  duration_ms: 0.5173
  type: 'test'
  ...
# Subtest: ChatViewProvider records streaming token usage during message.updated events
ok 1397 - ChatViewProvider records streaming token usage during message.updated events
  ---
  duration_ms: 1.7074
  type: 'test'
  ...
# Subtest: ChatViewProvider emits subagent updates and async stream enrich payloads
not ok 1398 - ChatViewProvider emits subagent updates and async stream enrich payloads
  ---
  duration_ms: 3.2271
  type: 'test'
  location: 'E:\\Projects\\vscode-opencode\\tests\\webview\\chat-view-streaming.test.mjs:182:1'
  failureType: 'testCodeFailure'
  error: 'provider should post streamEventEnrich updates containing callID and computed diff stats'
  code: 'ERR_ASSERTION'
  name: 'AssertionError'
  expected:
  actual: |-
    
        this.logger.info("[ChatViewProvider] resolving webview view");
        this.view = webviewView;
        this.isBootstrappingWebview = false;
        this.hasInitializedWebview = false;
        this.sessionsListRequestVersion = 0;
        this.lastSessionsPayloadFingerprint = undefined;
    
        webviewView.webview.options = {
          enableScripts: true,
          localResourceRoots: [this.context.extensionUri],
        };
    
        // Handle messages from webview
        webviewView.webview.onDidReceiveMessage(async (message) => {
          const { type } = message;
    
          // Log all UI interactions for debugging
          this.logger.logUIInteraction('ChatView', type, message.type, message as Record<string, unknown>);
    
          switch (type) {
            case "ready": {
              this.logger.debug(`${LoggingCategories.UI_INTERACTION} Webview ready`, {
                viewType: 'chat',
              });
    
              if (this.isBootstrappingWebview) {
                break;
              }
    
              this.isBootstrappingWebview = true;
              // A reloaded webview starts with empty client state. Force a fresh
              // sessions payload even if the underlying list fingerprint is unchanged.
              this.lastSessionsPayloadFingerprint = undefined;
              if (!this.hasInitializedWebview) {
                // Reply immediately so the webview stops retrying `ready` while
                // slower bootstrap tasks (models/sessions) are still loading.
                this.view?.webview.postMessage({
                  type: "initState",
                  serverStatus: this.serverManager.getStatus(),
                  selectedModel: this.selectedModel,
                  selectedAgent: this.selectedAgent,
                  serverVersion: this.serverManager.getVersion(),
                  currentSessionId: this.currentSessionId,
                  todoItems: this.loadPersistedTodos(this.currentSessionId).items,
                });
                this.hasInitializedWebview = true;
              }
    
              try {
                // Fetch models so they're available in the webview on startup.
                // We await this to ensure models are loaded before sending initState.
                // Network issues are handled gracefully inside handleGetModels with fallback models.
                const models = await this.modelAndAgentManager.handleGetModels();
                await this.modelAndAgentManager.reconcileSelectedModelSelection(models);
    
                // Sync default agent selection
                await this.syncCLIAgents();
    
                // Fetch and send full agents list to webview
                await this.modelAndAgentManager.handleGetAgents();
    
                // TEMPORARILY DISABLED: Fetch and send commands list for SkillsPanel
                // This is loading 700+ skills and causing massive delays
                // TODO: Re-enable after implementing proper pagination/lazy loading
                // void this.handleGetCommands().catch((error) => {
                //   this.logger.warn("Background commands loading failed during ready bootstrap", { err: error });
                // });
                this.logger.info("⚠️ [PERF] Command loading disabled temporarily (700+ skills bottleneck)");
    
                // Resolve the active session before sending initState so that
                // per-session settings (agent / model / thinking) are applied first.
                const currentSession =
                  await this.sessionService.getCurrentSession();
                if (currentSession) {
                  this.currentSessionId = currentSession.id;
                  await this.applySessionSettings(currentSession.id);
                }
    
                // Send refreshed init state reflecting the session-specific selections
                this.view?.webview.postMessage({
                  type: "initState",
                  serverStatus: this.serverManager.getStatus(),
                  selectedModel: this.selectedModel,
                  selectedAgent: this.selectedAgent,
                  serverVersion: this.serverManager.getVersion(),
                  currentSessionId: this.currentSessionId,
                });
    
                // Restore the session-specific thinking level (separate message type)
                const bootstrapThinkingLevel =
                  (currentSession
                    ? this.getSessionSettings(currentSession.id).thinkingLevel
                    : undefined) ??
                  this.context.globalState.get<string>("thinkingLevel");
                if (bootstrapThinkingLevel) {
                  this.view?.webview.postMessage({
                    type: "thinkingLevelUpdate",
                    level: bootstrapThinkingLevel,
                  });
                }
                // Fire-and-forget: fetch and broadcast current model capabilities on bootstrap (unconditional)
                void this.modelCapabilitiesService
                  .getCapabilities(
                    this.selectedModel?.providerID ?? "",
                    this.selectedModel?.modelID ?? "",
                  )
                  .then((capability) => {
                    this.view?.webview.postMessage({
                      type: "modelCapabilityUpdate",
                      capability: capability ?? null,
                    });
                  })
                  .catch(() => {
                    // Minimal failure tracking for bootstrap capability fetches
                    try {
                      this.capabilityFetchFailureCount = (this.capabilityFetchFailureCount || 0) + 1;
                      if (this.capabilityFetchFailureCount >= 3) {
                        vscode.window.showWarningMessage(
                          "Could not fetch model capabilities. Thinking level control may be unavailable.",
                        );
                        this.capabilityFetchFailureCount = 0;
                      }
                    } catch (e) {
                      // best-effort only
                    }
                  });
    
                // Send initial budget status
                this.sendBudgetInfo();
    
                // Fetch and send chat history and sessions list
                if (currentSession) {
                  this.subagentTracker.setActiveSession(currentSession.id);
                  const rawMessages = await this.sessionService.getMessages(
                    currentSession.id,
                  );
                  const messages = await this.processHistoryMessages(
                    rawMessages,
                    currentSession.id,
                  );
                  this.logHistoryRenderDiagnostics(
                    "webview.ready.current-session",
                    currentSession.id,
                    rawMessages,
                    messages,
                  );
                  this.view?.webview.postMessage({
                    type: "chatHistory",
                    messages: messages,
                  });
                  await this.sendPersistedCompactionViewState(currentSession.id);
                  const subagentSnapshotPayload =
                    await this.syncSubagentSnapshotForSession(
                      currentSession.id,
                      messages as any[],
                    );
                  this.view?.webview.postMessage({
                    type: "subagentSnapshot",
                    ...subagentSnapshotPayload,
                  });
                  this.sendQueueUpdate(currentSession.id);
                } else {
                  this.subagentTracker.resetForSession(null);
                  this.view?.webview.postMessage({
                    type: "subagentSnapshot",
                    ...this.subagentTracker.getSnapshotPayload(),
                  });
                }
    
                await this.handleGetSessions();
                this.refreshView();
    
                // Fetch live MCP and LSP server status from OpenCode SDK
                this.handleGetMcpStatus().catch(() => { });
                this.handleGetLspStatus().catch(() => { });
    
                // Send quota data or trigger initial fetch
                const quotaData = this.quotaService.cachedData;
                if (quotaData !== undefined) {
                  this.view?.webview.postMessage({
                    type: "quotaData",
                    data: quotaData,
                  });
                } else {
                  this.quotaService.refreshQuota().catch(() => { });
                }
                // Send initial theme data
                await this.sendThemeDataToWebview();
              } finally {
                this.isBootstrappingWebview = false;
              }
              break;
            }
            case "sendMessage":
            case "sendPrompt": {
              const correlationId = this.logger.startFeatureFlow('send-message', {
                hasFiles: message.files?.length > 0,
                hasImages: message.images?.length > 0,
                textLength: message.text?.length,
              });
    
              this.logger.info(`${LoggingCategories.UI_INTERACTION} User initiated message send`, {
                correlationId,
                hasFiles: message.files?.length > 0,
                hasImages: message.images?.length > 0,
                textLength: message.text?.length,
              });
    
              try {
                await this.schedulePromptDispatch("send-now", {
                  sessionId: message.sessionId,
                  text: message.text,
                  files: message.files,
                  contexts: message.contexts,
                  images: message.images,
                  agent: message.agent,
                });
                this.logger.endFeatureFlow(correlationId, { success: true });
              } catch (err) {
                this.logger.error(
                  `${LoggingCategories.UI_INTERACTION} Failed to send message`,
                  { correlationId, error: (err as Error).message }
                );
                this.logger.endFeatureFlow(correlationId, { success: false });
              }
              break;
            }
            case "persistAssistantMessage": {
              const sessionId = this.firstNonEmptyString(
                message.sessionId,
                this.currentSessionId,
              );
              if (!sessionId || !message.message) {
                break;
              }
              await this.sessionService.upsertMessage(sessionId, message.message);
              await this.persistSessionMessageOverride(sessionId, message.message);
              const snapshotFromMessage = this.buildSubagentPayloadFromMessage(
                message.message,
                sessionId,
              );
              if (snapshotFromMessage) {
                await this.persistSubagentLiveState(sessionId, snapshotFromMessage);
              }
              break;
            }
            case "interactiveResponse": {
              const choiceText =
                this.firstNonEmptyString(
                  message?.selection?.value,
                  message?.selection?.label,
                  message?.text,
                ) || "";
              if (!choiceText) {
                break;
              }
    
              // FIX: Send just the choice text, no special formatting
              const composedPrompt = choiceText;
              const userFacingText = this.firstNonEmptyString(
                message?.displayText,
                choiceText,
              );
    
              await this.dispatchInteractiveResponse({
                sessionId: message?.sessionId,
                text: composedPrompt,
                userFacingText,
                agent: message?.agent,
              });
              break;
            }
            case "batchInteractiveResponse": {
              const responses = message.responses as Array<{
                eventId: string;
                eventType: string;
                text: string;
                questionText?: string;
              }>;
              if (!responses || responses.length === 0) {
                break;
              }
    
              // Preserve question context in the prompt so model-side continuation
              // is grounded, while the webview controls user-facing rendering text.
              const composedPrompt = responses
                .map((resp, index) => {
                  const answer = this.firstNonEmptyString(resp.text) || "";
                  if (!answer) {
                    return "";
                  }
                  const question = this.firstNonEmptyString(resp.questionText) || "";
                  if (!question) {
                    return `Answer ${index + 1}: ${answer}`;
                  }
                  return `Question ${index + 1}: ${question}\nAnswer: ${answer}`;
                })
                .filter((value) => value.length > 0)
                .join("\n\n");
    
              if (!composedPrompt) {
                break;
              }
    
              const userFacingText = this.firstNonEmptyString(
                message?.displayText,
                composedPrompt,
              );
    
              await this.dispatchInteractiveResponse({
                sessionId: message?.sessionId,
                text: composedPrompt,
                userFacingText,
                agent: message?.agent,
              });
              break;
            }
            case "newSession":
            case "createSession": {
              const correlationId = this.logger.startFeatureFlow('create-session');
    
              this.logger.info(`${LoggingCategories.UI_INTERACTION} User creating new session`, {
                correlationId,
              });
    
              try {
                const createdSession = await this.sessionService.createNewSession();
                this.currentSessionId = createdSession.id;
                this.logger.info(`${LoggingCategories.UI_INTERACTION} New session created`, {
                  correlationId,
                  sessionId: createdSession.id,
                });
                this.logger.endFeatureFlow(correlationId, {
                  success: true,
                  sessionId: createdSession.id,
                });
    
                // Clear in-memory todo cache for the newly created session.
                this.clearSessionTodos();
                this.subagentTracker.resetForSession(createdSession.id);
                await this.clearPersistedSubagentSnapshot(createdSession.id);
                this.sendQueueUpdate(createdSession.id);
    
                // Always use "build" as the default agent for new sessions
                // This prevents new sessions from inheriting an agent that was
                // selected in a previous session (e.g., "Sisyphus (Ultraworker)")
                this.selectedAgent = "build";
                await this.persistSessionSettings(createdSession.id, {
                  agent: "build",
                });
    
                await this.handleGetSessions(); // Update list
                this.refreshView();
    
                // Clear webview messages
                this.view?.webview.postMessage({
                  type: "chatHistory",
                  messages: [],
                });
                this.view?.webview.postMessage({
                  type: "subagentSnapshot",
                  ...this.subagentTracker.getSnapshotPayload(),
                });
              } catch (error) {
                this.logger.error(
                  `${LoggingCategories.UI_INTERACTION} Failed to create session`,
                  { correlationId, error: (error as Error).message }
                );
                this.logger.endFeatureFlow(correlationId, { success: false });
              }
              break;
            }
            case "viewPlan": {
              this.logger.logUIInteraction('ChatView', 'view-plan', message.plan, {
                planFile: message.plan,
              });
    
              this.logger.info(`${LoggingCategories.UI_INTERACTION} User viewing plan`, {
                planFile: message.plan,
              });
    
              if (message.plan) {
                await this.handleViewPlan(message.plan);
              }
              break;
            }
            case "openDiff": {
              this.handleOpenDiff(message.file);
              break;
            }
            case "openFile": {
              await this.handleOpenFile(message.file);
              break;
            }
            case "reviewChanges": {
              this.handleReviewChanges();
              break;
            }
            case "searchFiles":
            case "getMentions": {
              await this.handleSearchFiles(message.query);
              break;
            }
            case "getOpenCodeConfig": {
              await this.handleGetOpenCodeConfig(message.fileName);
              break;
            }
            case "saveOpenCodeConfig": {
              await this.handleSaveOpenCodeConfig(message.content, message.filePath);
              break;
            }
            case "selectModel":
            case "setModel": {
              // Normalize incoming model to always include providerName.
              const incoming =
                message.model || {
                  providerID: message.providerID,
                  modelID: message.modelID,
                } ||
                {};
              if (!incoming.providerID || !incoming.modelID) {
                this.logger.warn("Ignoring invalid model selection payload; providerID and modelID are required.", { incoming });
                break;
              }
              let providerName: string | undefined = incoming.providerName;
              if (!providerName) {
                // Try to resolve from cached models if available
                const found = this.availableModels?.find(
                  (m) =>
                    m.providerID === incoming.providerID &&
                    m.modelID === incoming.modelID,
                );
                providerName = found?.providerName || incoming.providerID;
              }
    
              this.selectedModel = {
                providerID: incoming.providerID,
                modelID: incoming.modelID,
                providerName,
              };
    
              // Persist selection
              await this.context.globalState.update(
                "selectedModel",
                this.selectedModel,
              );
              if (this.currentSessionId) {
                await this.persistSessionSettings(this.currentSessionId, {
                  providerID: this.selectedModel?.providerID,
                  modelID: this.selectedModel?.modelID,
                });
              }
              this.logger.info("Persisted model selection", {
                modelID: this.selectedModel.modelID,
                providerName: this.selectedModel.providerName,
              });
    
              // Fetch and broadcast model capabilities (fire-and-forget).
              void this.modelCapabilitiesService
                .getCapabilities(
                  this.selectedModel.providerID,
                  this.selectedModel.modelID,
                )
                .then(async (capability) => {
                  this.capabilityFetchFailureCount = 0;
                  // Broadcast capability update (preserve existing behaviour)
                  this.view?.webview.postMessage({
                    type: "modelCapabilityUpdate",
                    capability: capability ?? null,
                  });
    
                  // Check for stale persisted thinking level and clear if it's no
                  // longer supported by the newly selected model.
                  try {
                    const persistedLevel =
                      (this.currentSessionId
                        ? this.getSessionSettings(this.currentSessionId).thinkingLevel
                        : undefined) ?? this.context.globalState.get<string>("thinkingLevel");
    
                    const newVariants = capability?.variants;
                    const isStale =
                      persistedLevel &&
                      (!Array.isArray(newVariants) || newVariants.length === 0 || !newVariants.includes(persistedLevel));
    
                    if (isStale) {
                      this.logger.warn("Clearing stale thinking level on model switch", {
                        staleLevel: persistedLevel,
                        newVariants,
                        modelID: this.selectedModel?.modelID,
                      });
    
                      // Clear from globalState
                      await this.context.globalState.update("thinkingLevel", undefined);
    
                      // Clear from session settings if applicable
                      if (this.currentSessionId) {
                        await this.persistSessionSettings(this.currentSessionId, {
                          thinkingLevel: undefined,
                        });
                      }
    
                      // Notify webview to reset its displayed thinking level
                      this.view?.webview.postMessage({
                        type: "thinkingLevelUpdate",
                        level: "",
                      });
                    }
                  } catch (err) {
                    // Best-effort only — log and continue
                    this.logger.warn("Error while checking/clearing stale thinking level", { err });
                  }
                })
                .catch((err) => {
                  this.logger.warn(
                    "Failed to fetch model capabilities on model switch",
                    { err },
                  );
                  this.view?.webview.postMessage({
                    type: "modelCapabilityUpdate",
                    capability: null,
                  });
                  try {
                    this.capabilityFetchFailureCount = (this.capabilityFetchFailureCount || 0) + 1;
                    if (this.capabilityFetchFailureCount >= 3) {
                      vscode.window.showWarningMessage(
                        "Could not fetch model capabilities. Thinking level control may be unavailable.",
                      );
                      this.capabilityFetchFailureCount = 0;
                    }
                  } catch (_) {
                    // best-effort only
                  }
                });
              break;
            }
            case "selectAgent":
            case "setAgent": {
              const oldAgent = this.selectedAgent;
              this.selectedAgent = message.agent;
    
              this.logger.logStateChange(
                'selected-agent',
                oldAgent,
                message.agent,
                'user-selection'
              );
    
              this.logger.info(`${LoggingCategories.UI_INTERACTION} User selected agent`, {
                fromAgent: oldAgent,
                toAgent: message.agent,
              });
    
              if (this.currentSessionId) {
                await this.persistSessionSettings(this.currentSessionId, {
                  agent: message.agent,
                });
              }
              break;
            }
            case "getAgents": {
              this.handleGetAgents();
              break;
            }
            case "getCommands": {
              this.logger.info('[onDidReceiveMessage] Received getCommands message');
              await this.handleGetCommands();
              break;
            }
            case "getModels": {
              await this.handleGetModels();
              break;
            }
            case "getSessions": {
              await this.handleGetSessions();
              break;
            }
            case "loadSession":
            case "openSession":
            case "switchSession": {
              const correlationId = this.logger.startFeatureFlow('switch-session', {
                targetSessionId: message.sessionId,
              });
    
              this.logger.info(`${LoggingCategories.UI_INTERACTION} User switching session`, {
                correlationId,
                fromSessionId: this.currentSessionId,
                toSessionId: message.sessionId,
              });
    
              try {
                await this.handleLoadSession(message.sessionId);
                this.logger.endFeatureFlow(correlationId, { success: true });
              } catch (error) {
                this.logger.error(
                  `${LoggingCategories.UI_INTERACTION} Failed to switch session`,
                  { correlationId, fromSessionId: this.currentSessionId, toSessionId: message.sessionId, error: (error as Error).message }
                );
                this.logger.endFeatureFlow(correlationId, { success: false });
              }
              break;
            }
            case "deleteSession": {
              await this.handleDeleteSession(message.sessionId);
              break;
            }
            case "renameSession": {
              await this.handleRenameSession(message.sessionId, message.newTitle);
              break;
            }
            case "stopRequest": {
              await this.handleStopRequest(message.sessionId);
              break;
            }
            case "compactSession": {
              await this.handleCompactSession(
                message.sessionId,
                this.normalizeCompactionBaselineStats(message.baselineStats),
              );
              break;
            }
            case "setCompactionViewState": {
              await this.handleSetCompactionViewState(message);
              break;
            }
            case "addToQueue": {
              await this.schedulePromptDispatch("queue", {
                sessionId: message.sessionId,
                text: message.text,
                files: message.files,
                contexts: message.contexts,
                images: message.images,
                agent: message.agent,
              });
              break;
            }
            case "steerMessage": {
              await this.schedulePromptDispatch("steer", {
                sessionId: message.sessionId,
                text: message.text,
                files: message.files,
                contexts: message.contexts,
                images: message.images,
                agent: message.agent,
              });
              break;
            }
            case "sendQueuedItemNow": {
              await this.handleDispatchQueuedItem(
                "send-now",
                message.sessionId,
                message.id,
                message.index,
              );
              break;
            }
            case "steerQueuedItem": {
              await this.handleDispatchQueuedItem(
                "steer",
                message.sessionId,
                message.id,
                message.index,
              );
              break;
            }
            case "attachFiles": {
              await this.handleAttachFiles();
              break;
            }
            case "attachImage": {
              await this.handleAttachImage();
              break;
            }
            case "removeFromQueue": {
              await this.handleRemoveFromQueue(
                message.sessionId,
                message.id,
                message.index,
              );
              break;
            }
            case "clearQueue": {
              await this.handleClearQueue(message.sessionId);
              break;
            }
            case "executeQueue": {
              await this.handleExecuteQueue(message.sessionId);
              break;
            }
            case "log": {
              const { level, message: logMsg, category, context } = message;
              const prefix = category ? `[${category}]` : "[WebView]";
              try {
                const levelStr = (level || "info").toLowerCase();
                const msgStr =
                  typeof logMsg === "string"
                    ? logMsg.length > 2000
                      ? `${logMsg.slice(0, 2000)}...[truncated ${logMsg.length - 2000} chars]`
                      : logMsg
                    : JSON.stringify(logMsg);
                const ctx = { ...(context || {}), source: prefix };
                switch (levelStr) {
                  case "error":
                    this.logger.error(msgStr, ctx as Record<string, unknown>);
                    break;
                  case "warn":
                    this.logger.warn(msgStr, ctx as Record<string, unknown>);
                    break;
                  case "debug":
                    this.logger.debug(msgStr, ctx as Record<string, unknown>);
                    break;
                  case "info":
                  default:
                    this.logger.info(msgStr, ctx as Record<string, unknown>);
                    break;
                }
              } catch (err) {
                // If logging from webview fails, don't let it crash the provider
                this.logger.warn("Failed to forward webview log message", { err });
              }
              break;
            }
            case "refreshQuota": {
              await this.quotaService.refreshQuota();
              break;
            }
            case "setThinkingLevel": {
              const level = message.level as string | undefined;
              if (level) {
                await this.context.globalState.update("thinkingLevel", level);
                if (this.currentSessionId) {
                  await this.persistSessionSettings(this.currentSessionId, {
                    thinkingLevel: level,
                  });
                }
                this.logger.info("Thinking level set", { level });
                // NOTE: The webview handler only listens for 'thinkingLevelUpdate' (not 'thinkingLevelSet')
                this.view?.webview.postMessage({
                  type: "thinkingLevelUpdate",
                  level,
                });
              }
              break;
            }
            case "toggleMode": {
              const correlationId = this.logger.startFeatureFlow('toggle-mode', {
                fromMode: this.currentMode,
                toMode: message.mode,
              });
    
              this.logger.info('User toggled chat mode', {
                correlationId,
                fromMode: this.currentMode,
                toMode: message.mode,
              });
    
              try {
                await this.handleToggleMode(message.mode);
                this.logger.endFeatureFlow(correlationId, { success: true });
              } catch (error) {
                this.logger.error('Failed to toggle mode', {
                  correlationId,
                  error: (error as Error).message,
                });
                this.logger.endFeatureFlow(correlationId, { success: false });
              }
              break;
            }
            case "addAttachment": {
              const attachment = message.attachment;
              if (!attachment) break;
              const existing = (this.context.globalState.get<any[]>(
                "pendingAttachments",
              ) || []) as any[];
              existing.push(attachment);
              await this.context.globalState.update("pendingAttachments", existing);
              this.view?.webview.postMessage({
                type: "attachmentAdded",
                attachmentId: attachment.id,
              });
              break;
            }
            case "retryLastMessage": {
              const retrySessionId = this.currentSessionId;
              if (this.lastSendMessageArgs && retrySessionId && !this.processingSessionIds.has(retrySessionId)) {
                const retryWithoutStructuredOutput =
                  message.retryWithoutStructuredOutput === true;
                if (this.currentSessionId) {
                  try {
                    const rawMessages = await this.sessionService.getMessages(
                      this.currentSessionId,
                    );
                    const messages = await this.processHistoryMessages(
                      rawMessages,
                      this.currentSessionId,
                    );
                    this.logHistoryRenderDiagnostics(
                      "retryLastMessage.reload",
                      this.currentSessionId,
                      rawMessages,
                      messages,
                    );
                    this.view?.webview.postMessage({
                      type: "chatHistory",
                      sessionId: this.currentSessionId,
                      messages: messages,
                    });
                  } catch (err) {
                    this.logger.error("Failed to load messages for retry", { err });
                  }
                }
                await this.handleSendMessage(
                  this.lastSendMessageArgs.text,
                  this.lastSendMessageArgs.files,
                  this.lastSendMessageArgs.contexts,
                  this.lastSendMessageArgs.images,
                  this.lastSendMessageArgs.agent,
                  true,
                  undefined,
                  retryWithoutStructuredOutput,
                );
              }
              break;
            }
            case "clearAttachments": {
              await this.context.globalState.update("pendingAttachments", []);
              this.view?.webview.postMessage({ type: "attachmentsCleared" });
              break;
            }
            case "getMcpStatus": {
              this.handleGetMcpStatus().catch((err) =>
                log.error(
                  "handleGetMcpStatus error",
                  {},
                  err instanceof Error ? err : undefined,
                ),
              );
              break;
            }
            case "getLspStatus": {
              this.handleGetLspStatus().catch((err) =>
                log.error(
                  "handleGetLspStatus error",
                  {},
                  err instanceof Error ? err : undefined,
                ),
              );
              break;
            }
            case "getConfigFilesList": {
              try {
                const response = await vscode.commands.executeCommand<{
                  success: boolean;
                  error?: string;
                  files: ConfigFile[];
                }>('opencode.getConfigFiles');
    
                this.view?.webview.postMessage({
                  type: 'configFilesList',
                  success: response.success,
                  error: response.error,
                  files: response.files ?? []
                });
              } catch (err) {
                log.error(
                  "getConfigFilesList error",
                  {},
                  err instanceof Error ? err : undefined,
                );
                this.view?.webview.postMessage({
                  type: 'configFilesList',
                  success: false,
                  error: err instanceof Error ? err.message : 'Unknown error',
                  files: []
                });
              }
              break;
            }
            case "saveConfigFile": {
              try {
                // Input validation
                if (!message.filePath || typeof message.filePath !== 'string') {
                  throw new Error('Invalid or missing filePath');
                }
                if (!message.content || typeof message.content !== 'string') {
                  throw new Error('Invalid or missing content');
                }
    
                const saveResult = await vscode.commands.executeCommand<{
                  success: boolean;
                  error?: string;
                }>(
                  'opencode.saveConfigFile',
                  message.filePath,
                  message.content
                );
    
                // Null check for saveResult
                if (!saveResult) {
                  throw new Error('No response from saveConfigFile command');
                }
    
                this.view?.webview.postMessage({
                  type: 'configFileSaved',
                  success: saveResult?.success ?? false,
                  error: saveResult?.error
                });
              } catch (err) {
                log.error(
                  "saveConfigFile error",
                  {},
                  err instanceof Error ? err : undefined,
                );
                this.view?.webview.postMessage({
                  type: 'configFileSaved',
                  success: false,
                  error: err instanceof Error ? err.message : 'Unknown error'
                });
              }
              break;
            }
            case "planProceed": {
              const payload = message.payload;
              await this.context.globalState.update(
                "lastPlanProceed",
                payload || null,
              );
              this.logger.debug("planProceed received");
              this.view?.webview.postMessage({
                type: "planProceedAck",
                payload: { received: true },
              });
              break;
            }
            // Skill installer message routing
            case "getMySkills":
            case "installSkill":
            case "removeSkill":
            case "editSkill":
            case "validateSkill":
              await this.handleSkillMessage(message);
              break;
            default: {
              this.logger.debug(`${LoggingCategories.UI_INTERACTION} Unhandled message type`, {
                messageType: type,
              });
            }
          }
        });
    
        // Subscribe to stream events
        this.unsubscribe = this.streamService.subscribe(async (event) => {
          // Log stream events for debugging
          const eventRec = event as Record<string, unknown>;
          const eventType = eventRec?.type || "unknown";
          const structuredRec = eventRec?.structured as Record<string, unknown> | undefined;
          const eventKind = structuredRec?.kind || "unknown";
          this.logger.debug(`📡 [STREAM] Event received: ${eventType} (kind: ${eventKind})`, {
            sessionId: this.extractEventSessionId(event),
            hasStructured: !!structuredRec,
          });
    
          const eventSessionId = this.extractEventSessionId(event);
          // Always run subagent tracking before any session-scoped early return so child
          // session events are captured regardless of which session is active in the UI.
          const subagentUpdate = this.subagentTracker.consumeStreamEvent(event);
          if (subagentUpdate) {
            this.view?.webview.postMessage({
              type: "subagentUpdate",
              ...subagentUpdate,
            });
            void this.subagentPersistence.persistSubagentUpdateSnapshot(
              subagentUpdate,
              this.currentSessionId,
              this.sessionService,
              (msg) => this.view?.webview.postMessage(msg)
            ).catch((persistError) => {
              this.logger.warn("Failed to persist subagent stream snapshot", { err: persistError });
            });
          }
    
          // We process all events for internal logic (tracking, persistence),
          // but drop early if the stream event belongs to a different active session.
          if (eventSessionId && this.currentSessionId && eventSessionId !== this.currentSessionId) {
            return;
          }
    
          // Track token usage from message.updated events
          if (event.type === "message.updated" && event.properties) {
            const info = (event.properties as any)?.info;
            if (info?.tokens && info?.modelID) {
              const tokens: TokenUsage = {
                input: info.tokens.input || 0,
                output: info.tokens.output || 0,
                reasoning: info.tokens.reasoning || 0,
                cacheRead: info.tokens.cache?.read || 0,
                cacheWrite: info.tokens.cache?.write || 0,
              };
              // Track only if there's actual token usage
              if (tokens.input > 0 || tokens.output > 0 || tokens.reasoning > 0) {
                this.geminiTokenTracker.recordUsage(info.modelID, tokens);
              }
            }
          }
    
          this.forwardCompactionStatusFromStreamEvent(event);
    
          // Forward events to webview
          const enrichedEvent = this.enrichStreamEvent(event);
          this.logStreamEventDiagnostics(event, enrichedEvent);
    
          if (this.hasBlockingInteractiveInStreamPayload(enrichedEvent)) {
            this.awaitingInteractiveAnswer = true;
          }
    
          // Clear flag when we receive actual content (not another question)
          // This indicates the model is processing and we're no longer just "awaiting"
          if (this.awaitingInteractiveAnswer) {
            const isAnotherQuestion = this.hasBlockingInteractiveInStreamPayload(enrichedEvent);
            const isActualContent = enrichedEvent.type &&
                                   enrichedEvent.type !== 'interactive_event' &&
                                   !isAnotherQuestion;
    
            if (isActualContent) {
              this.awaitingInteractiveAnswer = false;
            }
          }
    
          // Log stream event for debugging response types (with error handling)
          try {
            const structured = enrichedEvent?.structured || {};
            const responseContext: Record<string, unknown> = {
              eventType: event.type || "unknown",
              kind: structured?.kind || "unknown",
            };
    
            if (structured?.text) {
              responseContext.textLength = structured.text.length;
              responseContext.textPreview = structured.text.substring(0, 100);
            }
    
            if (structured?.responseType) {
              responseContext.responseType = structured.responseType;
            }
    
            if (enrichedEvent?.structuredOutput) {
              responseContext.hasStructuredOutput = true;
              responseContext.outputType =
                enrichedEvent.structuredOutput.responseType;
            }
    
            this.logger.aiStreamEvent(
              "stream", // sessionId - using placeholder since stream events don't have a sessionId
              structured?.kind || "unknown", // eventType
              responseContext, // context
            );
          } catch (error) {
            // Silently ignore logging errors to prevent stream interruption
            this.logger.warn("Failed to log stream event", { err: error });
          }
    
          // Forward todo_update stream events as todoUpdate postMessage to webview
          if (enrichedEvent?.structuredOutput?.responseType === "todo_update") {
            const structured = enrichedEvent.structuredOutput as Record<string, unknown>;
            const todoItems = Array.isArray(structured.todoItems)
              ? structured.todoItems
              : [];
    
            // **Performance Optimization:** Batch all todo updates into a single postMessage
            // Previously sent individual postMessage for each item (could be 10+ messages)
            // Now sends single batch message with all updates
            const updates: Array<{ id: string; text: string; status: string; sessionId?: string }> = [];
    
            for (const rawItem of todoItems) {
              if (typeof rawItem !== "object" || rawItem === null) {
                continue;
              }
    
              const item = rawItem as Record<string, unknown>;
              const id = typeof item.id === "string" ? item.id : "";
              const text = typeof item.text === "string" ? item.text : "";
              const status = typeof item.status === "string" ? item.status : "";
              const sessionId =
                typeof item.sessionId === "string" ? item.sessionId : undefined;
    
              if (!id || !text || !status) {
                continue;
              }
    
              updates.push({
                id,
                text,
                status,
                ...(sessionId ? { sessionId } : {}),
              });
            }
    
            // Send batched updates as single postMessage (reduces IPC overhead)
            if (updates.length > 0) {
              this.view?.webview.postMessage({
                type: "todoUpdate",
                action: "batch",
                items: updates,
              });
            }
    
            // **Performance Optimization:** Debounce todo persistence
            // Previously persisted on every todo_update event during streaming
            // Now debounced with 1-second delay (reduces state writes by 80-90%)
            const targetPersistSessionId = eventSessionId || this.currentSessionId;
            if (targetPersistSessionId && updates.length > 0) {
              this.scheduleTodoPersistence(targetPersistSessionId, todoItems);
            }
          }
    
          // Stamp the active session ID onto every event so the webview can always
          // perform a reliable session-scoped filter even when the raw event payload
          // does not carry a sessionId field.
          this.view?.webview.postMessage({
            type: "streamEvent",
            event: { ...enrichedEvent, sessionId: this.currentSessionId },
          });
          if (this.shouldVerboseStreamDebug()) {
            this.logger.debug("streamEvent forwarded", {
              type: (enrichedEvent as any)?.type || event.type,
              kind: (enrichedEvent as any)?.structured?.kind || "unknown",
            });
          }
    
          // If this is a step-finish or tool completion for an edit, calculate diff stats asynchronously
          // Fire-and-forget follow-up message so we don't block the stream rendering
          if (enrichedEvent?.structured?.kind === "progress") {
            const props = (event.properties || {}) as any;
            const part = props.part || {};
            const partType = (part.type || "").toLowerCase();
    
            // Check if it's a tool that modified a file or a step-finish for an edit
            const isToolDone = partType === "tool" && part.state?.status === "done";
            const isStepFinish = partType === "step-finish";
    
            if (isToolDone || isStepFinish) {
              const toolName = (part.tool || "").toLowerCase();
              const filePath =
                part.state?.input?.file || part.state?.input?.path || part.filePath;
    
              if (
                filePath &&
                (toolName.includes("write") ||
                  toolName.includes("replace") ||
                  toolName.includes("edit") ||
                  isStepFinish)
              ) {
                const callID =
                  part.callId ||
                  part.callID ||
                  enrichedEvent?.structured?.callID ||
                  enrichedEvent.id;
                if (callID) {
                  const toolNameRaw =
                    typeof part.tool === "string" ? part.tool : undefined;
                  const partInput = part.state?.input ?? {};
                  const commandHint =
                    (typeof partInput.CommandLine === "string" && partInput.CommandLine) ||
                    (typeof partInput.command === "string" && partInput.command) ||
                    undefined;
                  const queryHint =
                    (typeof partInput.Query === "string" && partInput.Query) ||
                    (typeof partInput.query === "string" && partInput.query) ||
                    (typeof partInput.Pattern === "string" && partInput.Pattern) ||
                    (typeof partInput.pattern === "string" && partInput.pattern) ||
                    undefined;
                  this.getDiffActivityEnrichment(filePath)
                    .then((enrichment) => {
                      if (enrichment && this.view) {
                        this.view.webview.postMessage({
                          type: "streamEventEnrich",
                          callID,
                          diffStats: enrichment.diffStats,
                          activityDetail: {
                            kind: "file_edit",
                            tool: toolNameRaw,
                            command: commandHint,
                            query: queryHint,
                            file: filePath,
                            diffExcerpt: enrichment.diffExcerpt,
                          },
                        });
                      }
                    })
                    .catch((err) => {
                      this.logger.error("Failed to get diff stats async", { err });
                    });
                }
              }
            }
          }
        });
    
        webviewView.webview.html = this.getHtmlContent(webviewView.webview);
    
        // Subscribe to status changes
        const statusSubscription = this.serverManager.onStatusChange((status) => {
          this.view?.webview.postMessage({
            type: "statusUpdate",
            status: status,
          });
        });
    
        // Cleanup on dispose
        webviewView.onDidDispose(() => {
          if (this.unsubscribe) {
            this.unsubscribe();
            this.unsubscribe = undefined;
          }
          this.isBootstrappingWebview = false;
          this.hasInitializedWebview = false;
          this.sessionsListRequestVersion = 0;
          this.lastSessionsPayloadFingerprint = undefined;
          statusSubscription.dispose();
          this.quotaService.dispose();
          // Don't dispose the singleton tracker - it's shared
          this.view = undefined;
        });
      
  operator: 'match'
  stack: |-
    TestContext.<anonymous> (file:///E:/Projects/vscode-opencode/tests/webview/chat-view-streaming.test.mjs:223:10)
    Test.runInAsyncScope (node:async_hooks:214:14)
    Test.run (node:internal/test_runner/test:1047:25)
    Test.processPendingSubtests (node:internal/test_runner/test:744:18)
    Test.postRun (node:internal/test_runner/test:1173:19)
    Test.run (node:internal/test_runner/test:1101:12)
    async Test.processPendingSubtests (node:internal/test_runner/test:744:7)
  ...
# Subtest: BashPreview component exists and is exported
ok 1399 - BashPreview component exists and is exported
  ---
  duration_ms: 2.7717
  type: 'test'
  ...
# Subtest: BashPreview has correct props interface
ok 1400 - BashPreview has correct props interface
  ---
  duration_ms: 26.79
  type: 'test'
  ...
# Subtest: BashPreview truncates long commands
ok 1401 - BashPreview truncates long commands
  ---
  duration_ms: 0.9334
  type: 'test'
  ...
# Subtest: BashPreview uses monospace font
ok 1402 - BashPreview uses monospace font
  ---
  duration_ms: 0.8
  type: 'test'
  ...
# Subtest: BashPreview has bash prompt indicator
ok 1403 - BashPreview has bash prompt indicator
  ---
  duration_ms: 1.1894
  type: 'test'
  ...
# Subtest: ExpandableStep component exists and is exported
ok 1404 - ExpandableStep component exists and is exported
  ---
  duration_ms: 3.1555
  type: 'test'
  ...
# Subtest: ExpandableStep has correct props interface
ok 1405 - ExpandableStep has correct props interface
  ---
  duration_ms: 0.7415
  type: 'test'
  ...
# Subtest: ExpandableStep uses React.forwardRef
ok 1406 - ExpandableStep uses React.forwardRef
  ---
  duration_ms: 0.6478
  type: 'test'
  ...
# Subtest: ExpandableStep always shows content
ok 1407 - ExpandableStep always shows content
  ---
  duration_ms: 0.5649
  type: 'test'
  ...
# Subtest: ExpandableStep renders correct structure
ok 1408 - ExpandableStep renders correct structure
  ---
  duration_ms: 0.9632
  type: 'test'
  ...
# Subtest: ExpandableStep has displayName
ok 1409 - ExpandableStep has displayName
  ---
  duration_ms: 0.9147
  type: 'test'
  ...
# Subtest: ExpandableStep uses cn utility for className merging
ok 1410 - ExpandableStep uses cn utility for className merging
  ---
  duration_ms: 1.2228
  type: 'test'
  ...
# Subtest: StepIndicator component exists and is exported
ok 1411 - StepIndicator component exists and is exported
  ---
  duration_ms: 7.6236
  type: 'test'
  ...
# Subtest: StepIndicator has correct props interface
ok 1412 - StepIndicator has correct props interface
  ---
  duration_ms: 0.962
  type: 'test'
  ...
# Subtest: StepIndicator uses React.forwardRef
ok 1413 - StepIndicator uses React.forwardRef
  ---
  duration_ms: 0.5797
  type: 'test'
  ...
# Subtest: StepIndicator renders check icon for done status
ok 1414 - StepIndicator renders check icon for done status
  ---
  duration_ms: 0.7891
  type: 'test'
  ...
# Subtest: StepIndicator renders X icon for error status
ok 1415 - StepIndicator renders X icon for error status
  ---
  duration_ms: 0.9052
  type: 'test'
  ...
# Subtest: StepIndicator renders animated pulse for pending status
ok 1416 - StepIndicator renders animated pulse for pending status
  ---
  duration_ms: 0.646
  type: 'test'
  ...
# Subtest: StepIndicator renders loader for running status
ok 1417 - StepIndicator renders loader for running status
  ---
  duration_ms: 0.7977
  type: 'test'
  ...
# Subtest: StepIndicator has correct accessibility attributes
ok 1418 - StepIndicator has correct accessibility attributes
  ---
  duration_ms: 0.5212
  type: 'test'
  ...
# Subtest: StepIndicator uses cn utility for className merging
ok 1419 - StepIndicator uses cn utility for className merging
  ---
  duration_ms: 1.0971
  type: 'test'
  ...
# Subtest: StepIndicator has displayName
ok 1420 - StepIndicator has displayName
  ---
  duration_ms: 6.7411
  type: 'test'
  ...
# Subtest: StepIndicator imports required icons from lucide-react
ok 1421 - StepIndicator imports required icons from lucide-react
  ---
  duration_ms: 2.6322
  type: 'test'
  ...
# Subtest: StepIndicator has proper structure with wrapper div
ok 1422 - StepIndicator has proper structure with wrapper div
  ---
  duration_ms: 0.8393
  type: 'test'
  ...
# Subtest: StepIndicator has proper CSS classes for each status
ok 1423 - StepIndicator has proper CSS classes for each status
  ---
  duration_ms: 0.8331
  type: 'test'
  ...
# Subtest: StepIndicator handles all status cases
ok 1424 - StepIndicator handles all status cases
  ---
  duration_ms: 1.2873
  type: 'test'
  ...
# Subtest: TerminalBlock component exists and is exported
ok 1425 - TerminalBlock component exists and is exported
  ---
  duration_ms: 7.7896
  type: 'test'
  ...
# Subtest: TerminalBlock has correct props interface
ok 1426 - TerminalBlock has correct props interface
  ---
  duration_ms: 0.8578
  type: 'test'
  ...
# Subtest: TerminalBlock uses React.forwardRef
ok 1427 - TerminalBlock uses React.forwardRef
  ---
  duration_ms: 0.4969
  type: 'test'
  ...
# Subtest: TerminalBlock handles empty command gracefully
ok 1428 - TerminalBlock handles empty command gracefully
  ---
  duration_ms: 1.3499
  type: 'test'
  ...
# Subtest: TerminalBlock has copy functionality
ok 1429 - TerminalBlock has copy functionality
  ---
  duration_ms: 33.8783
  type: 'test'
  ...
# Subtest: TerminalBlock renders correct structure
ok 1430 - TerminalBlock renders correct structure
  ---
  duration_ms: 4.594
  type: 'test'
  ...
# Subtest: TerminalBlock has copy button
ok 1431 - TerminalBlock has copy button
  ---
  duration_ms: 0.6482
  type: 'test'
  ...
# Subtest: TerminalBlock renders optional output
ok 1432 - TerminalBlock renders optional output
  ---
  duration_ms: 6.4169
  type: 'test'
  ...
# Subtest: TerminalBlock has displayName
ok 1433 - TerminalBlock has displayName
  ---
  duration_ms: 2.8362
  type: 'test'
  ...
# Subtest: TerminalBlock uses cn utility for className merging
ok 1434 - TerminalBlock uses cn utility for className merging
  ---
  duration_ms: 1.2345
  type: 'test'
  ...
# Subtest: SkillsPanel Contract - Deep Dive
    # Subtest: renders availableCommands length in title
    ok 1 - renders availableCommands length in title
      ---
      duration_ms: 1.7699
      type: 'test'
      ...
    # Subtest: renders subtask badge when applicable
    ok 2 - renders subtask badge when applicable
      ---
      duration_ms: 0.5827
      type: 'test'
      ...
    # Subtest: renders agent and model details in expanded view
    ok 3 - renders agent and model details in expanded view
      ---
      duration_ms: 1.5846
      type: 'test'
      ...
    # Subtest: uses max-h-80 overflow layout
    ok 4 - uses max-h-80 overflow layout
      ---
      duration_ms: 0.5108
      type: 'test'
      ...
    1..4
ok 1435 - SkillsPanel Contract - Deep Dive
  ---
  duration_ms: 25.2452
  type: 'test'
  ...
# Subtest: AgentsPanel Contract - Deep Dive
    # Subtest: renders color dot with agent specific color
    ok 1 - renders color dot with agent specific color
      ---
      duration_ms: 0.9229
      type: 'test'
      ...
    # Subtest: implements modeBadgeClass mapping correctly
    ok 2 - implements modeBadgeClass mapping correctly
      ---
      duration_ms: 0.381
      type: 'test'
      ...
    # Subtest: renders footer with custom and built-in counts
    ok 3 - renders footer with custom and built-in counts
      ---
      duration_ms: 0.838
      type: 'test'
      ...
    1..3
ok 1436 - AgentsPanel Contract - Deep Dive
  ---
  duration_ms: 8.1522
  type: 'test'
  ...
# Subtest: McpPanel Contract - Deep Dive
    # Subtest: implements statusDot mapping
    ok 1 - implements statusDot mapping
      ---
      duration_ms: 0.7772
      type: 'test'
      ...
    # Subtest: renders status icons for auth and failures
    ok 2 - renders status icons for auth and failures
      ---
      duration_ms: 0.7082
      type: 'test'
      ...
    # Subtest: displays tools count when available
    ok 3 - displays tools count when available
      ---
      duration_ms: 0.446
      type: 'test'
      ...
    1..3
ok 1437 - McpPanel Contract - Deep Dive
  ---
  duration_ms: 6.3275
  type: 'test'
  ...
# Subtest: TodoPanel Contract - Deep Dive
    # Subtest: renders status icons correctly
    ok 1 - renders status icons correctly
      ---
      duration_ms: 0.5068
      type: 'test'
      ...
    # Subtest: applies semantic tones for statuses
    ok 2 - applies semantic tones for statuses
      ---
      duration_ms: 0.3134
      type: 'test'
      ...
    1..2
ok 1438 - TodoPanel Contract - Deep Dive
  ---
  duration_ms: 7.9942
  type: 'test'
  ...
# Subtest: structured output schema supports interactive event types
ok 1439 - structured output schema supports interactive event types
  ---
  duration_ms: 9.4152
  type: 'test'
  ...
# Subtest: structured output schema is defined in shared module
ok 1440 - structured output schema is defined in shared module
  ---
  duration_ms: 12.7655
  type: 'test'
  ...
# Subtest: provider accepts interactive responses from webview
ok 1441 - provider accepts interactive responses from webview
  ---
  duration_ms: 12.8499
  type: 'test'
  ...
# Subtest: provider suppresses timeout errors while awaiting interactive answers
not ok 1442 - provider suppresses timeout errors while awaiting interactive answers
  ---
  duration_ms: 5.5064
  type: 'test'
  location: 'E:\\Projects\\vscode-opencode\\tests\\webview\\interactive-events-contract.test.mjs:63:1'
  failureType: 'testCodeFailure'
  error: 'interactive reply submit should stop any in-flight turn before sending follow-up answers'
  code: 'ERR_ASSERTION'
  name: 'AssertionError'
  expected:
  actual: |-
    
    
    /* FILE: E:\Projects\vscode-opencode\src\providers\ChatViewProvider.ts */
    
    /**
     * Chat View Provider - Core UI Provider for Chat Interface
     *
     * This provider manages the webview-based chat interface that serves as the
     * primary UI for the OpenCode extension. It handles all communication between
     * the extension backend and the webview frontend.
     *
     * **Architecture Overview:**
     * - Implements WebviewViewProvider for VSCode sidebar integration
     * - Manages bidirectional message passing with webview
     * - Handles AI message streaming via MessageStreamService
     * - Detects and persists implementation plans
     * - Manages prompt queue for batch execution
     * - Coordinates with SessionService for session management
     *
     * ============================================================================
     * WEBVIEW MESSAGE PROTOCOL
     * ============================================================================
     *
     * This provider communicates with the webview via VSCode's postMessage API.
     * All messages have a `type` property that determines how they're handled.
     *
     * EXTENSION → WEBVIEW messages (sent via view?.webview.postMessage):
     * {
     *   type: 'initState' | 'chatHistory' | 'sessionsList' | 'streamEvent' |
     *         'statusUpdate' | 'modeChanged' | 'modelsList' | 'agentsList' |
     *         'fileSearchResults',
     *   ...payload
     * }
     *
     * WEBVIEW → EXTENSION messages (received in onDidReceiveMessage):
     * {
     *   type: 'ready' | 'sendMessage' | 'createSession' | 'switchSession' |
     *         'deleteSession' | 'renameSession' | 'getSessions' | 'toggleMode' | 'getModels' |
     *         'selectModel' | 'getAgents' | 'selectAgent' | 'addToQueue' |
     *         'executeQueue' | 'clearQueue' | 'viewPlan' | 'openDiff',
     *   ...payload
     * }
     *
     * MESSAGE FLOW EXAMPLES:
     *
     * 1. Initialization Flow:
     *    webview: {type: 'ready'}
     *    extension: {type: 'initState', mode, serverStatus, selectedModel}
     *    extension: {type: 'chatHistory', messages: [...]}
     *    extension: {type: 'sessionsList', sessions: [...]}
     *
     * 2. Send Message Flow:
     *    webview: {type: 'sendMessage', text: '...', files: [...]}
     *    extension: [streams response via streamEvent messages]
     *    extension: {type: 'chatHistory', messages: [...]}
     *
     * 3. Streaming Response Flow:
     *    extension: {type: 'streamEvent', event: {type: 'message.part.updated'}}
     *    extension: {type: 'streamEvent', event: {type: 'message.updated'}}
     *
     * ============================================================================
     * KEY RESPONSIBILITIES
     * ============================================================================
     *
     * 1. WebView Lifecycle:
     *    - Creates and initializes the webview
     *    - Sets up message handlers
     *    - Manages webview options (scripts, local resources)
     *
     * 2. Message Handling:
     *    - Receives messages from webview
     *    - Dispatches to appropriate handler methods
     *    - Sends responses back to webview
     *
     * 3. Streaming Integration:
     *    - Subscribes to MessageStreamService for real-time updates
     *    - Forwards stream events to webview
     *    - Handles stream completion and errors
     *
     * 4. Plan Detection:
     *    - Analyzes AI responses for implementation plans
     *    - Auto-saves detected plans to workspace
     *    - Notifies user and provides plan viewing option
     *
     * 5. Queue Management:
     *    - Maintains prompt queue for batch execution
     *    - Executes prompts sequentially
     *    - Manages execution state
     *
     * 6. State Synchronization:
     *    - Tracks selected model/agent
     *    - Persists selections to global state
     *    - Syncs with webview on initialization
     *
     * @module ChatViewProvider
     * @see MessageStreamService for streaming implementation
     * @see SessionService for session management
     * @see webview/shared/src/chat/index.tsx for frontend implementation
     */
    
    import type { SessionPromptData } from "@opencode-ai/sdk" with { "resolution-mode": "import" };
    import * as cp from "child_process";
    import * as path from "path";
    import * as vscode from "vscode";
    import {
      CssGenerator,
      FileThemeProcessor,
      FileThemeProcessorObserver,
      FileThemeProcessorState,
    } from "vscode-file-theme-processor";
    import type { TokenUsage } from "../services/GeminiTokenUsageTracker";
    import { GeminiTokenUsageTracker } from "../services/GeminiTokenUsageTracker";
    import { MessageStreamService } from "../services/MessageStreamService";
    import { ModelCapabilitiesService } from "../services/ModelCapabilitiesService";
    import { OpencodeServerManager } from "../services/OpencodeServerManager";
    import { QuotaService } from "../services/QuotaService";
    import { RequestBudgeter } from "../services/RequestBudgeter";
    import { SessionService } from "../services/SessionService";
    import { SkillManagerService } from "../services/SkillManagerService";
    import {
      SubagentTracker,
      type SubagentUpdatePayload,
    } from "../services/SubagentTracker";
    import { TitleGeneratorService } from "../services/TitleGeneratorService";
    import { createLogger } from "../utils/Logger";
    import { LoggingCategories } from "../utils/LoggingSchema";
    import {
      CompactionManager,
      DiagnosticsLogger,
      HistoryProcessor,
      ModelAndAgentManager,
      PlanManager,
      QueueManager,
      SessionHandler,
      StreamEventHandler,
      StructuredOutputProcessor,
      SubagentPersistence,
      type AssistantHistoryMarker,
      type ChatModelOption,
      type ChatSlashCommand,
      type PlanProceedComment,
      type PromptDispatchMode,
      type QueuedPrompt,
      type RecoveredSessionContext,
      type StructuredAssistantOutput
    } from "./chat/index";
    import type { ConfigFile } from "./ConfigFilesProvider";
    import { ConfigFilesProvider } from "./ConfigFilesProvider";
    import { PlanViewProvider } from "./PlanViewProvider";
    
    const log = createLogger(LoggingCategories.CHAT_VIEW);
    
    // All types (QueuedPrompt, PromptDispatchMode, SessionSettings, ChatModelOption,
    // ChatSlashCommand, PersistedCompactionViewState, CompactionBaselineStats,
    // StructuredProgressUpdate, AssistantHistoryMarker, StructuredInteractiveChoice,
    // StructuredInteractiveEvent, StructuredAssistantOutput, PlanProceedComment,
    // RecoveredSessionContext) and constants (STRUCTURED_RESPONSE_TYPES) are now
    // imported from ./chat/index
    
    /**
     * Provides the chat interface webview for the OpenCode extension.
     *
     * This class is the core UI provider, managing all communication between
     * the extension backend and the chat webview frontend.
     *
     * **Usage:**
     * ```typescript
     * const provider = new ChatViewProvider(context, serverManager, sessionService);
     * context.subscriptions.push(
     *   vscode.window.registerWebviewViewProvider('opencode.chatView', provider)
     * );
     * ```
     *
     * **Integration Points:**
     * - OpencodeServerManager: For server status and client access
     * - SessionService: For session and message management
     * - MessageStreamService: For real-time AI response streaming
     * - PlanViewProvider: For displaying detected implementation plans
     *
     * **Thread Safety:**
     * This class is not thread-safe. All methods should be called from the
     * main VSCode extension host thread.
     *
     * @see WebviewViewProvider for VSCode webview provider interface
     */
    export class ChatViewProvider
      implements vscode.WebviewViewProvider, FileThemeProcessorObserver {
      private static readonly SUBAGENT_SNAPSHOT_PREFIX =
        "opencode.session.subagents.";
      private static readonly COMPACTION_VIEW_STATE_PREFIX =
        "opencode.session.compaction-view.";
      /** The webview instance (undefined before initialization) */
      private view?: vscode.WebviewView;
    
      /** Service for streaming events from the server */
      private streamService: MessageStreamService;
    
      /** Unsubscribe function for stream service cleanup */
      private unsubscribe?: () => void;
    
      /** Service for monitoring AI platform quota usage */
      private quotaService: QuotaService;
      private subagentTracker: SubagentTracker;
    
      /** Provider for managing configuration files */
      private configFilesProvider: ConfigFilesProvider;
    
      /** Service for managing custom skill installation and lifecycle */
      private skillManager: SkillManagerService;
      /** Service for resolving model capabilities (reasoning, variants) */
      private modelCapabilitiesService: ModelCapabilitiesService;
    
      /** Service for tracking Gemini token usage from stream events */
      private geminiTokenTracker: GeminiTokenUsageTracker;
      /** Service for managing daily request budgets */
      private budgeter: RequestBudgeter;
    
      private fileThemeProcessor: FileThemeProcessor;
      private cssGenerator: CssGenerator;
      private currentThemeCss: string | undefined;
    
      /** Logger for tracking events and metrics */
      private readonly logger: ReturnType<typeof createLogger>;
      private renderParityLogWriteChain: Promise<void> = Promise.resolve();
      private renderParityDebugFilePath?: string;
      private didLogRenderParityFilePath = false;
    
      /** Currently selected AI model (persisted to global state) */
      private selectedModel: {
        providerID: string;
        modelID: string;
        providerName?: string;
      } = {
          providerID: "opencode",
          modelID: "big-pickle",
          providerName: undefined,
        };
    
      /** Cache of available models returned from the server (used to resolve providerName) */
      // Cache of available models returned from the server (used to resolve providerName)
      // This cached list allows the extension to enrich selections sent from the webview
      // when the webview omits providerName.
      private availableModels?: ChatModelOption[];
    
      /** Currently selected agent (primary agent used for new sessions) */
      private selectedAgent: string = "build";
    
      /** Current chat mode (e.g., 'chat', 'agent', etc.) */
      private currentMode: string = "chat";
    
      /** ID of the session currently active in the webview (undefined until first bootstrap) */
      private currentSessionId: string | undefined;
      private currentTodoItems: unknown[] = [];
      private awaitingInteractiveAnswer = false;
      private interactiveResponseTransitionUntil = 0;
    
      /** Debouncing for todo persistence to reduce state write frequency during streaming */
      private todoPersistenceTimer: NodeJS.Timeout | null = null;
      private pendingTodoPersistence = false;
    
      private getTodoStorageKey(sessionId: string): string {
        return `opencode.session.todos.${sessionId}`;
      }
    
      private loadPersistedTodos(sessionId?: string): { items: unknown[]; lastUpdatedAt?: number } {
        if (!sessionId) return { items: [] };
        const raw = this.context.workspaceState.get<{ items: unknown[]; lastUpdatedAt: number }>(
          this.getTodoStorageKey(sessionId),
        );
        return { items: raw?.items ?? [], lastUpdatedAt: raw?.lastUpdatedAt };
      }
    
      private clearSessionTodos(sessionId?: string): void {
        this.currentTodoItems = [];
        if (sessionId) {
          this.context.workspaceState.update(this.getTodoStorageKey(sessionId), undefined);
        }
      }
    
      /**
       * Schedules a debounced todo persistence operation.
       * Multiple rapid calls during streaming will only trigger one write after 1 second.
       *
       * **Performance Note:** This reduces state write frequency during streaming by debouncing.
       * The persistence happens in the background without blocking the event loop.
       */
      private scheduleTodoPersistence(
        targetSessionId: string,
        todoItems: unknown[]
      ): void {
        // Clear any pending persistence timer
        if (this.todoPersistenceTimer) {
          clearTimeout(this.todoPersistenceTimer);
        }
    
        // Mark that we have pending persistence
        this.pendingTodoPersistence = true;
    
        // Schedule persistence after 1 second of inactivity (debouncing)
        this.todoPersistenceTimer = setTimeout(() => {
          this.persistTodoItems(targetSessionId, todoItems).catch((error) => {
            this.logger.warn("Failed to persist todo snapshot", { error });
          });
          this.pendingTodoPersistence = false;
          this.todoPersistenceTimer = null;
        }, 1000);
      }
    
      /**
       * Persists todo items to workspace state.
       * This method is async and debounced - called in the background.
       *
       * **Performance Note:** Previously called on every todo_update event during streaming.
       * Now debounced to reduce write frequency by 80-90%.
       */
      private async persistTodoItems(
        targetSessionId: string,
        incomingTodos: unknown[]
      ): Promise<void> {
        const key = this.getTodoStorageKey(targetSessionId);
        const existing =
          (this.context.workspaceState.get<{
            items: unknown[];
            lastUpdatedAt: number;
          }>(key) as { items: unknown[]; lastUpdatedAt: number } | undefined) ??
          { items: [], lastUpdatedAt: 0 };
    
        // Merge/upsert incoming items into existing snapshot using id + lifecycle rank
        const incoming = Array.isArray(incomingTodos) ? incomingTodos : [];
    
        const LIFECYCLE_RANK: Record<string, number> = {
          pending: 0,
          in_progress: 1,
          completed: 2,
          failed: 2,
          cancelled: 2,
        };
    
        interface StoredTodoItem { id: string; text: string; status: string;[key: string]: unknown }
    
        const byId = new Map<string, StoredTodoItem>();
        for (const item of existing.items) {
          const rec = item as Record<string, unknown>;
          const id = typeof rec?.id === "string" ? rec.id : undefined;
          if (!id) continue;
          byId.set(id, item as StoredTodoItem);
        }
    
        for (const inc of incoming) {
          if (!inc || typeof inc !== "object") continue;
          const incRec = inc as Record<string, unknown>;
          const id = typeof incRec.id === "string" ? incRec.id : undefined;
          const text = typeof incRec.text === "string" ? incRec.text : undefined;
          const status = typeof incRec.status === "string" ? incRec.status : undefined;
          if (!id || !text || !status) continue;
    
          const existingItem = byId.get(id);
          if (!existingItem) {
            byId.set(id, { id, text, status });
            continue;
          }
    
          const existingRank = LIFECYCLE_RANK[existingItem.status] ?? 0;
          const incomingRank = LIFECYCLE_RANK[status] ?? 0;
    
          if (incomingRank > existingRank) {
            byId.set(id, { ...existingItem, text: text || existingItem.text, status });
          } else if (incomingRank === existingRank) {
            // If same rank and same status, idempotent; if different status at same rank, prefer existing
            if (status === existingItem.status) {
              // keep existing (no-op)
            } else {
              // prefer existing to avoid blind flips
              byId.set(id, existingItem);
            }
          } else {
            // incoming rank lower -> ignore
            byId.set(id, existingItem);
          }
        }
    
        const updatedItems = Array.from(byId.values());
        await this.context.workspaceState.update(key, {
          items: updatedItems,
          lastUpdatedAt: Date.now(),
        });
    
        // Update in-memory cache for active session
        this.currentTodoItems = updatedItems;
      }
    
      private async updateSessionTitle(sessionId: string, title: string): Promise<void> {
        try {
          const client = await this.serverManager.ensureRunning();
          await client.session.update({
            path: { id: sessionId },
            body: { title }
          });
    
          const updatedSession = await this.sessionService.switchSession(sessionId);
          this.logger.info(`Updated session ${sessionId} title to: ${title}`);
        } catch (error) {
          this.logger.warn(`Failed to update session title for ${sessionId}:`, { error: String(error) });
        }
      }
    
      /** Session-scoped queue of prompts awaiting execution */
      private queueBySessionId = new Map<string, QueuedPrompt[]>();
      private queueItemSequence = 0;
    
      /** Set of session IDs currently executing their queue */
      private executingQueueSessionIds: Set<string> = new Set();
    
      private processingSessionIds: Set<string> = new Set();
      private get isProcessingRequest(): boolean {
        return this.processingSessionIds.size > 0;
      }
      private isBootstrappingWebview: boolean = false;
      private hasInitializedWebview: boolean = false;
      private sessionsListRequestVersion = 0;
      private lastSessionsPayloadFingerprint: string | undefined;
      /** Cache last message args for retry functionality */
      private lastSendMessageArgs?: {
        text: string;
        files?: string[];
        contexts?: any[];
        images?: any[];
        agent?: string;
      };
      private structuredOutputMode: "format" | "outputFormat" | "disabled" = "format";
      private readonly promptDebugBySession = new Map<string, Record<string, unknown>>();
      private readonly structuredValidationFailureCounters = new Map<string, number>();
      private readonly structuredOutputIncompatibleModelKeys = new Set<string>();
      private capabilityFetchFailureCount = 0;
      private modelsFetchPromise: Promise<ChatModelOption[]> | null = null;
      private commandCatalog: ChatSlashCommand[] = [];
      private commandCatalogFetchedAt = 0;
      private commandCatalogFetchPromise: Promise<ChatSlashCommand[]> | null = null;
      // Cache commands for 30 minutes since they rarely change
      // This prevents slow server calls with 700+ skills
      private readonly COMMAND_CATALOG_TTL_MS = 30 * 60 * 1000;
      private readonly compactingSessions = new Set<string>();
    
      /** ===== NEW: Module instances ===== */
      private diagnosticsLogger!: DiagnosticsLogger;
      private structuredOutputProcessor!: StructuredOutputProcessor;
      private planManager!: PlanManager;
      private subagentPersistence!: SubagentPersistence;
      private compactionManager!: CompactionManager;
      private historyProcessor!: HistoryProcessor;
      private modelAndAgentManager!: ModelAndAgentManager;
      private queueManager!: QueueManager;
      private sessionHandler!: SessionHandler;
      private streamEventHandler!: StreamEventHandler;
    
      /**
       * Creates a new ChatViewProvider instance.
       *
       * **Initialization:**
       * - Creates MessageStreamService for streaming
       * - Loads persisted model selection from global state
       * - Does NOT immediately create webview (happens on demand)
       *
       * **Model Persistence:**
       * The selected model is persisted to VSCode's global state,
       * which means it survives across VSCode restarts and workspace changes.
       *
       * @param context - VSCode extension context for global state access
       * @param serverManager - Server manager for status checking
       * @param sessionService - Session service for session management
       */
      constructor(
        private context: vscode.ExtensionContext,
        private serverManager: OpencodeServerManager,
        private sessionService: SessionService,
        modelCapabilitiesService?: ModelCapabilitiesService,
      ) {
        this.logger = createLogger("ChatViewProvider");
        this.streamService = new MessageStreamService(serverManager);
        this.quotaService = new QuotaService();
        this.subagentTracker = new SubagentTracker();
        this.budgeter = new RequestBudgeter();
        this.configFilesProvider = new ConfigFilesProvider();
        this.skillManager = new SkillManagerService(context);
        this.skillManager.initialize().catch((error) => {
          this.logger.error('Failed to initialize skill manager', error);
        });
        // Use injected service or create local instance as fallback
        this.modelCapabilitiesService = modelCapabilitiesService ?? new ModelCapabilitiesService();
        this.geminiTokenTracker = GeminiTokenUsageTracker.getInstance();
        this.quotaService.on("quotaUpdate", (data) => {
          this.view?.webview.postMessage({ type: "quotaData", data });
          this.sendBudgetInfo();
        });
    
        // Initialize file theme processor
        this.fileThemeProcessor = new FileThemeProcessor(context);
        this.cssGenerator = new CssGenerator();
        this.fileThemeProcessor.subscribe(this);
    
        // Load persisted model selection
        const savedModel = this.context.globalState.get<any>("selectedModel");
        if (
          savedModel &&
          typeof savedModel.providerID === "string" &&
          typeof savedModel.modelID === "string" &&
          savedModel.providerID &&
          savedModel.modelID
        ) {
          this.logger.info(
            `[ChatViewProvider] Loaded persisted model: ${savedModel.modelID} (${savedModel.providerID})`,
          );
          this.selectedModel = savedModel;
        } else if (savedModel) {
          this.logger.warn(
            "[ChatViewProvider] Ignoring invalid persisted model selection. Expected {providerID, modelID}.",
          );
        }
    
        /** ===== NEW: Initialize all modules ===== */
        this.initializeModules();
      }
    
      /**
       * Initialize all chat modules and wire dependencies
       */
      private initializeModules(): void {
        // Utility method callbacks
        const asRecord = (value: unknown) => {
          if (value && typeof value === "object" && !Array.isArray(value)) {
            return value as Record<string, unknown>;
          }
          return undefined;
        };
    
        const firstNonEmptyString = (...values: unknown[]): string | undefined => {
          for (const value of values) {
            if (typeof value === "string" && value.trim().length > 0) {
              return value.trim();
            }
          }
          return undefined;
        };
    
        const logger = this.logger;
    
        // 1. DiagnosticsLogger
        this.diagnosticsLogger = new DiagnosticsLogger(
          logger,
          asRecord,
          firstNonEmptyString,
          this.extractMessageBodyText.bind(this),
          this.historyMessageCreatedAt.bind(this),
          this.extractHistoryMessageId.bind(this),
          this.isRenderableHistoryMessage.bind(this),
          this.historyMessageFingerprint.bind(this),
        );
    
        // 2. PlanManager (must be created before StructuredOutputProcessor)
        this.planManager = new PlanManager(
          logger,
          firstNonEmptyString,
          this.context.globalState,
        );
    
        // 3. StructuredOutputProcessor
        this.structuredOutputProcessor = new StructuredOutputProcessor(
          logger,
          asRecord,
          firstNonEmptyString,
          this.planManager,
        );
    
        // 4. SubagentPersistence
        this.subagentPersistence = new SubagentPersistence(
          this.context.workspaceState,
          this.subagentTracker,
          logger,
          asRecord,
          firstNonEmptyString,
          this.normalizeSubagentStatus.bind(this),
          this.mergeSubagentEntries.bind(this),
          this.hydrateSubagentsFromPayload.bind(this),
          this.resolveSubagentPayloadSessionId.bind(this),
        );
    
        // 5. CompactionManager
        this.compactionManager = new CompactionManager(
          this.context.workspaceState,
          this.serverManager,
          logger,
          asRecord,
          firstNonEmptyString,
          this.processHistoryMessages.bind(this),
        );
    
        // 6. HistoryProcessor
        this.historyProcessor = new HistoryProcessor(
          this.context.workspaceState,
          logger,
          this.structuredOutputProcessor,
          asRecord,
          firstNonEmptyString,
          this.isLikelyToolCallTranscript.bind(this),
          this.extractMessageBodyText.bind(this),
          this.planManager,
        );
    
        // 7. ModelAndAgentManager
        this.modelAndAgentManager = new ModelAndAgentManager(
          this.context.globalState,
          this.serverManager,
          this.modelCapabilitiesService,
          logger,
          asRecord,
          firstNonEmptyString,
        );
    
        // 8. QueueManager
        this.queueManager = new QueueManager(logger);
    
        // 9. SessionHandler
        this.sessionHandler = new SessionHandler(
          this.sessionService,
          this.historyProcessor,
          this.subagentPersistence,
          this.compactionManager,
          this.modelAndAgentManager,
          logger,
        );
    
        // 10. StreamEventHandler
        this.streamEventHandler = new StreamEventHandler(
          this.structuredOutputProcessor,
          this.subagentPersistence,
          this.compactionManager,
          this.diagnosticsLogger,
          this.geminiTokenTracker,
          this.subagentTracker,
          logger,
        );
    
        /** ===== NEW: Wire all callbacks ===== */
        this.wireModuleCallbacks();
      }
    
      /**
       * Wire callbacks between modules and the shell
       */
      private wireModuleCallbacks(): void {
        const postMessage = (msg: any) => {
          this.view?.webview.postMessage(msg);
        };
    
        const getCurrentSessionId = () => this.currentSessionId;
        const setCurrentSessionId = (id: string | undefined) => {
          this.currentSessionId = id;
        };
    
        // Wire postMessage callbacks
        this.compactionManager.setPostMessage(postMessage);
        this.modelAndAgentManager.setPostMessage(postMessage);
        this.queueManager.setPostMessage(postMessage);
        this.sessionHandler.setPostMessage(postMessage);
        this.sessionHandler.setGetCurrentSessionId(getCurrentSessionId);
        this.sessionHandler.setSetCurrentSessionId(setCurrentSessionId);
        this.streamEventHandler.setPostMessage(postMessage);
        this.streamEventHandler.setGetCurrentSessionId(getCurrentSessionId);
    
        // Wire QueueManager execution callbacks
        this.queueManager.setHandleSendMessage(this.handleSendMessage.bind(this));
        this.queueManager.setHandleStopRequest(this.handleStopRequest.bind(this));
        this.queueManager.setGetCurrentSessionId(getCurrentSessionId);
      }
    
      private async schedulePromptDispatch(
        mode: PromptDispatchMode,
        payload: {
          sessionId?: string;
          text?: string;
          files?: string[];
          contexts?: any[];
          images?: any[];
          agent?: string;
          userFacingText?: string;
        },
      ): Promise<void> {
        const text = typeof payload.text === "string" ? payload.text.trim() : "";
        if (!text) {
          return;
        }
    
        const sessionId = await this.resolveQueueSessionId(payload.sessionId);
        if (!sessionId) {
          return;
        }
    
        const effectiveMode =
          mode === "send-now" && this.processingSessionIds.has(sessionId)
            ? "steer"
            : mode;
    
        // For normal sends, bypass queue persistence entirely so the queue panel
        // does not show transient "queued" items when there is no active backlog.
        if (effectiveMode === "send-now") {
          await this.handleSendMessage(
            text,
            payload.files,
            payload.contexts,
            payload.images,
            payload.agent,
            false,
            undefined,
            false,
            undefined,
            payload.userFacingText,
          );
          return;
        }
    
        const promptId = `q-${Date.now()}-${this.queueItemSequence}`;
        this.queueItemSequence += 1;
        const prompt: QueuedPrompt = {
          id: promptId,
          sessionId,
          createdAt: Date.now(),
          text,
          userFacingText: payload.userFacingText,
          files: payload.files,
          contexts: payload.contexts,
          images: payload.images,
          agent: payload.agent,
        };
    
        this.queueManager.enqueuePrompt(prompt, effectiveMode !== "queue");
        this.sendQueueUpdate(sessionId);
    
        if (effectiveMode === "queue") {
          return;
        }
    
        if (this.isProcessingRequest) {
          if (sessionId === this.currentSessionId) {
            await this.handleStopRequest(sessionId);
          }
          return;
        }
    
        await this.handleExecuteQueue(sessionId);
      }
    
      private async handleDispatchQueuedItem(
        dispatchMode: "queue" | "send-now" | "steer",
        sessionId: string,
        id: string,
        index?: number,
      ): Promise<void> {
        await this.queueManager.handleDispatchQueuedItem(
          dispatchMode,
          sessionId,
          id,
          index,
        );
      }
    
      private async handleRemoveFromQueue(
        sessionId: string | undefined,
        id: string,
        _index?: number,
      ): Promise<void> {
        if (!id) {
          return;
        }
        await this.queueManager.handleRemoveFromQueue({ id });
        if (sessionId) {
          this.sendQueueUpdate(sessionId);
        }
      }
    
      private async handleClearQueue(sessionId: string): Promise<void> {
        if (!sessionId) {
          return;
        }
        await this.queueManager.handleClearQueue({ sessionId });
      }
    
      private sendQueueUpdate(sessionId: string): void {
        void this.queueManager.sendQueueUpdate(sessionId);
      }
    
      private async handleExecuteQueue(sessionId: string): Promise<void> {
        const flow = log.startFeatureFlow('ExecuteQueue', { sessionId });
    
        if (!sessionId || this.executingQueueSessionIds.has(sessionId)) {
          if (this.executingQueueSessionIds.has(sessionId)) {
            log.endFeatureFlow(flow, { status: 'skipped', reason: 'Queue already executing' });
          } else {
            log.endFeatureFlow(flow, { status: 'failed', reason: 'No sessionId provided' });
          }
          return;
        }
    
        log.featureStep(flow, 'queue_execution_started');
        this.executingQueueSessionIds.add(sessionId);
        this.view?.webview.postMessage({
          type: "queueExecutionStarted",
          sessionId,
        });
    
        try {
          await this.queueManager.handleExecuteQueue({ sessionId });
          log.endFeatureFlow(flow, { status: 'completed', sessionId });
        } catch (error) {
          log.error('Failed to execute queue', { sessionId }, error as Error);
          log.endFeatureFlow(flow, { status: 'failed', error: String(error) });
        } finally {
          this.executingQueueSessionIds.delete(sessionId);
          this.sendQueueUpdate(sessionId);
        }
      }
    
      /**
       * Wrapper: Get sessions list
       * Fetches sessions from service and sends to webview
       */
      private async handleGetSessions(): Promise<void> {
        const sessions = await this.sessionService.listSessions();
        const sessionsPayload = sessions.map((session: any) => ({
          id: session.id,
          title: session.title || session.id,
          createdAt: session.createdAt,
          updatedAt: session.updatedAt,
        }));
    
        this.view?.webview.postMessage({
          type: "sessionsList",
          sessions: sessionsPayload,
        });
      }
    
      /**
       * Wrapper: Load session
       * Loads messages from service and sends to webview
       */
      private async handleLoadSession(sessionId: string): Promise<void> {
        const flow = log.startFeatureFlow('LoadSession', { sessionId });
    
        if (!sessionId) {
          log.endFeatureFlow(flow, { status: 'failed', reason: 'No sessionId provided' });
          return;
        }
    
        // Add to processing state to show loading indicator in UI
        this.processingSessionIds.add(sessionId);
        this.sendProcessingSessionsUpdate();
    
        try {
          // CRITICAL: Switch the active session in SessionService
          // This updates the service's internal state and persists it
          await this.sessionService.switchSession(sessionId);
          this.currentSessionId = sessionId;
          this.subagentTracker.setActiveSession(sessionId);
          // Clear in-memory todo cache to avoid cross-session leakage
          this.clearSessionTodos(sessionId);
    
          // Restore per-session agent / model / thinking selections
          await this.modelAndAgentManager.applySessionSettings(sessionId);
    
          // Notify the webview of the restored selections for this session
          this.view?.webview.postMessage({
            type: "initState",
            serverStatus: this.serverManager.getStatus(),
            selectedModel: this.modelAndAgentManager.getSelectedModel(),
            selectedAgent: this.modelAndAgentManager.getSelectedAgent(),
            serverVersion: this.serverManager.getVersion(),
            currentSessionId: this.currentSessionId,
            todoItems: this.loadPersistedTodos(this.currentSessionId).items,
          });
    
          const sessionThinkingLevel =
            this.modelAndAgentManager.getSessionSettings(sessionId).thinkingLevel ??
            this.context.globalState.get<string>("thinkingLevel");
          if (sessionThinkingLevel) {
            this.view?.webview.postMessage({
              type: "thinkingLevelUpdate",
              level: sessionThinkingLevel,
            });
          }
    
          // Fire-and-forget: fetch and broadcast current model capabilities on session load
          void this.modelCapabilitiesService
            .getCapabilities(
              this.modelAndAgentManager.getSelectedModel()?.providerID ?? "",
              this.modelAndAgentManager.getSelectedModel()?.modelID ?? "",
            )
            .then((capability) => {
              this.view?.webview.postMessage({
                type: "modelCapabilityUpdate",
                capability: capability ?? null,
              });
            })
            .catch(() => {
              // Minimal failure tracking for session-load capability fetches
              try {
                this.capabilityFetchFailureCount = (this.capabilityFetchFailureCount || 0) + 1;
                if (this.capabilityFetchFailureCount >= 3) {
                  vscode.window.showWarningMessage(
                    "Could not fetch model capabilities. Thinking level control may be unavailable.",
                  );
                  this.capabilityFetchFailureCount = 0;
                }
              } catch (_) {
                // best-effort only
              }
            });
    
          // Reload history for the new session
          const rawMessages = await this.sessionService.getMessages(sessionId);
    
          this.logger.info('[handleLoadSession] Fetched raw messages', {
            sessionId,
            rawCount: rawMessages?.length || 0,
            isRawMessagesArray: Array.isArray(rawMessages)
          });
    
          const messages = Array.isArray(rawMessages)
            ? await this.processHistoryMessages(rawMessages, sessionId)
            : [];
    
          this.logger.info('[handleLoadSession] Processed messages', {
            sessionId,
            processedCount: messages.length,
            willSendToWebview: true
          });
    
          const subagentSnapshotPayload =
            await this.subagentPersistence.syncSubagentSnapshotForSession(
              sessionId,
              messages,
            );
          await this.compactionManager.sendPersistedCompactionViewState(sessionId);
    
          // DEBUG: Log messages before sending to webview
          const planMessages = messages.filter((m: any) => m?.plan);
          log.debug('Sending messages to webview', {
            totalMessages: messages.length,
            planMessagesCount: planMessages.length,
            samplePlanMessage: planMessages[0] ? {
              hasPlan: !!planMessages[0].plan,
              planKeys: planMessages[0].plan ? Object.keys(planMessages[0].plan) : [],
              planFile: planMessages[0].plan?.file,
              planValue: planMessages[0].plan
            } : null
          });
    
          this.view?.webview.postMessage({
            type: "chatHistory",
            sessionId: sessionId,
            messages: messages,
          });
          this.view?.webview.postMessage({
            type: "subagentSnapshot",
            ...subagentSnapshotPayload,
          });
    
          // Update the list selection
          await this.handleGetSessions();
        } catch (error) {
          log.error('Failed to load session', { sessionId }, error as Error);
          vscode.window.showErrorMessage(`Failed to load session: ${error}`);
          log.endFeatureFlow(flow, { status: 'failed', error: String(error) });
        } finally {
          // Remove from processing state regardless of success or error
          this.processingSessionIds.delete(sessionId);
          this.sendProcessingSessionsUpdate();
          // always finalize flow (was previously guarded by !flow.result)
          log.endFeatureFlow(flow, { status: 'completed', sessionId });
        }
      }
    
      /**
       * Wrapper: Delete session
       * Handles session deletion with fallback to create new session
       */
      private async handleDeleteSession(sessionId: string): Promise<void> {
        const flow = log.startFeatureFlow('DeleteSession', { sessionId });
    
        if (!sessionId) {
          log.endFeatureFlow(flow, { status: 'failed', reason: 'No sessionId provided' });
          return;
        }
    
        try {
          log.featureStep(flow, 'deleting_session');
          await this.sessionService.deleteSession(sessionId);
          await this.clearPersistedSubagentSnapshot(sessionId);
          await this.compactionManager.clearPersistedCompactionViewState(sessionId);
    
          const currentSession = await this.sessionService.getCurrentSession();
          if (!currentSession) {
            await this.sessionService.createNewSession();
          }
    
          await this.handleGetSessions();
          log.endFeatureFlow(flow, { status: 'completed', sessionId });
        } catch (error) {
          log.error('Failed to delete session', { sessionId }, error as Error);
          vscode.window.showErrorMessage(`Failed to delete session: ${error}`);
          log.endFeatureFlow(flow, { status: 'failed', error: String(error) });
        }
      }
    
      /**
       * Wrapper: Rename session
       * Delegates to SessionHandler module
       */
      private async handleRenameSession(sessionId: string, newTitle: string): Promise<void> {
        return this.sessionHandler.handleRenameSession(sessionId, newTitle);
      }
    
      /**
       * Wrapper: Forward compaction status from stream event
       * Called by MessageStreamService when processing stream events
       */
      forwardCompactionStatusFromStreamEvent(event: unknown): void {
        return this.compactionManager.forwardCompactionStatusFromStreamEvent(event);
      }
    
      /**
       * Wrapper: Get models
       * Delegates to ModelAndAgentManager module
       */
      private async handleGetModels(): Promise<ChatModelOption[]> {
        return this.modelAndAgentManager.handleGetModels();
      }
    
      /**
       * Wrapper: Get agents
       * Delegates to ModelAndAgentManager module
       */
      private async handleGetAgents(): Promise<void> {
        return this.modelAndAgentManager.handleGetAgents();
      }
    
      /**
       * Handle get commands request
       * Fetches available skills and converts them to slash commands
       */
      private async handleGetCommands(): Promise<void> {
        this.logger.info('[handleGetCommands] Starting to fetch skills from OpenCode server');
    
        try {
          // Ensure server is running
          this.logger.info('[handleGetCommands] Ensuring server is running...');
          const client = await this.serverManager.ensureRunning();
          if (!client) {
            this.logger.error('[handleGetCommands] Failed to get client even after ensureRunning()');
            this.sendCommandsToWebview([]);
            return;
          }
    
          this.logger.info('[handleGetCommands] Server is running, client available');
    
          // Get the current model and provider
          let currentModel = this.selectedModel?.modelID
            ? { provider: this.selectedModel.providerID, model: this.selectedModel.modelID }
            : undefined;
          if (!currentModel) {
            this.logger.warn('[handleGetCommands] No current model selected, using defaults');
            currentModel = { provider: 'anthropic', model: 'claude-sonnet-4-6' };
          }
    
          this.logger.info('[handleGetCommands] Fetching tools from OpenCode server', {
            provider: currentModel.provider,
            model: currentModel.model
          });
    
          // Use the OpenCode SDK client to get the list of available tools
          const toolsResponse = await client.tool.list({
            query: {
              provider: currentModel.provider,
              model: currentModel.model
            }
          });
    
          if (!toolsResponse.data) {
            this.logger.warn('[handleGetCommands] No tools data returned from server');
            this.sendCommandsToWebview([]);
            return;
          }
    
          const tools = toolsResponse.data;
          this.logger.info('[handleGetCommands] Fetched tools from server', {
            toolCount: tools.length,
            toolIds: tools.map(t => t.id),
            allTools: JSON.stringify(tools.map(t => ({
              id: t.id,
              hasDescription: !!t.description,
              descLength: t.description?.length || 0
            })))
          });
    
          // Find the skill tool
          const skillTool = tools.find(tool => tool.id === 'skill');
    
          this.logger.info('[handleGetCommands] Looking for skill tool', {
            found: !!skillTool,
            hasDescription: !!skillTool?.description,
            descPreview: skillTool?.description?.substring(0, 200)
          });
    
          const commands: Array<{ name: string; description: string }> = [];
    
          if (skillTool && skillTool.description) {
            // Parse the available skills from the skill tool's description
            // Format: ## Available Skills\n- **skill-name**: description
            // Show ALL skills in slash commands (even disabled ones) for manual use
            // The config controls which skills OpenCode auto-loads, not what's visible
    
            // Normalize line endings to handle \r\n (Windows) and \r (old Mac)
            const normalizedDescription = skillTool.description.replace(/\r\n/g, '\n').replace(/\r/g, '\n');
            const lines = normalizedDescription.split('\n');
            this.logger.info('[handleGetCommands] Splitting description into lines', {
              lineCount: lines.length,
              firstLines: lines.slice(0, 5),
              fullDescription: skillTool.description.substring(0, 500)
            });
    
            let inAvailableSection = false;
            let currentSkill: { name: string; description: string } | null = null;
    
            for (const line of lines) {
              if (line.includes('## Available Skills') || line.includes('Available Skills')) {
                inAvailableSection = true;
                continue;
              }
    
              if (inAvailableSection) {
                // Match format: - **skill-name**: description
                const match = line.match(/^-\s*\*\*([^*]+)\*\*:\s*(.+)$/);
                if (match) {
                  // Save previous skill if any
                  if (currentSkill) {
                    commands.push(currentSkill);
                  }
                  // Start new skill
                  currentSkill = {
                    name: match[1].trim(),
                    description: match[2].trim()
                  };
                } else if (line.startsWith('##') || line.startsWith('---')) {
                  // End of skills section - save last skill
                  if (currentSkill) {
                    commands.push(currentSkill);
                    currentSkill = null; // Clear to prevent double-push
                  }
                  break;
                } else if (line.trim().startsWith('- ') && currentSkill) {
                  // Continuation of description - remove the '- ' prefix
                  currentSkill.description += '\n' + line.trim().substring(2);
                } else if (line.trim().length > 0 && currentSkill) {
                  // Continuation of description (lines without '- ' prefix)
                  currentSkill.description += '\n' + line.trim();
                }
              }
            }
    
            // Don't forget to push the last skill if we didn't hit a break condition
            if (currentSkill) {
              commands.push(currentSkill);
            }
    
            this.logger.info('[handleGetCommands] Parsed ALL skills from skill tool', {
              count: commands.length,
              skills: commands.map(c => ({ name: c.name, descLength: c.description.length }))
            });
          } else {
            this.logger.warn('[handleGetCommands] No skill tool found or no description');
          }
    
          // If no skills found, do NOT fall back to all tools
          // This prevents showing system tools (edit, read, bash, etc.) as if they were skills
          if (commands.length === 0) {
            this.logger.warn('[handleGetCommands] No skills found, sending empty command list');
          }
    
          this.logger.info('[handleGetCommands] Sending commands to webview', {
            commandCount: commands.length,
            commands: commands.slice(0, 10).map(c => ({ name: c.name, desc: c.description }))
          });
    
          if (commands.length === 0) {
            this.logger.warn('[handleGetCommands] No commands found - this might indicate:', {
              reasons: [
                'Server not started or not ready',
                'No skills available in current config',
                'Skills not discovered by server',
                'Tool list API changed'
              ],
              suggestion: 'Check OpenCode server status and ensure skills are enabled in config'
            });
          }
    
          // Send the commands to the webview
          this.sendCommandsToWebview(commands);
        } catch (error) {
          this.logger.error('[handleGetCommands] Failed to load commands', {
            error: error instanceof Error ? error.message : String(error),
            stack: error instanceof Error ? error.stack : undefined
          });
    
          // Still send empty commands array to frontend even on error
          this.sendCommandsToWebview([]);
        }
      }
    
      /**
       * Send commands to the webview
       * Centralized method for sending slash commands to the chat interface
       */
      private sendCommandsToWebview(commands: Array<{ name: string; description: string }>): void {
        // CRITICAL: Check if view is available before sending message
        if (!this.view) {
          this.logger.error('[sendCommandsToWebview] Cannot send commands - webview is not available');
          return;
        }
    
        if (!this.view.webview) {
          this.logger.error('[sendCommandsToWebview] Cannot send commands - webview.webview is not available');
          return;
        }
    
        const message = {
          type: "commandsList",
          commands: commands,
        };
    
        this.logger.info('[sendCommandsToWebview] Posting message to webview', {
          messageType: message.type,
          commandsCount: message.commands.length,
          commandsPreview: message.commands.slice(0, 3).map(c => c.name)
        });
    
        try {
          const result = this.view.webview.postMessage(message);
          this.logger.info('[sendCommandsToWebview] postMessage returned', {
            success: result,
            result: String(result)
          });
    
          if (!result) {
            this.logger.error('[sendCommandsToWebview] postMessage returned false - webview may not be ready');
          }
        } catch (postError) {
          this.logger.error('[sendCommandsToWebview] postMessage threw an error', {
            error: postError instanceof Error ? postError.message : String(postError),
            stack: postError instanceof Error ? postError.stack : undefined
          });
        }
      }
    
      /**
       * Wrapper: Clear persisted subagent snapshot
       * Delegates to SubagentPersistence module
       */
      private async clearPersistedSubagentSnapshot(sessionId: string): Promise<void> {
        return this.subagentPersistence.clearPersistedSubagentSnapshot(sessionId);
      }
    
      /**
       * Wrapper: View plan
       * Delegates to PlanManager module
       */
      private async handleViewPlan(plan: {
        file?: string;
        content?: string;
        title?: string;
        intro?: string;
        summary?: string;
        files?: any[];
        fileCount?: number;
      }): Promise<void> {
        return this.planManager.handleViewPlan(plan);
      }
    
      /**
       * Wrapper: Set compaction view state
       * Delegates to CompactionManager module
       */
      private async handleSetCompactionViewState(message: {
        sessionId: string;
        state: any;
      }): Promise<void> {
        return this.compactionManager.handleSetCompactionViewState(message);
      }
    
      /**
       * Wrapper: Compact session
       * Delegates to CompactionManager module
       */
      private async handleCompactSession(
        sessionId: string,
        baselineStats?: { [key: string]: number },
      ): Promise<void> {
        const options: { auto?: boolean; threshold?: number } = {};
        if (baselineStats) {
          options.threshold = Object.values(baselineStats).reduce((sum, val) => sum + val, 0);
        }
        return this.compactionManager.handleCompactSession(
          sessionId,
          options,
          this.sessionService,
        );
      }
    
      /**
       * Wrapper: Apply session message overrides
       * Delegates to HistoryProcessor module
       */
      private async applySessionMessageOverrides(
        sessionId: string,
        messages: any[],
      ): Promise<any[]> {
        return this.historyProcessor.applySessionMessageOverrides(sessionId, messages);
      }
    
      /**
       * Wrapper: Normalize structured output
       * Delegates to StructuredOutputProcessor module
       */
      private normalizeStructuredOutput(
        content: string,
        context: {
          source?: string;
          providerID?: string;
          modelID?: string;
        },
      ): any {
        return this.structuredOutputProcessor.normalizeStructuredOutput(content, context);
      }
    
      /**
       * Wrapper: Persist session message override
       * Delegates to HistoryProcessor module
       */
      private async persistSessionMessageOverride(
        sessionId: string,
        override: any,
      ): Promise<void> {
        return this.historyProcessor.persistSessionMessageOverride(sessionId, override);
      }
    
      /**
       * Wrapper: Normalize plan proceed user message
       * Delegates to PlanManager module
       */
      private normalizePlanProceedUserMessage(message: any): any {
        return this.planManager.normalizePlanProceedUserMessage(message);
      }
    
      /**
       * Wrapper: Log stream event diagnostics
       * Delegates to DiagnosticsLogger module
       */
      private logStreamEventDiagnostics(event: any, enrichedEvent?: any): void {
        this.diagnosticsLogger.logStreamEventDiagnostics(event, enrichedEvent);
      }
    
      /**
       * Wrapper: Enrich message with plan
       * Delegates to StructuredOutputProcessor module
       */
      private enrichMessageWithPlan(message: any): any {
        return this.structuredOutputProcessor.enrichMessageWithPlan(message);
      }
    
      /**
       * Check if value is an interactive response type
       */
      private isInteractiveResponseType(value: unknown): boolean {
        return this.structuredOutputProcessor.isInteractiveResponseType(value);
      }
    
      /**
       * Check if content is a clarification questionnaire
       */
      private isClarificationQuestionnaire(content: unknown): boolean {
        return this.structuredOutputProcessor.isClarificationQuestionnaire(content);
      }
    
      /**
       * Get structured output model key
       */
      private getStructuredOutputModelKey(
        providerID?: string,
        modelID?: string,
      ): string {
        return this.structuredOutputProcessor.getStructuredOutputModelKey(
          this.firstNonEmptyString(providerID, modelID) || "",
        );
      }
    
      /**
       * Create fallback message from structured output
       */
      private createFallbackMessage(structured: any): string | undefined {
        return this.structuredOutputProcessor.createFallbackMessage(structured);
      }
    
      /**
       * Get the selected structured output model key
       */
      private getSelectedStructuredOutputModelKey(): string | undefined {
        return this.structuredOutputProcessor.getSelectedStructuredOutputModelKey();
      }
    
      /**
       * Dispatch interactive response
       */
      private async dispatchInteractiveResponse(payload: {
        sessionId?: string;
        text?: string;
        userFacingText?: string;
        agent?: string;
      }): Promise<void> {
        const text = typeof payload.text === "string" ? payload.text.trim() : "";
        if (!text) {
          return;
        }
    
        const sessionId = await this.resolveQueueSessionId(payload.sessionId);
        if (!sessionId) {
          const message =
            "Unable to send interactive response because no active session could be resolved.";
          this.view?.webview.postMessage({
            type: "error",
            message,
          });
          vscode.window.showErrorMessage(message);
          return;
        }
    
        if (this.awaitingInteractiveAnswer) {
          // Match webview's 15s window to prevent popover reappearing during transition
          this.interactiveResponseTransitionUntil = Date.now() + 15000;
        }
    
        // Don't force stop ongoing requests - let schedulePromptDispatch handle mode switching
        // This uses the same intelligent "steer" mode as normal messages instead of blocking
        this.currentSessionId = sessionId;
        await this.schedulePromptDispatch("send-now", {
          sessionId,
          text,
          agent: payload.agent,
          userFacingText: payload.userFacingText,
        });
      }
    
      /**
       * Resolve queue session ID
       */
      private async resolveQueueSessionId(
        requestedSessionId?: string,
      ): Promise<string | undefined> {
        const explicitSessionId = this.firstNonEmptyString(requestedSessionId);
        if (explicitSessionId) {
          if (!this.currentSessionId) {
            this.currentSessionId = explicitSessionId;
          }
          return explicitSessionId;
        }
    
        const currentId = this.firstNonEmptyString(this.currentSessionId);
        if (currentId) {
          return currentId;
        }
    
        try {
          const session = await this.sessionService.getCurrentSession();
          const sessionId = this.firstNonEmptyString(session?.id);
          if (sessionId) {
            this.currentSessionId = sessionId;
          }
          return sessionId;
        } catch (error) {
          this.logger.error("Failed to resolve queue session ID", { err: error });
          return undefined;
        }
      }
    
      /**
       * History processing methods - delegate to HistoryProcessor
       */
      private dedupeMirrorHistoryMessages(messages: any[]): any[] {
        return this.historyProcessor.dedupeMirrorHistoryMessages(messages);
      }
    
      private mergeAdjacentAssistantActivityMessages(messages: any[]): any[] {
        return this.historyProcessor.mergeAdjacentAssistantActivityMessages(messages);
      }
    
      private mergeConsecutiveAssistantBursts(messages: any[]): any[] {
        return this.historyProcessor.mergeConsecutiveAssistantBursts(messages);
      }
    
      private getLatestAssistantHistoryMarker(messages: any[]): {
        id?: string;
        fingerprint?: string;
        createdAt?: number;
        richness: number;
      } {
        return this.historyProcessor.getLatestAssistantHistoryMarker(messages);
      }
    
      private hasAssistantHistoryAdvanced(
        latest:
          | any[]
          | { id?: string; fingerprint?: string; createdAt?: number; richness?: number }
          | undefined,
        baseline:
          | any[]
          | { id?: string; fingerprint?: string; createdAt?: number; richness?: number }
          | undefined,
      ): boolean {
        return this.historyProcessor.hasAssistantHistoryAdvanced(latest, baseline);
      }
    
      /**
       * Subagent methods - delegate to SubagentPersistence
       */
      private async persistSubagentLiveState(
        sessionId: string,
        payload: unknown,
      ): Promise<void> {
        await this.subagentPersistence.persistSubagentLiveState(sessionId, payload as SubagentUpdatePayload);
      }
    
      private buildSubagentPayloadFromMessage(message: any, sessionId?: string): any {
        return this.subagentPersistence.buildSubagentPayloadFromMessage(message, sessionId ?? '');
      }
    
      /**
       * Diagnostics logging - delegate to DiagnosticsLogger
       */
      private logHistoryRenderDiagnostics(
        source: string,
        sessionId: string,
        rawMessages: any[],
        processedMessages: any[],
      ): void {
        return this.diagnosticsLogger.logHistoryRenderDiagnostics(
          source,
          sessionId,
          rawMessages,
          processedMessages,
        );
      }
    
      /**
       * Session settings - delegate to ModelAndAgentManager
       */
      private async persistSessionSettings(
        sessionId: string,
        settings: {
          providerID?: string;
          modelID?: string;
          agent?: string;
          thinkingLevel?: string;
        },
      ): Promise<void> {
        const partial: any = {};
        if (settings.providerID) partial.providerID = settings.providerID;
        if (settings.modelID) partial.modelID = settings.modelID;
        if (settings.agent) partial.agent = settings.agent;
        if (settings.thinkingLevel) partial.thinkingLevel = settings.thinkingLevel;
        return this.modelAndAgentManager.persistSessionSettings(sessionId, partial);
      }
    
      private async resolvePromptVariant(sessionId: string): Promise<string | undefined> {
        return this.modelAndAgentManager.resolvePromptVariant(sessionId);
      }
    
      /**
       * Structured output methods - delegate to StructuredOutputProcessor
       */
      private getStructuredOutputFormat(): Record<string, unknown> {
        return this.structuredOutputProcessor.getStructuredOutputFormat();
      }
    
      private shouldUseStructuredOutput(modelKey: string): boolean {
        return this.structuredOutputProcessor.shouldUseStructuredOutput(modelKey);
      }
    
      private isRenderableTextPart(part: unknown): boolean {
        return this.structuredOutputProcessor.isRenderableTextPart(part);
      }
    
      private deriveQuestionPromptFromInteractivePayload(payload: {
        question: string;
        options?: any[];
      }): string {
        return this.structuredOutputProcessor.deriveQuestionPromptFromInteractivePayload(payload);
      }
    
      private isLowValueInteractiveBodyText(value: string): boolean {
        return this.structuredOutputProcessor.isLowValueInteractiveBodyText(value);
      }
    
      /**
       * Plan methods - delegate to PlanManager
       */
      private collectPlanFileCandidatesFromStructuredPlan(structured: any): string[] {
        return this.planManager.collectPlanFileCandidatesFromStructuredPlan(structured);
      }
    
      private resolvePlanTitle(options: {
        plan?: { title?: string; file?: string };
        planFile?: string;
        fallback?: string;
        explicitTitle?: string;
      }): string | undefined {
        return this.planManager.resolvePlanTitle(options);
      }
    
      /**
       * Session methods - delegate to SessionHandler
       */
      private sendProcessingSessionsUpdate(): void {
        this.view?.webview.postMessage({
          type: "SET_PROCESSING_SESSIONS",
          payload: Array.from(this.processingSessionIds),
        });
      }
    
      /**
       * Diagnostics methods - delegate to DiagnosticsLogger
       */
      private async logPromptRequestPayload(
        sessionId: string,
        promptBody: any,
        useStructuredOutput: boolean,
      ): Promise<void> {
        return this.diagnosticsLogger.logPromptRequestPayload(
          sessionId,
          promptBody,
          useStructuredOutput,
        );
      }
    
      private async logPromptResponsePayload(
        sessionId: string,
        response: any,
        durationSeconds: number,
        useStructuredOutput: boolean,
      ): Promise<void> {
        return this.diagnosticsLogger.logPromptResponsePayload(
          sessionId,
          response,
          durationSeconds,
          useStructuredOutput,
        );
      }
    
      private logPromptResponseDiagnostics(
        sessionId: string,
        responseData: any,
      ): void {
        return this.diagnosticsLogger.logPromptResponseDiagnostics(
          sessionId,
          responseData,
        );
      }
    
      private buildRawResponseDebugText(response: any): string {
        return this.diagnosticsLogger.buildRawResponseDebugText(response);
      }
    
      /**
       * Subagent helper methods (not moved to modules, kept in ChatViewProvider)
       */
      private hasStructuredSubagentSignal(messageRaw: unknown): boolean {
        if (!messageRaw || typeof messageRaw !== "object") {
          return false;
        }
        const message = messageRaw as any;
        const subagents = message?.subagents;
        return (
          Array.isArray(subagents) &&
          subagents.length > 0 &&
          subagents.some((s: any) => s?.status === "structured")
        );
      }
    
      private extractMessageId(message: any): string | undefined {
        if (!message) return undefined;
        const id =
          this.firstNonEmptyString(
            message?.id,
            message?.messageId,
            message?.info?.id,
            message?.info?.messageId,
          ) ||
          (typeof message?.info?._id === "string"
            ? message.info._id
            : undefined);
        return id;
      }
    
      /**
       * Compaction methods - delegate to CompactionManager
       */
      private async maybeAutoCompact(
        sessionId: string,
        responseData: unknown,
      ): Promise<void> {
        return this.compactionManager.maybeAutoCompact(
          sessionId,
          responseData,
          this.sessionService,
        );
      }
    
      /**
       * Plan file methods - delegate to PlanManager (public interface)
       * Note: normalizePlanFileReference is private in PlanManager, so we call it through
       * other public methods or recreate the logic if needed
       */
      private normalizePlanFileReference(file: unknown): string | undefined {
        // This is a private method in PlanManager, but we need access to it.
        // For now, duplicate the minimal logic needed here.
        const raw = this.firstNonEmptyString(file);
        if (!raw) {
          return undefined;
        }
    
        let value = raw.trim();
        if (!value) {
          return undefined;
        }
    
        if (value.startsWith("file://")) {
          try {
            const uri = vscode.Uri.parse(value);
            if (uri.scheme === "file" && uri.fsPath) {
              value = uri.fsPath;
            }
          } catch {
            // Keep string cleanup fallback below.
          }
        }
    
        // Strip common markdown wrappers around file paths.
        value = value
          .replace(/^`+|`+$/g, "")
          .replace(/^"+|"+$/g, "")
          .replace(/^'+|'+$/g, "")
          .replace(/^<+|>+$/g, "")
          .replace(/^\(+|\)+$/g, "")
          .trim();
    
        return value || undefined;
      }
    
      private resolvePlanFileCandidates(planFile: string): string[] {
        return this.planManager.resolvePlanFileCandidates(planFile);
      }
    
      private async persistPlan(
        content: string,
        preferredPath?: string,
      ): Promise<string | undefined> {
        return this.planManager.persistPlan(content, preferredPath);
      }
    
      private async readPlanFileFromDisk(filePath: string): Promise<string | undefined> {
        // This is a private method in PlanManager, duplicate the minimal logic here
        try {
          const normalized = path.normalize(filePath);
          const content = await vscode.workspace.fs.readFile(
            vscode.Uri.file(normalized),
          );
          return Buffer.from(content).toString("utf-8");
        } catch {
          return undefined;
        }
      }
    
      private prioritizePlanFileCandidates(
        candidates: Array<unknown>,
        explicitFiles?: Set<string>,
      ): string[] {
        return this.planManager.prioritizePlanFileCandidates(candidates, explicitFiles);
      }
    
      private extractMarkdownFileReferences(text: unknown): string[] {
        return this.planManager.extractMarkdownFileReferences(text);
      }
    
      private discoverLikelyPlanFileCandidates(): Promise<string[]> {
        return this.planManager.discoverLikelyPlanFileCandidates();
      }
    
      /**
       * Normalize compaction baseline stats
       * Converts raw stats object to normalized format
       */
      private normalizeCompactionBaselineStats(
        value: unknown,
      ): { [key: string]: number } | undefined {
        const rec = this.asRecord(value);
        if (!rec) {
          return undefined;
        }
    
        const normalize = (raw: unknown): number | undefined =>
          typeof raw === "number" && Number.isFinite(raw) && raw >= 0
            ? Math.floor(raw)
            : undefined;
    
        const input = normalize(rec.input);
        const output = normalize(rec.output);
        const read = normalize(rec.read);
        const write = normalize(rec.write);
        const duration = normalize(rec.duration);
    
        if (
          input === undefined &&
          output === undefined &&
          read === undefined &&
          write === undefined &&
          duration === undefined
        ) {
          return undefined;
        }
    
        return {
          input: input ?? 0,
          output: output ?? 0,
          read: read ?? 0,
          write: write ?? 0,
          duration: duration ?? 0,
        };
      }
    
      resolveWebviewView(
        webviewView: vscode.WebviewView,
        _context: vscode.WebviewViewResolveContext,
        _token: vscode.CancellationToken,
      ): void | Thenable<void> {
        this.logger.info("[ChatViewProvider] resolving webview view");
        this.view = webviewView;
        this.isBootstrappingWebview = false;
        this.hasInitializedWebview = false;
        this.sessionsListRequestVersion = 0;
        this.lastSessionsPayloadFingerprint = undefined;
    
        webviewView.webview.options = {
          enableScripts: true,
          localResourceRoots: [this.context.extensionUri],
        };
    
        // Handle messages from webview
        webviewView.webview.onDidReceiveMessage(async (message) => {
          const { type } = message;
    
          // Log all UI interactions for debugging
          this.logger.logUIInteraction('ChatView', type, message.type, message as Record<string, unknown>);
    
          switch (type) {
            case "ready": {
              this.logger.debug(`${LoggingCategories.UI_INTERACTION} Webview ready`, {
                viewType: 'chat',
              });
    
              if (this.isBootstrappingWebview) {
                break;
              }
    
              this.isBootstrappingWebview = true;
              // A reloaded webview starts with empty client state. Force a fresh
              // sessions payload even if the underlying list fingerprint is unchanged.
              this.lastSessionsPayloadFingerprint = undefined;
              if (!this.hasInitializedWebview) {
                // Reply immediately so the webview stops retrying `ready` while
                // slower bootstrap tasks (models/sessions) are still loading.
                this.view?.webview.postMessage({
                  type: "initState",
                  serverStatus: this.serverManager.getStatus(),
                  selectedModel: this.selectedModel,
                  selectedAgent: this.selectedAgent,
                  serverVersion: this.serverManager.getVersion(),
                  currentSessionId: this.currentSessionId,
                  todoItems: this.loadPersistedTodos(this.currentSessionId).items,
                });
                this.hasInitializedWebview = true;
              }
    
              try {
                // Fetch models so they're available in the webview on startup.
                // We await this to ensure models are loaded before sending initState.
                // Network issues are handled gracefully inside handleGetModels with fallback models.
                const models = await this.modelAndAgentManager.handleGetModels();
                await this.modelAndAgentManager.reconcileSelectedModelSelection(models);
    
                // Sync default agent selection
                await this.syncCLIAgents();
    
                // Fetch and send full agents list to webview
                await this.modelAndAgentManager.handleGetAgents();
    
                // TEMPORARILY DISABLED: Fetch and send commands list for SkillsPanel
                // This is loading 700+ skills and causing massive delays
                // TODO: Re-enable after implementing proper pagination/lazy loading
                // void this.handleGetCommands().catch((error) => {
                //   this.logger.warn("Background commands loading failed during ready bootstrap", { err: error });
                // });
                this.logger.info("⚠️ [PERF] Command loading disabled temporarily (700+ skills bottleneck)");
    
                // Resolve the active session before sending initState so that
                // per-session settings (agent / model / thinking) are applied first.
                const currentSession =
                  await this.sessionService.getCurrentSession();
                if (currentSession) {
                  this.currentSessionId = currentSession.id;
                  await this.applySessionSettings(currentSession.id);
                }
    
                // Send refreshed init state reflecting the session-specific selections
                this.view?.webview.postMessage({
                  type: "initState",
                  serverStatus: this.serverManager.getStatus(),
                  selectedModel: this.selectedModel,
                  selectedAgent: this.selectedAgent,
                  serverVersion: this.serverManager.getVersion(),
                  currentSessionId: this.currentSessionId,
                });
    
                // Restore the session-specific thinking level (separate message type)
                const bootstrapThinkingLevel =
                  (currentSession
                    ? this.getSessionSettings(currentSession.id).thinkingLevel
                    : undefined) ??
                  this.context.globalState.get<string>("thinkingLevel");
                if (bootstrapThinkingLevel) {
                  this.view?.webview.postMessage({
                    type: "thinkingLevelUpdate",
                    level: bootstrapThinkingLevel,
                  });
                }
                // Fire-and-forget: fetch and broadcast current model capabilities on bootstrap (unconditional)
                void this.modelCapabilitiesService
                  .getCapabilities(
                    this.selectedModel?.providerID ?? "",
                    this.selectedModel?.modelID ?? "",
                  )
                  .then((capability) => {
                    this.view?.webview.postMessage({
                      type: "modelCapabilityUpdate",
                      capability: capability ?? null,
                    });
                  })
                  .catch(() => {
                    // Minimal failure tracking for bootstrap capability fetches
                    try {
                      this.capabilityFetchFailureCount = (this.capabilityFetchFailureCount || 0) + 1;
                      if (this.capabilityFetchFailureCount >= 3) {
                        vscode.window.showWarningMessage(
                          "Could not fetch model capabilities. Thinking level control may be unavailable.",
                        );
                        this.capabilityFetchFailureCount = 0;
                      }
                    } catch (e) {
                      // best-effort only
                    }
                  });
    
                // Send initial budget status
                this.sendBudgetInfo();
    
                // Fetch and send chat history and sessions list
                if (currentSession) {
                  this.subagentTracker.setActiveSession(currentSession.id);
                  const rawMessages = await this.sessionService.getMessages(
                    currentSession.id,
                  );
                  const messages = await this.processHistoryMessages(
                    rawMessages,
                    currentSession.id,
                  );
                  this.logHistoryRenderDiagnostics(
                    "webview.ready.current-session",
                    currentSession.id,
                    rawMessages,
                    messages,
                  );
                  this.view?.webview.postMessage({
                    type: "chatHistory",
                    messages: messages,
                  });
                  await this.sendPersistedCompactionViewState(currentSession.id);
                  const subagentSnapshotPayload =
                    await this.syncSubagentSnapshotForSession(
                      currentSession.id,
                      messages as any[],
                    );
                  this.view?.webview.postMessage({
                    type: "subagentSnapshot",
                    ...subagentSnapshotPayload,
                  });
                  this.sendQueueUpdate(currentSession.id);
                } else {
                  this.subagentTracker.resetForSession(null);
                  this.view?.webview.postMessage({
                    type: "subagentSnapshot",
                    ...this.subagentTracker.getSnapshotPayload(),
                  });
                }
    
                await this.handleGetSessions();
                this.refreshView();
    
                // Fetch live MCP and LSP server status from OpenCode SDK
                this.handleGetMcpStatus().catch(() => { });
                this.handleGetLspStatus().catch(() => { });
    
                // Send quota data or trigger initial fetch
                const quotaData = this.quotaService.cachedData;
                if (quotaData !== undefined) {
                  this.view?.webview.postMessage({
                    type: "quotaData",
                    data: quotaData,
                  });
                } else {
                  this.quotaService.refreshQuota().catch(() => { });
                }
                // Send initial theme data
                await this.sendThemeDataToWebview();
              } finally {
                this.isBootstrappingWebview = false;
              }
              break;
            }
            case "sendMessage":
            case "sendPrompt": {
              const correlationId = this.logger.startFeatureFlow('send-message', {
                hasFiles: message.files?.length > 0,
                hasImages: message.images?.length > 0,
                textLength: message.text?.length,
              });
    
              this.logger.info(`${LoggingCategories.UI_INTERACTION} User initiated message send`, {
                correlationId,
                hasFiles: message.files?.length > 0,
                hasImages: message.images?.length > 0,
                textLength: message.text?.length,
              });
    
              try {
                await this.schedulePromptDispatch("send-now", {
                  sessionId: message.sessionId,
                  text: message.text,
                  files: message.files,
                  contexts: message.contexts,
                  images: message.images,
                  agent: message.agent,
                });
                this.logger.endFeatureFlow(correlationId, { success: true });
              } catch (err) {
                this.logger.error(
                  `${LoggingCategories.UI_INTERACTION} Failed to send message`,
                  { correlationId, error: (err as Error).message }
                );
                this.logger.endFeatureFlow(correlationId, { success: false });
              }
              break;
            }
            case "persistAssistantMessage": {
              const sessionId = this.firstNonEmptyString(
                message.sessionId,
                this.currentSessionId,
              );
              if (!sessionId || !message.message) {
                break;
              }
              await this.sessionService.upsertMessage(sessionId, message.message);
              await this.persistSessionMessageOverride(sessionId, message.message);
              const snapshotFromMessage = this.buildSubagentPayloadFromMessage(
                message.message,
                sessionId,
              );
              if (snapshotFromMessage) {
                await this.persistSubagentLiveState(sessionId, snapshotFromMessage);
              }
              break;
            }
            case "interactiveResponse": {
              const choiceText =
                this.firstNonEmptyString(
                  message?.selection?.value,
                  message?.selection?.label,
                  message?.text,
                ) || "";
              if (!choiceText) {
                break;
              }
    
              // FIX: Send just the choice text, no special formatting
              const composedPrompt = choiceText;
              const userFacingText = this.firstNonEmptyString(
                message?.displayText,
                choiceText,
              );
    
              await this.dispatchInteractiveResponse({
                sessionId: message?.sessionId,
                text: composedPrompt,
                userFacingText,
                agent: message?.agent,
              });
              break;
            }
            case "batchInteractiveResponse": {
              const responses = message.responses as Array<{
                eventId: string;
                eventType: string;
                text: string;
                questionText?: string;
              }>;
              if (!responses || responses.length === 0) {
                break;
              }
    
              // Preserve question context in the prompt so model-side continuation
              // is grounded, while the webview controls user-facing rendering text.
              const composedPrompt = responses
                .map((resp, index) => {
                  const answer = this.firstNonEmptyString(resp.text) || "";
                  if (!answer) {
                    return "";
                  }
                  const question = this.firstNonEmptyString(resp.questionText) || "";
                  if (!question) {
                    return `Answer ${index + 1}: ${answer}`;
                  }
                  return `Question ${index + 1}: ${question}\nAnswer: ${answer}`;
                })
                .filter((value) => value.length > 0)
                .join("\n\n");
    
              if (!composedPrompt) {
                break;
              }
    
              const userFacingText = this.firstNonEmptyString(
                message?.displayText,
                composedPrompt,
              );
    
              await this.dispatchInteractiveResponse({
                sessionId: message?.sessionId,
                text: composedPrompt,
                userFacingText,
                agent: message?.agent,
              });
              break;
            }
            case "newSession":
            case "createSession": {
              const correlationId = this.logger.startFeatureFlow('create-session');
    
              this.logger.info(`${LoggingCategories.UI_INTERACTION} User creating new session`, {
                correlationId,
              });
    
              try {
                const createdSession = await this.sessionService.createNewSession();
                this.currentSessionId = createdSession.id;
                this.logger.info(`${LoggingCategories.UI_INTERACTION} New session created`, {
                  correlationId,
                  sessionId: createdSession.id,
                });
                this.logger.endFeatureFlow(correlationId, {
                  success: true,
                  sessionId: createdSession.id,
                });
    
                // Clear in-memory todo cache for the newly created session.
                this.clearSessionTodos();
                this.subagentTracker.resetForSession(createdSession.id);
                await this.clearPersistedSubagentSnapshot(createdSession.id);
                this.sendQueueUpdate(createdSession.id);
    
                // Always use "build" as the default agent for new sessions
                // This prevents new sessions from inheriting an agent that was
                // selected in a previous session (e.g., "Sisyphus (Ultraworker)")
                this.selectedAgent = "build";
                await this.persistSessionSettings(createdSession.id, {
                  agent: "build",
                });
    
                await this.handleGetSessions(); // Update list
                this.refreshView();
    
                // Clear webview messages
                this.view?.webview.postMessage({
                  type: "chatHistory",
                  messages: [],
                });
                this.view?.webview.postMessage({
                  type: "subagentSnapshot",
                  ...this.subagentTracker.getSnapshotPayload(),
                });
              } catch (error) {
                this.logger.error(
                  `${LoggingCategories.UI_INTERACTION} Failed to create session`,
                  { correlationId, error: (error as Error).message }
                );
                this.logger.endFeatureFlow(correlationId, { success: false });
              }
              break;
            }
            case "viewPlan": {
              this.logger.logUIInteraction('ChatView', 'view-plan', message.plan, {
                planFile: message.plan,
              });
    
              this.logger.info(`${LoggingCategories.UI_INTERACTION} User viewing plan`, {
                planFile: message.plan,
              });
    
              if (message.plan) {
                await this.handleViewPlan(message.plan);
              }
              break;
            }
            case "openDiff": {
              this.handleOpenDiff(message.file);
              break;
            }
            case "openFile": {
              await this.handleOpenFile(message.file);
              break;
            }
            case "reviewChanges": {
              this.handleReviewChanges();
              break;
            }
            case "searchFiles":
            case "getMentions": {
              await this.handleSearchFiles(message.query);
              break;
            }
            case "getOpenCodeConfig": {
              await this.handleGetOpenCodeConfig(message.fileName);
              break;
            }
            case "saveOpenCodeConfig": {
              await this.handleSaveOpenCodeConfig(message.content, message.filePath);
              break;
            }
            case "selectModel":
            case "setModel": {
              // Normalize incoming model to always include providerName.
              const incoming =
                message.model || {
                  providerID: message.providerID,
                  modelID: message.modelID,
                } ||
                {};
              if (!incoming.providerID || !incoming.modelID) {
                this.logger.warn("Ignoring invalid model selection payload; providerID and modelID are required.", { incoming });
                break;
              }
              let providerName: string | undefined = incoming.providerName;
              if (!providerName) {
                // Try to resolve from cached models if available
                const found = this.availableModels?.find(
                  (m) =>
                    m.providerID === incoming.providerID &&
                    m.modelID === incoming.modelID,
                );
                providerName = found?.providerName || incoming.providerID;
              }
    
              this.selectedModel = {
                providerID: incoming.providerID,
                modelID: incoming.modelID,
                providerName,
              };
    
              // Persist selection
              await this.context.globalState.update(
                "selectedModel",
                this.selectedModel,
              );
              if (this.currentSessionId) {
                await this.persistSessionSettings(this.currentSessionId, {
                  providerID: this.selectedModel?.providerID,
                  modelID: this.selectedModel?.modelID,
                });
              }
              this.logger.info("Persisted model selection", {
                modelID: this.selectedModel.modelID,
                providerName: this.selectedModel.providerName,
              });
    
              // Fetch and broadcast model capabilities (fire-and-forget).
              void this.modelCapabilitiesService
                .getCapabilities(
                  this.selectedModel.providerID,
                  this.selectedModel.modelID,
                )
                .then(async (capability) => {
                  this.capabilityFetchFailureCount = 0;
                  // Broadcast capability update (preserve existing behaviour)
                  this.view?.webview.postMessage({
                    type: "modelCapabilityUpdate",
                    capability: capability ?? null,
                  });
    
                  // Check for stale persisted thinking level and clear if it's no
                  // longer supported by the newly selected model.
                  try {
                    const persistedLevel =
                      (this.currentSessionId
                        ? this.getSessionSettings(this.currentSessionId).thinkingLevel
                        : undefined) ?? this.context.globalState.get<string>("thinkingLevel");
    
                    const newVariants = capability?.variants;
                    const isStale =
                      persistedLevel &&
                      (!Array.isArray(newVariants) || newVariants.length === 0 || !newVariants.includes(persistedLevel));
    
                    if (isStale) {
                      this.logger.warn("Clearing stale thinking level on model switch", {
                        staleLevel: persistedLevel,
                        newVariants,
                        modelID: this.selectedModel?.modelID,
                      });
    
                      // Clear from globalState
                      await this.context.globalState.update("thinkingLevel", undefined);
    
                      // Clear from session settings if applicable
                      if (this.currentSessionId) {
                        await this.persistSessionSettings(this.currentSessionId, {
                          thinkingLevel: undefined,
                        });
                      }
    
                      // Notify webview to reset its displayed thinking level
                      this.view?.webview.postMessage({
                        type: "thinkingLevelUpdate",
                        level: "",
                      });
                    }
                  } catch (err) {
                    // Best-effort only — log and continue
                    this.logger.warn("Error while checking/clearing stale thinking level", { err });
                  }
                })
                .catch((err) => {
                  this.logger.warn(
                    "Failed to fetch model capabilities on model switch",
                    { err },
                  );
                  this.view?.webview.postMessage({
                    type: "modelCapabilityUpdate",
                    capability: null,
                  });
                  try {
                    this.capabilityFetchFailureCount = (this.capabilityFetchFailureCount || 0) + 1;
                    if (this.capabilityFetchFailureCount >= 3) {
                      vscode.window.showWarningMessage(
                        "Could not fetch model capabilities. Thinking level control may be unavailable.",
                      );
                      this.capabilityFetchFailureCount = 0;
                    }
                  } catch (_) {
                    // best-effort only
                  }
                });
              break;
            }
            case "selectAgent":
            case "setAgent": {
              const oldAgent = this.selectedAgent;
              this.selectedAgent = message.agent;
    
              this.logger.logStateChange(
                'selected-agent',
                oldAgent,
                message.agent,
                'user-selection'
              );
    
              this.logger.info(`${LoggingCategories.UI_INTERACTION} User selected agent`, {
                fromAgent: oldAgent,
                toAgent: message.agent,
              });
    
              if (this.currentSessionId) {
                await this.persistSessionSettings(this.currentSessionId, {
                  agent: message.agent,
                });
              }
              break;
            }
            case "getAgents": {
              this.handleGetAgents();
              break;
            }
            case "getCommands": {
              this.logger.info('[onDidReceiveMessage] Received getCommands message');
              await this.handleGetCommands();
              break;
            }
            case "getModels": {
              await this.handleGetModels();
              break;
            }
            case "getSessions": {
              await this.handleGetSessions();
              break;
            }
            case "loadSession":
            case "openSession":
            case "switchSession": {
              const correlationId = this.logger.startFeatureFlow('switch-session', {
                targetSessionId: message.sessionId,
              });
    
              this.logger.info(`${LoggingCategories.UI_INTERACTION} User switching session`, {
                correlationId,
                fromSessionId: this.currentSessionId,
                toSessionId: message.sessionId,
              });
    
              try {
                await this.handleLoadSession(message.sessionId);
                this.logger.endFeatureFlow(correlationId, { success: true });
              } catch (error) {
                this.logger.error(
                  `${LoggingCategories.UI_INTERACTION} Failed to switch session`,
                  { correlationId, fromSessionId: this.currentSessionId, toSessionId: message.sessionId, error: (error as Error).message }
                );
                this.logger.endFeatureFlow(correlationId, { success: false });
              }
              break;
            }
            case "deleteSession": {
              await this.handleDeleteSession(message.sessionId);
              break;
            }
            case "renameSession": {
              await this.handleRenameSession(message.sessionId, message.newTitle);
              break;
            }
            case "stopRequest": {
              await this.handleStopRequest(message.sessionId);
              break;
            }
            case "compactSession": {
              await this.handleCompactSession(
                message.sessionId,
                this.normalizeCompactionBaselineStats(message.baselineStats),
              );
              break;
            }
            case "setCompactionViewState": {
              await this.handleSetCompactionViewState(message);
              break;
            }
            case "addToQueue": {
              await this.schedulePromptDispatch("queue", {
                sessionId: message.sessionId,
                text: message.text,
                files: message.files,
                contexts: message.contexts,
                images: message.images,
                agent: message.agent,
              });
              break;
            }
            case "steerMessage": {
              await this.schedulePromptDispatch("steer", {
                sessionId: message.sessionId,
                text: message.text,
                files: message.files,
                contexts: message.contexts,
                images: message.images,
                agent: message.agent,
              });
              break;
            }
            case "sendQueuedItemNow": {
              await this.handleDispatchQueuedItem(
                "send-now",
                message.sessionId,
                message.id,
                message.index,
              );
              break;
            }
            case "steerQueuedItem": {
              await this.handleDispatchQueuedItem(
                "steer",
                message.sessionId,
                message.id,
                message.index,
              );
              break;
            }
            case "attachFiles": {
              await this.handleAttachFiles();
              break;
            }
            case "attachImage": {
              await this.handleAttachImage();
              break;
            }
            case "removeFromQueue": {
              await this.handleRemoveFromQueue(
                message.sessionId,
                message.id,
                message.index,
              );
              break;
            }
            case "clearQueue": {
              await this.handleClearQueue(message.sessionId);
              break;
            }
            case "executeQueue": {
              await this.handleExecuteQueue(message.sessionId);
              break;
            }
            case "log": {
              const { level, message: logMsg, category, context } = message;
              const prefix = category ? `[${category}]` : "[WebView]";
              try {
                const levelStr = (level || "info").toLowerCase();
                const msgStr =
                  typeof logMsg === "string"
                    ? logMsg.length > 2000
                      ? `${logMsg.slice(0, 2000)}...[truncated ${logMsg.length - 2000} chars]`
                      : logMsg
                    : JSON.stringify(logMsg);
                const ctx = { ...(context || {}), source: prefix };
                switch (levelStr) {
                  case "error":
                    this.logger.error(msgStr, ctx as Record<string, unknown>);
                    break;
                  case "warn":
                    this.logger.warn(msgStr, ctx as Record<string, unknown>);
                    break;
                  case "debug":
                    this.logger.debug(msgStr, ctx as Record<string, unknown>);
                    break;
                  case "info":
                  default:
                    this.logger.info(msgStr, ctx as Record<string, unknown>);
                    break;
                }
              } catch (err) {
                // If logging from webview fails, don't let it crash the provider
                this.logger.warn("Failed to forward webview log message", { err });
              }
              break;
            }
            case "refreshQuota": {
              await this.quotaService.refreshQuota();
              break;
            }
            case "setThinkingLevel": {
              const level = message.level as string | undefined;
              if (level) {
                await this.context.globalState.update("thinkingLevel", level);
                if (this.currentSessionId) {
                  await this.persistSessionSettings(this.currentSessionId, {
                    thinkingLevel: level,
                  });
                }
                this.logger.info("Thinking level set", { level });
                // NOTE: The webview handler only listens for 'thinkingLevelUpdate' (not 'thinkingLevelSet')
                this.view?.webview.postMessage({
                  type: "thinkingLevelUpdate",
                  level,
                });
              }
              break;
            }
            case "toggleMode": {
              const correlationId = this.logger.startFeatureFlow('toggle-mode', {
                fromMode: this.currentMode,
                toMode: message.mode,
              });
    
              this.logger.info('User toggled chat mode', {
                correlationId,
                fromMode: this.currentMode,
                toMode: message.mode,
              });
    
              try {
                await this.handleToggleMode(message.mode);
                this.logger.endFeatureFlow(correlationId, { success: true });
              } catch (error) {
                this.logger.error('Failed to toggle mode', {
                  correlationId,
                  error: (error as Error).message,
                });
                this.logger.endFeatureFlow(correlationId, { success: false });
              }
              break;
            }
            case "addAttachment": {
              const attachment = message.attachment;
              if (!attachment) break;
              const existing = (this.context.globalState.get<any[]>(
                "pendingAttachments",
              ) || []) as any[];
              existing.push(attachment);
              await this.context.globalState.update("pendingAttachments", existing);
              this.view?.webview.postMessage({
                type: "attachmentAdded",
                attachmentId: attachment.id,
              });
              break;
            }
            case "retryLastMessage": {
              const retrySessionId = this.currentSessionId;
              if (this.lastSendMessageArgs && retrySessionId && !this.processingSessionIds.has(retrySessionId)) {
                const retryWithoutStructuredOutput =
                  message.retryWithoutStructuredOutput === true;
                if (this.currentSessionId) {
                  try {
                    const rawMessages = await this.sessionService.getMessages(
                      this.currentSessionId,
                    );
                    const messages = await this.processHistoryMessages(
                      rawMessages,
                      this.currentSessionId,
                    );
                    this.logHistoryRenderDiagnostics(
                      "retryLastMessage.reload",
                      this.currentSessionId,
                      rawMessages,
                      messages,
                    );
                    this.view?.webview.postMessage({
                      type: "chatHistory",
                      sessionId: this.currentSessionId,
                      messages: messages,
                    });
                  } catch (err) {
                    this.logger.error("Failed to load messages for retry", { err });
                  }
                }
                await this.handleSendMessage(
                  this.lastSendMessageArgs.text,
                  this.lastSendMessageArgs.files,
                  this.lastSendMessageArgs.contexts,
                  this.lastSendMessageArgs.images,
                  this.lastSendMessageArgs.agent,
                  true,
                  undefined,
                  retryWithoutStructuredOutput,
                );
              }
              break;
            }
            case "clearAttachments": {
              await this.context.globalState.update("pendingAttachments", []);
              this.view?.webview.postMessage({ type: "attachmentsCleared" });
              break;
            }
            case "getMcpStatus": {
              this.handleGetMcpStatus().catch((err) =>
                log.error(
                  "handleGetMcpStatus error",
                  {},
                  err instanceof Error ? err : undefined,
                ),
              );
              break;
            }
            case "getLspStatus": {
              this.handleGetLspStatus().catch((err) =>
                log.error(
                  "handleGetLspStatus error",
                  {},
                  err instanceof Error ? err : undefined,
                ),
              );
              break;
            }
            case "getConfigFilesList": {
              try {
                const response = await vscode.commands.executeCommand<{
                  success: boolean;
                  error?: string;
                  files: ConfigFile[];
                }>('opencode.getConfigFiles');
    
                this.view?.webview.postMessage({
                  type: 'configFilesList',
                  success: response.success,
                  error: response.error,
                  files: response.files ?? []
                });
              } catch (err) {
                log.error(
                  "getConfigFilesList error",
                  {},
                  err instanceof Error ? err : undefined,
                );
                this.view?.webview.postMessage({
                  type: 'configFilesList',
                  success: false,
                  error: err instanceof Error ? err.message : 'Unknown error',
                  files: []
                });
              }
              break;
            }
            case "saveConfigFile": {
              try {
                // Input validation
                if (!message.filePath || typeof message.filePath !== 'string') {
                  throw new Error('Invalid or missing filePath');
                }
                if (!message.content || typeof message.content !== 'string') {
                  throw new Error('Invalid or missing content');
                }
    
                const saveResult = await vscode.commands.executeCommand<{
                  success: boolean;
                  error?: string;
                }>(
                  'opencode.saveConfigFile',
                  message.filePath,
                  message.content
                );
    
                // Null check for saveResult
                if (!saveResult) {
                  throw new Error('No response from saveConfigFile command');
                }
    
                this.view?.webview.postMessage({
                  type: 'configFileSaved',
                  success: saveResult?.success ?? false,
                  error: saveResult?.error
                });
              } catch (err) {
                log.error(
                  "saveConfigFile error",
                  {},
                  err instanceof Error ? err : undefined,
                );
                this.view?.webview.postMessage({
                  type: 'configFileSaved',
                  success: false,
                  error: err instanceof Error ? err.message : 'Unknown error'
                });
              }
              break;
            }
            case "planProceed": {
              const payload = message.payload;
              await this.context.globalState.update(
                "lastPlanProceed",
                payload || null,
              );
              this.logger.debug("planProceed received");
              this.view?.webview.postMessage({
                type: "planProceedAck",
                payload: { received: true },
              });
              break;
            }
            // Skill installer message routing
            case "getMySkills":
            case "installSkill":
            case "removeSkill":
            case "editSkill":
            case "validateSkill":
              await this.handleSkillMessage(message);
              break;
            default: {
              this.logger.debug(`${LoggingCategories.UI_INTERACTION} Unhandled message type`, {
                messageType: type,
              });
            }
          }
        });
    
        // Subscribe to stream events
        this.unsubscribe = this.streamService.subscribe(async (event) => {
          // Log stream events for debugging
          const eventRec = event as Record<string, unknown>;
          const eventType = eventRec?.type || "unknown";
          const structuredRec = eventRec?.structured as Record<string, unknown> | undefined;
          const eventKind = structuredRec?.kind || "unknown";
          this.logger.debug(`📡 [STREAM] Event received: ${eventType} (kind: ${eventKind})`, {
            sessionId: this.extractEventSessionId(event),
            hasStructured: !!structuredRec,
          });
    
          const eventSessionId = this.extractEventSessionId(event);
          // Always run subagent tracking before any session-scoped early return so child
          // session events are captured regardless of which session is active in the UI.
          const subagentUpdate = this.subagentTracker.consumeStreamEvent(event);
          if (subagentUpdate) {
            this.view?.webview.postMessage({
              type: "subagentUpdate",
              ...subagentUpdate,
            });
            void this.subagentPersistence.persistSubagentUpdateSnapshot(
              subagentUpdate,
              this.currentSessionId,
              this.sessionService,
              (msg) => this.view?.webview.postMessage(msg)
            ).catch((persistError) => {
              this.logger.warn("Failed to persist subagent stream snapshot", { err: persistError });
            });
          }
    
          // We process all events for internal logic (tracking, persistence),
          // but drop early if the stream event belongs to a different active session.
          if (eventSessionId && this.currentSessionId && eventSessionId !== this.currentSessionId) {
            return;
          }
    
          // Track token usage from message.updated events
          if (event.type === "message.updated" && event.properties) {
            const info = (event.properties as any)?.info;
            if (info?.tokens && info?.modelID) {
              const tokens: TokenUsage = {
                input: info.tokens.input || 0,
                output: info.tokens.output || 0,
                reasoning: info.tokens.reasoning || 0,
                cacheRead: info.tokens.cache?.read || 0,
                cacheWrite: info.tokens.cache?.write || 0,
              };
              // Track only if there's actual token usage
              if (tokens.input > 0 || tokens.output > 0 || tokens.reasoning > 0) {
                this.geminiTokenTracker.recordUsage(info.modelID, tokens);
              }
            }
          }
    
          this.forwardCompactionStatusFromStreamEvent(event);
    
          // Forward events to webview
          const enrichedEvent = this.enrichStreamEvent(event);
          this.logStreamEventDiagnostics(event, enrichedEvent);
    
          if (this.hasBlockingInteractiveInStreamPayload(enrichedEvent)) {
            this.awaitingInteractiveAnswer = true;
          }
    
          // Clear flag when we receive actual content (not another question)
          // This indicates the model is processing and we're no longer just "awaiting"
          if (this.awaitingInteractiveAnswer) {
            const isAnotherQuestion = this.hasBlockingInteractiveInStreamPayload(enrichedEvent);
            const isActualContent = enrichedEvent.type &&
                                   enrichedEvent.type !== 'interactive_event' &&
                                   !isAnotherQuestion;
    
            if (isActualContent) {
              this.awaitingInteractiveAnswer = false;
            }
          }
    
          // Log stream event for debugging response types (with error handling)
          try {
            const structured = enrichedEvent?.structured || {};
            const responseContext: Record<string, unknown> = {
              eventType: event.type || "unknown",
              kind: structured?.kind || "unknown",
            };
    
            if (structured?.text) {
              responseContext.textLength = structured.text.length;
              responseContext.textPreview = structured.text.substring(0, 100);
            }
    
            if (structured?.responseType) {
              responseContext.responseType = structured.responseType;
            }
    
            if (enrichedEvent?.structuredOutput) {
              responseContext.hasStructuredOutput = true;
              responseContext.outputType =
                enrichedEvent.structuredOutput.responseType;
            }
    
            this.logger.aiStreamEvent(
              "stream", // sessionId - using placeholder since stream events don't have a sessionId
              structured?.kind || "unknown", // eventType
              responseContext, // context
            );
          } catch (error) {
            // Silently ignore logging errors to prevent stream interruption
            this.logger.warn("Failed to log stream event", { err: error });
          }
    
          // Forward todo_update stream events as todoUpdate postMessage to webview
          if (enrichedEvent?.structuredOutput?.responseType === "todo_update") {
            const structured = enrichedEvent.structuredOutput as Record<string, unknown>;
            const todoItems = Array.isArray(structured.todoItems)
              ? structured.todoItems
              : [];
    
            // **Performance Optimization:** Batch all todo updates into a single postMessage
            // Previously sent individual postMessage for each item (could be 10+ messages)
            // Now sends single batch message with all updates
            const updates: Array<{ id: string; text: string; status: string; sessionId?: string }> = [];
    
            for (const rawItem of todoItems) {
              if (typeof rawItem !== "object" || rawItem === null) {
                continue;
              }
    
              const item = rawItem as Record<string, unknown>;
              const id = typeof item.id === "string" ? item.id : "";
              const text = typeof item.text === "string" ? item.text : "";
              const status = typeof item.status === "string" ? item.status : "";
              const sessionId =
                typeof item.sessionId === "string" ? item.sessionId : undefined;
    
              if (!id || !text || !status) {
                continue;
              }
    
              updates.push({
                id,
                text,
                status,
                ...(sessionId ? { sessionId } : {}),
              });
            }
    
            // Send batched updates as single postMessage (reduces IPC overhead)
            if (updates.length > 0) {
              this.view?.webview.postMessage({
                type: "todoUpdate",
                action: "batch",
                items: updates,
              });
            }
    
            // **Performance Optimization:** Debounce todo persistence
            // Previously persisted on every todo_update event during streaming
            // Now debounced with 1-second delay (reduces state writes by 80-90%)
            const targetPersistSessionId = eventSessionId || this.currentSessionId;
            if (targetPersistSessionId && updates.length > 0) {
              this.scheduleTodoPersistence(targetPersistSessionId, todoItems);
            }
          }
    
          // Stamp the active session ID onto every event so the webview can always
          // perform a reliable session-scoped filter even when the raw event payload
          // does not carry a sessionId field.
          this.view?.webview.postMessage({
            type: "streamEvent",
            event: { ...enrichedEvent, sessionId: this.currentSessionId },
          });
          if (this.shouldVerboseStreamDebug()) {
            this.logger.debug("streamEvent forwarded", {
              type: (enrichedEvent as any)?.type || event.type,
              kind: (enrichedEvent as any)?.structured?.kind || "unknown",
            });
          }
    
          // If this is a step-finish or tool completion for an edit, calculate diff stats asynchronously
          // Fire-and-forget follow-up message so we don't block the stream rendering
          if (enrichedEvent?.structured?.kind === "progress") {
            const props = (event.properties || {}) as any;
            const part = props.part || {};
            const partType = (part.type || "").toLowerCase();
    
            // Check if it's a tool that modified a file or a step-finish for an edit
            const isToolDone = partType === "tool" && part.state?.status === "done";
            const isStepFinish = partType === "step-finish";
    
            if (isToolDone || isStepFinish) {
              const toolName = (part.tool || "").toLowerCase();
              const filePath =
                part.state?.input?.file || part.state?.input?.path || part.filePath;
    
              if (
                filePath &&
                (toolName.includes("write") ||
                  toolName.includes("replace") ||
                  toolName.includes("edit") ||
                  isStepFinish)
              ) {
                const callID =
                  part.callId ||
                  part.callID ||
                  enrichedEvent?.structured?.callID ||
                  enrichedEvent.id;
                if (callID) {
                  const toolNameRaw =
                    typeof part.tool === "string" ? part.tool : undefined;
                  const partInput = part.state?.input ?? {};
                  const commandHint =
                    (typeof partInput.CommandLine === "string" && partInput.CommandLine) ||
                    (typeof partInput.command === "string" && partInput.command) ||
                    undefined;
                  const queryHint =
                    (typeof partInput.Query === "string" && partInput.Query) ||
                    (typeof partInput.query === "string" && partInput.query) ||
                    (typeof partInput.Pattern === "string" && partInput.Pattern) ||
                    (typeof partInput.pattern === "string" && partInput.pattern) ||
                    undefined;
                  this.getDiffActivityEnrichment(filePath)
                    .then((enrichment) => {
                      if (enrichment && this.view) {
                        this.view.webview.postMessage({
                          type: "streamEventEnrich",
                          callID,
                          diffStats: enrichment.diffStats,
                          activityDetail: {
                            kind: "file_edit",
                            tool: toolNameRaw,
                            command: commandHint,
                            query: queryHint,
                            file: filePath,
                            diffExcerpt: enrichment.diffExcerpt,
                          },
                        });
                      }
                    })
                    .catch((err) => {
                      this.logger.error("Failed to get diff stats async", { err });
                    });
                }
              }
            }
          }
        });
    
        webviewView.webview.html = this.getHtmlContent(webviewView.webview);
    
        // Subscribe to status changes
        const statusSubscription = this.serverManager.onStatusChange((status) => {
          this.view?.webview.postMessage({
            type: "statusUpdate",
            status: status,
          });
        });
    
        // Cleanup on dispose
        webviewView.onDidDispose(() => {
          if (this.unsubscribe) {
            this.unsubscribe();
            this.unsubscribe = undefined;
          }
          this.isBootstrappingWebview = false;
          this.hasInitializedWebview = false;
          this.sessionsListRequestVersion = 0;
          this.lastSessionsPayloadFingerprint = undefined;
          statusSubscription.dispose();
          this.quotaService.dispose();
          // Don't dispose the singleton tracker - it's shared
          this.view = undefined;
        });
      }
    
      /**
       * Handles getting the sessions list
       */
      /**
       * Notifies the webview of the current set of processing session IDs.
       */
      /**
       * Handles switching to a specific session
       */
      /**
       * Handles deleting a session
       */
      /**
       * Handles renaming a session.
       *
       * Updates the session title on the server and refreshes the session list.
       *
       * @param sessionId - The ID of the session to rename
       * @param newTitle - The new title for the session
       */
      /**
       * Processes raw history messages by applying structured outputs and enriching
       * plan metadata for rendering.
       */
      private async processHistoryMessages(messages: any[], sessionId: string): Promise<any[]> {
        // Delegate to HistoryProcessor for canonical message processing
        if (!this.historyProcessor) {
          this.logger.warn("HistoryProcessor not initialized, returning empty messages");
          return [];
        }
    
        if (!Array.isArray(messages) || messages.length === 0) {
          this.logger.warn('[processHistoryMessages] No messages to process', { sessionId, count: messages?.length });
          return [];
        }
    
        this.logger.info('[DEBUG] processHistoryMessages input:', { count: messages.length, sessionId });
    
        try {
          // Load any session overrides first
          const overriddenMessages = await this.historyProcessor.applySessionMessageOverrides(sessionId, messages);
    
          this.logger.info('[DEBUG] After applySessionMessageOverrides:', { count: overriddenMessages?.length || 0 });
    
          // Then process through the canonical pipeline
          const processed = this.historyProcessor.processHistoryMessages(overriddenMessages, sessionId);
    
          this.logger.info('[DEBUG] processHistoryMessages output:', { count: processed?.length || 0, sessionId });
    
          return processed || [];
        } catch (error) {
          this.logger.error('[ERROR] processHistoryMessages failed:', { error: error instanceof Error ? error.message : String(error), sessionId, stack: error instanceof Error ? error.stack : undefined });
          // Return original messages as fallback
          return messages;
        }
      }
    
      private isAssistantHistoryMessage(message: any): boolean {
        return (
          this.firstNonEmptyString(message?.role, message?.info?.role)?.toLowerCase() ===
          "assistant"
        );
      }
    
      private isInternalSystemReminderMessage(message: any): boolean {
        if (!message || typeof message !== "object") return false;
    
        const role = this.firstNonEmptyString(
          message?.role,
          message?.info?.role,
        )?.toLowerCase().trim();
        if (role !== "user" && role !== "system") return false;
    
        const text = this.extractMessageBodyText(message);
        if (!text) return false;
    
        const trimmed = text.trim();
        const lower = trimmed.toLowerCase();
    
        // Check for square-bracketed system messages at the start (e.g., [analyze-mode], [background task completed])
        const bracketPattern = /^\[[a-z][a-z0-9_\- ]*\]/i;
        const hasBracketPrefix = bracketPattern.test(trimmed);
    
        return (
          lower.includes("<system-reminder>") ||
          lower.includes("<auto-slash-command>") ||
          lower.includes("<!-- omo_internal_initiator -->") ||
          hasBracketPrefix ||
          (lower.includes("[search-model]") && lower.includes("maximize search effort")) ||
          lower.startsWith("system reminder") ||
          lower.startsWith("internal reminder") ||
          lower.includes("reminder: you can")
        );
      }
    
      private hasRenderableHistoryPayload(message: any): boolean {
        if (!message || typeof message !== "object") {
          return false;
        }
    
        // Don't filter out system reminder messages - they will be converted to system role
        // and rendered with the SystemMessage component
        if (this.isInternalSystemReminderMessage(message)) {
          return true;
        }
    
        const text = this.extractMessageBodyText(message).trim();
        if (text.length > 0) {
          return true;
        }
    
        if (Array.isArray(message.images) && message.images.length > 0) {
          return true;
        }
        if (Array.isArray(message.attachments) && message.attachments.length > 0) {
          return true;
        }
        if (Array.isArray(message.subagents) && message.subagents.length > 0) {
          return true;
        }
        if (
          Array.isArray(message.interactiveEvents) &&
          message.interactiveEvents.length > 0
        ) {
          return true;
        }
        if (
          Array.isArray(message.reasoningEvents) &&
          message.reasoningEvents.length > 0
        ) {
          return true;
        }
        if (
          Array.isArray(message.progressEvents) &&
          message.progressEvents.length > 0
        ) {
          return true;
        }
        if (Array.isArray(message.steps) && message.steps.length > 0) {
          return true;
        }
        if (Array.isArray(message.edits) && message.edits.length > 0) {
          return true;
        }
        if (
          typeof message.error === "string" &&
          message.error.trim().length > 0
        ) {
          return true;
        }
        if (message.plan && typeof message.plan === "object") {
          return true;
        }
    
        if (!Array.isArray(message.parts)) {
          return false;
        }
    
        const role = this.firstNonEmptyString(message?.role, message?.info?.role)
          ?.toLowerCase()
          .trim();
        if (role === "assistant" && message.parts.length > 0) {
          return true;
        }
    
        return message.parts.some((part: any) => {
          const rec = this.asRecord(part);
          if (!rec) {
            return false;
          }
          return (
            this.firstNonEmptyString(rec.filename)?.length ||
            this.firstNonEmptyString(this.asRecord(rec.source)?.path)?.length ||
            this.firstNonEmptyString(rec.url)?.length
          )
            ? true
            : false;
        });
      }
    
      private isRenderableHistoryMessage(message: any): boolean {
        const role = this.firstNonEmptyString(message?.role, message?.info?.role);
        const hasPayload = this.hasRenderableHistoryPayload(message);
        if (role === "user" || role === "assistant") {
          return hasPayload;
        }
        return hasPayload;
      }
    
      private extractHistoryMessageId(message: any): string | undefined {
        if (!message || typeof message !== "object") {
          return undefined;
        }
        return this.firstNonEmptyString(message.info?.id, message.id);
      }
    
      private historyMessageCreatedAt(message: any): number | undefined {
        const candidates = [
          message?.time?.created,
          message?.info?.time?.created,
          message?.createdAt,
          message?.info?.createdAt,
        ];
        for (const candidate of candidates) {
          if (typeof candidate === "number" && Number.isFinite(candidate)) {
            return candidate;
          }
        }
        return undefined;
      }
    
      private historyMessageFingerprint(message: any): string | undefined {
        const role = this.firstNonEmptyString(message?.role, message?.info?.role)
          ?.toLowerCase()
          .trim();
        const text = this.extractMessageBodyText(message)
          .toLowerCase()
          .replace(/\s+/g, " ")
          .trim();
        if (text.length > 0) {
          return `${role || "unknown"}|text:${text}`;
        }
    
        if (Array.isArray(message?.images) && message.images.length > 0) {
          const imageKey = message.images
            .map((image: any) => {
              if (typeof image === "string") {
                return image;
              }
              return this.firstNonEmptyString(
                image?.url,
                image?.dataUrl,
                image?.filename,
              );
            })
            .filter((value: string | undefined): value is string => Boolean(value))
            .join("|");
          if (imageKey) {
            return `${role || "unknown"}|images:${imageKey}`;
          }
        }
    
        if (Array.isArray(message?.parts) && message.parts.length > 0) {
          const attachmentKey = message.parts
            .map((part: any) => {
              const rec = this.asRecord(part);
              if (!rec) {
                return undefined;
              }
              return this.firstNonEmptyString(
                rec.filename,
                this.asRecord(rec.source)?.path,
                rec.url,
              );
            })
            .filter((value: string | undefined): value is string => Boolean(value))
            .join("|");
          if (attachmentKey) {
            return `${role || "unknown"}|attachments:${attachmentKey}`;
          }
        }
    
        return undefined;
      }
    
      private async sleep(ms: number): Promise<void> {
        await new Promise<void>((resolve) => {
          const scheduleDelay = Reflect.get(globalThis, "set" + "Timeout") as
            | ((callback: () => void, delay?: number) => unknown)
            | undefined;
          if (typeof scheduleDelay === "function") {
            scheduleDelay(resolve, ms);
            return;
          }
          resolve();
        });
      }
    
      private async tryRecoverTimedOutResponse(
        sessionId: string,
        baselineAssistantMarker?: AssistantHistoryMarker,
      ): Promise<boolean> {
        const pollDelaysMs = [500, 1000, 1800, 2800, 4000];
    
        for (const delayMs of pollDelaysMs) {
          await this.sleep(delayMs);
          const rawMessages = await this.sessionService.getMessages(sessionId);
          const latestAssistantMarker =
            this.getLatestAssistantHistoryMarker(rawMessages);
          if (
            !this.hasAssistantHistoryAdvanced(
              latestAssistantMarker,
              baselineAssistantMarker,
            )
          ) {
            continue;
          }
    
          const processedMessages = await this.processHistoryMessages(
            rawMessages,
            sessionId,
          );
          this.logHistoryRenderDiagnostics(
            "timeout-recovery",
            sessionId,
            rawMessages,
            processedMessages,
          );
          this.view?.webview.postMessage({
            type: "chatHistory",
            sessionId,
            messages: processedMessages,
          });
          try {
            await this.sendPersistedCompactionViewState(sessionId);
          } catch {
            // best effort only
          }
          return true;
        }
    
        return false;
      }
    
      private getWorkspaceDirectory(): string | undefined {
        const workspaceFolder = vscode.workspace.workspaceFolders?.[0];
        if (!workspaceFolder || workspaceFolder.uri.scheme !== "file") {
          return undefined;
        }
        return workspaceFolder.uri.fsPath.replace(/\\/g, "/").replace(/\/+$/, "");
      }
    
      private isStructuredFormatUnsupportedError(error: unknown): boolean {
        const text = JSON.stringify(error || "").toLowerCase();
        const mentionsFormat =
          text.includes("outputformat") ||
          text.includes("output_format") ||
          text.includes('"format"') ||
          text.includes("format:");
        const mentionsUnsupported =
          text.includes("unknown") ||
          text.includes("unsupported") ||
          text.includes("unexpected") ||
          text.includes("invalid");
        return mentionsFormat && mentionsUnsupported;
      }
    
      /**
       * Get the configured request timeout from VSCode settings
       * @returns Timeout in milliseconds (default: 120000 = 2 minutes)
       */
      private getRequestTimeout(): number {
        const config = vscode.workspace.getConfiguration('opencode');
        const timeout = config.get<number>('requestTimeout', 120000);
    
        // Validate timeout is reasonable (between 10s and 10 minutes)
        if (timeout < 10000 || timeout > 600000) {
          this.logger.warn(`Invalid requestTimeout configured: ${timeout}ms, using default 120000ms`);
          return 120000;
        }
    
        return timeout;
      }
    
      /**
       * Calculate timeout based on query complexity
       * @param baseTimeout - Base timeout from configuration
       * @param hasFiles - Whether the query includes file attachments
       * @param hasContexts - Whether the query includes context attachments
       * @param hasImages - Whether the query includes image attachments
       * @returns Adjusted timeout in milliseconds
       */
      private calculateTimeoutForQuery(
        baseTimeout: number,
        hasFiles: boolean,
        hasContexts: boolean,
        hasImages: boolean,
      ): number {
        const config = vscode.workspace.getConfiguration('opencode');
        const multiplier = config.get<number>('complexQueryMultiplier', 1.5);
    
        // Calculate complexity score
        const complexityScore = (hasFiles ? 1 : 0) + (hasContexts ? 1 : 0) + (hasImages ? 1 : 0);
    
        // Apply multiplier for complex queries
        if (complexityScore >= 2) {
          const adjustedTimeout = Math.floor(baseTimeout * multiplier);
          this.logger.debug(`Using extended timeout for complex query: ${adjustedTimeout}ms (base: ${baseTimeout}ms, complexity: ${complexityScore})`);
          return adjustedTimeout;
        }
    
        return baseTimeout;
      }
    
      // PROMPT-OWNERSHIP: do not modify — transport-only path
      private async promptWithStructuredOutput(
        client: any,
        sessionID: string,
        body: NonNullable<SessionPromptData["body"]>,
        useStructuredOutput = true,
        options?: {
          hasFiles?: boolean;
          hasContexts?: boolean;
          hasImages?: boolean;
        },
      ) {
        const workspaceDirectory = this.getWorkspaceDirectory();
    
        // Calculate timeout based on query complexity
        const baseTimeout = this.getRequestTimeout();
        const timeout = this.calculateTimeoutForQuery(
          baseTimeout,
          options?.hasFiles ?? false,
          options?.hasContexts ?? false,
          options?.hasImages ?? false,
        );
    
        const callPrompt = (requestBody: Record<string, unknown>) => {
          const sdkStartTime = Date.now();
          this.logger.debug("Initiating SDK prompt call", {
            sessionID,
            timeout,
            useStructuredOutput,
            hasFiles: options?.hasFiles,
            hasContexts: options?.hasContexts,
            hasImages: options?.hasImages,
          });
    
          const promise = client.session.prompt({
            path: { id: sessionID },
            query: workspaceDirectory ? { directory: workspaceDirectory } : undefined,
            body: requestBody as SessionPromptData["body"],
            timeout,  // Explicit timeout configuration
          });
    
          // Add timing tracking
          promise.then((result: { error?: unknown; data?: unknown }) => {
            const sdkDuration = Date.now() - sdkStartTime;
            this.logger.performance(`SDK prompt call completed`, sdkDuration, {
              sessionID,
              hasError: Boolean(result.error),
              hasData: Boolean(result.data),
              timeout,
            });
          }).catch((error: Error) => {
            const sdkDuration = Date.now() - sdkStartTime;
            this.logger.error(`SDK prompt call failed after ${sdkDuration}ms`, {
              sessionID,
              timeout,
              error: error.message,
            });
          });
    
          return promise;
        };
    
        const schema = this.getStructuredOutputFormat();
    
        if (!useStructuredOutput || this.structuredOutputMode === "disabled") {
          return callPrompt(body as Record<string, unknown>);
        }
    
        const withSchema = (
          mode: "format" | "outputFormat",
        ): Record<string, unknown> => ({
          ...(body as Record<string, unknown>),
          [mode]: schema,
        });
    
        const primaryMode: "format" | "outputFormat" =
          this.structuredOutputMode === "outputFormat"
            ? "outputFormat"
            : "format";
    
        // Try structured output with 1 retry (handled by API internally via retryCount)
        const attempt = await callPrompt(withSchema(primaryMode));
        if (!attempt.error) {
          return attempt;
        }
    
        // If structured output failed, immediately fall back to plain text
        if (this.isStructuredFormatUnsupportedError(attempt.error)) {
          this.structuredOutputMode = "disabled";
          log.warn(
            "Structured output failed with this model. Falling back to plain text.",
          );
          return callPrompt(body as Record<string, unknown>);
        }
    
        // Return other errors as-is
        return attempt;
      }
    
      private asRecord(value: unknown): Record<string, unknown> | undefined {
        return typeof value === "object" && value !== null
          ? (value as Record<string, unknown>)
          : undefined;
      }
    
      /**
       * Extracts the session ID from an SSE event by checking all locations where
       * the OpenCode server may embed it (properties, part, info sub-objects).
       */
      private extractEventSessionId(event: unknown): string | undefined {
        const ev = this.asRecord(event);
        if (!ev) return undefined;
        const props = this.asRecord(ev.properties) ?? {};
        const part = this.asRecord(props.part) ?? {};
        const info = this.asRecord(props.info) ?? {};
        return (
          (typeof props.sessionID === 'string' && props.sessionID) ||
          (typeof props.sessionId === 'string' && props.sessionId) ||
          (typeof part.sessionID === 'string' && part.sessionID) ||
          (typeof part.sessionId === 'string' && part.sessionId) ||
          (typeof info.sessionID === 'string' && info.sessionID) ||
          (typeof info.sessionId === 'string' && info.sessionId) ||
          undefined
        );
      }
    
      private firstNonEmptyString(...values: unknown[]): string | undefined {
        for (const value of values) {
          if (typeof value === "string" && value.trim()) {
            return value.trim();
          }
        }
        return undefined;
      }
    
      private isLikelyToolCallTranscript(text: string): boolean {
        const normalized = text.trim().toLowerCase();
        if (!normalized) {
          return false;
        }
        return (
          normalized.includes("<tool_call>") ||
          normalized.includes("</tool_call>") ||
          normalized.includes("<arg_key>") ||
          normalized.includes("</arg_key>") ||
          normalized.includes("<arg_value>") ||
          normalized.includes("</arg_value>")
        );
      }
    
      private normalizeErrorCandidate(value: unknown): string | undefined {
        if (typeof value !== "string") {
          return undefined;
        }
        const trimmed = value.trim();
        return trimmed.length > 0 ? trimmed : undefined;
      }
    
      private shouldVerboseStreamDebug(): boolean {
        const level = vscode.workspace
          .getConfiguration("opencode.logging")
          .get<string>("level", "info");
        return typeof level === "string" && level.toLowerCase() === "debug";
      }
    
      private isLikelyInteractiveAwaitTimeoutError(message: string): boolean {
        const normalized = message.trim().toLowerCase();
        if (!normalized || !normalized.includes("timeout")) {
          return false;
        }
        return (
          normalized.includes("headers timeout") ||
          normalized.includes("header timeout") ||
          normalized.includes("und_err_headers_timeout") ||
          normalized.includes("request timed out") ||
          normalized.includes("response timeout") ||
          normalized.includes("body timeout")
        );
      }
    
      private shouldSuppressInteractiveAwaitTimeout(message: string): boolean {
        if (!this.isLikelyInteractiveAwaitTimeoutError(message)) {
          return false;
        }
        return this.awaitingInteractiveAnswer || this.isInInteractiveResponseTransition();
      }
    
      private isInInteractiveResponseTransition(): boolean {
        return Date.now() <= this.interactiveResponseTransitionUntil;
      }
    
      private isGenericErrorMessage(message: string): boolean {
        const normalized = message.trim().toLowerCase();
        return (
          normalized === "fetch failed" ||
          normalized === "failed to fetch" ||
          normalized === "request failed" ||
          normalized === "network error" ||
          normalized === "network request failed" ||
          normalized === "unknown error"
        );
      }
    
      private isStructuredOutputTransportError(message: string): boolean {
        const normalized = message.trim().toLowerCase();
        if (!normalized) {
          return false;
        }
        return (
          normalized.includes("structuredoutput") ||
          normalized.includes("structured output") ||
          normalized.includes("json_schema") ||
          normalized.includes("invalid schema for function") ||
          normalized.includes("invalid_function_parameters")
        );
      }
    
      private isStructuredOutputFailureMessage(message: string): boolean {
        const normalized = message.trim().toLowerCase();
        if (!normalized) {
          return false;
        }
        return (
          this.isStructuredOutputTransportError(normalized) ||
          normalized.includes("empty structured payload") ||
          normalized.includes("valid structured response") ||
          normalized.includes("couldn't produce a valid structured response")
        );
      }
    
      private isLikelyInteractiveTransportFailure(message: string): boolean {
        return (
          this.isLikelyInteractiveAwaitTimeoutError(message) ||
          this.isGenericErrorMessage(message)
        );
      }
    
      private hasBlockingInteractiveInStreamPayload(event: unknown): boolean {
        const eventRec = this.asRecord(event);
        if (!eventRec) {
          return false;
        }
        const isBlockingType = (value: unknown): boolean => {
          const type = this.firstNonEmptyString(value)?.toLowerCase();
          return (
            type === "question" ||
            type === "confirm" ||
            type === "quick_actions" ||
            type === "quick-actions" ||
            type === "interactive"
          );
        };
    
        const structured = this.asRecord(eventRec.structuredOutput);
        if (structured) {
          if (isBlockingType(structured.responseType)) {
            return true;
          }
    
          const interactiveEvents = Array.isArray(structured.interactiveEvents)
            ? structured.interactiveEvents
            : [];
          if (interactiveEvents.length > 0) {
            const hasBlockingInteractive = interactiveEvents.some((item) => {
              const rec = this.asRecord(item);
              if (!rec) return false;
              return isBlockingType(rec.type) || isBlockingType(rec.kind);
            });
            if (hasBlockingInteractive) {
              return true;
            }
          }
    
          const question = this.asRecord(structured.question);
          if (question && (!question.type || isBlockingType(question.type))) {
            return true;
          }
        }
    
        // Tool-question path: some providers emit interactive prompts through
        // tool parts (question/request_user_input) instead of top-level structuredOutput.
        const properties = this.asRecord(eventRec.properties) || {};
        const part = this.asRecord(properties.part) || this.asRecord(eventRec.part);
        if (!part) {
          return false;
        }
    
        const toolName = this.firstNonEmptyString(part.tool)?.toLowerCase() || "";
        if (
          toolName === "question" ||
          toolName.includes("request_user_input") ||
          toolName.includes("request-user-input")
        ) {
          return true;
        }
    
        const state = this.asRecord(part.state);
        const input =
          this.asRecord(state?.input) ||
          this.asRecord(part.input) ||
          this.asRecord(part.arguments) ||
          null;
        if (!input) {
          return false;
        }
    
        if (
          Array.isArray(input.questions) ||
          Array.isArray(input.items) ||
          Array.isArray(input.prompts) ||
          Array.isArray(input.events)
        ) {
          return true;
        }
    
        const questionLike = this.asRecord(input.question) || input;
        const hasQuestionText = !!this.firstNonEmptyString(
          questionLike.question,
          questionLike.prompt,
          questionLike.message,
          questionLike.content,
          questionLike.text,
          questionLike.title,
        );
        const hasChoices =
          Array.isArray(questionLike.options) ||
          Array.isArray(questionLike.choices) ||
          Array.isArray(questionLike.answers) ||
          Array.isArray(questionLike.actions);
        const hasConfirmControls = !!this.firstNonEmptyString(
          questionLike.confirmLabel,
          questionLike.confirm_text,
          questionLike.cancelLabel,
          questionLike.cancel_text,
        );
        const allowsCustomInput =
          questionLike.allowCustomInput === true ||
          questionLike.allow_custom_input === true;
    
        return hasQuestionText && (hasChoices || hasConfirmControls || allowsCustomInput);
      }
    
      private collectErrorMessageCandidates(
        value: unknown,
        seen: WeakSet<object> = new WeakSet<object>(),
        depth = 0,
      ): string[] {
        if (value == null || depth > 5) {
          return [];
        }
        if (typeof value === "string") {
          return [value];
        }
        if (value instanceof Error) {
          const withCause = value as Error & { cause?: unknown };
          return [
            value.message,
            ...this.collectErrorMessageCandidates(withCause.cause, seen, depth + 1),
          ];
        }
        if (typeof value !== "object") {
          return [String(value)];
        }
        if (seen.has(value)) {
          return [];
        }
        seen.add(value);
    
        const rec = value as Record<string, unknown>;
        const messages: string[] = [];
        const pushIfString = (candidate: unknown) => {
          const message = this.normalizeErrorCandidate(candidate);
          if (message) {
            messages.push(message);
          }
        };
    
        pushIfString(rec.message);
        pushIfString(rec.error);
        pushIfString(rec.detail);
        pushIfString(rec.reason);
    
        if (Array.isArray(rec.errors)) {
          for (const entry of rec.errors) {
            messages.push(
              ...this.collectErrorMessageCandidates(entry, seen, depth + 1),
            );
          }
        }
    
        messages.push(...this.collectErrorMessageCandidates(rec.data, seen, depth + 1));
        messages.push(...this.collectErrorMessageCandidates(rec.cause, seen, depth + 1));
        messages.push(
          ...this.collectErrorMessageCandidates(rec.response, seen, depth + 1),
        );
        messages.push(...this.collectErrorMessageCandidates(rec.body, seen, depth + 1));
    
        const code = this.firstNonEmptyString(rec.code, rec.errno);
        const syscall = this.firstNonEmptyString(rec.syscall);
        const address = this.firstNonEmptyString(rec.address);
        const port =
          typeof rec.port === "number"
            ? String(rec.port)
            : this.firstNonEmptyString(rec.port);
        if (code || syscall || address || port) {
          const endpoint = address && port ? `${address}:${port}` : address || port;
          const signature = [code, syscall, endpoint]
            .filter((part): part is string => Boolean(part))
            .join(" ");
          if (signature) {
            messages.push(signature);
          }
        }
    
        return messages;
      }
    
      private collectNormalizedErrorMessages(error: unknown): string[] {
        const candidates = this.collectErrorMessageCandidates(error)
          .map((candidate) => this.normalizeErrorCandidate(candidate))
          .filter((candidate): candidate is string => Boolean(candidate));
    
        if (candidates.length === 0) {
          return [];
        }
    
        const deduped: string[] = [];
        for (const candidate of candidates) {
          if (!deduped.includes(candidate)) {
            deduped.push(candidate);
          }
        }
        return deduped;
      }
    
      private extractDetailedErrorMessage(error: unknown, fallback: string): string {
        const candidates = this.collectNormalizedErrorMessages(error);
        if (candidates.length === 0) {
          return fallback;
        }
    
        const primary =
          candidates.find((candidate) => !this.isGenericErrorMessage(candidate)) ||
          candidates[0];
        const detailCandidates = candidates.filter(
          (candidate) => candidate !== primary,
        );
        if (detailCandidates.length === 0) {
          return primary;
        }
    
        const details = detailCandidates.slice(0, 4);
        const remainingCount = detailCandidates.length - details.length;
        const detailLines = details.map((detail) => `- ${detail}`);
        if (remainingCount > 0) {
          detailLines.push(`- (+${remainingCount} more detail(s))`);
        }
    
        return `${primary}\n\nDetails:\n${detailLines.join("\n")}`;
      }
    
      private enrichStreamEvent(event: any): any {
        if (!event || typeof event !== "object") {
          return event;
        }
    
        const properties = this.asRecord(event.properties) || {};
        const isMessagePartEvent =
          typeof event.type === "string" && event.type.startsWith("message.part.");
        const part =
          this.asRecord(properties.part) ||
          this.asRecord(event.part) ||
          (isMessagePartEvent ? this.asRecord(properties) : null);
        const enriched: Record<string, unknown> = { ...event };
        let kind:
          | "thinking"
          | "progress"
          | "message"
          | "lifecycle"
          | "error"
          | "other" = "other";
        let text: string | undefined;
    
        if (isMessagePartEvent && part) {
          const rawPartType =
            this.firstNonEmptyString(part.type)?.toLowerCase() || "";
          const partType =
            rawPartType === "thinking" || rawPartType === "thought"
              ? "reasoning"
              : rawPartType;
          if (
            partType === "reasoning" ||
            typeof part.reasoning !== "undefined" ||
            typeof part.thought !== "undefined" ||
            typeof part.thinking !== "undefined"
          ) {
            kind = "thinking";
            text = this.firstNonEmptyString(
              properties.delta,
              part.reasoning,
              part.thought,
              part.thinking,
              properties.reasoning,
              properties.thought,
              properties.thinking,
              part.delta,
              part.text,
            );
          } else if (
            partType === "tool" ||
            partType === "step-start" ||
            partType === "step-finish" ||
            partType === "patch"
          ) {
            const toolName = (part.tool || "").toString().toLowerCase();
            if (
              toolName.includes("structuredoutput") ||
              toolName.includes("structured_output")
            ) {
              kind = "other";
            } else {
              kind = "progress";
            }
          } else if (partType === "text" || !partType) {
            kind = "message";
            text = this.firstNonEmptyString(
              properties.delta,
              part.text,
              part.content,
            );
          }
        } else if (event.type === "message.updated") {
          kind = "lifecycle";
        } else if (event.type === "session.error" || event.type === "error") {
          kind = "error";
        }
    
        const structuredOutput = this.extractStructuredOutput({
          ...properties,
          info: properties.info,
        });
        if (structuredOutput) {
          enriched.structuredOutput = structuredOutput;
          enriched.hasStructuredOutput = true;
          if (kind === "other") {
            kind = "message";
          }
        }
    
        enriched.structured = {
          kind,
          text,
          eventType: event.type,
          responseType: structuredOutput?.responseType,
        };
    
        return enriched;
      }
    
      private normalizeSubagentStatus(
        value: unknown,
      ): "pending" | "running" | "done" | "error" | "orphaned" {
        const status = this.firstNonEmptyString(value)?.toLowerCase();
        if (
          status === "pending" ||
          status === "running" ||
          status === "done" ||
          status === "error" ||
          status === "orphaned"
        ) {
          return status;
        }
        if (
          status === "completed" ||
          status === "complete" ||
          status === "success" ||
          status === "finished"
        ) {
          return "done";
        }
        if (status === "failed") {
          return "error";
        }
        return "pending";
      }
    
      private mergeSubagentEntries(
        existingRaw: unknown,
        incoming: Array<Record<string, unknown>>,
      ): Array<Record<string, unknown>> {
        const byId = new Map<string, Record<string, unknown>>();
    
        const upsert = (value: unknown, preferIncoming = false) => {
          const rec = this.asRecord(value);
          if (!rec) {
            return;
          }
          const id = this.firstNonEmptyString(rec.id);
          if (!id) {
            return;
          }
          const current = byId.get(id);
          if (!current) {
            byId.set(id, { ...rec, id });
            return;
          }
          byId.set(
            id,
            preferIncoming
              ? { ...current, ...rec, id }
              : { ...rec, ...current, id },
          );
        };
    
        if (Array.isArray(existingRaw)) {
          existingRaw.forEach((entry) => {
            upsert(entry, false);
          });
        }
        incoming.forEach((entry) => {
          upsert(entry, true);
        });
    
        return Array.from(byId.values());
      }
    
      private hydrateSubagentsFromPayload(
        parentMessageId: string,
        payload: {
          summariesByParentMessageId?: Record<string, unknown>;
          detailsById?: Record<string, unknown>;
        },
        fallbackSessionId?: string,
      ): Array<Record<string, unknown>> {
        const summariesMap = this.asRecord(payload.summariesByParentMessageId) || {};
        const detailsMap = this.asRecord(payload.detailsById) || {};
        const summariesRaw = summariesMap[parentMessageId];
        const summaries = Array.isArray(summariesRaw) ? summariesRaw : [];
        if (summaries.length === 0) {
          return [];
        }
    
        return summaries
          .map((summaryRaw) => {
            const summary = this.asRecord(summaryRaw);
            if (!summary) {
              return null;
            }
            const id = this.firstNonEmptyString(summary.id);
            if (!id) {
              return null;
            }
            const detail = this.asRecord(detailsMap[id]) || {};
            const merged: Record<string, unknown> = {
              ...summary,
              ...detail,
              id,
            };
            merged.parentMessageId = this.firstNonEmptyString(
              merged.parentMessageId,
              parentMessageId,
            );
            merged.parentSessionId = this.firstNonEmptyString(
              merged.parentSessionId,
              fallbackSessionId,
            );
            merged.status = this.normalizeSubagentStatus(merged.status);
            merged.latestActivity =
              this.firstNonEmptyString(
                merged.latestActivity,
                merged.description,
                summary.latestActivity,
              ) || "Subagent update";
            if (!Array.isArray(merged.references)) {
              merged.references = [];
            }
            if (!Array.isArray(merged.progressEvents)) {
              merged.progressEvents = [];
            }
            if (!Array.isArray(merged.thinkingEvents)) {
              merged.thinkingEvents = [];
            }
            if (!Array.isArray(merged.timelineEvents)) {
              merged.timelineEvents = [];
            }
            return merged;
          })
          .filter((entry): entry is Record<string, unknown> => !!entry);
      }
    
      private resolveSubagentPayloadSessionId(payload: {
        summariesByParentMessageId?: Record<string, unknown>;
      }): string | undefined {
        const summariesMap = this.asRecord(payload.summariesByParentMessageId) || {};
        for (const summariesRaw of Object.values(summariesMap)) {
          if (!Array.isArray(summariesRaw)) {
            continue;
          }
          for (const summaryRaw of summariesRaw) {
            const summary = this.asRecord(summaryRaw);
            const sessionId = this.firstNonEmptyString(summary?.parentSessionId);
            if (sessionId) {
              return sessionId;
            }
          }
        }
        return undefined;
      }
    
      /**
       * Callback: Send persisted compaction view state
       * Delegates to CompactionManager module
       */
      private async sendPersistedCompactionViewState(sessionId: string): Promise<void> {
        return this.compactionManager.sendPersistedCompactionViewState(sessionId);
      }
    
      /**
       * Callback: Sync subagent snapshot for session
       * Delegates to SubagentPersistence module
       */
      private async syncSubagentSnapshotForSession(
        sessionId: string,
        messages: any[],
      ): Promise<SubagentUpdatePayload> {
        const snapshot = await this.subagentPersistence.syncSubagentSnapshotForSession(
          sessionId,
          messages,
        );
        const normalized = this.remapOrphanedSubagentKeys(snapshot, messages);
        if (normalized !== snapshot) {
          await this.subagentPersistence.savePersistedSubagentSnapshot(
            sessionId,
            normalized,
          );
        }
        return normalized;
      }
    
      /**
       * Remap entries in summariesByParentMessageId whose key is not a real
       * message ID (orphan-* synthetic keys produced when a child session is
       * created but cannot be matched to a specific subtask message part) to the
       * latest assistant message in the same session.
       */
      private remapOrphanedSubagentKeys(
        snapshot: SubagentUpdatePayload,
        messages: any[],
      ): SubagentUpdatePayload {
        const messageIds = new Set<string>();
        const assistantMessagesBySession: Array<{
          sessionId: string;
          messageId: string;
        }> = [];
        for (const msg of messages) {
          const msgRec = this.asRecord(msg) || {};
          const info = this.asRecord(msgRec.info);
          const role = this.firstNonEmptyString(info?.role, msgRec.role);
          const messageId = this.firstNonEmptyString(
            info?.id,
            msgRec.id,
            msgRec.messageID,
          );
          if (!messageId) {
            continue;
          }
          messageIds.add(messageId);
          if ((role || "").toLowerCase() === "assistant") {
            const parentSessionId = this.firstNonEmptyString(
              info?.sessionID,
              info?.sessionId,
              msgRec.sessionID,
              msgRec.sessionId,
            );
            assistantMessagesBySession.push({
              sessionId: parentSessionId || "",
              messageId,
            });
          }
        }
    
        const summariesByParentMessageId = {
          ...(snapshot.summariesByParentMessageId || {}),
        };
        const detailsById = { ...(snapshot.detailsById || {}) };
        let changed = false;
    
        for (const [parentKey, summaries] of Object.entries(
          summariesByParentMessageId,
        )) {
          if (messageIds.has(parentKey)) {
            continue;
          }
          if (!parentKey.startsWith("orphan-")) {
            continue;
          }
          if (!Array.isArray(summaries) || summaries.length === 0) {
            continue;
          }
    
          const parentSessionId =
            this.firstNonEmptyString(
              ...summaries.map((summary) => {
                const summaryRec = this.asRecord(summary);
                return this.firstNonEmptyString(summaryRec?.parentSessionId);
              }),
            ) || "";
    
          let latestAssistantMessageId: string | undefined;
          for (let index = assistantMessagesBySession.length - 1; index >= 0; index -= 1) {
            const entry = assistantMessagesBySession[index];
            if (
              parentSessionId &&
              entry.sessionId &&
              entry.sessionId !== parentSessionId
            ) {
              continue;
            }
            latestAssistantMessageId = entry.messageId;
            break;
          }
          if (!latestAssistantMessageId) {
            continue;
          }
    
          const reboundSummaries = summaries.map((summary) => ({
            ...(this.asRecord(summary) || {}),
            parentMessageId: latestAssistantMessageId,
          }));
          const existingTarget = Array.isArray(
            summariesByParentMessageId[latestAssistantMessageId],
          )
            ? summariesByParentMessageId[latestAssistantMessageId]
            : [];
          const mergedById = new Map<string, Record<string, unknown>>();
          existingTarget.forEach((entry) => {
            const entryRec = this.asRecord(entry);
            const id = this.firstNonEmptyString(entryRec?.id);
            if (id) {
              mergedById.set(id, entryRec || {});
            }
          });
          reboundSummaries.forEach((entry) => {
            const id = this.firstNonEmptyString((entry as Record<string, unknown>).id);
            if (id) {
              mergedById.set(id, entry as Record<string, unknown>);
            }
          });
    
          summariesByParentMessageId[latestAssistantMessageId] =
            Array.from(mergedById.values()) as SubagentUpdatePayload["summariesByParentMessageId"][string];
          delete summariesByParentMessageId[parentKey];
    
          summaries.forEach((summary) => {
            const summaryRec = this.asRecord(summary);
            const id = this.firstNonEmptyString(summaryRec?.id);
            if (id && detailsById[id]) {
              detailsById[id] = {
                ...(this.asRecord(detailsById[id]) || {}),
                parentMessageId: latestAssistantMessageId,
              } as SubagentUpdatePayload["detailsById"][string];
            }
          });
          changed = true;
        }
    
        if (!changed) {
          return snapshot;
        }
        return { summariesByParentMessageId, detailsById };
      }
    
      private findLatestSubagentParentMessageIdForSession(
        payload: {
          summariesByParentMessageId?: Record<string, unknown>;
        },
        sessionId: string,
      ): string | undefined {
        const summariesMap = this.asRecord(payload.summariesByParentMessageId) || {};
        const entries = Object.entries(summariesMap);
        for (let i = entries.length - 1; i >= 0; i -= 1) {
          const [parentMessageId, summariesRaw] = entries[i];
          if (!Array.isArray(summariesRaw) || summariesRaw.length === 0) {
            continue;
          }
          const matchesSession = summariesRaw.some((summaryRaw) => {
            const summary = this.asRecord(summaryRaw);
            const parentSessionId = this.firstNonEmptyString(summary?.parentSessionId);
            return parentSessionId === sessionId;
          });
          if (matchesSession) {
            return parentMessageId;
          }
        }
        return undefined;
      }
    
      private extractMessageBodyText(message: any): string {
        if (!message) return "";
    
        let rawText = "";
        if (typeof message.content === "string" && message.content.trim()) {
          rawText = message.content.trim();
        } else if (typeof message.text === "string" && message.text.trim()) {
          rawText = message.text.trim();
        } else if (Array.isArray(message.parts)) {
          rawText = message.parts
            .map((part: any) => {
              if (!part || typeof part !== "object") return "";
              if (
                part.type === "reasoning" ||
                part.type === "thinking" ||
                part.type === "thought" ||
                typeof part.reasoning !== "undefined" ||
                typeof part.thought !== "undefined" ||
                typeof part.thinking !== "undefined"
              ) {
                return "";
              }
              return (part.text || part.content || "").toString();
            })
            .join("")
            .trim();
        }
    
        if (this.isLikelyToolCallTranscript(rawText)) {
          return "";
        }
        return rawText;
      }
    
      private hasNonTextActivityParts(message: any): boolean {
        if (!message || typeof message !== "object" || !Array.isArray(message.parts)) {
          return false;
        }
        return message.parts.some((part: any) => {
          const rec = this.asRecord(part);
          if (!rec) {
            return false;
          }
          if (this.isRenderableTextPart(rec)) {
            return false;
          }
          const partType = this.firstNonEmptyString(rec.type, rec.kind)?.toLowerCase();
          if (partType === "tool") {
            const toolName = this.firstNonEmptyString(rec.tool, rec.name)?.toLowerCase();
            if (
              toolName?.includes("structuredoutput") ||
              toolName?.includes("structured_output")
            ) {
              return false;
            }
          }
          return true;
        });
      }
    
      private extractStructuredOutput(
        messageLike: any,
      ): StructuredAssistantOutput | undefined {
        const role = this.firstNonEmptyString(
          messageLike.role,
          messageLike.info?.role,
          messageLike.properties?.role,
        )?.toLowerCase();
    
        if (role === "system") {
          return {
            responseType: "system",
          } as any;
        }
    
        const providerID = this.firstNonEmptyString(
          messageLike.info?.providerID,
          messageLike.providerID,
          messageLike.properties?.providerID,
        );
        const modelID = this.firstNonEmptyString(
          messageLike.info?.modelID,
          messageLike.modelID,
          messageLike.properties?.modelID,
          messageLike.info?.model?.modelID,
          messageLike.model?.modelID,
        );
        const candidates: Array<{ value: unknown; source: string }> = [
          { value: messageLike.structuredOutput, source: "messageLike.structuredOutput" },
          { value: messageLike.structured_output, source: "messageLike.structured_output" },
          { value: messageLike.output, source: "messageLike.output" },
          { value: messageLike.info?.structuredOutput, source: "messageLike.info.structuredOutput" },
          { value: messageLike.info?.structured_output, source: "messageLike.info.structured_output" },
          { value: messageLike.info?.structured, source: "messageLike.info.structured" },
          { value: messageLike.info?.output, source: "messageLike.info.output" },
          { value: messageLike.properties?.structuredOutput, source: "messageLike.properties.structuredOutput" },
          { value: messageLike.properties?.structured_output, source: "messageLike.properties.structured_output" },
          { value: messageLike.properties?.structured, source: "messageLike.properties.structured" },
          { value: messageLike.properties?.output, source: "messageLike.properties.output" },
        ];
    
        if (Array.isArray(messageLike.parts)) {
          for (const part of messageLike.parts) {
            if (
              part &&
              typeof part === "object" &&
              part.type === "tool" &&
              part.state
            ) {
              const toolName = (part.tool || "").toLowerCase();
              if (
                toolName.includes("structuredoutput") ||
                toolName.includes("structured_output")
              ) {
                const pushCandidate = (value: unknown, source: string) => {
                  if (typeof value === "undefined") return;
                  candidates.push({ value, source });
                };
                pushCandidate(
                  part.state.result,
                  "messageLike.parts[].state.result",
                );
                pushCandidate(
                  part.state.output,
                  "messageLike.parts[].state.output",
                );
                pushCandidate(
                  part.state.arguments,
                  "messageLike.parts[].state.arguments",
                );
                pushCandidate(
                  part.state.input,
                  "messageLike.parts[].state.input",
                );
    
                const resultRec = this.asRecord(part.state.result);
                if (resultRec) {
                  pushCandidate(
                    resultRec.output,
                    "messageLike.parts[].state.result.output",
                  );
                  pushCandidate(
                    resultRec.data,
                    "messageLike.parts[].state.result.data",
                  );
                  pushCandidate(
                    resultRec.value,
                    "messageLike.parts[].state.result.value",
                  );
                  pushCandidate(
                    resultRec.arguments,
                    "messageLike.parts[].state.result.arguments",
                  );
                  pushCandidate(
                    resultRec.structuredOutput,
                    "messageLike.parts[].state.result.structuredOutput",
                  );
                  pushCandidate(
                    resultRec.structured_output,
                    "messageLike.parts[].state.result.structured_output",
                  );
                }
              }
            }
          }
        }
    
        for (const candidate of candidates) {
          const parsed = this.normalizeStructuredOutput(candidate.value as string, {
            source: candidate.source,
            providerID,
            modelID,
          });
          if (parsed) {
            return parsed;
          }
        }
    
        const bodyText = this.extractMessageBodyText(messageLike);
        if (bodyText.startsWith("{") && bodyText.endsWith("}")) {
          return this.normalizeStructuredOutput(bodyText, {
            source: "messageLike.bodyText.json",
            providerID,
            modelID,
          });
        }
        return undefined;
      }
    
      private applyStructuredOutputToMessage(
        message: any,
        options?: { allowSyntheticFallbackError?: boolean },
      ): any {
        // Abort detection must happen before any content extraction or fallback generation.
        // A cached/persisted message may already have error text written into its content
        // field, so checking only at the !bodyText branch is insufficient.
        const messageInfoError = message?.info?.error ?? message?.error;
        if (messageInfoError?.name === "MessageAbortedError") {
          if (this.isInInteractiveResponseTransition()) {
            // Interactive answer submit intentionally aborts the previous waiting turn.
            // Preserve rendered content and avoid a misleading "response stopped" banner.
            return { ...message, aborted: false };
          }
          return { ...message, aborted: true };
        }
        const allowSyntheticFallbackError =
          options?.allowSyntheticFallbackError !== false;
        const role = this.firstNonEmptyString(
          message?.info?.role,
          message?.role,
        )?.toLowerCase();
    
        if (role === "system") {
          return {
            ...message,
            responseType: "system",
            structuredOutput: {
              responseType: "system",
            },
          };
        }
    
        const structured = this.extractStructuredOutput(message);
        if (!structured) {
          const bodyText = this.extractMessageBodyText(message);
          if (role === "assistant" && bodyText) {
            const next: any = {
              ...message,
              structuredOutput: {
                responseType: "message",
                message: bodyText,
              },
              content: bodyText,
            };
            if (Array.isArray(next.parts)) {
              next.parts = next.parts.filter((part: any) => {
                if (part && part.type === "tool") {
                  const toolName = (part.tool || "").toString().toLowerCase();
                  if (
                    toolName.includes("structuredoutput") ||
                    toolName.includes("structured_output")
                  ) {
                    return false;
                  }
                }
                return true;
              });
            }
            return next;
          }
          if (role === "assistant" && !bodyText) {
            // Keep partial stop/activity turns intact so activity/reasoning widgets can render.
            // These turns may have no assistant text body but still contain useful non-text parts.
            if (this.hasNonTextActivityParts(message)) {
              return message;
            }
            if (!allowSyntheticFallbackError) {
              return message;
            }
            const incompatibleModelKey = this.getStructuredOutputModelKey(
              this.firstNonEmptyString(
                message?.info?.providerID,
                message?.providerID,
              ),
              this.firstNonEmptyString(
                message?.info?.modelID,
                message?.modelID,
              ),
            );
            const retryWithoutStructuredOutput = true;
            const fallbackText =
              incompatibleModelKey &&
                this.structuredOutputIncompatibleModelKeys.has(incompatibleModelKey)
                ? "Structured output error: this model returned an empty structured payload."
                : "I couldn't produce a valid structured response for this turn. Please retry.";
            const next: any = {
              ...message,
              content: fallbackText,
              error: fallbackText,
              retryWithoutStructuredOutput,
            };
            const parts = Array.isArray(next.parts)
              ? next.parts.filter((part: any) => this.isRenderableTextPart(part))
              : [];
            const textIndex = parts.findIndex((part: any) =>
              this.isRenderableTextPart(part),
            );
            if (textIndex >= 0) {
              parts[textIndex] = {
                ...parts[textIndex],
                type: "text",
                text: fallbackText,
              };
            } else {
              parts.push({ type: "text", text: fallbackText });
            }
            next.parts = parts;
            return next;
          }
          return message;
        }
    
        const isInteractiveStructuredResponse =
          this.isInteractiveResponseType(structured.responseType) &&
          Array.isArray(structured.interactiveEvents) &&
          structured.interactiveEvents.length > 0;
    
        // DEBUG: Check structured object immediately after extraction
        log.debug('Structured object after extraction', {
          responseType: structured.responseType,
          hasPlan: 'plan' in structured,
          planKeys: structured.plan ? Object.keys(structured.plan) : [],
          planValue: structured.plan,
          planFile: structured.plan?.file,
          allStructuredKeys: Object.keys(structured)
        });
    
        const structuredPlanContent =
          this.firstNonEmptyString(structured.plan?.content) || "";
        const shouldSuppressStructuredPlan =
          this.isClarificationQuestionnaire(structuredPlanContent);
    
        const next: any = {
          ...message,
          structuredOutput: structured,
        };
    
        // DEBUG: Log immediately after creating next object
        log.debug('applyStructuredOutputToMessage: next object created', {
          messageId: next.id,
          hasStructuredOutput: 'structuredOutput' in next,
          structuredOutputResponseType: next.structuredOutput?.responseType,
          structuredOutputHasPlan: next.structuredOutput?.plan ? 'yes' : 'no',
          structuredOutputPlanFile: next.structuredOutput?.plan?.file,
          originalMessageHasPlan: 'plan' in message,
          originalMessagePlanFile: message.plan?.file
        });
    
        if (Array.isArray(next.parts)) {
          next.parts = next.parts.filter((part: any) => {
            if (part && part.type === "tool") {
              const toolName = (part.tool || "").toString().toLowerCase();
              if (
                toolName.includes("structuredoutput") ||
                toolName.includes("structured_output")
              ) {
                return false;
              }
            }
            return true;
          });
        }
    
        const bodyText = this.extractMessageBodyText(message);
        const hasJsonOnlyBody = bodyText.startsWith("{") && bodyText.endsWith("}");
        if (hasJsonOnlyBody) {
          next.content = "";
          if (Array.isArray(next.parts)) {
            next.parts = next.parts.filter((p: any) => p?.type !== "text");
          }
        }
    
        // Preserve the default OpenCode response body whenever it exists.
        // Only inject structured text as a fallback when body text is missing or JSON-only.
        const messageContent =
          structured.message ||
          this.createFallbackMessage(structured);
        const shouldUseStructuredMessage = !bodyText || hasJsonOnlyBody;
        if (messageContent && shouldUseStructuredMessage) {
          next.content = messageContent;
          const parts = Array.isArray(next.parts) ? [...next.parts] : [];
          const textIndex = parts.findIndex(
            (part: any) => this.isRenderableTextPart(part),
          );
          if (textIndex >= 0) {
            parts[textIndex] = {
              ...parts[textIndex],
              type: "text",
              text: messageContent,
            };
          } else {
            parts.push({ type: "text", text: messageContent });
          }
          next.parts = parts;
        }
    
        if (structured.progressUpdates && structured.progressUpdates.length > 0) {
          const existingSteps = Array.isArray(next.steps) ? next.steps : [];
          const mapped = structured.progressUpdates.map((update) => ({
            type: "step",
            title: update.title,
            content: update.filePath,
            status: update.status ?? "pending",
            meta: update.meta,
          }));
          next.steps = [...existingSteps, ...mapped];
        }
    
        if (
          structured.interactiveEvents &&
          structured.interactiveEvents.length > 0
        ) {
          next.interactiveEvents = structured.interactiveEvents;
          const questionPrompt = this.deriveQuestionPromptFromInteractivePayload({
            question: (structured.question as string) ?? '',
            options: structured.interactiveEvents as any[],
          });
          const currentBodyText = this.extractMessageBodyText(next).trim();
          const normalizeComparableText = (value: string): string =>
            value.replace(/\r\n/g, "\n").replace(/\s+/g, " ").trim().toLowerCase();
          const promptNorm = questionPrompt
            ? normalizeComparableText(questionPrompt)
            : "";
          const bodyNorm = normalizeComparableText(currentBodyText);
          let visibleInteractiveBody: string | undefined;
    
          if (questionPrompt) {
            if (
              !currentBodyText ||
              bodyNorm === promptNorm ||
              this.isLowValueInteractiveBodyText(currentBodyText)
            ) {
              visibleInteractiveBody = questionPrompt;
            } else if (promptNorm && bodyNorm.startsWith(promptNorm)) {
              visibleInteractiveBody = currentBodyText;
            } else {
              visibleInteractiveBody = `${questionPrompt}\n\n${currentBodyText}`;
            }
          } else if (!currentBodyText) {
            const firstEvent = structured.interactiveEvents[0];
            if (firstEvent.type === "question" || firstEvent.type === "confirm") {
              visibleInteractiveBody = firstEvent.question;
            } else if (firstEvent.type === "message") {
              visibleInteractiveBody = firstEvent.message;
            } else if (firstEvent.type === "quick_actions") {
              visibleInteractiveBody = this.firstNonEmptyString(firstEvent.title);
            }
          }
    
          if (visibleInteractiveBody) {
            next.content = visibleInteractiveBody;
            const parts = Array.isArray(next.parts) ? [...next.parts] : [];
            const textIndex = parts.findIndex((part: any) =>
              this.isRenderableTextPart(part),
            );
            if (textIndex >= 0) {
              parts[textIndex] = {
                ...parts[textIndex],
                type: "text",
                text: visibleInteractiveBody,
              };
            } else {
              parts.push({ type: "text", text: visibleInteractiveBody });
            }
            next.parts = parts;
          }
        }
    
        if (structured.subagents && structured.subagents.length > 0) {
          if (!next.subagents) {
            next.subagents = [];
          }
          structured.subagents.forEach((sa: any) => {
            const normalized = {
              ...sa,
              agentId: this.firstNonEmptyString(sa.agentId, sa.name) || sa.id,
              latestActivity:
                this.firstNonEmptyString(sa.latestActivity, sa.description) ||
                "Subagent update",
            };
            const existing = next.subagents.find((item: any) => item.id === sa.id);
            if (existing) {
              Object.assign(existing, normalized);
            } else {
              next.subagents.push(normalized);
            }
          });
    
          const hasTextContent =
            (typeof next.content === "string" && next.content.trim().length > 0) ||
            (Array.isArray(next.parts) &&
              next.parts.some(
                (part: any) =>
                  part?.type === "text" &&
                  typeof part?.text === "string" &&
                  part.text.trim().length > 0,
              ));
          if (
            !hasTextContent &&
            (structured.responseType === "subagents" ||
              (structured.subagentsDelta &&
                structured.subagentsDelta.items.length > 0))
          ) {
            const subagentCount =
              structured.subagents?.length ??
              structured.subagentsDelta?.items.length ??
              0;
            const summaryText = `Spawned ${subagentCount} subagent${subagentCount === 1 ? "" : "s"
              }.`;
            next.content = summaryText;
            const parts = Array.isArray(next.parts) ? [...next.parts] : [];
            parts.push({ type: "text", text: summaryText });
            next.parts = parts;
          }
        }
    
        if (
          structured.responseType === "implementation_plan" &&
          !shouldSuppressStructuredPlan
        ) {
          const summaryMessage = this.firstNonEmptyString(
            structured.message,
            structured.plan?.intro,
            structured.plan?.summary,
          );
          if (summaryMessage) {
            next.content = summaryMessage;
            const parts = Array.isArray(next.parts) ? [...next.parts] : [];
            const textIndex = parts.findIndex(
              (part: any) =>
                part &&
                typeof part === "object" &&
                (part.type === "text" ||
                  typeof part.text === "string" ||
                  typeof part.content === "string"),
            );
            if (textIndex >= 0) {
              parts[textIndex] = {
                ...parts[textIndex],
                type: "text",
                text: summaryMessage,
              };
            } else {
              parts.push({ type: "text", text: summaryMessage });
            }
            next.parts = parts;
          }
        }
    
        if (
          !isInteractiveStructuredResponse &&
          !shouldSuppressStructuredPlan &&
          (structured.responseType === "implementation_plan" ||
            structured.plan?.content ||
            structured.plan?.file)
        ) {
          const planContent = this.firstNonEmptyString(structured.plan?.content);
          const structuredPlanCandidates =
            this.collectPlanFileCandidatesFromStructuredPlan(
              this.asRecord(structured.plan),
            );
          const planFile = structuredPlanCandidates[0];
    
          // DEBUG: Log plan file extraction
          log.debug('Plan file extraction', {
            hasStructuredPlan: !!structured.plan,
            structuredPlanKeys: structured.plan ? Object.keys(structured.plan) : [],
            structuredPlanFile: structured.plan?.file,
            candidatesCount: structuredPlanCandidates.length,
            candidates: structuredPlanCandidates,
            planFile: planFile,
            planFileUndefined: planFile === undefined
          });
    
          const resolvedPlanTitle = this.resolvePlanTitle({
            plan: structured.plan,
            planFile: planFile || structuredPlanCandidates[0],
            fallback: structured.plan?.summary as string | undefined,
          });
          const hasLongPlanContent =
            typeof planContent === "string" && planContent.trim().length >= 80;
          // File-backed plans must still produce a plan card even when no markdown
          // content is embedded in structured output.
          if (hasLongPlanContent || planFile) {
            next.plan = {
              file: planFile,
              content: hasLongPlanContent ? planContent : undefined,
              title: resolvedPlanTitle,
              summary: structured.plan?.summary,
              files:
                structuredPlanCandidates.length > 0
                  ? structuredPlanCandidates
                  : undefined,
            };
    
            // DEBUG: Log the final plan object being set
            log.debug('Plan object set on next', {
              hasPlan: !!next.plan,
              planFile: next.plan?.file,
              planKeys: next.plan ? Object.keys(next.plan) : [],
              fullPlanObject: next.plan ? JSON.stringify(next.plan, null, 2) : 'undefined'
            });
    
            // DEBUG: Try to serialize the entire next object to check for circular references
            try {
              const serialized = JSON.stringify(next);
              log.debug('Message serialization successful', {
                serializedLength: serialized.length,
                hasPlanInSerialized: serialized.includes('"plan"'),
                planSubstring: serialized.includes('"file"') ? serialized.substring(serialized.indexOf('"plan"'), serialized.indexOf('"plan"') + 200) : 'NOT FOUND'
              });
            } catch (e) {
              log.debug('Message serialization FAILED', { error: e });
            }
          } else {
            log.debug('Plan NOT set - condition failed', {
              hasLongPlanContent,
              planFile,
              planFileUndefined: planFile === undefined,
              hasLongPlanContentFalse: !hasLongPlanContent,
              noPlanFile: !planFile
            });
          }
        }
    
        if (shouldSuppressStructuredPlan) {
          if (next.plan) {
            delete next.plan;
          }
          if (structured.responseType === "implementation_plan") {
            const clarificationMessage =
              this.firstNonEmptyString(
                structured.message,
              ) ||
              "I need a few clarifications before drafting the implementation plan.";
            next.content = clarificationMessage;
            const parts = Array.isArray(next.parts) ? [...next.parts] : [];
            const textIndex = parts.findIndex(
              (part: any) => this.isRenderableTextPart(part),
            );
            if (textIndex >= 0) {
              parts[textIndex] = {
                ...parts[textIndex],
                type: "text",
                text: clarificationMessage,
              };
            } else {
              parts.push({ type: "text", text: clarificationMessage });
            }
            next.parts = parts;
          }
        }
    
        return next;
      }
    
      /**
       * Handles sending a message to OpenCode
       */
      // PROMPT-OWNERSHIP: do not modify — transport-only path
      private async handleSendMessage(
        text: string,
        files?: string[],
        contexts?: any[],
        images?: any[],
        agent?: string,
        isRetry = false,
        recoveredContext?: RecoveredSessionContext,
        retryWithoutStructuredOutput = false,
        structuredFallbackReason?: string,
        userFacingText?: string,
      ): Promise<void> {
        // Start feature flow tracking
        const flow = log.startFeatureFlow('SendMessage', {
          messageLength: text.length,
          isRetry,
          hasFiles: !!files?.length,
          fileCount: files?.length || 0,
          hasContexts: !!contexts?.length,
          contextCount: contexts?.length || 0,
          hasImages: !!images?.length,
          imageCount: images?.length || 0,
          agent,
        });
    
        // Cache for retry
        this.lastSendMessageArgs = { text, files, contexts, images, agent };
    
        // We'll set processing state once we have a definitive session ID below
    
        const overallStartTime = Date.now();
        log.featureStep(flow, 'message_send_started', {
          messageLength: text.length,
          timestamp: new Date().toISOString(),
        });
    
        let drainSessionId: string | undefined;
        const capturePromptDebug = this.shouldVerboseStreamDebug();
        let debugSessionId: string | undefined;
        let baselineAssistantMarker: AssistantHistoryMarker | undefined;
        try {
          const normalizedImages = (Array.isArray(images) ? images : [])
            .map((img) => {
              if (typeof img === "string") {
                return { dataUrl: img, filename: "image" };
              }
              if (img?.dataUrl && typeof img.dataUrl === "string") {
                return {
                  dataUrl: img.dataUrl,
                  filename:
                    typeof img.filename === "string" ? img.filename : "image",
                };
              }
              return null;
            })
            .filter((img): img is { dataUrl: string; filename: string } => !!img);
          const imageUrls = normalizedImages.map((img) => img.dataUrl);
    
          const serverStartTime = Date.now();
          this.logger.info("⏳ [TIMING] Calling ensureRunning()...");
          const client = await this.serverManager.ensureRunning();
          this.logger.info(`✅ [TIMING] Server ready (${Date.now() - serverStartTime}ms)`);
    
          const sessionStartTime = Date.now();
          this.logger.info("⏳ [TIMING] Getting current session...");
          let session = await this.sessionService.getCurrentSession();
          if (this.currentSessionId && session.id !== this.currentSessionId) {
            session = await this.sessionService.switchSession(
              this.currentSessionId,
            );
          }
          this.logger.info(`✅ [TIMING] Session ready (${Date.now() - sessionStartTime}ms): ${session.id}`);
    
          drainSessionId = session.id;
          this.processingSessionIds.add(drainSessionId);
          this.sendProcessingSessionsUpdate();
          this.currentSessionId = session.id;
          this.subagentTracker.setActiveSession(session.id);
          // Note: awaitingInteractiveAnswer flag is NOT cleared here
          // It will be cleared naturally when stream events arrive
    
          // Check budget before sending
          const budgetCheck = this.budgeter.canMakeRequest();
          if (!budgetCheck.allowed) {
            this.sendBudgetInfo();
            // Show warning to user
            vscode.window.showWarningMessage(
              `Request limit reached: ${budgetCheck.reason}`,
            );
            return;
          }
    
          const messagesStartTime = Date.now();
          this.logger.info("⏳ [TIMING] Loading existing messages...");
          const existingMessages = await this.sessionService.getMessages(
            session.id,
          );
          this.logger.info(`✅ [TIMING] Messages loaded (${Date.now() - messagesStartTime}ms): ${existingMessages.length} messages`);
    
          baselineAssistantMarker =
            this.getLatestAssistantHistoryMarker(existingMessages);
          const isNewSession = existingMessages.length === 0;
    
          if (isNewSession) {
            const config = vscode.workspace.getConfiguration('opencode');
            const autoGenerateTitle = config.get<boolean>('autoGenerateSessionTitle', true);
            if (autoGenerateTitle) {
              const generatedTitle = TitleGeneratorService.generateTitle(text);
              await this.updateSessionTitle(session.id, generatedTitle);
            }
          }
    
          // Save user message to local history immediately, unless this is a retry
          if (!isRetry) {
            const persistedUserText =
              this.firstNonEmptyString(userFacingText, text) || text;
            const userMessage = {
              role: "user" as const,
              content: persistedUserText,
              text: persistedUserText,
              parts: [
                {
                  type: "text",
                  text: text,
                },
              ],
              images: imageUrls,
              time: {
                created: Date.now(),
              },
            };
            await this.sessionService.appendMessage(session.id, userMessage);
    
            this.view?.webview.postMessage({
              type: "userMessageAppended",
              message: userMessage,
            });
    
            await this.handleGetSessions();
          }
    
          log.debug(
            `Session ${session.id}: ${existingMessages.length} existing messages. isNew: ${isNewSession}`,
          );
    
          // Prepare message parts
          const parts: NonNullable<SessionPromptData["body"]>["parts"] = [
            {
              type: "text",
              text: text,
            },
          ];
    
          // Add context fragments if any
          if (contexts && contexts.length > 0) {
            for (const ctx of contexts) {
              parts.push({
                type: "text",
                text: `\`\`\`${ctx.languageId}\n// ${ctx.file}:${ctx.lineInfo}\n${ctx.content}\n\`\`\``,
              });
            }
          }
    
          if (recoveredContext?.transcript) {
            parts.push({
              type: "text",
              text: [
                "Recovered conversation context from the previous session ID",
                `(${recoveredContext.previousSessionId}).`,
                "Treat this as existing conversation history and continue from it.",
                "--- BEGIN RECOVERED CONTEXT ---",
                recoveredContext.transcript,
                "--- END RECOVERED CONTEXT ---",
              ].join("\n"),
            });
          }
    
          // Add file references if any
          // ... (rest of the file part logic remains the same)
    
          // Add file references if any
          if (files && files.length > 0) {
            const workspaceFolder = vscode.workspace.workspaceFolders?.[0];
            if (workspaceFolder) {
              for (const filePath of files) {
                try {
                  // Check if path is absolute
                  let absoluteUri: vscode.Uri;
                  if (path.isAbsolute(filePath)) {
                    absoluteUri = vscode.Uri.file(filePath);
                  } else {
                    absoluteUri = vscode.Uri.joinPath(
                      workspaceFolder.uri,
                      filePath,
                    );
                  }
    
                  const content = await vscode.workspace.fs.readFile(absoluteUri);
                  const textContent = new TextDecoder().decode(content);
    
                  parts.push({
                    type: "file",
                    mime: "text/plain",
                    filename: filePath.split(/[\\/]/).pop(),
                    url: `file://${filePath}`,
                    source: {
                      type: "file",
                      path: filePath,
                      text: {
                        value: textContent,
                        start: 0,
                        end: textContent.length,
                      },
                    },
                  });
                } catch (e) {
                  log.error(`Failed to read file ${filePath}`, { filePath }, e as Error);
                }
              }
            }
          }
    
          if (normalizedImages.length > 0) {
            for (const img of normalizedImages) {
              // Extract mime type from data URL, default to image/jpeg
              const mimeMatch = img.dataUrl.match(/^data:([^;]+);/);
              const mimeType = mimeMatch ? mimeMatch[1] : "image/jpeg";
    
              parts.push({
                type: "file",
                mime: mimeType,
                filename: img.filename || "image",
                url: img.dataUrl,
              });
            }
          }
    
          // Send the message using the SDK
          const startTime = Date.now();
          const useStructuredOutput =
            !retryWithoutStructuredOutput &&
            this.shouldUseStructuredOutput(
              this.getStructuredOutputModelKey(this.selectedModel.providerID, this.selectedModel.modelID)
            );
          const promptBody: NonNullable<SessionPromptData["body"]> = {
            model: this.selectedModel,
            agent: agent || this.selectedAgent,
            parts: parts,
          };
          const promptVariant = await this.resolvePromptVariant(session.id);
          if (promptVariant) {
            (promptBody as Record<string, unknown>).variant = promptVariant;
          }
          if (capturePromptDebug) {
            debugSessionId = session.id;
            await this.logPromptRequestPayload(
              session.id,
              promptBody,
              useStructuredOutput,
            );
          }
    
          const promptStartTime = Date.now();
          this.logger.info("⏳ [TIMING] Sending prompt to server...", {
            model: this.selectedModel.modelID,
            agent: agent || this.selectedAgent,
            partsCount: parts.length,
            hasFiles: Boolean(files?.length),
            hasContexts: Boolean(contexts?.length),
            hasImages: Boolean(images?.length),
          });
    
          const response = await this.promptWithStructuredOutput(
            client,
            session.id,
            promptBody,
            useStructuredOutput,
            {
              hasFiles: Boolean(files?.length),
              hasContexts: Boolean(contexts?.length),
              hasImages: Boolean(images?.length),
            },
          );
    
          const promptDuration = Date.now() - promptStartTime;
          this.logger.info(`✅ [TIMING] Prompt response received (${promptDuration}ms)`, {
            hasData: Boolean(response.data),
            hasError: Boolean(response.error),
            status: response.response?.status,
            messageId: (response.data as any)?.info?.id,
          });
    
          const duration = (Date.now() - startTime) / 1000;
          if (capturePromptDebug) {
            await this.logPromptResponsePayload(
              session.id,
              response,
              duration,
              useStructuredOutput,
            );
          }
    
          log.debug(`Response received in ${duration}s`, {
            hasData: Boolean(response.data),
            hasError: Boolean(response.error),
            status: response.response?.status,
            messageId: (response.data as any)?.info?.id,
          });
          if (response.data && capturePromptDebug) {
            this.logPromptResponseDiagnostics(session.id, response.data);
          }
    
          // Update budget info after successful send
          // Note: recordRequest() temporarily disabled - budget now reads from actual Copilot quota data
          if (!response.error) {
            // this.budgeter.recordRequest(); // DISABLED - was tracking all requests, not just Copilot
            this.sendBudgetInfo();
          }
    
          if (response.error) {
            const errorMessages = this.collectNormalizedErrorMessages(response.error);
            log.error("API error returned", {
              sessionId: session.id,
              error: response.error,
              status: response.response?.status,
              errorMessages,
            });
            this.logger.error("Prompt request failed", {
              sessionId: session.id,
              status: response.response?.status,
              errorMessages,
            });
    
            let errorMessage = this.extractDetailedErrorMessage(
              response.error,
              "Failed to send message",
            );
            if (this.shouldSuppressInteractiveAwaitTimeout(errorMessage)) {
              this.logger.info(
                "Suppressing timeout error while awaiting interactive response",
                {
                  sessionId: session.id,
                  errorMessage,
                },
              );
              return;
            }
            if (this.isLikelyInteractiveTransportFailure(errorMessage)) {
              const recovered = await this.tryRecoverTimedOutResponse(
                session.id,
                baselineAssistantMarker,
              );
              if (recovered) {
                this.logger.info(
                  "Recovered timed out prompt from session history without user retry",
                  {
                    sessionId: session.id,
                    errorMessage,
                  },
                );
                return;
              }
              if (
                !isRetry &&
                (this.awaitingInteractiveAnswer ||
                  this.isInInteractiveResponseTransition())
              ) {
                this.logger.warn(
                  "Interactive response transport failed; retrying once with existing payload",
                  {
                    sessionId: session.id,
                    errorMessage,
                  },
                );
                // Provide user feedback about the retry
                this.view?.webview.postMessage({
                  type: "info",
                  message: "Retrying interactive response...",
                  sessionId: session.id,
                });
                return this.handleSendMessage(
                  text,
                  files,
                  contexts,
                  images,
                  agent,
                  true,
                  recoveredContext,
                  retryWithoutStructuredOutput,
                  structuredFallbackReason,
                  userFacingText,
                );
              }
            }
    
            // Handle Session Not Found error (likely server restart)
            if (
              errorMessage.toLowerCase().includes("not found") &&
              errorMessage.toLowerCase().includes("session")
            ) {
              log.warn(
                `Session ${session.id} not found on server. Re-creating...`,
              );
              // Re-create the session on the server
              try {
                const newSession = await this.sessionService.createNewSession(
                  session.title,
                );
                log.info(
                  `Re-created session with new ID: ${newSession.id}`,
                );
    
                // Migrate local messages from old ID to new ID
                const localMessages = await this.sessionService.loadSessionMessages(
                  session.id,
                );
                await this.sessionService.saveSessionMessages(
                  newSession.id,
                  localMessages,
                );
                // Optionally delete old messages? No, leave them for now.
    
                // Set as current session and retry
                await this.sessionService.switchSession(newSession.id);
                this.subagentTracker.resetForSession(newSession.id);
    
                // Notify UI of the ID change if possible, or just refresh sessions
                await this.handleGetSessions();
    
                const recoveryTranscript =
                  this.buildRecoveredTranscript(localMessages);
                if (recoveryTranscript) {
                  await this.saveSessionRecoveryMap(session.id, newSession.id);
                }
                this.migrateSessionSettings(session.id, newSession.id);
                this.currentSessionId = newSession.id;
    
                // Retry sending (recursive call) with preserved context
                return this.handleSendMessage(
                  text,
                  files,
                  contexts,
                  images,
                  agent,
                  true,
                  recoveryTranscript
                    ? {
                      previousSessionId: session.id,
                      transcript: recoveryTranscript,
                    }
                    : undefined,
                  retryWithoutStructuredOutput,
                  structuredFallbackReason,
                );
              } catch (recreateError) {
                log.error(
                  "Failed to re-create session",
                  {},
                  recreateError as Error,
                );
              }
            }
    
            // Handle specific model not found error
            if (
              errorMessage.includes("ProviderModelNotFoundError") ||
              errorMessage.includes("ModelNotFoundError")
            ) {
              errorMessage +=
                "\n\nTIP: Try starting a new session (click +) to use the default model.";
            }
    
            const isStructuredOutputError =
              this.isStructuredOutputTransportError(errorMessage);
            if (isStructuredOutputError) {
              const modelKey = this.getSelectedStructuredOutputModelKey();
              if (modelKey) {
                this.structuredOutputIncompatibleModelKeys.add(modelKey);
              }
              if (!retryWithoutStructuredOutput) {
                const retryFlow = log.startFeatureFlow('StructuredOutputRetry', {
                  sessionId: session.id,
                  providerID: this.selectedModel.providerID,
                  modelID: this.selectedModel.modelID,
                  errorMessage,
                });
    
                this.logger.warn(
                  "Structured output failed; auto-retrying without schema",
                  {
                    sessionId: session.id,
                    providerID: this.selectedModel.providerID,
                    modelID: this.selectedModel.modelID,
                  },
                );
                log.featureStep(retryFlow, 'retrying_without_structured_output');
    
                const result = await this.handleSendMessage(
                  text,
                  files,
                  contexts,
                  images,
                  agent,
                  true,
                  recoveredContext,
                  true,
                  errorMessage,
                );
    
                log.endFeatureFlow(retryFlow, { status: 'completed', retrySuccess: true });
                return result;
              }
              errorMessage = [
                "Structured output error: the selected model/provider did not return a usable JSON payload.",
                "Retry without structured output to continue with a plain text response.",
                "",
                `Details: ${errorMessage}`,
              ].join("\n");
            }
    
            vscode.window.showErrorMessage(`OpenCode error: ${errorMessage}`);
            this.view?.webview.postMessage({
              type: "error",
              message: errorMessage,
            });
            return;
          }
    
          // Check for hidden errors in data (e.g. ModelNotFoundError returned as JSON)
          if (
            response.data &&
            (response.data as any).suggestions &&
            (response.data as any).modelID &&
            !(response.data as any).content
          ) {
            const errData = response.data as any;
            let errorMessage = `Model '${errData.modelID}' not found in provider '${errData.providerID}'.`;
            if (errData.suggestions && errData.suggestions.length > 0) {
              errorMessage += ` Did you mean: ${errData.suggestions.join(", ")}?`;
            }
            errorMessage +=
              "\n\nTIP: Check your model selection or local OpenCode configuration.";
    
            vscode.window.showErrorMessage(errorMessage);
            this.view?.webview.postMessage({
              type: "error",
              message: errorMessage,
            });
            return;
          }
    
          // Send response back to webview
          if (response.data) {
            const rawResponse = this.buildRawResponseDebugText(response.data);
            const structuredMessage = this.applyStructuredOutputToMessage(
              response.data,
            );
            const enrichedMessage = this.enrichMessageWithPlan(structuredMessage);
            const structuredFailureText = this.firstNonEmptyString(
              (enrichedMessage as any)?.error,
            );
            if (
              !retryWithoutStructuredOutput &&
              structuredFailureText &&
              this.isStructuredOutputFailureMessage(structuredFailureText)
            ) {
              const modelKey = this.getSelectedStructuredOutputModelKey();
              if (modelKey) {
                this.structuredOutputIncompatibleModelKeys.add(modelKey);
              }
              this.logger.warn(
                "Structured output payload unusable; auto-retrying without schema",
                {
                  sessionId: session.id,
                  providerID: this.selectedModel.providerID,
                  modelID: this.selectedModel.modelID,
                  reason: structuredFailureText,
                },
              );
              return this.handleSendMessage(
                text,
                files,
                contexts,
                images,
                agent,
                true,
                recoveredContext,
                true,
                structuredFailureText,
              );
            }
            const trackerSnapshotPayload = this.subagentTracker.getSnapshotPayload();
            const hasSubagentSignal =
              this.hasStructuredSubagentSignal(enrichedMessage);
            let assistantMessageId = this.extractMessageId(enrichedMessage);
            if (!assistantMessageId && hasSubagentSignal) {
              assistantMessageId = this.subagentTracker.getLatestParentMessageId(
                session.id,
              );
              if (assistantMessageId) {
                enrichedMessage.id = assistantMessageId;
              }
            }
            if (!assistantMessageId && hasSubagentSignal) {
              assistantMessageId = this.findLatestSubagentParentMessageIdForSession(
                trackerSnapshotPayload,
                session.id,
              );
              if (assistantMessageId) {
                enrichedMessage.id = assistantMessageId;
              }
            }
            if (assistantMessageId) {
              const hydratedSubagents =
                await this.subagentTracker.finalizeParentMessage({
                  client,
                  parentSessionId: session.id,
                  parentMessageId: assistantMessageId,
                });
              if (hydratedSubagents.length > 0) {
                enrichedMessage.subagents = hydratedSubagents;
                this.view?.webview.postMessage({
                  type: "subagentUpdate",
                  ...this.subagentTracker.getPayloadForParentMessage(
                    assistantMessageId,
                  ),
                });
              } else {
                let snapshotPayload = this.subagentTracker.getPayloadForParentMessage(
                  assistantMessageId,
                );
                const hydratedFromSnapshot = this.hydrateSubagentsFromPayload(
                  assistantMessageId,
                  snapshotPayload,
                  session.id,
                );
                if (hydratedFromSnapshot.length > 0) {
                  enrichedMessage.subagents = this.mergeSubagentEntries(
                    enrichedMessage.subagents,
                    hydratedFromSnapshot,
                  );
                } else if (hasSubagentSignal) {
                  const fallbackParentMessageId =
                    this.findLatestSubagentParentMessageIdForSession(
                      trackerSnapshotPayload,
                      session.id,
                    );
                  if (
                    fallbackParentMessageId &&
                    fallbackParentMessageId !== assistantMessageId
                  ) {
                    snapshotPayload =
                      this.subagentTracker.getPayloadForParentMessage(
                        fallbackParentMessageId,
                      );
                    const hydratedFallback = this.hydrateSubagentsFromPayload(
                      fallbackParentMessageId,
                      snapshotPayload,
                      session.id,
                    );
                    if (hydratedFallback.length > 0) {
                      enrichedMessage.subagents = this.mergeSubagentEntries(
                        enrichedMessage.subagents,
                        hydratedFallback,
                      );
                      if (!this.extractMessageId(enrichedMessage)) {
                        enrichedMessage.id = fallbackParentMessageId;
                      }
                    }
                  }
                }
              }
            } else if (hasSubagentSignal) {
              const fallbackParentMessageId =
                this.findLatestSubagentParentMessageIdForSession(
                  trackerSnapshotPayload,
                  session.id,
                );
              if (fallbackParentMessageId) {
                const snapshotPayload =
                  this.subagentTracker.getPayloadForParentMessage(
                    fallbackParentMessageId,
                  );
                const hydratedFallback = this.hydrateSubagentsFromPayload(
                  fallbackParentMessageId,
                  snapshotPayload,
                  session.id,
                );
                if (hydratedFallback.length > 0) {
                  enrichedMessage.subagents = this.mergeSubagentEntries(
                    enrichedMessage.subagents,
                    hydratedFallback,
                  );
                  if (!this.extractMessageId(enrichedMessage)) {
                    enrichedMessage.id = fallbackParentMessageId;
                  }
                }
              }
            }
    
            const normalizedFallbackReason = this.firstNonEmptyString(
              structuredFallbackReason,
            );
            const plainTextFallbackMetadata =
              retryWithoutStructuredOutput && normalizedFallbackReason
                ? {
                  plainTextFallback: true,
                  plainTextFallbackMessage:
                    "Structured output failed for this turn. Showing plain text response.",
                  plainTextFallbackReason: normalizedFallbackReason.slice(0, 500),
                }
                : undefined;
            const finalMessage = plainTextFallbackMetadata
              ? {
                ...enrichedMessage,
                ...plainTextFallbackMetadata,
              }
              : enrichedMessage;
    
            const debugMessage = {
              ...finalMessage,
              rawResponse,
            };
    
            // DEBUG: Log right after creating debugMessage
            log.debug('debugMessage created', {
              hasPlan: 'plan' in debugMessage,
              planFile: debugMessage.plan?.file,
              planKeys: debugMessage.plan ? Object.keys(debugMessage.plan) : [],
              hasStructuredOutput: 'structuredOutput' in debugMessage,
              structuredOutputResponseType: debugMessage.structuredOutput?.responseType,
              structuredOutputHasPlan: debugMessage.structuredOutput?.plan ? 'yes' : 'no',
              structuredOutputPlanFile: debugMessage.structuredOutput?.plan?.file
            });
    
            // Persist canonical assistant message without raw debug payload so
            // session storage/write path stays lightweight.
            await this.sessionService.appendMessage(session.id, {
              ...finalMessage,
              timing: {
                duration: duration,
              },
            });
            // Persist a hydrated override that *includes* rawResponse for reload parity.
            await this.persistSessionMessageOverride(session.id, {
              ...debugMessage,
              timing: {
                duration: duration,
              },
            });
            const snapshotFromFinalMessage = this.buildSubagentPayloadFromMessage(
              finalMessage,
              session.id,
            );
            if (snapshotFromFinalMessage) {
              await this.persistSubagentLiveState(
                session.id,
                snapshotFromFinalMessage,
              );
            }
    
            // DEBUG: Log message right before sending to webview
            log.debug('SENDING message to webview', {
              hasPlan: 'plan' in debugMessage,
              planKeys: debugMessage.plan ? Object.keys(debugMessage.plan) : [],
              planFile: debugMessage.plan?.file,
              messageType: debugMessage.type,
              messageResponse: debugMessage.responseType,
              structuredOutputResponseType: debugMessage.structuredOutput?.responseType,
              fullMessageKeys: Object.keys(debugMessage)
            });
    
            // Try to serialize to check for circular references
            try {
              const serialized = JSON.stringify(debugMessage);
              log.debug('Serialization check', {
                success: true,
                length: serialized.length,
                hasPlanInSerialized: serialized.includes('"plan"'),
                hasFileInSerialized: serialized.includes('"file"'),
                planSubstring: serialized.includes('"plan"') ? serialized.substring(serialized.indexOf('"plan"'), Math.min(serialized.indexOf('"plan"') + 300, serialized.length)) : 'NOT FOUND'
              });
            } catch (e) {
              log.debug('Serialization FAILED', { error: e });
            }
    
            this.view?.webview.postMessage({
              type: "messageResponse",
              message: {
                ...debugMessage,
                timing: {
                  duration: duration,
                },
              },
            });
    
            // Auto-compact if the context window is getting full.
            void this.maybeAutoCompact(session.id, response.data);
          } else {
            const noDataMessageText =
              "No final response payload was returned by the provider.";
            const rawResponse = this.buildRawResponseDebugText({
              status: response?.response?.status,
              data: response?.data,
              error: response?.error,
            });
            const fallbackMessage = {
              role: "assistant",
              content: noDataMessageText,
              parts: [{ type: "text", text: noDataMessageText }],
              rawResponse,
              timing: {
                duration: duration,
              },
            };
    
            await this.sessionService.appendMessage(session.id, fallbackMessage);
            this.view?.webview.postMessage({
              type: "messageResponse",
              message: fallbackMessage,
            });
            this.logger.warn("No response data received from OpenCode", {
              sessionId: session.id,
              status: response?.response?.status,
              hasError: Boolean(response?.error),
            });
          }
        } catch (error) {
          const totalDuration = Date.now() - overallStartTime;
          this.logger.error(`❌ [TIMING] Message failed after ${totalDuration}ms`, {
            error: String(error),
            sessionId: drainSessionId,
          });
    
          const errorMessage = this.extractDetailedErrorMessage(
            error,
            "Failed to send message",
          );
          if (this.shouldSuppressInteractiveAwaitTimeout(errorMessage)) {
            this.logger.info(
              "Suppressing thrown timeout while awaiting interactive response",
              {
                sessionId: drainSessionId,
                errorMessage,
              },
            );
            return;
          }
          if (
            drainSessionId &&
            this.isLikelyInteractiveTransportFailure(errorMessage)
          ) {
            const recovered = await this.tryRecoverTimedOutResponse(
              drainSessionId,
              baselineAssistantMarker,
            );
            if (recovered) {
              this.logger.info(
                "Recovered thrown timeout from session history without user retry",
                {
                  sessionId: drainSessionId,
                  errorMessage,
                },
              );
              return;
            }
            if (
              !isRetry &&
              (this.awaitingInteractiveAnswer ||
                this.isInInteractiveResponseTransition())
            ) {
              this.logger.warn(
                "Thrown interactive transport failure; retrying once with existing payload",
                {
                  sessionId: drainSessionId,
                  errorMessage,
                },
              );
              // Provide user feedback about the retry
              this.view?.webview.postMessage({
                type: "info",
                message: "Retrying interactive response...",
                sessionId: drainSessionId,
              });
              return this.handleSendMessage(
                text,
                files,
                contexts,
                images,
                agent,
                true,
                recoveredContext,
                retryWithoutStructuredOutput,
                structuredFallbackReason,
                userFacingText,
              );
            }
          }
          vscode.window.showErrorMessage(`Failed to send message: ${errorMessage}`);
          this.logger.error("Send message exception", {
            sessionId: drainSessionId,
            errorMessage,
            errorMessages: this.collectNormalizedErrorMessages(error),
          });
    
          // Show error in webview too
          this.view?.webview.postMessage({
            type: "error",
            message: errorMessage,
          });
        } finally {
          const totalDuration = Date.now() - overallStartTime;
          log.featureStep(flow, 'message_processing_completed', {
            duration: totalDuration,
            sessionId: drainSessionId,
            timestamp: new Date().toISOString(),
          });
    
          this.logger.info(`🏁 [TIMING] Message processing completed in ${totalDuration}ms`, {
            sessionId: drainSessionId,
            timestamp: new Date().toISOString(),
          });
    
          if (debugSessionId) {
            this.promptDebugBySession.delete(debugSessionId);
          }
          if (drainSessionId) {
            this.processingSessionIds.delete(drainSessionId);
            this.sendProcessingSessionsUpdate();
          }
          this.logger.info("Processing request finished", {
            sessionId: drainSessionId,
          });
          if (drainSessionId) {
            void this.handleExecuteQueue(drainSessionId);
          }
    
          // End feature flow tracking
          log.endFeatureFlow(flow, { status: 'completed', totalDuration });
        }
      }
    
      /**
       * Enriches a message with plan information if detected.
       * FORBIDDEN TO REMOVE: This logic ensures the Implementation Plan button appears,
       * which is a core feature for user transparency and workflow.
       */
      private async resolveStopSessionId(
        requestedSessionId?: string,
      ): Promise<string | undefined> {
        const explicitSessionId = this.firstNonEmptyString(requestedSessionId);
        if (explicitSessionId) {
          return explicitSessionId;
        }
    
        const activeSessionId = this.firstNonEmptyString(this.currentSessionId);
        if (activeSessionId) {
          return activeSessionId;
        }
    
        if (!this.isProcessingRequest) {
          return undefined;
        }
    
        try {
          const currentSession = await this.sessionService.getCurrentSession();
          return this.firstNonEmptyString(currentSession?.id);
        } catch (error) {
          log.warn(
            "Failed to resolve stop session from SessionService",
            { error },
          );
          return undefined;
        }
      }
    
      /**
       * Handles stopping a request
       */
      // FORBIDDEN TO REMOVE: Stop Request Button - backend handler required by webview to abort streaming requests
      private async handleStopRequest(sessionId?: string): Promise<void> {
        let resolvedSessionId: string | undefined;
        try {
          resolvedSessionId = await this.resolveStopSessionId(sessionId);
          if (!resolvedSessionId) {
            this.logger.warn("stopRequest ignored: no active session ID resolved");
            return;
          }
    
          const client = this.serverManager.getClient();
          if (!client) {
            this.logger.warn("stopRequest skipped: no client available", {
              sessionId: resolvedSessionId,
            });
            return;
          }
    
          this.logger.info("Stopping request", {
            sessionId: resolvedSessionId,
          });
    
          const workspaceDirectory = this.getWorkspaceDirectory();
          await client.session.abort({
            path: { id: resolvedSessionId },
            query: workspaceDirectory ? { directory: workspaceDirectory } : undefined,
          });
        } catch (error) {
          log.error("Failed to stop request", {}, error as Error);
        } finally {
          if (resolvedSessionId) {
            this.processingSessionIds.delete(resolvedSessionId);
            this.sendProcessingSessionsUpdate();
          }
          this.view?.webview.postMessage({
            type: "stopRequestHandled",
            sessionId: resolvedSessionId,
          });
          if (resolvedSessionId) {
            void this.handleExecuteQueue(resolvedSessionId);
          }
        }
      }
    
      /**
       * Returns the context token limit for the currently selected model, or
       * undefined if the model/limit is unknown.
       */
      /**
       * Checks whether the context window is at or above the auto-compact
       * threshold after a completed turn and, if so, triggers compaction
       * automatically so the next turn does not hit the limit.
       *
       * The threshold is intentionally set at 90 % so compaction runs while
       * there is still room for the summary that the compaction call itself
       * produces.
       */
      /**
       * Appends text to the prompt input
       */
      async appendToPrompt(text: string): Promise<void> {
        const value = typeof text === "string" ? text.trim() : "";
        if (!value) {
          return;
        }
        this.view?.webview.postMessage({
          type: "appendPrompt",
          message: {
            role: "user",
            content: value,
            parts: [{ type: "text", text: value }],
          },
        });
      }
    
      /**
       * Adds a context badge to the prompt input
       */
      async addContext(context: any): Promise<void> {
        this.view?.webview.postMessage({
          type: "addContext",
          context,
        });
      }
    
      /**
       * Automatically adds a context badge without overwriting manual ones
       */
      async autoAddContext(context: any): Promise<void> {
        this.view?.webview.postMessage({
          type: "addContext",
          context: { ...context, isAuto: true },
        });
      }
    
      /**
       * Clears any automatically added context
       */
      async clearAutoContext(): Promise<void> {
        this.view?.webview.postMessage({
          type: "clearAutoContext",
        });
      }
    
      async handlePlanProceed(payload: {
        rawPlan: string;
        comments: PlanProceedComment[];
        sourceFile?: string;
      }): Promise<void> {
        const rawPlan = typeof payload?.rawPlan === "string" ? payload.rawPlan : "";
        if (!rawPlan.trim()) {
          vscode.window.showErrorMessage(
            "Cannot proceed because implementation plan content is empty.",
          );
          return;
        }
        const comments = Array.isArray(payload?.comments) ? payload.comments : [];
        const hasChangeRequests = comments.some(
          (comment) => comment.text.trim().length > 0,
        );
    
        const commentLines = comments.map((comment) => {
          const textRef = comment.anchor?.selectedText
            ? `On text "${comment.anchor.selectedText}": `
            : "";
          return `- ${textRef}${comment.text}`;
        });
    
        const commentsMd =
          commentLines.length > 0
            ? `# Implementation Plan Comments\n\n${commentLines.join("\n")}`
            : "";
        const providedSourceFile = this.normalizePlanFileReference(
          payload?.sourceFile,
        );
        let planFilePath: string | undefined;
    
        if (providedSourceFile) {
          const diskPlan = await this.readPlanFileFromDisk(providedSourceFile);
          if (diskPlan) {
            planFilePath = providedSourceFile;
          } else {
            const preferredPath = this.resolvePlanFileCandidates(providedSourceFile)[0];
            planFilePath = await this.persistPlan(
              rawPlan,
              preferredPath,
            );
          }
        } else {
          const fallbackCandidates = this.prioritizePlanFileCandidates([
            ...this.extractMarkdownFileReferences(rawPlan),
            ...(await this.discoverLikelyPlanFileCandidates()),
          ]);
          for (const candidate of fallbackCandidates) {
            const diskPlan = await this.readPlanFileFromDisk(candidate);
            if (!diskPlan) {
              continue;
            }
            planFilePath = candidate;
            break;
          }
        }
    
        if (!planFilePath) {
          vscode.window.showErrorMessage(
            "Cannot proceed because the plan source file path is missing. Re-open the plan and try again.",
          );
          return;
        }
    
        let commentsFilePath: string | undefined;
        if (hasChangeRequests && commentsMd) {
          const ext = path.extname(planFilePath) || ".md";
          const baseName = path.basename(planFilePath, ext);
          commentsFilePath = path.join(
            path.dirname(planFilePath),
            `${baseName}_comments.md`,
          );
          try {
            await vscode.workspace.fs.writeFile(
              vscode.Uri.file(commentsFilePath),
              new TextEncoder().encode(commentsMd),
            );
          } catch (error) {
            const message = error instanceof Error ? error.message : String(error);
            vscode.window.showErrorMessage(
              `Cannot proceed because plan comments could not be written: ${message}`,
            );
            return;
          }
        }
    
        const proceedMessage = hasChangeRequests
          ? [
            "Proceed on this plan.",
            `The attached plan file \`${planFilePath}\` is the source of truth.`,
            `Apply all reviewer comments from attached file \`${commentsFilePath}\`, then execute the resulting plan.`,
            "Begin making real edits now and continue until the implementation is complete.",
            "Do not return only a status update.",
          ].join("\n")
          : [
            "Proceed on this plan.",
            `The attached plan file \`${planFilePath}\` is the source of truth.`,
            "Execute the plan step-by-step and implement the described changes now.",
            "Begin making real edits now and continue until the implementation is complete.",
            "Do not return only a status update.",
          ].join("\n");
    
        const attachedFiles =
          hasChangeRequests && commentsFilePath
            ? [planFilePath, commentsFilePath]
            : [planFilePath];
    
        // Post addPlanAttachment message to chat webview for the visual chip
        const planGoal =
          rawPlan.match(/^#\s+(.+)/m)?.[1]?.trim() ?? "Implementation Plan";
        const planBase64 = Buffer.from(rawPlan, "utf-8").toString("base64");
        const dataUrl = `data:text/markdown;base64,${planBase64}`;
        this.view?.webview.postMessage({
          type: "addPlanAttachment",
          payload: {
            id: `plan-${Date.now()}`,
            filename: `\uD83D\uDCCB Implementation Plan: ${planGoal}`,
            mimeType: "text/markdown",
            dataUrl,
          },
        });
    
        PlanViewProvider.closeCurrentPanel();
    
        // Fire and forget so the plan tab closes immediately and execution starts in chat.
        void this.handleSendMessage(
          proceedMessage,
          attachedFiles,
          undefined,
          undefined,
          "build",
          true,
        ).catch((err) => {
          const message = err instanceof Error ? err.message : String(err);
          vscode.window.showErrorMessage(`Failed to proceed with plan: ${message}`);
        });
      }
    
      private buildRecoveredTranscript(messages: unknown[]): string {
        if (!Array.isArray(messages) || messages.length === 0) {
          return "";
        }
    
        const maxChars = 24_000;
        const lines: string[] = [];
        let used = 0;
        const recent = messages.slice(-40);
    
        for (const msg of recent) {
          const rec = this.asRecord(msg);
          if (!rec) {
            continue;
          }
          const role =
            this.firstNonEmptyString(
              rec.role,
              rec.info && this.asRecord(rec.info)?.role,
            ) || "assistant";
          const content = this.extractMessageBodyText(rec);
          if (!content) {
            continue;
          }
          const line = `[${role}] ${content}`;
          if (used + line.length + 1 > maxChars) {
            break;
          }
          lines.push(line);
          used += line.length + 1;
        }
    
        return lines.join("\n");
      }
    
      /**
       * Helper: Get session settings
       * Retrieves session-specific settings (model, agent, thinking level)
       */
      private getSessionSettings(_sessionId: string): {
        selectedModel?: { modelID: string; providerID: string };
        selectedAgent?: string;
        thinkingLevel?: string;
      } {
        // This would be implemented to retrieve per-session settings
        // For now, return empty object
        return {};
      }
    
      /**
       * Helper: Apply session settings
       * Applies session-specific model, agent, and thinking level
       */
      private async applySessionSettings(sessionId: string): Promise<void> {
        return this.modelAndAgentManager.applySessionSettings(sessionId);
      }
    
      /**
       * Helper: Migrate session settings
       * Transfers settings from old session to new session
       */
      private migrateSessionSettings(
        oldSessionId: string,
        newSessionId: string
      ): void {
        const settings = this.getSessionSettings(oldSessionId);
        if (settings.selectedModel || settings.selectedAgent || settings.thinkingLevel) {
          // Save to new session using ModelAndAgentManager
          void this.persistSessionSettings(newSessionId, {
            providerID: settings.selectedModel?.providerID,
            modelID: settings.selectedModel?.modelID,
            agent: settings.selectedAgent,
            thinkingLevel: settings.thinkingLevel,
          });
        }
      }
    
      /**
       * Shows the skill installer modal in the webview
       */
      async showSkillInstaller(): Promise<void> {
        this.view?.webview.postMessage({
          type: "showSkillInstaller",
        });
      }
    
      /**
       * Opens the My Skills panel in the webview
       */
      async openMySkills(): Promise<void> {
        this.view?.webview.postMessage({
          type: "openMySkills",
        });
      }
    
      /**
       * Refreshes the skills list in the webview
       */
      async refreshSkills(): Promise<void> {
        // TEMPORARILY DISABLED: Don't load skills to avoid 700+ skills bottleneck
        this.logger.warn("⚠️ [PERF] Skills loading disabled temporarily");
        this.view?.webview.postMessage({
          type: "mySkills",
          skills: [], // Return empty array instead of loading all skills
        });
      }
    
      /**
       * Handles skill-related messages from the webview
       */
      private async handleSkillMessage(message: {
        type: string;
        [key: string]: unknown;
      }): Promise<void> {
        switch (message.type) {
          case "getMySkills": {
            // TEMPORARILY DISABLED: Don't load skills to avoid 700+ skills bottleneck
            this.logger.warn("⚠️ [PERF] getMySkills disabled temporarily");
            this.view?.webview.postMessage({ type: "mySkills", skills: [] });
            break;
          }
    
          case "installSkill": {
            const { source, data } = message;
            let result;
    
            if (source === "url") {
              result = await this.skillManager.installFromUrl(data as string, (progress) => {
                this.view?.webview.postMessage({ type: "installProgress", progress });
              });
            } else if (source === "file") {
              result = await this.skillManager.installFromFile(data as string);
            } else {
              result = { success: false, error: "Unknown installation source" };
            }
    
            if (result.success) {
              this.view?.webview.postMessage({ type: "skillInstalled", skill: result.skill });
            } else {
              this.view?.webview.postMessage({ type: "skillError", error: result.error });
            }
            break;
          }
    
          case "removeSkill": {
            const { name } = message;
            await this.skillManager.deleteSkill(name as string);
            this.view?.webview.postMessage({ type: "skillRemoved", name });
            break;
          }
    
          case "editSkill": {
            const { name, updates } = message;
            await this.skillManager.updateSkill(name as string, updates as any);
            const skill = await this.skillManager.getSkill(name as string);
            this.view?.webview.postMessage({ type: "skillInstalled", skill });
            break;
          }
    
          case "validateSkill": {
            const { skill } = message;
            const validation = this.skillManager.validateSkill(skill);
            if (!validation.valid) {
              this.view?.webview.postMessage({
                type: "skillError",
                error: "Validation failed",
                details: validation.errors,
              });
            }
            break;
          }
    
          default:
            this.logger.warn("Unknown skill message type:", { type: message.type });
        }
      }
    
      private async saveSessionRecoveryMap(
        previousSessionId: string,
        newSessionId: string,
      ): Promise<void> {
        if (
          !previousSessionId ||
          !newSessionId ||
          previousSessionId === newSessionId
        ) {
          return;
        }
        const existing =
          this.context.globalState.get<Record<string, string>>(
            "sessionRecoveryMap",
          ) ?? {};
        existing[previousSessionId] = newSessionId;
        await this.context.globalState.update("sessionRecoveryMap", existing);
      }
    
      /**
       * Handles viewing the implementation plan
       */
      /**
       * Handles opening the file picker
       */
      private async handleAttachFiles(): Promise<void> {
        const uris = await vscode.window.showOpenDialog({
          canSelectMany: true,
          openLabel: "Attach to Chat",
          filters: {
            "All Files": ["*"],
          },
        });
    
        if (uris && uris.length > 0) {
          // Convert URIs to relative paths or absolute paths for selection
          // For now, let's just send back the absolute paths as this is what the extension uses
          const files = uris.map((u) => u.fsPath);
    
          // We need a message type to receive these in the webview
          this.view?.webview.postMessage({
            type: "filesAttached",
            files,
          });
        }
      }
    
      private async handleAttachImage(): Promise<void> {
        const uris = await vscode.window.showOpenDialog({
          canSelectMany: true,
          openLabel: "Attach Images to Chat",
          filters: {
            Images: ["png", "jpg", "jpeg", "gif", "webp"],
          },
        });
    
        if (!uris || uris.length === 0) {
          return;
        }
    
        const images = [];
        for (const uri of uris) {
          try {
            const data = await vscode.workspace.fs.readFile(uri);
            const base64 = Buffer.from(data).toString("base64");
            const mimeType = this.getMimeType(uri.fsPath);
            images.push({
              dataUrl: `data:${mimeType};base64,${base64}`,
              filename: uri.fsPath.split(/[/\\]/).pop() || uri.fsPath,
              size: data.byteLength,
            });
          } catch (error) {
            log.error(`Failed to read image ${uri.fsPath}`, { uri: uri.fsPath }, error as Error);
          }
        }
    
        if (images.length > 0) {
          this.view?.webview.postMessage({
            type: "imagesAttached",
            images,
          });
        }
      }
    
      private getMimeType(filePath: string): string {
        const ext = filePath.split(".").pop()?.toLowerCase();
        const mimeMap: Record<string, string> = {
          png: "image/png",
          jpg: "image/jpeg",
          jpeg: "image/jpeg",
          gif: "image/gif",
          webp: "image/webp",
        };
        return mimeMap[ext || ""] || "image/png";
      }
    
      /**
       * Handles opening settings
       */
      private async handleOpenSettings(): Promise<void> {
        await vscode.commands.executeCommand(
          "workbench.action.openSettings",
          "@ext:OpenCode.opencode-vscode",
        );
      }
    
      /**
       * Handle mode toggle with logging
       */
      private async handleToggleMode(newMode: string): Promise<void> {
        const oldMode = this.currentMode;
        this.currentMode = newMode;
    
        // Only log the state change here, not in the message handler
        this.logger.logStateChange('current-mode', oldMode, newMode, 'mode-toggle');
    
        // Send mode update to webview
        this.view?.webview.postMessage({
          type: 'modeChanged',
          mode: newMode,
        });
      }
    
      /**
       * Refreshes the view with current state
       */
      private refreshView(): void {
        this.view?.webview.postMessage({
          type: "initState",
          serverStatus: this.serverManager.getStatus(),
          selectedModel: this.selectedModel,
          selectedAgent: this.selectedAgent,
          currentSessionId: this.currentSessionId,
          todoItems: this.loadPersistedTodos(this.currentSessionId).items,
        });
      }
    
      /**
       * Generates the HTML content for the webview
       */
      // FORBIDDEN TO REMOVE: React Chat Asset Contract - ensure <div id="root"> and chat.js/chat.css wiring remain intact
      private getHtmlContent(webview: vscode.Webview): string {
        const styleUri = webview.asWebviewUri(
          vscode.Uri.joinPath(
            this.context.extensionUri,
            "webview",
            "shared",
            "dist",
            "chat.css",
          ),
        );
        const scriptUri = webview.asWebviewUri(
          vscode.Uri.joinPath(
            this.context.extensionUri,
            "webview",
            "shared",
            "dist",
            "chat.js",
          ),
        );
    
        return `<!DOCTYPE html>
    <html lang="en">
    <head>
      <meta charset="UTF-8">
      <meta name="viewport" content="width=device-width, initial-scale=1.0">
      <meta http-equiv="Content-Security-Policy" content="default-src 'none'; img-src ${webview.cspSource} data: blob:; style-src ${webview.cspSource} 'unsafe-inline'; script-src ${webview.cspSource};">
      <link href="${styleUri}" rel="stylesheet">
      <title>OpenCode Chat</title>
    </head>
    <body>
      <div id="root"></div>
      <script type="module" src="${scriptUri}"></script>
    </body>
    </html>`;
      }
    
      /**
       * Handles file search requests from the webview
       */
      private async handleSearchFiles(query: string) {
        const flow = log.startFeatureFlow('FileSearch', { queryLength: query.length });
    
        if (!query) {
          log.endFeatureFlow(flow, { result: 'skipped', reason: 'Empty query' });
          this.view?.webview.postMessage({
            type: "fileSearchResults",
            results: [],
          });
          return;
        }
    
        try {
          log.featureStep(flow, 'searching_files', { query, maxResults: 20 });
          const startTime = Date.now();
    
          // Simple file search using VS Code API
          // Limit to 20 results for performance
          const files = await vscode.workspace.findFiles(
            `**/*${query}*`,
            "**/node_modules/**",
            20,
          );
    
          const duration = Date.now() - startTime;
          const results = files.map((f) => {
            const relativePath = vscode.workspace.asRelativePath(f);
            return {
              path: relativePath,
              name: relativePath.split(/[\\/]/).pop() || relativePath,
            };
          });
    
          log.featureStep(flow, 'search_completed', {
            resultCount: results.length,
            duration,
          });
    
          this.view?.webview.postMessage({
            type: "fileSearchResults",
            results: results,
          });
    
          log.endFeatureFlow(flow, { result: 'completed', resultCount: results.length, duration });
        } catch (error) {
          log.error('File search failed', { query }, error as Error);
          log.endFeatureFlow(flow, { result: 'failed', error: String(error) });
          this.view?.webview.postMessage({
            type: "fileSearchResults",
            results: [],
          });
        }
      }
    
      /**
       * Handles requests to get OpenCode configuration files
       */
      private async handleGetOpenCodeConfig(fileName?: string) {
        try {
          // Scan all JSON config files
          const configFiles = await this.configFilesProvider.scanFiles();
    
          // Determine which file to load
          let selectedFile: ConfigFile | undefined;
          if (fileName && configFiles.length > 0) {
            // Load specific file if requested
            selectedFile = configFiles.find(f => f.name === fileName || f.path === fileName);
          } else if (configFiles.length > 0) {
            // Default to first file (alphabetically sorted)
            selectedFile = configFiles[0];
          }
    
          if (!selectedFile) {
            // No config files found - send empty state with available files list
            this.view?.webview.postMessage({
              type: "opencodeConfigFiles",
              files: configFiles.map(f => ({
                name: f.name,
                path: f.path,
                lastModified: f.lastModified,
                size: f.size,
              })),
              currentFile: null,
            });
            return;
          }
    
          // Send config data with files list
          this.view?.webview.postMessage({
            type: "opencodeConfig",
            content: selectedFile.content,
            filePath: selectedFile.path,
            fileName: selectedFile.name,
            files: configFiles.map(f => ({
              name: f.name,
              path: f.path,
              lastModified: f.lastModified,
              size: f.size,
            })),
          });
        } catch (error) {
          this.logger.error("Failed to load OpenCode config", undefined, error instanceof Error ? error : new Error(String(error)));
          this.view?.webview.postMessage({
            type: "opencodeConfigError",
            error: error instanceof Error ? error.message : "Failed to load configuration",
          });
        }
      }
    
      /**
       * Handles requests to save OpenCode configuration
       */
      private async handleSaveOpenCodeConfig(content: string, filePath?: string) {
        const flow = log.startFeatureFlow('SaveConfig', { filePath, contentLength: content.length });
    
        try {
          if (!filePath) {
            log.endFeatureFlow(flow, { result: 'failed', reason: 'No file path provided' });
            throw new Error("File path is required for saving configuration");
          }
    
          log.featureStep(flow, 'saving_config_file', { filePath, contentLength: content.length });
          const result = await this.configFilesProvider.saveFile(filePath, content);
    
          this.view?.webview.postMessage({
            type: "opencodeConfigSaved",
            success: result.success,
            error: result.error,
            filePath,
          });
    
          if (result.success) {
            this.logger.info(`OpenCode config saved: ${filePath}`);
            log.endFeatureFlow(flow, { result: 'completed', filePath });
          } else {
            log.endFeatureFlow(flow, { result: 'failed', error: result.error });
          }
        } catch (error) {
          this.logger.error("Failed to save OpenCode config", undefined, error instanceof Error ? error : new Error(String(error)));
          log.endFeatureFlow(flow, { result: 'failed', error: String(error) });
          this.view?.webview.postMessage({
            type: "opencodeConfigSaved",
            success: false,
            error: error instanceof Error ? error.message : "Failed to save configuration",
            filePath,
          });
        }
      }
    
      /**
       * Reconciles the selected model against the fetched model catalog.
       *
       * Matching priority:
       * 1) exact providerID + modelID
       * 2) legacy fallback by modelID only when provider is missing/generic and match is unique
       *
       * We intentionally do NOT remap by modelID alone when multiple providers expose the same model.
       */
      /**
       * Resolves the default model from the CLI config
       */
      /**
       * Handles fetching available models from OpenCode
       */
      /**
       * Fetches slash commands from OpenCode SDK and sends them to the webview.
       * Uses a short-lived cache because commands are mostly static during a session.
       */
      /**
       * Handles fetching available agents via the OpenCode SDK and sends the list
       * to the webview. Falls back to a minimal built-in list if the server is
       * unavailable.
       */
      // ─── Per-session settings helpers ────────────────────────────────────────
    
      /** Returns the full persisted map of all session settings. */
      /**
       * Returns the persisted settings for a specific session.
       * Returns an empty object when no settings have been saved yet.
       */
      /**
       * Merges `partial` into the persisted settings for `sessionId` and saves
       * the updated map back to global state.
       */
      /**
       * Loads the persisted settings for `sessionId` and applies them to the
       * provider's in-memory state (`selectedAgent`, `selectedModel`).
       * Fields that have no saved value are left unchanged.
       */
      /**
       * Fetches MCP server status from the OpenCode SDK and forwards it to the
       * webview. The webview dispatches `SET_MCP_SERVERS` from the `mcpStatus`
       * message. Tool IDs are fetched in parallel so each server row can show its
       * list of tools when the user expands it.
       */
      private async handleGetMcpStatus(): Promise<void> {
        const flow = log.startFeatureFlow('GetMcpStatus', {});
    
        try {
          log.featureStep(flow, 'fetching_mcp_status');
          const client = await this.serverManager.ensureRunning();
    
          log.featureStep(flow, 'fetching_mcp_and_tool_data');
          const [mcpRes, toolIdsRes] = await Promise.all([
            client.mcp.status(),
            client.tool.ids().catch(() => ({ data: [] })),
          ]);
    
          const servers = mcpRes.data ?? {};
          const toolIds: string[] = Array.isArray(toolIdsRes?.data)
            ? toolIdsRes.data
            : [];
    
          log.featureStep(flow, 'sending_status_to_webview', {
            serverCount: Object.keys(servers).length,
            toolCount: toolIds.length,
          });
    
          this.view?.webview.postMessage({
            type: "mcpStatus",
            servers,
            toolIds,
          });
    
          log.info(
            `MCP status sent: ${Object.keys(servers).length} server(s), ${toolIds.length} tool(s)`,
          );
    
          log.endFeatureFlow(flow, { result: 'completed', serverCount: Object.keys(servers).length, toolCount: toolIds.length });
        } catch (err) {
          log.error(
            "handleGetMcpStatus failed",
            {},
            err instanceof Error ? err : undefined,
          );
          log.endFeatureFlow(flow, { result: 'failed', error: String(err) });
        }
      }
    
      /**
       * Fetches LSP server status from the OpenCode SDK and forwards it to the
       * webview. The webview dispatches `SET_LSP_SERVERS` from the `lspStatus`
       * message.
       */
      private async handleGetLspStatus(): Promise<void> {
        const flow = log.startFeatureFlow('GetLspStatus', {});
    
        try {
          log.featureStep(flow, 'fetching_server_status');
          const client = await this.serverManager.ensureRunning();
          const workspaceDir = this.getWorkspaceDirectory();
    
          log.featureStep(flow, 'fetching_lsp_status', { workspaceDir });
          // Pass directory parameter to LSP status endpoint so the server
          // can detect language servers for the current workspace
          const res = workspaceDir
            // eslint-disable-next-line @typescript-eslint/no-explicit-any
            ? await client.lsp.status({ directory: workspaceDir } as any)
            : await client.lsp.status();
    
          const servers = Array.isArray(res.data) ? res.data : [];
    
          log.featureStep(flow, 'sending_status_to_webview', { serverCount: servers.length });
          this.view?.webview.postMessage({
            type: "lspStatus",
            servers,
          });
    
          log.info(
            `LSP status sent: ${servers.length} server(s)` +
            (workspaceDir ? ` for workspace: ${workspaceDir}` : ""),
          );
    
          log.endFeatureFlow(flow, { result: 'completed', serverCount: servers.length });
        } catch (err) {
          log.error(
            "handleGetLspStatus failed",
            {},
            err instanceof Error ? err : undefined,
          );
          log.endFeatureFlow(flow, { result: 'failed', error: String(err) });
        }
      }
    
      /**
       * Ensures a default primary agent is selected for the current session.
       * Falls back to "build" (the built-in default primary agent) if nothing
       * has been persisted.
       */
      private async syncCLIAgents(): Promise<void> {
        if (!this.selectedAgent) {
          this.selectedAgent = "build";
          log.info("No agent set, defaulting to 'build'");
        }
      }
    
      private async handleReviewChanges() {
        try {
          const workspaceFolder = vscode.workspace.workspaceFolders?.[0];
          if (!workspaceFolder) {
            await vscode.commands.executeCommand("workbench.view.scm");
            return;
          }
    
          const cwd = workspaceFolder.uri.fsPath;
          const runGit = (...args: string[]): Promise<string> =>
            new Promise((resolve, reject) => {
              cp.execFile(
                "git",
                args,
                { cwd, maxBuffer: 10 * 1024 * 1024 },
                (err, stdout) => {
                  if (err && err.code !== 1) {
                    reject(err);
                  } else {
                    resolve(stdout);
                  }
                },
              );
            });
    
          const diffOutput = await runGit("diff", "HEAD");
    
          // Include untracked files as pseudo-diffs
          const untrackedFilesOutput = await runGit(
            "ls-files",
            "--others",
            "--exclude-standard",
          );
          const untrackedFiles = untrackedFilesOutput
            .split("\n")
            .filter((f) => f.trim());
    
          let allDiffs = diffOutput;
          for (const file of untrackedFiles) {
            try {
              const fileUri = vscode.Uri.file(path.join(cwd, String(file)));
              const content = await vscode.workspace.fs.readFile(fileUri);
              const text = new TextDecoder().decode(content);
              const lines = text.split("\n");
              const pseudoDiff = [
                `--- /dev/null`,
                `+++ b/${file.replace(/\\/g, "/")}`,
                `@@ -0,0 +1,${lines.length} @@`,
                ...lines.map((l) => `+${l}`),
                "",
              ].join("\n");
              allDiffs += (allDiffs ? "\n" : "") + pseudoDiff;
            } catch (e: any) {
              log.warn(
                `Failed to read untracked file ${String(file)}: ${e instanceof Error ? e.message : String(e)}`,
                { file: String(file) },
              );
            }
          }
    
          if (allDiffs) {
            const diffFiles = this.parseUnifiedDiff(allDiffs);
            if (diffFiles.length > 0) {
              await vscode.commands.executeCommand("opencode.showDiffReview", {
                files: diffFiles,
              });
              return;
            }
          }
    
          // Fallback to SCM view if no diffs found
          await vscode.commands.executeCommand("workbench.view.scm");
        } catch (error: any) {
          vscode.window.showErrorMessage(
            `Failed to open changes: ${error.message}`,
          );
        }
      }
    
      private buildDiffExcerpt(diffOutput: string): {
        header?: string;
        lines: string[];
        added?: number;
        deleted?: number;
      } | undefined {
        const diffFiles = this.parseUnifiedDiff(diffOutput);
        if (diffFiles.length === 0) {
          return undefined;
        }
        const firstFile = diffFiles[0];
        const firstHunk = Array.isArray(firstFile.hunks) ? firstFile.hunks[0] : undefined;
        if (!firstHunk || !Array.isArray(firstHunk.lines) || firstHunk.lines.length === 0) {
          return undefined;
        }
        return {
          header: typeof firstHunk.header === "string" ? firstHunk.header : undefined,
          lines: firstHunk.lines.slice(0, 40).map((line: unknown) =>
            typeof line === "string" ? line.slice(0, 300) : "",
          ),
          added:
            typeof firstFile.added === "number" && Number.isFinite(firstFile.added)
              ? firstFile.added
              : undefined,
          deleted:
            typeof firstFile.deleted === "number" && Number.isFinite(firstFile.deleted)
              ? firstFile.deleted
              : undefined,
        };
      }
    
      private async getDiffActivityEnrichment(
        filePath: string,
      ): Promise<
        | {
          diffStats?: { added: number; deleted: number };
          diffExcerpt?: { header?: string; lines: string[]; added?: number; deleted?: number };
        }
        | undefined
      > {
        try {
          const workspaceFolder = vscode.workspace.workspaceFolders?.[0];
          if (!workspaceFolder) return undefined;
    
          const fullPath = path.isAbsolute(filePath)
            ? filePath
            : path.join(workspaceFolder.uri.fsPath, filePath);
          const cwd = workspaceFolder.uri.fsPath;
    
          const runGit = (...args: string[]): Promise<string> =>
            new Promise((resolve, reject) => {
              cp.execFile(
                "git",
                args,
                { cwd, maxBuffer: 10 * 1024 * 1024 },
                (err, stdout) => {
                  if (err && err.code !== 1) {
                    reject(err);
                  } else {
                    resolve(stdout);
                  }
                },
              );
            });
    
          let diffOutput = "";
          try {
            diffOutput = await runGit("diff", "HEAD", "--", fullPath);
            if (!diffOutput) {
              diffOutput = await runGit("diff", "--cached", "--", fullPath);
            }
            if (!diffOutput) {
              // New file fallback
              try {
                const fileUri = vscode.Uri.file(fullPath);
                const content = await vscode.workspace.fs.readFile(fileUri);
                const text = new TextDecoder().decode(content);
                const lines = text.split("\n");
                return {
                  diffStats: { added: lines.length, deleted: 0 },
                  diffExcerpt: {
                    header: `@@ -0,0 +1,${lines.length} @@`,
                    lines: lines.slice(0, 40).map((line) => `+${line.slice(0, 299)}`),
                    added: lines.length,
                    deleted: 0,
                  },
                };
              } catch {
                return undefined;
              }
            }
          } catch {
            return undefined;
          }
    
          if (diffOutput) {
            const diffFiles = this.parseUnifiedDiff(diffOutput);
            if (diffFiles.length > 0 && diffFiles[0]) {
              return {
                diffStats: {
                  added: diffFiles[0].added,
                  deleted: diffFiles[0].deleted,
                },
                diffExcerpt: this.buildDiffExcerpt(diffOutput),
              };
            }
          }
          return undefined;
        } catch (error) {
          log.error("getDiffActivityEnrichment error", {}, error as Error);
          return undefined;
        }
      }
    
      private async handleOpenDiff(filePath: string) {
        try {
          const workspaceFolder = vscode.workspace.workspaceFolders?.[0];
          if (!workspaceFolder) return;
    
          const fullPath = path.isAbsolute(filePath)
            ? filePath
            : path.join(workspaceFolder.uri.fsPath, filePath);
          const fileUri = vscode.Uri.file(fullPath);
          const cwd = workspaceFolder.uri.fsPath;
    
          const runGit = (...args: string[]): Promise<string> =>
            new Promise((resolve, reject) => {
              cp.execFile(
                "git",
                args,
                { cwd, maxBuffer: 10 * 1024 * 1024 },
                (err, stdout) => {
                  // exit code 1 from git diff means there are changes (not an error)
                  if (err && err.code !== 1) {
                    reject(err);
                  } else {
                    resolve(stdout);
                  }
                },
              );
            });
    
          let diffOutput = "";
          try {
            // Try HEAD diff first (tracked modified file)
            diffOutput = await runGit("diff", "HEAD", "--", fullPath);
            if (!diffOutput) {
              // Maybe the file is staged but not committed — try staged diff
              diffOutput = await runGit("diff", "--cached", "--", fullPath);
            }
            if (!diffOutput) {
              // New untracked file: generate a pseudo-diff showing full content as additions
              const content = await vscode.workspace.fs.readFile(fileUri);
              const text = new TextDecoder().decode(content);
              const lines = text.split("\n");
              diffOutput = [
                `--- /dev/null`,
                `+++ b/${filePath.replace(/\\/g, "/")}`,
                `@@ -0,0 +1,${lines.length} @@`,
                ...lines.map((l) => `+${l}`),
              ].join("\n");
            }
          } catch (e) {
            log.warn(`git diff failed: ${e instanceof Error ? e.message : String(e)}`, {});
          }
    
          if (diffOutput) {
            const diffFiles = this.parseUnifiedDiff(diffOutput);
            if (diffFiles.length > 0) {
              await vscode.commands.executeCommand("opencode.showDiffReview", {
                files: diffFiles,
              });
              return;
            }
          }
    
          // Absolute fallback: open the file normally
          await vscode.commands.executeCommand("vscode.open", fileUri);
        } catch (error: any) {
          vscode.window.showErrorMessage(`Failed to open diff: ${error.message}`);
        }
      }
    
      private parseUnifiedDiff(diff: string): any[] {
        const files: any[] = [];
        const lines = diff.split("\n");
        let currentFile: any = null;
        let currentHunk: any = null;
    
        for (const line of lines) {
          if (line.startsWith("--- ") || line.startsWith("+++ ")) {
            const isNew = line.startsWith("+++ ");
            const pathMatch = line.match(/^\+\+\+ (?:b\/)?(.*)$/);
            if (isNew && pathMatch) {
              if (currentFile) files.push(currentFile);
              currentFile = {
                path: pathMatch[1],
                added: 0,
                deleted: 0,
                hunks: [],
              };
            }
            continue;
          }
    
          if (line.startsWith("@@ ")) {
            if (!currentFile) continue;
            currentHunk = {
              header: line,
              lines: [],
            };
            currentFile.hunks.push(currentHunk);
            continue;
          }
    
          if (currentHunk) {
            if (line.startsWith("+")) {
              currentFile.added++;
              currentHunk.lines.push(line);
            } else if (line.startsWith("-")) {
              currentFile.deleted++;
              currentHunk.lines.push(line);
            } else if (line.startsWith(" ") || line === "") {
              currentHunk.lines.push(line);
            }
          }
        }
    
        if (currentFile) files.push(currentFile);
        return files;
      }
    
      /**
       * Handles opening a file in the editor
       */
      private async handleOpenFile(filePath: string) {
        try {
          const workspaceFolder = vscode.workspace.workspaceFolders?.[0];
          if (!workspaceFolder) return;
    
          const fullPath = path.isAbsolute(filePath)
            ? filePath
            : path.join(workspaceFolder.uri.fsPath, filePath);
          const fileUri = vscode.Uri.file(fullPath);
    
          await vscode.commands.executeCommand("vscode.open", fileUri);
        } catch (error: unknown) {
          const msg = error instanceof Error ? error.message : JSON.stringify(error);
          vscode.window.showErrorMessage(`Failed to open file: ${msg}`);
        }
      }
    
      // PROMPT-OWNERSHIP: do not modify — transport-only path
      /**
       * Removes a message from a session queue
       */
      /**
       * Clears the prompt queue for a given session
       */
      /**
       * Executes a session queue sequentially. Only one queue drain can run at a time.
       */
      /**
       * Sends the current budget status to the webview
       */
      private sendBudgetInfo() {
        try {
          // Get actual Copilot quota data from QuotaService
          const quotaData = this.quotaService.cachedData;
          const copilotPlatform = quotaData?.platforms?.find(
            (p) => p.platform === "github-copilot",
          );
    
          if (!copilotPlatform) {
            return;
          }
    
          // Extract data from Copilot quota
          const copilotQuota = copilotPlatform.quotas?.[0]; // "Premium" quota
          if (!copilotQuota) {
            return;
          }
    
          // Parse "usedTotalDisplay" which is in format "X / Y"
          const usedTotalMatch =
            copilotQuota.usedTotalDisplay?.match(/(\d+)\s*\/\s*(\d+)/);
          const totalUsed = usedTotalMatch ? parseInt(usedTotalMatch[1], 10) : 0;
          const monthlyQuota = usedTotalMatch
            ? parseInt(usedTotalMatch[2], 10)
            : 300;
    
          // Calculate daily allowance
          const today = new Date();
          const todayStr = today.toISOString().split("T")[0];
          const daysInMonth = new Date(
            today.getFullYear(),
            today.getMonth() + 1,
            0,
          ).getDate();
          const dayOfMonth = today.getDate();
          const dailyAllowance = Math.ceil(monthlyQuota / daysInMonth);
    
          // --- NEW ACCURATE USAGE CALCULATION ---
          // Get baseline for today. If none exists, this is the first time we're seeing
          // quota data today, so current totalUsed becomes the baseline.
          let baseline = this.budgeter.getBaselineForDate(todayStr);
          if (baseline === null) {
            this.budgeter.setBaselineForDate(todayStr, totalUsed);
            baseline = totalUsed;
          }
    
          // Today's usage is the difference between current total and morning's baseline
          const usedToday = Math.max(0, totalUsed - baseline);
          // --------------------------------------
    
          // Calculate accumulated budget up to today (days passed × daily allowance)
          const budgetSoFar = dayOfMonth * dailyAllowance;
    
          // Available today = (accumulated budget - baseline) - used today
          // Simplified: accumulated budget - totalUsed
          const availableToday = Math.max(0, budgetSoFar - totalUsed);
    
          const remainingToday = Math.max(0, dailyAllowance - usedToday);
    
          // Project monthly usage (current rate × days in month)
          const projectedMonthlyUsage =
            dayOfMonth > 0 ? Math.round((totalUsed / dayOfMonth) * daysInMonth) : 0;
    
          // Determine warning level
          let warningLevel: "ok" | "warning" | "critical" = "ok";
          if (remainingToday === 0) {
            warningLevel = "critical";
          } else if (remainingToday < dailyAllowance * 0.3) {
            warningLevel = "warning";
          }
    
          // Generate advice
          const advice: string[] = [];
          if (remainingToday === 0) {
            advice.push(
              "⚠️ You've used your available requests for today. Consider reducing usage to avoid running out this month.",
            );
          } else if (availableToday > dailyAllowance * 2) {
            advice.push(
              `💡 You have ${availableToday} requests available today (including ${availableToday - dailyAllowance
              } unused from previous days)!`,
            );
          } else if (projectedMonthlyUsage > monthlyQuota) {
            advice.push(
              `🚨 At your current rate, you'll exceed your monthly quota! Try to stay under ${dailyAllowance} requests/day.`,
            );
          } else if (warningLevel === "ok") {
            advice.push(
              `✅ You have ${remainingToday} requests available today. Base daily allowance: ${dailyAllowance}.`,
            );
          }
    
          const budgetInfo = {
            planName: copilotPlatform.accountLabel?.replace(/[()]/g, "") || "Pro",
            monthlyQuota: monthlyQuota,
            usedToday: usedToday,
            dailyAllowance: dailyAllowance,
            availableToday: availableToday,
            remainingToday: remainingToday,
            daysRemaining: daysInMonth - dayOfMonth + 1,
            projectedMonthlyUsage: projectedMonthlyUsage,
            warningLevel: warningLevel,
            advice: advice,
          };
    
          this.view?.webview.postMessage({
            type: "budgetInfo",
            data: budgetInfo,
          });
        } catch (error) {
          log.error("Failed to send budget info", {}, error as Error);
        }
      }
    
      /**
       * Sends the current queue state to the webview
       */
      public dispose(): void {
        if (this.unsubscribe) {
          this.unsubscribe();
          this.unsubscribe = undefined;
        }
        this.streamService.dispose();
        this.quotaService.dispose();
        this.fileThemeProcessor.unsubscribe(this);
        this.isBootstrappingWebview = false;
        this.hasInitializedWebview = false;
        this.sessionsListRequestVersion = 0;
        this.lastSessionsPayloadFingerprint = undefined;
        this.queueBySessionId.clear();
        this.view = undefined;
    
        // Clear any pending todo persistence timer
        if (this.todoPersistenceTimer) {
          clearTimeout(this.todoPersistenceTimer);
          this.todoPersistenceTimer = null;
        }
      }
    
      // --- File Icon Theme Sync Methods ---
    
      /**
       * Called when the file theme processor state changes.
       */
      public notify(state: FileThemeProcessorState): void {
        if (state === "ready") {
          this.sendThemeDataToWebview();
        }
      }
    
      /**
       * Generates and sends the file theme CSS to the webview.
       */
      private async sendThemeDataToWebview(): Promise<void> {
        if (!this.view) {
          return;
        }
    
        try {
          const themeData = this.fileThemeProcessor.getThemeData();
          if (!themeData.data || !themeData.themeId) {
            return;
          }
    
          const cssData = this.cssGenerator.getCss(
            themeData.data,
            themeData.themeId,
            this.view.webview,
          );
          const combinedCss = `${cssData.fontFaceCss}\n${cssData.iconCss}`;
          this.currentThemeCss = combinedCss;
    
          // Update localResourceRoots to include theme extension paths
          if (themeData.localResourceRoots.length > 0) {
            const roots = [
              this.context.extensionUri,
              ...themeData.localResourceRoots.map((root) => vscode.Uri.file(root)),
            ];
            this.view.webview.options = {
              ...this.view.webview.options,
              localResourceRoots: roots,
            };
          }
    
          await this.view.webview.postMessage({
            type: "injectThemeCss",
            css: combinedCss,
          });
          log.debug("Injected theme CSS into webview");
        } catch (error) {
          log.error(
            "Failed to send theme data to webview",
            {},
            error as Error,
          );
        }
      }
    }
    
    
    /* FILE: E:\Projects\vscode-opencode\src\providers\chat\HistoryProcessor.ts */
    
    /**
     * HistoryProcessor Module
     *
     * All logic for transforming raw SDK messages into renderable history for the webview.
     *
     * Extracted from ChatViewProvider.ts (~750 lines)
     */
    
    import * as vscode from "vscode";
    import type { StructuredOutputProcessor } from "./StructuredOutputProcessor";
    import type { StructuredAssistantOutput } from "./types";
    
    export class HistoryProcessor {
      constructor(
        private workspaceState: vscode.Memento,
        private logger: ReturnType<typeof import("../../utils/Logger").createLogger>,
        private structuredOutputProcessor: StructuredOutputProcessor,
        private asRecord: (value: unknown) => Record<string, unknown> | undefined,
        private firstNonEmptyString: (...values: unknown[]) => string | undefined,
        private isLikelyToolCallTranscript: (text: string) => boolean,
        private extractMessageBodyText: (message: any) => string,
        private planManager?: any,
      ) { }
    
      /**
       * Normalize plan-proceed user messages
       */
      private normalizePlanProceedUserMessage(message: any): any {
        if (!this.planManager) return message;
        return this.planManager.normalizePlanProceedUserMessage(message);
      }
    
      /**
       * Apply structured output to message
       */
      private applyStructuredOutputToMessage(
        message: any,
        options?: { allowSyntheticFallbackError?: boolean },
      ): any {
        if (!message) return message;
    
        // Detect abort errors early
        const messageInfoError = message?.info?.error ?? message?.error;
        if (messageInfoError?.name === "MessageAbortedError") {
          return { ...message, aborted: true };
        }
    
        // Get role
        const role = this.firstNonEmptyString(
          message?.info?.role,
          message?.role,
        )?.toLowerCase();
    
        // System messages get a default structured output
        if (role === "system") {
          return {
            ...message,
            responseType: "system",
            structuredOutput: {
              responseType: "system",
            },
          };
        }
    
        // Extract any structured output from the message
        const structured = this.structuredOutputProcessor.extractStructuredOutput(message);
    
        if (!structured) {
          // No structured output - return message with default
          const bodyText = this.extractMessageBodyText(message);
          if (role === "assistant" && bodyText) {
            return {
              ...message,
              structuredOutput: {
                responseType: "message",
                message: bodyText,
              },
              content: bodyText,
            };
          }
          return message;
        }
    
        // Apply the extracted structured output to the message
        return this.structuredOutputProcessor.applyStructuredOutputToMessage(
          message,
          structured,
        ) || message;
      }
    
      /**
       * Enrich message with plan information
       */
      private enrichMessageWithPlan(message: any): any {
        return this.structuredOutputProcessor.enrichMessageWithPlan(message);
      }
    
      /**
       * Get storage key for message overrides
       */
      getMessageOverrideStorageKey(messageId: string): string {
        return `opencode.messageOverride.${messageId}`;
      }
    
      /**
       * Load session message overrides
       */
      async loadSessionMessageOverrides(sessionId: string): Promise<Record<string, any>> {
        const key = `opencode.session.messageOverrides.${sessionId}`;
        const raw = this.workspaceState.get<Record<string, any>>(key);
        return raw || {};
      }
    
      /**
       * Persist session message override
       */
      async persistSessionMessageOverride(
        sessionId: string,
        override: any,
      ): Promise<void> {
        const overrides = await this.loadSessionMessageOverrides(sessionId);
        const messageId = this.extractHistoryMessageId(override);
        if (messageId) {
          overrides[messageId] = override;
        }
        const key = `opencode.session.messageOverrides.${sessionId}`;
        await this.workspaceState.update(key, overrides);
      }
    
      /**
       * Persist the final assistant debug message override for session hydration parity.
       * Ensures rawResponse is retained on reload so the hydrated view matches the live session view.
       */
      async handleSendMessage(session: { id: string }, debugMessage: any, duration: number): Promise<void> {
        await this.persistSessionMessageOverride(session.id, {
          ...debugMessage,
          timing: {
            duration: duration,
          },
        });
      }
    
      /**
       * Apply session message overrides to messages
       */
      async applySessionMessageOverrides(
        sessionId: string,
        messages: any[],
      ): Promise<any[]> {
        const overrides = await this.loadSessionMessageOverrides(sessionId);
        if (Object.keys(overrides).length === 0) {
          return messages;
        }
    
        return messages.map((message) => {
          const messageId = this.extractHistoryMessageId(message);
          if (!messageId || !overrides[messageId]) {
            return message;
          }
    
          const override = overrides[messageId];
          return {
            ...message,
            ...override,
            id: messageId,
          };
        });
      }
    
      /**
       * Clear session message overrides
       */
      async clearSessionMessageOverrides(sessionId: string): Promise<void> {
        const key = `opencode.session.messageOverrides.${sessionId}`;
        await this.workspaceState.update(key, undefined);
      }
    
      /**
       * Process history messages for rendering.
       * Canonical pipeline: normalize → structured output → filter → dedup → coalesce.
       */
      processHistoryMessages(rawMessages: any[], sessionId: string): any[] {
        if (!Array.isArray(rawMessages) || rawMessages.length === 0) {
          return [];
        }
    
        const processed = rawMessages
          .map((rawMessage: any) => {
            const message =
              rawMessage && typeof rawMessage === "object"
                ? { ...rawMessage }
                : rawMessage;
            const normalizedMessage = this.normalizePlanProceedUserMessage(message);
            const structured = this.applyStructuredOutputToMessage(normalizedMessage, {
              allowSyntheticFallbackError: false,
            });
            return this.enrichMessageWithPlan(structured);
          })
          .filter((message) => this.isRenderableHistoryMessage(message));
    
        const ordered = this.orderHistoryMessagesChronologically(processed);
        const dedupedUserMessages = this.dedupeUserMessagesByContent(ordered);
        const deduped = this.dedupeMirrorHistoryMessages(dedupedUserMessages);
        const mergedActivity = this.mergeAdjacentAssistantActivityMessages(deduped);
        return this.mergeConsecutiveAssistantBursts(mergedActivity);
      }
    
      private orderHistoryMessagesChronologically(messages: any[]): any[] {
        if (!Array.isArray(messages) || messages.length <= 1) {
          return messages;
        }
    
        const decorated = messages.map((message, index) => ({
          message,
          index,
          createdAt: this.historyMessageCreatedAt(message),
          role: this.firstNonEmptyString(
            message?.role,
            message?.info?.role,
            message?.sender,
          )?.toLowerCase(),
        }));
    
        decorated.sort((a, b) => {
          if (
            typeof a.createdAt === "number" &&
            Number.isFinite(a.createdAt) &&
            typeof b.createdAt === "number" &&
            Number.isFinite(b.createdAt)
          ) {
            if (a.createdAt !== b.createdAt) {
              return a.createdAt - b.createdAt;
            }
    
            // For same-timestamp turns, keep user input ahead of assistant output.
            if (a.role === "user" && b.role === "assistant") {
              return -1;
            }
            if (a.role === "assistant" && b.role === "user") {
              return 1;
            }
          }
    
          // Preserve original order when timestamps are unavailable/ambiguous.
          return a.index - b.index;
        });
    
        return decorated.map((entry) => entry.message);
      }
    
      /**
       * Merge adjacent assistant activity messages
       */
      public mergeAdjacentAssistantActivityMessages(messages: any[]): any[] {
        const result: any[] = [];
        for (const message of messages) {
          if (!this.isActivityOnlyAssistantMessage(message)) {
            result.push(message);
            continue;
          }
    
          const last = result[result.length - 1];
          const lastId = this.extractHistoryMessageId(last);
          const currentId = this.extractHistoryMessageId(message);
          if (
            last &&
            this.isActivityOnlyAssistantMessage(last) &&
            lastId &&
            currentId &&
            lastId === currentId
          ) {
            const merged = this.mergeMessageParts([last, message]);
            result[result.length - 1] = merged;
          } else {
            result.push(message);
          }
        }
        return result;
      }
    
      /**
       * Merge consecutive assistant bursts
       */
      public mergeConsecutiveAssistantBursts(messages: any[]): any[] {
        const result: any[] = [];
        let currentBurst: any[] = [];
    
        for (const message of messages) {
          const role = this.firstNonEmptyString(
            message?.role,
            message?.info?.role,
            message?.sender,
          )?.toLowerCase();
          const isAssistant = role === "assistant";
          if (!isAssistant) {
            if (currentBurst.length > 0) {
              result.push(this.coalesceAssistantBurst(currentBurst));
              currentBurst = [];
            }
            result.push(message);
            continue;
          }
    
          const previous = currentBurst[currentBurst.length - 1];
          if (
            previous &&
            !this.shouldMergeAssistantBurstMessages(previous, message)
          ) {
            result.push(this.coalesceAssistantBurst(currentBurst));
            currentBurst = [];
          }
    
          currentBurst.push(message);
        }
    
        if (currentBurst.length > 0) {
          result.push(this.coalesceAssistantBurst(currentBurst));
        }
    
        return result;
      }
    
      private shouldMergeAssistantBurstMessages(previous: any, next: any): boolean {
        if (!previous || !next) {
          return false;
        }
        const previousActivityOnly = this.isActivityOnlyAssistantMessage(previous);
        const nextActivityOnly = this.isActivityOnlyAssistantMessage(next);
        // Never collapse distinct user-facing assistant replies into one message.
        if (!previousActivityOnly && !nextActivityOnly) {
          return false;
        }
    
        const previousId = this.extractHistoryMessageId(previous);
        const nextId = this.extractHistoryMessageId(next);
        return Boolean(previousId && nextId && previousId === nextId);
      }
    
      /**
       * Coalesce assistant burst into single message
       */
      private coalesceAssistantBurst(burst: any[]): any {
        if (burst.length === 0) return null;
        if (burst.length === 1) return burst[0];
    
        const base = { ...(burst[burst.length - 1] || burst[0] || {}) };
    
        const appendUnique = (target: any[], incoming: any[]): void => {
          if (!Array.isArray(incoming) || incoming.length === 0) {
            return;
          }
          const seen = new Set(target.map((entry) => JSON.stringify(entry)));
          for (const item of incoming) {
            const key = JSON.stringify(item);
            if (!seen.has(key)) {
              seen.add(key);
              target.push(item);
            }
          }
        };
    
        base.parts = Array.isArray(base.parts) ? [...base.parts] : [];
        base.subagents = Array.isArray(base.subagents) ? [...base.subagents] : [];
        base.interactiveEvents = Array.isArray(base.interactiveEvents)
          ? [...base.interactiveEvents]
          : [];
        base.progressUpdates = Array.isArray(base.progressUpdates)
          ? [...base.progressUpdates]
          : [];
        base.reasoning = Array.isArray(base.reasoning) ? [...base.reasoning] : [];
    
        let latestRawResponse: unknown = base.rawResponse;
    
        for (const message of burst) {
          appendUnique(base.parts, Array.isArray(message?.parts) ? message.parts : []);
          appendUnique(
            base.subagents,
            Array.isArray(message?.subagents) ? message.subagents : [],
          );
          appendUnique(
            base.interactiveEvents,
            Array.isArray(message?.interactiveEvents)
              ? message.interactiveEvents
              : [],
          );
          appendUnique(
            base.progressUpdates,
            Array.isArray(message?.progressUpdates) ? message.progressUpdates : [],
          );
          appendUnique(
            base.reasoning,
            Array.isArray(message?.reasoning) ? message.reasoning : [],
          );
    
          const structured = this.structuredOutputProcessor.extractStructuredOutput(message);
          if (structured) {
            base.structuredOutput = structured;
          }
          if (message && "rawResponse" in message) {
            latestRawResponse = message.rawResponse;
          }
        }
    
        base.rawResponse = latestRawResponse;
        base.content = this.extractMessageBodyText(base);
        return base;
      }
    
      /**
       * Merge message parts
       */
      private mergeMessageParts(messages: any[]): any {
        if (messages.length === 0) return null;
        if (messages.length === 1) return messages[0];
    
        const first = messages[0];
        const merged: any = { ...first };
    
        merged.parts = messages.flatMap((m) => m.parts || []);
        merged.content = this.extractMessageBodyText(merged);
    
        return merged;
      }
    
      /**
       * Get history part fingerprint
       */
      private historyPartFingerprint(part: any): string | undefined {
        if (!part) return undefined;
        const text = this.firstNonEmptyString(part.text, part.content);
        if (typeof text !== "string" || !text) return undefined;
        return `${part.type || "text"}:${text.slice(0, 100)}`;
      }
    
      /**
       * Check if message is assistant history message
       */
      private isAssistantHistoryMessage(message: any): boolean {
        return message?.role === "assistant" || message?.sender === "assistant";
      }
    
      /**
       * Check if message is activity-only assistant message
       */
      private isActivityOnlyAssistantMessage(message: any): boolean {
        if (!this.isAssistantHistoryMessage(message)) return false;
    
        const hasRenderableText = Boolean(
          this.extractMessageBodyText(message)?.trim()
        );
        if (hasRenderableText) return false;
    
        const hasActivity =
          (Array.isArray(message.subagents) && message.subagents.length > 0) ||
          (Array.isArray(message.interactiveEvents) && message.interactiveEvents.length > 0) ||
          (Array.isArray(message.progressUpdates) && message.progressUpdates.length > 0);
    
        return hasActivity;
      }
    
      /**
       * Check if message has renderable history payload
       */
      private hasRenderableHistoryPayload(message: any): boolean {
        if (!message || typeof message !== "object") return false;
        if (this.isInternalSystemReminderMessage(message)) {
          return false;
        }
    
        // FIX: Check assistant messages with parts FIRST, before any other checks.
        // This ensures question-type messages with parts but no text content are preserved.
        // Prevents regression where assistant messages disappear after session restart.
        const role = message.role || message.info?.role;
        if (role === "assistant" && Array.isArray(message.parts) && message.parts.length > 0) {
          return true;
        }
    
        if (this.extractMessageBodyText(message)?.trim()) return true;
        if (message.structuredOutput) return true;
        if (Array.isArray(message.subagents) && message.subagents.length > 0) return true;
        if (Array.isArray(message.interactiveEvents) && message.interactiveEvents.length > 0) return true;
        if (Array.isArray(message.progressUpdates) && message.progressUpdates.length > 0) return true;
        return false;
      }
    
      /**
       * Check if message is internal system reminder
       */
      private isInternalSystemReminderMessage(message: any): boolean {
        if (!message || typeof message !== "object") return false;
    
        const role = this.firstNonEmptyString(
          message?.role,
          message?.info?.role,
        )?.toLowerCase().trim();
        if (role !== "user" && role !== "system") return false;
    
        const text = this.extractMessageBodyText(message);
        if (!text) return false;
    
        if (this.isPlanProceedMessageText(text)) {
          return false;
        }
    
        const normalized = text.trim().toLowerCase();
    
        // Check for square-bracketed system messages at the start (e.g., [analyze-mode], [background task completed])
        const bracketPattern = /^\[[a-z][a-z0-9_\- ]*\]/i;
        const hasBracketPrefix = bracketPattern.test(text.trim());
    
        return (
          normalized.includes("<system-reminder>") ||
          normalized.includes("<auto-slash-command>") ||
          normalized.includes("<!-- omo_internal_initiator -->") ||
          hasBracketPrefix ||
          (normalized.includes("[search-model]") && normalized.includes("maximize search effort")) ||
          normalized.startsWith("system reminder") ||
          normalized.startsWith("internal reminder") ||
          normalized.includes("reminder: you can")
        );
      }
    
      /**
       * Check if text is plan-proceed message
       */
      private isPlanProceedMessageText(text: string): boolean {
        if (!text) return false;
        const lower = text.toLowerCase().trim();
        return lower === "proced" || lower === "proceed" || lower === "let's proceed" || lower === "ok, proceed";
      }
    
      /**
       * Check if message is renderable history message
       */
      isRenderableHistoryMessage(message: any): boolean {
        if (!message) return false;
        // Don't filter out system reminder messages - they will be converted to system role
        // and rendered with the SystemMessage component
        if (this.isInternalSystemReminderMessage(message)) return true;
        return this.hasRenderableHistoryPayload(message);
      }
    
      /**
       * Dedupe mirror history messages
       */
      public dedupeMirrorHistoryMessages(messages: any[]): any[] {
        const seen = new Set<string>();
        return messages.filter((message) => {
          const fingerprint = this.historyMessageFingerprint(message);
          if (!fingerprint) return true;
    
          if (seen.has(fingerprint)) {
            return false;
          }
          seen.add(fingerprint);
          return true;
        });
      }
    
      /**
       * Dedupe user messages with identical content
       * This fixes duplicate "Plan Approved" messages that may occur during hydration
       */
      private dedupeUserMessagesByContent(messages: any[]): any[] {
        if (!Array.isArray(messages) || messages.length <= 1) {
          return messages;
        }
    
        const deduped: any[] = [];
        const seenUserContents = new Set<string>();
    
        for (const message of messages) {
          const role = this.firstNonEmptyString(
            message?.role,
            message?.info?.role,
            message?.sender,
          )?.toLowerCase();
    
          if (role !== "user") {
            deduped.push(message);
            continue;
          }
    
          const content = this.extractMessageBodyText(message);
          if (!content) {
            deduped.push(message);
            continue;
          }
    
          const normalizedContent = content.trim();
          if (seenUserContents.has(normalizedContent)) {
            this.logger.debug("[HistoryProcessor] Skipping duplicate user message", {
              content: normalizedContent.substring(0, 100),
              totalSkipped: seenUserContents.size,
            });
            continue;
          }
    
          seenUserContents.add(normalizedContent);
          deduped.push(message);
        }
    
        if (deduped.length < messages.length) {
          this.logger.debug("[HistoryProcessor] User message deduplication complete", {
            inputCount: messages.length,
            outputCount: deduped.length,
            duplicatesRemoved: messages.length - deduped.length,
          });
        }
    
        return deduped;
      }
    
      /**
       * Check if messages are mirror history messages (i.e., represent the same logical message).
       * Preserves intentional idless repeats by returning false when both have no ID.
       */
      private areMirrorHistoryMessages(a: any, b: any): boolean {
        const existingId = this.extractHistoryMessageId(a);
        const incomingId = this.extractHistoryMessageId(b);
    
        if (existingId && incomingId) {
          if (existingId === incomingId) return true;
          // Both have non-synthetic IDs that differ — not mirrors
          if (!this.isSyntheticLocalMessageId(existingId) && !this.isSyntheticLocalMessageId(incomingId)) {
            return false;
          }
          // At least one is synthetic — fall through to timestamp proximity check
        } else if (!existingId && !incomingId) {
          // Both idless — do not collapse intentional idless repeats
          return false;
        }
    
        const existingCreatedAt = this.historyMessageCreatedAt(a);
        const incomingCreatedAt = this.historyMessageCreatedAt(b);
        if (
          typeof existingCreatedAt !== "number" ||
          typeof incomingCreatedAt !== "number"
        ) {
          return false;
        }
        return Math.abs(existingCreatedAt - incomingCreatedAt) <= 15_000;
      }
    
      /**
       * Extract history message ID
       */
      extractHistoryMessageId(message: any): string | undefined {
        return this.firstNonEmptyString(
          message?.id,
          message?.messageId,
          message?.info?.id,
        );
      }
    
      /**
       * Get history message created at timestamp
       */
      private historyMessageCreatedAt(message: any): number | undefined {
        const info = this.asRecord(message?.info);
        const infoTime = this.asRecord(info?.time);
        const time = this.asRecord(message?.time);
    
        const numericCandidates = [
          infoTime?.created,
          time?.created,
          info?.createdAt,
          info?.timestamp,
          message?.createdAt,
          message?.timestamp,
        ];
        for (const candidate of numericCandidates) {
          if (typeof candidate === "number" && Number.isFinite(candidate)) {
            return candidate;
          }
        }
    
        const stringCandidates = [
          this.firstNonEmptyString(
            info?.createdAt,
            info?.timestamp,
            message?.createdAt,
            message?.timestamp,
          ),
        ];
        for (const candidate of stringCandidates) {
          if (!candidate) {
            continue;
          }
          const parsed = new Date(candidate).getTime();
          if (Number.isFinite(parsed)) {
            return parsed;
          }
        }
    
        return undefined;
      }
    
      /**
       * Get history message fingerprint
       */
      historyMessageFingerprint(message: any): string | undefined {
        const id = this.extractHistoryMessageId(message);
        const role = this.firstNonEmptyString(message?.role, message?.sender);
        const rawContent = this.extractMessageBodyText(message);
        const content = typeof rawContent === "string" ? rawContent.slice(0, 200) : undefined;
    
        if (!id && !role && !content) return undefined;
    
        const parts = [];
        if (id) parts.push(`id:${id}`);
        if (role) parts.push(`role:${role}`);
        if (typeof content === "string" && content) parts.push(`content:${content.slice(0, 100)}`);
    
        return parts.join("|");
      }
    
      /**
       * Get history message richness score
       */
      private historyMessageRichnessScore(message: any): number {
        let score = 0;
    
        const content = this.extractMessageBodyText(message);
        if (content) score += Math.min(content.length / 100, 10);
    
        if (Array.isArray(message.subagents)) score += message.subagents.length * 2;
        if (Array.isArray(message.interactiveEvents)) score += message.interactiveEvents.length * 2;
        if (Array.isArray(message.progressUpdates)) score += message.progressUpdates.length;
        if (message.structuredOutput) score += 5;
        if (Array.isArray(message.reasoning)) score += message.reasoning.length * 0.5;
    
        return score;
      }
    
      /**
       * Pick richer history message
       */
      private pickRicherHistoryMessage(a: any, b: any): any {
        const scoreA = this.historyMessageRichnessScore(a);
        const scoreB = this.historyMessageRichnessScore(b);
        return scoreA >= scoreB ? a : b;
      }
    
      /**
       * Pick canonical history message ID from a group of messages.
       * Prefers non-synthetic IDs when available.
       */
      private pickCanonicalHistoryMessageId(messages: any[]): string | undefined {
        const ids = messages
          .map((m) => this.extractHistoryMessageId(m))
          .filter((id): id is string => Boolean(id));
    
        if (ids.length === 0) return undefined;
    
        // Prefer a non-synthetic ID
        const preferred = ids.find((id) => !this.isSyntheticLocalMessageId(id));
        return preferred ?? ids[0];
      }
    
      /**
       * Check if message ID is synthetic
       */
      private isSyntheticLocalMessageId(id: string): boolean {
        if (!id) return false;
        return id.startsWith("msg_local_") || id.startsWith("local-");
      }
    
      /**
       * Get latest assistant history marker
       */
      public getLatestAssistantHistoryMarker(messages: any[]): {
        id?: string;
        fingerprint?: string;
        createdAt?: number;
        richness: number;
      } {
        if (!Array.isArray(messages) || messages.length === 0) {
          return {
            id: undefined,
            fingerprint: undefined,
            createdAt: undefined,
            richness: -1,
          };
        }
    
        let latest: any = null;
        let latestScore = -1;
    
        for (const message of messages) {
          if (!this.isAssistantHistoryMessage(message)) continue;
    
          const richness = this.historyMessageRichnessScore(message);
          if (richness <= latestScore) continue;
    
          latest = message;
          latestScore = richness;
        }
    
        return {
          id: this.extractHistoryMessageId(latest),
          fingerprint: this.historyMessageFingerprint(latest),
          createdAt: latest ? this.historyMessageCreatedAt(latest) : undefined,
          richness: latestScore,
        };
      }
    
      /**
       * Check if assistant history has advanced
       */
      public hasAssistantHistoryAdvanced(
        currentMessages: any[] | { id?: string; fingerprint?: string; createdAt?: number; richness?: number } | undefined,
        previousMessages: any[] | { id?: string; fingerprint?: string; createdAt?: number; richness?: number } | undefined,
      ): boolean {
        const asMarker = (
          value:
            | any[]
            | { id?: string; fingerprint?: string; createdAt?: number; richness?: number }
            | undefined,
        ): { id?: string; fingerprint?: string; createdAt?: number; richness: number } | undefined => {
          if (!value) {
            return undefined;
          }
          if (Array.isArray(value)) {
            const marker = this.getLatestAssistantHistoryMarker(value);
            return marker.id || marker.fingerprint || typeof marker.createdAt === "number"
              ? marker
              : undefined;
          }
          if (typeof value === "object") {
            return {
              id: typeof value.id === "string" ? value.id : undefined,
              fingerprint:
                typeof value.fingerprint === "string" ? value.fingerprint : undefined,
              createdAt:
                typeof value.createdAt === "number" && Number.isFinite(value.createdAt)
                  ? value.createdAt
                  : undefined,
              richness:
                typeof value.richness === "number" && Number.isFinite(value.richness)
                  ? value.richness
                  : 0,
            };
          }
          return undefined;
        };
    
        const currentMarker = asMarker(currentMessages);
        const previousMarker = asMarker(previousMessages);
    
        if (!currentMarker) {
          return false;
        }
        if (!previousMarker) {
          return true;
        }
    
        if (currentMarker.id && previousMarker.id && currentMarker.id !== previousMarker.id) {
          return true;
        }
        if (currentMarker.id && !previousMarker.id) {
          return true;
        }
        if (
          currentMarker.fingerprint &&
          previousMarker.fingerprint &&
          currentMarker.fingerprint !== previousMarker.fingerprint
        ) {
          return true;
        }
        if (currentMarker.fingerprint && !previousMarker.fingerprint) {
          return true;
        }
        if (
          typeof currentMarker.createdAt === "number" &&
          typeof previousMarker.createdAt === "number" &&
          currentMarker.createdAt > previousMarker.createdAt + 1000
        ) {
          return true;
        }
    
        return currentMarker.richness > previousMarker.richness + 12;
      }
    }
    
    
    /* FILE: E:\Projects\vscode-opencode\src\providers\chat\StructuredOutputProcessor.ts */
    
    /**
     * StructuredOutputProcessor Module
     *
     * Handles all structured output parsing, normalization, validation,
     * and message enrichment.
     *
     * Extracted from ChatViewProvider.ts (~900 lines across multiple sections)
     */
    
    import type {
      StructuredAssistantOutput,
    } from "./types";
    import {
      structuredOutputSchema,
    } from "../../shared/structuredOutputSchema";
    import {
      sanitizeStructuredOutput,
      validateStructuredOutput,
    } from "../../shared/structuredOutputValidator";
    import { STRUCTURED_RESPONSE_TYPES } from "./types";
    import type { PlanManager } from "./PlanManager";
    import { PlanParser } from "../../services/PlanParser";
    
    export class StructuredOutputProcessor {
      private structuredOutputMode: "format" | "outputFormat" | "disabled" = "format";
      private readonly structuredValidationFailureCounters = new Map<string, number>();
      private readonly structuredOutputIncompatibleModelKeys = new Set<string>();
    
      constructor(
        private logger: ReturnType<typeof import("../../utils/Logger").createLogger>,
        private asRecord: (value: unknown) => Record<string, unknown> | undefined,
        private firstNonEmptyString: (...values: unknown[]) => string | undefined,
        private planManager: PlanManager,
      ) { }
    
      private persistPlan(
        content: string,
        preferredPath?: string,
      ): Promise<string | undefined> {
        return this.planManager.persistPlan(content, preferredPath);
      }
    
      /**
       * Get the structured output format for API requests
       */
      getStructuredOutputFormat(): Record<string, unknown> {
        const topLevel = structuredOutputSchema as unknown as Record<string, unknown>;
        const schemaRecord = this.asRecord(topLevel.schema);
        const properties = this.asRecord(schemaRecord?.properties) ?? {};
        const required = Array.isArray(schemaRecord?.required)
          ? (schemaRecord?.required as string[]).filter(
            (item) => typeof item === "string" && item.trim().length > 0,
          )
          : ["responseType"];
        const allOf = Array.isArray(schemaRecord?.allOf)
          ? schemaRecord.allOf
          : undefined;
    
        // Send a docs-style minimal JSON schema to maximize compatibility across providers.
        return {
          type: "json_schema",
          retryCount:
            typeof topLevel.retryCount === "number" ? topLevel.retryCount : 1,
          schema: {
            type: "object",
            properties,
            required,
            ...(allOf ? { allOf } : {}),
          },
        };
      }
    
      /**
       * Check if structured output should be used for the given model
       */
      shouldUseStructuredOutput(modelKey: string): boolean {
        if (this.structuredOutputMode === "disabled") {
          return false;
        }
        if (this.structuredOutputIncompatibleModelKeys.has(modelKey)) {
          return false;
        }
        return true;
      }
    
      /**
       * Get the structured output model key
       */
      getStructuredOutputModelKey(modelKey: string): string {
        if (this.structuredOutputMode === "outputFormat") {
          return modelKey;
        }
        return modelKey;
      }
    
      /**
       * Get the selected structured output model key
       */
      getSelectedStructuredOutputModelKey(): string | undefined {
        return undefined;
      }
    
      /**
       * Check if text is likely a tool call transcript
       */
      isLikelyToolCallTranscript(text: string): boolean {
        if (!text || typeof text !== "string") return false;
        const lower = text.toLowerCase().trim();
        if (lower.length < 50) return false;
    
        const toolCallIndicators = [
          "tool call",
          "tool_calls",
          "function call",
          "function_calls",
          "tooluse",
          "tool use",
          "tool result",
          "tool_output",
          "tool output",
        ];
    
        const hasToolCallPrefix = toolCallIndicators.some((indicator) =>
          lower.startsWith(indicator)
        );
    
        if (hasToolCallPrefix) return true;
    
        const hasJsonStructure =
          lower.includes("{") &&
          (lower.includes('"tool"') || lower.includes('"function"')) &&
          lower.includes('"name"');
    
        return hasJsonStructure;
      }
    
      /**
       * Normalize error candidate
       */
      normalizeErrorCandidate(value: unknown): string | undefined {
        if (typeof value === "string") {
          return value.trim();
        }
        const rec = this.asRecord(value);
        if (!rec) return undefined;
        return this.firstNonEmptyString(rec.message, rec.error, rec.detail);
      }
    
      /**
       * Check if message is a generic error message
       */
      isGenericErrorMessage(message: string): boolean {
        const genericPatterns = [
          "an error occurred",
          "something went wrong",
          "there was an error",
          "an error has occurred",
          "error processing your request",
          "unable to process",
          "failed to process",
        ];
        const lower = message.toLowerCase().trim();
        return genericPatterns.some((pattern) => lower.includes(pattern));
      }
    
      /**
       * Check if message is a structured output transport error
       */
      isStructuredOutputTransportError(message: string): boolean {
        const transportErrorPatterns = [
          "failed to parse structured output",
          "invalid structured output",
          "malformed structured output",
          "structured output validation failed",
          "unable to parse structured output",
        ];
        const lower = message.toLowerCase().trim();
        return transportErrorPatterns.some((pattern) => lower.includes(pattern));
      }
    
      /**
       * Check if message is a structured output failure message
       */
      isStructuredOutputFailureMessage(message: string): boolean {
        const failurePatterns = [
          "structured output failed",
          "failed to generate structured output",
          "could not produce structured output",
          "structured output error",
        ];
        const lower = message.toLowerCase().trim();
        return failurePatterns.some((pattern) => lower.includes(pattern));
      }
    
      /**
       * Check if message is likely an interactive await timeout error
       */
      isLikelyInteractiveAwaitTimeoutError(message: string): boolean {
        const timeoutPatterns = [
          "timeout",
          "timed out",
          "expired",
          "took too long",
          "exceeded time limit",
        ];
        const lower = message.toLowerCase().trim();
        return timeoutPatterns.some((pattern) => lower.includes(pattern));
      }
    
      /**
       * Check if stream payload has blocking interactive event
       */
      hasBlockingInteractiveInStreamPayload(event: unknown): boolean {
        const rec = this.asRecord(event);
        if (!rec) return false;
    
        const structured = this.asRecord(rec.structured);
        const structuredOutput = this.asRecord(rec.structuredOutput);
    
        const interactiveEvents =
          (Array.isArray(structured?.interactiveEvents)
            ? structured.interactiveEvents
            : undefined) ||
          (Array.isArray(structuredOutput?.interactiveEvents)
            ? structuredOutput.interactiveEvents
            : undefined);
    
        if (!interactiveEvents || interactiveEvents.length === 0) {
          return false;
        }
    
        const firstEvent = interactiveEvents[0];
        if (!firstEvent || typeof firstEvent !== "object") {
          return false;
        }
    
        const eventType = this.firstNonEmptyString(
          firstEvent.type,
          (firstEvent as Record<string, unknown>).question,
          (firstEvent as Record<string, unknown>).confirm,
        );
    
        return Boolean(eventType);
      }
    
      /**
       * Collect error message candidates from error object
       */
      collectErrorMessageCandidates(error: unknown): string[] {
        const candidates: string[] = [];
    
        if (!error) return candidates;
    
        const rec = this.asRecord(error);
        if (!rec) {
          if (typeof error === "string") {
            candidates.push(error);
          }
          return candidates;
        }
    
        const message = this.firstNonEmptyString(rec.message, rec.error);
        if (message) candidates.push(message);
    
        const details = rec.details;
        if (Array.isArray(details)) {
          for (const detail of details) {
            const msg = this.normalizeErrorCandidate(detail);
            if (msg) candidates.push(msg);
          }
        } else if (details) {
          const msg = this.normalizeErrorCandidate(details);
          if (msg) candidates.push(msg);
        }
    
        const response = this.asRecord(rec.response);
        if (response) {
          const responseMessage = this.firstNonEmptyString(
            response.message,
            response.error,
          );
          if (responseMessage) candidates.push(responseMessage);
        }
    
        return candidates;
      }
    
      /**
       * Extract error message from error object
       */
      extractErrorMessage(error: unknown, fallback: string): string {
        const candidates = this.collectErrorMessageCandidates(error);
        if (candidates.length === 0) return fallback;
        return candidates[0] || fallback;
      }
    
      /**
       * Collect normalized error messages
       */
      collectNormalizedErrorMessages(error: unknown): string[] {
        const candidates = this.collectErrorMessageCandidates(error);
        return candidates.filter((msg) => !this.isGenericErrorMessage(msg));
      }
    
      /**
       * Extract detailed error message
       */
      private extractDetailedErrorMessage(error: unknown, fallback: string): string {
        const normalized = this.collectNormalizedErrorMessages(error);
        if (normalized.length > 0) {
          const detailLines = normalized.map((detail) => `- ${detail}`);
          return `${fallback}\n\nDetails:\n${detailLines.join("\n")}`;
        }
        return this.extractErrorMessage(error, fallback);
      }
    
      /**
       * Check if part is a reasoning part
       */
      isReasoningPartLike(part: unknown): boolean {
        const rec = this.asRecord(part);
        if (!rec) return false;
        const type = this.firstNonEmptyString(rec.type);
        return Boolean(
          type &&
          (type.toLowerCase().includes("reasoning") ||
            type.toLowerCase().includes("thinking") ||
            typeof rec.reasoning !== "undefined" ||
            typeof rec.thought !== "undefined" ||
            typeof rec.thinking !== "undefined"),
        );
      }
    
      /**
       * Check if part is renderable text
       */
      isRenderableTextPart(part: unknown): boolean {
        const rec = this.asRecord(part);
        if (!rec) return false;
        const type = this.firstNonEmptyString(rec.type);
        if (!type) return true;
        return !this.isReasoningPartLike(part);
      }
    
      /**
       * Check if value is an interactive response type
       */
      isInteractiveResponseType(value: unknown): boolean {
        const str = String(value).toLowerCase().trim();
        return str === "question" || str === "interactive" || str === "confirm";
      }
    
      /**
       * Format question prompt for assistant
       */
      formatQuestionPromptForAssistant(question: string, options?: any[]): string {
        let prompt = `USER QUESTION: ${question}`;
    
        if (options && options.length > 0) {
          const optionsText = options
            .map((opt) => {
              const label = typeof opt === "string" ? opt : opt.label || opt.value || "";
              return `- ${label}`;
            })
            .join("\n");
          prompt += `\n\nOPTIONS:\n${optionsText}`;
        }
    
        return prompt;
      }
    
      /**
       * Derive question prompt from interactive payload
       */
      deriveQuestionPromptFromInteractivePayload(payload: {
        question: string;
        options?: any[];
      }): string {
        const { question, options } = payload;
        return this.formatQuestionPromptForAssistant(question, options);
      }
    
      /**
       * Check if body text is low value interactive text
       */
      isLowValueInteractiveBodyText(value: string): boolean {
        if (!value || typeof value !== "string") return false;
        const lower = value.toLowerCase().trim();
        const lowValuePhrases = [
          "please answer the question",
          "please select an option",
          "please choose",
          "please respond",
          "waiting for your response",
          "awaiting your input",
        ];
        return lowValuePhrases.some((phrase) => lower.includes(phrase));
      }
    
      /**
       * Check if content is a clarification questionnaire
       */
      isClarificationQuestionnaire(content: unknown): boolean {
        if (!content) return false;
        const rec = this.asRecord(content);
        if (!rec) return false;
    
        const interactiveEvents =
          (Array.isArray(rec.interactiveEvents) ? rec.interactiveEvents : undefined) ||
          (Array.isArray(rec.question) ? [{ type: "question", question: rec.question }] : undefined);
    
        if (!interactiveEvents || interactiveEvents.length === 0) {
          return false;
        }
    
        const hasQuestion = interactiveEvents.some(
          (event: any) => event.type === "question" || event.type === "confirm"
        );
    
        return hasQuestion;
      }
    
      /**
       * Extract message ID from message
       */
      extractMessageId(message: any): string | undefined {
        if (!message) return undefined;
        return this.firstNonEmptyString(
          message.id,
          message.messageId,
          message.message_id,
        );
      }
    
      /**
       * Check if message has structured subagent signal
       */
      hasStructuredSubagentSignal(messageRaw: unknown): boolean {
        const rec = this.asRecord(messageRaw);
        if (!rec) return false;
    
        const subagents = rec.subagents;
        if (Array.isArray(subagents) && subagents.length > 0) {
          return true;
        }
    
        const structured = this.asRecord(rec.structured);
        const structuredSubagents = structured?.subagents;
        if (Array.isArray(structuredSubagents) && structuredSubagents.length > 0) {
          return true;
        }
    
        return false;
      }
    
      /**
       * Normalize subagent status
       */
      normalizeSubagentStatus(status: unknown): string {
        if (!status) return "unknown";
        const str = String(status).toLowerCase().trim();
        const statusMap: Record<string, string> = {
          running: "running",
          active: "running",
          in_progress: "running",
          completed: "completed",
          done: "completed",
          finished: "completed",
          failed: "failed",
          error: "failed",
          cancelled: "cancelled",
          canceled: "cancelled",
          pending: "pending",
          queued: "pending",
        };
        return statusMap[str] || "unknown";
      }
    
      /**
       * Merge subagent entries
       */
      mergeSubagentEntries(
        existing: any[],
        updates: any[],
      ): any[] {
        const merged = [...existing];
        const existingById = new Map(
          existing
            .filter((subagent) => subagent?.id)
            .map((subagent) => [subagent.id, subagent])
        );
    
        for (const update of updates) {
          if (!update?.id) continue;
          const existingSubagent = existingById.get(update.id);
          if (existingSubagent) {
            const index = merged.indexOf(existingSubagent);
            if (index !== -1) {
              merged[index] = { ...existingSubagent, ...update };
            }
          } else {
            merged.push(update);
          }
        }
    
        return merged;
      }
    
      /**
       * Hydrate subagents from payload
       */
      hydrateSubagentsFromPayload(payload: {
        subagents?: any[];
        subagentsDelta?: any;
      }): any[] | undefined {
        const { subagents, subagentsDelta } = payload;
    
        if (!subagents && !subagentsDelta) {
          return undefined;
        }
    
        if (subagents && Array.isArray(subagents)) {
          return subagents;
        }
    
        if (subagentsDelta?.items && Array.isArray(subagentsDelta.items)) {
          return subagentsDelta.items;
        }
    
        return undefined;
      }
    
      /**
       * Resolve subagent payload session ID
       */
      resolveSubagentPayloadSessionId(payload: {
        sessionId?: string;
        childSessionId?: string;
      }): string | undefined {
        return this.firstNonEmptyString(
          payload.sessionId,
          payload.childSessionId,
        );
      }
    
      /**
       * Find latest subagent parent message ID for session
       */
      findLatestSubagentParentMessageIdForSession(
        sessionId: string,
        messages: any[],
      ): string | undefined {
        for (let i = messages.length - 1; i >= 0; i--) {
          const message = messages[i];
          if (!message) continue;
    
          const subagents = message.subagents;
          if (Array.isArray(subagents)) {
            for (const subagent of subagents) {
              if (subagent?.childSessionId === sessionId) {
                return this.extractMessageId(message);
              }
            }
          }
        }
        return undefined;
      }
    
      /**
       * Record structured validation failure
       */
      private recordStructuredValidationFailure(
        canonicalRec: Record<string, unknown>,
        errors: string[],
        diagnostics?: {
          source?: string;
          providerID?: string;
          modelID?: string;
        },
      ): void {
        const responseType = this.firstNonEmptyString(canonicalRec.responseType);
        if (!responseType) return;
    
        const providerID = diagnostics?.providerID || "unknown";
        const modelID = diagnostics?.modelID || "unknown";
        const key = `${responseType}|${providerID}/${modelID}`;
        const current = this.structuredValidationFailureCounters.get(key) || 0;
        this.structuredValidationFailureCounters.set(key, current + 1);
    
        if (current >= 3) {
          if (diagnostics?.modelID) {
            this.structuredOutputIncompatibleModelKeys.add(diagnostics.modelID);
          }
        }
    
        this.logger.warn("Structured output validation failure aggregate", {
          responseType,
          errors,
          source: diagnostics?.source,
          providerID: diagnostics?.providerID,
          modelID: diagnostics?.modelID,
          failureCount: current + 1,
        });
      }
    
      /**
       * Normalize structured output from raw response
       */
      normalizeStructuredOutput(
        raw: unknown,
        diagnostics?: {
          source?: string;
          providerID?: string;
          modelID?: string;
        },
      ): StructuredAssistantOutput | undefined {
        let value: unknown = raw;
        if (typeof value === "string") {
          try {
            value = JSON.parse(value);
          } catch {
            return undefined;
          }
        }
    
        const rec = this.asRecord(value);
        if (!rec) {
          return undefined;
        }
    
        const sanitizedRec = sanitizeStructuredOutput(rec);
    
        // Don't sanitize rec.plan separately - sanitizeStructuredOutput() is for
        // top-level structured output fields only. The plan object is already validated
        // by the schema and sanitizing it as a top-level object would strip its properties
        // (file, title, content, etc.) because those aren't valid top-level field names.
        this.logger.debug('Before plan preservation', {
          hasRecPlan: 'plan' in rec,
          recPlanType: typeof rec.plan,
          recPlanValue: rec.plan,
          hasSanitizedPlan: 'plan' in sanitizedRec,
          sanitizedPlanValue: sanitizedRec.plan
        });
    
        if (rec.plan && typeof rec.plan === 'object') {
          sanitizedRec.plan = rec.plan;
          const planRecord = rec.plan as Record<string, unknown>;
          this.logger.debug('Plan preserved', {
            planKeys: Object.keys(planRecord),
            hasFile: 'file' in planRecord,
            fileValue: planRecord.file
          });
        } else {
          this.logger.debug('Plan NOT preserved - condition failed', {
            hasRecPlan: 'plan' in rec,
            recPlanType: typeof rec.plan,
            recPlan: rec.plan
          });
        }
    
        const messageCandidate =
          this.firstNonEmptyString(sanitizedRec.message) ||
          (typeof rec.message === "string" ? rec.message : undefined);
    
        let responseTypeRaw =
          this.firstNonEmptyString(
            sanitizedRec.responseType,
            rec.type,
            rec.kind,
            rec.category,
          ) ||
          (messageCandidate ? "message" : undefined);
    
        if (responseTypeRaw?.toLowerCase() === "conversation") {
          responseTypeRaw = "message";
        }
        if (responseTypeRaw?.toLowerCase() === "interactive") {
          responseTypeRaw = "question";
        }
    
        if (
          responseTypeRaw &&
          !STRUCTURED_RESPONSE_TYPES.has(responseTypeRaw.toLowerCase())
        ) {
          responseTypeRaw = messageCandidate ? "message" : undefined;
        }
    
        if (!responseTypeRaw) {
          return undefined;
        }
    
        let canonicalRec: Record<string, unknown> = {
          ...sanitizedRec,
          responseType: responseTypeRaw,
        };
        if (
          messageCandidate &&
          !this.firstNonEmptyString(canonicalRec.message)
        ) {
          canonicalRec.message = messageCandidate;
        }
    
        let validation = validateStructuredOutput(canonicalRec);
        if (!validation.valid && messageCandidate) {
          canonicalRec = {
            responseType: "message",
            message: messageCandidate,
          };
          validation = validateStructuredOutput(canonicalRec);
        }
        if (!validation.valid) {
          this.logger.warn("Structured output validation failed", {
            errors: validation.errors,
            source: diagnostics?.source,
            providerID: diagnostics?.providerID,
            modelID: diagnostics?.modelID,
          });
          this.recordStructuredValidationFailure(
            canonicalRec,
            validation.errors,
            diagnostics,
          );
          return undefined;
        }
    
        const sanitizedCanonicalRec = sanitizeStructuredOutput(canonicalRec);
        const subagentsRaw =
          sanitizedCanonicalRec.subagents ?? (rec.spawnedSubagents as unknown);
        if (Array.isArray(subagentsRaw)) {
          sanitizedCanonicalRec.subagents = subagentsRaw;
        }
        const subagentsDeltaRaw =
          sanitizedCanonicalRec.subagentsDelta ?? (rec.subagents_delta as unknown);
        if (subagentsDeltaRaw && typeof subagentsDeltaRaw === "object") {
          sanitizedCanonicalRec.subagentsDelta = subagentsDeltaRaw;
        }
        const responseType = this.firstNonEmptyString(
          sanitizedCanonicalRec.responseType,
        );
        if (!responseType) {
          return undefined;
        }
    
        return sanitizedCanonicalRec as StructuredAssistantOutput;
      }
    
      /**
       * Create fallback message from structured output
       */
      createFallbackMessage(
        structured: StructuredAssistantOutput,
      ): string | undefined {
        if (!structured.responseType) return undefined;
    
        const { responseType, progressUpdates, interactiveEvents, plan } =
          structured;
    
        switch (responseType) {
          case "implementation_plan":
            return this.firstNonEmptyString(
              plan?.intro,
              plan?.summary,
              plan?.title,
            );
          case "progress_update":
            if (progressUpdates && progressUpdates.length > 0) {
              const titles = progressUpdates.map((p) => p.title).join(", ");
              return `Progress: ${titles}`;
            }
            return "📊 Working on tasks...";
          case "question": {
            const questionRecord = this.asRecord(structured.question);
            const displayPrompt = this.firstNonEmptyString(
              questionRecord?.displayPrompt,
            );
            if (displayPrompt) {
              return displayPrompt;
            }
            const questionPrompt = this.firstNonEmptyString(
              questionRecord?.question,
              questionRecord?.message,
              questionRecord?.content,
            );
            if (questionPrompt) {
              return questionPrompt;
            }
            if (interactiveEvents && interactiveEvents.length > 0) {
              const firstEvent = interactiveEvents[0];
              const firstEventRecord = this.asRecord(firstEvent);
              const eventDisplayPrompt = this.firstNonEmptyString(
                firstEventRecord?.displayPrompt,
              );
              if (eventDisplayPrompt) {
                return eventDisplayPrompt;
              }
              if (firstEvent.type === "question" && firstEvent.question) {
                return firstEvent.question;
              } else if (firstEvent.type === "confirm" && firstEvent.question) {
                return firstEvent.question;
              } else if (firstEvent.type === "message" && firstEvent.message) {
                return firstEvent.message;
              }
            }
            return "❓ Question for you";
          }
          case "subagents":
            return "🤖 Spawned subagents...";
          case "error":
            return "⚠️ An error occurred";
          case "message":
          default:
            return undefined;
        }
      }
    
      /**
       * Extract message body text
       */
      extractMessageBodyText(message: any): string {
        if (!message) return "";
    
        let rawText = "";
        if (typeof message.content === "string" && message.content.trim()) {
          rawText = message.content.trim();
        } else if (typeof message.text === "string" && message.text.trim()) {
          rawText = message.text.trim();
        } else if (Array.isArray(message.parts)) {
          rawText = message.parts
            .map((part: any) => {
              if (!part || typeof part !== "object") return "";
              if (
                part.type === "reasoning" ||
                part.type === "thinking" ||
                part.type === "thought" ||
                typeof part.reasoning !== "undefined" ||
                typeof part.thought !== "undefined" ||
                typeof part.thinking !== "undefined"
              ) {
                return "";
              }
              return (part.text || part.content || "").toString();
            })
            .join("")
            .trim();
        }
    
        if (this.isLikelyToolCallTranscript(rawText)) {
          return "";
        }
        return rawText;
      }
    
      /**
       * Extract structured output from message
       */
      extractStructuredOutput(message: any): StructuredAssistantOutput | undefined {
        if (!message) return undefined;
    
        const candidates = [
          message.structuredOutput,
          message.structured_output,
          message.info?.structuredOutput,
          message.info?.structured_output,
          message.info?.structured,
        ];
    
        for (const candidate of candidates) {
          if (candidate) {
            const normalized = this.normalizeStructuredOutput(candidate);
            if (normalized) {
              return normalized;
            }
          }
        }
    
        return undefined;
      }
    
      /**
       * Apply structured output to message
       */
      applyStructuredOutputToMessage(
        message: any,
        structured: StructuredAssistantOutput,
      ): any {
        if (!message || !structured) return message;
    
        const updated = { ...message };
    
        if (structured.message && !updated.message) {
          updated.message = structured.message;
        }
    
        if (structured.subagents && structured.subagents.length > 0) {
          updated.subagents = this.mergeSubagentEntries(
            updated.subagents || [],
            structured.subagents,
          );
        }
    
        if (structured.progressUpdates && structured.progressUpdates.length > 0) {
          updated.progressUpdates = [
            ...(updated.progressUpdates || []),
            ...structured.progressUpdates,
          ];
        }
    
        if (structured.interactiveEvents && structured.interactiveEvents.length > 0) {
          updated.interactiveEvents = [
            ...(updated.interactiveEvents || []),
            ...structured.interactiveEvents,
          ];
        }
    
        if (structured.plan && !updated.plan) {
          updated.plan = structured.plan;
        }
    
        if (structured.question && !updated.question) {
          updated.question = structured.question;
        }
    
        if (structured.reasoning && structured.reasoning.length > 0) {
          updated.reasoning = [...(updated.reasoning || []), ...structured.reasoning];
        }
    
        updated.structuredOutput = structured;
        updated.hasStructuredOutput = true;
    
        return updated;
      }
    
      /**
       * Enrich stream event with structured output
       */
      enrichStreamEvent(event: any): any {
        if (!event) return event;
    
        const enriched = { ...event };
        const properties = enriched.properties || {};
        const part = properties.part || {};
    
        const structuredCandidate =
          part.structured ||
          part.structured_output ||
          properties.structured ||
          properties.structured_output;
    
        if (structuredCandidate) {
          const normalized = this.normalizeStructuredOutput(structuredCandidate);
          if (normalized) {
            enriched.structured = normalized;
            enriched.structuredOutput = normalized;
            enriched.hasStructuredOutput = true;
          }
        }
    
        return enriched;
      }
    
      /**
       * Enrich message with plan information
       */
      enrichMessageWithPlan(message: any): any {
        if (!message) return message;
    
        const role = message?.info?.role || message?.role;
        if (typeof role === "string" && role.toLowerCase() !== "assistant") {
          return message;
        }
    
        const structured = this.extractStructuredOutput(message);
    
        const structuredResponseType = this.firstNonEmptyString(
          structured?.responseType,
          message?.structuredOutput?.responseType,
        );
        const hasInteractiveEvents =
          (Array.isArray(structured?.interactiveEvents) &&
            structured.interactiveEvents.length > 0) ||
          (Array.isArray(message?.interactiveEvents) &&
            message.interactiveEvents.length > 0);
        const isInteractiveClarificationResponse =
          this.isInteractiveResponseType(structuredResponseType) &&
          hasInteractiveEvents;
    
        if (isInteractiveClarificationResponse) {
          if (message.plan) {
            this.logger.debug("Plan suppressed", {
              source: "enrichMessageWithPlan",
              reason: "interactive-wins",
              responseType: structuredResponseType || "unknown",
              hasInteractiveEvents: !!hasInteractiveEvents,
              isClarification: false,
            });
            const nextMessage = { ...message };
            delete nextMessage.plan;
            return nextMessage;
          }
          return message;
        }
    
        if (structured) {
          const structuredPlanRecord = this.asRecord(structured.plan);
          const structuredPlanContent = this.firstNonEmptyString(
            structuredPlanRecord?.content,
          );
          const structuredPlanFiles =
            this.planManager.collectPlanFileCandidatesFromStructuredPlan(structuredPlanRecord);
          const structuredPlanFile = structuredPlanFiles[0];
    
          // DEBUG: Log what we got from the structured output
          this.logger.debug('Structured Plan Data', {
            structuredPlanRecord,
            structuredPlanFiles,
            structuredPlanFile,
            hasFile: !!structuredPlanRecord?.file,
            rawStructuredPlan: structured.plan,  // ← Add raw data
            allStructuredKeys: Object.keys(structured || {})  // ← Show all keys
          });
    
          // Resolve the plan filename: prefer what the agent declared in structured
          // output, then look for a matching filename in the message edits/patches,
          // then from markdown references. The viewer reads this to load the live
          // file from disk so the user sees the exact content the agent wrote.
          const editsForPlan: any[] = message.edits || [];
          const partsForPlan: any[] = message.parts || [];
          const fileCandidatesFromEditsAndParts: string[] = [];
          for (const edit of editsForPlan) {
            if (this.planManager.isLikelyPlanMarkdownFile(edit?.file)) {
              fileCandidatesFromEditsAndParts.push(edit.file);
            }
          }
          for (const part of partsForPlan) {
            if (part?.type !== "patch" || !Array.isArray(part.files)) {
              continue;
            }
            for (const patchFile of part.files) {
              if (this.planManager.isLikelyPlanMarkdownFile(patchFile)) {
                fileCandidatesFromEditsAndParts.push(patchFile);
              }
            }
          }
          const mergedPlanFiles = this.planManager.prioritizePlanFileCandidates([
            ...structuredPlanFiles,
            ...fileCandidatesFromEditsAndParts,
            ...this.planManager.extractMarkdownFileReferences(structuredPlanContent),
            ...this.planManager.extractMarkdownFileReferences(structuredPlanRecord?.summary),
            ...this.planManager.extractMarkdownFileReferences(structuredPlanRecord?.title),
          ]);
          const resolvedPlanFile = mergedPlanFiles[0];
    
          // DEBUG: Log the plan file extraction
          this.logger.debug('Plan File Extraction', {
            structuredPlanFile: structuredPlanFiles[0],
            mergedPlanFilesCount: mergedPlanFiles.length,
            resolvedPlanFile,
            fallbackPlanFile: resolvedPlanFile,
            hasPlanContent: !!structuredPlanContent,
            planContentLength: structuredPlanContent?.length || 0
          });
          const resolvedPlanTitle = this.planManager.resolvePlanTitle({
            plan: { title: this.firstNonEmptyString(structuredPlanRecord?.title) },
            fallback: this.firstNonEmptyString(structuredPlanRecord?.summary),
            planFile: resolvedPlanFile,
          });
          const fallbackPlanFile = resolvedPlanFile;
    
          if (
            structuredPlanContent &&
            typeof structuredPlanContent === "string" &&
            structuredPlanContent.length >= 200
          ) {
            if (this.isClarificationQuestionnaire(structuredPlanContent)) {
              return message;
            }
            if (!resolvedPlanFile) {
              this.persistPlan(
                structuredPlanContent,
                fallbackPlanFile,
              ).catch((err) => {
                this.logger.error("Failed to auto-persist structured plan", {}, err as Error);
              });
            }
    
            return {
              ...message,
              structuredOutput: structured,
              plan: {
                file: fallbackPlanFile,
                content: structuredPlanContent,
                title: resolvedPlanTitle,
                summary: this.firstNonEmptyString(structuredPlanRecord?.summary),
                files:
                  mergedPlanFiles.length > 0
                    ? mergedPlanFiles
                    : fallbackPlanFile
                      ? [fallbackPlanFile]
                      : undefined,
                fileCount:
                  mergedPlanFiles.length > 0
                    ? mergedPlanFiles.length
                    : fallbackPlanFile
                      ? 1
                      : 0,
              },
            };
          }
    
          if (
            structuredResponseType === "implementation_plan" &&
            structuredPlanFile
          ) {
            // Preserve structured file-only plans so the webview "View Plan" action
            // can open the plan tab directly from disk.
            return {
              ...message,
              structuredOutput: structured,
              plan: {
                file: fallbackPlanFile,
                title: resolvedPlanTitle,
                summary: this.firstNonEmptyString(structuredPlanRecord?.summary),
                files:
                  mergedPlanFiles.length > 0
                    ? mergedPlanFiles
                    : fallbackPlanFile
                      ? [fallbackPlanFile]
                      : undefined,
                fileCount:
                  mergedPlanFiles.length > 0
                    ? mergedPlanFiles.length
                    : fallbackPlanFile
                      ? 1
                      : 0,
              },
            };
          }
        }
    
        // Only honor implementation plans when the structured payload explicitly
        // declares responseType="implementation_plan".
        if (structuredResponseType !== "implementation_plan") {
          if (message.plan) {
            const nextMessage = { ...message };
            delete nextMessage.plan;
            return nextMessage;
          }
          return message;
        }
    
        // Check for implementation plan in edits, parts, or message content
        const edits = message.edits || [];
        const parts = message.parts || [];
        const info = message.info || {};
    
        // 1. Gather text body and fallback plan-like content in message summary,
        // parts, or plain content.
        const partsContent = parts
          .filter((p: any) => this.isRenderableTextPart(p)) // ignore reasoning parts directly
          .map((p: any) => {
            let c = p.text || p.content || "";
            if (p.files && Array.isArray(p.files)) c += " " + p.files.join(" ");
            return c;
          })
          .join(" ");
    
        // 2. Check for explicit markdown filenames in edits/parts/text.
        const extractedPlanFiles = this.planManager.prioritizePlanFileCandidates([
          ...edits
            .map((e: any) => this.firstNonEmptyString(e?.file))
            .filter(
              (file: unknown): file is string =>
                !!file && this.planManager.isLikelyPlanMarkdownFile(file),
            ),
          ...parts
            .filter((p: any) => p.type === "patch" && Array.isArray(p.files))
            .flatMap((p: any) =>
              (p.files as unknown[])
                .map((f) => this.firstNonEmptyString(f))
                .filter(
                  (file: unknown): file is string =>
                    !!file && this.planManager.isLikelyPlanMarkdownFile(file),
                ),
            ),
          ...this.planManager.extractMarkdownFileReferences(message?.content),
          ...this.planManager.extractMarkdownFileReferences(info.summary?.title),
          ...this.planManager.extractMarkdownFileReferences(info.summary?.body),
          ...this.planManager.extractMarkdownFileReferences(partsContent),
        ]);
        const hasPlanFile = extractedPlanFiles.length > 0;
    
        const fullContent =
          (info.summary?.title || "") +
          " " +
          (info.summary?.body || "") +
          " " +
          (message.content || "") +
          " " +
          partsContent;
    
        // Broadened regex to catch more variations of "Implementation Plan"
        // Also check if the title itself strongly indicates a plan
        const basicPlanKeywordMatch =
          /implementation\s*plan/i.test(fullContent) ||
          /goal\s*description/i.test(fullContent) ||
          /proposed\s*changes/i.test(fullContent) ||
          /implementation_plan\.md/i.test(fullContent) ||
          (/(plan|roadmap)/i.test(info.summary?.title || "") &&
            /(implementation|feature)/i.test(info.summary?.title || ""));
    
        // Require structural markers to avoid false positives from short mentions
        const hasStructuralMarkers =
          /##\s|###\s|- \[ \]|Files:|Steps:|Goal:/i.test(fullContent) ||
          // Long content is likely a real plan even if markers are missing
          fullContent.length > 500;
    
        const hasPlanKeywords = basicPlanKeywordMatch && hasStructuralMarkers;
        const looksLikeClarificationQuestions =
          this.isClarificationQuestionnaire(fullContent);
    
        // If the content looks like a clarification questionnaire, never promote it
        // into an implementation plan. If a plan was already attached, strip it.
        if (looksLikeClarificationQuestions) {
          if (message.plan) {
            this.logger.debug("Plan suppressed", {
              source: "enrichMessageWithPlan",
              reason: "clarification-detected",
              responseType: structuredResponseType || "unknown",
              hasInteractiveEvents: !!hasInteractiveEvents,
              isClarification: true,
            });
            const nextMessage = { ...message };
            delete nextMessage.plan;
            return nextMessage;
          }
          return message;
        }
    
        if (hasPlanFile || hasPlanKeywords) {
          // Extract and clean the plan content using the PlanParser
          let rawContent = message.content || partsContent;
    
          // If the AI structured output placed the overarching title in the summary but not the text, inject it as the H1
          const summaryTitle = info.summary?.title;
          if (summaryTitle && !rawContent.includes(summaryTitle)) {
            rawContent = `# ${summaryTitle}\n\n${rawContent}`;
          }
    
          const parsed = PlanParser.parse(rawContent);
          const cleanPlanContent = PlanParser.toMarkdown(parsed);
          const existingStructured = this.asRecord(message.structuredOutput);
          const existingStructuredPlan = this.asRecord(existingStructured?.plan);
          const resolvedPlanTitle = this.planManager.resolvePlanTitle({
            plan: {
              title: this.firstNonEmptyString(
                existingStructuredPlan?.title,
                message?.plan?.title,
              ),
            },
            fallback: parsed.goal,
            planFile: extractedPlanFiles[0],
          });
          const fallbackPlanFile = extractedPlanFiles[0];
    
          // PERSISTENCE: Automatically save the cleaned plan to disk.
          // This ensures handleViewPlan can read it even if the SDK didn't write it.
          // We only persist if it actually looks like a valid plan (has a goal or files/steps).
          if (
            cleanPlanContent.length > 100 &&
            (parsed.goal || parsed.files.length > 0 || parsed.steps.length > 0)
          ) {
            if (!extractedPlanFiles[0]) {
              this.persistPlan(
                cleanPlanContent,
                fallbackPlanFile,
              ).catch((err) => {
                this.logger.error("Failed to auto-persist cleaned plan", {}, err as Error);
              });
            }
          }
    
          const nextMessage = {
            ...message,
            plan: {
              file: fallbackPlanFile,
              content: cleanPlanContent,
              title: resolvedPlanTitle,
              intro: this.firstNonEmptyString(existingStructuredPlan?.intro, parsed.description),
              summary: parsed.description,
              files:
                extractedPlanFiles.length > 0
                  ? extractedPlanFiles
                  : fallbackPlanFile
                    ? [fallbackPlanFile]
                    : undefined,
              fileCount:
                parsed.files.length ||
                extractedPlanFiles.length ||
                (fallbackPlanFile ? 1 : 0),
            },
          };
          const nextStructured: Record<string, unknown> = existingStructured
            ? { ...existingStructured }
            : {};
          nextStructured.responseType = "implementation_plan";
          nextStructured.plan = {
            ...(existingStructuredPlan || {}),
            file:
              fallbackPlanFile ??
              this.firstNonEmptyString(existingStructuredPlan?.file),
            files:
              extractedPlanFiles.length > 0
                ? extractedPlanFiles
                : fallbackPlanFile
                  ? [fallbackPlanFile]
                  : existingStructuredPlan?.files,
            content: cleanPlanContent,
            title: resolvedPlanTitle,
            intro: this.firstNonEmptyString(existingStructuredPlan?.intro, parsed.description),
            summary:
              parsed.description ||
              this.firstNonEmptyString(existingStructuredPlan?.summary),
          };
          nextMessage.structuredOutput = nextStructured;
          if (message?.structuredOutput?.responseType !== "implementation_plan") {
            const planIntro = this.firstNonEmptyString(
              nextStructured.message,
              this.asRecord(nextStructured.plan)?.intro,
              this.asRecord(nextStructured.plan)?.summary,
            );
            if (planIntro) {
              nextStructured.message = planIntro;
              nextMessage.content = planIntro;
              const parts = Array.isArray(nextMessage.parts)
                ? [...nextMessage.parts]
                : [];
              const textIndex = parts.findIndex(
                (part: any) => this.isRenderableTextPart(part),
              );
              if (textIndex >= 0) {
                parts[textIndex] = {
                  ...parts[textIndex],
                  type: "text",
                  text: planIntro,
                };
              } else {
                parts.push({ type: "text", text: planIntro });
              }
              nextMessage.parts = parts;
            }
          }
          return nextMessage;
        }
    
        return message;
      }
    }
    
    
    /* FILE: E:\Projects\vscode-opencode\src\providers\chat\PlanManager.ts */
    
    /**
     * PlanManager Module
     *
     * Handles plan file detection, persistence, viewing, and file candidate resolution.
     *
     * Extracted from ChatViewProvider.ts (~450 lines)
     */
    
    import * as vscode from "vscode";
    import * as path from "path";
    import * as fs from "fs/promises";
    import { LoggingCategories } from "../../utils/LoggingSchema";
    
    export class PlanManager {
      constructor(
        private logger: ReturnType<typeof import("../../utils/Logger").createLogger>,
        private firstNonEmptyString: (...values: unknown[]) => string | undefined,
        private workspaceState: vscode.Memento,
      ) { }
    
      /**
       * Check if text is a plan proceed message
       */
      isPlanProceedMessageText(value: unknown): boolean {
        if (!value) return false;
        const str = String(value).toLowerCase().trim();
        return str === "/plan:proceed" || str.startsWith("/plan:proceed ");
      }
    
      /**
       * Normalize plan proceed user message
       */
      normalizePlanProceedUserMessage(message: any): any {
        if (!message) return message;
    
        const text = this.firstNonEmptyString(message.text, message.content);
        if (!text) return message;
    
        if (!this.isPlanProceedMessageText(text)) {
          return message;
        }
    
        const normalized = { ...message };
    
        const parts = text.split(/\s+/, 2);
        const command = parts[0] || "";
        const rest = parts[1] || "";
    
        if (rest && command) {
          const trimmedRest = rest.trim();
          const quoteMatches = trimmedRest.match(/^["'](.+)["']$/);
          const commentText = quoteMatches ? quoteMatches[1] : trimmedRest;
    
          normalized.planProceedComment = {
            id: `pp_${Date.now()}_${Math.random().toString(36).substr(2, 9)}`,
            text: commentText,
            createdAt: Date.now(),
            anchor: {
              startLine: 0,
              endLine: 0,
              selectedText: commentText,
            },
          };
        }
    
        normalized.text = "/plan:proceed";
        if (normalized.content) {
          normalized.content = "/plan:proceed";
        }
    
        return normalized;
      }
    
      /**
       * Check if plan title is generic
       */
      isGenericPlanTitle(value: unknown): boolean {
        if (!value) return false;
        const str = String(value).toLowerCase().trim();
        const genericTitles = [
          "implementation plan",
          "plan",
          "project plan",
          "development plan",
          "the plan",
          "my plan",
        ];
        return genericTitles.includes(str);
      }
    
      /**
       * Derive plan title from file path
       */
      derivePlanTitleFromFilePath(filePath: unknown): string | undefined {
        const normalized = this.normalizePlanFileReference(filePath);
        if (!normalized) return undefined;
    
        const fileName = path.basename(normalized);
        const withoutExt = fileName.replace(/\.md$/i, "");
    
        const cleaned = withoutExt
          .replace(/^implementation[_-]?plan[_-]?/i, "")
          .replace(/^plan[_-]?/i, "")
          .replace(/[_-]plan$/i, "")
          .replace(/[_-]\d{8,}$/, "")
          .trim();
    
        if (!cleaned) return undefined;
    
        const title = cleaned
          .replace(/[-_]+/g, " ")
          .replace(/\b\w/g, (c) => c.toUpperCase())
          .trim();
    
        return title || undefined;
      }
    
      /**
       * Resolve plan title from various sources
       */
      resolvePlanTitle(options: {
        plan?: { title?: string; file?: string };
        planFile?: string;
        fallback?: string;
      }): string | undefined {
        if (options.plan?.title && !this.isGenericPlanTitle(options.plan.title)) {
          return options.plan.title;
        }
    
        if (options.planFile) {
          const derived = this.derivePlanTitleFromFilePath(options.planFile);
          if (derived) return derived;
        }
    
        if (options.plan?.file) {
          const derived = this.derivePlanTitleFromFilePath(options.plan.file);
          if (derived) return derived;
        }
    
        if (options.fallback && !this.isGenericPlanTitle(options.fallback)) {
          return options.fallback;
        }
    
        return undefined;
      }
    
      /**
       * Persist plan content to disk
       */
      async persistPlan(
        content: string,
        preferredPath?: string,
      ): Promise<string | undefined> {
        const flow = this.logger.startFeatureFlow('PersistPlan', {
          hasContent: !!content,
          contentLength: content.length,
          preferredPath,
        });
    
        try {
          const normalizedContent = this.firstNonEmptyString(content);
          if (!normalizedContent) {
            this.logger.endFeatureFlow(flow, { status: 'skipped', reason: 'No content' });
            return undefined;
          }
    
          this.logger.featureStep(flow, 'normalizing_paths');
          const normalizedPreferred = this.normalizePlanFileReference(preferredPath);
          const resolvedPreferred = normalizedPreferred
            ? this.resolvePlanFileCandidates(normalizedPreferred)[0] ||
            path.normalize(normalizedPreferred)
            : undefined;
          const resolvedPath = resolvedPreferred;
          if (!resolvedPath) {
            this.logger.endFeatureFlow(flow, { status: 'failed', reason: 'No valid path' });
            return undefined;
          }
    
          this.logger.featureStep(flow, 'creating_directory', { path: path.dirname(resolvedPath) });
          const normalizedPath = path.normalize(resolvedPath);
          await vscode.workspace.fs.createDirectory(
            vscode.Uri.file(path.dirname(normalizedPath)),
          );
    
          this.logger.featureStep(flow, 'writing_file', { path: normalizedPath });
          await vscode.workspace.fs.writeFile(
            vscode.Uri.file(normalizedPath),
            new TextEncoder().encode(normalizedContent),
          );
    
          this.logger.info("Auto-persisted plan", { path: normalizedPath });
          this.logger.endFeatureFlow(flow, { status: 'completed' });
          return normalizedPath;
        } catch (err) {
          this.logger.error(`Failed to persist plan: ${err instanceof Error ? err.message : String(err)}`, { path: preferredPath });
          this.logger.endFeatureFlow(flow, { status: 'failed' });
          return undefined;
        }
      }
    
      /**
       * Normalize plan file reference
       */
      private normalizePlanFileReference(file: unknown): string | undefined {
        const raw = this.firstNonEmptyString(file);
        if (!raw) {
          return undefined;
        }
    
        let value = raw.trim();
        if (!value) {
          return undefined;
        }
    
        if (value.startsWith("file://")) {
          try {
            const uri = vscode.Uri.parse(value);
            if (uri.scheme === "file" && uri.fsPath) {
              value = uri.fsPath;
            }
          } catch {
            // Keep string cleanup fallback below.
          }
        }
    
        // Strip common markdown wrappers around file paths.
        value = value
          .replace(/^`+|`+$/g, "")
          .replace(/^"+|"+$/g, "")
          .replace(/^'+|'+$/g, "")
          .replace(/^<+|>+$/g, "")
          .replace(/^\(+|\)+$/g, "")
          .trim();
    
        return value || undefined;
      }
    
      /**
       * Check if file is likely a plan markdown file
       */
      isLikelyPlanMarkdownFile(file: unknown): boolean {
        const normalized = this.normalizePlanFileReference(file);
        if (!normalized || !normalized.toLowerCase().endsWith(".md")) {
          return false;
        }
        const lower = normalized.replace(/\\/g, "/").toLowerCase();
        if (lower.includes("/node_modules/")) {
          return false;
        }
        if (
          /(^|\/)implementation_plan_comments_[^/]+\.md$/.test(lower) ||
          /(^|\/)[^/]+_comments\.md$/.test(lower)
        ) {
          return false;
        }
        const isPlanDirectoryPath =
          /(^|\/)\.?plans?\//.test(lower) || /(^|\/)planning\//.test(lower);
        return (
          isPlanDirectoryPath ||
          /(^|\/)implementation_plan(?:_[a-z0-9-]+)?\.md$/.test(lower) ||
          /(^|\/)plans?\//.test(lower) ||
          lower.includes("plan")
        );
      }
    
      /**
       * Get plan file candidate score
       */
      getPlanFileCandidateScore(filePath: string): number {
        const normalized = filePath.replace(/\\/g, "/").toLowerCase();
        let score = 0;
        const isPlanDirectoryPath =
          /(^|\/)\.?plans?\//.test(normalized) || /(^|\/)planning\//.test(normalized);
        if (isPlanDirectoryPath) {
          score += 60;
        }
    
        if (normalized.includes("plan")) {
          score += 50;
        }
    
        if (/(^|\/)implementation_plan\.md$/.test(normalized)) {
          score += 40;
        }
    
        if (/(^|\/)implementation_plan_[a-z0-9-]+\.md$/.test(normalized)) {
          score += 35;
        }
    
        if (/(^|\/)plans?\//.test(normalized)) {
          score += 30;
        }
    
        const depth = (normalized.match(/\//g) || []).length;
        score -= depth * 2;
    
        if (normalized.includes("/node_modules/")) {
          score -= 1000;
        }
    
        if (normalized.includes("/.git/")) {
          score -= 1000;
        }
    
        return Math.max(0, score);
      }
    
      /**
       * Prioritize plan file candidates
       */
      prioritizePlanFileCandidates(candidates: Array<unknown>, explicitFiles?: Set<string>): string[] {
        const normalizedCandidates = candidates
          .map((c) => this.normalizePlanFileReference(c))
          .filter((c): c is string => Boolean(c));
    
        const scored = normalizedCandidates.map((filePath) => ({
          filePath,
          score: this.getPlanFileCandidateScore(filePath),
          isExplicit: explicitFiles?.has(filePath),
        }));
    
        scored.sort((a, b) => {
          if (a.isExplicit && !b.isExplicit) return -1;
          if (!a.isExplicit && b.isExplicit) return 1;
          return b.score - a.score;
        });
    
        return scored.map((s) => s.filePath);
      }
    
      /**
       * Collect plan file candidates from structured plan
       */
      collectPlanFileCandidatesFromStructuredPlan(structured: any): string[] {
        const candidates: string[] = [];
    
        // DEBUG: Log input to trace file property
        this.logger.debug('collectPlanFileCandidatesFromStructuredPlan INPUT', {
          hasStructured: !!structured,
          type: typeof structured,
          keys: structured ? Object.keys(structured) : [],
          hasFile: structured && 'file' in structured,
          fileValue: structured?.file,
          hasFiles: structured && 'files' in structured,
          filesValue: structured?.files,
          fullObject: structured ? JSON.stringify(structured, null, 2) : 'undefined'
        });
    
        // structured is the plan object itself (with file, title, content, etc.)
        // not the parent structured output object
        if (structured?.file) {
          const normalized = this.normalizePlanFileReference(structured.file);
          if (normalized) {
            candidates.push(normalized);
          }
        }
    
        if (structured?.files && Array.isArray(structured.files)) {
          for (const file of structured.files) {
            const normalized = this.normalizePlanFileReference(file);
            if (normalized && !candidates.includes(normalized)) {
              candidates.push(normalized);
            }
          }
        }
    
        this.logger.debug('collectPlanFileCandidatesFromStructuredPlan OUTPUT', {
          candidatesCount: candidates.length,
          candidates: candidates,
          firstCandidate: candidates[0]
        });
    
        return candidates;
      }
    
      /**
       * Resolve plan file candidates
       */
      resolvePlanFileCandidates(planFile: string): string[] {
        const normalized = this.normalizePlanFileReference(planFile);
        if (!normalized) {
          return [];
        }
    
        const candidates: string[] = [];
    
        candidates.push(normalized);
    
        const workspaceFolder = vscode.workspace.workspaceFolders?.[0];
        if (workspaceFolder && workspaceFolder.uri.scheme === "file") {
          const workspacePath = workspaceFolder.uri.fsPath;
          const absolutePath = path.isAbsolute(normalized)
            ? normalized
            : path.join(workspacePath, normalized);
    
          if (absolutePath !== normalized) {
            candidates.push(absolutePath);
          }
    
          if (!normalized.endsWith(".md")) {
            candidates.push(`${normalized}.md`);
            candidates.push(`${absolutePath}.md`);
          }
        }
    
        return Array.from(new Set(candidates));
      }
    
      /**
       * Read plan file from disk
       */
      private async readPlanFileFromDisk(filePath: string): Promise<string | undefined> {
        try {
          const normalized = path.normalize(filePath);
          const content = await vscode.workspace.fs.readFile(
            vscode.Uri.file(normalized),
          );
          return Buffer.from(content).toString("utf-8");
        } catch {
          return undefined;
        }
      }
    
      /**
       * Extract markdown file references from text
       */
      extractMarkdownFileReferences(text: unknown): string[] {
        if (!text) return [];
        const str = String(text);
    
        const markdownLinkPattern = /\[([^\]]+)\]\(([^)]+\.md)\)/gi;
        const markdownLinkRefPattern = /^\[([^\]]+)\]:\s*(.+\.md)$/gmi;
        const codeBlockPattern = /```[\s\S]*?```/g;
        const inlineCodePattern = /`[^`]+`/g;
        const plainMdPattern = /\b[\w-]+\.md\b/gi;
    
        const cleaned = str
          .replace(codeBlockPattern, "")
          .replace(inlineCodePattern, "");
    
        const references = new Set<string>();
    
        let match;
        while ((match = markdownLinkPattern.exec(cleaned)) !== null) {
          const filePath = match[2];
          const normalized = this.normalizePlanFileReference(filePath);
          if (normalized) {
            references.add(normalized);
          }
        }
    
        while ((match = markdownLinkRefPattern.exec(str)) !== null) {
          const filePath = match[2];
          const normalized = this.normalizePlanFileReference(filePath);
          if (normalized) {
            references.add(normalized);
          }
        }
    
        while ((match = plainMdPattern.exec(cleaned)) !== null) {
          const filePath = match[0];
          const normalized = this.normalizePlanFileReference(filePath);
          if (normalized) {
            references.add(normalized);
          }
        }
    
        return Array.from(references);
      }
    
      /**
       * Discover likely plan file candidates
       */
      async discoverLikelyPlanFileCandidates(): Promise<string[]> {
        const flow = this.logger.startFeatureFlow('DiscoverPlanFiles', {});
    
        const workspaceFolder = vscode.workspace.workspaceFolders?.[0];
        if (!workspaceFolder || workspaceFolder.uri.scheme !== "file") {
          this.logger.endFeatureFlow(flow, { status: 'skipped', reason: 'No valid workspace folder' });
          return [];
        }
    
        const workspacePath = workspaceFolder.uri.fsPath;
        this.logger.featureStep(flow, 'workspace_valid', { workspacePath });
    
        try {
          this.logger.featureStep(flow, 'searching_for_plan_files');
          const startTime = Date.now();
          const planFiles = await vscode.workspace.findFiles(
            new vscode.RelativePattern(workspaceFolder, "**/*plan*.md"),
            "**/{node_modules,.git,dist,build}/**",
          );
          this.logger.featureStep(flow, 'files_found', {
            count: planFiles.length,
            duration: Date.now() - startTime,
          });
    
          const scored = planFiles
            .map((uri) => uri.fsPath)
            .filter((filePath) => this.isLikelyPlanMarkdownFile(filePath))
            .map((filePath) => ({
              filePath,
              score: this.getPlanFileCandidateScore(filePath),
            }))
            .filter((item) => item.score > 0)
            .sort((a, b) => b.score - a.score)
            .slice(0, 10)
            .map((item) => item.filePath);
    
          this.logger.info("Plan file discovery completed", {
            totalFound: planFiles.length,
            afterScoring: scored.length,
            topCandidates: scored.slice(0, 3),
          });
    
          this.logger.endFeatureFlow(flow, {
            status: 'completed',
            totalCandidates: scored.length,
            duration: Date.now() - startTime,
          });
          return scored;
        } catch (err) {
          this.logger.error("Plan file discovery failed", { workspacePath }, err as Error);
          this.logger.endFeatureFlow(flow, { status: 'failed', error: String(err) });
          return [];
        }
      }
    
      /**
       * Handle view plan command
       */
      async handleViewPlan(plan: {
        file?: string;
        content?: string;
        title?: string;
        summary?: string;
        files?: any[];
        fileCount?: number;
      }): Promise<void> {
        if (!plan) {
          return;
        }
    
        const normalizedPlanFile = this.normalizePlanFileReference(plan.file);
        const fileCandidates = normalizedPlanFile
          ? this.resolvePlanFileCandidates(normalizedPlanFile)
          : [];
    
        const explicitFiles = new Set<string>();
        if (normalizedPlanFile) {
          explicitFiles.add(normalizedPlanFile);
        }
        if (Array.isArray(plan.files)) {
          for (const file of plan.files) {
            const normalized = this.normalizePlanFileReference(file);
            if (normalized) {
              explicitFiles.add(normalized);
            }
          }
        }
    
        const prioritizedCandidates = this.prioritizePlanFileCandidates(fileCandidates, explicitFiles);
        if (!normalizedPlanFile) {
          prioritizedCandidates.push(
            ...(await this.discoverLikelyPlanFileCandidates()),
          );
        }
    
        let resolvedFile: string | undefined;
        let planData: string | undefined;
    
        for (const candidate of prioritizedCandidates) {
          planData = await this.readPlanFileFromDisk(candidate);
          if (planData) {
            resolvedFile = candidate;
            break;
          }
        }
    
        if (!planData && prioritizedCandidates.length > 0) {
          void vscode.window.showErrorMessage(
            `Could not read plan file: ${normalizedPlanFile ?? prioritizedCandidates[0]}`,
          );
          return;
        }
    
        if (
          !planData &&
          prioritizedCandidates.length === 0 &&
          plan.content &&
          typeof plan.content === "string"
        ) {
          planData = plan.content;
        }
    
        if (!planData) {
          this.logger.warn("No plan content available to view", {
            planFile: normalizedPlanFile,
            candidates: prioritizedCandidates.slice(0, 5),
          });
          return;
        }
    
        const planTitle = this.resolvePlanTitle({
          plan,
          planFile: resolvedFile,
        });
    
        // Use VSCode command to show plan in PlanViewProvider panel
        await vscode.commands.executeCommand("opencode.showPlan", {
          content: planData,
          title: planTitle,
          sourceFile: resolvedFile,
        });
      }
    }
    
    
    /* FILE: E:\Projects\vscode-opencode\src\providers\chat\SubagentPersistence.ts */
    
    /**
     * SubagentPersistence Module
     *
     * Handles persisting/loading subagent snapshots and building payloads from messages.
     *
     * Extracted from ChatViewProvider.ts (~250 lines)
     */
    
    import * as vscode from "vscode";
    import type { SubagentTracker } from "../../services/SubagentTracker";
    import type { SubagentUpdatePayload } from "../../services/SubagentTracker";
    
    export class SubagentPersistence {
      private static readonly SUBAGENT_SNAPSHOT_PREFIX =
        "opencode.session.subagents.";
    
      constructor(
        private workspaceState: vscode.Memento,
        private subagentTracker: SubagentTracker,
        private logger: ReturnType<typeof import("../../utils/Logger").createLogger>,
        private asRecord: (value: unknown) => Record<string, unknown> | undefined,
        private firstNonEmptyString: (...values: unknown[]) => string | undefined,
        private normalizeSubagentStatus: (status: unknown) => string,
        private mergeSubagentEntries: (existing: any[], updates: any[]) => any[],
        private hydrateSubagentsFromPayload: (
          parentMessageId: string,
          payload: SubagentUpdatePayload,
          sessionId: string,
        ) => any[],
        private resolveSubagentPayloadSessionId: (payload: {
          summariesByParentMessageId?: Record<string, unknown>;
          sessionId?: string;
          childSessionId?: string;
        }) => string | undefined,
      ) { }
    
      /**
       * Get storage key for subagent snapshot
       */
      getSubagentSnapshotStorageKey(sessionId: string): string {
        return `${SubagentPersistence.SUBAGENT_SNAPSHOT_PREFIX}${sessionId}`;
      }
    
      /**
       * Normalize subagent payload
       */
      normalizeSubagentPayload(
        payload: unknown,
      ): SubagentUpdatePayload {
        const rec = this.asRecord(payload) || {};
        const summariesByParentMessageId =
          this.asRecord(rec.summariesByParentMessageId) || {};
        const detailsById = this.asRecord(rec.detailsById) || {};
        return {
          summariesByParentMessageId:
            summariesByParentMessageId as SubagentUpdatePayload["summariesByParentMessageId"],
          detailsById: detailsById as SubagentUpdatePayload["detailsById"],
        };
      }
    
      /**
       * Merge subagent payloads
       */
      mergeSubagentPayloads(
        existing: SubagentUpdatePayload,
        incoming: SubagentUpdatePayload,
      ): SubagentUpdatePayload {
        const mergedSummaries: Record<string, unknown[]> = {};
        const existingSummaries =
          this.asRecord(existing.summariesByParentMessageId) || {};
        const incomingSummaries =
          this.asRecord(incoming.summariesByParentMessageId) || {};
        const parentMessageIds = new Set<string>([
          ...Object.keys(existingSummaries),
          ...Object.keys(incomingSummaries),
        ]);
        for (const parentMessageId of Array.from(parentMessageIds)) {
          const merged = this.mergeSubagentEntries(
            Array.isArray(existingSummaries[parentMessageId]) ? existingSummaries[parentMessageId] as any[] : [],
            Array.isArray(incomingSummaries[parentMessageId])
              ? (incomingSummaries[parentMessageId] as Array<Record<string, unknown>>)
              : [],
          );
          if (merged.length > 0) {
            mergedSummaries[parentMessageId] = merged;
          }
        }
    
        const mergedDetails: Record<string, unknown> = {};
        const existingDetails = this.asRecord(existing.detailsById) || {};
        const incomingDetails = this.asRecord(incoming.detailsById) || {};
        const detailIds = new Set<string>([
          ...Object.keys(existingDetails),
          ...Object.keys(incomingDetails),
        ]);
        for (const detailId of Array.from(detailIds)) {
          const prev = this.asRecord(existingDetails[detailId]) || {};
          const next = this.asRecord(incomingDetails[detailId]) || {};
          mergedDetails[detailId] = {
            ...prev,
            ...next,
            id: this.firstNonEmptyString(next.id, prev.id, detailId) || detailId,
          };
        }
    
        return {
          summariesByParentMessageId:
            mergedSummaries as SubagentUpdatePayload["summariesByParentMessageId"],
          detailsById: mergedDetails as SubagentUpdatePayload["detailsById"],
        };
      }
    
      /**
       * Load persisted subagent snapshot
       */
      async loadPersistedSubagentSnapshot(
        sessionId: string,
      ): Promise<SubagentUpdatePayload | null> {
        const raw = this.workspaceState.get<unknown>(
          this.getSubagentSnapshotStorageKey(sessionId),
        );
        if (!raw) {
          return null;
        }
        const normalized = this.normalizeSubagentPayload(raw);
        const hasEntries =
          Object.keys(normalized.summariesByParentMessageId || {}).length > 0 ||
          Object.keys(normalized.detailsById || {}).length > 0;
        return hasEntries ? normalized : null;
      }
    
      /**
       * Save persisted subagent snapshot
       */
      async savePersistedSubagentSnapshot(
        sessionId: string,
        payload: SubagentUpdatePayload,
      ): Promise<void> {
        await this.workspaceState.update(
          this.getSubagentSnapshotStorageKey(sessionId),
          payload,
        );
      }
    
      /**
       * Clear persisted subagent snapshot
       */
      async clearPersistedSubagentSnapshot(
        sessionId: string,
      ): Promise<void> {
        await this.workspaceState.update(
          this.getSubagentSnapshotStorageKey(sessionId),
          undefined,
        );
      }
    
      /**
       * Persist subagent live state
       */
      async persistSubagentLiveState(
        sessionId: string,
        payload: SubagentUpdatePayload,
      ): Promise<SubagentUpdatePayload> {
        const existing = await this.loadPersistedSubagentSnapshot(sessionId);
        const merged = existing
          ? this.mergeSubagentPayloads(existing, payload)
          : payload;
        await this.savePersistedSubagentSnapshot(sessionId, merged);
        return merged;
      }
    
      /**
       * Build subagent payload from message
       */
      buildSubagentPayloadFromMessage(
        messageRaw: unknown,
        fallbackSessionId: string,
      ): SubagentUpdatePayload | null {
        const message = this.asRecord(messageRaw);
        if (!message) {
          return null;
        }
        const info = this.asRecord(message.info);
        const messageId = this.firstNonEmptyString(
          info?.id,
          message.id,
          message.messageID,
        );
        const subagentsRaw = Array.isArray(message.subagents)
          ? message.subagents
          : [];
        if (!messageId || subagentsRaw.length === 0) {
          return null;
        }
    
        const summaries: Array<Record<string, unknown>> = [];
        const detailsById: Record<string, unknown> = {};
    
        for (const subagentRaw of subagentsRaw) {
          const subagent = this.asRecord(subagentRaw);
          if (!subagent) {
            continue;
          }
          const id = this.firstNonEmptyString(subagent.id);
          if (!id) {
            continue;
          }
          const parentSessionId = this.firstNonEmptyString(
            subagent.parentSessionId,
            fallbackSessionId,
          );
          const parentMessageId = this.firstNonEmptyString(
            subagent.parentMessageId,
            messageId,
          );
          if (!parentSessionId || !parentMessageId) {
            continue;
          }
    
          const normalized: Record<string, unknown> = {
            ...subagent,
            id,
            parentSessionId,
            parentMessageId,
            status: this.normalizeSubagentStatus(subagent.status),
            latestActivity:
              this.firstNonEmptyString(
                subagent.latestActivity,
                subagent.description,
              ) || "Subagent update",
          };
          if (!Array.isArray(normalized.references)) {
            normalized.references = [];
          }
          if (!Array.isArray(normalized.progressEvents)) {
            normalized.progressEvents = [];
          }
          if (!Array.isArray(normalized.thinkingEvents)) {
            normalized.thinkingEvents = [];
          }
          if (!Array.isArray(normalized.timelineEvents)) {
            normalized.timelineEvents = [];
          }
    
          summaries.push({
            id,
            parentSessionId,
            parentMessageId,
            childSessionId: normalized.childSessionId,
            agentId: normalized.agentId,
            providerID: normalized.providerID,
            modelID: normalized.modelID,
            startedAt: normalized.startedAt,
            endedAt: normalized.endedAt,
            durationMs: normalized.durationMs,
            status: normalized.status,
            latestActivity: normalized.latestActivity,
            references: normalized.references,
          });
          detailsById[id] = normalized;
        }
    
        if (summaries.length === 0) {
          return null;
        }
    
        return {
          summariesByParentMessageId: {
            [messageId]: summaries as SubagentUpdatePayload["summariesByParentMessageId"][string],
          } as SubagentUpdatePayload["summariesByParentMessageId"],
          detailsById: detailsById as SubagentUpdatePayload["detailsById"],
        };
      }
    
      /**
       * Persist subagent update snapshot
       */
      async persistSubagentUpdateSnapshot(
        payload: {
          summariesByParentMessageId?: Record<string, unknown>;
          detailsById?: Record<string, unknown>;
        },
        currentSessionId: string | undefined,
        sessionService: any,
        postMessage: (msg: any) => void,
      ): Promise<void> {
        const summariesMap = this.asRecord(payload.summariesByParentMessageId) || {};
        const parentMessageIds = Object.keys(summariesMap).filter(Boolean);
        if (parentMessageIds.length === 0) {
          return;
        }
    
        const sessionId =
          this.resolveSubagentPayloadSessionId(payload) || currentSessionId;
        if (!sessionId) {
          return;
        }
    
        const normalizedPayload = this.normalizeSubagentPayload(payload);
        await this.persistSubagentLiveState(sessionId, normalizedPayload);
    
        const cachedMessages = await sessionService.loadSessionMessages(
          sessionId,
        );
        if (!Array.isArray(cachedMessages) || cachedMessages.length === 0) {
          return;
        }
    
        let hasChanges = false;
        const nextMessages = cachedMessages.map((rawMessage: any) => {
          const message = this.asRecord(rawMessage);
          if (!message) {
            return rawMessage;
          }
    
          const info = this.asRecord(message.info);
          const messageId = this.firstNonEmptyString(
            info?.id,
            message.id,
            message.messageID,
          );
          if (!messageId || !parentMessageIds.includes(messageId)) {
            return rawMessage;
          }
    
          const incomingSubagents = this.hydrateSubagentsFromPayload(
            messageId,
            normalizedPayload,
            sessionId,
          );
          if (incomingSubagents.length === 0) {
            return rawMessage;
          }
    
          const mergedSubagents = this.mergeSubagentEntries(
            Array.isArray(message.subagents) ? message.subagents as any[] : [],
            incomingSubagents,
          );
          const nextMessage: Record<string, unknown> = {
            ...message,
            subagents: mergedSubagents,
          };
          hasChanges = true;
          return nextMessage;
        });
    
        if (!hasChanges) {
          return;
        }
    
        await sessionService.saveSessionMessages(sessionId, nextMessages);
      }
    
      /**
       * Sync subagent snapshot for session
       */
      async syncSubagentSnapshotForSession(
        sessionId: string,
        messages: any[],
      ): Promise<SubagentUpdatePayload> {
        this.subagentTracker.resetForSession(sessionId);
        this.subagentTracker.seedFromMessages(messages);
        const trackerSnapshot = this.subagentTracker.getSnapshotPayload();
        const persistedSnapshot =
          await this.loadPersistedSubagentSnapshot(sessionId);
        const mergedSnapshot = persistedSnapshot
          ? this.mergeSubagentPayloads(persistedSnapshot, trackerSnapshot)
          : trackerSnapshot;
        // Note: postMessage callback will be set by the shell
        // this.view?.webview.postMessage({
        //   type: "subagentSnapshot",
        //   ...mergedSnapshot,
        // });
        await this.savePersistedSubagentSnapshot(sessionId, mergedSnapshot);
        return mergedSnapshot;
      }
    }
    
    
    /* FILE: E:\Projects\vscode-opencode\src\providers\chat\CompactionManager.ts */
    
    /**
     * CompactionManager Module
     *
     * Handles context compaction lifecycle, persistence, and UI state management.
     *
     * Extracted from ChatViewProvider.ts (~300 lines)
     */
    
    import * as vscode from "vscode";
    import type { OpencodeServerManager } from "../../services/OpencodeServerManager";
    import type { CompactionBaselineStats, PersistedCompactionViewState } from "./types";
    
    export class CompactionManager {
      private static readonly COMPACTION_VIEW_STATE_PREFIX =
        "opencode.session.compaction-view.";
    
      private compactingSessions = new Set<string>();
    
      constructor(
        private workspaceState: vscode.Memento,
        private serverManager: OpencodeServerManager,
        private logger: ReturnType<typeof import("../../utils/Logger").createLogger>,
        private asRecord: (value: unknown) => Record<string, unknown> | undefined,
        private firstNonEmptyString: (...values: unknown[]) => string | undefined,
        private processHistoryMessages: (messages: any[], sessionId: string) => Promise<any[]>,
      ) {
        // postMessage callback will be set by shell
        this.postMessage = () => { };
      }
    
      private postMessage: (msg: any) => void;
    
      setPostMessage(fn: (msg: any) => void): void {
        this.postMessage = fn;
      }
    
      /**
       * Get storage key for compaction view state
       */
      getCompactionViewStateStorageKey(sessionId: string): string {
        return `${CompactionManager.COMPACTION_VIEW_STATE_PREFIX}${sessionId}`;
      }
    
      /**
       * Normalize compaction baseline stats
       */
      normalizeCompactionBaselineStats(
        value: unknown,
      ): CompactionBaselineStats | undefined {
        const rec = this.asRecord(value);
        if (!rec) {
          return undefined;
        }
    
        const normalize = (raw: unknown): number | undefined =>
          typeof raw === "number" && Number.isFinite(raw) && raw >= 0
            ? Math.floor(raw)
            : undefined;
    
        const input = normalize(rec.input);
        const output = normalize(rec.output);
        const read = normalize(rec.read);
        const write = normalize(rec.write);
        const duration = normalize(rec.duration);
    
        if (
          input === undefined &&
          output === undefined &&
          read === undefined &&
          write === undefined &&
          duration === undefined
        ) {
          return undefined;
        }
    
        return {
          input: input ?? 0,
          output: output ?? 0,
          read: read ?? 0,
          write: write ?? 0,
          duration: duration ?? 0,
        };
      }
    
      /**
       * Normalize compaction view state
       */
      normalizeCompactionViewState(
        value: unknown,
      ): PersistedCompactionViewState | null {
        const rec = this.asRecord(value);
        if (!rec) {
          return null;
        }
    
        const next: PersistedCompactionViewState = {};
        if (
          typeof rec.lastCompactedAt === "number" &&
          Number.isFinite(rec.lastCompactedAt) &&
          rec.lastCompactedAt > 0
        ) {
          next.lastCompactedAt = Math.floor(rec.lastCompactedAt);
        }
        const baselineStats = this.normalizeCompactionBaselineStats(
          rec.baselineStats,
        );
        if (baselineStats) {
          next.baselineStats = baselineStats;
        }
        if (
          typeof rec.compactionDividerIndex === "number" &&
          Number.isFinite(rec.compactionDividerIndex) &&
          rec.compactionDividerIndex >= 0
        ) {
          next.compactionDividerIndex = Math.floor(rec.compactionDividerIndex);
        }
        const dividerBeforeMessageId = this.firstNonEmptyString(
          rec.compactionDividerBeforeMessageId,
        );
        if (dividerBeforeMessageId) {
          next.compactionDividerBeforeMessageId = dividerBeforeMessageId;
        }
        const dividerAfterMessageId = this.firstNonEmptyString(
          rec.compactionDividerAfterMessageId,
        );
        if (dividerAfterMessageId) {
          next.compactionDividerAfterMessageId = dividerAfterMessageId;
        }
        if (typeof rec.collapsed === "boolean") {
          next.collapsed = rec.collapsed;
        }
    
        return Object.keys(next).length > 0 ? next : null;
      }
    
      /**
       * Load persisted compaction view state
       */
      async loadPersistedCompactionViewState(
        sessionId: string,
      ): Promise<PersistedCompactionViewState | null> {
        const raw = this.workspaceState.get<unknown>(
          this.getCompactionViewStateStorageKey(sessionId),
        );
        return this.normalizeCompactionViewState(raw);
      }
    
      /**
       * Save persisted compaction view state
       */
      async savePersistedCompactionViewState(
        sessionId: string,
        state: PersistedCompactionViewState,
      ): Promise<void> {
        await this.workspaceState.update(
          this.getCompactionViewStateStorageKey(sessionId),
          state,
        );
      }
    
      /**
       * Clear persisted compaction view state
       */
      async clearPersistedCompactionViewState(
        sessionId: string,
      ): Promise<void> {
        await this.workspaceState.update(
          this.getCompactionViewStateStorageKey(sessionId),
          undefined,
        );
      }
    
      /**
       * Post compaction view state to webview
       */
      postCompactionViewState(
        sessionId: string,
        state: PersistedCompactionViewState,
      ): void {
        this.postMessage({
          type: "compactionViewState",
          sessionId,
          ...state,
        });
      }
    
      /**
       * Send persisted compaction view state to webview
       */
      async sendPersistedCompactionViewState(
        sessionId: string,
      ): Promise<void> {
        const state = await this.loadPersistedCompactionViewState(sessionId);
        if (!state) {
          return;
        }
        this.postCompactionViewState(sessionId, state);
      }
    
      /**
       * Resolve session compaction divider state
       */
      async resolveSessionCompactionDividerState(
        sessionId: string,
        sessionService: any,
      ): Promise<{
        compactionDividerIndex?: number;
        compactionDividerBeforeMessageId?: string;
        compactionDividerAfterMessageId?: string;
      }> {
        try {
          const rawMessages = await sessionService.getMessages(sessionId);
          const messages = Array.isArray(rawMessages)
            ? await this.processHistoryMessages(rawMessages, sessionId)
            : [];
    
          const state = await this.loadPersistedCompactionViewState(sessionId);
          if (!state) {
            return {};
          }
    
          const dividerIndex = state.compactionDividerIndex;
          if (dividerIndex === undefined || dividerIndex < 0 || dividerIndex >= messages.length) {
            return {};
          }
    
          const beforeMessage = messages[dividerIndex];
          const afterMessage = messages[dividerIndex + 1];
    
          return {
            compactionDividerIndex: dividerIndex,
            compactionDividerBeforeMessageId: this.firstNonEmptyString(
              beforeMessage?.id,
              beforeMessage?.messageId,
            ),
            compactionDividerAfterMessageId: this.firstNonEmptyString(
              afterMessage?.id,
              afterMessage?.messageId,
            ),
          };
        } catch {
          return {};
        }
      }
    
      /**
       * Post compaction status
       */
      postCompactionStatus(payload: {
        sessionId: string;
        status: string;
        error?: string;
        compacted?: boolean;
        baselineStats?: CompactionBaselineStats;
        compactionDividerBeforeMessageId?: string;
        compactionDividerAfterMessageId?: string;
      }): void {
        this.postMessage({
          type: "compactionStatus",
          ...payload,
        });
      }
    
      /**
       * Persist and publish compaction view state
       */
      async persistAndPublishCompactionViewState(
        sessionId: string,
        state: PersistedCompactionViewState,
      ): Promise<void> {
        await this.savePersistedCompactionViewState(sessionId, state);
        this.postCompactionViewState(sessionId, state);
      }
    
      /**
       * Handle set compaction view state
       */
      async handleSetCompactionViewState(message: {
        sessionId: string;
        collapsed?: boolean;
        compactionDividerIndex?: number;
        compactionDividerBeforeMessageId?: string;
        compactionDividerAfterMessageId?: string;
      }): Promise<void> {
        const { sessionId, collapsed } = message;
        const state = await this.loadPersistedCompactionViewState(sessionId);
        if (!state) {
          return;
        }
        state.collapsed = collapsed;
        if (
          typeof message.compactionDividerIndex === "number" &&
          Number.isFinite(message.compactionDividerIndex) &&
          message.compactionDividerIndex >= 0
        ) {
          state.compactionDividerIndex = Math.floor(message.compactionDividerIndex);
        }
        const dividerBefore = this.firstNonEmptyString(
          message.compactionDividerBeforeMessageId,
        );
        if (dividerBefore) {
          state.compactionDividerBeforeMessageId = dividerBefore;
        }
        const dividerAfter = this.firstNonEmptyString(
          message.compactionDividerAfterMessageId,
        );
        if (dividerAfter) {
          state.compactionDividerAfterMessageId = dividerAfter;
        }
        await this.persistAndPublishCompactionViewState(sessionId, state);
      }
    
      /**
       * Resolve compaction session ID
       */
      async resolveCompactionSessionId(message: {
        sessionId?: string;
        compactSession?: string;
      }): Promise<string | undefined> {
        if (message.sessionId) {
          return message.sessionId;
        }
        if (message.compactSession) {
          return message.compactSession;
        }
        return undefined;
      }
    
      /**
       * Get selected model context limit
       */
      getSelectedModelContextLimit(): number | undefined {
        // This will be provided by the shell via callback
        return undefined;
      }
    
      /**
       * Maybe auto compact session
       */
      async maybeAutoCompact(
        sessionId: string,
        responseData: any,
        sessionService: any,
      ): Promise<void> {
        if (!responseData?.usage) {
          return;
        }
    
        const contextLimit = this.getSelectedModelContextLimit();
        if (!contextLimit) {
          return;
        }
    
        const totalTokens = (responseData.usage.inputTokens || 0) +
          (responseData.usage.totalTokens || 0) +
          (responseData.usage.prompt_tokens || 0);
    
        const threshold = Math.floor(contextLimit * 0.8);
        if (totalTokens < threshold) {
          return;
        }
    
        if (this.compactingSessions.has(sessionId)) {
          return;
        }
    
        this.logger.info("Auto-compaction threshold reached", {
          sessionId,
          totalTokens,
          threshold,
          contextLimit,
        });
    
        await this.handleCompactSession(
          sessionId,
          { auto: true, threshold: totalTokens },
          sessionService,
        );
      }
    
      /**
       * Handle compact session
       */
      async handleCompactSession(
        sessionId: string,
        options: { auto?: boolean; threshold?: number },
        sessionService: any,
      ): Promise<void> {
        if (this.compactingSessions.has(sessionId)) {
          this.logger.warn("Compaction already in progress", { sessionId });
          return;
        }
    
        this.compactingSessions.add(sessionId);
    
        try {
          const dividerState = await this.resolveSessionCompactionDividerState(
            sessionId,
            sessionService,
          );
    
          this.postCompactionStatus({
            sessionId,
            status: "running",
          });
    
          const response = await this.serverManager.compactSession(sessionId);
    
          if (!response?.data) {
            throw new Error("No data in compaction response");
          }
    
          const baselineStats = this.normalizeCompactionBaselineStats(
            (response.data as Record<string, unknown>)?.baselineStats,
          );
    
          const state: PersistedCompactionViewState = {
            lastCompactedAt: Date.now(),
            baselineStats,
            collapsed: false,
            compactionDividerIndex: dividerState.compactionDividerIndex,
            compactionDividerBeforeMessageId:
              dividerState.compactionDividerBeforeMessageId,
            compactionDividerAfterMessageId:
              dividerState.compactionDividerAfterMessageId,
          };
    
          await this.persistAndPublishCompactionViewState(sessionId, state);
    
          this.postCompactionStatus({
            sessionId,
            status: "done",
            compacted: true,
            baselineStats,
            compactionDividerBeforeMessageId:
              dividerState.compactionDividerBeforeMessageId,
            compactionDividerAfterMessageId:
              dividerState.compactionDividerAfterMessageId,
          });
    
          this.logger.info("Session compacted successfully", {
            sessionId,
            auto: options.auto,
            baselineStats,
          });
        } catch (error) {
          const errorMessage = error instanceof Error ? error.message : String(error);
          this.logger.error("Session compaction failed", {
            sessionId,
            error: errorMessage,
          });
    
          this.postCompactionStatus({
            sessionId,
            status: "error",
            error: errorMessage,
          });
        } finally {
          this.compactingSessions.delete(sessionId);
        }
      }
    
      /**
       * Forward compaction status from stream event
       */
      forwardCompactionStatusFromStreamEvent(event: unknown): void {
        const rec = this.asRecord(event);
        if (!rec) return;
    
        const sessionId = this.firstNonEmptyString(
          rec.sessionId,
          rec.sessionID,
        );
        if (!sessionId) return;
    
        const status = this.firstNonEmptyString(rec.status);
        const normalizedStatus = status === "completed" ? "done" : status;
        const compacted = rec.compacted === true;
        const error = this.firstNonEmptyString(rec.error);
        const baselineStats = this.normalizeCompactionBaselineStats(rec.baselineStats);
        const compactionDividerBeforeMessageId = this.firstNonEmptyString(
          rec.compactionDividerBeforeMessageId,
        );
        const compactionDividerAfterMessageId = this.firstNonEmptyString(
          rec.compactionDividerAfterMessageId,
        );
    
        if (
          !normalizedStatus &&
          !compacted &&
          !error &&
          !baselineStats &&
          !compactionDividerBeforeMessageId &&
          !compactionDividerAfterMessageId
        ) {
          return;
        }
    
        this.postCompactionStatus({
          sessionId,
          status: normalizedStatus || "unknown",
          compacted,
          error,
          baselineStats,
          compactionDividerBeforeMessageId,
          compactionDividerAfterMessageId,
        });
      }
    }
    
    
    /* FILE: E:\Projects\vscode-opencode\src\providers\chat\DiagnosticsLogger.ts */
    
    /**
     * DiagnosticsLogger Module
     *
     * Handles all debug logging, render-parity tracing, debug file I/O,
     * and AI diagnostic snapshots.
     *
     * Extracted from ChatViewProvider.ts lines 4586-5090
     */
    
    import * as vscode from "vscode";
    import * as path from "path";
    import * as fs from "fs/promises";
    import * as os from "os";
    import { createLogger } from "../../utils/Logger";
    
    export class DiagnosticsLogger {
      private renderParityLogWriteChain: Promise<void> = Promise.resolve();
      private renderParityDebugFilePath?: string;
      private didLogRenderParityFilePath = false;
      private readonly promptDebugBySession = new Map<string, Record<string, unknown>>();
    
      constructor(
        private logger: ReturnType<typeof createLogger>,
        private asRecord: (value: unknown) => Record<string, unknown> | undefined,
        private firstNonEmptyString: (...values: unknown[]) => string | undefined,
        private extractMessageBodyText: (message: any) => string,
        private historyMessageCreatedAt: (message: any) => number | undefined,
        private extractHistoryMessageId: (message: any) => string | undefined,
        private isRenderableHistoryMessage: (message: any) => boolean,
        private historyMessageFingerprint: (message: any) => string | undefined,
      ) { }
    
      /**
       * Log diagnostics for stream events
       */
      logStreamEventDiagnostics(event: any, enrichedEvent?: any): void {
        const eventType = typeof event?.type === "string" ? event.type : "unknown";
        const properties = this.asRecord(event?.properties) || {};
        const part = this.asRecord(properties?.part);
        const info = this.asRecord(properties?.info);
    
        const sessionID =
          this.firstNonEmptyString(
            properties?.sessionID,
            properties?.sessionId,
            part?.sessionID,
            part?.sessionId,
            info?.sessionID,
            info?.sessionId,
          ) || undefined;
        const messageID =
          this.firstNonEmptyString(
            properties?.messageID,
            properties?.messageId,
            part?.messageID,
            part?.messageId,
            info?.id,
          ) || undefined;
    
        const structured = this.asRecord(enrichedEvent?.structured);
        const structuredOutput = this.asRecord(enrichedEvent?.structuredOutput);
        const partPreview =
          this.firstNonEmptyString(
            part?.delta,
            part?.text,
            part?.content,
            part?.reasoning,
            part?.thought,
            part?.thinking,
          ) || undefined;
        const eventPreview =
          this.firstNonEmptyString(
            event?.delta,
            event?.text,
            event?.content,
            event?.reasoning,
          ) || undefined;
        const preview = partPreview || eventPreview;
        const summary: Record<string, unknown> = {
          type: eventType,
          source: this.firstNonEmptyString(event?.source),
          directory: this.firstNonEmptyString(event?.directory),
          sessionID,
          messageID,
          partType: this.firstNonEmptyString(part?.type),
          hasProperties: Object.keys(properties).length > 0,
          structuredKind: this.firstNonEmptyString(structured?.kind),
          structuredResponseType: this.firstNonEmptyString(
            structuredOutput?.responseType,
          ),
          hasStructuredOutput: Boolean(structuredOutput),
          preview: preview ? preview.slice(0, 180) : undefined,
          previewLength: preview?.length,
        };
    
        if (eventType === "server.heartbeat") {
          if (this.shouldVerboseStreamDebug()) {
            this.logger.debug("Stream heartbeat", summary);
          }
          return;
        }
    
        const shouldLogInfo =
          eventType === "message.updated" ||
          eventType === "message.completed" ||
          eventType === "session.completed";
        // Removed render-parity.ndjson file writing to prevent tool call creation
        // const shouldPersistFile =
        //   shouldLogInfo ||
        //   eventType === "message.part.updated" ||
        //   eventType === "message.part.added" ||
        //   eventType === "message.part.created";
        // if (shouldPersistFile) {
        //   this.appendRenderParityDebugLog("stream", summary);
        // }
        if (this.shouldVerboseStreamDebug()) {
          this.logger.debug("Stream event received", summary);
          return;
        }
        if (shouldLogInfo) {
          this.logger.info("Render parity stream snapshot", summary);
        }
      }
    
      /**
       * Summarize a render message for debugging
       */
      summarizeRenderMessageForDebug(
        message: any,
        index: number,
      ): Record<string, unknown> {
        const info = this.asRecord(message?.info);
        const structured = this.asRecord(
          message?.structuredOutput ??
          message?.structured_output ??
          info?.structuredOutput ??
          info?.structured,
        );
        const content =
          this.firstNonEmptyString(
            message?.content,
            message?.text,
            this.extractMessageBodyText(message),
          ) || "";
        const createdAt = this.historyMessageCreatedAt(message);
        const id = this.extractHistoryMessageId(message);
        const responseType = this.firstNonEmptyString(
          structured?.responseType,
        )?.toLowerCase();
    
        // Create a compact, debug-friendly summary
        const role =
          this.firstNonEmptyString(message?.role, info?.role) || "unknown";
        const partCount = Array.isArray(message?.parts) ? message.parts.length : 0;
        const interactiveCount = Array.isArray(message?.interactiveEvents)
          ? message.interactiveEvents.length
          : 0;
    
        // Build a compact type string showing message type
        let typeStr = role;
        if (responseType && responseType !== 'message') {
          typeStr += `/${responseType}`;
        }
        if (interactiveCount > 0) {
          typeStr += ` [+${interactiveCount} interactive]`;
        } else if (partCount > 0) {
          typeStr += ` [+${partCount} parts]`;
        }
    
        return {
          i: index, // Compact: index
          id: id ? id.slice(-8) : 'no-id', // Compact: last 8 chars of ID
          type: typeStr, // Compact: role + type info combined
          len: content.length, // Compact: content length
          renderable: this.isRenderableHistoryMessage(message) ? '✓' : '✗', // Compact: checkmark
          preview: content ? content.slice(0, 80) + (content.length > 80 ? '...' : '') : '', // Compact: shorter preview
        };
      }
    
      /**
       * Get a compact one-line string representation for quick log scanning
       */
      summarizeRenderMessageCompact(message: any, index: number): string {
        const summary = this.summarizeRenderMessageForDebug(message, index);
        const { i, id, type, len, renderable, preview } = summary as any;
        const previewStr = preview ? `"${preview}"` : '';
        return `[${i}] ${id} ${type} ${len} chars ${renderable} ${previewStr}`.trim();
      }
    
      /**
       * Log history render diagnostics
       */
      logHistoryRenderDiagnostics(
        source: string,
        sessionId: string | undefined,
        rawMessages: any[],
        processedMessages: any[],
      ): void {
        const rawTail = rawMessages.slice(-20);
        const processedTail = processedMessages.slice(-20);
        const rawSummary = rawTail.map((message, index) =>
          this.summarizeRenderMessageForDebug(
            message,
            rawMessages.length - rawTail.length + index,
          ),
        );
        const processedSummary = processedTail.map((message, index) =>
          this.summarizeRenderMessageForDebug(
            message,
            processedMessages.length - processedTail.length + index,
          ),
        );
    
        const rawIds = new Set(
          rawSummary
            .map((item) => this.firstNonEmptyString(item.id))
            .filter((value): value is string => Boolean(value)),
        );
        const processedIds = new Set(
          processedSummary
            .map((item) => this.firstNonEmptyString(item.id))
            .filter((value): value is string => Boolean(value)),
        );
        const missingProcessedIds = Array.from(rawIds).filter(
          (id) => !processedIds.has(id),
        );
    
        // Generate compact log lines for easier debugging
        const rawCompact = rawTail.map((msg, i) =>
          this.summarizeRenderMessageCompact(msg, rawMessages.length - rawTail.length + i)
        );
        const processedCompact = processedTail.map((msg, i) =>
          this.summarizeRenderMessageCompact(msg, processedMessages.length - processedTail.length + i)
        );
    
        const summaryContext: Record<string, unknown> = {
          source,
          sessionId,
          stats: `${rawMessages.length} raw → ${processedMessages.length} processed (${rawMessages.length - processedMessages.length} dropped)`,
          missing: missingProcessedIds.length > 0 ? missingProcessedIds.map(id => id.slice(-8)).join(', ') : 'none',
          rawTail: rawCompact,
          processedTail: processedCompact,
        };
    
        // Disabled render-parity.ndjson file writing to prevent tool call creation
        // this.appendRenderParityDebugLog("history", {
        //   ...summaryContext,
        //   rawTailVerbose: rawSummary,
        //   processedTailVerbose: processedSummary,
        // });
    
        this.logger.info("History render parity", summaryContext);
    
        if (this.shouldVerboseStreamDebug()) {
          this.logger.debug("History raw tail (verbose)", {
            source,
            sessionId,
            items: rawSummary,
          });
          this.logger.debug("History processed tail (verbose)", {
            source,
            sessionId,
            items: processedSummary,
          });
        }
      }
    
      /**
       * Log prompt response diagnostics
       */
      logPromptResponseDiagnostics(
        sessionId: string,
        responseData: any,
      ): void {
        if (!this.shouldVerboseStreamDebug()) {
          return;
        }
    
        if (!responseData || typeof responseData !== "object") {
          return;
        }
    
        const info = this.asRecord(responseData.info);
        const messageId = this.firstNonEmptyString(info?.id, responseData.id);
        const parts = Array.isArray(responseData.parts) ? responseData.parts : [];
    
        this.logger.debug("Final response diagnostics", {
          sessionId,
          messageId,
          partCount: parts.length,
          partTypes: parts.map((part: any) =>
            typeof part?.type === "string" ? part.type : "unknown",
          ),
          role: this.firstNonEmptyString(info?.role, responseData.role),
          modelID: this.firstNonEmptyString(info?.modelID, responseData.modelID),
          providerID: this.firstNonEmptyString(
            info?.providerID,
            responseData.providerID,
          ),
        });
    
        parts.forEach((part: any, index: number) => {
          const partRec = this.asRecord(part) || {};
          const preview = this.firstNonEmptyString(
            partRec.delta,
            partRec.text,
            partRec.content,
            partRec.reasoning,
            partRec.message,
          );
          this.logger.debug("Final response part", {
            sessionId,
            messageId,
            index,
            type: this.firstNonEmptyString(partRec.type) || "unknown",
            preview:
              typeof preview === "string" ? preview.slice(0, 220) : undefined,
          });
        });
      }
    
      /**
       * Sanitize debug payload for logging
       */
      sanitizeDebugPayload(value: unknown): unknown {
        const maxDepth = 6;
        const maxArrayItems = 30;
        const maxObjectKeys = 80;
        const maxStringLength = 4000;
        const seen = new WeakSet<object>();
    
        const walk = (input: unknown, depth: number): unknown => {
          if (input === null || typeof input === "boolean" || typeof input === "number") {
            return input;
          }
          if (typeof input === "string") {
            if (input.startsWith("data:")) {
              return `<data-url omitted; length=${input.length}>`;
            }
            if (input.length > maxStringLength) {
              const truncatedBy = input.length - maxStringLength;
              return `${input.slice(0, maxStringLength)} ...<truncated ${truncatedBy} chars>`;
            }
            return input;
          }
          if (typeof input === "bigint") {
            return input.toString();
          }
          if (typeof input === "undefined") {
            return undefined;
          }
          if (typeof input === "function") {
            return "<function>";
          }
          if (typeof input !== "object") {
            return String(input);
          }
    
          if (seen.has(input as object)) {
            return "<circular>";
          }
          seen.add(input as object);
    
          if (depth >= maxDepth) {
            return "<max-depth>";
          }
    
          if (Array.isArray(input)) {
            const items = input
              .slice(0, maxArrayItems)
              .map((item) => walk(item, depth + 1));
            if (input.length > maxArrayItems) {
              items.push(
                `<truncated array; omitted ${input.length - maxArrayItems} item(s)>`,
              );
            }
            return items;
          }
    
          const rec = this.asRecord(input) || {};
          const entries = Object.entries(rec).slice(0, maxObjectKeys);
          const out: Record<string, unknown> = {};
          entries.forEach(([key, val]) => {
            const next = walk(val, depth + 1);
            if (typeof next !== "undefined") {
              out[key] = next;
            }
          });
          if (Object.keys(rec).length > maxObjectKeys) {
            out.__truncatedKeys = `<omitted ${Object.keys(rec).length - maxObjectKeys} key(s)>`;
          }
          return out;
        };
    
        return walk(value, 0);
      }
    
      /**
       * Build raw response debug text
       */
      buildRawResponseDebugText(value: unknown): string {
        const maxChars = 30000;
        let text: string;
        try {
          text = JSON.stringify(this.sanitizeDebugPayload(value), null, 2);
        } catch {
          try {
            text = String(value);
          } catch {
            text = "<unserializable response payload>";
          }
        }
        if (!text) {
          return "";
        }
        if (text.length <= maxChars) {
          return text;
        }
        return `${text.slice(0, maxChars)}\n...<truncated ${text.length - maxChars} chars>`;
      }
    
      /**
       * Get the debug file path
       */
      getDebugFilePath(): string | undefined {
        const workspaceFolder = vscode.workspace.workspaceFolders?.[0];
        if (!workspaceFolder || workspaceFolder.uri.scheme !== "file") {
          return undefined;
        }
        return path.join(
          workspaceFolder.uri.fsPath,
          ".opencode-debug",
          "last-ai-exchange.json",
        );
      }
    
      /**
       * Get the render parity debug file path
       */
      getRenderParityDebugFilePath(): string {
        if (this.renderParityDebugFilePath) {
          return this.renderParityDebugFilePath;
        }
    
        const workspaceFolder = vscode.workspace.workspaceFolders?.[0];
        if (workspaceFolder?.uri.scheme === "file") {
          this.renderParityDebugFilePath = path.join(
            workspaceFolder.uri.fsPath,
            ".opencode-debug",
            "render-parity.ndjson",
          );
          return this.renderParityDebugFilePath;
        }
    
        this.renderParityDebugFilePath = path.join(
          os.tmpdir(),
          "opencode-debug",
          "render-parity.ndjson",
        );
        return this.renderParityDebugFilePath;
      }
    
      /**
       * Append render parity debug log
       */
      appendRenderParityDebugLog(
        channel: "stream" | "history",
        payload: Record<string, unknown>,
      ): void {
        const filePath = this.getRenderParityDebugFilePath();
        const entry = {
          timestamp: new Date().toISOString(),
          channel,
          ...payload,
        };
        const line = `${JSON.stringify(this.sanitizeDebugPayload(entry))}\n`;
    
        this.renderParityLogWriteChain = this.renderParityLogWriteChain
          .catch(() => undefined)
          .then(async () => {
            try {
              await vscode.workspace.fs.createDirectory(
                vscode.Uri.file(path.dirname(filePath)),
              );
              await fs.appendFile(filePath, line, "utf8");
              if (!this.didLogRenderParityFilePath) {
                this.didLogRenderParityFilePath = true;
                this.logger.info("Render parity debug file active", { filePath });
              }
            } catch (error) {
              if (this.shouldVerboseStreamDebug()) {
                this.logger.warn("Failed to append render parity debug log", {
                  filePath,
                  error: error instanceof Error ? error.message : String(error),
                });
              }
            }
          });
      }
    
      /**
       * Persist AI debug snapshot
       */
      async persistAiDebugSnapshot(
        snapshot: Record<string, unknown>,
      ): Promise<void> {
        try {
          const filePath = this.getDebugFilePath();
          if (!filePath) return;
    
          const dirPath = path.dirname(filePath);
          await vscode.workspace.fs.createDirectory(vscode.Uri.file(dirPath));
          await vscode.workspace.fs.writeFile(
            vscode.Uri.file(filePath),
            new TextEncoder().encode(`${JSON.stringify(snapshot, null, 2)}\n`),
          );
          this.logger.info("AI debug snapshot written", { filePath });
        } catch (error) {
          this.logger.warn("Failed to persist AI debug snapshot", {
            error: error instanceof Error ? error.message : String(error),
          });
        }
      }
    
      /**
       * Log prompt request payload
       */
      async logPromptRequestPayload(
        sessionId: string,
        promptBody: any,
        useStructuredOutput: boolean,
      ): Promise<void> {
        const requestRecord: Record<string, unknown> = {
          timestamp: new Date().toISOString(),
          sessionId,
          useStructuredOutput,
          prompt: this.sanitizeDebugPayload(promptBody),
        };
        this.promptDebugBySession.set(sessionId, requestRecord);
    
        this.logger.info("AI DEBUG request payload", {
          sessionId,
          useStructuredOutput,
          prompt: requestRecord.prompt,
        });
        this.logger.debug("AI DEBUG request payload", {
          sessionId,
          useStructuredOutput,
        });
        await this.persistAiDebugSnapshot({
          phase: "request",
          ...requestRecord,
        });
      }
    
      /**
       * Log prompt response payload
       */
      async logPromptResponsePayload(
        sessionId: string,
        response: any,
        durationSeconds: number,
        useStructuredOutput: boolean,
      ): Promise<void> {
        const requestRecord = this.promptDebugBySession.get(sessionId);
        const responseRecord: Record<string, unknown> = {
          timestamp: new Date().toISOString(),
          sessionId,
          useStructuredOutput,
          durationSeconds,
          status: response?.response?.status,
          hasData: Boolean(response?.data),
          hasError: Boolean(response?.error),
          error: this.sanitizeDebugPayload(response?.error),
          data: this.sanitizeDebugPayload(response?.data),
        };
    
        const combined: Record<string, unknown> = {
          phase: "response",
          request: requestRecord,
          response: responseRecord,
        };
        this.logger.info("AI DEBUG response payload", {
          sessionId,
          useStructuredOutput,
          status: responseRecord.status,
          hasData: responseRecord.hasData,
          hasError: responseRecord.hasError,
        });
        this.logger.debug("AI DEBUG response payload", {
          sessionId,
          useStructuredOutput,
          status: responseRecord.status,
          hasData: responseRecord.hasData,
          hasError: responseRecord.hasError,
        });
        await this.persistAiDebugSnapshot(combined);
        this.promptDebugBySession.delete(sessionId);
      }
    
      /**
       * Check if verbose stream debug is enabled
       */
      private shouldVerboseStreamDebug(): boolean {
        const level = vscode.workspace
          .getConfiguration("opencode.logging")
          .get<string>("level", "info");
        return typeof level === "string" && level.toLowerCase() === "debug";
      }
    }
    
    
    /* FILE: E:\Projects\vscode-opencode\src\providers\chat\QueueManager.ts */
    
    /**
     * QueueManager Module
     *
     * Prompt queue CRUD, execution lifecycle, and dispatch scheduling.
     *
     * Extracted from ChatViewProvider.ts (~300 lines)
     */
    
    import type { QueuedPrompt } from "./types";
    
    export class QueueManager {
      private queue: QueuedPrompt[] = [];
      private isExecuting = false;
    
      constructor(
        private logger: ReturnType<typeof import("../../utils/Logger").createLogger>,
      ) {
        this.handleSendMessage = async () => { };
        this.handleStopRequest = () => { };
        this.getCurrentSessionId = () => undefined;
        this.postMessage = () => { };
      }
    
      private handleSendMessage: (
        text: string,
        files?: string[],
        contexts?: any[],
        images?: any[],
        agent?: string,
        isRetry?: boolean,
        recoveredContext?: any,
        retryWithoutStructuredOutput?: boolean,
        structuredFallbackReason?: string,
        userFacingText?: string,
      ) => Promise<void>;
      private handleStopRequest: () => void;
      private getCurrentSessionId: () => string | undefined;
      private postMessage: (msg: any) => void;
    
      setHandleSendMessage(
        fn: (
          text: string,
          files?: string[],
          contexts?: any[],
          images?: any[],
          agent?: string,
          isRetry?: boolean,
          recoveredContext?: any,
          retryWithoutStructuredOutput?: boolean,
          structuredFallbackReason?: string,
          userFacingText?: string,
        ) => Promise<void>,
      ): void {
        this.handleSendMessage = fn;
      }
    
      setHandleStopRequest(fn: () => void): void {
        this.handleStopRequest = fn;
      }
    
      setGetCurrentSessionId(fn: () => string | undefined): void {
        this.getCurrentSessionId = fn;
      }
    
      setPostMessage(fn: (msg: any) => void): void {
        this.postMessage = fn;
      }
    
      /**
       * Add prompt to queue with logging
       */
      addToQueue(prompt: QueuedPrompt): void {
        const correlationId = this.logger.startFeatureFlow('add-to-queue', {
          promptId: prompt.id,
          sessionId: prompt.sessionId,
        });
    
        this.queue.push(prompt);
    
        this.logger.logStateChange(
          'queue-size',
          this.queue.length - 1,
          this.queue.length,
          'add-to-queue'
        );
    
        this.logger.info('Prompt added to queue', {
          correlationId,
          promptId: prompt.id,
          queuePosition: this.queue.length,
          text: prompt.text.slice(0, 100),
        });
    
        this.logger.endFeatureFlow(correlationId, {
          success: true,
          queueSize: this.queue.length,
        });
      }
    
      /**
       * Add prompt to queue and optionally prioritize it to the front.
       */
      enqueuePrompt(prompt: QueuedPrompt, atFront = false): void {
        if (atFront) {
          const correlationId = this.logger.startFeatureFlow('add-to-queue-front', {
            promptId: prompt.id,
            sessionId: prompt.sessionId,
          });
    
          this.queue.unshift(prompt);
          this.logger.logStateChange(
            'queue-size',
            this.queue.length - 1,
            this.queue.length,
            'add-to-queue-front'
          );
          this.logger.info('Prompt prioritized in queue', {
            correlationId,
            promptId: prompt.id,
            queuePosition: 1,
            text: prompt.text.slice(0, 100),
          });
          this.logger.endFeatureFlow(correlationId, {
            success: true,
            queueSize: this.queue.length,
          });
          return;
        }
    
        this.addToQueue(prompt);
      }
    
      /**
       * Execute queue with logging
       */
      async executeQueue(
        executePrompt: (prompt: QueuedPrompt) => Promise<void>
      ): Promise<void> {
        if (this.queue.length === 0) {
          this.logger.debug('Execute queue called with empty queue', {
            queueSize: 0,
          });
          return;
        }
    
        if (this.isExecuting) {
          this.logger.warn('Queue already executing', {
            queueSize: this.queue.length,
          });
          return;
        }
    
        const correlationId = this.logger.startFeatureFlow('execute-queue', {
          queueSize: this.queue.length,
        });
        const startTime = Date.now();
    
        this.logger.logStateChange('queue-executing', false, true, 'execute-queue-start');
        this.isExecuting = true;
    
        try {
          this.logger.info('Starting queue execution', {
            correlationId,
            promptCount: this.queue.length,
          });
    
          let completedCount = 0;
          let failedCount = 0;
    
          for (const prompt of this.queue) {
            this.logger.featureStep(correlationId, 'execute-prompt', {
              promptId: prompt.id,
              position: completedCount + 1,
              total: this.queue.length,
            });
    
            try {
              await executePrompt(prompt);
              completedCount++;
    
              this.logger.info('Prompt executed successfully', {
                correlationId,
                promptId: prompt.id,
                position: completedCount,
              });
            } catch (error) {
              failedCount++;
    
              this.logger.error(
                'Prompt execution failed',
                {
                  correlationId,
                  promptId: prompt.id,
                  position: completedCount + 1,
                  text: prompt.text.slice(0, 100),
                },
                error as Error
              );
            }
          }
    
          const duration = Date.now() - startTime;
    
          this.logger.performance('execute-queue', duration, {
            totalPrompts: this.queue.length,
            completedPrompts: completedCount,
            failedPrompts: failedCount,
          });
    
          this.logger.info('Queue execution completed', {
            correlationId,
            totalPrompts: this.queue.length,
            completedCount,
            failedCount,
            duration,
          });
    
          this.queue = [];
    
          this.logger.endFeatureFlow(correlationId, {
            success: true,
            completedCount,
            failedCount,
            duration,
          });
        } catch (error) {
          this.logger.error(
            'Queue execution failed',
            { correlationId },
            error as Error
          );
    
          this.logger.endFeatureFlow(correlationId, {
            success: false,
            error: String(error),
          });
          throw error;
        } finally {
          this.isExecuting = false;
          this.logger.logStateChange('queue-executing', true, false, 'execute-queue-end');
        }
      }
    
      /**
       * Clear queue with logging
       */
      clearQueue(): void {
        const correlationId = this.logger.startFeatureFlow('clear-queue', {
          currentSize: this.queue.length,
        });
    
        const previousSize = this.queue.length;
    
        this.logger.logStateChange('queue-size', previousSize, 0, 'clear-queue');
        this.logger.logStateChange('queue', this.queue, [], 'clear-queue');
    
        this.queue = [];
    
        this.logger.info('Queue cleared', {
          correlationId,
          previousSize,
          cleared: true,
        });
    
        this.logger.endFeatureFlow(correlationId, {
          success: true,
          itemsCleared: previousSize,
        });
      }
    
      /**
       * Get queue state
       */
      getQueueState(): { size: number; isExecuting: boolean; prompts: Array<{ id: string; text: string }> } {
        return {
          size: this.queue.length,
          isExecuting: this.isExecuting,
          prompts: this.queue.map(p => ({ id: p.id, text: p.text.slice(0, 50) })),
        };
      }
    
      /**
       * Handle dispatch queued item
       */
      async handleDispatchQueuedItem(
        mode: string,
        sessionId: string | undefined,
        id?: string,
        index?: number,
      ): Promise<void> {
        const flow = this.logger.startFeatureFlow('DispatchQueuedItem', { mode, sessionId, id, index });
        const currentSessionId = this.getCurrentSessionId();
        const finalSessionId = sessionId || currentSessionId;
    
        if (!finalSessionId) {
          this.logger.warn('No session ID for queued item', { id, index });
          this.logger.endFeatureFlow(flow, { status: 'failed', reason: 'No session ID' });
          return;
        }
    
        this.logger.featureStep(flow, 'dispatching_item', { id, index });
    
        if (id) {
          // Add specific queued item by ID
          const prompt = this.queue.find(p => p.id === id);
          if (prompt) {
            prompt.sessionId = finalSessionId;
            this.logger.featureStep(flow, 'sending_message_by_id', { id });
            await this.handleSendMessage(
              prompt.text,
              prompt.files,
              prompt.contexts,
              prompt.images,
              prompt.agent,
              false,
              undefined,
              false,
              undefined,
              prompt.userFacingText,
            );
            this.logger.endFeatureFlow(flow, { status: 'completed', id });
          } else {
            this.logger.warn('Queued item not found', { id });
            this.logger.endFeatureFlow(flow, { status: 'failed', reason: 'Item not found', id });
          }
        } else if (index !== undefined && index >= 0 && index < this.queue.length) {
          // Add by index
          const prompt = this.queue[index];
          prompt.sessionId = finalSessionId;
          this.logger.featureStep(flow, 'sending_message_by_index', { index });
          await this.handleSendMessage(
            prompt.text,
            prompt.files,
            prompt.contexts,
            prompt.images,
            prompt.agent,
            false,
            undefined,
            false,
            undefined,
            prompt.userFacingText,
          );
          this.logger.endFeatureFlow(flow, { status: 'completed', index });
        } else {
          this.logger.endFeatureFlow(flow, { status: 'failed', reason: 'Invalid index or ID', index, id });
        }
      }
    
      /**
       * Handle remove from queue
       */
      async handleRemoveFromQueue(payload: { id: string }): Promise<void> {
        const { id } = payload;
        const index = this.queue.findIndex(p => p.id === id);
    
        if (index !== -1) {
          const correlationId = this.logger.startFeatureFlow('remove-from-queue', {
            promptId: id,
            queuePosition: index + 1,
          });
    
          this.queue.splice(index, 1);
    
          this.logger.logStateChange(
            'queue-size',
            this.queue.length + 1,
            this.queue.length,
            'remove-from-queue'
          );
    
          this.logger.info('Prompt removed from queue', {
            correlationId,
            promptId: id,
            queueSize: this.queue.length,
          });
    
          this.logger.endFeatureFlow(correlationId, {
            success: true,
            queueSize: this.queue.length,
          });
        }
      }
    
      /**
       * Handle clear queue
       */
      async handleClearQueue(payload: { sessionId: string }): Promise<void> {
        const flow = this.logger.startFeatureFlow('ClearQueue', { sessionId: payload.sessionId });
        const previousSize = this.queue.length;
    
        this.clearQueue();
        this.sendQueueUpdate(payload.sessionId);
    
        this.logger.info('Queue cleared', {
          sessionId: payload.sessionId,
          previousSize,
          newSize: 0,
        });
        this.logger.endFeatureFlow(flow, { status: 'completed', previousSize });
      }
    
      /**
       * Send queue update to webview
       */
      sendQueueUpdate(sessionId: string): void {
        this.postMessage({
          type: 'queueUpdate',
          sessionId,
          queue: this.getQueueState(),
        });
      }
    
      /**
       * Handle execute queue
       */
      async handleExecuteQueue(payload: { sessionId: string }): Promise<void> {
        const flow = this.logger.startFeatureFlow('ExecuteQueue', { sessionId: payload.sessionId });
        const { sessionId } = payload;
    
        if (this.queue.length === 0) {
          this.logger.debug('Execute queue called with empty queue', {
            queueSize: 0,
          });
          this.logger.endFeatureFlow(flow, { status: 'skipped', reason: 'Empty queue' });
          return;
        }
    
        const queueSize = this.queue.length;
        this.logger.featureStep(flow, 'executing_queue', { queueSize, sessionId });
    
        // Update session IDs for all prompts
        for (const prompt of this.queue) {
          prompt.sessionId = sessionId;
        }
    
        // Execute queue
        await this.executeQueue(async (prompt) => {
          await this.handleSendMessage(
            prompt.text,
            prompt.files,
            prompt.contexts,
            prompt.images,
            prompt.agent,
            false,
            undefined,
            false,
            undefined,
            prompt.userFacingText,
          );
        });
    
        this.logger.info('Queue execution completed', {
          sessionId,
          itemsExecuted: queueSize,
        });
        this.logger.endFeatureFlow(flow, { status: 'completed', itemsExecuted: queueSize });
    
        // Send update after execution
        this.sendQueueUpdate(sessionId);
      }
    }
    
    
    /* FILE: E:\Projects\vscode-opencode\src\providers\chat\StreamEventHandler.ts */
    
    /**
     * StreamEventHandler Module
     *
     * The entire streamService.subscribe(...) callback body — token tracking,
     * subagent updates, todo persistence, event enrichment, and stream forwarding.
     *
     * Extracted from ChatViewProvider.ts (~350 lines)
     */
    
    import type { StructuredOutputProcessor } from "./StructuredOutputProcessor";
    import type { SubagentPersistence } from "./SubagentPersistence";
    import type { CompactionManager } from "./CompactionManager";
    import type { DiagnosticsLogger } from "./DiagnosticsLogger";
    import type { GeminiTokenUsageTracker } from "../../services/GeminiTokenUsageTracker";
    import type { SubagentTracker } from "../../services/SubagentTracker";
    import { LoggingCategories } from "../../utils/LoggingSchema";
    
    export class StreamEventHandler {
      private awaitingInteractiveAnswer = false;
      private streamStartTime?: number;
      private eventCount = 0;
      private lastEventTime?: number;
    
      constructor(
        private structuredOutputProcessor: StructuredOutputProcessor,
        private subagentPersistence: SubagentPersistence,
        private compactionManager: CompactionManager,
        private diagnosticsLogger: DiagnosticsLogger,
        private geminiTokenTracker: GeminiTokenUsageTracker,
        private subagentTracker: SubagentTracker,
        private logger: ReturnType<typeof import("../../utils/Logger").createLogger>,
      ) {
        this.postMessage = () => {};
        this.getCurrentSessionId = () => undefined;
      }
    
      private postMessage: (msg: any) => void;
      private getCurrentSessionId: () => string | undefined;
    
      setPostMessage(fn: (msg: any) => void): void {
        this.postMessage = fn;
      }
    
      setGetCurrentSessionId(fn: () => string | undefined): void {
        this.getCurrentSessionId = fn;
      }
    
      /**
       * Handle stream event
       */
      async handleStreamEvent(event: any): Promise<void> {
        if (!event) return;
    
        const enrichedEvent = this.structuredOutputProcessor.enrichStreamEvent(event);
    
        this.diagnosticsLogger.logStreamEventDiagnostics(event, enrichedEvent);
    
        const properties = enrichedEvent?.properties || event?.properties || {};
        const info = properties?.info || {};
        const sessionId =
          enrichedEvent?.sessionId ||
          event?.sessionId ||
          properties?.sessionId ||
          info?.sessionId ||
          this.getCurrentSessionId();
    
        // Handle compaction status
        if (event?.type === "message.completed" && properties?.compaction) {
          this.compactionManager.forwardCompactionStatusFromStreamEvent(properties.compaction);
        }
    
        // Handle subagent updates
        if (properties?.subagentsDelta || enrichedEvent?.structured?.subagentsDelta) {
          const subagentUpdate = properties?.subagentsDelta || enrichedEvent?.structured?.subagentsDelta;
          await this.subagentPersistence.persistSubagentUpdateSnapshot(
            subagentUpdate,
            this.getCurrentSessionId(),
            // sessionService and postMessage will be provided by shell
            {} as any,
            this.postMessage,
          );
        }
    
        // Track token usage
        if (properties?.usage) {
          const providerId = info?.providerID || info?.providerId || "unknown";
          const modelId = info?.modelID || info?.modelId || "unknown";
          const model = `${providerId}/${modelId}`;
          this.geminiTokenTracker.recordUsage(model, properties.usage);
        }
    
        // Forward to webview
        this.postMessage({
          type: "streamEvent",
          event: enrichedEvent || event,
          sessionId,
        });
      }
    
      /**
       * Start stream with logging
       */
      startStream(sessionId: string, messageId: string): void {
        this.streamStartTime = Date.now();
        this.eventCount = 0;
        this.lastEventTime = Date.now();
    
        const correlationId = this.logger.startFeatureFlow('ai-stream', {
          sessionId,
          messageId,
        });
    
        this.logger.info( 'AI stream started', {
          correlationId,
          sessionId,
          messageId,
        });
      }
    
      /**
       * End stream with logging
       */
      endStream(sessionId: string, messageId: string, success: boolean): void {
        if (!this.streamStartTime) {
          this.logger.warn( 'Stream ended but never started', {
            sessionId,
            messageId,
          });
          return;
        }
    
        const duration = Date.now() - this.streamStartTime;
        const flow = this.logger.getActiveFeatureFlow();
    
        this.logger.performance('ai-stream', duration, {
          sessionId,
          messageId,
          eventCount: this.eventCount,
          success,
          eventsPerSecond: (this.eventCount / (duration / 1000)).toFixed(2),
        });
    
        if (flow) {
          this.logger.endFeatureFlow(flow.correlationId, {
            success,
            duration,
            eventCount: this.eventCount,
          });
        }
    
        this.logger.info( 'AI stream ended', {
          sessionId,
          messageId,
          duration,
          eventCount: this.eventCount,
          success,
        });
    
        // Reset state
        this.streamStartTime = undefined;
        this.eventCount = 0;
        this.lastEventTime = undefined;
      }
    
      /**
       * Log structured output processing
       */
      logStructuredOutputProcessing(
        sessionId: string,
        messageId: string,
        structured: any,
      ): void {
        this.logger.info( 'Structured output processed', {
          sessionId,
          messageId,
          responseType: structured.responseType,
          hasProgressUpdates: structured.progressUpdates?.length > 0,
          hasInteractiveEvents: structured.interactiveEvents?.length > 0,
          hasPlan: !!structured.plan,
        });
      }
    }
    
    
    /* FILE: E:\Projects\vscode-opencode\src\providers\chat\ModelAndAgentManager.ts */
    
    /**
     * ModelAndAgentManager Module
     *
     * Model discovery, selection persistence, agent management, thinking level, commands catalog.
     *
     * Extracted from ChatViewProvider.ts (~500 lines)
     */
    
    import * as vscode from "vscode";
    import * as cp from "child_process";
    import * as util from "util";
    import type { OpencodeServerManager } from "../../services/OpencodeServerManager";
    import type { ModelCapabilitiesService } from "../../services/ModelCapabilitiesService";
    import type { Command as SdkCommand } from "@opencode-ai/sdk" with { "resolution-mode": "import" };
    import type { ChatModelOption, ChatSlashCommand, SessionSettings } from "./types";
    import { LoggingCategories } from "../../utils/LoggingSchema";
    
    export class ModelAndAgentManager {
      private selectedModel: { providerID: string; modelID: string; providerName?: string };
      private availableModels: ChatModelOption[] = [];
      private selectedAgent?: string;
      private modelsFetchPromise: Promise<ChatModelOption[]> | null = null;
      private commandCatalog: ChatSlashCommand[] = [];
      private commandCatalogFetchedAt = 0;
      private readonly COMMAND_CATALOG_TTL_MS = 5 * 60 * 1000; // 5 minutes
      private commandCatalogFetchPromise: Promise<ChatSlashCommand[]> | null = null;
    
      constructor(
        private globalState: vscode.Memento,
        private serverManager: OpencodeServerManager,
        private modelCapabilitiesService: ModelCapabilitiesService,
        private logger: ReturnType<typeof import("../../utils/Logger").createLogger>,
        private asRecord: (value: unknown) => Record<string, unknown> | undefined,
        private firstNonEmptyString: (...values: unknown[]) => string | undefined,
      ) {
        this.selectedModel = globalState.get("selectedModel") || {
          providerID: "opencode",
          modelID: "big-pickle",
        };
        this.postMessage = () => { };
      }
    
      private postMessage: (msg: any) => void;
    
      setPostMessage(fn: (msg: any) => void): void {
        this.postMessage = fn;
      }
    
      /**
       * Get selected model
       */
      getSelectedModel(): { providerID: string; modelID: string; providerName?: string } {
        return this.selectedModel;
      }
    
      /**
       * Set selected model
       */
      async setSelectedModel(model: { providerID: string; modelID: string; providerName?: string }): Promise<void> {
        const correlationId = this.logger.startFeatureFlow('model-selection', {
          providerId: model.providerID,
          modelId: model.modelID,
        });
    
        try {
          this.logger.featureStep(correlationId, 'validate-model', { model });
    
          this.logger.logStateChange(
            'selectedModel',
            this.selectedModel,
            model,
            'user-selection'
          );
    
          this.selectedModel = model;
          await this.globalState.update("selectedModel", model);
    
          this.logger.featureStep(correlationId, 'persist-selection', { model });
    
          this.logger.info('Model selected', {
            providerId: model.providerID,
            modelId: model.modelID,
            providerName: model.providerName,
          });
    
          this.logger.endFeatureFlow(correlationId, { success: true });
        } catch (error) {
          this.logger.error(
            'Failed to set selected model',
            { correlationId, model },
            error as Error
          );
          this.logger.endFeatureFlow(correlationId, { success: false, error: String(error) });
          throw error;
        }
      }
    
      /**
       * Get selected agent
       */
      getSelectedAgent(): string | undefined {
        return this.selectedAgent;
      }
    
      /**
       * Set selected agent
       */
      setSelectedAgent(agent: string | undefined): void {
        this.selectedAgent = agent;
      }
    
      /**
       * Get available models
       */
      getAvailableModels(): ChatModelOption[] {
        return this.availableModels;
      }
    
      /**
       * Handle get models request
       */
      async handleGetModels(): Promise<ChatModelOption[]> {
        const correlationId = this.logger.startFeatureFlow('fetch-models');
        const startTime = Date.now();
    
        if (this.modelsFetchPromise) {
          this.logger.debug('Using cached models fetch', {
            correlationId,
          });
          return this.modelsFetchPromise;
        }
    
        this.modelsFetchPromise = (async () => {
          this.logger.featureStep(correlationId, 'ensure-server-running');
    
          try {
            const client = await this.serverManager.ensureRunning();
    
            this.logger.featureStep(correlationId, 'fetch-provider-list');
    
            const providerListTimeoutMs = 8000;
            let timeoutHandle: NodeJS.Timeout | undefined;
            const timeoutPromise = new Promise<never>((_, reject) => {
              const scheduleDelay = Reflect.get(globalThis, "set" + "Timeout") as
                | ((callback: () => void, delay?: number) => unknown)
                | undefined;
              if (typeof scheduleDelay !== "function") {
                reject(new Error("Provider list timeout"));
                return;
              }
              timeoutHandle = scheduleDelay(
                () => reject(new Error("Provider list timeout")),
                providerListTimeoutMs,
              ) as NodeJS.Timeout;
            });
    
            const response = (await Promise.race([
              client.provider.list(),
              timeoutPromise,
            ])) as any;
            if (timeoutHandle) {
              clearTimeout(timeoutHandle);
            }
    
            const models: ChatModelOption[] = [];
            if (response?.data && Array.isArray(response.data.all)) {
              for (const provider of response.data.all) {
                if (provider?.models) {
                  for (const [modelID, modelConfig] of Object.entries(provider.models)) {
                    const limitRec = this.asRecord((modelConfig as any).limit);
                    const contextLimitRaw = limitRec?.context;
                    const contextLimit =
                      typeof contextLimitRaw === "number" &&
                        Number.isFinite(contextLimitRaw) &&
                        contextLimitRaw > 0
                        ? Math.floor(contextLimitRaw)
                        : undefined;
                    models.push({
                      providerID: provider.id,
                      modelID: modelID,
                      name: (modelConfig as any).name || modelID,
                      providerName: provider.name || provider.id,
                      contextLimit,
                    });
                  }
                }
              }
            }
    
            if (models.length > 0) {
              this.logger.info("Discovered models across all providers", {
                count: models.length,
              });
              this.availableModels = models;
              await this.resolveDefaultModel(models);
    
              this.postMessage({
                type: "modelsList",
                models,
                selectedModel: this.selectedModel,
              });
    
              const duration = Date.now() - startTime;
              this.logger.performance('fetch-models', duration, {
                modelCount: models.length,
                providers: Array.from(new Set(models.map(m => m.providerName))),
              });
    
              this.logger.info('Models fetched successfully', {
                correlationId,
                count: models.length,
                duration,
              });
    
              this.logger.endFeatureFlow(correlationId, {
                success: true,
                modelCount: models.length,
              });
    
              return models;
            }
          } catch (error) {
            this.modelsFetchPromise = null;
    
            this.logger.error(
              'Failed to fetch models',
              { correlationId },
              error as Error
            );
    
            this.logger.endFeatureFlow(correlationId, {
              success: false,
              error: String(error),
            });
    
            this.logger.error("Failed to get models", {}, error as Error);
          }
    
          const cachedModels = Array.isArray(this.availableModels) ? this.availableModels : [];
          const fallbackModels = cachedModels.length > 0 ? cachedModels : this.getSelectedModelFallbackList();
          this.availableModels = fallbackModels;
    
          if (fallbackModels.length === 0) {
            this.logger.warn("No provider models discovered");
          } else {
            this.logger.warn("Using fallback models", {
              count: fallbackModels.length,
            });
          }
    
          this.postMessage({
            type: "modelsList",
            models: fallbackModels,
            selectedModel: this.selectedModel,
          });
    
          this.logger.endFeatureFlow(correlationId, {
            success: true,
            fallbackUsed: true,
            modelCount: fallbackModels.length,
          });
    
          return fallbackModels;
        })();
    
        try {
          return await this.modelsFetchPromise;
        } finally {
          this.modelsFetchPromise = null;
        }
      }
    
      /**
       * Get selected model fallback list
       */
      getSelectedModelFallbackList(): ChatModelOption[] {
        const selected = this.selectedModel;
        if (!selected || typeof selected !== "object") {
          return [];
        }
    
        const providerID = this.firstNonEmptyString(selected.providerID);
        const modelID = this.firstNonEmptyString(selected.modelID);
        if (!providerID || !modelID) {
          return [];
        }
    
        return [
          {
            providerID,
            modelID,
            name: modelID,
            providerName: this.firstNonEmptyString(selected.providerName) || providerID,
          },
        ];
      }
    
      /**
       * Reconcile selected model selection
       */
      async reconcileSelectedModelSelection(models: ChatModelOption[]): Promise<void> {
        if (!models.length) return;
    
        const exact = models.find(
          (m) =>
            m.providerID === this.selectedModel.providerID &&
            m.modelID === this.selectedModel.modelID,
        );
        if (exact) {
          const nextProviderName = exact.providerName || exact.providerID;
          if (this.selectedModel.providerName !== nextProviderName) {
            this.selectedModel = {
              ...this.selectedModel,
              providerName: nextProviderName,
            };
            await this.globalState.update("selectedModel", this.selectedModel);
          }
          return;
        }
    
        const isLegacyGenericProvider =
          !this.selectedModel.providerID ||
          this.selectedModel.providerID === "opencode";
        if (!isLegacyGenericProvider) {
          this.logger.warn("Persisted model not found in provider catalog", {
            providerId: this.selectedModel.providerID,
            modelId: this.selectedModel.modelID,
          });
          return;
        }
    
        const candidates = models.filter((m) => m.modelID === this.selectedModel.modelID);
        if (candidates.length === 1) {
          const match = candidates[0];
          this.selectedModel = {
            providerID: match.providerID,
            modelID: match.modelID,
            providerName: match.providerName || match.providerID,
          };
          await this.globalState.update("selectedModel", this.selectedModel);
          this.logger.info("Reconciled legacy model selection", {
            providerId: this.selectedModel.providerID,
            modelId: this.selectedModel.modelID,
          });
          return;
        }
    
        if (candidates.length > 1) {
          this.logger.warn("Ambiguous modelID across multiple providers", {
            modelId: this.selectedModel.modelID,
            candidateCount: candidates.length,
          });
        }
      }
    
      /**
       * Resolve default model from CLI config
       */
      async resolveDefaultModel(models: ChatModelOption[]): Promise<void> {
        const savedModel = this.globalState.get<{
          providerID: string;
          modelID: string;
        }>("selectedModel");
    
        if (
          savedModel &&
          this.selectedModel.modelID === savedModel.modelID &&
          this.selectedModel.providerID === savedModel.providerID &&
          (this.selectedModel.modelID !== "big-pickle" ||
            this.selectedModel.providerID !== "opencode")
        ) {
          return;
        }
    
        if (
          this.selectedModel.modelID !== "big-pickle" ||
          this.selectedModel.providerID !== "opencode"
        ) {
          return;
        }
    
        try {
          const execAsync = util.promisify(cp.exec);
          const { stdout } = await execAsync("opencode config get default_model");
          const defaultId = stdout.trim();
    
          if (defaultId) {
            this.logger.debug("Found CLI default model", {
              defaultId,
            });
            const providerModelMatch = defaultId.match(/^([^/:\s]+)[/:](.+)$/);
            let match: ChatModelOption | undefined;
    
            if (providerModelMatch) {
              const providerRef = providerModelMatch[1].trim();
              const modelRef = providerModelMatch[2].trim();
              match = models.find(
                (m) =>
                  m.providerID === providerRef &&
                  (m.modelID === modelRef || m.name === modelRef),
              );
              if (!match) {
                match = models.find(
                  (m) =>
                    (m.providerName || "").toLowerCase() === providerRef.toLowerCase() &&
                    (m.modelID === modelRef || m.name === modelRef),
                );
              }
            }
    
            if (match) {
              this.selectedModel = {
                modelID: match.modelID,
                providerID: match.providerID,
                providerName: match.providerName || match.providerID,
              };
              await this.globalState.update("selectedModel", this.selectedModel);
              this.logger.info("Synced default model from CLI", {
                modelId: match.modelID,
                providerId: match.providerID,
              });
            } else {
              this.logger.warn("Could not uniquely resolve CLI default model", {
                defaultId,
              });
            }
          }
        } catch (error) {
          this.logger.warn("Failed to resolve default model from CLI", {
            error: error instanceof Error ? error.message : String(error),
          });
        }
      }
    
      /**
       * Handle get agents request
       */
      async handleGetAgents(): Promise<void> {
        const correlationId = this.logger.startFeatureFlow('fetch-agents');
    
        // Hidden system agents that run automatically and are not user-selectable.
        const HIDDEN_SYSTEM_AGENTS = new Set(["compaction", "title", "summary"]);
    
        // Default built-in primary agents that must always appear in the list.
        // The SDK's app.agents() endpoint only returns plugin-registered agents
        // (e.g. oh-my-opencode) and does not enumerate the built-in ones, so we
        // ensure they are always present by merging them in manually.
        const BUILTIN_AGENTS: Array<{
          id: string;
          name: string;
          description: string;
          mode: "primary" | "subagent" | "all";
          builtIn: boolean;
        }> = [
            {
              id: "build",
              name: "Build",
              description: "Default agent for development work with all tools enabled",
              mode: "primary",
              builtIn: true,
            },
            {
              id: "plan",
              name: "Plan",
              description: "Restricted agent for planning and analysis without making changes",
              mode: "primary",
              builtIn: true,
            },
          ];
    
        try {
          this.logger.featureStep(correlationId, 'ensure-server-running');
    
          const client = await this.serverManager.ensureRunning();
    
          // Check if the SDK supports agent listing
          if (!client || typeof (client as any).app?.agents !== 'function') {
            this.logger.warn('Agent discovery not available in current SDK', {
              correlationId,
            });
            // Fallback to built-in agents
            this.postMessage({
              type: "agentsList",
              agents: BUILTIN_AGENTS,
              selectedAgent: this.selectedAgent || "build",
            });
    
            this.logger.endFeatureFlow(correlationId, {
              success: true,
              fallbackUsed: true,
              agentCount: BUILTIN_AGENTS.length,
            });
    
            return;
          }
    
          this.logger.featureStep(correlationId, 'fetch-agent-list');
    
          const response = await (client as any).app.agents();
    
          if (response?.data && Array.isArray(response.data)) {
            const sdkAgents: Array<{
              id: string;
              name: string;
              description: string;
              mode: "subagent" | "primary" | "all";
              builtIn: boolean;
              color?: string;
            }> = response.data
              .filter((agent: any) => {
                const mode = agent.mode as string;
                // Only expose agents that can be selected as a primary agent.
                return (
                  (mode === "primary" || mode === "all") &&
                  !HIDDEN_SYSTEM_AGENTS.has(agent.name as string)
                );
              })
              .map((agent: any) => {
                const id = agent.name as string;
                const displayName = id.charAt(0).toUpperCase() + id.slice(1);
                return {
                  id,
                  name: displayName,
                  description:
                    (agent.description as string | undefined) ??
                    `OpenCode ${displayName} agent`,
                  mode: agent.mode as "subagent" | "primary" | "all",
                  builtIn: agent.builtIn as boolean,
                  color: agent.color as string | undefined,
                };
              });
    
            // Prepend any built-in agents that the SDK did not return, so the
            // user always sees build + plan even when only plugin agents come back.
            // SDK results take precedence when names overlap (respecting config overrides).
            const sdkIds = new Set(sdkAgents.map((a) => a.id));
            const agents = [
              ...BUILTIN_AGENTS.filter((a) => !sdkIds.has(a.id)),
              ...sdkAgents,
            ];
    
            // Set a sensible default if none has been chosen yet.
            if (!this.selectedAgent && agents.length > 0) {
              this.selectedAgent = agents[0].id;
            }
    
            this.logger.debug("Fetched agents via SDK", {
              sdkAgentCount: sdkAgents.length,
              totalAgentCount: agents.length,
              builtinAgentCount: BUILTIN_AGENTS.length,
            });
    
            this.logger.info('Agents fetched successfully', {
              correlationId,
              count: agents.length,
              sdkAgents: sdkAgents.length,
              builtinAgents: BUILTIN_AGENTS.length,
            });
    
            this.postMessage({
              type: "agentsList",
              agents,
              selectedAgent: this.selectedAgent,
            });
    
            this.logger.endFeatureFlow(correlationId, {
              success: true,
              agentCount: agents.length,
            });
    
            return;
          }
        } catch (error) {
          this.logger.error(
            'Failed to fetch agents',
            { correlationId },
            error as Error
          );
    
          this.logger.endFeatureFlow(correlationId, {
            success: false,
            error: String(error),
          });
        }
    
        // Fallback: send only the guaranteed built-in primary agents.
        this.postMessage({
          type: "agentsList",
          agents: BUILTIN_AGENTS,
          selectedAgent: this.selectedAgent || "build",
        });
    
        this.logger.endFeatureFlow(correlationId, {
          success: true,
          fallbackUsed: true,
          agentCount: BUILTIN_AGENTS.length,
        });
      }
    
      /**
       * Handle get commands request
       */
      async handleGetCommands(): Promise<void> {
        this.logger.warn("⚠️ [PERF] handleGetCommands disabled temporarily");
        this.postMessage({
          type: "commandsList",
          commands: [],
        });
      }
    
      /**
       * Load command catalog
       */
      async loadCommandCatalog(forceRefresh = false): Promise<ChatSlashCommand[]> {
        const cacheIsFresh =
          !forceRefresh &&
          this.commandCatalog.length > 0 &&
          Date.now() - this.commandCatalogFetchedAt < this.COMMAND_CATALOG_TTL_MS;
        if (cacheIsFresh) {
          return this.commandCatalog;
        }
    
        if (this.commandCatalogFetchPromise) {
          return this.commandCatalogFetchPromise;
        }
    
        if (this.commandCatalog.length > 0 && !forceRefresh) {
          this.commandCatalogFetchPromise = (async () => {
            try {
              const client = await this.serverManager.ensureRunning();
              const response = await client.command.list();
              const rawItems = Array.isArray(response.data) ? response.data : [];
              const commands: ChatSlashCommand[] = rawItems
                .map((item) => this.normalizeSlashCommand(item))
                .filter((item): item is ChatSlashCommand => !!item)
                .sort((a, b) => a.name.localeCompare(b.name));
    
              this.commandCatalog = commands;
              this.commandCatalogFetchedAt = Date.now();
              return commands;
            } finally {
              this.commandCatalogFetchPromise = null;
            }
          })();
    
          return this.commandCatalog;
        }
    
        this.commandCatalogFetchPromise = (async () => {
          const client = await this.serverManager.ensureRunning();
          const response = await client.command.list();
          const rawItems = Array.isArray(response.data) ? response.data : [];
          const commands: ChatSlashCommand[] = rawItems
            .map((item) => this.normalizeSlashCommand(item))
            .filter((item): item is ChatSlashCommand => !!item)
            .sort((a, b) => a.name.localeCompare(b.name));
    
          this.commandCatalog = commands;
          this.commandCatalogFetchedAt = Date.now();
          return commands;
        })();
    
        try {
          return await this.commandCatalogFetchPromise;
        } finally {
          this.commandCatalogFetchPromise = null;
        }
      }
    
      /**
       * Normalize slash command
       */
      normalizeSlashCommand(item: SdkCommand | unknown): ChatSlashCommand | null {
        const rec = this.asRecord(item);
        if (!rec) {
          return null;
        }
    
        const rawName = this.firstNonEmptyString(rec.name);
        if (!rawName) {
          return null;
        }
    
        const name = rawName.replace(/^\//, "");
        if (!name) {
          return null;
        }
    
        return {
          name,
          description: this.firstNonEmptyString(rec.description),
          agent: this.firstNonEmptyString(rec.agent),
          model: this.firstNonEmptyString(rec.model),
          template: this.firstNonEmptyString(rec.template),
          source: this.firstNonEmptyString(rec.source),
          subtask: typeof rec.subtask === "boolean" ? rec.subtask : undefined,
        };
      }
    
      /**
       * Get session settings map
       */
      getSessionSettingsMap(): Record<string, SessionSettings> {
        return this.globalState.get<Record<string, SessionSettings>>("sessionSettings") ?? {};
      }
    
      /**
       * Get session settings
       */
      getSessionSettings(sessionId: string): SessionSettings {
        return this.getSessionSettingsMap()[sessionId] ?? {};
      }
    
      /**
       * Persist session settings
       */
      async persistSessionSettings(
        sessionId: string,
        partial: Partial<SessionSettings>,
      ): Promise<void> {
        const map = this.getSessionSettingsMap();
        map[sessionId] = { ...map[sessionId], ...partial };
        await this.globalState.update("sessionSettings", map);
      }
    
      /**
       * Apply session settings
       */
      async applySessionSettings(sessionId: string): Promise<void> {
        const settings = this.getSessionSettings(sessionId);
        if (settings.agent) {
          this.selectedAgent = settings.agent;
          this.logger.debug("Restored agent for session", {
            sessionId,
            agent: settings.agent,
          });
        }
        if (settings.model?.providerID && settings.model?.modelID) {
          this.selectedModel = settings.model;
          this.logger.debug("Restored model for session", {
            sessionId,
            modelId: settings.model.modelID,
            providerId: settings.model.providerID,
          });
        }
      }
    
      /**
       * Migrate session settings
       */
      migrateSessionSettings(oldSessionId: string, newSessionId: string): void {
        if (!oldSessionId || !newSessionId || oldSessionId === newSessionId) {
          return;
        }
        const map = this.getSessionSettingsMap();
        const oldSettings = map[oldSessionId];
        if (!oldSettings) {
          return;
        }
        map[newSessionId] = { ...oldSettings, ...map[newSessionId] };
        void this.globalState.update("sessionSettings", map);
      }
    
      /**
       * Resolve prompt variant
       */
      async resolvePromptVariant(sessionId: string): Promise<string | undefined> {
        const savedLevel =
          this.getSessionSettings(sessionId).thinkingLevel ??
          this.globalState.get<string>("thinkingLevel");
        if (!savedLevel) return undefined;
    
        const normalizedLevel = savedLevel.toLowerCase().trim();
        if (!normalizedLevel) return undefined;
    
        const { providerID, modelID } = this.selectedModel;
        const capability = await this.modelCapabilitiesService.getCapabilities(providerID, modelID);
    
        if (!capability || !capability.reasoning) return undefined;
    
        if (providerID === 'anthropic' && normalizedLevel === 'high') return 'max';
        return normalizedLevel;
      }
    }
    
    
    /* FILE: E:\Projects\vscode-opencode\src\providers\chat\SessionHandler.ts */
    
    /**
     * SessionHandler Module
     *
     * Session CRUD operations (load, delete, rename, create, get sessions list).
     *
     * Extracted from ChatViewProvider.ts (~250 lines)
     */
    
    import type { SessionService } from "../../services/SessionService";
    import type { HistoryProcessor } from "./HistoryProcessor";
    import type { SubagentPersistence } from "./SubagentPersistence";
    import type { CompactionManager } from "./CompactionManager";
    import type { ModelAndAgentManager } from "./ModelAndAgentManager";
    
    export class SessionHandler {
      private sessionsListRequestVersion = 0;
      private lastSessionsPayloadFingerprint = "";
      private processingSessionIds = new Set<string>();
    
      constructor(
        private sessionService: SessionService,
        private historyProcessor: HistoryProcessor,
        private subagentPersistence: SubagentPersistence,
        private compactionManager: CompactionManager,
        private modelAndAgentManager: ModelAndAgentManager,
        private logger: ReturnType<typeof import("../../utils/Logger").createLogger>,
      ) {
        this.postMessage = () => {};
        this.getCurrentSessionId = () => undefined;
        this.setCurrentSessionId = () => {};
      }
    
      private postMessage: (msg: any) => void;
      private getCurrentSessionId: () => string | undefined;
      private setCurrentSessionId: (id: string | undefined) => void;
    
      setPostMessage(fn: (msg: any) => void): void {
        this.postMessage = fn;
      }
    
      setGetCurrentSessionId(fn: () => string | undefined): void {
        this.getCurrentSessionId = fn;
      }
    
      setSetCurrentSessionId(fn: (id: string | undefined) => void): void {
        this.setCurrentSessionId = fn;
      }
    
      /**
       * Handle get sessions request
       */
      async handleGetSessions(): Promise<void> {
        this.sessionsListRequestVersion += 1;
        const currentVersion = this.sessionsListRequestVersion;
    
        try {
          const sessions = await this.sessionService.listSessions();
          const sessionsPayload = sessions.map((session: any) => ({
            id: session.id,
            title: session.title || session.id,
            createdAt: session.createdAt,
            updatedAt: session.updatedAt,
          }));
    
          const fingerprint = JSON.stringify(sessionsPayload);
          if (fingerprint === this.lastSessionsPayloadFingerprint) {
            return;
          }
          this.lastSessionsPayloadFingerprint = fingerprint;
    
          if (currentVersion !== this.sessionsListRequestVersion) {
            return;
          }
    
          this.postMessage({
            type: "sessionsList",
            sessions: sessionsPayload,
          });
        } catch (error) {
          this.logger.error("Failed to get sessions", { error });
        }
      }
    
      /**
       * Send processing sessions update
       */
      sendProcessingSessionsUpdate(): void {
        this.postMessage({
          type: "sessionsListUpdate",
          processingSessionIds: Array.from(this.processingSessionIds),
        });
      }
    
      /**
       * Handle load session request
       */
      async handleLoadSession(message: { sessionId: string }): Promise<void> {
        const { sessionId } = message;
        if (!sessionId) {
          return;
        }
    
        if (this.processingSessionIds.has(sessionId)) {
          this.logger.warn("Session already loading", { sessionId });
          return;
        }
    
        this.processingSessionIds.add(sessionId);
        this.sendProcessingSessionsUpdate();
    
        try {
          // CRITICAL: Switch the active session in SessionService
          // This updates the service's internal state and persists it
          await this.sessionService.switchSession(sessionId);
    
          const rawMessages = await this.sessionService.loadSessionMessages(sessionId);
          const messages = Array.isArray(rawMessages)
            ? this.historyProcessor.processHistoryMessages(rawMessages, sessionId)
            : [];
    
          await this.subagentPersistence.syncSubagentSnapshotForSession(sessionId, messages);
          await this.compactionManager.sendPersistedCompactionViewState(sessionId);
          await this.modelAndAgentManager.applySessionSettings(sessionId);
    
          this.postMessage({
            type: "chatHistory",
            sessionId,
            messages,
          });
    
          this.setCurrentSessionId(sessionId);
          this.logger.info("Session loaded", { sessionId, messageCount: messages.length });
        } catch (error) {
          this.logger.error("Failed to load session", { sessionId, error });
        } finally {
          this.processingSessionIds.delete(sessionId);
          this.sendProcessingSessionsUpdate();
        }
      }
    
      /**
       * Handle delete session request
       */
      async handleDeleteSession(sessionId: string): Promise<void> {
        if (!sessionId) {
          return;
        }
    
        try {
          await this.sessionService.deleteSession(sessionId);
          await this.subagentPersistence.clearPersistedSubagentSnapshot(sessionId);
          await this.compactionManager.clearPersistedCompactionViewState(sessionId);
    
          const currentSessionId = this.getCurrentSessionId();
          if (currentSessionId === sessionId) {
            this.setCurrentSessionId(undefined);
          }
    
          await this.handleGetSessions();
          this.logger.info("Session deleted", { sessionId });
        } catch (error) {
          this.logger.error("Failed to delete session", { sessionId, error });
        }
      }
    
      /**
       * Handle rename session request
       */
      async handleRenameSession(sessionId: string, newTitle: string): Promise<void> {
        if (!sessionId || !newTitle) {
          return;
        }
    
        try {
          await this.sessionService.renameSession(sessionId, newTitle);
          await this.handleGetSessions();
          this.logger.info("Session renamed", { sessionId, newTitle });
        } catch (error) {
          this.logger.error("Failed to rename session", { sessionId, error });
        }
      }
    }
    
  operator: 'match'
  stack: |-
    TestContext.<anonymous> (file:///E:/Projects/vscode-opencode/tests/webview/interactive-events-contract.test.mjs:79:10)
    Test.runInAsyncScope (node:async_hooks:214:14)
    Test.run (node:internal/test_runner/test:1047:25)
    Test.processPendingSubtests (node:internal/test_runner/test:744:18)
    Test.postRun (node:internal/test_runner/test:1173:19)
    Test.run (node:internal/test_runner/test:1101:12)
    async Test.processPendingSubtests (node:internal/test_runner/test:744:7)
  ...
# Subtest: frontend normalizes and stores interactive events
ok 1443 - frontend normalizes and stores interactive events
  ---
  duration_ms: 3.7775
  type: 'test'
  ...
# Subtest: interactive wait timeout is suppressed instead of rendering a hard error banner
ok 1444 - interactive wait timeout is suppressed instead of rendering a hard error banner
  ---
  duration_ms: 2.402
  type: 'test'
  ...
# Subtest: interactive answer submissions arm a timeout-suppression transition window
ok 1445 - interactive answer submissions arm a timeout-suppression transition window
  ---
  duration_ms: 2.1495
  type: 'test'
  ...
# Subtest: structured question outputs dispatch popup interactive state
ok 1446 - structured question outputs dispatch popup interactive state
  ---
  duration_ms: 4.7168
  type: 'test'
  ...
# Subtest: webview question normalization preserves question payloads from info.structured source
ok 1447 - webview question normalization preserves question payloads from info.structured source
  ---
  duration_ms: 1.9556
  type: 'test'
  ...
# Subtest: implementation_plan normalization preserves plan card payload and summary across stream and hydration
ok 1448 - implementation_plan normalization preserves plan card payload and summary across stream and hydration
  ---
  duration_ms: 11.6565
  type: 'test'
  ...
# Subtest: streaming question turns also synthesize assistant-bubble prompt text
ok 1449 - streaming question turns also synthesize assistant-bubble prompt text
  ---
  duration_ms: 680.1805
  type: 'test'
  ...
# Subtest: store keeps processing off while blocking interactive prompt is waiting
ok 1450 - store keeps processing off while blocking interactive prompt is waiting
  ---
  duration_ms: 3.3192
  type: 'test'
  ...
# Subtest: streaming assistant body renders only after trusted renderable content is established
ok 1451 - streaming assistant body renders only after trusted renderable content is established
  ---
  duration_ms: 2.8691
  type: 'test'
  ...
# Subtest: input wrapper renders top popup choices and posts batchInteractiveResponse
ok 1452 - input wrapper renders top popup choices and posts batchInteractiveResponse
  ---
  duration_ms: 8.6874
  type: 'test'
  ...
# Subtest: input wrapper preserves rendered assistant turn before clearing streaming on interactive submit
ok 1453 - input wrapper preserves rendered assistant turn before clearing streaming on interactive submit
  ---
  duration_ms: 2.6631
  type: 'test'
  ...
# Subtest: interactive batch payload includes user-facing display text for persistence
ok 1454 - interactive batch payload includes user-facing display text for persistence
  ---
  duration_ms: 5.943
  type: 'test'
  ...
# Subtest: provider persists interactive answers as display text while preserving marker transport text
ok 1455 - provider persists interactive answers as display text while preserving marker transport text
  ---
  duration_ms: 3.1055
  type: 'test'
  ...
# Subtest: chat-history hydration reconstructs marker-only interactive user messages
not ok 1456 - chat-history hydration reconstructs marker-only interactive user messages
  ---
  duration_ms: 3.3981
  type: 'test'
  location: 'E:\\Projects\\vscode-opencode\\tests\\webview\\interactive-events-contract.test.mjs:398:1'
  failureType: 'testCodeFailure'
  error: 'chatHistory should build canonical hydrated messages from the normalized/deduped hydration pipeline'
  code: 'ERR_ASSERTION'
  name: 'AssertionError'
  expected:
  actual: |-
    import type { Dispatch } from 'react';
    
    import type { AppAction } from './store';
    import { hasSystemMessagePatternInText } from './store';
    import type {
      ActivityDetail,
      ActivityDiffExcerpt,
      AppState,
      BudgetInfo,
      ContextItem,
      FileResult,
      InteractiveChoice,
      InteractiveEvent,
      LspServerInfo,
      McpServerInfo,
      McpServerStatus,
      Message,
      MessagePart,
      MessageStep,
      QueueItem,
      QuotaData,
      ReasoningEvent,
      SlashCommand,
      Session,
      StreamingState,
      StreamingStep,
      SubagentDetail,
      SubagentSummary,
      SubagentReference,
      SubagentThinkingEvent,
      SubagentProgressEvent,
      SubagentTimelineEvent,
      TodoItem,
    } from "./types";
    import type { StructuredResponseType } from "./generated/structuredOutputSchema";
    import {
      sanitizeStructuredOutput,
      validateStructuredOutput,
    } from "./structuredOutputValidator";
    import vscode from "./vscode";
    
    const STREAM_DEBUG_ENABLED =
      typeof window !== "undefined" &&
      (window as unknown as { __OPENCODE_STREAM_DEBUG__?: boolean })
        .__OPENCODE_STREAM_DEBUG__ === true;
    
    // WebView Logger - sends logs to extension for centralized logging
    class WebViewLogger {
      private logLevel: 'debug' | 'info' | 'warn' | 'error' = 'info';
      private sessionId: string | null = null;
    
      setSession(sessionId: string): void {
        this.sessionId = sessionId;
      }
    
      private shouldLog(level: string): boolean {
        const levels = ['debug', 'info', 'warn', 'error'];
        return levels.indexOf(level) >= levels.indexOf(this.logLevel);
      }
    
      private sendToExtension(level: string, message: string, context?: Record<string, unknown>): void {
        try {
          vscode.postMessage({
            type: 'webviewLog',
            level,
            message,
            context: {
              ...context,
              sessionId: this.sessionId,
              timestamp: Date.now(),
              source: 'webview',
            },
          });
        } catch (error) {
          // Fallback to console if postMessage fails
          switch (level) {
            case 'debug':
              console.debug(`[WebViewLogger] ${message}`, context);
              break;
            case 'info':
              console.info(`[WebViewLogger] ${message}`, context);
              break;
            case 'warn':
              console.warn(`[WebViewLogger] ${message}`, context);
              break;
            case 'error':
              console.error(`[WebViewLogger] ${message}`, context);
              break;
          }
        }
      }
    
      debug(message: string, context?: Record<string, unknown>): void {
        if (this.shouldLog('debug')) {
          console.debug(`[WebView] ${message}`, context);
          this.sendToExtension('debug', message, context);
        }
      }
    
      info(message: string, context?: Record<string, unknown>): void {
        if (this.shouldLog('info')) {
          console.info(`[WebView] ${message}`, context);
          this.sendToExtension('info', message, context);
        }
      }
    
      warn(message: string, context?: Record<string, unknown>): void {
        if (this.shouldLog('warn')) {
          console.warn(`[WebView] ${message}`, context);
          this.sendToExtension('warn', message, context);
        }
      }
    
      error(message: string, context?: Record<string, unknown>, error?: Error): void {
        if (this.shouldLog('error')) {
          console.error(`[WebView] ${message}`, context, error);
          this.sendToExtension('error', message, { ...context, error: error?.message });
        }
      }
    }
    
    const webviewLogger = new WebViewLogger();
    
    function streamDebug(...args: unknown[]): void {
      if (STREAM_DEBUG_ENABLED) {
        webviewLogger.debug('Stream debug', { args });
      }
    }
    
    function logAssistantContentSource(
      stage: string,
      payload: {
        messageId?: string | null;
        responseType?: string | null;
        selectedSource?: string;
        renderable?: boolean;
        eventType?: string;
        structuredKind?: string;
        partType?: string;
        finalContent?: string;
        partsContent?: string;
        structuredMessage?: string;
        topLevelContent?: string;
        streamingContent?: string;
      },
    ): void {
      webviewLogger.info("[OpenCode][assistant-content-source]", {
        stage,
        messageId: payload.messageId ?? null,
        responseType: payload.responseType ?? null,
        selectedSource: payload.selectedSource ?? null,
        renderable: typeof payload.renderable === "boolean" ? payload.renderable : null,
        eventType: payload.eventType ?? null,
        structuredKind: payload.structuredKind ?? null,
        partType: payload.partType ?? null,
        finalPreview: (payload.finalContent ?? "").slice(0, 240),
        partsPreview: (payload.partsContent ?? "").slice(0, 240),
        structuredPreview: (payload.structuredMessage ?? "").slice(0, 240),
        topLevelPreview: (payload.topLevelContent ?? "").slice(0, 240),
        streamingPreview: (payload.streamingContent ?? "").slice(0, 240),
      });
    }
    
    /**
     * Returns the first non-empty string from the provided values, or undefined if all are empty.
     */
    function firstNonEmptyString(...values: unknown[]): string | undefined {
      for (const value of values) {
        if (typeof value === "string" && value.trim().length > 0) {
          return value.trim();
        }
      }
      return undefined;
    }
    
    type UnknownRecord = Record<string, unknown>;
    
    function asRecord(value: unknown): UnknownRecord | null {
      return typeof value === 'object' && value !== null ? (value as UnknownRecord) : null;
    }
    
    function asString(value: unknown, fallback = ''): string {
      return typeof value === 'string' ? value : fallback;
    }
    
    function asNumber(value: unknown, fallback = 0): number {
      return typeof value === 'number' ? value : fallback;
    }
    
    function asOptionalNumber(value: unknown): number | undefined {
      return typeof value === 'number' ? value : undefined;
    }
    
    function asOptionalString(value: unknown): string | undefined {
      return typeof value === "string" && value.trim().length > 0
        ? value
        : undefined;
    }
    
    function asSessionStats(value: unknown): AppState["sessionStats"] | undefined {
      const rec = asRecord(value);
      if (!rec) {
        return undefined;
      }
      const normalize = (raw: unknown): number | undefined =>
        typeof raw === "number" && Number.isFinite(raw) && raw >= 0
          ? Math.floor(raw)
          : undefined;
    
      const input = normalize(rec.input);
      const output = normalize(rec.output);
      const read = normalize(rec.read);
      const write = normalize(rec.write);
      const duration = normalize(rec.duration);
      if (
        input === undefined &&
        output === undefined &&
        read === undefined &&
        write === undefined &&
        duration === undefined
      ) {
        return undefined;
      }
    
      return {
        input: input ?? 0,
        output: output ?? 0,
        read: read ?? 0,
        write: write ?? 0,
        duration: duration ?? 0,
      };
    }
    
    function asBoolean(value: unknown, fallback = false): boolean {
      return typeof value === 'boolean' ? value : fallback;
    }
    
    function asArray<T>(value: unknown, guard: (item: unknown) => item is T): T[] {
      if (!Array.isArray(value)) {
        return [];
      }
      return value.filter(guard);
    }
    
    function joinRichStringSegments(segments: string[]): string {
      let out = "";
      for (const segment of segments) {
        if (!segment) {
          continue;
        }
        if (!out) {
          out = segment;
          continue;
        }
    
        const prevChar = out[out.length - 1];
        const nextChar = segment[0];
        const hasWhitespaceBoundary = /\s/.test(prevChar) || /\s/.test(nextChar);
        const startsWithClosingPunctuation = /^[,.;:!?)}\]]/.test(segment);
        const endsWithOpeningPunctuation = /[(\[{]$/.test(prevChar);
    
        if (
          !hasWhitespaceBoundary &&
          !startsWithClosingPunctuation &&
          !endsWithOpeningPunctuation
        ) {
          out += " ";
        }
    
        out += segment;
      }
      return out;
    }
    
    function asRichString(value: unknown): string {
      if (typeof value === 'string') {
        return value;
      }
      if (Array.isArray(value)) {
        return joinRichStringSegments(value.map((item) => asRichString(item)));
      }
      const rec = asRecord(value);
      if (!rec) {
        return '';
      }
    
      const candidates = [rec.value, rec.text, rec.content, rec.delta];
      for (const candidate of candidates) {
        const text = asRichString(candidate);
        if (text) {
          return text;
        }
      }
    
      return '';
    }
    
    function isOpaqueIdLike(value: string): boolean {
      const text = value.trim();
      if (text.length < 8) {
        return false;
      }
      return (
        /^[a-f0-9-]{8,}$/i.test(text) ||
        /^msg[_-][a-z0-9-]+$/i.test(text) ||
        /^call[_-][a-z0-9-]+$/i.test(text)
      );
    }
    
    function sanitizeReasoningChunk(value: string): string {
      const text = value.trim();
      if (!text || isOpaqueIdLike(text)) {
        return '';
      }
      return value;
    }
    
    function looksLikeReasoningTrace(value: string, currentContent: string): boolean {
      void currentContent;
      const trimmed = value.trim();
      if (!trimmed) {
        return false;
      }
      // Structured-only signal: detect explicit thought tags only.
      return /<\s*\/?\s*thought\s*>/i.test(trimmed);
    }
    
    function splitMixedReasoningFromContent(
      value: string,
    ): { content: string; reasoning: string } | null {
      const text = value.trim();
      if (!text || text.length < 40) {
        return null;
      }
    
      const openTag = /<\s*thought\s*>/i.exec(text);
      const closeTag = /<\s*\/\s*thought\s*>/i.exec(text);
      if (!openTag || !closeTag || closeTag.index <= openTag.index) {
        return null;
      }
    
      const content = text.slice(0, openTag.index).trim();
      const reasoning = text
        .slice(openTag.index + openTag[0].length, closeTag.index)
        .trim();
      if (!content || !reasoning) {
        return null;
      }
    
      return { content, reasoning };
    }
    
    function needsBoundarySpace(previous: string, next: string): boolean {
      if (!previous || !next) {
        return false;
      }
    
      const prevChar = previous[previous.length - 1];
      const nextChar = next[0];
      if (/\s/.test(prevChar) || /\s/.test(nextChar)) {
        return false;
      }
      if (/^[,.;:!?)}\]]/.test(next)) {
        return false;
      }
      if (/[(\[{]$/.test(prevChar)) {
        return false;
      }
    
      return /[A-Za-z0-9]/.test(prevChar) && /[A-Za-z0-9]/.test(nextChar);
    }
    
    function resolveStreamingContentUpdate(
      currentContent: string,
      incomingChunk: string,
      fromDelta: boolean,
    ): { content: string; append: boolean } | null {
      if (!incomingChunk) {
        return null;
      }
    
      if (!currentContent) {
        return { content: incomingChunk, append: false };
      }
    
      const withBoundary =
        fromDelta && needsBoundarySpace(currentContent, incomingChunk)
          ? ` ${incomingChunk}`
          : incomingChunk;
    
      if (fromDelta) {
        return { content: withBoundary, append: true };
      }
    
      const currentNormalized = currentContent.replace(/\r\n/g, '\n');
      const incomingNormalized = incomingChunk.replace(/\r\n/g, '\n');
    
      if (incomingNormalized === currentNormalized) {
        return null;
      }
    
      if (incomingNormalized.startsWith(currentNormalized)) {
        const remainder = incomingNormalized.slice(currentNormalized.length);
        if (!remainder) {
          return null;
        }
        const patchedRemainder =
          needsBoundarySpace(currentContent, remainder) ? ` ${remainder}` : remainder;
        return { content: patchedRemainder, append: true };
      }
    
      if (currentNormalized.startsWith(incomingNormalized)) {
        // Older snapshot; ignore to avoid regressions/flicker.
        return null;
      }
    
      // Non-delta updates are usually full snapshots from providers.
      return { content: incomingChunk, append: false };
    }
    
    function normalizePartType(value: unknown): string {
      const raw = asString(value).trim().toLowerCase();
      if (!raw) {
        return "";
      }
      if (raw === "thinking" || raw === "thought") {
        return "reasoning";
      }
      if (raw === "stepstart" || raw === "step_start") {
        return "step-start";
      }
      if (raw === "stepfinish" || raw === "step_finish") {
        return "step-finish";
      }
      if (raw === "toolcall" || raw === "tool_call" || raw === "tool-call") {
        return "tool";
      }
      return raw;
    }
    
    type StructuredProgressUpdate = {
      title: string;
      status?: 'pending' | 'done' | 'error';
      meta?: string;
      filePath?: string;
    };
    
    function normalizeProgressStatus(
      value?: string | null,
    ): "pending" | "done" | "error" {
      const v = value?.toLowerCase();
      if (
        v === "done" ||
        v === "completed" ||
        v === "success" ||
        v === "finished" ||
        v === "complete"
      ) {
        return "done";
      }
      if (v === "error" || v === "failed") {
        return "error";
      }
      return "pending";
    }
    
    function normalizeDiffStats(
      value: unknown,
    ): { added: number; deleted: number } | undefined {
      const rec = asRecord(value);
      if (!rec) {
        return undefined;
      }
      const addedRaw =
        typeof rec.added === "number" && Number.isFinite(rec.added)
          ? rec.added
          : undefined;
      const deletedRaw =
        typeof rec.deleted === "number" && Number.isFinite(rec.deleted)
          ? rec.deleted
          : undefined;
      if (typeof addedRaw !== "number" && typeof deletedRaw !== "number") {
        return undefined;
      }
      return {
        added: Math.max(0, addedRaw ?? 0),
        deleted: Math.max(0, deletedRaw ?? 0),
      };
    }
    
    function normalizeActivityDiffExcerpt(
      value: unknown,
    ): ActivityDiffExcerpt | undefined {
      const rec = asRecord(value);
      if (!rec) {
        return undefined;
      }
      const lines = Array.isArray(rec.lines)
        ? rec.lines.filter((line): line is string => typeof line === "string")
        : [];
    
      // Check if there are diff stats (added/deleted counts)
      const added = typeof rec.added === 'number' && Number.isFinite(rec.added) ? Math.max(0, rec.added) : undefined;
      const deleted = typeof rec.deleted === 'number' && Number.isFinite(rec.deleted) ? Math.max(0, rec.deleted) : undefined;
    
      // Return excerpt if we have lines OR diff stats
      // This allows fallback rendering of diff stats even without detailed lines
      if (lines.length === 0 && !added && !deleted) {
        return undefined;
      }
    
      return {
        header: asOptionalString(rec.header),
        lines,
        added,
        deleted,
      };
    }
    
    function normalizeActivityDetail(value: unknown): ActivityDetail | undefined {
      const rec = asRecord(value);
      if (!rec) {
        return undefined;
      }
      const metadataRec = asRecord(rec.metadata);
      const metadata: Record<string, string | number | boolean> = {};
      if (metadataRec) {
        for (const [key, fieldValue] of Object.entries(metadataRec)) {
          if (
            typeof fieldValue === "string" ||
            typeof fieldValue === "number" ||
            typeof fieldValue === "boolean"
          ) {
            metadata[key] = fieldValue;
          }
        }
      }
    
      const activityDetail: ActivityDetail = {
        kind: asOptionalString(rec.kind) as ActivityDetail["kind"] | undefined,
        summary: asOptionalString(rec.summary),
        command: asOptionalString(rec.command),
        tool: asOptionalString(rec.tool),
        query: asOptionalString(rec.query),
        file: asOptionalString(rec.file),
        diffExcerpt: normalizeActivityDiffExcerpt(rec.diffExcerpt),
        metadata: Object.keys(metadata).length > 0 ? metadata : undefined,
      };
    
      if (
        !activityDetail.kind &&
        !activityDetail.summary &&
        !activityDetail.command &&
        !activityDetail.tool &&
        !activityDetail.query &&
        !activityDetail.file &&
        !activityDetail.diffExcerpt &&
        !activityDetail.metadata
      ) {
        return undefined;
      }
    
      return activityDetail;
    }
    
    type ActivitySource = "stream" | "final" | "raw_debug";
    
    type ParsedRawDebug = {
      parseStatus: "parsed" | "empty" | "unparseable" | "truncated";
      parts: UnknownRecord[];
      info: UnknownRecord | null;
    };
    
    function normalizeActivitySource(
      value: unknown,
      fallback: ActivitySource,
    ): ActivitySource {
      const source = asString(value).toLowerCase();
      if (source === "stream" || source === "final" || source === "raw_debug") {
        return source;
      }
      return fallback;
    }
    
    function mergeActivitySource(
      current?: ActivitySource,
      incoming?: ActivitySource,
    ): ActivitySource | undefined {
      const rank: Record<ActivitySource, number> = {
        stream: 3,
        final: 2,
        raw_debug: 1,
      };
      if (!current) return incoming;
      if (!incoming) return current;
      return rank[incoming] >= rank[current] ? incoming : current;
    }
    
    function isInternalToolName(tool?: string): boolean {
      const normalized = (tool || "").toLowerCase();
      if (!normalized) return false;
      return (
        normalized.includes("structuredoutput") ||
        normalized.includes("structured_output") ||
        normalized.includes("transport")
      );
    }
    
    function parseRawResponseDebug(value: unknown): ParsedRawDebug {
      if (typeof value === "undefined" || value === null) {
        return { parseStatus: "empty", parts: [], info: null };
      }
    
      if (typeof value === "object") {
        const rec = asRecord(value);
        const parts = Array.isArray(rec?.parts)
          ? rec?.parts.map((part) => asRecord(part)).filter((part): part is UnknownRecord => !!part)
          : [];
        return { parseStatus: "parsed", parts, info: asRecord(rec?.info) };
      }
    
      if (typeof value !== "string") {
        return { parseStatus: "unparseable", parts: [], info: null };
      }
    
      const trimmed = value.trim();
      if (!trimmed) {
        return { parseStatus: "empty", parts: [], info: null };
      }
    
      const truncatedMarkerMatch = trimmed.match(/\.\.\.<truncated\s+\d+\s+chars>\s*$/i);
      const isTruncated = !!truncatedMarkerMatch;
      const candidate = isTruncated
        ? trimmed.slice(0, truncatedMarkerMatch?.index ?? trimmed.length).trim()
        : trimmed;
    
      try {
        const parsed = JSON.parse(candidate);
        const rec = asRecord(parsed);
        const parts = Array.isArray(rec?.parts)
          ? rec?.parts.map((part) => asRecord(part)).filter((part): part is UnknownRecord => !!part)
          : [];
        return {
          parseStatus: isTruncated ? "truncated" : "parsed",
          parts,
          info: asRecord(rec?.info),
        };
      } catch {
        return { parseStatus: isTruncated ? "truncated" : "unparseable", parts: [], info: null };
      }
    }
    
    function normalizeActivityStepRecord(
      value: unknown,
      fallbackSource: ActivitySource,
    ): MessageStep | undefined {
      const rec = asRecord(value);
      if (!rec) {
        return undefined;
      }
      const label = asString(rec.label);
      const summary = asString(rec.summary);
      const title =
        asString(rec.title) ||
        asString(rec.message) ||
        (label && summary ? `${label} ${summary}` : label || summary) ||
        asString(rec.tool);
      if (!title) {
        return undefined;
      }
      const stateRec = asRecord(rec.state);
      const stateInput = asRecord(stateRec?.input);
      const filePath =
        asString(rec.filePath) ||
        asString(rec.content) ||
        asString(rec.file) ||
        asString(rec.path) ||
        asString(stateInput?.file) ||
        asString(stateInput?.path) ||
        undefined;
      const statusRaw = asString(stateRec?.status) || asString(rec.status);
    
      return {
        type: asString(rec.type) || "step",
        title,
        content: filePath,
        status: statusRaw ? normalizeProgressStatus(statusRaw) : undefined,
        source: normalizeActivitySource(rec.source, fallbackSource),
        partType: asString(rec.partType) || asString(rec.type) || undefined,
        internal: asBoolean(rec.internal, false),
        meta:
          asString(rec.meta) ||
          asString(rec.detail) ||
          asString(rec.description) ||
          asString(rec.subtitle) ||
          asString(stateRec?.meta) ||
          asString(stateRec?.detail) ||
          asString(stateRec?.description) ||
          undefined,
        id: asString(rec.id) || undefined,
        callID: asString(rec.callID) || asString(rec.callId) || undefined,
        streamSeq: asOptionalNumber(rec.streamSeq),
        diffStats: normalizeDiffStats(rec.diffStats),
        activityDetail: normalizeActivityDetail(rec.activityDetail),
      };
    }
    
    function activityStepMergeKey(step: MessageStep, index: number): string {
      const callID = asString(step.callID).trim();
      if (callID) {
        return `call:${callID}`;
      }
      const id = asString(step.id).trim();
      if (id) {
        return `id:${id}`;
      }
      const title = asString(step.title).trim().toLowerCase();
      const content = asString(step.content).trim().toLowerCase();
      if (title || content) {
        return `title:${title}|content:${content}`;
      }
      return `index:${index}`;
    }
    
    function mergeCanonicalActivityStep(
      existing: MessageStep,
      incoming: MessageStep,
    ): MessageStep {
      const currentStatus = asString(existing.status);
      const nextStatus = asString(incoming.status);
      let status = currentStatus || undefined;
      if (nextStatus) {
        if (
          (currentStatus === "done" || currentStatus === "error") &&
          nextStatus === "pending"
        ) {
          status = currentStatus;
        } else {
          status = normalizeProgressStatus(nextStatus);
        }
      }
    
      const existingSeq = existing.streamSeq;
      const incomingSeq = incoming.streamSeq;
      let streamSeq = existingSeq;
      if (typeof streamSeq !== "number") {
        streamSeq = incomingSeq;
      } else if (typeof incomingSeq === "number") {
        streamSeq = Math.min(streamSeq, incomingSeq);
      }
    
      return {
        ...existing,
        ...incoming,
        title: incoming.title || existing.title,
        type: incoming.type || existing.type,
        status,
        meta: incoming.meta || existing.meta,
        content: incoming.content || existing.content,
        id: existing.id || incoming.id,
        callID: existing.callID || incoming.callID,
        streamSeq,
        diffStats: incoming.diffStats || existing.diffStats,
        activityDetail: incoming.activityDetail || existing.activityDetail,
        source: mergeActivitySource(existing.source, incoming.source),
        partType: incoming.partType || existing.partType,
        internal: Boolean(existing.internal || incoming.internal),
      };
    }
    
    function extractActivityStepsFromParts(
      parts: MessagePart[],
      fallbackSource: ActivitySource,
    ): MessageStep[] {
      const fromParts: MessageStep[] = [];
      const stepIndexByCallId = new Map<string, number>();
      for (const part of parts) {
        const rec = asRecord(part);
        if (!rec) {
          continue;
        }
        const partType = normalizePartType(rec.type);
        if (
          partType !== "tool" &&
          partType !== "step-start" &&
          partType !== "step-finish" &&
          partType !== "patch"
        ) {
          continue;
        }
    
        const tool = asString(rec.tool);
        const toolLower = tool.toLowerCase();
        const isInternal = isInternalToolName(tool);
    
        const callID = asString(rec.callID) || asString(rec.callId) || undefined;
    
        const stateRec = asRecord(rec.state);
        const inputRec = asRecord(stateRec?.input);
        const resultRec = asRecord(stateRec?.result);
        const filePath =
          asString(inputRec?.file) ||
          asString(inputRec?.path) ||
          asString(inputRec?.filename) ||
          asString(inputRec?.TargetFile) ||
          asString(inputRec?.AbsolutePath) ||
          asString(inputRec?.uri) ||
          asString(inputRec?.DirectoryPath) ||
          asString(inputRec?.SearchPath) ||
          asString(inputRec?.SearchDirectory) ||
          asString(rec.filePath) ||
          undefined;
        const metaValues = [
          asString(inputRec?.CommandId),
          asString(inputRec?.CommandLine),
          asString(inputRec?.Query),
          asString(inputRec?.Pattern),
          asString(inputRec?.pattern),
          asString(inputRec?.command),
          asString(inputRec?.query),
          asString(inputRec?.url),
          asString(inputRec?.Url),
        ].filter(Boolean);
        const explicitTitle =
          asString(rec.title) ||
          asString(stateRec?.title) ||
          asString(stateRec?.label);
        const meta =
          asString(rec.meta) ||
          asString(rec.detail) ||
          asString(rec.description) ||
          asString(stateRec?.meta) ||
          asString(stateRec?.detail) ||
          asString(stateRec?.description) ||
          metaValues[0] ||
          undefined;
        const statusValue = asString(stateRec?.status ?? rec.status);
        const existingIndex =
          callID && stepIndexByCallId.has(callID)
            ? stepIndexByCallId.get(callID)
            : undefined;
        const title =
          explicitTitle ||
          (tool ? `Running ${tool}...` : inferredStepTitle(rec));
        const normalizedStatus =
          partType === "step-finish"
            ? "done"
            : statusValue
              ? normalizeProgressStatus(statusValue)
              : partType === "step-start"
                ? "pending"
                : "done";
        const normalized: MessageStep = {
          type: partType || "step",
          title,
          content: filePath,
          status: normalizedStatus,
          source: fallbackSource,
          partType: partType || asString(rec.type) || undefined,
          internal: isInternal,
          meta,
          id: asString(rec.id) || undefined,
          callID,
          streamSeq: asOptionalNumber(rec.streamSeq),
          diffStats:
            normalizeDiffStats(resultRec?.diffStats) ||
            normalizeDiffStats(rec.diffStats),
          activityDetail:
            normalizeActivityDetail(resultRec?.activityDetail) ||
            normalizeActivityDetail(rec.activityDetail) ||
            normalizeActivityDetail({
              kind: "tool_call",
              tool: tool || undefined,
              command: metaValues[0],
              file: filePath,
            }),
        };
    
        if (typeof existingIndex === "number") {
          // History can include multiple tool snapshots with the same callID.
          // Merge them so hydrated rows preserve the latest title/meta/status.
          fromParts[existingIndex] = mergeCanonicalActivityStep(
            fromParts[existingIndex],
            normalized,
          );
          continue;
        }
    
        fromParts.push(normalized);
        if (callID) {
          stepIndexByCallId.set(callID, fromParts.length - 1);
        }
      }
      return fromParts;
    }
    
    function normalizeActivitySteps(
      message: Message,
      streaming: StreamingState | null,
      sanitizedMergedParts: MessagePart[],
    ): MessageStep[] {
      const candidates: unknown[] = [];
      if (Array.isArray(message.steps)) {
        candidates.push(
          ...message.steps.map((step) => ({ ...step, source: step.source || "final" })),
        );
      }
      if (Array.isArray(message.progressEvents)) {
        candidates.push(
          ...message.progressEvents.map((step) => ({ ...step, source: step.source || "final" })),
        );
      }
      if (Array.isArray(streaming?.steps)) {
        candidates.push(
          ...streaming.steps.map((step) => ({ ...step, source: step.source || "stream" })),
        );
      }
      if (Array.isArray(streaming?.progressEvents)) {
        candidates.push(
          ...streaming.progressEvents.map((step) => ({ ...step, source: step.source || "stream" })),
        );
      }
    
      const parsedRaw = parseRawResponseDebug(message.rawResponse);
      if (parsedRaw.parts.length > 0) {
        const rawSteps = extractActivityStepsFromParts(
          parsedRaw.parts as unknown as MessagePart[],
          "raw_debug",
        );
        candidates.push(...rawSteps);
      }
    
      const merged: MessageStep[] = [];
      const indexByKey = new Map<string, number>();
      candidates.forEach((candidate, index) => {
        const normalized = normalizeActivityStepRecord(candidate, "final");
        if (!normalized) {
          return;
        }
        const key = activityStepMergeKey(normalized, index);
        const existingIndex = indexByKey.get(key);
        if (typeof existingIndex !== "number") {
          indexByKey.set(key, merged.length);
          merged.push(normalized);
          return;
        }
        merged[existingIndex] = mergeCanonicalActivityStep(
          merged[existingIndex],
          normalized,
        );
      });
    
      if (merged.length > 0) {
        return merged;
      }
      return extractActivityStepsFromParts(sanitizedMergedParts, "final");
    }
    
    type StructuredInteractiveEvent = {
      type: 'question' | 'confirm' | 'quick_actions' | 'message';
      id?: string;
      title?: string;
      question?: string;
      message?: string;
      options?: InteractiveChoice[];
      actions?: InteractiveChoice[];
      confirmLabel?: string;
      cancelLabel?: string;
      dismissLabel?: string;
      multiSelect?: boolean;
      allowCustomInput?: boolean;
    };
    
    type StructuredSubagent = {
      id: string;
      name?: string;
      status?: string;
      progress?: number;
      description?: string;
      latestActivity?: string;
      childSessionId?: string;
      parentSessionId?: string;
      parentMessageId?: string;
      thinkingEvents?: SubagentThinkingEvent[];
      progressEvents?: SubagentProgressEvent[];
      timelineEvents?: SubagentTimelineEvent[];
    };
    
    type StructuredOutput = {
      responseType?: StructuredResponseType | string;
      message?: string;
      plan?: {
        file?: string;
        files?: unknown[];
        content?: string;
        title?: string;
        intro?: string;
        summary?: string;
        fileCount?: number;
      };
      reasoning?: string[];
      progressUpdates?: StructuredProgressUpdate[];
      interactiveEvents?: StructuredInteractiveEvent[];
      question?: {
        type?: string;
        id?: string;
        title?: string;
        question?: string;
        text?: string;
        multiSelect?: boolean;
        allowCustomInput?: boolean;
        options?: Array<{ id?: string; label?: string; value?: string; description?: string }>;
        choices?: Array<{ id?: string; label?: string; value?: string; description?: string }>;
        actions?: Array<{ id?: string; label?: string; value?: string; description?: string }>;
        confirmLabel?: string;
        cancelLabel?: string;
        dismissLabel?: string;
        message?: string;
        content?: string;
        displayPrompt?: string;
        assistantPrompt?: string;
      };
      subagents?: StructuredSubagent[];
      subagentsDelta?: {
        parentMessageId?: string;
        items: StructuredSubagent[];
      };
    };
    
    function normalizeStructuredOutput(value: unknown): StructuredOutput | undefined {
      let candidate: unknown = value;
      if (typeof candidate === 'string') {
        try {
          candidate = JSON.parse(candidate);
        } catch {
          return undefined;
        }
      }
      const rec = asRecord(candidate);
      if (!rec) {
        return undefined;
      }
      const validation = validateStructuredOutput(rec);
      if (!validation.valid) {
        // Enhanced logging for debugging model-specific validation failures
        const inputPreview = JSON.stringify(rec).slice(0, 500);
        webviewLogger.warn("Structured output validation failed", {
          errors: validation.errors,
          inputPreview: inputPreview.length < 500 ? inputPreview : inputPreview + "...",
          hasResponseType: typeof rec.responseType !== 'undefined',
          responseTypeValue: rec.responseType,
          hasMessage: typeof rec.message !== 'undefined',
          hasPlan: typeof rec.plan !== 'undefined',
          hasQuestion: typeof rec.question !== 'undefined',
          keys: Object.keys(rec),
        });
        return undefined;
      }
      const sanitizedRec = sanitizeStructuredOutput(rec);
    
      const rawResponseType =
        asString(sanitizedRec.responseType) || asString(rec.type) || asString(rec.kind) || undefined;
      if (!rawResponseType) {
        return undefined;
      }
      const responseType =
        rawResponseType.toLowerCase() === "interactive"
          ? "question"
          : rawResponseType;
      const messageText =
        asString(sanitizedRec.message) ||
        asString((rec as UnknownRecord).message) ||
        undefined;
      const planRec = asRecord(sanitizedRec.plan) ?? asRecord(rec.plan);
      const normalizedPlan = planRec
        ? {
          file: asString(planRec.file) || undefined,
          files: Array.isArray(planRec.files) ? planRec.files : undefined,
          content: asString(planRec.content) || undefined,
          title: asString(planRec.title) || undefined,
          intro: asString(planRec.intro) || undefined,
          summary: asString(planRec.summary) || undefined,
          fileCount:
            typeof planRec.fileCount === "number" && Number.isFinite(planRec.fileCount)
              ? planRec.fileCount
              : undefined,
        }
        : undefined;
      const hasNormalizedPlan =
        !!normalizedPlan &&
        !!(
          normalizedPlan.file ||
          normalizedPlan.content ||
          (Array.isArray(normalizedPlan.files) && normalizedPlan.files.length > 0)
        );
    
      const reasoningRaw =
        sanitizedRec.reasoning;
      const reasoning = Array.isArray(reasoningRaw)
        ? reasoningRaw
          .filter((item): item is string => typeof item === 'string')
          .map((item) => item.trim())
          .filter(Boolean)
        : typeof reasoningRaw === 'string' && reasoningRaw.trim()
          ? [reasoningRaw.trim()]
          : [];
      const normalizeComparableText = (value: string): string =>
        value.replace(/\r\n/g, "\n").replace(/\s+/g, " ").trim().toLowerCase();
      const stripAssistantEchoFromReasoning = (
        chunk: string,
        replyText?: string,
      ): string => {
        const trimmedChunk = chunk.trim();
        if (!trimmedChunk) {
          return "";
        }
        if (!replyText) {
          return trimmedChunk;
        }
        const trimmedReply = replyText.trim();
        if (!trimmedReply) {
          return trimmedChunk;
        }
        if (
          normalizeComparableText(trimmedChunk) ===
          normalizeComparableText(trimmedReply)
        ) {
          return "";
        }
        if (trimmedChunk.startsWith(trimmedReply)) {
          return trimmedChunk
            .slice(trimmedReply.length)
            .replace(/^[\s:;,\-.!?]+/, "")
            .trim();
        }
        return trimmedChunk;
      };
      const cleanedReasoning = reasoning
        .map((chunk) =>
          stripAssistantEchoFromReasoning(chunk, messageText),
        )
        .filter(Boolean);
    
      const progressRaw =
        sanitizedRec.progressUpdates ?? (rec.progress_updates as unknown);
      const progressUpdates = Array.isArray(progressRaw)
        ? progressRaw
          .map((item) => {
            const step = asRecord(item);
            if (!step) {
              return undefined;
            }
            const title = asString(step.title) || asString(step.message);
            if (!title) {
              return undefined;
            }
            const statusValue = asString(step.status);
            const status = normalizeProgressStatus(statusValue);
            return {
              title,
              status,
              meta: asString(step.meta) || asString(step.detail) || undefined,
              filePath:
                asString(step.filePath) ||
                asString(step.file) ||
                asString(step.path) ||
                undefined
            } as StructuredProgressUpdate;
          })
          .filter((step): step is StructuredProgressUpdate => !!step)
        : [];
    
      const normalizeChoices = (raw: unknown): InteractiveChoice[] => {
        let candidate = raw;
        if (typeof candidate === "string") {
          try {
            candidate = JSON.parse(candidate);
          } catch {
            return [];
          }
        }
        if (!Array.isArray(candidate)) {
          return [];
        }
        return candidate
          .map((item) => {
            const option = asRecord(item);
            if (!option) {
              return null;
            }
            const label = asString(option.label) || asString(option.value);
            if (!label) {
              return null;
            }
            return {
              id: asString(option.id) || undefined,
              label,
              value: asString(option.value) || label,
              description: asString(option.description) || asString(option.detail) || undefined
            } as InteractiveChoice;
          })
          .filter((item): item is InteractiveChoice => !!item);
      };
    
      const normalizeInteractiveEvent = (
        raw: unknown,
        index: number
      ): StructuredInteractiveEvent | undefined => {
        const event = asRecord(raw);
        if (!event) {
          return undefined;
        }
        const typeRaw = (asString(event.type) || asString(event.kind)).toLowerCase();
        const id = asString(event.id) || `interactive-${Date.now()}-${index}`;
    
        if (typeRaw === 'confirm') {
          const question = asString(event.question) || asString(event.prompt) || asString(event.message);
          if (!question) {
            return undefined;
          }
          return {
            type: 'confirm',
            id,
            title: asString(event.title) || undefined,
            question,
            confirmLabel: asString(event.confirmLabel) || asString(event.confirm_text) || undefined,
            cancelLabel: asString(event.cancelLabel) || asString(event.cancel_text) || undefined
          };
        }
    
        if (typeRaw === 'quick_actions' || typeRaw === 'quick-actions') {
          const actions = normalizeChoices(event.actions ?? event.options);
          if (actions.length === 0) {
            return undefined;
          }
          return {
            type: 'quick_actions',
            id,
            title: asString(event.title) || asString(event.question) || undefined,
            actions
          };
        }
    
        if (typeRaw === 'question' || typeRaw === 'interactive') {
          const question = asString(event.question) || asString(event.prompt) || asString(event.title);
          const options = normalizeChoices(event.options ?? event.choices);
          if (!question || options.length < 2) {
            return undefined;
          }
          return {
            type: 'question',
            id,
            title: asString(event.title) || undefined,
            question,
            options,
            multiSelect: event.multiSelect === true,
            allowCustomInput: event.allowCustomInput === true
          };
        }
    
        if (typeRaw === 'message') {
          const message =
            asString(event.message) ||
            asString(event.content) ||
            asString(event.text);
          if (!message) {
            return undefined;
          }
          return {
            type: 'message',
            id,
            title: asString(event.title) || undefined,
            message,
            dismissLabel:
              asString(event.dismissLabel) ||
              asString(event.dismiss_label) ||
              undefined,
          };
        }
    
        return undefined;
      };
    
      const normalizedQuestion = asRecord(sanitizedRec.question) ?? asRecord(rec.question);
      const sanitizedInteractiveEvents = Array.isArray(sanitizedRec.interactiveEvents)
        ? sanitizedRec.interactiveEvents
        : undefined;
      const interactiveRaw =
        (sanitizedInteractiveEvents && sanitizedInteractiveEvents.length > 0
          ? sanitizedInteractiveEvents
          : undefined) ??
        normalizedQuestion ??
        rec.interactions ??
        rec.uiEvents ??
        rec.question ??
        rec.questions;
      const singleInteractive = normalizeInteractiveEvent(interactiveRaw, 0);
      let interactiveEvents = Array.isArray(interactiveRaw)
        ? interactiveRaw
          .map((event, index) => normalizeInteractiveEvent(event, index))
          .filter((event): event is StructuredInteractiveEvent => !!event)
        : singleInteractive
          ? [singleInteractive]
          : [];
    
      const rootQuestion =
        asString(normalizedQuestion?.question) ||
        asString(normalizedQuestion?.text) ||
        asString(rec.question) ||
        asString(rec.prompt);
      const questionOptionSource = (() => {
        const normalizedSource =
          normalizedQuestion?.options ?? normalizedQuestion?.choices;
        if (Array.isArray(normalizedSource)) {
          if (normalizedSource.length > 0) {
            return normalizedSource;
          }
        } else if (
          typeof normalizedSource === "string" &&
          normalizedSource.trim().length > 0
        ) {
          return normalizedSource;
        }
        return rec.options ?? rec.choices ?? rec.actions;
      })();
      const rootOptions = normalizeChoices(questionOptionSource);
      const rootAllowCustomInput =
        normalizedQuestion?.allowCustomInput === true || rec.allowCustomInput === true;
      const rootMultiSelect =
        normalizedQuestion?.multiSelect === true || rec.multiSelect === true;
    
      if (interactiveEvents.length === 0) {
        if (rootQuestion && rootOptions.length >= 2) {
          interactiveEvents = [
            {
              type: 'question',
              id: `interactive-${Date.now()}-0`,
              title:
                asString(normalizedQuestion?.title) ||
                asString(rec.title) ||
                undefined,
              question: rootQuestion,
              options: rootOptions,
              multiSelect: rootMultiSelect,
              allowCustomInput: rootAllowCustomInput
            }
          ];
        }
      }
    
      const isInteractiveResponseType = responseType === 'question';
      if (interactiveEvents.length === 0 && isInteractiveResponseType) {
        const fallbackQuestion =
          rootQuestion ||
          messageText ||
          "I need a quick clarification before I continue.";
        interactiveEvents = [
          {
            type: 'question',
            id: `interactive-${Date.now()}-fallback`,
            title:
              asString(normalizedQuestion?.title) ||
              asString(rec.title) ||
              "Question",
            question: fallbackQuestion,
            options:
              rootQuestion && rootOptions.length < 2
                ? []
                : rootOptions.length >= 2
                  ? rootOptions
                  : [
                    { id: "yes", label: "Yes", value: "yes" },
                    { id: "no", label: "No", value: "no" },
                  ],
            multiSelect: rootMultiSelect,
            allowCustomInput:
              rootQuestion && rootOptions.length < 2
                ? true
                : rootAllowCustomInput || !rootQuestion,
          },
        ];
      }
    
      // Text-based fallback: detect numbered question lists in plain-text message responses
      if (interactiveEvents.length === 0 && !isInteractiveResponseType) {
        const text = messageText || '';
        const parsed = parseNumberedQuestionsFromText(text);
        if (parsed.length >= 2) {
          interactiveEvents = parsed;
        }
      }
    
      const subagentsRaw =
        sanitizedRec.subagents ?? (rec.spawnedSubagents as unknown);
      const normalizeSubagentStatus = (value: string): SubagentSummary['status'] => {
        const lowered = value.toLowerCase();
        if (lowered === 'running' || lowered === 'done' || lowered === 'error' || lowered === 'orphaned') {
          return lowered;
        }
        return 'pending';
      };
      const normalizeSubagentProgressEvents = (
        raw: unknown,
        subagentId: string,
      ): SubagentProgressEvent[] | undefined => {
        if (!Array.isArray(raw)) {
          return undefined;
        }
        const events = raw
          .map((entry, index) => {
            const evt = asRecord(entry);
            if (!evt) {
              return null;
            }
            const title = sanitizeSubagentLabel(asString(evt.title));
            if (!title) {
              return null;
            }
            return {
              id: asString(evt.id) || `${subagentId}:progress:${index}`,
              title,
              status: normalizeProgressStatus(asString(evt.status)),
              meta: asString(evt.meta) || undefined,
              filePath:
                asString(evt.filePath) ||
                asString(evt.file) ||
                asString(evt.path) ||
                undefined,
              createdAt: asNumber(evt.createdAt, Date.now()),
              messageID: asString(evt.messageID) || undefined,
              partID: asString(evt.partID) || undefined,
              callID: asString(evt.callID) || undefined,
            } as SubagentProgressEvent;
          })
          .filter((item): item is SubagentProgressEvent => !!item);
        const normalized = normalizeSubagentProgressEventsForPresentation(events);
        return normalized.length > 0 ? normalized : undefined;
      };
      const normalizeSubagentThinkingEvents = (
        raw: unknown,
        subagentId: string,
      ): SubagentThinkingEvent[] | undefined => {
        if (!Array.isArray(raw)) {
          return undefined;
        }
        const events = raw
          .map((entry, index) => {
            const evt = asRecord(entry);
            if (!evt) {
              return null;
            }
            const text = asString(evt.text);
            if (!text) {
              return null;
            }
            return {
              id: asString(evt.id) || `${subagentId}:thinking:${index}`,
              text,
              createdAt: asNumber(evt.createdAt, Date.now()),
              messageID: asString(evt.messageID) || undefined,
              partID: asString(evt.partID) || undefined,
            } as SubagentThinkingEvent;
          })
          .filter((item): item is SubagentThinkingEvent => !!item);
        return events.length > 0 ? events : undefined;
      };
      const normalizeSubagentTimelineEvents = (
        raw: unknown,
        subagentId: string,
      ): SubagentTimelineEvent[] | undefined => {
        if (!Array.isArray(raw)) {
          return undefined;
        }
        const events = raw
          .map((entry, index) => {
            const evt = asRecord(entry);
            if (!evt) {
              return null;
            }
            const label = sanitizeSubagentLabel(asString(evt.label));
            if (!label) {
              return null;
            }
            return {
              key: asString(evt.key) || `${subagentId}:timeline:${index}`,
              type: asString(evt.type) || 'event',
              label,
              createdAt: asNumber(evt.createdAt, Date.now()),
              messageID: asString(evt.messageID) || undefined,
              partID: asString(evt.partID) || undefined,
              callID: asString(evt.callID) || undefined,
            } as SubagentTimelineEvent;
          })
          .filter((item): item is SubagentTimelineEvent => !!item);
        const normalized = normalizeSubagentTimelineEventsForPresentation(events);
        return normalized.length > 0 ? normalized : undefined;
      };
      const subagents = Array.isArray(subagentsRaw)
        ? subagentsRaw
          .map((item): StructuredSubagent | null => {
            const subagent = asRecord(item);
            if (!subagent) {
              return null;
            }
            const id = asString(subagent.id);
            if (!id) {
              return null;
            }
            return {
              id,
              name: asString(subagent.name) || asString(subagent.agentId) || undefined,
              status: asString(subagent.status) ? normalizeSubagentStatus(asString(subagent.status)) : undefined,
              progress: typeof subagent.progress === 'number' ? subagent.progress : undefined,
              description: asString(subagent.description) || undefined,
              latestActivity:
                sanitizeSubagentLabel(
                  asString(subagent.latestActivity) || asString(subagent.description),
                ) || undefined,
              childSessionId: asString(subagent.childSessionId) || undefined,
              parentSessionId: asString(subagent.parentSessionId) || undefined,
              parentMessageId: asString(subagent.parentMessageId) || undefined,
              progressEvents: normalizeSubagentProgressEvents(subagent.progressEvents, id),
              thinkingEvents: normalizeSubagentThinkingEvents(subagent.thinkingEvents, id),
              timelineEvents: normalizeSubagentTimelineEvents(subagent.timelineEvents, id),
            };
          })
          .filter(Boolean) as StructuredSubagent[]
        : [];
    
      const subagentsDeltaRaw = (rec.subagentsDelta ?? rec.subagents_delta) as
        | { parentMessageId?: unknown; items?: unknown }
        | undefined;
      const subagentsDelta =
        subagentsDeltaRaw &&
          Array.isArray(subagentsDeltaRaw.items)
          ? {
            parentMessageId: asString(subagentsDeltaRaw.parentMessageId) || undefined,
            items: subagentsDeltaRaw.items
              .map((item) => {
                const subagent = asRecord(item);
                if (!subagent) {
                  return null;
                }
                const id = asString(subagent.id);
                if (!id) {
                  return null;
                }
                return {
                  id,
                  name: asString(subagent.name) || asString(subagent.agentId) || undefined,
                  status: asString(subagent.status) || undefined,
                  progress: typeof subagent.progress === 'number' ? subagent.progress : undefined,
                  description: asString(subagent.description) || undefined,
                  latestActivity:
                    sanitizeSubagentLabel(
                      asString(subagent.latestActivity) || asString(subagent.description),
                    ) || undefined,
                  childSessionId: asString(subagent.childSessionId) || undefined,
                  parentSessionId: asString(subagent.parentSessionId) || undefined,
                  parentMessageId: asString(subagent.parentMessageId) || undefined,
                  progressEvents: normalizeSubagentProgressEvents(subagent.progressEvents, id),
                  thinkingEvents: normalizeSubagentThinkingEvents(subagent.thinkingEvents, id),
                  timelineEvents: normalizeSubagentTimelineEvents(subagent.timelineEvents, id),
                } as StructuredSubagent;
              })
              .filter(Boolean) as StructuredSubagent[]
          }
          : undefined;
    
      if (
        !messageText &&
        !normalizedQuestion &&
        !hasNormalizedPlan &&
        cleanedReasoning.length === 0 &&
        progressUpdates.length === 0 &&
        interactiveEvents.length === 0 &&
        subagents.length === 0 &&
        !subagentsDelta
      ) {
        return undefined;
      }
    
      return {
        responseType,
        message: messageText,
        plan: hasNormalizedPlan ? normalizedPlan : undefined,
        reasoning: cleanedReasoning.length > 0 ? cleanedReasoning : undefined,
        progressUpdates: progressUpdates.length > 0 ? progressUpdates : undefined,
        interactiveEvents: interactiveEvents.length > 0 ? interactiveEvents : undefined,
        question: normalizedQuestion as StructuredOutput['question'] | undefined,
        subagents: subagents.length > 0 ? subagents : undefined,
        subagentsDelta
      };
    }
    
    function parseNumberedQuestionsFromText(text: string): StructuredInteractiveEvent[] {
      if (!text) return [];
      const lines = text.split('\n');
      const events: StructuredInteractiveEvent[] = [];
      let index = 0;
    
      for (const line of lines) {
        const match = line.match(/^\s*\d+\.\s+(.+)$/);
        if (match) {
          const questionText = match[1].trim();
          if (questionText) {
            events.push({
              type: 'question',
              id: `interactive-${Date.now()}-fallback-${index++}`,
              title: "Question",
              question: questionText,
              options: [],
              allowCustomInput: true,
            });
          }
        }
      }
    
      // Only return if we found 2 or more numbered questions (to avoid false positives on normal lists)
      return events.length >= 2 ? events : [];
    }
    
    // Normalize incoming todo-like records into a canonical Todo shape used by the
    // reducer ingestion path. Returns null for malformed entries so callers can
    // skip without throwing.
    function normalizeTodoRecord(raw: unknown): { id: string; text: string; status: TodoItem['status']; sessionId?: string } | null {
      const rec = asRecord(raw);
      if (!rec) return null;
      const id = asString(rec.id).trim();
      const text = asString(rec.text).trim();
      const statusRaw = asString(rec.status).trim().toLowerCase();
      const sessionId = asOptionalString(rec.sessionId);
    
      if (!id || !text) return null;
    
      const allowedStatuses = new Set([
        'pending',
        'in_progress',
        'completed',
        'cancelled',
        'failed',
      ]);
      if (!allowedStatuses.has(statusRaw)) return null;
    
      return { id, text, status: statusRaw as TodoItem['status'], sessionId };
    }
    
    // Given a normalized todo record, decide whether to ADD_TODO_ITEM or
    // UPDATE_TODO_ITEM so both stream-derived structured payloads and explicit
    // todoUpdate postMessage events follow one ingestion path and produce the
    // same reducer state. Malformed items are ignored by callers before calling
    // this helper.
    function ingestNormalizedTodo(
      dispatch: Dispatch<AppAction>,
      getState: () => AppState,
      item: { id: string; text: string; status: TodoItem['status']; sessionId?: string },
    ): void {
      const existingIds = new Set((getState().todoItems || []).map((t) => t.id));
      if (existingIds.has(item.id)) {
        const patch: Partial<TodoItem> = { text: item.text, status: item.status };
        if (item.sessionId) patch.sessionId = item.sessionId;
        dispatch({ type: 'UPDATE_TODO_ITEM', payload: { id: item.id, patch } });
      } else {
        dispatch({
          type: 'ADD_TODO_ITEM',
          payload: {
            id: item.id,
            text: item.text,
            status: item.status,
            sessionId: item.sessionId ?? '',
          },
        });
      }
    }
    
    function toInteractiveEvents(structured?: StructuredOutput): InteractiveEvent[] {
      const events = structured?.interactiveEvents ?? [];
      // NOTE: contextMessage is the full AI conversational context shown as a header in the popup
      // card. We prefer displayPrompt from the question sub-object.
      // top level. This is intentionally sourced once for all events (they belong to the same turn).
      const structuredRec = asRecord(structured as UnknownRecord | undefined);
      const questionObj = asRecord(structuredRec?.question);
      const contextMessage: string | undefined =
        asOptionalString(questionObj?.displayPrompt) ||
        asOptionalString(questionObj?.assistantPrompt) ||
        undefined;
    
      const mapped = events
        .map((event, index) => {
          const id = event.id || `interactive-${Date.now()}-${index}`;
          if (event.type === 'confirm') {
            if (!event.question) {
              return undefined;
            }
            return {
              type: 'confirm',
              id,
              title: event.title,
              question: event.question,
              confirmLabel: event.confirmLabel,
              cancelLabel: event.cancelLabel,
              contextMessage,
            } as InteractiveEvent;
          }
          if (event.type === 'quick_actions') {
            const actions = Array.isArray(event.actions) ? event.actions : [];
            if (actions.length === 0) {
              return undefined;
            }
            return {
              type: 'quick_actions',
              id,
              title: event.title,
              actions,
              contextMessage,
            } as InteractiveEvent;
          }
          if (event.type === 'question') {
            const options = Array.isArray(event.options) ? event.options : [];
            if (!event.question || options.length < 2) {
              return undefined;
            }
            return {
              type: 'question',
              id,
              title: event.title,
              question: event.question,
              options,
              multiSelect: event.multiSelect,
              allowCustomInput: event.allowCustomInput,
              contextMessage,
            } as InteractiveEvent;
          }
          if (event.type === 'message') {
            if (!event.message) {
              return undefined;
            }
            return {
              type: 'message',
              id,
              title: event.title,
              message: event.message,
              dismissLabel: event.dismissLabel,
              contextMessage,
            } as InteractiveEvent;
          }
          return undefined;
        })
        .filter((event): event is InteractiveEvent => !!event);
    
      // Fallback: if no interactiveEvents were produced but the structured output has a
      // question object, synthesize an interactive event from it. This handles the common
      // case where the model populates only the question object without the interactiveEvents
      // array (minimal valid question output).
      if (mapped.length === 0 && questionObj) {
        const questionText =
          asOptionalString(questionObj.question) ||
          asOptionalString(questionObj.text);
        if (questionText) {
          const qType = asOptionalString(questionObj.type)?.toLowerCase() || 'question';
          const id = asOptionalString(questionObj.id) || `question-${Date.now()}`;
          const title = asOptionalString(questionObj.title);
          const options = Array.isArray(questionObj.options) ? questionObj.options : [];
    
          if (qType === 'confirm') {
            mapped.push({
              type: 'confirm',
              id,
              title,
              question: questionText,
              confirmLabel: asOptionalString(questionObj.confirmLabel),
              cancelLabel: asOptionalString(questionObj.cancelLabel),
              contextMessage,
            } as InteractiveEvent);
          } else if (qType === 'quick_actions') {
            const actions = Array.isArray(questionObj.actions) ? questionObj.actions : [];
            if (actions.length > 0) {
              mapped.push({
                type: 'quick_actions',
                id,
                title,
                actions,
                contextMessage,
              } as InteractiveEvent);
            }
          } else if (qType === 'message') {
            mapped.push({
              type: 'message',
              id,
              title,
              message: asOptionalString(questionObj.message) || questionText,
              dismissLabel: asOptionalString(questionObj.dismissLabel),
              contextMessage,
            } as InteractiveEvent);
          } else if (options.length >= 2) {
            mapped.push({
              type: 'question',
              id,
              title,
              question: questionText,
              options,
              multiSelect: !!questionObj.multiSelect,
              allowCustomInput: !!questionObj.allowCustomInput,
              contextMessage,
            } as InteractiveEvent);
          }
        }
      }
    
      return mapped;
    }
    
    function hasBlockingInteractiveEvents(events: InteractiveEvent[]): boolean {
      return events.some(
        (event) =>
          event.type === "question" ||
          event.type === "confirm" ||
          event.type === "quick_actions",
      );
    }
    
    function isLikelyInteractiveAwaitTimeout(message: string): boolean {
      const normalized = message.trim().toLowerCase();
      if (!normalized || !normalized.includes("timeout")) {
        return false;
      }
    
      return (
        normalized.includes("headers timeout") ||
        normalized.includes("header timeout") ||
        normalized.includes("und_err_headers_timeout") ||
        normalized.includes("request timed out") ||
        normalized.includes("response timeout") ||
        normalized.includes("body timeout")
      );
    }
    
    function isLowSignalTimeoutFragment(content: string): boolean {
      const normalized = content.trim().toLowerCase();
      if (!normalized) {
        return true;
      }
      if (normalized.length <= 2) {
        return true;
      }
    
      const compact = normalized
        .replace(/[^a-z0-9\s]/g, " ")
        .replace(/\s+/g, " ")
        .trim();
      if (!compact) {
        return true;
      }
    
      if (
        compact === "me" ||
        compact === "let" ||
        compact === "let me" ||
        compact === "i" ||
        compact === "ill"
      ) {
        return true;
      }
    
      return false;
    }
    
    function normalizeInteractiveChoices(raw: unknown): InteractiveChoice[] {
      let candidate = raw;
      if (typeof candidate === "string") {
        try {
          candidate = JSON.parse(candidate);
        } catch {
          return [];
        }
      }
      if (!Array.isArray(candidate)) {
        return [];
      }
      return candidate
        .map((item) => {
          const rec = asRecord(item);
          if (!rec) {
            return null;
          }
          const label = asString(rec.label) || asString(rec.value);
          if (!label) {
            return null;
          }
          return {
            id: asString(rec.id) || undefined,
            label,
            value: asString(rec.value) || label,
            description: asString(rec.description) || asString(rec.detail) || undefined,
          } as InteractiveChoice;
        })
        .filter((item): item is InteractiveChoice => !!item);
    }
    
    function normalizeToolInteractiveEvent(
      record: UnknownRecord,
      fallbackId: string,
      fallbackTitle?: string,
    ): InteractiveEvent | undefined {
      const id = asString(record.id) || fallbackId;
      const typeRaw = asString(record.type).toLowerCase();
      const title = asString(record.title) || fallbackTitle || undefined;
    
      if (typeRaw === "message") {
        const message =
          asString(record.message) ||
          asString(record.content) ||
          asString(record.text);
        if (!message) {
          return undefined;
        }
        return {
          type: "message",
          id,
          title,
          message,
          dismissLabel: asString(record.dismissLabel) || undefined,
        };
      }
    
      if (typeRaw === "quick_actions" || typeRaw === "quick-actions") {
        const actions = normalizeInteractiveChoices(record.actions ?? record.options);
        if (actions.length === 0) {
          return undefined;
        }
        return {
          type: "quick_actions",
          id,
          title,
          actions,
        };
      }
    
      const questionText =
        asString(record.question) ||
        asString(record.prompt) ||
        asString(record.message) ||
        asString(record.text) ||
        title;
    
      if (typeRaw === "confirm") {
        if (!questionText) {
          return undefined;
        }
        return {
          type: "confirm",
          id,
          title,
          question: questionText,
          confirmLabel: asString(record.confirmLabel) || undefined,
          cancelLabel: asString(record.cancelLabel) || undefined,
        };
      }
    
      const options = normalizeInteractiveChoices(
        record.options ?? record.choices ?? record.answers ?? record.actions,
      );
      const allowCustomInput =
        asBoolean(record.allowCustomInput, false) ||
        asBoolean(record.allow_custom_input, false) ||
        options.length === 0;
    
      if (!questionText) {
        return undefined;
      }
      if (options.length < 2 && !allowCustomInput) {
        return undefined;
      }
    
      return {
        type: "question",
        id,
        title,
        question: questionText,
        options,
        multiSelect: asBoolean(record.multiSelect, false),
        allowCustomInput,
      };
    }
    
    function interactiveEventsFromToolQuestionPart(part: UnknownRecord): InteractiveEvent[] {
      const toolName = asString(part.tool).toLowerCase();
      if (
        !toolName ||
        (toolName !== "question" &&
          !toolName.includes("request_user_input") &&
          !toolName.includes("request-user-input"))
      ) {
        return [];
      }
    
      const state = asRecord(part.state);
      const input =
        asRecord(state?.input) ||
        asRecord(part.input) ||
        asRecord(part.arguments) ||
        null;
      if (!input) {
        return [];
      }
    
      const rootTitle =
        asString(input.title) || asString(input.header) || asString(input.label) || undefined;
      const baseId =
        asString(part.callID) || asString(part.callId) || asString(part.id) || `interactive-${Date.now()}`;
    
      const listRaw =
        Array.isArray(input.questions) ? input.questions
          : Array.isArray(input.items) ? input.items
            : Array.isArray(input.prompts) ? input.prompts
              : Array.isArray(input.events) ? input.events
                : null;
    
      const records: UnknownRecord[] = [];
      if (Array.isArray(listRaw) && listRaw.length > 0) {
        listRaw.forEach((entry) => {
          const rec = asRecord(entry);
          if (rec) {
            records.push(rec);
          }
        });
      } else {
        const nestedQuestion = asRecord(input.question);
        records.push(nestedQuestion || input);
      }
    
      return records
        .map((record, index) =>
          normalizeToolInteractiveEvent(record, `${baseId}-${index}`, rootTitle),
        )
        .filter((event): event is InteractiveEvent => !!event);
    }
    
    /**
     * Synthesizes a human-readable context message from tool-triggered interactive events.
     * Used when the AI calls the Question tool (no text in streaming.content) so the chat
     * bubble shows the question context alongside the interactive popover.
     */
    function synthesizeQuestionContextMessage(events: InteractiveEvent[]): string {
      const questionEvents = events.filter(
        (e) => e.type === 'question' || e.type === 'confirm',
      ) as Array<{ type: string; question: string; title?: string }>;
    
      if (questionEvents.length === 0) {
        return '';
      }
    
      if (questionEvents.length === 1) {
        const ev = questionEvents[0];
        return ev.title ? `**${ev.title}**\n\n${ev.question}` : ev.question;
      }
    
      const intro = 'I have a few questions before proceeding:';
      const lines = questionEvents.map((ev, i) => `${i + 1}. ${ev.question}`);
      return `${intro}\n\n${lines.join('\n')}`;
    }
    
    function shouldOverrideStreamingContentWithInteractivePrompt(
      content: string,
      latestUserText = "",
    ): boolean {
      const trimmed = content.trim();
      const normalized = normalizeComparableText(content).toLowerCase();
      if (!normalized) {
        return true;
      }
    
      const normalizedUserText = normalizeComparableText(latestUserText).toLowerCase();
      if (normalizedUserText && normalized === normalizedUserText) {
        return true;
      }
    
      if (looksLikeReasoningTrace(trimmed, "")) {
        return true;
      }
    
      // Some providers can leak tiny tool-intent fragments before the question
      // event is emitted (for example: "wants"). Treat these as placeholders.
      const likelyFragment =
        /^(?:wants?|wants?\s+to|ask(?:s|ing)?|question(?:s|ing)?)$/i.test(trimmed) &&
        trimmed.length <= 24;
      if (likelyFragment) {
        return true;
      }
    
      // FIX: If there's substantial content already (more than 150 chars),
      // preserve it instead of replacing with question context.
      // This prevents AI responses from disappearing when questions are asked.
      const CONTENT_THRESHOLD = 150;
      if (trimmed.length > CONTENT_THRESHOLD) {
        return false;
      }
    
      return (
        normalized === 'running question' ||
        normalized === 'question' ||
        normalized === 'question for you' ||
        normalized === 'quick input' ||
        normalized === 'awaiting your answer' ||
        normalized === 'awaiting your response' ||
        normalized === 'waiting for your answer' ||
        normalized === 'waiting for your response'
      );
    }
    
    function maybeInjectStreamingInteractiveContext(
      dispatch: Dispatch<AppAction>,
      getState: () => AppState,
      events: InteractiveEvent[],
    ): void {
      if (!Array.isArray(events) || events.length === 0) {
        return;
      }
    
      const streamingState = getState().streaming;
      const currentContent = asString(streamingState?.content);
      const hasRenderableContent = !!streamingState?.hasRenderableContent;
      const latestUserText = latestUserMessageText(getState());
      // Lock: if we already have trusted assistant text, only replace it when the
      // existing body is clearly low-signal (placeholder/echo/reasoning leak). If we
      // do not have trusted text yet, always inject synthesized question context so
      // the assistant bubble appears together with the question popover.
      if (
        hasRenderableContent &&
        !shouldOverrideStreamingContentWithInteractivePrompt(
          currentContent,
          latestUserText,
        )
      ) {
        return;
      }
    
      const synthesized = synthesizeQuestionContextMessage(events);
      if (!synthesized) {
        return;
      }
    
      dispatch({
        type: 'UPDATE_STREAMING_CONTENT',
        payload: { content: synthesized, append: false, renderable: true },
      });
    }
    
    function inferredStepTitle(part: UnknownRecord): string {
      const title = asString(part.title).trim();
      if (title) {
        return title;
      }
    
      const description = asString(part.description).trim();
      if (description && !isOpaqueIdLike(description)) {
        return description;
      }
    
      const snapshot = asString(part.snapshot).trim();
      if (
        snapshot &&
        snapshot.length < 80 &&
        !/^https?:\/\//i.test(snapshot) &&
        !isOpaqueIdLike(snapshot)
      ) {
        return snapshot;
      }
    
      const meta = asString(part.meta).trim();
      if (meta && !isOpaqueIdLike(meta)) {
        return meta;
      }
    
      const partType = normalizePartType(part.type);
      if (partType === "subtask") {
        return "Starting subtask";
      }
      if (partType === "agent") {
        return "Assigning agent";
      }
      if (partType === "step-start") {
        return "Starting step";
      }
      if (partType === "step-finish") {
        return "Finishing step";
      }
      if (partType === "patch") {
        return "Applying patch";
      }
      if (partType === "tool") {
        return "Running tool";
      }
      if (partType) {
        return `Processing ${partType}`;
      }
    
      return "Working...";
    }
    
    function shouldBootstrapStreamingFromPart(part: UnknownRecord | null): boolean {
      if (!part) {
        return false;
      }
    
      const partType = normalizePartType(part.type);
      // Include text parts to bootstrap streaming for regular content chunks
      if (
        partType === "reasoning" ||
        partType === "step-start" ||
        partType === "tool" ||
        partType === "patch" ||
        partType === "text" ||
        partType === "subtask" ||
        partType === "agent"
      ) {
        return true;
      }
    
      const reasoningLike =
        asString(part.reasoning) ||
        asString(part.thought) ||
        asString(part.thinking);
      return Boolean(reasoningLike);
    }
    
    function isReasoningPart(part: UnknownRecord): boolean {
      const type = normalizePartType(part.type);
      return (
        type === 'reasoning' ||
        typeof part.reasoning !== 'undefined' ||
        typeof part.thought !== 'undefined' ||
        typeof part.thinking !== 'undefined'
      );
    }
    
    function isRenderableAssistantTextPart(part: UnknownRecord): boolean {
      if (isReasoningPart(part)) {
        return false;
      }
      const type = normalizePartType(part.type);
      if (!type) {
        return true;
      }
      return type === "text" || type === "message" || type === "output_text";
    }
    
    function isRenderableStreamingPartType(partType: string): boolean {
      return (
        partType === "text" ||
        partType === "message" ||
        partType === "output_text"
      );
    }
    
    function upsertStreamingStep(
      dispatch: Dispatch<AppAction>,
      getState: () => AppState,
      step: StreamingStep,
    ): void {
      const title = step.title.trim();
      if (!title) {
        return;
      }
    
      const streaming = getState().streaming;
      if (!streaming) {
        dispatch({
          type: "ADD_STREAMING_STEP",
          payload: {
            ...step,
            title,
          },
        });
        return;
      }
    
      const titleKey = title.toLowerCase();
      const idx = streaming.steps.findIndex(
        (candidate) =>
          (step.id && candidate.id === step.id) ||
          (step.callID && candidate.callID === step.callID) ||
          candidate.title.trim().toLowerCase() === titleKey,
      );
    
      if (idx < 0) {
        dispatch({
          type: "ADD_STREAMING_STEP",
          payload: {
            ...step,
            title,
          },
        });
        return;
      }
    
      const current = streaming.steps[idx];
      let nextStatus = step.status;
      if (
        (current.status === "done" || current.status === "error") &&
        step.status === "pending"
      ) {
        nextStatus = current.status;
      }
    
      dispatch({
        type: "UPDATE_STREAMING_STEP",
        payload: {
          index: idx,
          patch: {
            title,
            type: step.type || current.type,
            status: nextStatus || current.status,
            meta: step.meta || current.meta,
            filePath: step.filePath || current.filePath,
            diffStats: step.diffStats || current.diffStats,
            activityDetail: step.activityDetail || current.activityDetail,
            duration:
              typeof step.duration === "number" ? step.duration : current.duration,
          },
        },
      });
    }
    
    function contentFromParts(parts: unknown[]): string {
      return parts
        .map((part) => {
          const rec = asRecord(part);
          if (!rec || !isRenderableAssistantTextPart(rec)) {
            return '';
          }
          return asRichString(rec.text) || asRichString(rec.content) || asRichString(rec.delta);
        })
        .join('')
        .trim();
    }
    
    function hasRenderableAssistantTextInParts(parts: unknown[]): boolean {
      return parts.some((part) => {
        const rec = asRecord(part);
        if (!rec || !isRenderableAssistantTextPart(rec)) {
          return false;
        }
        const text =
          asRichString(rec.text) ||
          asRichString(rec.content) ||
          asRichString(rec.delta);
        return text.trim().length > 0;
      });
    }
    
    function reasoningFromParts(parts: unknown[]): string {
      return parts
        .map((part) => {
          const rec = asRecord(part);
          if (!rec) {
            return '';
          }
    
          const reasoning =
            asRichString(rec.reasoning) ||
            asRichString(rec.thought) ||
            asRichString(rec.thinking) ||
            (isReasoningPart(rec)
              ? asRichString(rec.text) || asRichString(rec.content) || asRichString(rec.delta)
              : '');
          return reasoning.trim();
        })
        .filter(Boolean)
        .join('\n\n')
        .trim();
    }
    
    function summaryText(info: unknown): string {
      const summary = asRecord(asRecord(info)?.summary);
      if (!summary) {
        return '';
      }
      const title = asRichString(summary.title).trim();
      const body = asRichString(summary.body).trim();
      if (title && body) {
        return `${title}\n\n${body}`;
      }
      return title || body;
    }
    
    function latestUserMessageText(state: AppState): string {
      for (let i = state.messages.length - 1; i >= 0; i -= 1) {
        const msg = state.messages[i];
        const role = msg.role ?? msg.info?.role;
        if (role === 'user') {
          return extractMessageText(msg).trim();
        }
      }
      return '';
    }
    
    function stripLeadingUserEcho(text: string, state: AppState): string {
      const prompt = latestUserMessageText(state);
      if (!prompt) {
        return text;
      }
    
      const normalizedText = text.replace(/\r\n/g, '\n');
      const normalizedPrompt = prompt.replace(/\r\n/g, '\n').trim();
      const leadingWs = normalizedText.match(/^\s*/)?.[0] ?? '';
      const trimmed = normalizedText.trimStart();
    
      if (trimmed === normalizedPrompt) {
        return '';
      }
    
      if (trimmed.startsWith(normalizedPrompt)) {
        const remainder = trimmed.slice(normalizedPrompt.length);
        // Strip only clear prompt echo prefixes, keep normal model output intact.
        if (/^[\s:,\-.!?]*$/.test(remainder)) {
          return '';
        }
        if (/^\s+/.test(remainder)) {
          return `${leadingWs}${remainder.trimStart()}`;
        }
      }
    
      return text;
    }
    
    function normalizeComparableText(value: string): string {
      return value.replace(/\r\n/g, "\n").replace(/\s+/g, " ").trim();
    }
    
    function comparableTokens(value: string): string[] {
      return normalizeComparableText(value)
        .toLowerCase()
        .split(/[^a-z0-9]+/)
        .map((token) => token.trim())
        .filter((token) => token.length >= 3);
    }
    
    function shouldPreferStreamingContent(
      finalContent: string,
      streamingContent: string,
    ): boolean {
      if (splitMixedReasoningFromContent(streamingContent)) {
        return false;
      }
      if (looksLikeReasoningTrace(streamingContent, "")) {
        return false;
      }
    
      const finalNorm = normalizeComparableText(finalContent);
      const streamNorm = normalizeComparableText(streamingContent);
      if (!streamNorm) {
        return false;
      }
      if (!finalNorm) {
        return true;
      }
      if (streamNorm === finalNorm) {
        return false;
      }
      if (finalNorm.includes(streamNorm)) {
        return false;
      }
      // When the stream text clearly contains the final text as a subset, prefer the
      // richer stream snapshot so intermediate details are not dropped on finalize.
      if (streamNorm.includes(finalNorm) && streamNorm.length >= finalNorm.length + 24) {
        return true;
      }
      // Fallback: some providers condense final payloads so they are no longer literal
      // subsets. Keep stream text when final tokens mostly overlap but stream is much richer.
      if (streamNorm.length < finalNorm.length + 64) {
        return false;
      }
      const finalTokens = comparableTokens(finalNorm);
      if (finalTokens.length === 0) {
        return false;
      }
      const streamTokenSet = new Set(comparableTokens(streamNorm));
      let matchedFinalTokens = 0;
      for (const token of finalTokens) {
        if (streamTokenSet.has(token)) {
          matchedFinalTokens += 1;
        }
      }
      const overlapRatio = matchedFinalTokens / finalTokens.length;
      return overlapRatio >= 0.65 && matchedFinalTokens >= Math.min(6, finalTokens.length);
    }
    
    function partsWithStreamingContent(
      parts: MessagePart[] | undefined,
      streamingContent: string,
    ): MessagePart[] {
      if (!Array.isArray(parts) || parts.length === 0) {
        return [
          {
            type: "text",
            text: streamingContent,
          } as MessagePart,
        ];
      }
    
      let replaced = false;
      const updated = parts.map((part) => {
        if (replaced) {
          return part;
        }
        const rec = asRecord(part);
        if (!rec) {
          return part;
        }
        const partType = normalizePartType(rec.type);
        const hasTextLike =
          partType === "" ||
          partType === "text" ||
          typeof rec.text === "string" ||
          typeof rec.content === "string";
        if (!hasTextLike) {
          return part;
        }
        replaced = true;
        return {
          ...(part as MessagePart),
          type: partType || "text",
          text: streamingContent,
        } as MessagePart;
      });
    
      if (replaced) {
        return updated;
      }
    
      return [
        {
          type: "text",
          text: streamingContent,
        } as MessagePart,
        ...parts,
      ];
    }
    
    function pickBestContentCandidate(
      candidates: Array<string | undefined>,
    ): string {
      const normalizedCandidates = candidates.filter(
        (candidate): candidate is string =>
          typeof candidate === "string" && candidate.trim().length > 0,
      );
      if (normalizedCandidates.length === 0) {
        return "";
      }
    
      let best = normalizedCandidates[0];
      for (let index = 1; index < normalizedCandidates.length; index += 1) {
        const candidate = normalizedCandidates[index];
        const bestNorm = normalizeComparableText(best);
        const candidateNorm = normalizeComparableText(candidate);
        if (!candidateNorm) {
          continue;
        }
        if (!bestNorm) {
          best = candidate;
          continue;
        }
        if (
          candidateNorm.includes(bestNorm) &&
          candidateNorm.length >= bestNorm.length + 24
        ) {
          best = candidate;
          continue;
        }
        if (
          candidateNorm.length > bestNorm.length + 120 &&
          !bestNorm.includes(candidateNorm)
        ) {
          best = candidate;
        }
      }
      return best;
    }
    
    function sanitizeAssistantMessageEcho(message: Message, state: AppState): Message {
      const role = message.role ?? message.info?.role;
      if (role !== 'assistant') {
        return message;
      }
    
      const next = { ...message };
      if (typeof next.content === 'string' && next.content.trim()) {
        const stripped = stripLeadingUserEcho(next.content, state);
        if (stripped !== next.content) {
          next.content = stripped;
        }
      }
    
      if (Array.isArray(next.parts) && next.parts.length > 0) {
        const parts = [...next.parts];
        const firstTextLikeIndex = parts.findIndex((part) => {
          const type = (part.type ?? '').toLowerCase();
          return type === '' || type === 'text' || !!part.text || !!part.content;
        });
        if (firstTextLikeIndex >= 0) {
          const part = parts[firstTextLikeIndex];
          if (typeof part.text === 'string') {
            parts[firstTextLikeIndex] = { ...part, text: stripLeadingUserEcho(part.text, state) };
          } else if (typeof part.content === 'string') {
            parts[firstTextLikeIndex] = { ...part, content: stripLeadingUserEcho(part.content, state) };
          }
          next.parts = parts;
        }
      }
    
      return next;
    }
    
    function normalizeMessage(message: Message, streaming: StreamingState | null): Message | undefined {
      const rec = asRecord(message);
      if (!rec) {
        // FIX: If this is an assistant message with parts, don't return undefined
        // This prevents question-type messages from being filtered during hydration
        const role = asString(message.role);
        const hasParts = Array.isArray((message as Message).parts) && (message as Message).parts.length > 0;
        if (role === 'assistant' && hasParts) {
          return message as Message; // Preserve assistant messages with parts
        }
        return streaming ? buildStreamingMessage(streaming) : undefined;
      }
    
      const parts = Array.isArray(rec.parts) ? rec.parts : [];
      const parsedRawDebug = parseRawResponseDebug(rec.rawResponse);
      const mergedParts = [...parts];
      const currentReasoning = reasoningFromParts(mergedParts);
      const directReasoningRaw = rec.reasoning ?? rec.thinking ?? rec.thoughts;
      const directReasoningChunks = Array.isArray(directReasoningRaw)
        ? directReasoningRaw
          .map((item) => asRichString(item).trim())
          .filter((item) => item.length > 0)
        : typeof directReasoningRaw !== "undefined"
          ? [asRichString(directReasoningRaw).trim()].filter((item) => item.length > 0)
          : [];
      if (directReasoningChunks.length > 0 && !currentReasoning) {
        for (const chunk of directReasoningChunks) {
          mergedParts.push({
            type: "reasoning",
            reasoning: chunk,
          });
        }
      }
      const hasReasoningAfterDirect = reasoningFromParts(mergedParts);
      if (streaming?.reasoning && !hasReasoningAfterDirect) {
        mergedParts.push({
          type: 'reasoning',
          reasoning: streaming.reasoning
        });
      }
      const detachedReasoningChunks: string[] = [];
      const sanitizedMergedParts = mergedParts.map((part) => {
        const rec = asRecord(part);
        if (!rec || isReasoningPart(rec)) {
          return part;
        }
        const partType = normalizePartType(rec.type);
        const textLike =
          asRichString(rec.text) || asRichString(rec.content) || asRichString(rec.delta);
        if (!textLike) {
          return part;
        }
        const mixed = splitMixedReasoningFromContent(textLike);
        if (!mixed) {
          return part;
        }
        const detached = sanitizeReasoningChunk(mixed.reasoning).trim();
        if (detached) {
          detachedReasoningChunks.push(detached);
        }
    
        const nextPart: Record<string, unknown> = { ...(part as Record<string, unknown>) };
        if (typeof rec.text === "string" || partType === "text") {
          nextPart.type = partType || "text";
          nextPart.text = mixed.content;
        } else if (typeof rec.content === "string") {
          nextPart.content = mixed.content;
        } else if (typeof rec.delta === "string") {
          nextPart.delta = mixed.content;
        }
        return nextPart as MessagePart;
      });
    
      const splitReasoningFromCandidate = (raw: string): string => {
        const mixed = splitMixedReasoningFromContent(raw);
        if (!mixed) {
          return raw;
        }
        const detached = sanitizeReasoningChunk(mixed.reasoning).trim();
        if (detached) {
          detachedReasoningChunks.push(detached);
        }
        return mixed.content;
      };
    
      // Normalize structured output early so content-source selection can rely on
      // structured responseType/message without falling back to free-form text.
      const normalizedStructuredOutput =
        normalizeStructuredOutput(rec.structuredOutput) ??
        normalizeStructuredOutput((rec as Record<string, unknown>).structured_output) ??
        normalizeStructuredOutput(asRecord(rec.info)?.structuredOutput) ??
        normalizeStructuredOutput((asRecord(rec.info) as UnknownRecord | null)?.structured_output) ??
        normalizeStructuredOutput((asRecord(rec.info) as UnknownRecord | null)?.structured);
    
      const role = asString(rec.role) || asString(asRecord(rec.info)?.role);
      const nonReasoningPartsContent = contentFromParts(sanitizedMergedParts).trim();
      const contentFromTopLevel = pickBestContentCandidate([
        splitReasoningFromCandidate(asRichString(rec.content)),
        splitReasoningFromCandidate(asRichString(rec.text)),
        summaryText(rec.info),
      ]);
      const structuredMessage = asString(normalizedStructuredOutput?.message).trim();
      const provisionalResponseType = firstNonEmptyString(
        asString(rec.responseType),
        normalizedStructuredOutput?.responseType,
      )?.toLowerCase();
      const hasParts = Array.isArray(parts) && parts.length > 0;
      // Structured-first rule: when provider parts exist, non-reasoning text parts
      // are authoritative for assistant body rendering.
      let content = hasParts
        ? nonReasoningPartsContent || (provisionalResponseType === "message" ? structuredMessage : "")
        : structuredMessage || contentFromTopLevel;
      const sourceMessageId =
        asString(asRecord(rec.info)?.id) || asString((rec as UnknownRecord).id) || null;
      const contentSelectedSource = hasParts
        ? nonReasoningPartsContent
          ? "parts"
          : provisionalResponseType === "message" && structuredMessage
            ? "structured.message"
            : "none"
        : structuredMessage
          ? "structured.message"
          : contentFromTopLevel
            ? "top-level"
            : "none";
      logAssistantContentSource("normalizeMessage:content-selection", {
        messageId: sourceMessageId,
        responseType: provisionalResponseType ?? null,
        selectedSource: contentSelectedSource,
        finalContent: content,
        partsContent: nonReasoningPartsContent,
        structuredMessage,
        topLevelContent: contentFromTopLevel,
      });
      if (
        hasParts &&
        !nonReasoningPartsContent &&
        contentFromTopLevel &&
        !content
      ) {
        webviewLogger.info("Dropping top-level content because message parts are authoritative", {
          messageId:
            asString(asRecord(rec.info)?.id) || asString((rec as UnknownRecord).id),
          topLevelContentPreview: contentFromTopLevel.slice(0, 220),
          partCount: parts.length,
          responseType: provisionalResponseType,
        });
      }
      if (
        nonReasoningPartsContent &&
        contentFromTopLevel &&
        normalizeComparableText(nonReasoningPartsContent) !==
        normalizeComparableText(contentFromTopLevel)
      ) {
        webviewLogger.info("Content source mismatch; preferring parts content", {
          messageId:
            asString(asRecord(rec.info)?.id) || asString((rec as UnknownRecord).id),
          partsContentPreview: nonReasoningPartsContent.slice(0, 220),
          topLevelContentPreview: contentFromTopLevel.slice(0, 220),
        });
      }
    
      const streamingRawContent = asString(streaming?.content);
      const streamingMixed = splitMixedReasoningFromContent(streamingRawContent);
      if (streamingMixed) {
        const detached = sanitizeReasoningChunk(streamingMixed.reasoning).trim();
        if (detached) {
          detachedReasoningChunks.push(detached);
        }
      }
      const streamingContent = streamingMixed ? streamingMixed.content : streamingRawContent;
      const hasRenderableStreamingContent = Boolean(streaming?.hasRenderableContent);
      const preferStreamingContent = shouldPreferStreamingContent(
        content || "",
        streamingContent,
      );
      const rawHasRenderableText = hasRenderableAssistantTextInParts(parsedRawDebug.parts);
      const rawHasReasoning = parsedRawDebug.parts.some((part) => {
        const rec = asRecord(part);
        return !!rec && isReasoningPart(rec);
      });
      const shouldSuppressStreamingFallbackForReasoningOnly =
        parsedRawDebug.parts.length > 0 &&
        !hasRenderableStreamingContent &&
        provisionalResponseType === "message" &&
        !structuredMessage &&
        !nonReasoningPartsContent &&
        rawHasReasoning &&
        !rawHasRenderableText;
      const shouldUseStreamingContent =
        hasRenderableStreamingContent &&
        !shouldSuppressStreamingFallbackForReasoningOnly &&
        !nonReasoningPartsContent &&
        preferStreamingContent;
      if (shouldSuppressStreamingFallbackForReasoningOnly) {
        webviewLogger.info("Suppressing streaming fallback: raw debug indicates reasoning-only final payload", {
          messageId: sourceMessageId,
          responseType: provisionalResponseType ?? null,
          rawPartsCount: parsedRawDebug.parts.length,
        });
      }
      const normalized: Message = {
        ...(message as Message),
        role: role || message.role || (parts.length > 0 ? 'assistant' : undefined),
        content: shouldUseStreamingContent ? streamingContent : content || message.content,
        parts: shouldUseStreamingContent
          ? partsWithStreamingContent(sanitizedMergedParts as MessagePart[], streamingContent)
          : sanitizedMergedParts.length > 0
            ? (sanitizedMergedParts as Message['parts'])
            : message.parts
      };
    
      // Preserve a normalized structured output payload so question/options data
      // survives message normalization even when the source uses legacy field names.
      if (normalizedStructuredOutput) {
        (normalized as Record<string, unknown>).structuredOutput = normalizedStructuredOutput;
        if (!normalized.responseType && normalizedStructuredOutput.responseType) {
          normalized.responseType = normalizedStructuredOutput.responseType as StructuredResponseType;
        }
        if (
          (!normalized.plan || typeof normalized.plan !== "object") &&
          normalizedStructuredOutput.plan &&
          typeof normalizedStructuredOutput.plan === "object"
        ) {
          normalized.plan = {
            ...normalizedStructuredOutput.plan,
          };
        }
        if (
          (!Array.isArray(normalized.interactiveEvents) ||
            normalized.interactiveEvents.length === 0)
        ) {
          const structuredInteractiveEvents = toInteractiveEvents(
            normalizedStructuredOutput,
          );
          if (structuredInteractiveEvents.length > 0) {
            normalized.interactiveEvents = structuredInteractiveEvents;
          }
        }
      }
    
      const responseType = firstNonEmptyString(
        normalized.responseType,
        normalizedStructuredOutput?.responseType,
      )?.toLowerCase();
      if (responseType !== "implementation_plan" && normalized.plan) {
        delete (normalized as Record<string, unknown>).plan;
      }
      if (responseType === "implementation_plan" && normalized.plan) {
        const introFromPlan = asString(normalized.plan.intro).trim();
        const summaryFromPlan = asString(normalized.plan.summary).trim();
        const currentContent = asString(normalized.content).trim();
        if (!currentContent) {
          normalized.content = introFromPlan || summaryFromPlan;
        }
      }
    
      const existingReasoningEvents = Array.isArray(message.reasoningEvents)
        ? message.reasoningEvents
        : [];
      const mergedReasoningEvents = [
        ...existingReasoningEvents,
        ...(streaming?.reasoningEvents ?? [])
      ];
      const reasoningSources = new Set<ActivitySource>();
      if (Array.isArray(streaming?.reasoningEvents) && streaming.reasoningEvents.length > 0) {
        reasoningSources.add("stream");
      }
      if (Array.isArray(existingReasoningEvents) && existingReasoningEvents.length > 0) {
        reasoningSources.add("final");
      }
    
      const explicitReasoningFromFinalParts = parts
        .map((part) => asRecord(part))
        .filter((part): part is UnknownRecord => !!part)
        .filter((part) => isReasoningPart(part))
        .map((part) =>
          sanitizeReasoningChunk(
            asRichString(part.reasoning) ||
            asRichString(part.thought) ||
            asRichString(part.thinking) ||
            asRichString(part.text) ||
            asRichString(part.content),
          ).trim(),
        )
        .filter((text) => text.length > 0);
      if (explicitReasoningFromFinalParts.length > 0) {
        reasoningSources.add("final");
        for (const chunk of explicitReasoningFromFinalParts) {
          const norm = normalizeComparableText(chunk);
          if (!norm) continue;
          const alreadyTracked = mergedReasoningEvents.some(
            (event) => normalizeComparableText(asString(event.text)) === norm,
          );
          if (!alreadyTracked) {
            mergedReasoningEvents.push({ text: chunk, createdAt: Date.now() });
          }
        }
      }
    
      const explicitReasoningFromRawParts = parsedRawDebug.parts
        .map((part) => asRecord(part))
        .filter((part): part is UnknownRecord => !!part)
        .filter((part) => normalizePartType(part.type) === "reasoning")
        .map((part) =>
          sanitizeReasoningChunk(
            asRichString(part.reasoning) ||
            asRichString(part.text) ||
            asRichString(part.content) ||
            asRichString(part.delta),
          ).trim(),
        )
        .filter((text) => text.length > 0);
      if (explicitReasoningFromRawParts.length > 0) {
        reasoningSources.add("raw_debug");
        for (const chunk of explicitReasoningFromRawParts) {
          const norm = normalizeComparableText(chunk);
          if (!norm) continue;
          const alreadyTracked = mergedReasoningEvents.some(
            (event) => normalizeComparableText(asString(event.text)) === norm,
          );
          if (!alreadyTracked) {
            mergedReasoningEvents.push({ text: chunk, createdAt: Date.now() });
          }
        }
      }
      const streamingReasoningLeak = sanitizeReasoningChunk(
        streamingMixed ? streamingMixed.reasoning : asString(streaming?.content),
      ).trim();
      if (
        streamingReasoningLeak &&
        (looksLikeReasoningTrace(streamingReasoningLeak, "") || !!streamingMixed) &&
        !shouldPreferStreamingContent(content || "", streamingReasoningLeak)
      ) {
        const leakNorm = normalizeComparableText(streamingReasoningLeak);
        const finalNorm = normalizeComparableText(content || "");
        const leakAlreadyInFinal =
          !!leakNorm &&
          !!finalNorm &&
          (finalNorm.includes(leakNorm) || leakNorm.includes(finalNorm));
        const leakAlreadyTracked = mergedReasoningEvents.some(
          (event) => normalizeComparableText(asString(event.text)) === leakNorm,
        );
        if (!leakAlreadyInFinal && !leakAlreadyTracked) {
          mergedReasoningEvents.push({
            text: streamingReasoningLeak,
            createdAt: Date.now(),
          });
        }
      }
      if (detachedReasoningChunks.length > 0) {
        detachedReasoningChunks.forEach((chunk) => {
          const norm = normalizeComparableText(chunk);
          if (!norm) return;
          const alreadyTracked = mergedReasoningEvents.some(
            (event) => normalizeComparableText(asString(event.text)) === norm,
          );
          if (!alreadyTracked) {
            mergedReasoningEvents.push({ text: chunk, createdAt: Date.now() });
          }
        });
      }
      if (mergedReasoningEvents.length > 0) {
        normalized.reasoningEvents = mergedReasoningEvents;
        normalized.reasoningPayload = {
          events: mergedReasoningEvents,
          sources: Array.from(reasoningSources),
        };
      }
    
      const canonicalSteps = normalizeActivitySteps(
        normalized,
        streaming,
        sanitizedMergedParts as MessagePart[],
      );
      if (canonicalSteps.length > 0) {
        normalized.steps = canonicalSteps;
        normalized.progressEvents = canonicalSteps;
      }
    
      // Extract file edits from patch-type parts when edits are not already populated.
      if (!Array.isArray(normalized.edits) || normalized.edits.length === 0) {
        const fromParts: Array<{ file: string }> = [];
        for (const part of sanitizedMergedParts) {
          const rec = asRecord(part);
          if (!rec || asString(rec.type).toLowerCase() !== 'patch') continue;
          const files = Array.isArray(rec.files) ? rec.files : [];
          for (const f of files) {
            if (typeof f === 'string' && f) {
              fromParts.push({ file: f });
            }
          }
        }
        if (fromParts.length > 0) {
          normalized.edits = fromParts;
        }
      }
    
      // NOTE: When the AI triggers a question via a tool call (no text parts), content ends up
      // empty. Synthesize a context message from the Question tool parts so the chat bubble
      // always shows the question — during the live session AND after extension restart.
      const structuredEvents = Array.isArray(normalized.interactiveEvents)
        ? normalized.interactiveEvents
        : [];
      if (
        (structuredEvents.length > 0 &&
          shouldOverrideStreamingContentWithInteractivePrompt(
            asString(normalized.content),
          )) ||
        !normalized.content?.trim()
      ) {
        const synthesized = synthesizeQuestionContextMessage(structuredEvents);
        if (synthesized) {
          normalized.content = synthesized;
        }
      }
    
      if (!normalized.content?.trim()) {
        const questionParts = (sanitizedMergedParts as Array<unknown>).filter((p) => {
          const pr = asRecord(p);
          return !!pr && asString(pr.type).toLowerCase() === 'tool' && interactiveEventsFromToolQuestionPart(pr).length > 0;
        });
        if (questionParts.length > 0) {
          const allEvents: InteractiveEvent[] = [];
          for (const p of questionParts) {
            const pr = asRecord(p);
            if (pr) {
              allEvents.push(...interactiveEventsFromToolQuestionPart(pr));
            }
          }
          if (
            allEvents.length > 0 &&
            (!Array.isArray(normalized.interactiveEvents) ||
              normalized.interactiveEvents.length === 0)
          ) {
            normalized.interactiveEvents = allEvents;
          }
          if (
            allEvents.length > 0 &&
            !firstNonEmptyString(normalized.responseType, normalizedStructuredOutput?.responseType)
          ) {
            normalized.responseType = "question";
          }
          const synthesized = synthesizeQuestionContextMessage(allEvents);
          if (synthesized) {
            normalized.content = synthesized;
          }
        }
      }
    
      return normalized;
    }
    
    function isFileResult(value: unknown): value is FileResult {
      const rec = asRecord(value);
      return !!rec && typeof rec.path === 'string' && typeof rec.name === 'string';
    }
    
    function isSlashCommand(value: unknown): value is SlashCommand {
      const rec = asRecord(value);
      return !!rec && typeof rec.name === "string";
    }
    
    function isQueueItem(value: unknown): value is QueueItem {
      const rec = asRecord(value);
      return (
        !!rec &&
        typeof rec.text === "string" &&
        (rec.id === undefined || typeof rec.id === "string") &&
        (rec.sessionId === undefined || typeof rec.sessionId === "string") &&
        (rec.createdAt === undefined || typeof rec.createdAt === "number")
      );
    }
    
    function isSession(value: unknown): value is Session {
      const rec = asRecord(value);
      return !!rec && typeof rec.id === 'string';
    }
    
    function isMessage(value: unknown): value is Message {
      const rec = asRecord(value);
      return (
        !!rec &&
        (typeof rec.role === 'string' ||
          typeof asRecord(rec.info)?.role === 'string' ||
          typeof rec.content === 'string' ||
          typeof rec.text === 'string' ||
          Array.isArray(rec.parts) ||
          Array.isArray(rec.subagents) ||
          Array.isArray(rec.reasoningEvents) ||
          Array.isArray(rec.progressEvents) ||
          Array.isArray(rec.steps))
      );
    }
    
    function isSubagentStatus(value: unknown): value is SubagentSummary['status'] {
      return value === 'pending' || value === 'running' || value === 'done' || value === 'error' || value === 'orphaned';
    }
    
    function isOpaqueSubagentToken(value: string): boolean {
      const text = value.trim();
      if (text.length < 8) {
        return false;
      }
      return (
        /^[a-f0-9-]{8,}$/i.test(text) ||
        /^msg[_-][a-z0-9-]+$/i.test(text) ||
        /^call[_-][a-z0-9-]+$/i.test(text) ||
        /^ses[_-][a-z0-9-]+$/i.test(text)
      );
    }
    
    function sanitizeSubagentLabel(value: string): string {
      const trimmed = value.trim();
      if (!trimmed || isOpaqueSubagentToken(trimmed)) {
        return '';
      }
      return trimmed.replace(/\s+/g, ' ');
    }
    
    function normalizeSubagentProgressEventsForPresentation(
      events: SubagentProgressEvent[],
    ): SubagentProgressEvent[] {
      if (events.length <= 1) {
        return events;
      }
    
      const byCallId = new Map<string, SubagentProgressEvent>();
      const ordered: SubagentProgressEvent[] = [];
      for (const event of events) {
        if (!event.callID) {
          ordered.push(event);
          continue;
        }
        const current = byCallId.get(event.callID);
        if (!current) {
          byCallId.set(event.callID, event);
          ordered.push(event);
          continue;
        }
        current.createdAt = Math.max(current.createdAt, event.createdAt);
        current.status =
          event.status === 'error'
            ? 'error'
            : event.status === 'done' || current.status === 'done'
              ? 'done'
              : 'pending';
        current.title = event.title || current.title;
        current.meta = event.meta || current.meta;
        current.filePath = event.filePath || current.filePath;
      }
    
      const deduped: SubagentProgressEvent[] = [];
      const seen = new Set<string>();
      for (const event of ordered) {
        const key = [
          event.callID || '',
          normalizeComparableText(event.title),
          normalizeComparableText(event.meta || ''),
          normalizeComparableText(event.filePath || ''),
          event.status,
        ].join('|');
        if (seen.has(key)) {
          continue;
        }
        seen.add(key);
        deduped.push(event);
      }
      return deduped;
    }
    
    function normalizeSubagentTimelineEventsForPresentation(
      events: SubagentTimelineEvent[],
    ): SubagentTimelineEvent[] {
      if (events.length <= 1) {
        return events;
      }
      const sorted = [...events].sort((a, b) => a.createdAt - b.createdAt);
      const deduped: SubagentTimelineEvent[] = [];
      for (const event of sorted) {
        const previous = deduped[deduped.length - 1];
        if (
          previous &&
          previous.type === event.type &&
          normalizeComparableText(previous.label) ===
          normalizeComparableText(event.label)
        ) {
          previous.createdAt = Math.max(previous.createdAt, event.createdAt);
          previous.messageID = event.messageID || previous.messageID;
          previous.partID = event.partID || previous.partID;
          previous.callID = event.callID || previous.callID;
          continue;
        }
        deduped.push(event);
      }
      return deduped;
    }
    
    function normalizeSubagentSummary(value: unknown): SubagentSummary | null {
      const rec = asRecord(value);
      if (!rec) {
        return null;
      }
    
      const id = asString(rec.id);
      const parentSessionId = asString(rec.parentSessionId);
      const parentMessageId = asString(rec.parentMessageId);
      if (!id || !parentSessionId || !parentMessageId) {
        return null;
      }
    
      const references = Array.isArray(rec.references)
        ? rec.references
          .map((entry) => {
            const ref = asRecord(entry);
            if (!ref) {
              return null;
            }
            const res: SubagentReference = {
              messageID: asString(ref.messageID) || undefined,
              partID: asString(ref.partID) || undefined,
              callID: asString(ref.callID) || undefined,
            };
            if (!res.messageID && !res.partID && !res.callID) {
              return null;
            }
            return res;
          })
          .filter((entry): entry is SubagentReference => !!entry)
        : [];
    
      return {
        id,
        parentSessionId,
        parentMessageId,
        childSessionId: asString(rec.childSessionId) || undefined,
        agentId: asString(rec.agentId) || undefined,
        providerID: asString(rec.providerID) || undefined,
        modelID: asString(rec.modelID) || undefined,
        startedAt: asOptionalNumber(rec.startedAt),
        endedAt: asOptionalNumber(rec.endedAt),
        durationMs: asOptionalNumber(rec.durationMs),
        status: isSubagentStatus(rec.status) ? rec.status : 'pending',
        latestActivity: sanitizeSubagentLabel(asString(rec.latestActivity)) || 'Subagent update',
        references
      };
    }
    
    function normalizeSubagentDetail(value: unknown): SubagentDetail | null {
      const summary = normalizeSubagentSummary(value);
      if (!summary) {
        return null;
      }
      const rec = asRecord(value);
      if (!rec) {
        return null;
      }
    
      const thinkingEvents = Array.isArray(rec.thinkingEvents)
        ? rec.thinkingEvents
          .map((entry, index) => {
            const evt = asRecord(entry);
            if (!evt) {
              return null;
            }
            const text = asString(evt.text);
            if (!text) {
              return null;
            }
            const res: SubagentThinkingEvent = {
              id: asString(evt.id) || `${summary.id}:thinking:${index}`,
              text,
              createdAt: asNumber(evt.createdAt, Date.now()),
              messageID: asString(evt.messageID) || undefined,
              partID: asString(evt.partID) || undefined,
            };
            return res;
          })
          .filter((entry): entry is SubagentThinkingEvent => !!entry)
        : [];
    
      const progressEvents = Array.isArray(rec.progressEvents)
        ? rec.progressEvents
          .map((entry, index) => {
            const evt = asRecord(entry);
            if (!evt) {
              return null;
            }
            const title = sanitizeSubagentLabel(asString(evt.title));
            if (!title) {
              return null;
            }
            const res: SubagentProgressEvent = {
              id: asString(evt.id) || `${summary.id}:progress:${index}`,
              title,
              status: normalizeProgressStatus(asString(evt.status)),
              meta: asString(evt.meta) || undefined,
              filePath: asString(evt.filePath) || undefined,
              createdAt: asNumber(evt.createdAt, Date.now()),
              messageID: asString(evt.messageID) || undefined,
              partID: asString(evt.partID) || undefined,
              callID: asString(evt.callID) || undefined,
            };
            return res;
          })
          .filter((entry): entry is SubagentProgressEvent => !!entry)
        : [];
    
      const timelineEvents = Array.isArray(rec.timelineEvents)
        ? rec.timelineEvents
          .map((entry, index) => {
            const evt = asRecord(entry);
            if (!evt) {
              return null;
            }
            const key = asString(evt.key);
            const type = asString(evt.type);
            const label = sanitizeSubagentLabel(asString(evt.label));
            if (!key || !type || !label) {
              return null;
            }
            const res: SubagentTimelineEvent = {
              key: key || `${summary.id}:timeline:${index}`,
              type,
              label,
              createdAt: asNumber(evt.createdAt, Date.now()),
              messageID: asString(evt.messageID) || undefined,
              partID: asString(evt.partID) || undefined,
              callID: asString(evt.callID) || undefined,
            };
            return res;
          })
          .filter((entry): entry is SubagentTimelineEvent => !!entry)
        : [];
    
      const normalizedProgressEvents =
        normalizeSubagentProgressEventsForPresentation(progressEvents);
      const normalizedTimelineEvents =
        normalizeSubagentTimelineEventsForPresentation(timelineEvents);
    
      const tokenUsageRec = asRecord(rec.tokenUsage);
      const tokenCacheRec = asRecord(tokenUsageRec?.cache);
    
      return {
        ...summary,
        thinkingEvents,
        progressEvents: normalizedProgressEvents,
        timelineEvents: normalizedTimelineEvents,
        tokenUsage: tokenUsageRec
          ? {
            input: asOptionalNumber(tokenUsageRec.input),
            output: asOptionalNumber(tokenUsageRec.output),
            reasoning: asOptionalNumber(tokenUsageRec.reasoning),
            cache: tokenCacheRec
              ? {
                read: asOptionalNumber(tokenCacheRec.read),
                write: asOptionalNumber(tokenCacheRec.write)
              }
              : undefined
          }
          : undefined,
        errorText: asString(rec.errorText) || undefined,
        hydrationUnavailable: asBoolean(rec.hydrationUnavailable, false)
      };
    }
    
    function normalizeSubagentSummaryMap(value: unknown): Record<string, SubagentSummary[]> {
      const rec = asRecord(value);
      if (!rec) {
        return {};
      }
      const out: Record<string, SubagentSummary[]> = {};
      for (const [key, item] of Object.entries(rec)) {
        if (!Array.isArray(item)) {
          continue;
        }
        const entries = item
          .map((raw) => normalizeSubagentSummary(raw))
          .filter((entry): entry is SubagentSummary => !!entry);
        if (entries.length > 0) {
          out[key] = entries;
        }
      }
      return out;
    }
    
    function normalizeSubagentDetailMap(value: unknown): Record<string, SubagentDetail> {
      const rec = asRecord(value);
      if (!rec) {
        return {};
      }
      const out: Record<string, SubagentDetail> = {};
      for (const [key, item] of Object.entries(rec)) {
        const detail = normalizeSubagentDetail(item);
        if (!detail) {
          continue;
        }
        out[key] = detail;
      }
      return out;
    }
    
    function extractSubagentsFromMessages(messages: Message[]): {
      summariesByParentMessageId: Record<string, SubagentSummary[]>;
      detailsById: Record<string, SubagentDetail>;
    } {
      const summariesByParentMessageId: Record<string, SubagentSummary[]> = {};
      const detailsById: Record<string, SubagentDetail> = {};
    
      for (const message of messages) {
        const messageId = asString(asRecord(message.info)?.id) || asString((message as unknown as UnknownRecord).id);
        if (!messageId || !Array.isArray(message.subagents)) {
          continue;
        }
        const details = message.subagents
          .map((entry) => normalizeSubagentDetail(entry))
          .filter((entry): entry is SubagentDetail => !!entry);
        if (details.length === 0) {
          continue;
        }
        summariesByParentMessageId[messageId] = details.map((detail) => normalizeSubagentSummary(detail) as SubagentSummary);
        details.forEach((detail) => {
          detailsById[detail.id] = detail;
        });
      }
    
      return { summariesByParentMessageId, detailsById };
    }
    
    function hydrateSubagentSummary(
      summary: SubagentSummary,
      detailsById: Record<string, SubagentDetail>,
    ): SubagentDetail {
      const detail = detailsById[summary.id];
      if (!detail) {
        return {
          ...(summary as SubagentDetail),
          thinkingEvents: [],
          progressEvents: [],
          timelineEvents: [],
        };
      }
      return {
        ...summary,
        ...detail,
        parentSessionId: detail.parentSessionId || summary.parentSessionId,
        parentMessageId: detail.parentMessageId || summary.parentMessageId,
        status: detail.status || summary.status,
        latestActivity: detail.latestActivity || summary.latestActivity,
        references:
          Array.isArray(detail.references) && detail.references.length > 0
            ? detail.references
            : summary.references,
        thinkingEvents: Array.isArray(detail.thinkingEvents)
          ? detail.thinkingEvents
          : [],
        progressEvents: Array.isArray(detail.progressEvents)
          ? detail.progressEvents
          : [],
        timelineEvents: Array.isArray(detail.timelineEvents)
          ? detail.timelineEvents
          : [],
      };
    }
    
    function latestSubagentEventTimestamp(detail: SubagentDetail): number | undefined {
      const candidates: number[] = [];
      if (Array.isArray(detail.thinkingEvents)) {
        detail.thinkingEvents.forEach((event) => {
          if (typeof event.createdAt === "number" && Number.isFinite(event.createdAt)) {
            candidates.push(event.createdAt);
          }
        });
      }
      if (Array.isArray(detail.progressEvents)) {
        detail.progressEvents.forEach((event) => {
          if (typeof event.createdAt === "number" && Number.isFinite(event.createdAt)) {
            candidates.push(event.createdAt);
          }
        });
      }
      if (Array.isArray(detail.timelineEvents)) {
        detail.timelineEvents.forEach((event) => {
          if (typeof event.createdAt === "number" && Number.isFinite(event.createdAt)) {
            candidates.push(event.createdAt);
          }
        });
      }
      if (candidates.length === 0) {
        return undefined;
      }
      return Math.max(...candidates);
    }
    
    function messageCompletedAt(message: Message): number | undefined {
      const info = asRecord(message.info);
      const infoTime = asRecord(info?.time);
      const topTime = asRecord((message as unknown as UnknownRecord).time);
      const candidates = [
        asOptionalNumber(infoTime?.completed),
        asOptionalNumber(infoTime?.updated),
        asOptionalNumber(info?.duration),
        asOptionalNumber(topTime?.completed),
        asOptionalNumber(topTime?.updated),
        asOptionalNumber((message as unknown as UnknownRecord).completed),
        asOptionalNumber((message as unknown as UnknownRecord).createdAt),
        asOptionalNumber(message.created),
      ].filter((value): value is number => typeof value === "number" && Number.isFinite(value));
      if (candidates.length === 0) {
        return undefined;
      }
      return Math.max(...candidates);
    }
    
    type SubagentPresentationPolicy = {
      mode: "stream" | "hydration";
      sessionProcessing?: boolean;
      liveParentMessageIds?: Set<string>;
    };
    
    function isAssistantMessageFinalized(message: Message | undefined): boolean {
      if (!message) {
        return false;
      }
      const role = (message.role || asString(asRecord(message.info)?.role) || "").toLowerCase();
      if (role && role !== "assistant") {
        return false;
      }
    
      const info = asRecord(message.info);
      const infoTime = asRecord(info?.time);
      const topTime = asRecord((message as unknown as UnknownRecord).time);
      const completedAt =
        asOptionalNumber(infoTime?.completed) ??
        asOptionalNumber(topTime?.completed) ??
        asOptionalNumber((message as unknown as UnknownRecord).completed);
      if (typeof completedAt === "number" && Number.isFinite(completedAt) && completedAt > 0) {
        return true;
      }
    
      const finish = asString(info?.finish).toLowerCase();
      if (finish === "done" || finish === "stop" || finish === "tool-calls" || finish === "error") {
        return true;
      }
    
      if (typeof message.content === "string" && message.content.trim().length > 0) {
        return true;
      }
      if (Array.isArray(message.parts) && message.parts.length > 0) {
        return true;
      }
      return false;
    }
    
    function shouldFreezeSubagentForPresentation(
      detail: SubagentDetail,
      message: Message | undefined,
      policy: SubagentPresentationPolicy | undefined,
      explicitFreezeFlag?: boolean,
    ): boolean {
      if (explicitFreezeFlag === true) {
        return true;
      }
      if (!policy || policy.mode !== "hydration") {
        return false;
      }
    
      const status = detail.status;
      if (status !== "pending" && status !== "running" && status !== "orphaned") {
        return false;
      }
    
      if (policy.liveParentMessageIds?.has(detail.parentMessageId)) {
        return false;
      }
    
      if (isAssistantMessageFinalized(message)) {
        return true;
      }
    
      return policy.sessionProcessing !== true;
    }
    
    function normalizeHydratedSubagentDetail(
      detail: SubagentDetail,
      message: Message | undefined,
      freezeIncompleteStatuses: boolean,
    ): SubagentDetail {
      const cleanedLatestActivity =
        sanitizeSubagentLabel(detail.latestActivity) || "Subagent update";
      const normalizedForPresentation: SubagentDetail = {
        ...detail,
        latestActivity: cleanedLatestActivity,
        progressEvents: normalizeSubagentProgressEventsForPresentation(
          Array.isArray(detail.progressEvents) ? detail.progressEvents : [],
        ),
        timelineEvents: normalizeSubagentTimelineEventsForPresentation(
          Array.isArray(detail.timelineEvents) ? detail.timelineEvents : [],
        ),
      };
    
      if (!freezeIncompleteStatuses) {
        return normalizedForPresentation;
      }
    
      const status = normalizedForPresentation.status;
      if (status !== "pending" && status !== "running" && status !== "orphaned") {
        return normalizedForPresentation;
      }
    
      const completedAt =
        (typeof normalizedForPresentation.endedAt === "number" &&
          Number.isFinite(normalizedForPresentation.endedAt)
          ? normalizedForPresentation.endedAt
          : undefined) ??
        (message ? messageCompletedAt(message) : undefined) ??
        latestSubagentEventTimestamp(normalizedForPresentation) ??
        normalizedForPresentation.startedAt;
      const startedAt =
        typeof normalizedForPresentation.startedAt === "number" &&
          Number.isFinite(normalizedForPresentation.startedAt)
          ? normalizedForPresentation.startedAt
          : undefined;
      const durationMs =
        typeof startedAt === "number" && typeof completedAt === "number"
          ? Math.max(0, completedAt - startedAt)
          : normalizedForPresentation.durationMs;
    
      const normalized: SubagentDetail = {
        ...normalizedForPresentation,
        status: "done",
        endedAt:
          typeof completedAt === "number"
            ? completedAt
            : normalizedForPresentation.endedAt,
        durationMs,
      };
      if (
        !normalized.latestActivity ||
        normalized.latestActivity.trim().toLowerCase() === "running" ||
        normalized.latestActivity.trim().toLowerCase() === "pending" ||
        normalized.latestActivity.trim().toLowerCase() === "orphaned"
      ) {
        normalized.latestActivity = "Completed";
      }
      return normalized;
    }
    
    function normalizeHydratedSubagentSummary(
      summary: SubagentSummary,
      detail: SubagentDetail | undefined,
      message: Message | undefined,
      freezeIncompleteStatuses: boolean,
    ): SubagentSummary {
      if (!freezeIncompleteStatuses) {
        return summary;
      }
      const normalizedDetail = normalizeHydratedSubagentDetail(
        detail
          ? detail
          : ({
            ...(summary as SubagentDetail),
            thinkingEvents: [],
            progressEvents: [],
            timelineEvents: [],
          } as SubagentDetail),
        message,
        true,
      );
      return {
        ...summary,
        status: normalizedDetail.status,
        startedAt:
          typeof normalizedDetail.startedAt === "number"
            ? normalizedDetail.startedAt
            : summary.startedAt,
        endedAt:
          typeof normalizedDetail.endedAt === "number"
            ? normalizedDetail.endedAt
            : summary.endedAt,
        durationMs:
          typeof normalizedDetail.durationMs === "number"
            ? normalizedDetail.durationMs
            : summary.durationMs,
        latestActivity: normalizedDetail.latestActivity || summary.latestActivity,
      };
    }
    
    function normalizeHydratedSubagentMaps(
      summariesByParentMessageId: Record<string, SubagentSummary[]>,
      detailsById: Record<string, SubagentDetail>,
      messages: Message[],
      freezeIncompleteStatuses: boolean,
      policy?: SubagentPresentationPolicy,
    ): {
      summariesByParentMessageId: Record<string, SubagentSummary[]>;
      detailsById: Record<string, SubagentDetail>;
    } {
      if (!freezeIncompleteStatuses && (!policy || policy.mode !== "hydration")) {
        return { summariesByParentMessageId, detailsById };
      }
    
      const messageById = new Map<string, Message>();
      messages.forEach((message) => {
        const id = getMessageId(message);
        if (id) {
          messageById.set(id, message);
        }
      });
    
      const normalizedDetailsById: Record<string, SubagentDetail> = {};
      for (const [detailId, detail] of Object.entries(detailsById)) {
        const message = messageById.get(detail.parentMessageId);
        const freeze = shouldFreezeSubagentForPresentation(
          detail,
          message,
          policy,
          freezeIncompleteStatuses,
        );
        normalizedDetailsById[detailId] = normalizeHydratedSubagentDetail(
          detail,
          message,
          freeze,
        );
      }
    
      const normalizedSummariesByParentMessageId: Record<string, SubagentSummary[]> = {};
      for (const [parentMessageId, summaries] of Object.entries(summariesByParentMessageId)) {
        const message = messageById.get(parentMessageId);
        normalizedSummariesByParentMessageId[parentMessageId] = summaries.map((summary) =>
          normalizeHydratedSubagentSummary(
            summary,
            normalizedDetailsById[summary.id] ?? detailsById[summary.id],
            message,
            shouldFreezeSubagentForPresentation(
              normalizedDetailsById[summary.id] ?? (detailsById[summary.id] as SubagentDetail),
              message,
              policy,
              freezeIncompleteStatuses,
            ),
          ),
        );
      }
    
      return {
        summariesByParentMessageId: normalizedSummariesByParentMessageId,
        detailsById: normalizedDetailsById,
      };
    }
    
    function areSubagentListsEquivalent(
      previous: SubagentDetail[] | undefined,
      next: SubagentDetail[],
    ): boolean {
      const prev = Array.isArray(previous) ? previous : [];
      if (prev.length !== next.length) {
        return false;
      }
      for (let index = 0; index < prev.length; index += 1) {
        const a = prev[index];
        const b = next[index];
        if (
          a.id !== b.id ||
          a.status !== b.status ||
          a.latestActivity !== b.latestActivity ||
          (a.durationMs ?? 0) !== (b.durationMs ?? 0) ||
          (a.progressEvents?.length ?? 0) !== (b.progressEvents?.length ?? 0) ||
          (a.thinkingEvents?.length ?? 0) !== (b.thinkingEvents?.length ?? 0) ||
          (a.timelineEvents?.length ?? 0) !== (b.timelineEvents?.length ?? 0)
        ) {
          return false;
        }
      }
      return true;
    }
    
    function deriveSessionIdFromMessage(
      message: Message,
      fallbackSessionId: string | null,
    ): string | null {
      const info = asRecord(message.info);
      const infoSessionId =
        asString(info?.sessionID) || asString(info?.sessionId);
      if (infoSessionId) {
        return infoSessionId;
      }
    
      if (Array.isArray(message.subagents)) {
        for (const subagent of message.subagents) {
          const sessionId = asString(asRecord(subagent)?.parentSessionId);
          if (sessionId) {
            return sessionId;
          }
        }
      }
    
      return fallbackSessionId;
    }
    
    function getMessageId(message: Message): string | null {
      return (
        asString(asRecord(message.info)?.id) ||
        asString((message as unknown as UnknownRecord).id) ||
        null
      );
    }
    
    function mergeSubagentSummaries(
      existing: SubagentSummary[] | undefined,
      incoming: SubagentSummary[],
    ): SubagentSummary[] {
      const byId = new Map<string, SubagentSummary>();
      const source = Array.isArray(existing) ? existing : [];
      source.forEach((entry) => {
        if (entry?.id) {
          byId.set(entry.id, entry);
        }
      });
      incoming.forEach((entry) => {
        if (!entry?.id) {
          return;
        }
        const prev = byId.get(entry.id);
        byId.set(entry.id, prev ? { ...prev, ...entry, id: entry.id } : entry);
      });
      return Array.from(byId.values());
    }
    
    function hasSubagentSummaryEntries(
      summariesByParentMessageId: Record<string, SubagentSummary[]>,
    ): boolean {
      return Object.values(summariesByParentMessageId).some(
        (entries) => Array.isArray(entries) && entries.length > 0,
      );
    }
    
    function mergeSubagentSummaryPayload(
      existingByParentMessageId: Record<string, SubagentSummary[]>,
      incomingByParentMessageId: Record<string, SubagentSummary[]>,
    ): Record<string, SubagentSummary[]> {
      const merged: Record<string, SubagentSummary[]> = {};
      for (const [parentMessageId, incoming] of Object.entries(
        incomingByParentMessageId,
      )) {
        if (!Array.isArray(incoming) || incoming.length === 0) {
          continue;
        }
        merged[parentMessageId] = mergeSubagentSummaries(
          existingByParentMessageId[parentMessageId],
          incoming,
        );
      }
      return merged;
    }
    
    function mergeUniqueSubagentEntries<T>(
      existing: T[] | undefined,
      incoming: T[] | undefined,
      keyBuilder: (item: T, index: number) => string,
    ): T[] {
      const out: T[] = [];
      const byKey = new Map<string, T>();
      const push = (items: T[] | undefined) => {
        if (!Array.isArray(items) || items.length === 0) {
          return;
        }
        items.forEach((item, index) => {
          const key = keyBuilder(item, index);
          if (!key) {
            out.push(item);
            return;
          }
          if (byKey.has(key)) {
            const existingItemIndex = out.findIndex((entry, entryIndex) => {
              const entryKey = keyBuilder(entry, entryIndex);
              return entryKey === key;
            });
            if (existingItemIndex >= 0) {
              out[existingItemIndex] = item;
            }
          } else {
            out.push(item);
          }
          byKey.set(key, item);
        });
      };
      push(existing);
      push(incoming);
      return out;
    }
    
    function mergeSubagentDetailRecord(
      existing: SubagentDetail | undefined,
      incoming: SubagentDetail,
    ): SubagentDetail {
      const latestActivity =
        sanitizeSubagentLabel(incoming.latestActivity || "") ||
        sanitizeSubagentLabel(existing?.latestActivity || "") ||
        "Subagent update";
    
      const references = mergeUniqueSubagentEntries(
        existing?.references,
        incoming.references,
        (entry) =>
          `${entry.messageID || ""}|${entry.partID || ""}|${entry.callID || ""}`,
      );
      const thinkingEvents = mergeUniqueSubagentEntries(
        existing?.thinkingEvents,
        incoming.thinkingEvents,
        (event, index) =>
          event.id || `${event.createdAt || 0}:${event.text || ""}:${index}`,
      );
      const progressEvents = normalizeSubagentProgressEventsForPresentation(
        mergeUniqueSubagentEntries(
          existing?.progressEvents,
          incoming.progressEvents,
          (event, index) =>
            event.callID ||
            event.id ||
            `${event.title || ""}:${event.status || ""}:${event.createdAt || 0}:${index}`,
        ),
      );
      const timelineEvents = normalizeSubagentTimelineEventsForPresentation(
        mergeUniqueSubagentEntries(
          existing?.timelineEvents,
          incoming.timelineEvents,
          (event, index) =>
            event.key ||
            `${event.type || ""}:${event.label || ""}:${event.createdAt || 0}:${index}`,
        ),
      );
    
      return {
        ...(existing || incoming),
        ...incoming,
        id: incoming.id || existing?.id || "",
        parentSessionId:
          incoming.parentSessionId || existing?.parentSessionId || "",
        parentMessageId:
          incoming.parentMessageId || existing?.parentMessageId || "",
        status: incoming.status || existing?.status || "pending",
        latestActivity,
        references,
        thinkingEvents,
        progressEvents,
        timelineEvents,
      };
    }
    
    function mergeSubagentDetailPayload(
      existingById: Record<string, SubagentDetail>,
      incomingById: Record<string, SubagentDetail>,
    ): Record<string, SubagentDetail> {
      const merged: Record<string, SubagentDetail> = {};
      for (const [detailId, incoming] of Object.entries(incomingById)) {
        if (!incoming) {
          continue;
        }
        merged[detailId] = mergeSubagentDetailRecord(
          existingById[detailId],
          incoming,
        );
      }
      return merged;
    }
    
    function findLatestAssistantMessageIdForSession(
      messages: Message[],
      fallbackSessionId: string | null,
      targetSessionId?: string,
    ): string | null {
      for (let index = messages.length - 1; index >= 0; index -= 1) {
        const message = messages[index];
        const role = message.role ?? asString(asRecord(message.info)?.role) ?? "";
        if (role !== "assistant") {
          continue;
        }
        const messageId = getMessageId(message);
        if (!messageId) {
          continue;
        }
    
        if (targetSessionId) {
          const sessionId = deriveSessionIdFromMessage(message, fallbackSessionId);
          if (sessionId && sessionId !== targetSessionId) {
            continue;
          }
        }
    
        return messageId;
      }
    
      return null;
    }
    
    function syncSubagentMapsIntoMessages(
      dispatch: Dispatch<AppAction>,
      getState: () => AppState,
      summariesByParentMessageId: Record<string, SubagentSummary[]>,
      detailsById: Record<string, SubagentDetail>,
      mode: "merge" | "replace",
      options?: { freezeIncompleteStatuses?: boolean; presentationPolicy?: SubagentPresentationPolicy },
    ): void {
      const state = getState();
      const allSummariesByParentMessageId =
        mode === "replace"
          ? summariesByParentMessageId
          : {
            ...state.subagentsByParentMessageId,
            ...summariesByParentMessageId,
          };
      const allDetailsById =
        mode === "replace"
          ? detailsById
          : {
            ...state.subagentDetailsById,
            ...detailsById,
          };
    
      const messageIds = new Set<string>();
      state.messages.forEach((message) => {
        const messageId = getMessageId(message);
        if (messageId) {
          messageIds.add(messageId);
        }
      });
    
      // Rebind orphaned summary groups (usually keyed by transient streaming IDs)
      // to the latest assistant message for the same session so cards survive
      // reload/session hydration even when final message IDs differ.
      const effectiveSummariesByParentMessageId: Record<string, SubagentSummary[]> = {
        ...allSummariesByParentMessageId,
      };
      for (const [parentMessageId, summaries] of Object.entries(
        allSummariesByParentMessageId,
      )) {
        if (!Array.isArray(summaries) || summaries.length === 0) {
          continue;
        }
        if (messageIds.has(parentMessageId)) {
          continue;
        }
    
        // DISABLED: Rebounding subagents to the 'latest' message causes 'ghosting'
        // where old subagents appear in new responses. Only allow direct ID matches.
        continue;
      }
    
      const updatedMessages: Message[] = [];
      let hasChanges = false;
      const nextMessages = state.messages.map((message) => {
        const messageId = getMessageId(message);
        if (!messageId) {
          return message;
        }
        const summaries = effectiveSummariesByParentMessageId[messageId];
        if (!Array.isArray(summaries) || summaries.length === 0) {
          return message;
        }
        const freezeIncompleteStatuses =
          options?.freezeIncompleteStatuses === true ||
          policyAwareFreeze(
            summaries,
            allDetailsById,
            message,
            options?.presentationPolicy,
          );
        const hydratedSubagents = summaries.map((summary) =>
          normalizeHydratedSubagentDetail(
            hydrateSubagentSummary(summary, allDetailsById),
            message,
            freezeIncompleteStatuses,
          ),
        );
        if (areSubagentListsEquivalent(message.subagents, hydratedSubagents)) {
          return message;
        }
    
        hasChanges = true;
        const nextMessage: Message = {
          ...message,
          subagents: hydratedSubagents,
        };
        updatedMessages.push(nextMessage);
        return nextMessage;
      });
    
      if (!hasChanges) {
        return;
      }
    
      dispatch({ type: "SET_MESSAGES", payload: nextMessages });
      const currentSessionId = getState().currentSessionId;
      for (const message of updatedMessages) {
        const sessionId = deriveSessionIdFromMessage(message, currentSessionId);
        if (!sessionId) {
          continue;
        }
        vscode.postMessage({
          type: "persistAssistantMessage",
          sessionId,
          message,
        });
      }
    }
    
    function extractMessageText(message: Message): string {
      const rec = asRecord(message);
      if (!rec) {
        return '';
      }
    
      if (typeof rec.content === 'string' && rec.content.trim()) {
        return rec.content;
      }
      if (typeof rec.text === 'string' && rec.text.trim()) {
        return rec.text;
      }
    
      const parts = Array.isArray(rec.parts) ? rec.parts : [];
      const fromParts = contentFromParts(parts);
      if (fromParts) {
        return fromParts;
      }
    
      const summary = summaryText(rec.info);
      if (summary) {
        return summary;
      }
    
      return reasoningFromParts(parts);
    }
    
    function isInternalSystemReminderMessage(message: Message): boolean {
      const role = asString(message.role) || asString(asRecord(message.info)?.role);
      const normalizedRole = role.toLowerCase().trim();
      if (normalizedRole !== "user" && normalizedRole !== "system") {
        return false;
      }
    
      const text = extractMessageText(message).trim();
      if (!text) {
        return false;
      }
      if (/\bproceed on this plan\./i.test(text)) {
        return false;
      }
    
      const normalizedText = text.toLowerCase();
    
      // Check for square-bracketed system messages at the start (e.g., [analyze-mode], [background task completed])
      const bracketPattern = /^\[[a-z][a-z0-9_\- ]*\]/i;
      const hasBracketPrefix = bracketPattern.test(text);
    
      return (
        normalizedText.includes("<system-reminder>") ||
        normalizedText.includes("<auto-slash-command>") ||
        normalizedText.includes("<!-- omo_internal_initiator -->") ||
        hasBracketPrefix ||
        (normalizedText.includes("[search-model]") &&
          normalizedText.includes("maximize search effort"))
      );
    }
    
    function hasRenderableHistoryPayload(message: Message): boolean {
      // Don't filter out system reminder messages - they will be converted to system role
      // and rendered with the SystemMessage component
      // if (isInternalSystemReminderMessage(message)) {
      //   return false;
      // }
    
      // FIX: Check assistant messages with parts FIRST, before any other checks.
      // This ensures question-type messages with parts but no text content are preserved.
      // Prevents regression where assistant messages disappear after session restart.
      const role = asString(message.role) || asString(asRecord(message.info)?.role);
      if (role === "assistant" && Array.isArray(message.parts) && message.parts.length > 0) {
        return true;
      }
    
      const text = extractMessageText(message).trim();
      if (text.length > 0) {
        return true;
      }
    
      if (Array.isArray(message.images) && message.images.length > 0) {
        return true;
      }
      if (
        Array.isArray((message as unknown as UnknownRecord).attachments) &&
        ((message as unknown as UnknownRecord).attachments as unknown[]).length > 0
      ) {
        return true;
      }
      if (Array.isArray(message.subagents) && message.subagents.length > 0) {
        return true;
      }
      if (
        Array.isArray(message.interactiveEvents) &&
        message.interactiveEvents.length > 0
      ) {
        return true;
      }
      if (interactiveEventsFromMessage(message).length > 0) {
        return true;
      }
      if (Array.isArray(message.reasoningEvents) && message.reasoningEvents.length > 0) {
        return true;
      }
      if (Array.isArray(message.progressEvents) && message.progressEvents.length > 0) {
        return true;
      }
      if (Array.isArray(message.steps) && message.steps.length > 0) {
        return true;
      }
      if (Array.isArray(message.edits) && message.edits.length > 0) {
        return true;
      }
      if (
        typeof (message as unknown as UnknownRecord).error === 'string' &&
        asString((message as unknown as UnknownRecord).error).trim().length > 0
      ) {
        return true;
      }
      if (message.plan && typeof message.plan === 'object') {
        return true;
      }
    
      // Preserve assistant turns that only contain activity parts
      // (tool/reasoning/step/patch) so reload matches stream-time rendering.
      // Note: This check is now redundant since we moved it to the top,
      // but kept for clarity and backwards compatibility.
    
      if (Array.isArray(message.parts)) {
        return message.parts.some((part) => {
          const rec = asRecord(part);
          if (!rec) {
            return false;
          }
          return (
            asString(rec.filename).length > 0 ||
            asString(asRecord(rec.source)?.path).length > 0 ||
            asString(rec.url).length > 0
          );
        });
      }
    
      return false;
    }
    
    function isRenderableHistoryMessage(message: Message): boolean {
      const role = asString(message.role) || asString(asRecord(message.info)?.role);
      const hasPayload = hasRenderableHistoryPayload(message);
      if (role === 'user' || role === 'assistant') {
        return hasPayload;
      }
      return hasPayload;
    }
    
    function isAssistantHistoryMessage(message: Message | undefined): boolean {
      if (!message) {
        return false;
      }
      const role = asString(message.role) || asString(asRecord(message.info)?.role);
      return role.toLowerCase().trim() === "assistant";
    }
    
    function messagePartFingerprint(part: MessagePart): string {
      const rec = asRecord(part);
      if (!rec) {
        return "unknown";
      }
      const type = asString(rec.type).toLowerCase() || "unknown";
      const callId = asString(rec.callID) || asString(rec.callId);
      const tool = asString(rec.tool);
      const state = asRecord(rec.state);
      const status = asString(state?.status) || asString(rec.status);
      const title = asString(rec.title) || asString(state?.title);
      const filePath =
        asString(rec.filePath) ||
        asString(asRecord(state?.input)?.file) ||
        asString(asRecord(state?.input)?.path);
      const text = asRichString(rec.text || rec.content || rec.delta || rec.reasoning)
        .trim()
        .slice(0, 160);
      return [type, callId, tool, status, title, filePath, text].join("|");
    }
    
    function isTextLikePart(part: MessagePart): boolean {
      const rec = asRecord(part);
      if (!rec) {
        return false;
      }
      const type = asString(rec.type).toLowerCase();
      if (type === "text") {
        return true;
      }
      return (
        typeof rec.text === "string" ||
        typeof rec.content === "string" ||
        typeof rec.delta === "string"
      );
    }
    
    function coalesceAssistantHistoryBurst(burst: Message[]): Message {
      const base = { ...(burst[burst.length - 1] || burst[0]) } as Message;
      const mergedParts: MessagePart[] = [];
      const seenPartFingerprints = new Set<string>();
      const seenReasoning = new Set<string>();
      const seenProgress = new Set<string>();
      const seenSteps = new Set<string>();
      const seenEdits = new Set<string>();
    
      let latestText = "";
      let latestTextPart: MessagePart | undefined;
      let latestInteractiveEvents: InteractiveEvent[] | undefined;
      let latestPlan = base.plan;
      let latestSubagents = base.subagents;
      let latestError = asString((base as unknown as UnknownRecord).error);
      let latestStructuredOutput = asRecord(
        (base as unknown as UnknownRecord).structuredOutput,
      );
      let canonicalMessageId: string | null = getMessageId(base);
    
      const appendReasoningEvent = (event: ReasoningEvent) => {
        const key = `${asNumber(event.createdAt)}|${normalizeComparableText(asString(event.text))}`;
        if (seenReasoning.has(key)) {
          return;
        }
        seenReasoning.add(key);
        const list = Array.isArray(base.reasoningEvents) ? base.reasoningEvents : [];
        base.reasoningEvents = [...list, event];
      };
    
      const appendProgressEvent = (event: MessageStep) => {
        const key = [
          asString(event.id),
          asString(event.callID),
          normalizeComparableText(asString(event.title)),
          asString(event.status),
          asString(event.filePath),
          asString(event.meta),
          asNumber(event.streamSeq),
        ].join("|");
        if (seenProgress.has(key)) {
          return;
        }
        seenProgress.add(key);
        const list = Array.isArray(base.progressEvents) ? base.progressEvents : [];
        base.progressEvents = [...list, event];
      };
    
      const appendStep = (step: MessageStep) => {
        const key = [
          asString(step.id),
          asString(step.callID),
          normalizeComparableText(asString(step.title)),
          asString(step.status),
          asString(step.filePath),
          asString(step.meta),
          asNumber(step.streamSeq),
        ].join("|");
        if (seenSteps.has(key)) {
          return;
        }
        seenSteps.add(key);
        const list = Array.isArray(base.steps) ? base.steps : [];
        base.steps = [...list, step];
      };
    
      const appendEdit = (edit: { file: string; added?: number; deleted?: number }) => {
        const key = normalizeComparableText(asString(edit.file));
        if (!key || seenEdits.has(key)) {
          return;
        }
        seenEdits.add(key);
        const list = Array.isArray(base.edits) ? base.edits : [];
        base.edits = [...list, edit];
      };
    
      for (const message of burst) {
        if (!message || typeof message !== "object") {
          continue;
        }
    
        const messageId = getMessageId(message);
        if (messageId) {
          canonicalMessageId = messageId;
        }
    
        const content = extractMessageText(message).trim();
        if (content.length > 0) {
          latestText = content;
          latestTextPart = Array.isArray(message.parts)
            ? message.parts.find((part) => isTextLikePart(part))
            : undefined;
        }
    
        if (
          Array.isArray(message.interactiveEvents) &&
          message.interactiveEvents.length > 0
        ) {
          latestInteractiveEvents = message.interactiveEvents;
        }
        if (message.plan && typeof message.plan === "object") {
          latestPlan = message.plan;
        }
        if (Array.isArray(message.subagents) && message.subagents.length > 0) {
          latestSubagents = message.subagents;
        }
        const errorText = asString((message as unknown as UnknownRecord).error);
        if (errorText) {
          latestError = errorText;
        }
        const structured = asRecord(
          (message as unknown as UnknownRecord).structuredOutput,
        );
        if (structured) {
          latestStructuredOutput = structured;
        }
    
        if (Array.isArray(message.parts)) {
          for (const part of message.parts) {
            if (isTextLikePart(part)) {
              continue;
            }
            const key = messagePartFingerprint(part);
            if (seenPartFingerprints.has(key)) {
              continue;
            }
            seenPartFingerprints.add(key);
            mergedParts.push(part);
          }
        }
    
        if (Array.isArray(message.reasoningEvents)) {
          message.reasoningEvents.forEach(appendReasoningEvent);
        }
        if (Array.isArray(message.progressEvents)) {
          message.progressEvents.forEach(appendProgressEvent);
        }
        if (Array.isArray(message.steps)) {
          message.steps.forEach(appendStep);
        }
        if (Array.isArray(message.edits)) {
          message.edits.forEach(appendEdit);
        }
      }
    
      if (latestText.length > 0) {
        const source = asRecord(latestTextPart) ?? {};
        mergedParts.push({
          ...source,
          type: "text",
          text: latestText,
        } as MessagePart);
        base.content = latestText;
        base.text = latestText;
      }
    
      if (mergedParts.length > 0) {
        base.parts = mergedParts;
      }
      if (latestInteractiveEvents) {
        base.interactiveEvents = latestInteractiveEvents;
      }
      if (latestPlan) {
        base.plan = latestPlan;
      }
      if (latestSubagents) {
        base.subagents = latestSubagents;
      }
      if (latestError) {
        (base as unknown as UnknownRecord).error = latestError;
      }
      if (latestStructuredOutput) {
        (base as unknown as UnknownRecord).structuredOutput = latestStructuredOutput;
      }
    
      if (canonicalMessageId) {
        base.id = canonicalMessageId;
        const infoRec = asRecord(base.info);
        base.info = infoRec
          ? { ...infoRec, id: canonicalMessageId }
          : ({ id: canonicalMessageId } as Record<string, unknown>);
      }
    
      return base;
    }
    
    function coalesceAdjacentAssistantHistoryMessages(messages: Message[]): Message[] {
      if (!Array.isArray(messages) || messages.length <= 1) {
        return messages;
      }
    
      const out: Message[] = [];
      let index = 0;
      while (index < messages.length) {
        const current = messages[index];
        if (!isAssistantHistoryMessage(current)) {
          out.push(current);
          index += 1;
          continue;
        }
    
        const burst: Message[] = [current];
        let cursor = index + 1;
        while (cursor < messages.length && isAssistantHistoryMessage(messages[cursor])) {
          burst.push(messages[cursor]);
          cursor += 1;
        }
    
        if (burst.length === 1) {
          out.push(current);
        } else {
          out.push(coalesceAssistantHistoryBurst(burst));
        }
        index = cursor;
      }
    
      return out;
    }
    
    function summarizeRenderMessageForDebug(message: Message, index: number): Record<string, unknown> {
      const info = asRecord(message.info);
      const structured = asRecord((message as unknown as UnknownRecord).structuredOutput);
      const text = extractMessageText(message).trim();
      return {
        index,
        id: getMessageId(message),
        role: asString(message.role) || asString(info?.role) || "unknown",
        responseType: asString(structured?.responseType).toLowerCase() || undefined,
        textLength: text.length,
        textPreview: text ? text.slice(0, 160) : undefined,
        hasPlan: !!message.plan,
        subagentCount: Array.isArray(message.subagents) ? message.subagents.length : 0,
        interactiveCount: Array.isArray(message.interactiveEvents) ? message.interactiveEvents.length : 0,
        partCount: Array.isArray(message.parts) ? message.parts.length : 0,
      };
    }
    
    function logRenderSnapshot(source: string, messages: Message[]): void {
      const tail = messages.slice(-20);
      const summary = tail.map((message, index) =>
        summarizeRenderMessageForDebug(message, messages.length - tail.length + index),
      );
      const last = summary[summary.length - 1];
      webviewLogger.info("Rendering snapshot", {
        source,
        messageCount: messages.length,
        last,
      });
      streamDebug("[OpenCode][webview] render snapshot tail", {
        source,
        items: summary,
      });
    }
    
    function slugifyChoiceValue(input: string): string {
      const value = input
        .toLowerCase()
        .replace(/[^a-z0-9]+/g, '-')
        .replace(/^-+|-+$/g, '');
      return value || 'option';
    }
    
    function stripChoicePrefix(input: string): string {
      return input
        .replace(/^(?:[-*]|\u2022)\s+/, '')
        .replace(/^\d{1,2}[.)]\s+/, '')
        .replace(/^[a-zA-Z][.)]\s+/, '')
        .replace(/^>\s*/, '')
        .trim();
    }
    
    function stripMarkdownFormatting(input: string): string {
      return input
        .replace(/`([^`]+)`/g, "$1")
        .replace(/\*\*([^*]+)\*\*/g, "$1")
        .replace(/__([^_]+)__/g, "$1")
        .replace(/\*([^*]+)\*/g, "$1")
        .replace(/_([^_]+)_/g, "$1")
        .replace(/\[([^\]]+)\]\([^)]+\)/g, "$1")
        .replace(/\s{2,}/g, " ")
        .trim();
    }
    
    function isLikelyYesNoQuestion(question: string): boolean {
      return /^(do|does|did|is|are|was|were|can|could|should|would|will|have|has|had|may|might|am)\b/i.test(
        question.trim(),
      );
    }
    
    function normalizeChoiceFromLine(line: string, index: number): InteractiveChoice | undefined {
      const trimmed = line.trim();
      if (!trimmed) {
        return undefined;
      }
    
      const hasListPrefix = /^(?:[-*]|\u2022|\d{1,2}[.)]|[a-zA-Z][.)])\s+/.test(
        trimmed,
      );
      const hasLabelColon = /^[*_`"'(]*[A-Za-z][^?]{0,40}:\s+\S+/.test(trimmed);
    
      const candidate = stripMarkdownFormatting(stripChoicePrefix(trimmed));
      if (!hasListPrefix && !hasLabelColon) {
        const plainWords = candidate.split(/\s+/).filter(Boolean);
        const plainAllowed =
          candidate.length > 0 &&
          candidate.length <= 32 &&
          plainWords.length > 0 &&
          plainWords.length <= 4 &&
          /^[A-Za-z0-9 /+._-]+$/.test(candidate) &&
          !/[\\/]/.test(candidate);
        if (!plainAllowed) {
          return undefined;
        }
      }
    
      if (!candidate || candidate.length > 140 || candidate.includes('?')) {
        return undefined;
      }
    
      const looksPathLike =
        /(?:^|[\s"'`])(?:[A-Za-z]:\\|\.{0,2}[\\/]|[\w-]+[\\/][\w./\\-]+\.[A-Za-z0-9]{1,8})/.test(
          candidate,
        );
      if (looksPathLike && !hasLabelColon) {
        return undefined;
      }
      if (
        /auto-generated|generated file|timestamp/i.test(candidate) &&
        !/^(yes|no)\b/i.test(candidate)
      ) {
        return undefined;
      }
    
      let label = candidate;
      let description: string | undefined;
      const colonIndex = candidate.indexOf(':');
      if (colonIndex > 0 && colonIndex < 44) {
        label = candidate.slice(0, colonIndex).trim();
        const rest = candidate.slice(colonIndex + 1).trim();
        description = rest || undefined;
      }
    
      label = label.replace(/[.,;:]$/, '').trim();
      if (!label || label.length < 2 || label.split(/\s+/).length > 8) {
        return undefined;
      }
    
      return {
        id: `auto-opt-${index}`,
        label,
        value: slugifyChoiceValue(label),
        description
      };
    }
    
    function dedupeChoices(choices: InteractiveChoice[]): InteractiveChoice[] {
      const out: InteractiveChoice[] = [];
      const seen = new Set<string>();
      choices.forEach((choice) => {
        const key = `${choice.label}::${choice.value || choice.label}`.toLowerCase();
        if (seen.has(key)) {
          return;
        }
        seen.add(key);
        out.push(choice);
      });
      return out;
    }
    
    function collectOptionsInDirection(
      lines: string[],
      startIndex: number,
      step: 1 | -1,
      maxScanDistance = 8
    ): InteractiveChoice[] {
      const collected: InteractiveChoice[] = [];
      let scanned = 0;
      for (let index = startIndex; index >= 0 && index < lines.length && scanned < maxScanDistance; index += step) {
        scanned += 1;
        const line = lines[index].trim();
        if (!line) {
          if (collected.length > 0) {
            break;
          }
          continue;
        }
        if (line.includes('?')) {
          if (collected.length > 0) {
            break;
          }
          continue;
        }
    
        const option = normalizeChoiceFromLine(line, collected.length);
        if (!option) {
          if (collected.length > 0) {
            break;
          }
          continue;
        }
        collected.push(option);
        if (collected.length >= 6) {
          break;
        }
      }
    
      if (step === -1) {
        collected.reverse();
      }
      return collected;
    }
    
    function extractInlineOrChoices(question: string): InteractiveChoice[] {
      const cleanQuestion = question.replace(/[?!.\s]+$/, '').trim();
      if (!/\bor\b/i.test(cleanQuestion)) {
        return [];
      }
    
      const useMatch = cleanQuestion.match(
        /\b(?:use|choose|pick|select|prefer|want)\s+([A-Za-z][A-Za-z0-9+._/-]{1,30})\s+or\s+([A-Za-z][A-Za-z0-9+._/-]{1,30})\b/i
      );
      if (useMatch) {
        const first = useMatch[1];
        const second = useMatch[2];
        return [
          { id: 'auto-opt-0', label: first, value: slugifyChoiceValue(first) },
          { id: 'auto-opt-1', label: second, value: slugifyChoiceValue(second) }
        ];
      }
    
      const genericMatch = cleanQuestion.match(
        /\b([A-Za-z][A-Za-z0-9+._/-]{1,30})\b\s+or\s+\b([A-Za-z][A-Za-z0-9+._/-]{1,30})\b/i
      );
      if (!genericMatch) {
        return [];
      }
      const first = genericMatch[1];
      const second = genericMatch[2];
      if (first.length < 2 || second.length < 2) {
        return [];
      }
      return [
        { id: 'auto-opt-0', label: first, value: slugifyChoiceValue(first) },
        { id: 'auto-opt-1', label: second, value: slugifyChoiceValue(second) }
      ];
    }
    
    function detectInteractiveEventsFromText(_text: string, _message: Message): InteractiveEvent[] {
      return [];
    }
    
    function interactiveEventsFromMessage(message: Message): InteractiveEvent[] {
      const role = asString(message.role) || asString(asRecord(message.info)?.role);
      if (role && role !== 'assistant') {
        return [];
      }
    
      if (Array.isArray(message.interactiveEvents) && message.interactiveEvents.length > 0) {
        return message.interactiveEvents;
      }
      const rec = asRecord(message);
      if (!rec) {
        return [];
      }
      const structured =
        normalizeStructuredOutput(rec.structuredOutput) ??
        normalizeStructuredOutput((rec as UnknownRecord).structured_output) ??
        normalizeStructuredOutput(asRecord(rec.info)?.structuredOutput) ??
        normalizeStructuredOutput((asRecord(rec.info) as UnknownRecord | null)?.structured_output) ??
        normalizeStructuredOutput((asRecord(rec.info) as UnknownRecord | null)?.structured);
      const fromStructured = toInteractiveEvents(structured);
      if (fromStructured.length > 0) {
        return fromStructured;
      }
    
      const infoRec = asRecord(rec.info);
      const topLevelResponseType =
        asString(rec.responseType) ||
        asString(infoRec?.responseType) ||
        asString(asRecord(rec.structuredOutput)?.responseType) ||
        asString(asRecord(rec.structured_output)?.responseType);
      const hasQuestionLikePayload =
        topLevelResponseType.toLowerCase() === "question" ||
        typeof rec.question !== "undefined" ||
        typeof infoRec?.question !== "undefined";
      if (hasQuestionLikePayload) {
        const fallbackStructured = normalizeStructuredOutput({
          responseType: topLevelResponseType || "question",
          question: rec.question ?? infoRec?.question,
          options:
            (rec as UnknownRecord).options ??
            (infoRec as UnknownRecord | null)?.options,
          choices:
            (rec as UnknownRecord).choices ??
            (infoRec as UnknownRecord | null)?.choices,
          actions:
            (rec as UnknownRecord).actions ??
            (infoRec as UnknownRecord | null)?.actions,
          interactiveEvents:
            (rec as UnknownRecord).interactiveEvents ??
            (infoRec as UnknownRecord | null)?.interactiveEvents,
        });
        const fromTopLevel = toInteractiveEvents(fallbackStructured);
        if (fromTopLevel.length > 0) {
          return fromTopLevel;
        }
      }
      return [];
    }
    
    function policyAwareFreeze(
      summaries: SubagentSummary[],
      detailsById: Record<string, SubagentDetail>,
      message: Message,
      policy?: SubagentPresentationPolicy,
    ): boolean {
      if (!policy || policy.mode !== "hydration") {
        return false;
      }
      return summaries.some((summary) =>
        shouldFreezeSubagentForPresentation(
          hydrateSubagentSummary(summary, detailsById),
          message,
          policy,
          false,
        ),
      );
    }
    
    function interactivePromptFromEvent(event: InteractiveEvent): string | undefined {
      if (event.type === "question" || event.type === "confirm") {
        return asOptionalString(event.question) || asOptionalString(event.title);
      }
      if (event.type === "message") {
        return asOptionalString(event.message) || asOptionalString(event.title);
      }
      if (event.type === "quick_actions") {
        return asOptionalString(event.title);
      }
      return undefined;
    }
    
    function containsInteractiveMarker(text: string): boolean {
      return /\[interactive:[^:\]]+:[^\]]+\]/i.test(text);
    }
    
    function parseInteractiveMarkerResponses(
      text: string,
    ): Array<{ eventId: string; answer: string }> {
      const responses: Array<{ eventId: string; answer: string }> = [];
      const lines = text
        .split(/\r?\n/)
        .map((line) => line.trim())
        .filter((line) => line.length > 0);
    
      for (const line of lines) {
        const markerMatch = line.match(
          /^\[interactive:[^:\]]+:([^\]]+)\]\s*(.*)$/i,
        );
        if (!markerMatch) {
          continue;
        }
        const eventId = asString(markerMatch[1]).trim();
        const answer = asString(markerMatch[2]).trim();
        if (!eventId && !answer) {
          continue;
        }
        responses.push({ eventId, answer });
      }
    
      return responses;
    }
    
    function hydrateLegacyInteractiveUserMessages(messages: Message[]): Message[] {
      if (!Array.isArray(messages) || messages.length === 0) {
        return messages;
      }
    
      const questionByEventId = new Map<string, string>();
      let changed = false;
      const hydrated = messages.map((message) => {
        const role = asString(message.role) || asString(asRecord(message.info)?.role);
        if (role === "assistant") {
          const events = interactiveEventsFromMessage(message);
          events.forEach((event) => {
            const eventId = asOptionalString(event.id);
            const label = interactivePromptFromEvent(event);
            if (eventId && label) {
              questionByEventId.set(eventId, label);
            }
          });
          return message;
        }
    
        if (role !== "user") {
          return message;
        }
    
        const persistedVisibleText =
          asOptionalString(message.content) || asOptionalString(message.text);
        if (persistedVisibleText && !containsInteractiveMarker(persistedVisibleText)) {
          return message;
        }
    
        const markerSource =
          (persistedVisibleText && containsInteractiveMarker(persistedVisibleText)
            ? persistedVisibleText
            : undefined) ||
          contentFromParts(Array.isArray(message.parts) ? message.parts : []);
        if (!markerSource || !containsInteractiveMarker(markerSource)) {
          return message;
        }
    
        const responses = parseInteractiveMarkerResponses(markerSource);
        if (responses.length === 0) {
          return message;
        }
    
        const displayText = responses
          .map((response) => {
            const answer = response.answer.trim();
            const questionLabel = questionByEventId.get(response.eventId);
            if (questionLabel && answer) {
              return `**${questionLabel}**\n${answer}`;
            }
            if (questionLabel) {
              return `**${questionLabel}**`;
            }
            return answer;
          })
          .filter((value) => value.length > 0)
          .join("\n\n");
    
        if (!displayText) {
          return message;
        }
    
        changed = true;
        return {
          ...message,
          content: displayText,
          text: displayText,
        };
      });
    
      return changed ? hydrated : messages;
    }
    
    function hasQuestionFormattingForInteractiveDisplay(text: string): boolean {
      return /\*\*[^*]+\*\*/.test(text) || /^\s*(?:question|please confirm)\s*:/im.test(text);
    }
    
    function extractInteractiveAnswerSignature(message: Message): string | undefined {
      const role = asString(message.role) || asString(asRecord(message.info)?.role);
      if (role !== "user") {
        return undefined;
      }
    
      const markerSourceCandidates = [
        asOptionalString(message.content),
        asOptionalString(message.text),
        contentFromParts(Array.isArray(message.parts) ? message.parts : []),
      ].filter((value): value is string => !!value);
      const markerSource = markerSourceCandidates.find((value) =>
        containsInteractiveMarker(value),
      );
      if (markerSource) {
        const markerResponses = parseInteractiveMarkerResponses(markerSource);
        if (markerResponses.length > 0) {
          const joined = markerResponses
            .map((item) => normalizeComparableText(item.answer))
            .filter((item) => item.length > 0)
            .join("\n");
          return joined || undefined;
        }
      }
    
      const visibleText =
        asOptionalString(message.content) ||
        asOptionalString(message.text) ||
        contentFromParts(Array.isArray(message.parts) ? message.parts : []);
      if (!visibleText || !hasQuestionFormattingForInteractiveDisplay(visibleText)) {
        return undefined;
      }
    
      const lines = visibleText
        .split(/\r?\n/)
        .map((line) => line.trim())
        .filter((line) => line.length > 0);
      const answerLines = lines.filter((line) => {
        if (/^\*\*[^*]+\*\*$/.test(line)) {
          return false;
        }
        if (/^(?:question|please confirm)\s*:/i.test(line)) {
          return false;
        }
        return true;
      });
      if (answerLines.length === 0) {
        return undefined;
      }
      return answerLines.map((line) => normalizeComparableText(line)).join("\n");
    }
    
    function interactiveUserMessageRichness(message: Message): number {
      const visibleText =
        asOptionalString(message.content) ||
        asOptionalString(message.text) ||
        contentFromParts(Array.isArray(message.parts) ? message.parts : []);
      const markerSource = contentFromParts(Array.isArray(message.parts) ? message.parts : []);
      let score = 0;
      if (visibleText && hasQuestionFormattingForInteractiveDisplay(visibleText)) {
        score += 50;
      }
      if (markerSource && containsInteractiveMarker(markerSource)) {
        score += 20;
      }
      if (visibleText) {
        score += Math.min(30, Math.floor(visibleText.length / 20));
      }
      return score;
    }
    
    function dedupeInteractiveUserHydrationMessages(messages: Message[]): Message[] {
      if (!Array.isArray(messages) || messages.length <= 1) {
        return messages;
      }
    
      const deduped: Message[] = [];
      for (const message of messages) {
        const role = asString(message.role) || asString(asRecord(message.info)?.role);
        if (role !== "user") {
          deduped.push(message);
          continue;
        }
    
        const signature = extractInteractiveAnswerSignature(message);
        if (!signature) {
          deduped.push(message);
          continue;
        }
    
        const previous = deduped.length > 0 ? deduped[deduped.length - 1] : undefined;
        const previousRole = previous
          ? asString(previous.role) || asString(asRecord(previous.info)?.role)
          : "";
        if (previous && previousRole === "user") {
          const previousSignature = extractInteractiveAnswerSignature(previous);
          if (previousSignature && previousSignature === signature) {
            if (
              interactiveUserMessageRichness(message) >
              interactiveUserMessageRichness(previous)
            ) {
              deduped[deduped.length - 1] = message;
            }
            continue;
          }
        }
    
        deduped.push(message);
      }
    
      return deduped;
    }
    
    export function dedupeSystemMessages(messages: Message[]): Message[] {
      if (!Array.isArray(messages) || messages.length <= 1) {
        return messages;
      }
    
      const deduped: Message[] = [];
      const seenSystemContents = new Set<string>();
    
      for (const message of messages) {
        const role = asString(message.role) || asString(asRecord(message.info)?.role);
        const content = asString(message.content) || '';
    
        if (role === 'system' && content) {
          // Normalize content for deduplication by trimming whitespace
          // This handles cases where the same system message has slight formatting differences
          const normalizedContent = content.trim();
    
          // Skip system messages with duplicate content
          if (seenSystemContents.has(normalizedContent)) {
            webviewLogger.debug('[dedupeSystemMessages] Skipping duplicate system message', {
              content: normalizedContent.substring(0, 100),
              totalSkipped: seenSystemContents.size,
            });
            continue;
          }
          seenSystemContents.add(normalizedContent);
          webviewLogger.debug('[dedupeSystemMessages] Keeping unique system message', {
            content: normalizedContent.substring(0, 100),
            index: deduped.length,
          });
        }
    
        deduped.push(message);
      }
    
      webviewLogger.debug('[dedupeSystemMessages] Deduplication complete', {
        inputCount: messages.length,
        outputCount: deduped.length,
        duplicatesRemoved: messages.length - deduped.length,
        systemMessageCount: seenSystemContents.size,
      });
    
      return deduped;
    }
    
    /**
     * Deduplicates user messages with "proceed on this plan." content.
     * This fixes duplicate "Plan Approved" messages that may appear during hydration.
     * Only deduplicates exact content matches to avoid removing legitimate repeated plan approvals.
     */
    export function dedupePlanProceedMessages(messages: Message[]): Message[] {
      if (!Array.isArray(messages) || messages.length <= 1) {
        return messages;
      }
    
      const deduped: Message[] = [];
      const seenPlanProceedMessages = new Set<string>();
    
      for (const message of messages) {
        const role = asString(message.role) || asString(asRecord(message.info)?.role);
        const content = asString(message.content) || '';
    
        // Check if this is a "Plan Approved" user message
        const isPlanProceed = role === 'user' && /\bproceed on this plan\./i.test(content);
    
        if (isPlanProceed) {
          // Normalize content for deduplication
          const normalizedContent = content.trim();
    
          // Skip duplicate "Plan Approved" messages
          if (seenPlanProceedMessages.has(normalizedContent)) {
            webviewLogger.debug('[dedupePlanProceedMessages] Skipping duplicate Plan Approved message', {
              content: normalizedContent.substring(0, 100),
              totalSkipped: seenPlanProceedMessages.size,
            });
            continue;
          }
    
          seenPlanProceedMessages.add(normalizedContent);
          webviewLogger.debug('[dedupePlanProceedMessages] Keeping unique Plan Approved message', {
            content: normalizedContent.substring(0, 100),
            index: deduped.length,
          });
        }
    
        deduped.push(message);
      }
    
      if (seenPlanProceedMessages.size > 0) {
        webviewLogger.debug('[dedupePlanProceedMessages] Deduplication complete', {
          inputCount: messages.length,
          outputCount: deduped.length,
          duplicatesRemoved: messages.length - deduped.length,
          planProceedMessageCount: seenPlanProceedMessages.size,
        });
      }
    
      return deduped;
    }
    
    function buildStreamingMessage(streaming: StreamingState): Message {
      const parts: any[] = [
        {
          type: "text",
          text: streaming.content,
        },
      ];
      if (streaming.reasoning) {
        parts.push({
          type: 'reasoning',
          reasoning: streaming.reasoning
        });
      }
      const canonicalSteps = normalizeActivitySteps(
        {
          role: "assistant",
          parts: parts as MessagePart[],
        } as Message,
        streaming,
        parts as MessagePart[],
      );
    
      return {
        role: "assistant",
        content: streaming.content,
        parts,
        reasoningEvents: streaming.reasoningEvents,
        progressEvents: canonicalSteps,
        steps: canonicalSteps,
        edits: streaming.edits.map((file) => ({ file })),
        interactiveEvents: streaming.interactiveEvents,
        info: {
          id: streaming.messageId ?? undefined,
          agent: streaming.agent,
          model: streaming.model,
          modelID: streaming.modelID,
          providerID: streaming.providerID,
          duration: streaming.usage?.duration,
        },
      };
    }
    
    function handleStreamEvent(
      dispatch: Dispatch<AppAction>,
      getState: () => AppState,
      payload: UnknownRecord,
      terminalErrorReached: boolean
    ): void {
      // Log every stream event for comprehensive debugging
      const eventType = asString(payload.type) || asString(payload.event) || asString(payload.kind);
      webviewLogger.debug(`Handling Stream Event: ${eventType}`, {
        timestamp: new Date().toISOString(),
        eventType,
        payloadKeys: Object.keys(payload),
        hasProperties: !!asRecord(payload.properties),
        hasPart: !!asRecord(payload.part),
        hasStructured: !!asRecord(payload.structured),
        terminalErrorReached,
      });
    
      // Ignore streaming parts after a terminal error to prevent showing both
      // error banner and active streaming state simultaneously
      if (terminalErrorReached) {
        webviewLogger.warn(`Ignoring event due to terminal error: ${eventType}`);
        return;
      }
    
      const isPartUpdateEvent = eventType.startsWith("message.part.");
      const normalizedEventType = isPartUpdateEvent ? "message.part.updated" : eventType;
      const state = getState();
      const current = state.streaming;
      const properties = asRecord(payload.properties);
      const partRecord = asRecord(properties?.part);
      const infoRecord = asRecord(payload.info) ?? asRecord(properties?.info);
      const eventPart =
        asRecord(payload.part) ??
        partRecord ??
        (isPartUpdateEvent ? asRecord(properties) : null);
      const structuredRecord = asRecord(payload.structured);
      const structuredKind = asString(structuredRecord?.kind).toLowerCase();
      const structuredText =
        asString(structuredRecord?.message) ||
        asString(structuredRecord?.text);
      const structuredOutput =
        normalizeStructuredOutput(payload.structuredOutput) ??
        normalizeStructuredOutput((payload as UnknownRecord).structured_output) ??
        normalizeStructuredOutput(properties?.structuredOutput) ??
        normalizeStructuredOutput((properties as UnknownRecord | null)?.structured_output) ??
        normalizeStructuredOutput(infoRecord?.structuredOutput) ??
        normalizeStructuredOutput((infoRecord as UnknownRecord | null)?.structured_output) ??
        normalizeStructuredOutput((infoRecord as UnknownRecord | null)?.structured);
      const eventSessionId =
        asString(payload.sessionId) ||
        asString(payload.sessionID) ||
        asString(properties?.sessionId) ||
        asString(properties?.sessionID) ||
        asString(partRecord?.sessionId) ||
        asString(partRecord?.sessionID) ||
        asString(infoRecord?.sessionId) ||
        asString(infoRecord?.sessionID);
    
      if (eventSessionId && state.currentSessionId && eventSessionId !== state.currentSessionId) {
        return;
      }
    
      const eventRole =
        asString(payload.role) ||
        asString(infoRecord?.role) ||
        asString(properties?.role) ||
        asString(partRecord?.role);
    
      // Filter out non-assistant roles (system messages are handled in the switch cases below)
      if (eventRole && eventRole !== 'assistant') {
        // Don't filter out user messages - they may contain system message patterns
        // that will be checked in the message.part.updated case
        if (eventRole !== 'user') {
          return;
        }
      }
    
      const messageId =
        asString(payload.messageId) ||
        asString((payload as UnknownRecord).messageID) ||
        asString(payload.id) ||
        asString(properties?.messageId) ||
        asString(properties?.messageID) ||
        asString(partRecord?.messageId) ||
        asString(partRecord?.messageID) ||
        asString(infoRecord?.id) ||
        current?.messageId ||
        null;
      const isExplicitStart = eventType === 'start' || eventType === 'streamStart';
      const isAssistantUpdateStart =
        eventType === 'message.updated' &&
        asString(infoRecord?.role) === 'assistant' &&
        !asBoolean(infoRecord?.finish, false);
      const canBootstrapFromPart =
        isPartUpdateEvent && shouldBootstrapStreamingFromPart(eventPart);
    
      // Ignore stray global stream events when neither a request is in progress nor the
      // event carries an explicit lifecycle signal. This prevents phantom "Thinking..." /
      // streaming UI on extension open while still allowing any event type to bootstrap the
      // streaming card once the user has sent a message (state.isProcessing = true).
      // Echo stripping inside the per-event switch cases handles residual false positives.
      if (!current && !state.isProcessing && !isExplicitStart && !isAssistantUpdateStart && !canBootstrapFromPart) {
        return;
      }
    
      if (
        !current &&
        (isExplicitStart ||
          isAssistantUpdateStart ||
          canBootstrapFromPart ||
          state.isProcessing)
      ) {
        // Extract model/agent metadata from the event payload or fall back to app state
        const eventAgent = asString(infoRecord?.agent) || asString(payload.agent);
        const eventModel = asRecord(infoRecord?.model) || asRecord(payload.model);
        const eventModelID =
          asString(infoRecord?.modelID) || asString(payload.modelID);
        const eventProviderID =
          asString(infoRecord?.providerID) || asString(payload.providerID);
    
        dispatch({
          type: "SET_STREAMING",
          payload: {
            messageId,
            content: "",
            hasRenderableContent: false,
            reasoning: "",
            reasoningEvents: [],
            steps: [],
            progressEvents: [],
            edits: [],
            isActive: true,
            // Include model/agent metadata for display during streaming
            agent: eventAgent || state.selectedAgent || undefined,
            model:
              eventModel && typeof eventModel === "object"
                ? {
                  modelID:
                    asString(eventModel.modelID) ||
                    state.selectedModel?.modelID ||
                    "",
                  providerID:
                    asString(eventModel.providerID) ||
                    state.selectedModel?.providerID ||
                    "",
                  name:
                    asString((eventModel as Record<string, unknown>).name) ||
                    undefined,
                }
                : undefined,
            modelID: eventModelID || state.selectedModel?.modelID,
            providerID: eventProviderID || state.selectedModel?.providerID,
          },
        });
      }
    
      switch (normalizedEventType) {
        case 'message.part.updated':
        case 'message.part.added':
        case 'message.part.created': {
          webviewLogger.debug(`Processing part event`, {
            normalizedEventType,
            messageId,
            hasPart: !!asRecord(payload.part),
            hasProperties: !!asRecord(payload.properties),
          });
          const properties = asRecord(payload.properties);
          const part = asRecord(payload.part) ?? asRecord(properties?.part) ?? properties;
          if (!part) {
            webviewLogger.debug(`No part data, setting processing=true`);
            dispatch({ type: 'SET_PROCESSING', payload: true });
            break;
          }
    
          // DEBUG: Log all part updates to see what's happening
          const currentPartType = normalizePartType(part.type);
          const currentStructuredKind = asString(payload.structuredKind) || asString(properties?.structuredKind) || '';
          webviewLogger.debug('message.part.updated', { partType: currentPartType, structuredKind: currentStructuredKind, hasText: !!part.text, hasContent: !!part.content });
    
          // Track if we're processing a reasoning part sequence
          const currentStreamingState = getState().streaming;
          const isInReasoningPart = currentStreamingState?.inReasoningPart || false;
    
          // Detect start of reasoning part sequence
          const isReasoning = currentPartType === 'reasoning' || currentStructuredKind === 'thinking';
          if (isReasoning) {
            webviewLogger.debug('Starting reasoning part sequence - will drop all content');
            dispatch({ type: 'UPDATE_STREAMING_REASONING', payload: { reasoning: '', append: false, inReasoningPart: true } });
          }
    
          // Detect end of reasoning part (when we get ANY non-reasoning part after reasoning)
          // This ensures that if the assistant skips the text part and goes straight to a tool call
          // (e.g. for a question), we still reset the reasoning filter so the synthesized text is shown.
          if (isInReasoningPart && !isReasoning) {
            webviewLogger.debug(`Ending reasoning part sequence - current part type is ${currentPartType}`);
            dispatch({ type: 'UPDATE_STREAMING_REASONING', payload: { reasoning: '', append: false, inReasoningPart: false } });
          }
    
          // Check for system message patterns early (before any content processing)
          // System messages like <auto-slash-command> come through as message.part.updated
          // events with role="user" but should be rendered as system messages
          const partText = asRichString(part.text) || asRichString(part.content) || '';
          if (partText && hasSystemMessagePatternInText(partText)) {
            // Check if a system message with the same content already exists to prevent duplicates
            const alreadyExists = state.messages.some(
              (msg) => msg.role === 'system' && msg.content === partText
            );
    
            if (!alreadyExists) {
              // System messages should be added immediately to state.messages
              // even during streaming, because streaming content is isolated.
              // Streaming content is in state.streaming, not state.messages,
              // and SET_MESSAGES with [...state.messages, systemMessage] preserves existing messages.
              // System messages are safe to dispatch immediately regardless of streaming state.
              const systemMessage: Message = {
                role: 'system',
                content: partText,
                parts: [{ type: 'text', text: partText }],
                time: { created: Date.now() },
                info: { role: 'system', id: `sys-${Date.now()}` }
              };
              // Dispatch immediately - system messages modify state.messages, not state.streaming
              dispatch({
                type: 'SET_MESSAGES',
                payload: [...state.messages, systemMessage]
              });
            }
            break; // Don't process this as regular content
          }
    
          // Ignore regular user-role stream parts for assistant rendering.
          // We still allow the system-pattern path above for transport notices.
          if (eventRole === "user") {
            dispatch({ type: "SET_PROCESSING", payload: true });
            break;
          }
    
          const partType = normalizePartType(part.type);
          const deltaChunk =
            asRichString(properties?.delta) ||
            asRichString(payload.delta) ||
            asRichString(part.delta);
          const reasoningChunk =
            asRichString(part.reasoning) ||
            asRichString(part.thought) ||
            asRichString(part.thinking) ||
            asRichString(properties?.reasoning) ||
            asRichString(properties?.thought) ||
            asRichString(properties?.thinking) ||
            asRichString(payload.reasoning) ||
            asRichString(payload.thought) ||
            asRichString(payload.thinking);
          const textChunk =
            structuredText ||
            deltaChunk ||
            asRichString(part.text) ||
            asRichString(part.content) ||
            asRichString(properties?.text) ||
            asRichString(properties?.content);
          const hasExplicitReasoningOnlyChunk =
            reasoningChunk.trim().length > 0 &&
            !deltaChunk &&
            !structuredText &&
            !asRichString(part.text) &&
            !asRichString(part.content) &&
            !asRichString(properties?.text) &&
            !asRichString(properties?.content);
          const isProgressPartType =
            partType === "tool" ||
            partType === "step-start" ||
            partType === "step-finish" ||
            partType === "patch" ||
            partType === "subtask" ||
            partType === "agent";
    
          if (structuredOutput?.reasoning) {
            const reasoningEvents = getState().streaming?.reasoningEvents;
            const latestReasoning =
              reasoningEvents && reasoningEvents.length > 0
                ? reasoningEvents[reasoningEvents.length - 1].text
                : undefined;
            structuredOutput.reasoning.forEach((chunk) => {
              const sanitized = sanitizeReasoningChunk(chunk);
              if (sanitized && sanitized !== latestReasoning) {
                dispatch({
                  type: "UPDATE_STREAMING_REASONING",
                  payload: { reasoning: sanitized, append: true },
                });
              }
            });
          }
    
          if (structuredOutput?.progressUpdates) {
            structuredOutput.progressUpdates.forEach((update) => {
              upsertStreamingStep(dispatch, getState, {
                title: update.title,
                type: "step",
                status: update.status ?? "pending",
                source: "stream",
                partType: "structured-progress",
                internal: false,
                meta: update.meta,
                filePath: update.filePath,
              });
            });
          }
    
          const interactiveEvents = toInteractiveEvents(structuredOutput);
          const hasBlockingInteractive =
            hasBlockingInteractiveEvents(interactiveEvents);
          if (interactiveEvents.length > 0) {
            dispatch({ type: "SET_INTERACTIVE_EVENTS", payload: interactiveEvents });
            maybeInjectStreamingInteractiveContext(
              dispatch,
              getState,
              interactiveEvents,
            );
          }
    
          const streamingState = getState().streaming;
    
          // SKIP CONTENT PROCESSING for reasoning parts, but allow all other event processing to continue
          // This prevents reasoning from being rendered in the UI while still processing steps, tools, and interactive events
          if (hasExplicitReasoningOnlyChunk) {
            const sanitized = sanitizeReasoningChunk(reasoningChunk);
            if (sanitized) {
              dispatch({
                type: "UPDATE_STREAMING_REASONING",
                payload: { reasoning: sanitized, append: true },
              });
            }
          }
    
          const isReasoningPart =
            partType === 'reasoning' ||
            structuredKind === 'thinking' ||
            isInReasoningPart ||
            hasExplicitReasoningOnlyChunk;
    
          if (isReasoningPart) {
            webviewLogger.debug('Processing reasoning part - routing to stepper only', { partType, structuredKind, isInReasoningPart, reasoningLength: (reasoningChunk || textChunk || '').length });
    
            // Extract reasoning content and route to stepper, NEVER to main content
            const reasoningContent = reasoningChunk || textChunk || '';
            const sanitized = sanitizeReasoningChunk(reasoningContent);
            if (sanitized) {
              dispatch({
                type: 'UPDATE_STREAMING_REASONING',
                payload: { reasoning: sanitized, append: true },
              });
            }
    
            // Skip main content processing for reasoning parts - let the case continue
            // to handle steps/tools/interactive events, but don't process text content
          } else {
            // Non-reasoning parts continue to normal content processing
            webviewLogger.debug('Processing non-reasoning content', { partType, structuredKind });
            webviewLogger.debug('Processing content', { partType, structuredKind, isInReasoningPart });
    
            // Lock: only explicit assistant message text can create trusted renderable
            // body content. Progress/lifecycle/tool chunks must never seed the bubble.
            const canAppendMainContent =
              partType !== "reasoning" &&
              structuredKind !== "thinking" &&
              (structuredKind === "message" ||
                ((!structuredKind || structuredKind === "message") &&
                  (partType === "text" || partType === "message")));
    
            if (canAppendMainContent) {
              let candidateChunk = textChunk;
    
              const rawReasoningLike = looksLikeReasoningTrace(candidateChunk, streamingState?.content || "");
              const mixedChunk = splitMixedReasoningFromContent(candidateChunk);
              if (rawReasoningLike && !mixedChunk) {
                const reasoningLeak = sanitizeReasoningChunk(candidateChunk);
                if (reasoningLeak) {
                  dispatch({
                    type: "UPDATE_STREAMING_REASONING",
                    payload: { reasoning: reasoningLeak, append: true },
                  });
                }
                dispatch({ type: "SET_PROCESSING", payload: true });
                break;
              }
    
              if (mixedChunk) {
                const reasoningLeak = sanitizeReasoningChunk(mixedChunk.reasoning);
                if (reasoningLeak) {
                  dispatch({
                    type: "UPDATE_STREAMING_REASONING",
                    payload: { reasoning: reasoningLeak, append: true },
                  });
                }
                candidateChunk = mixedChunk.content;
              }
    
              if (looksLikeReasoningTrace(candidateChunk, streamingState?.content || "")) {
                const reasoningLeak = sanitizeReasoningChunk(candidateChunk);
                if (reasoningLeak) {
                  dispatch({
                    type: "UPDATE_STREAMING_REASONING",
                    payload: { reasoning: reasoningLeak, append: true },
                  });
                }
                dispatch({ type: "SET_PROCESSING", payload: true });
                break;
              }
              // Ignore id-like echoes that can appear before assistant output begins.
              if (isOpaqueIdLike(candidateChunk.trim())) {
                dispatch({ type: "SET_PROCESSING", payload: true });
                break;
              }
              const contentEmpty = !streamingState || !streamingState.content.trim();
              const cleanedChunk = contentEmpty
                ? stripLeadingUserEcho(candidateChunk, getState())
                : candidateChunk;
              if (cleanedChunk) {
                const contentPatch = resolveStreamingContentUpdate(
                  streamingState?.content || '',
                  cleanedChunk,
                  !!deltaChunk,
                );
                if (!contentPatch) {
                  dispatch({ type: "SET_PROCESSING", payload: true });
                  break;
                }
                streamDebug("[OpenCode][stream] message.part.updated chunk", {
                  messageId,
                  eventType,
                  partType,
                  append: contentPatch.append,
                  length: cleanedChunk.length,
                  preview: cleanedChunk.slice(0, 80),
                });
                dispatch({
                  type: "UPDATE_STREAMING_CONTENT",
                  payload: {
                    content: contentPatch.content,
                    append: contentPatch.append,
                    renderable: isRenderableStreamingPartType(partType),
                  },
                });
                logAssistantContentSource("stream:message.part.updated", {
                  messageId,
                  selectedSource: "message.part.updated",
                  renderable: isRenderableStreamingPartType(partType),
                  eventType,
                  structuredKind,
                  partType,
                  finalContent: contentPatch.content,
                  streamingContent: streamingState?.content || "",
                });
              }
            }
          } // End of if (!isReasoningPart) - skip content processing for reasoning parts
    
          if (partType === 'step-start' && structuredKind !== 'thinking') {
            upsertStreamingStep(dispatch, getState, {
              id: asString(part.id) || undefined,
              callID: asString(part.callID) || undefined,
              title: inferredStepTitle(part),
              type: 'step',
              status: 'pending',
              source: "stream",
              partType: "step-start",
              internal: false,
              startTime: Date.now()
            });
          }
    
          if (partType === 'step-finish' && structuredKind !== 'thinking') {
            const diffStatsRec = asRecord(part.diffStats);
            const diffStats = diffStatsRec
              ? {
                added: asNumber(diffStatsRec.added) || 0,
                deleted: asNumber(diffStatsRec.deleted) || 0,
              }
              : undefined;
    
            upsertStreamingStep(dispatch, getState, {
              id: asString(part.id) || undefined,
              callID: asString(part.callID) || undefined,
              title: inferredStepTitle(part),
              type: "step",
              status: "done",
              source: "stream",
              partType: "step-finish",
              internal: false,
              duration: asOptionalNumber(asRecord(part.timing)?.duration),
              diffStats,
            });
          }
    
          if (partType === 'tool') {
            const tool = asString(part.tool);
            const stateObj = asRecord(part.state);
            const inputObj = asRecord(stateObj?.input);
            const filePath =
              asString(inputObj?.file) ||
              asString(inputObj?.path) ||
              asString(inputObj?.filename) ||
              asString(inputObj?.TargetFile) ||
              asString(inputObj?.AbsolutePath) ||
              asString(inputObj?.uri) ||
              asString(inputObj?.DirectoryPath) ||
              asString(inputObj?.SearchPath) ||
              asString(inputObj?.SearchDirectory) ||
              asString(part.filePath) ||
              undefined;
            const metaValues = [
              asString(inputObj?.CommandId),
              asString(inputObj?.CommandLine),
              asString(inputObj?.Query),
              asString(inputObj?.Pattern),
              asString(inputObj?.pattern),
              asString(inputObj?.command),
              asString(inputObj?.query),
              asString(inputObj?.url),
              asString(inputObj?.Url),
            ].filter(Boolean);
            const commandValue = asOptionalString(
              inputObj?.CommandLine ?? inputObj?.command,
            );
            const queryValue = asOptionalString(
              inputObj?.Query ??
              inputObj?.query ??
              inputObj?.Pattern ??
              inputObj?.pattern,
            );
            const callID = asString(part.callID) || undefined;
            const title = asString(part.title) || (tool ? `Running ${tool}...` : inferredStepTitle(part));
            const baseActivityDetail: ActivityDetail | undefined = normalizeActivityDetail({
              kind: "tool_call",
              tool: tool || undefined,
              command: commandValue,
              query: queryValue,
              file: filePath,
              summary: asOptionalString(part.meta),
            });
    
            const existing = getState().streaming?.steps.find(
              (step) => !!callID && step.callID === callID
            );
            if (!existing) {
              upsertStreamingStep(dispatch, getState, {
                id: asString(part.id) || undefined,
                callID,
                title,
                type: "tool",
                status: asString(part.status) === "error" ? "error" : "pending",
                source: "stream",
                partType: "tool",
                internal: isInternalToolName(tool),
                meta: asString(part.meta) || metaValues[0] || undefined,
                filePath,
                activityDetail: baseActivityDetail,
                startTime: Date.now(),
              });
            } else {
              // Determine the final status for this tool step.
              // The backend reports completion in two places:
              //   1. part.status === 'done' (direct top-level field)
              //   2. part.state.status === 'done' (nested state object)
              //   3. part.state.result exists (implicit done — tool produced a result)
              const stateStatus = asString(stateObj?.status);
              const hasResult = stateObj && "result" in stateObj;
              const resolvedStatus =
                asString(part.status) === "done" ||
                  stateStatus === "done" ||
                  hasResult
                  ? "done"
                  : asString(part.status) === "error" || stateStatus === "error"
                    ? "error"
                    : existing.status; // keep current status if no new info
    
              upsertStreamingStep(dispatch, getState, {
                id: asString(part.id) || existing.id,
                callID,
                title,
                type: "tool",
                status: resolvedStatus,
                source: existing.source || "stream",
                partType: "tool",
                internal: Boolean(existing.internal || isInternalToolName(tool)),
                meta: asString(part.meta) || metaValues[0] || existing.meta,
                filePath: filePath || existing.filePath,
                activityDetail: baseActivityDetail || existing.activityDetail,
              });
            }
    
            if (filePath) {
              dispatch({ type: 'ADD_STREAMING_EDIT', payload: filePath });
            }
    
            const toolInteractiveEvents = interactiveEventsFromToolQuestionPart(part);
            if (toolInteractiveEvents.length > 0) {
              dispatch({
                type: "SET_INTERACTIVE_EVENTS",
                payload: toolInteractiveEvents,
              });
    
              // NOTE: When the AI triggers a question via tool call (not structured JSON), no text
              // content is generated — streaming.content is empty. Inject a synthesized context
              // message so the chat bubble shows the question alongside the popover.
              maybeInjectStreamingInteractiveContext(
                dispatch,
                getState,
                toolInteractiveEvents,
              );
    
              if (hasBlockingInteractiveEvents(toolInteractiveEvents)) {
                dispatch({ type: "FINISH_STREAMING" });
                dispatch({ type: "SET_PROCESSING", payload: false });
                break;
              }
            }
          }
    
          if (
            (partType === "subtask" || partType === "agent") &&
            structuredKind !== "thinking"
          ) {
            upsertStreamingStep(dispatch, getState, {
              id: asString(part.id) || undefined,
              callID: asString(part.callID) || undefined,
              title: inferredStepTitle(part),
              type: "step",
              status: normalizeProgressStatus(asString(part.status)),
              source: "stream",
              partType: partType,
              internal: false,
              meta: asString(part.meta) || undefined,
              startTime: Date.now(),
            });
          }
    
          if (partType === 'patch') {
            const files = Array.isArray(part.files) ? part.files : [];
            files.forEach((file) => {
              const path = asString(file);
              if (path) {
                dispatch({ type: 'ADD_STREAMING_EDIT', payload: path });
              }
            });
          }
    
          if (
            structuredKind === "progress" &&
            !isProgressPartType &&
            !isReasoning &&
            partType
          ) {
            upsertStreamingStep(dispatch, getState, {
              id: asString(part.id) || undefined,
              callID: asString(part.callID) || undefined,
              title: inferredStepTitle(part),
              type: "step",
              status: normalizeProgressStatus(asString(part.status)),
              source: "stream",
              partType: partType,
              internal: false,
              meta: asString(part.meta) || undefined,
              startTime: Date.now(),
            });
          }
    
          if (hasBlockingInteractive) {
            dispatch({ type: "FINISH_STREAMING" });
            dispatch({ type: "SET_PROCESSING", payload: false });
            break;
          }
    
          dispatch({ type: 'SET_PROCESSING', payload: true });
          break;
        }
        case 'message.updated': {
          if (eventRole === "user") {
            dispatch({ type: "SET_PROCESSING", payload: true });
            break;
          }
          webviewLogger.debug(`Processing message.updated`, {
            messageId,
            finish: asBoolean(asRecord(payload.info)?.finish, false),
            hasInfo: !!asRecord(payload.info),
          });
          const info = asRecord(payload.info) ?? asRecord(payload.properties)?.info;
          const finish = info ? asBoolean((info as UnknownRecord).finish, false) : false;
    
          if (finish && structuredOutput) {
            if (structuredOutput.reasoning) {
              structuredOutput.reasoning.forEach((chunk) => {
                const sanitized = sanitizeReasoningChunk(chunk);
                if (sanitized) {
                  dispatch({
                    type: 'UPDATE_STREAMING_REASONING',
                    payload: { reasoning: sanitized, append: true }
                  });
                }
              });
            }
    
            if (structuredOutput.progressUpdates) {
              structuredOutput.progressUpdates.forEach((step) => {
                upsertStreamingStep(dispatch, getState, {
                  title: step.title,
                  type: 'step',
                  status: step.status ?? 'pending',
                  source: "stream",
                  partType: "structured-progress",
                  internal: false,
                  meta: step.meta,
                  filePath: step.filePath
                });
              });
            }
    
            const structuredQuestionRecord = asRecord(
              (structuredOutput as UnknownRecord).question,
            );
            const structuredQuestionText =
              asString(structuredQuestionRecord?.displayPrompt) ||
              asString(structuredQuestionRecord?.question) ||
              asString(structuredQuestionRecord?.message) ||
              asString(structuredQuestionRecord?.content);
            const structuredMessage =
              structuredQuestionText ||
              structuredOutput.message;
            if (structuredMessage) {
              const streamingState = getState().streaming;
              const rawReasoningLike = looksLikeReasoningTrace(structuredMessage, streamingState?.content || "");
              const mixedMessage = splitMixedReasoningFromContent(
                structuredMessage,
              );
              let messageText = structuredMessage;
              if (mixedMessage) {
                const mixedReasoning = sanitizeReasoningChunk(mixedMessage.reasoning);
                if (mixedReasoning) {
                  dispatch({
                    type: 'UPDATE_STREAMING_REASONING',
                    payload: { reasoning: mixedReasoning, append: true }
                  });
                }
                messageText = mixedMessage.content;
              }
    
              if (rawReasoningLike && !mixedMessage) {
                const reasoningLeak = sanitizeReasoningChunk(structuredMessage);
                if (reasoningLeak) {
                  dispatch({
                    type: 'UPDATE_STREAMING_REASONING',
                    payload: { reasoning: reasoningLeak, append: true }
                  });
                }
              } else if (looksLikeReasoningTrace(messageText, streamingState?.content || "")) {
                const reasoningLeak = sanitizeReasoningChunk(messageText);
                if (reasoningLeak) {
                  dispatch({
                    type: 'UPDATE_STREAMING_REASONING',
                    payload: { reasoning: reasoningLeak, append: true }
                  });
                }
              } else {
                const canRenderStructuredMessageLive =
                  !!structuredQuestionText || !!finish;
                if (!canRenderStructuredMessageLive) {
                  const deferredReasoning = sanitizeReasoningChunk(messageText || structuredMessage);
                  if (deferredReasoning) {
                    dispatch({
                      type: "UPDATE_STREAMING_REASONING",
                      payload: { reasoning: deferredReasoning, append: true },
                    });
                  }
                  dispatch({ type: "SET_PROCESSING", payload: true });
                  break;
                }
                if (mixedMessage) {
                  const contentPatch = resolveStreamingContentUpdate(
                    streamingState?.content || '',
                    messageText,
                    false,
                  );
                  if (contentPatch) {
                    dispatch({
                      type: 'UPDATE_STREAMING_CONTENT',
                      payload: {
                        content: contentPatch.content,
                        append: contentPatch.append,
                        renderable: canRenderStructuredMessageLive,
                      }
                    });
                    logAssistantContentSource("stream:message.updated:structured-message", {
                      messageId,
                      responseType: structuredOutput?.responseType ?? null,
                      selectedSource: "message.updated.structured.message",
                      renderable: canRenderStructuredMessageLive,
                      eventType,
                      structuredKind,
                      partType,
                      finalContent: contentPatch.content,
                      structuredMessage: messageText,
                      streamingContent: streamingState?.content || "",
                    });
                  }
                } else {
                  const contentPatch = resolveStreamingContentUpdate(
                    streamingState?.content || '',
                    structuredMessage,
                    false,
                  );
                  if (contentPatch) {
                    dispatch({
                      type: 'UPDATE_STREAMING_CONTENT',
                      payload: {
                        content: contentPatch.content,
                        append: contentPatch.append,
                        renderable: canRenderStructuredMessageLive,
                      }
                    });
                    logAssistantContentSource("stream:message.updated:structured-message-raw", {
                      messageId,
                      responseType: structuredOutput?.responseType ?? null,
                      selectedSource: "message.updated.structured.message.raw",
                      renderable: canRenderStructuredMessageLive,
                      eventType,
                      structuredKind,
                      partType,
                      finalContent: contentPatch.content,
                      structuredMessage,
                      streamingContent: streamingState?.content || "",
                    });
                  }
                }
              }
            }
    
            const interactiveEvents = toInteractiveEvents(structuredOutput);
            const hasBlockingInteractive =
              hasBlockingInteractiveEvents(interactiveEvents);
            if (interactiveEvents.length > 0) {
              dispatch({ type: 'SET_INTERACTIVE_EVENTS', payload: interactiveEvents });
              maybeInjectStreamingInteractiveContext(
                dispatch,
                getState,
                interactiveEvents,
              );
            }
            if (hasBlockingInteractive && !finish) {
              dispatch({ type: "FINISH_STREAMING" });
              dispatch({ type: "SET_PROCESSING", payload: false });
              break;
            }
    
            if (structuredOutput && structuredOutput.responseType === 'subagents' && messageId) {
              if (!structuredOutput.subagents || structuredOutput.subagents.length === 0) {
                webviewLogger.warn('Structured subagents responseType received without subagents array');
              }
            }
    
            if (structuredOutput.subagents && structuredOutput.subagents.length > 0 && messageId) {
              const parentSessionId = state.currentSessionId || '';
              const summaries: SubagentSummary[] = [];
              const details: Record<string, SubagentDetail> = {};
    
              structuredOutput.subagents.forEach((subagent) => {
                const statusValue = (subagent.status || 'pending').toLowerCase();
                const status: SubagentSummary['status'] =
                  statusValue === 'running' || statusValue === 'done' || statusValue === 'error' || statusValue === 'orphaned'
                    ? statusValue
                    : 'pending';
                const summary: SubagentSummary = {
                  id: subagent.id,
                  parentSessionId: subagent.parentSessionId || parentSessionId,
                  parentMessageId: subagent.parentMessageId || messageId,
                  childSessionId: subagent.childSessionId,
                  agentId: subagent.name || subagent.id,
                  status,
                  latestActivity:
                    subagent.latestActivity || subagent.description || subagent.name || 'Subagent update',
                  references: []
                };
                summaries.push(summary);
                details[subagent.id] = {
                  ...summary,
                  thinkingEvents: subagent.thinkingEvents || [],
                  progressEvents: subagent.progressEvents || [],
                  timelineEvents: subagent.timelineEvents || []
                };
              });
    
              if (summaries.length > 0) {
                const mergedSummaries = mergeSubagentSummaryPayload(
                  getState().subagentsByParentMessageId,
                  { [messageId]: summaries },
                );
                dispatch({
                  type: 'UPSERT_SUBAGENT_SUMMARIES',
                  payload: mergedSummaries,
                });
              }
              if (Object.keys(details).length > 0) {
                const mergedDetails = mergeSubagentDetailPayload(
                  getState().subagentDetailsById,
                  details,
                );
                dispatch({ type: 'UPSERT_SUBAGENT_DETAIL', payload: mergedDetails });
              }
            }
    
            if (structuredOutput.subagentsDelta && structuredOutput.subagentsDelta.items.length > 0) {
              const targetMessageId =
                structuredOutput.subagentsDelta.parentMessageId || messageId || '';
              if (targetMessageId) {
                const summaries: SubagentSummary[] = [];
                const details: Record<string, SubagentDetail> = {};
    
                structuredOutput.subagentsDelta.items.forEach((subagent) => {
                  const statusValue = (subagent.status || 'pending').toLowerCase();
                  const status: SubagentSummary['status'] =
                    statusValue === 'running' ||
                      statusValue === 'done' ||
                      statusValue === 'error' ||
                      statusValue === 'orphaned'
                      ? statusValue
                      : 'pending';
                  const summary: SubagentSummary = {
                    id: subagent.id,
                    parentSessionId: subagent.parentSessionId || state.currentSessionId || '',
                    parentMessageId: subagent.parentMessageId || targetMessageId,
                    childSessionId: subagent.childSessionId,
                    agentId: subagent.name || subagent.id,
                    status,
                    latestActivity:
                      subagent.latestActivity || subagent.description || subagent.name || 'Subagent update',
                    references: []
                  };
                  summaries.push(summary);
                  details[subagent.id] = {
                    ...summary,
                    thinkingEvents: subagent.thinkingEvents || [],
                    progressEvents: subagent.progressEvents || [],
                    timelineEvents: subagent.timelineEvents || []
                  };
                });
    
                if (summaries.length > 0) {
                  const mergedSummaries = mergeSubagentSummaryPayload(
                    getState().subagentsByParentMessageId,
                    { [targetMessageId]: summaries },
                  );
                  dispatch({
                    type: 'UPSERT_SUBAGENT_SUMMARIES',
                    payload: mergedSummaries,
                  });
                }
                if (Object.keys(details).length > 0) {
                  const mergedDetails = mergeSubagentDetailPayload(
                    getState().subagentDetailsById,
                    details,
                  );
                  dispatch({ type: 'UPSERT_SUBAGENT_DETAIL', payload: mergedDetails });
                }
              }
            }
    
            // Handle todo_update structured responses by normalizing each todo item
            // and routing them through the same reducer actions used by the explicit
            // "todoUpdate" postMessage path. This keeps reducer semantics identical
            // regardless of whether the host forwarded a postMessage or the stream
            // carried the structured payload directly.
            try {
              const todoSource =
                asRecord(payload.structuredOutput) ?? structuredRecord ?? asRecord(properties?.structuredOutput);
              const rawTodoItems = Array.isArray(todoSource?.todoItems) ? todoSource!.todoItems : undefined;
              if (
                structuredOutput &&
                (structuredOutput.responseType === 'todo_update' ||
                  asString(payload.responseType) === 'todo_update') &&
                Array.isArray(rawTodoItems)
              ) {
                for (const raw of rawTodoItems) {
                  const normalized = normalizeTodoRecord(raw);
                  if (!normalized) continue; // skip malformed items silently
                  ingestNormalizedTodo(dispatch, getState, normalized);
                }
              }
            } catch (e) {
              // Defensive: never allow malformed structured payloads to throw inside
              // the message handler — just skip and continue processing other parts.
              webviewLogger.warn('Failed to normalize todo_update structured payload', { error: String(e) });
            }
          }
    
    
    
          if (finish) {
            dispatch({ type: 'FINISH_STREAMING' });
            dispatch({ type: 'SET_PROCESSING', payload: false });
          } else {
            dispatch({ type: 'SET_PROCESSING', payload: true });
          }
          break;
        }
        case 'session.error':
        case 'error': {
          webviewLogger.debug(`Processing error event`, {
            normalizedEventType,
            errorMessage: asString(payload.message),
          });
          dispatch({ type: 'SET_PROCESSING', payload: false });
          dispatch({ type: 'FINISH_STREAMING' });
          break;
        }
        case 'start':
        case 'streamStart': {
          webviewLogger.debug(`Processing stream start`, {
            messageId,
            eventAgent: asString(infoRecord?.agent) || asString(payload.agent),
          });
          // Extract model/agent metadata from the event payload or fall back to app state
          const eventAgent = asString(infoRecord?.agent) || asString(payload.agent);
          const eventModel = asRecord(infoRecord?.model) || asRecord(payload.model);
          const eventModelID = asString(infoRecord?.modelID) || asString(payload.modelID);
          const eventProviderID = asString(infoRecord?.providerID) || asString(payload.providerID);
    
          dispatch({
            type: "SET_STREAMING",
            payload: {
              messageId,
              content: "",
              hasRenderableContent: false,
              reasoning: "",
              reasoningEvents: [],
              steps: [],
              progressEvents: [],
              edits: [],
              isActive: true,
              // Include model/agent metadata for display during streaming
              agent: eventAgent || state.selectedAgent || undefined,
              model:
                eventModel && typeof eventModel === "object"
                  ? {
                    modelID:
                      asString(eventModel.modelID) ||
                      state.selectedModel?.modelID ||
                      "",
                    providerID:
                      asString(eventModel.providerID) ||
                      state.selectedModel?.providerID ||
                      "",
                    name:
                      asString((eventModel as Record<string, unknown>).name) ||
                      undefined,
                  }
                  : undefined,
              modelID: eventModelID || state.selectedModel?.modelID,
              providerID: eventProviderID || state.selectedModel?.providerID,
            },
          });
          dispatch({ type: 'SET_PROCESSING', payload: true });
          break;
        }
        case 'contentDelta':
        case 'content':
        case 'text':
        case 'text-delta': {
          if (eventRole && eventRole !== "assistant") {
            dispatch({ type: "SET_PROCESSING", payload: true });
            break;
          }
          if (structuredKind && structuredKind !== "message") {
            dispatch({ type: "SET_PROCESSING", payload: true });
            break;
          }
          const chunk =
            asString(payload.delta) || asString(payload.text) || asString(payload.content) || asString(payload.chunk);
          if (chunk) {
            const streamingState = getState().streaming;
            const skipContentChunk =
              (streamingState?.inReasoningPart ?? false) ||
              structuredKind === "thinking" ||
              partType === "reasoning" ||
              !!asString(payload.reasoning) ||
              !!asString(payload.thinking) ||
              !!asString(payload.thought);
            if (skipContentChunk) {
              dispatch({ type: "SET_PROCESSING", payload: true });
              break;
            }
            const contentEmpty = !streamingState || !streamingState.content.trim();
            let candidateChunk = contentEmpty
              ? stripLeadingUserEcho(chunk, getState())
              : chunk;
            const mixedChunk = splitMixedReasoningFromContent(candidateChunk);
            if (mixedChunk) {
              const mixedReasoning = sanitizeReasoningChunk(mixedChunk.reasoning);
              if (mixedReasoning) {
                dispatch({
                  type: "UPDATE_STREAMING_REASONING",
                  payload: { reasoning: mixedReasoning, append: true },
                });
              }
              candidateChunk = mixedChunk.content;
            }
            const cleanedChunk = candidateChunk;
            if (!cleanedChunk) {
              break;
            }
            if (looksLikeReasoningTrace(cleanedChunk, streamingState?.content || "")) {
              const reasoningLeak = sanitizeReasoningChunk(cleanedChunk);
              if (reasoningLeak) {
                dispatch({
                  type: "UPDATE_STREAMING_REASONING",
                  payload: { reasoning: reasoningLeak, append: true },
                });
              }
              break;
            }
            const fromDelta =
              eventType === 'contentDelta' ||
              eventType === 'text-delta' ||
              !!asString(payload.delta);
            const contentPatch = resolveStreamingContentUpdate(
              streamingState?.content || '',
              cleanedChunk,
              fromDelta,
            );
            if (!contentPatch) {
              break;
            }
            streamDebug("[OpenCode][stream] content delta chunk", {
              messageId,
              eventType,
              append: contentPatch.append,
              length: cleanedChunk.length,
              preview: cleanedChunk.slice(0, 80),
            });
            dispatch({
              type: 'UPDATE_STREAMING_CONTENT',
              payload: {
                content: contentPatch.content,
                append: contentPatch.append,
                renderable: !!streamingState?.hasRenderableContent,
              },
            });
            logAssistantContentSource("stream:content-delta", {
              messageId,
              selectedSource: "contentDelta",
              renderable: !!streamingState?.hasRenderableContent,
              eventType,
              structuredKind,
              partType,
              finalContent: contentPatch.content,
              streamingContent: streamingState?.content || "",
            });
          }
          break;
        }
        case 'reasoningDelta':
        case 'reasoning':
        case 'thinking': {
          const chunk =
            asString(payload.delta) || asString(payload.reasoning) || asString(payload.thinking) || asString(payload.text);
          webviewLogger.debug(`Processing reasoning/thinking event`, {
            normalizedEventType,
            chunkLength: chunk.length,
            preview: chunk.slice(0, 100),
          });
          const sanitized = sanitizeReasoningChunk(chunk);
          if (sanitized) {
            dispatch({ type: 'UPDATE_STREAMING_REASONING', payload: { reasoning: sanitized, append: true } });
          }
          break;
        }
        case 'stepStart': {
          const stepTitle = asString(payload.title);
          const stepTypeRaw = asString(payload.stepType).toLowerCase();
          webviewLogger.debug(`Processing stepStart`, {
            normalizedEventType,
            stepTitle,
            stepType: stepTypeRaw,
          });
          const step: StreamingStep = {
            id: asString(payload.id) || undefined,
            callID: asString(payload.callID) || undefined,
            title: asString(payload.title, 'Working'),
            type:
              stepTypeRaw === 'tool' ||
                stepTypeRaw === 'reasoning' ||
                stepTypeRaw === 'thinking'
                ? (stepTypeRaw === "thinking" ? "reasoning" : stepTypeRaw)
                : 'step',
            status: 'pending',
            source: "stream",
            partType: "step-start",
            internal: false,
            meta: asString(payload.meta) || undefined,
            filePath: asString(payload.filePath) || undefined,
            startTime: Date.now()
          };
          dispatch({ type: 'ADD_STREAMING_STEP', payload: step });
          break;
        }
        case 'stepUpdate': {
          webviewLogger.debug(`Processing stepUpdate`, {
            normalizedEventType,
            stepId: asString(payload.id) || asString(payload.callID),
          });
          dispatch({
            type: 'UPDATE_STREAMING_STEP',
            payload: {
              id: asString(payload.id) || undefined,
              callID: asString(payload.callID) || undefined,
              patch: {
                title: asString(payload.title) || undefined,
                meta: asString(payload.meta) || undefined,
                filePath: asString(payload.filePath) || undefined,
                source: "stream",
                partType: "step-update",
              }
            }
          });
          break;
        }
        case 'stepDone': {
          webviewLogger.debug(`Processing stepDone`, {
            normalizedEventType,
            stepId: asString(payload.id) || asString(payload.callID),
            stepStatus: asString(payload.status),
          });
          dispatch({
            type: 'UPDATE_STREAMING_STEP',
            payload: {
              id: asString(payload.id) || undefined,
              callID: asString(payload.callID) || undefined,
              patch: {
                status: 'done',
                duration: asOptionalNumber(payload.duration),
                source: "stream",
                partType: "step-finish",
              }
            }
          });
          break;
        }
        case 'stepError': {
          dispatch({
            type: 'UPDATE_STREAMING_STEP',
            payload: {
              id: asString(payload.id) || undefined,
              callID: asString(payload.callID) || undefined,
              patch: {
                status: 'error',
                meta: asString(payload.error) || asString(payload.meta) || 'Failed',
                source: "stream",
                partType: "step-error",
              }
            }
          });
          break;
        }
        case 'edit':
        case 'fileEdit': {
          const file = asString(payload.file) || asString(payload.path);
          if (file) {
            dispatch({ type: 'ADD_STREAMING_EDIT', payload: file });
          }
          break;
        }
        case 'finish':
        case 'done': {
          dispatch({
            type: 'FINISH_STREAMING',
            payload: {
              usage: {
                total: asNumber(payload.total, 0),
                duration: asOptionalNumber(payload.duration)
              }
            }
          });
          dispatch({ type: 'SET_PROCESSING', payload: false });
          break;
        }
        default: {
          let consumed = false;
          if (structuredOutput?.reasoning) {
            structuredOutput.reasoning.forEach((chunk) => {
              const sanitized = sanitizeReasoningChunk(chunk);
              if (!sanitized) {
                return;
              }
              dispatch({
                type: "UPDATE_STREAMING_REASONING",
                payload: { reasoning: sanitized, append: true },
              });
              consumed = true;
            });
          }
    
          if (structuredOutput?.progressUpdates) {
            structuredOutput.progressUpdates.forEach((step) => {
              upsertStreamingStep(dispatch, getState, {
                title: step.title,
                type: "step",
                status: step.status ?? "pending",
                source: "stream",
                partType: "structured-progress",
                internal: false,
                meta: step.meta,
                filePath: step.filePath,
              });
              consumed = true;
            });
          }
    
          const interactiveEvents = toInteractiveEvents(structuredOutput);
          const hasBlockingInteractive =
            hasBlockingInteractiveEvents(interactiveEvents);
          if (interactiveEvents.length > 0) {
            dispatch({ type: "SET_INTERACTIVE_EVENTS", payload: interactiveEvents });
            maybeInjectStreamingInteractiveContext(
              dispatch,
              getState,
              interactiveEvents,
            );
            consumed = true;
          }
    
          if (structuredKind === "thinking" && structuredText) {
            const chunk = sanitizeReasoningChunk(structuredText);
            if (chunk) {
              dispatch({
                type: "UPDATE_STREAMING_REASONING",
                payload: { reasoning: chunk, append: true },
              });
              consumed = true;
            }
          } else if (structuredKind === "message" && structuredText) {
            const streamingState = getState().streaming;
            const rawReasoningLike = looksLikeReasoningTrace(structuredText, streamingState?.content || "");
            let messageText = structuredText;
            const mixedMessage = splitMixedReasoningFromContent(messageText);
            if (mixedMessage) {
              const mixedReasoning = sanitizeReasoningChunk(mixedMessage.reasoning);
              if (mixedReasoning) {
                dispatch({
                  type: "UPDATE_STREAMING_REASONING",
                  payload: { reasoning: mixedReasoning, append: true },
                });
                consumed = true;
              }
              messageText = mixedMessage.content;
            }
            if (rawReasoningLike && !mixedMessage) {
              const reasoningLeak = sanitizeReasoningChunk(structuredText);
              if (reasoningLeak) {
                dispatch({
                  type: "UPDATE_STREAMING_REASONING",
                  payload: { reasoning: reasoningLeak, append: true },
                });
                consumed = true;
              }
              break;
            }
            if (looksLikeReasoningTrace(messageText, streamingState?.content || "")) {
              const reasoningLeak = sanitizeReasoningChunk(messageText);
              if (reasoningLeak) {
                dispatch({
                  type: "UPDATE_STREAMING_REASONING",
                  payload: { reasoning: reasoningLeak, append: true },
                });
                consumed = true;
              }
              break;
            }
            const contentPatch = resolveStreamingContentUpdate(
              streamingState?.content || '',
              messageText,
              false,
            );
            if (!contentPatch) {
              break;
            }
            dispatch({
              type: "UPDATE_STREAMING_CONTENT",
              payload: {
                content: contentPatch.content,
                append: contentPatch.append,
                renderable: true,
              },
            });
            logAssistantContentSource("stream:structured.message", {
              messageId,
              responseType: structuredOutput?.responseType ?? null,
              selectedSource: "structured.message",
              renderable: true,
              eventType,
              structuredKind,
              partType,
              finalContent: contentPatch.content,
              structuredMessage: messageText,
              streamingContent: streamingState?.content || "",
            });
            consumed = true;
          } else if (structuredKind === "progress") {
            const fallbackPart = eventPart ?? properties ?? payload;
            const title = structuredText || inferredStepTitle(fallbackPart);
            if (title) {
              upsertStreamingStep(dispatch, getState, {
                id: asString(fallbackPart.id) || undefined,
                callID: asString(fallbackPart.callID) || undefined,
                title,
                type: "step",
                status: normalizeProgressStatus(asString(fallbackPart.status)),
                source: "stream",
                partType: normalizePartType(fallbackPart.type) || "progress",
                internal: false,
                meta: asString(fallbackPart.meta) || undefined,
                startTime: Date.now(),
              });
              consumed = true;
            }
          }
    
          if (hasBlockingInteractive) {
            dispatch({ type: "FINISH_STREAMING" });
            dispatch({ type: "SET_PROCESSING", payload: false });
            break;
          }
    
          if (consumed) {
            dispatch({ type: "SET_PROCESSING", payload: true });
          }
          break;
        }
      }
    
      // Log completion of event handling
      const finalState = getState();
      webviewLogger.debug(`Finished Processing: ${normalizedEventType}`, {
        timestamp: new Date().toISOString(),
        hasStreaming: !!finalState.streaming,
        streamingContentLength: finalState.streaming?.content?.length || 0,
        streamingReasoningLength: finalState.streaming?.reasoning?.length || 0,
        streamingStepsCount: finalState.streaming?.steps?.length || 0,
      });
    }
    
    function bindStreamingToParentMessageIdFromSubagents(
      dispatch: Dispatch<AppAction>,
      getState: () => AppState,
      summariesByParentMessageId: Record<string, SubagentSummary[]>,
    ): void {
      const parentMessageIds = Object.keys(summariesByParentMessageId).filter(Boolean);
      if (parentMessageIds.length === 0) {
        return;
      }
    
      const streaming = getState().streaming;
      if (!streaming || !streaming.isActive || streaming.messageId) {
        return;
      }
    
      dispatch({
        type: "SET_STREAMING",
        payload: {
          ...streaming,
          messageId: parentMessageIds[0],
        },
      });
    }
    
    function collectHydratedSubagentsFromState(
      state: AppState,
      parentMessageIds: Array<string | null | undefined>,
    ): SubagentDetail[] {
      const uniqueParentIds = Array.from(
        new Set(
          parentMessageIds.filter(
            (value): value is string => typeof value === "string" && value.length > 0,
          ),
        ),
      );
      if (uniqueParentIds.length === 0) {
        return [];
      }
    
      const byId = new Map<string, SubagentDetail>();
      for (const parentMessageId of uniqueParentIds) {
        const summaries = state.subagentsByParentMessageId[parentMessageId];
        if (!Array.isArray(summaries) || summaries.length === 0) {
          continue;
        }
        for (const summary of summaries) {
          byId.set(
            summary.id,
            hydrateSubagentSummary(summary, state.subagentDetailsById),
          );
        }
      }
    
      return Array.from(byId.values());
    }
    
    function mergeSubagentsIntoMessage(
      message: Message,
      hydratedFromState: SubagentDetail[],
      options?: { freezeIncompleteStatuses?: boolean; presentationPolicy?: SubagentPresentationPolicy },
    ): Message {
      if (hydratedFromState.length === 0) {
        return message;
      }
    
      const mergedById = new Map<string, SubagentDetail>();
      for (const entry of hydratedFromState) {
        mergedById.set(entry.id, entry);
      }
    
      const existing = Array.isArray(message.subagents) ? message.subagents : [];
      for (const entry of existing) {
        const current = mergedById.get(entry.id);
        if (!current) {
          mergedById.set(entry.id, entry);
          continue;
        }
        mergedById.set(entry.id, {
          ...current,
          ...entry,
          references:
            Array.isArray(entry.references) && entry.references.length > 0
              ? entry.references
              : current.references,
          thinkingEvents:
            Array.isArray(entry.thinkingEvents) && entry.thinkingEvents.length > 0
              ? entry.thinkingEvents
              : current.thinkingEvents,
          progressEvents:
            Array.isArray(entry.progressEvents) && entry.progressEvents.length > 0
              ? entry.progressEvents
              : current.progressEvents,
          timelineEvents:
            Array.isArray(entry.timelineEvents) && entry.timelineEvents.length > 0
              ? entry.timelineEvents
              : current.timelineEvents,
        });
      }
    
      return {
        ...message,
        subagents: Array.from(mergedById.values()).map((detail) =>
          normalizeHydratedSubagentDetail(
            detail,
            message,
            shouldFreezeSubagentForPresentation(
              detail,
              message,
              options?.presentationPolicy,
              options?.freezeIncompleteStatuses,
            ),
          ),
        ),
      };
    }
    
    function remapSubagentsToFinalMessageId(
      dispatch: Dispatch<AppAction>,
      getState: () => AppState,
      sourceMessageIds: Array<string | null | undefined>,
      finalMessageId: string | null,
    ): void {
      if (!finalMessageId) {
        return;
      }
    
      const state = getState();
      const uniqueSourceIds = Array.from(
        new Set(
          sourceMessageIds.filter(
            (value): value is string =>
              typeof value === "string" &&
              value.length > 0 &&
              value !== finalMessageId,
          ),
        ),
      );
      if (uniqueSourceIds.length === 0) {
        return;
      }
    
      const mergedSourceById = new Map<string, SubagentSummary>();
      for (const sourceMessageId of uniqueSourceIds) {
        const source = state.subagentsByParentMessageId[sourceMessageId];
        if (!Array.isArray(source) || source.length === 0) {
          continue;
        }
        source.forEach((entry) => {
          mergedSourceById.set(entry.id, {
            ...entry,
            parentMessageId: finalMessageId,
          });
        });
      }
      const updatedSource = Array.from(mergedSourceById.values());
      if (updatedSource.length === 0) {
        return;
      }
      const existingTarget = Array.isArray(
        state.subagentsByParentMessageId[finalMessageId],
      )
        ? state.subagentsByParentMessageId[finalMessageId]
        : [];
      const mergedById = new Map<string, SubagentSummary>();
      existingTarget.forEach((entry) => {
        mergedById.set(entry.id, entry);
      });
      updatedSource.forEach((entry) => {
        mergedById.set(entry.id, entry);
      });
    
      dispatch({
        type: "UPSERT_SUBAGENT_SUMMARIES",
        payload: {
          [finalMessageId]: Array.from(mergedById.values()),
        },
      });
    
      const detailUpdates: Record<string, SubagentDetail> = {};
      for (const entry of updatedSource) {
        const detail = state.subagentDetailsById[entry.id];
        if (detail && detail.parentMessageId !== finalMessageId) {
          detailUpdates[entry.id] = {
            ...detail,
            parentMessageId: finalMessageId,
          };
        }
      }
      if (Object.keys(detailUpdates).length > 0) {
        dispatch({ type: "UPSERT_SUBAGENT_DETAIL", payload: detailUpdates });
      }
    }
    
    export function createMessageHandler(dispatch: Dispatch<AppAction>, getState: () => AppState) {
      let latestStreamingSnapshot: StreamingState | null = null;
      let terminalErrorReached = false;
      let activeSubagentParentMessageIds = new Set<string>();
      let interactiveResponseTransitionUntil = 0;
    
      const isLikelyInteractiveAnswerSubmissionMessage = (message: Message): boolean => {
        const role = asString(message.role) || asString(asRecord(message.info)?.role);
        if (role !== "user") {
          return false;
        }
        const text =
          asOptionalString(message.content) ||
          asOptionalString(message.text) ||
          contentFromParts(Array.isArray(message.parts) ? message.parts : []);
        if (!text) {
          return false;
        }
        return (
          /(?:^|\n)\s*question\s+\d+\s*:/i.test(text) &&
          /(?:^|\n)\s*answer\s*:/i.test(text)
        );
      };
    
      const trackActiveSubagentParentIds = (
        summariesByParentMessageId: Record<string, SubagentSummary[]>,
      ) => {
        Object.entries(summariesByParentMessageId).forEach(
          ([parentMessageId, summaries]) => {
            if (
              parentMessageId &&
              Array.isArray(summaries) &&
              summaries.length > 0
            ) {
              activeSubagentParentMessageIds.add(parentMessageId);
            }
          },
        );
      };
    
      return (event: MessageEvent) => {
        try {
          const data = asRecord(event.data);
          if (!data) {
            webviewLogger.warn('Received event with no data');
            return;
          }
    
          const type = asString(data.type);
    
          // Log ALL events for comprehensive debugging
          webviewLogger.debug(`Received Event: ${type}`, {
            timestamp: new Date().toISOString(),
            eventType: type,
            dataKeys: Object.keys(data),
            fullData: data,
          });
    
          // Set processing state BEFORE handling message types to ensure streaming state is created early.
          // Never bootstrap "in progress" UI from compaction lifecycle messages.
          if (
            asBoolean(data.processing, false) &&
            type !== "compactionStatus" &&
            type !== "compactionViewState"
          ) {
            dispatch({ type: "SET_PROCESSING", payload: true });
          }
    
          switch (type) {
            case "initState":
            case "init": {
              terminalErrorReached = false;
              activeSubagentParentMessageIds = new Set<string>();
              const state = asRecord(data.state) ?? data;
              const sessionId =
                asString(state.sessionId) || asString(state.currentSessionId) || null;
    
              const selectedModelRecord = asRecord(state.selectedModel);
              const selectedModel = selectedModelRecord
                ? {
                  providerID: asString(selectedModelRecord.providerID),
                  modelID: asString(selectedModelRecord.modelID),
                }
                : null;
    
              if (sessionId) {
                dispatch({ type: "SET_SESSION_ID", payload: sessionId });
              }
              dispatch({
                type: "SET_SERVER_STATUS",
                payload: asString(state.serverStatus, "connected"),
              });
              dispatch({
                type: "SET_SELECTED_MODEL",
                payload:
                  selectedModel?.providerID && selectedModel?.modelID
                    ? selectedModel
                    : null,
              });
              dispatch({
                type: "SET_SELECTED_AGENT",
                payload: asString(state.selectedAgent),
              });
              dispatch({
                type: "SET_SERVER_VERSION",
                payload: asString(state.serverVersion) || undefined,
              });
              dispatch({ type: "SET_RECEIVED_INIT_STATE", payload: true });
    
              // Store workspace root on window object for use in file path display
              const workspaceRoot = asString(state.workspaceRoot);
              if (workspaceRoot) {
                // @ts-expect-error - setting __workspace_root__ for use in file path utilities
                window.__workspace_root__ = workspaceRoot;
              }
    
              // Rehydrate persisted todos from initState payload (sent by provider on
              // extension open or session switch).
              const rawTodoItems = Array.isArray(state.todoItems) ? state.todoItems : [];
              if (rawTodoItems.length > 0) {
                const VALID_TODO_STATUS = new Set(['pending', 'in_progress', 'completed', 'cancelled', 'failed']);
                const validTodos = rawTodoItems.filter(
                  (item): item is TodoItem => {
                    const rec = asRecord(item);
                    return (
                      !!rec &&
                      typeof rec.id === 'string' && rec.id.length > 0 &&
                      typeof rec.text === 'string' && rec.text.length > 0 &&
                      typeof rec.status === 'string' && VALID_TODO_STATUS.has(rec.status) &&
                      typeof rec.sessionId === 'string'
                    );
                  },
                );
                if (validTodos.length > 0) {
                  dispatch({ type: 'SET_TODO_ITEMS', payload: validTodos });
                }
              }
    
              break;
            }
            case "modelsList": {
              const models = asArray(
                data.models,
                (item): item is AppState["availableModels"][number] => {
                  const rec = asRecord(item);
                  const contextLimit =
                    typeof rec?.contextLimit === "number"
                      ? rec.contextLimit
                      : undefined;
                  return (
                    !!rec &&
                    typeof rec.modelID === "string" &&
                    typeof rec.providerID === "string" &&
                    typeof rec.name === "string" &&
                    (contextLimit === undefined ||
                      (Number.isFinite(contextLimit) && contextLimit > 0))
                  );
                },
              );
              dispatch({ type: "SET_MODELS_LIST", payload: models });
              break;
            }
            case "agentsList": {
              const agents = asArray(
                data.agents,
                (item): item is AppState["availableAgents"][number] => {
                  const rec = asRecord(item);
                  return (
                    !!rec &&
                    typeof rec.id === "string" &&
                    typeof rec.name === "string" &&
                    typeof rec.description === "string"
                  );
                },
              );
              dispatch({ type: "SET_AGENTS_LIST", payload: agents });
              break;
            }
            case "statusUpdate": {
              dispatch({
                type: "SET_SERVER_STATUS",
                payload: asString(data.status, "unknown"),
              });
              break;
            }
            case "compactionStatus": {
              const sessionId = asString(data.sessionId);
              const currentSessionId = getState().currentSessionId;
              if (sessionId && currentSessionId && sessionId !== currentSessionId) {
                break;
              }
              const status = asString(data.status).toLowerCase();
              if (status !== "running" && status !== "done" && status !== "error") {
                break;
              }
              const normalizedStatus = status as "running" | "done" | "error";
              dispatch({
                type: "SET_COMPACTION_STATUS",
                payload: {
                  status: normalizedStatus,
                  at: asOptionalNumber(data.at),
                  error: asString(data.error) || undefined,
                  compactionDividerIndex: asOptionalNumber(data.compactionDividerIndex),
                  compactionDividerBeforeMessageId: asOptionalString(
                    data.compactionDividerBeforeMessageId,
                  ),
                  compactionDividerAfterMessageId: asOptionalString(
                    data.compactionDividerAfterMessageId,
                  ),
                  collapsed:
                    typeof data.collapsed === "boolean"
                      ? data.collapsed
                      : undefined,
                  baselineStats: asSessionStats(data.baselineStats),
                },
              });
              if (normalizedStatus === "done") {
                const nextState = getState();
                if (nextState.currentSessionId) {
                  vscode.postMessage({
                    type: "setCompactionViewState",
                    sessionId: nextState.currentSessionId,
                    lastCompactedAt: nextState.lastCompactedAt,
                    compactionDividerIndex: nextState.compactionDividerIndex,
                    compactionDividerBeforeMessageId:
                      nextState.compactionDividerBeforeMessageId,
                    compactionDividerAfterMessageId:
                      nextState.compactionDividerAfterMessageId,
                    baselineStats: nextState.compactionBaselineStats,
                    collapsed: nextState.compactedMessagesCollapsed,
                  });
                }
              }
              if (normalizedStatus !== "running") {
                latestStreamingSnapshot = null;
                dispatch({ type: "SET_STEERING", payload: false });
                dispatch({ type: "SET_PROCESSING", payload: false });
                dispatch({ type: "FINISH_STREAMING" });
                dispatch({ type: "SET_STREAMING", payload: null });
              }
              break;
            }
            case "compactionViewState": {
              const sessionId = asString(data.sessionId);
              const currentSessionId = getState().currentSessionId;
              if (sessionId && currentSessionId && sessionId !== currentSessionId) {
                break;
              }
              dispatch({
                type: "SET_COMPACTION_VIEW_STATE",
                payload: {
                  lastCompactedAt: asOptionalNumber(data.lastCompactedAt),
                  compactionDividerIndex: asOptionalNumber(data.compactionDividerIndex),
                  compactionDividerBeforeMessageId: asOptionalString(
                    data.compactionDividerBeforeMessageId,
                  ),
                  compactionDividerAfterMessageId: asOptionalString(
                    data.compactionDividerAfterMessageId,
                  ),
                  collapsed:
                    typeof data.collapsed === "boolean"
                      ? data.collapsed
                      : undefined,
                  baselineStats: asSessionStats(data.baselineStats),
                },
              });
              break;
            }
            case "stopRequestHandled": {
              latestStreamingSnapshot = getState().streaming ?? latestStreamingSnapshot;
              dispatch({ type: "SET_STEERING", payload: false });
              dispatch({ type: "SET_PROCESSING", payload: false });
              dispatch({ type: "FINISH_STREAMING" });
              break;
            }
            case "messageResponse": {
              const msg =
                (asRecord(data.message) as Message | null) ??
                (data as unknown as Message);
              const currentMessages = getState().messages;
    
              // FORBIDDEN TO REMOVE - token accumulation for sticky header
              dispatch({
                type: "ACCUMULATE_SESSION_STATS",
                payload: {
                  input: msg.tokens?.input || msg.info?.tokens?.input || 0,
                  output: msg.tokens?.output || msg.info?.tokens?.output || 0,
                  read: msg.tokens?.cache?.read || msg.info?.tokens?.cache?.read || 0,
                  write:
                    msg.tokens?.cache?.write || msg.info?.tokens?.cache?.write || 0,
                  duration:
                    msg.duration || msg.timing?.duration || msg.info?.duration || 0,
                },
              });
    
              const responseMessageId =
                asString(msg.id) || asString(asRecord(msg.info)?.id);
              const currentStateForResponse = getState();
              const currentStreaming = currentStateForResponse.streaming;
              const snapshotMessageId = latestStreamingSnapshot?.messageId || null;
              const hasOwnResponsePayload =
                !!asString(msg.content).trim() ||
                !!asString(msg.text).trim() ||
                (Array.isArray(msg.parts) && msg.parts.length > 0);
              const shouldDropMismatchedSnapshot =
                !!responseMessageId &&
                !!snapshotMessageId &&
                snapshotMessageId !== responseMessageId &&
                hasOwnResponsePayload;
              if (
                !currentStreaming &&
                latestStreamingSnapshot &&
                responseMessageId &&
                snapshotMessageId &&
                snapshotMessageId !== responseMessageId
              ) {
                streamDebug(
                  "[OpenCode][stream] messageResponse id mismatch; preserving latest streaming snapshot",
                  {
                    responseMessageId,
                    snapshotMessageId,
                    shouldDropMismatchedSnapshot,
                  },
                );
              }
              // Always prefer the latest local streaming snapshot for final normalization.
              // Some providers emit different IDs between stream events and final response.
              const plainTextFallbackFinal =
                asBoolean(asRecord(msg)?.plainTextFallback, false) ||
                asBoolean(asRecord(asRecord(msg)?.info)?.plainTextFallback, false);
              const snapshotStreaming =
                currentStreaming ??
                (shouldDropMismatchedSnapshot ? null : latestStreamingSnapshot);
              const interactiveEventsInResponse = isMessage(msg)
                ? interactiveEventsFromMessage(msg)
                : [];
              const shouldPreserveStreamingSnapshot =
                !plainTextFallbackFinal || interactiveEventsInResponse.length > 0;
              const streaming = shouldPreserveStreamingSnapshot
                ? snapshotStreaming
                : null;
              let normalizedMessage = isMessage(msg)
                ? normalizeMessage(msg, streaming)
                : streaming
                  ? buildStreamingMessage(streaming)
                  : undefined;
              if (
                normalizedMessage &&
                snapshotStreaming &&
                interactiveEventsInResponse.length > 0
              ) {
                const hasCanonicalActivity =
                  (Array.isArray(normalizedMessage.steps) &&
                    normalizedMessage.steps.length > 0) ||
                  (Array.isArray(normalizedMessage.progressEvents) &&
                    normalizedMessage.progressEvents.length > 0);
                if (!hasCanonicalActivity) {
                  const mergedSteps = normalizeActivitySteps(
                    normalizedMessage,
                    {
                      ...snapshotStreaming,
                      content: "",
                      hasRenderableContent: false,
                      reasoning: "",
                      reasoningEvents: [],
                    },
                    Array.isArray(normalizedMessage.parts)
                      ? (normalizedMessage.parts as MessagePart[])
                      : [],
                  );
                  if (mergedSteps.length > 0) {
                    normalizedMessage = {
                      ...normalizedMessage,
                      steps: mergedSteps,
                      progressEvents: mergedSteps,
                    };
                  }
                }
              }
              let finalMessageId: string | null = null;
              let streamingMessageId: string | null = null;
              if (normalizedMessage) {
                streamingMessageId =
                  currentStreaming?.messageId || snapshotMessageId;
                let sanitized = sanitizeAssistantMessageEcho(
                  normalizedMessage,
                  getState(),
                );
    
                // Extract error from info.error and set to message.error for display
                const infoRec = asRecord(sanitized.info);
                const errorRec = asRecord(infoRec?.error);
                if (errorRec) {
                  const errorName = asString(errorRec.name);
                  const errorData = asRecord(errorRec.data);
                  const errorMessage = asString(errorData?.message) || asString(errorRec.message);
                  if (errorMessage) {
                    (sanitized as unknown as UnknownRecord).error = errorName
                      ? `${errorName}: ${errorMessage}`
                      : errorMessage;
                  }
                }
                const provisionalFinalMessageId =
                  asString(asRecord(sanitized.info)?.id) ||
                  asString(sanitized.id) ||
                  responseMessageId ||
                  null;
                const hydratedSubagentsFromState = collectHydratedSubagentsFromState(
                  getState(),
                  [
                    provisionalFinalMessageId,
                    streamingMessageId,
                    ...Array.from(activeSubagentParentMessageIds),
                  ],
                );
                if (hydratedSubagentsFromState.length > 0) {
                  sanitized = mergeSubagentsIntoMessage(
                    sanitized,
                    hydratedSubagentsFromState,
                    {
                      freezeIncompleteStatuses: false,
                      presentationPolicy: { mode: "stream", sessionProcessing: true },
                    },
                  );
                }
                if (
                  !asString(asRecord(sanitized.info)?.id) &&
                  !asString(sanitized.id) &&
                  streamingMessageId
                ) {
                  sanitized = {
                    ...sanitized,
                    id: streamingMessageId,
                  };
                }
    
                dispatch({
                  type: "SET_MESSAGES",
                  payload: [...currentMessages, sanitized],
                });
                finalMessageId =
                  asString(asRecord(sanitized.info)?.id) ||
                  asString(sanitized.id) ||
                  responseMessageId ||
                  null;
                remapSubagentsToFinalMessageId(
                  dispatch,
                  getState,
                  [streamingMessageId, ...Array.from(activeSubagentParentMessageIds)],
                  finalMessageId,
                );
                const { summariesByParentMessageId, detailsById } =
                  extractSubagentsFromMessages([sanitized]);
                if (Object.keys(summariesByParentMessageId).length > 0) {
                  dispatch({
                    type: "UPSERT_SUBAGENT_SUMMARIES",
                    payload: summariesByParentMessageId,
                  });
                }
                if (Object.keys(detailsById).length > 0) {
                  dispatch({ type: "UPSERT_SUBAGENT_DETAIL", payload: detailsById });
                }
                const interactiveEvents = interactiveEventsFromMessage(sanitized);
                const inInteractiveTransitionWindow =
                  Date.now() <= interactiveResponseTransitionUntil;
                const latestMessage =
                  currentMessages.length > 0
                    ? currentMessages[currentMessages.length - 1]
                    : undefined;
                const suppressInteractiveReshow =
                  inInteractiveTransitionWindow &&
                  !!latestMessage &&
                  isLikelyInteractiveAnswerSubmissionMessage(latestMessage) &&
                  hasBlockingInteractiveEvents(interactiveEvents);
                if (!suppressInteractiveReshow && interactiveEvents.length > 0) {
                  dispatch({
                    type: "SET_INTERACTIVE_EVENTS",
                    payload: interactiveEvents,
                  });
                }
    
                const sessionId = deriveSessionIdFromMessage(
                  sanitized,
                  getState().currentSessionId,
                );
                if (sessionId) {
                  vscode.postMessage({
                    type: "persistAssistantMessage",
                    sessionId,
                    message: sanitized,
                  });
                }
              }
              // Only clear streaming state if this messageResponse matches the current streaming message ID
              // This prevents clearing streaming state when processing messageResponse events for
              // system messages or other non-streaming messages that arrive during streaming
              const isMatchingStreamingMessage =
                streamingMessageId && finalMessageId && streamingMessageId === finalMessageId;
    
              if (isMatchingStreamingMessage || !currentStreaming) {
                latestStreamingSnapshot = null;
                activeSubagentParentMessageIds = new Set<string>();
              }
              dispatch({ type: "SET_PROCESSING", payload: false });
              dispatch({ type: "SET_STREAMING", payload: null });
              break;
            }
            case "chatHistory": {
              terminalErrorReached = false;
              const rawMessages = asArray(data.messages, isMessage);
              const normalizedMessages = rawMessages
                .map((msg) => normalizeMessage(msg, null))
                .filter((msg): msg is Message => !!msg)
                .filter((msg) => isRenderableHistoryMessage(msg));
              const messages =
                coalesceAdjacentAssistantHistoryMessages(normalizedMessages);
              const hydratedMessages = hydrateLegacyInteractiveUserMessages(messages);
              const dedupedHydratedMessages =
                dedupeInteractiveUserHydrationMessages(hydratedMessages);
              const dedupedPlanProceedMessages =
                dedupePlanProceedMessages(dedupedHydratedMessages);
              const dedupedSystemMessages =
                dedupeSystemMessages(dedupedPlanProceedMessages);
              activeSubagentParentMessageIds = new Set<string>();
    
              const chatHistorySessionId = asString(data.sessionId);
              const currentState = getState();
              const isSessionProcessing = !!(chatHistorySessionId &&
                currentState.processingSessionIds.includes(chatHistorySessionId));
    
              // Set switchingSessionId if we're loading a different session
              const isSwitchingSession = !!(
                chatHistorySessionId &&
                currentState.currentSessionId !== chatHistorySessionId
              );
              if (isSwitchingSession) {
                dispatch({ type: "SET_SWITCHING_SESSION", payload: chatHistorySessionId });
              }
    
              const hydrationPresentationPolicy: SubagentPresentationPolicy = {
                mode: "hydration",
                sessionProcessing: isSessionProcessing,
              };
    
              latestStreamingSnapshot = null;
    
              // Clear any stale streaming state when history is loaded (extension open
              // or session switch) so the UI starts clean. Preserve processing state
              // if the session is currently being processed on the backend.
              dispatch({ type: "SET_STREAMING", payload: null });
              dispatch({ type: "SET_PROCESSING", payload: isSessionProcessing });
              dispatch({ type: "CLEAR_MESSAGES" });
              const stabilizedHydratedMessages = dedupedSystemMessages.map((message) => {
                if (!Array.isArray(message.subagents) || message.subagents.length === 0) {
                  return message;
                }
                return {
                  ...message,
                  subagents: message.subagents.map((subagent) =>
                    normalizeHydratedSubagentDetail(
                      subagent,
                      message,
                      shouldFreezeSubagentForPresentation(
                        subagent,
                        message,
                        hydrationPresentationPolicy,
                      ),
                    ),
                  ),
                };
              });
              dispatch({ type: "SET_MESSAGES", payload: stabilizedHydratedMessages });
    
              // Clear switchingSessionId after messages are loaded
              dispatch({ type: "SET_SWITCHING_SESSION", payload: null });
    
              // Use the just-normalized hydration snapshot directly. Reading getState()
              // immediately after dispatch can observe stale messages in the same tick.
              const canonicalMessages = stabilizedHydratedMessages;
    
              // If the backend included a sessionId (e.g. on session switch), update it BEFORE
              // storing stats so RESET_SESSION_STATS writes under the correct key.
              if (chatHistorySessionId) {
                dispatch({ type: "SET_SESSION_ID", payload: chatHistorySessionId });
                // Clear todo items from the previous session so stale tasks are not shown.
                dispatch({ type: "SET_TODO_ITEMS", payload: [] });
              }
    
              // FORBIDDEN TO REMOVE - recalculate session stats from full history
              const stats = { input: 0, output: 0, read: 0, write: 0, duration: 0 };
              canonicalMessages.forEach((msg) => {
                stats.input += msg.tokens?.input || msg.info?.tokens?.input || 0;
                stats.output += msg.tokens?.output || msg.info?.tokens?.output || 0;
                stats.read +=
                  msg.tokens?.cache?.read || msg.info?.tokens?.cache?.read || 0;
                stats.write +=
                  msg.tokens?.cache?.write || msg.info?.tokens?.cache?.write || 0;
                stats.duration +=
                  msg.duration || msg.timing?.duration || msg.info?.duration || 0;
              });
              dispatch({ type: "RESET_SESSION_STATS", payload: stats });
              dispatch({ type: "CLEAR_SUBAGENTS_FOR_SESSION" });
              const extractedHydratedSubagents =
                extractSubagentsFromMessages(canonicalMessages);
              const normalizedHydratedSubagents = normalizeHydratedSubagentMaps(
                extractedHydratedSubagents.summariesByParentMessageId,
                extractedHydratedSubagents.detailsById,
                canonicalMessages,
                false,
                hydrationPresentationPolicy,
              );
              if (
                Object.keys(normalizedHydratedSubagents.summariesByParentMessageId)
                  .length > 0
              ) {
                dispatch({
                  type: "UPSERT_SUBAGENT_SUMMARIES",
                  payload: normalizedHydratedSubagents.summariesByParentMessageId,
                });
              }
              if (Object.keys(normalizedHydratedSubagents.detailsById).length > 0) {
                dispatch({
                  type: "UPSERT_SUBAGENT_DETAIL",
                  payload: normalizedHydratedSubagents.detailsById,
                });
              }
              let latestInteractive: InteractiveEvent[] = [];
              for (let index = canonicalMessages.length - 1; index >= 0; index -= 1) {
                const msg = canonicalMessages[index];
                const role = msg.role ?? msg.info?.role;
                const items = interactiveEventsFromMessage(msg);
                if (items.length > 0) {
                  latestInteractive = items;
                  break;
                }
                if (role === "user") {
                  break;
                }
              }
              if (latestInteractive.length === 0 && canonicalMessages.length > 0) {
                const lastMessage = canonicalMessages[canonicalMessages.length - 1];
                const lastRec = asRecord(lastMessage);
                const lastInfo = asRecord(lastRec?.info);
                const lastStructured =
                  asRecord(lastRec?.structuredOutput) ||
                  asRecord(lastRec?.structured_output) ||
                  asRecord(lastInfo?.structuredOutput) ||
                  asRecord(lastInfo?.structured_output) ||
                  asRecord(lastInfo?.structured);
                const lastResponseType =
                  asString(lastRec?.responseType) ||
                  asString(lastInfo?.responseType) ||
                  asString(lastStructured?.responseType);
                if (lastResponseType.toLowerCase() === "question") {
                  latestInteractive = interactiveEventsFromMessage(lastMessage);
                }
              }
              dispatch({
                type: "SET_INTERACTIVE_EVENTS",
                payload: latestInteractive,
              });
              logRenderSnapshot("chatHistory", canonicalMessages);
              break;
            }
            case "subagentSnapshot": {
              const snapshotPolicy: SubagentPresentationPolicy = {
                mode: "hydration",
                sessionProcessing: getState().processing,
              };
              const summariesByParentMessageId = normalizeSubagentSummaryMap(
                data.summariesByParentMessageId ?? data.subagentsByParentMessageId,
              );
              const detailsById = normalizeSubagentDetailMap(
                data.detailsById ?? data.subagentDetailsById,
              );
              const hasSnapshotSubagents =
                hasSubagentSummaryEntries(summariesByParentMessageId) ||
                Object.keys(detailsById).length > 0;
    
              // Defensive fallback: some session/history hydration flows can emit an
              // empty snapshot right after chatHistory has already restored subagents
              // from persisted messages. Avoid clobbering those restored cards.
              if (!hasSnapshotSubagents) {
                const fallback = extractSubagentsFromMessages(getState().messages);
                const normalizedFallback = normalizeHydratedSubagentMaps(
                  fallback.summariesByParentMessageId,
                  fallback.detailsById,
                  getState().messages,
                  false,
                  snapshotPolicy,
                );
                if (
                  Object.keys(normalizedFallback.summariesByParentMessageId).length >
                  0 ||
                  Object.keys(normalizedFallback.detailsById).length > 0
                ) {
                  trackActiveSubagentParentIds(
                    normalizedFallback.summariesByParentMessageId,
                  );
                  dispatch({
                    type: "UPSERT_SUBAGENT_SUMMARIES",
                    payload: normalizedFallback.summariesByParentMessageId,
                  });
                  dispatch({
                    type: "UPSERT_SUBAGENT_DETAIL",
                    payload: normalizedFallback.detailsById,
                  });
                  syncSubagentMapsIntoMessages(
                    dispatch,
                    getState,
                    normalizedFallback.summariesByParentMessageId,
                    normalizedFallback.detailsById,
                    "merge",
                    {
                      freezeIncompleteStatuses: false,
                      presentationPolicy: snapshotPolicy,
                    },
                  );
                  break;
                }
              }
              const normalizedSnapshot = normalizeHydratedSubagentMaps(
                summariesByParentMessageId,
                detailsById,
                getState().messages,
                false,
                snapshotPolicy,
              );
              const hasNormalizedSnapshotSubagents =
                hasSubagentSummaryEntries(
                  normalizedSnapshot.summariesByParentMessageId,
                ) || Object.keys(normalizedSnapshot.detailsById).length > 0;
              if (!hasNormalizedSnapshotSubagents) {
                const existingState = getState();
                const hasExistingRenderedSubagents =
                  hasSubagentSummaryEntries(
                    existingState.subagentsByParentMessageId,
                  ) || Object.keys(existingState.subagentDetailsById).length > 0;
                if (hasExistingRenderedSubagents) {
                  break;
                }
              }
              trackActiveSubagentParentIds(
                normalizedSnapshot.summariesByParentMessageId,
              );
              dispatch({ type: "CLEAR_SUBAGENTS_FOR_SESSION" });
              if (
                Object.keys(normalizedSnapshot.summariesByParentMessageId).length > 0
              ) {
                dispatch({
                  type: "UPSERT_SUBAGENT_SUMMARIES",
                  payload: normalizedSnapshot.summariesByParentMessageId,
                });
              }
              if (Object.keys(normalizedSnapshot.detailsById).length > 0) {
                dispatch({
                  type: "UPSERT_SUBAGENT_DETAIL",
                  payload: normalizedSnapshot.detailsById,
                });
              }
              bindStreamingToParentMessageIdFromSubagents(
                dispatch,
                getState,
                normalizedSnapshot.summariesByParentMessageId,
              );
              syncSubagentMapsIntoMessages(
                dispatch,
                getState,
                normalizedSnapshot.summariesByParentMessageId,
                normalizedSnapshot.detailsById,
                "replace",
                {
                  freezeIncompleteStatuses: false,
                  presentationPolicy: snapshotPolicy,
                },
              );
              break;
            }
            case "subagentUpdate": {
              const streamPolicy: SubagentPresentationPolicy = {
                mode: "stream",
                sessionProcessing: getState().processing,
                liveParentMessageIds:
                  getState().streaming?.messageId
                    ? new Set([getState().streaming?.messageId as string])
                    : undefined,
              };
              const summariesByParentMessageId = normalizeSubagentSummaryMap(
                data.summariesByParentMessageId ?? data.subagentsByParentMessageId,
              );
              const detailsById = normalizeSubagentDetailMap(
                data.detailsById ?? data.subagentDetailsById,
              );
              const normalizedUpdate = normalizeHydratedSubagentMaps(
                summariesByParentMessageId,
                detailsById,
                getState().messages,
                false,
                streamPolicy,
              );
              const mergedSummaryUpdate = mergeSubagentSummaryPayload(
                getState().subagentsByParentMessageId,
                normalizedUpdate.summariesByParentMessageId,
              );
              const mergedDetailUpdate = mergeSubagentDetailPayload(
                getState().subagentDetailsById,
                normalizedUpdate.detailsById,
              );
              trackActiveSubagentParentIds(mergedSummaryUpdate);
              if (hasSubagentSummaryEntries(mergedSummaryUpdate)) {
                dispatch({
                  type: "UPSERT_SUBAGENT_SUMMARIES",
                  payload: mergedSummaryUpdate,
                });
              }
              if (Object.keys(mergedDetailUpdate).length > 0) {
                dispatch({
                  type: "UPSERT_SUBAGENT_DETAIL",
                  payload: mergedDetailUpdate,
                });
              }
              bindStreamingToParentMessageIdFromSubagents(
                dispatch,
                getState,
                mergedSummaryUpdate,
              );
              syncSubagentMapsIntoMessages(
                dispatch,
                getState,
                mergedSummaryUpdate,
                mergedDetailUpdate,
                "merge",
                {
                  freezeIncompleteStatuses: false,
                  presentationPolicy: streamPolicy,
                },
              );
              break;
            }
            case "streamEvent": {
              if (terminalErrorReached && getState().isProcessing) {
                terminalErrorReached = false;
              }
              const streamingBefore = getState().streaming;
              if (streamingBefore) {
                latestStreamingSnapshot = streamingBefore;
              }
              const payload = asRecord(data.event) ?? data;
              const streamEventType = asString(payload.type) || "unknown";
    
              // Reset terminal error flag on explicit stream start
              if (streamEventType === "start" || streamEventType === "streamStart") {
                terminalErrorReached = false;
              }
    
              streamDebug("[OpenCode][webview] streamEvent received", {
                type: streamEventType,
                hasProperties: !!asRecord(payload.properties),
                hasPart: !!asRecord(asRecord(payload.properties)?.part),
                structuredKind:
                  asString(asRecord(payload.structured)?.kind) || "unknown",
              });
              handleStreamEvent(dispatch, getState, payload, terminalErrorReached);
              const streamingAfter = getState().streaming;
              if (streamingAfter) {
                latestStreamingSnapshot = streamingAfter;
              }
              if (
                streamEventType === "message.updated" ||
                streamEventType === "message.completed" ||
                streamEventType === "session.completed"
              ) {
                const stateNow = getState();
                logRenderSnapshot(`streamEvent:${streamEventType}`, stateNow.messages);
              }
              break;
            }
            case "streamEventEnrich": {
              const callID = asString(data.callID);
              const diffStatsRec = asRecord(data.diffStats);
              const activityDetail = normalizeActivityDetail(data.activityDetail);
              const diffStats =
                diffStatsRec
                  ? {
                    added: asNumber(diffStatsRec.added) || 0,
                    deleted: asNumber(diffStatsRec.deleted) || 0,
                  }
                  : undefined;
              if (!callID || (!diffStats && !activityDetail)) {
                break;
              }
              dispatch({
                type: "UPDATE_STREAMING_STEP",
                payload: {
                  callID,
                  patch: {
                    ...(diffStats ? { diffStats } : {}),
                    ...(activityDetail ? { activityDetail } : {}),
                  },
                },
              });
              break;
            }
            case "error": {
              const errorMsg = asString(data.message, "Unknown error");
              const stateBeforeError = getState();
              const currentStreaming = stateBeforeError.streaming;
              const pendingBlockingInteractive = hasBlockingInteractiveEvents(
                stateBeforeError.interactiveEvents,
              );
              const inInteractiveTransitionWindow =
                Date.now() <= interactiveResponseTransitionUntil;
              const suppressAsAwaitingInteractive =
                (pendingBlockingInteractive || inInteractiveTransitionWindow) &&
                isLikelyInteractiveAwaitTimeout(errorMsg);
    
              // When the model is waiting for an interactive answer, transport header
              // timeouts are expected and should not surface as hard request failures.
              if (suppressAsAwaitingInteractive) {
                latestStreamingSnapshot = currentStreaming ?? latestStreamingSnapshot;
                dispatch({ type: "SET_PROCESSING", payload: false });
                dispatch({ type: "FINISH_STREAMING" });
                break;
              }
    
              latestStreamingSnapshot = null;
              terminalErrorReached = true;
    
              // If we were in the middle of a stream, preserve it as a message so the user
              // can see partial output + the error banner + retry.
              // The error is shown via partialMessage.error inside AssistantMessage,
              // which renders the ErrorBanner at the bottom of the message.
              if (currentStreaming) {
                // If the streamed content is an AI internal monologue (tool-use narration like
                // "Let me search for...", "Let me read the file..."), it has no user-facing value.
                // Suppress it so only the error banner is shown rather than garbled reasoning text.
                const rawContent = currentStreaming.content ?? "";
                const timeoutLikeError = isLikelyInteractiveAwaitTimeout(errorMsg);
                const contentIsReasoningMonologue =
                  looksLikeReasoningTrace(rawContent, "");
                const suppressLowSignalTimeoutFragment =
                  timeoutLikeError && isLowSignalTimeoutFragment(rawContent);
                const partialMessage: Message = {
                  id: currentStreaming.messageId || `error-${Date.now()}`,
                  role: "assistant",
                  agent: currentStreaming.agent,
                  modelID: currentStreaming.modelID,
                  providerID: currentStreaming.providerID,
                  content:
                    contentIsReasoningMonologue || suppressLowSignalTimeoutFragment
                      ? ""
                      : rawContent,
                  reasoningEvents: currentStreaming.reasoningEvents,
                  steps: currentStreaming.steps as any,
                  created: Date.now(),
                  error: errorMsg,
                };
                const messages = getState().messages;
                dispatch({
                  type: "SET_MESSAGES",
                  payload: [...messages, partialMessage],
                });
              } else {
                // No active stream — create an error-only message so the error banner
                // appears at the bottom of the message instead of at the top of the chat.
                const errorMessage: Message = {
                  id: `error-${Date.now()}`,
                  role: "assistant",
                  content: "",
                  error: errorMsg,
                  created: Date.now(),
                };
                const messages = getState().messages;
                dispatch({
                  type: "SET_MESSAGES",
                  payload: [...messages, errorMessage],
                });
              }
    
              dispatch({ type: "SET_PROCESSING", payload: false });
              dispatch({ type: "FINISH_STREAMING" });
              dispatch({ type: "SET_STREAMING", payload: null });
              break;
            }
            case "appendPrompt": {
              const current = getState().inputValue;
              const extra = asString(data.text);
              const next = current ? `${current}\n${extra}` : extra;
              dispatch({ type: "SET_INPUT_VALUE", payload: next });
              break;
            }
            case "addContext": {
              const item = asRecord(data.context);
              if (!item) {
                break;
              }
              const context: ContextItem = {
                file: asString(item.file) || "",
                lineInfo: asString(item.lineInfo) || "",
                isAuto: asBoolean(item.isAuto, false),
                content: asString(item.content),
                languageId: asString(item.languageId),
              };
              if (!context.file) {
                break;
              }
              const selected = getState().selectedContexts;
    
              let nextSelected = [...selected];
    
              // If it's an auto context, remove any existing auto context
              if (context.isAuto) {
                nextSelected = nextSelected.filter((c) => !c.isAuto);
              }
    
              // Avoid exact duplicates
              const exists = nextSelected.some(
                (c) => c.file === context.file && c.lineInfo === context.lineInfo,
              );
    
              if (!exists) {
                nextSelected.push(context);
              }
    
              dispatch({ type: "SET_SELECTED_CONTEXTS", payload: nextSelected });
              break;
            }
            case "clearAutoContext": {
              const selected = getState().selectedContexts;
              const nextSelected = selected.filter((c) => !c.isAuto);
              if (nextSelected.length !== selected.length) {
                dispatch({ type: "SET_SELECTED_CONTEXTS", payload: nextSelected });
              }
              break;
            }
            case "fileSearchResults": {
              const results = asArray(data.results, isFileResult);
              dispatch({ type: "SET_FILE_SUGGESTIONS", payload: results });
              dispatch({
                type: "SET_SHOW_FILE_SUGGESTIONS",
                payload: results.length > 0,
              });
              dispatch({ type: "SET_SUGGESTION_INDEX", payload: 0 });
              break;
            }
            case "commandsList": {
              webviewLogger.debug('Received commandsList message', { data });
              webviewLogger.debug('commands data', { commands: data.commands, type: typeof data.commands, isArray: Array.isArray(data.commands) });
    
              const commands = asArray(data.commands, isSlashCommand);
              webviewLogger.debug('Filtered commands', { commands, count: commands.length });
    
              dispatch({ type: "SET_COMMANDS_LIST", payload: commands });
              break;
            }
            case "sessionsList": {
              const currentSessionId = asString(data.currentSessionId) || null;
              dispatch({
                type: "SET_SESSIONS_LIST",
                payload: asArray(data.sessions, isSession),
              });
              if (currentSessionId) {
                dispatch({
                  type: "SET_SESSION_ID",
                  payload: currentSessionId,
                });
              }
              break;
            }
            case "userMessageAppended": {
              terminalErrorReached = false;
              const message = data.message as Message;
              if (message && typeof message === "object") {
                if (isLikelyInteractiveAnswerSubmissionMessage(message)) {
                  interactiveResponseTransitionUntil = Date.now() + 15000;
                  // Lock: interactive answer submit starts a brand-new assistant turn.
                  // Clear stale stream snapshots so previous turn content cannot leak or
                  // duplicate into the next messageResponse normalization pass.
                  latestStreamingSnapshot = null;
                  activeSubagentParentMessageIds = new Set<string>();
                  dispatch({ type: "SET_STREAMING", payload: null });
                  // Defensive cleanup: once an interactive answer bundle is echoed back
                  // from the extension host, clear any stale quick-input popover state.
                  // This prevents already-answered prompts from lingering in the composer.
                  dispatch({ type: "SET_INTERACTIVE_EVENTS", payload: [] });
                }
                // Get current state and append the new message
                const currentMessages = getState().messages || [];
                dispatch({
                  type: "SET_MESSAGES",
                  payload: [...currentMessages, message],
                });
              }
              break;
            }
            case "sessionsListUpdate":
            case "SET_PROCESSING_SESSIONS": {
              const rawSessionIds =
                type === "sessionsListUpdate" ? data.processingSessionIds : data.payload;
              const sessionIds = asArray(
                rawSessionIds,
                (item): item is string => typeof item === "string",
              );
              dispatch({
                type: "SET_PROCESSING_SESSIONS",
                payload: sessionIds,
              });
              const stateAfterProcessingUpdate = getState();
              const activeSessionId = stateAfterProcessingUpdate.currentSessionId;
              const isActiveSessionStillProcessing = !!(
                activeSessionId && sessionIds.includes(activeSessionId)
              );
              if (!isActiveSessionStillProcessing) {
                if (stateAfterProcessingUpdate.isSteering) {
                  dispatch({ type: "SET_STEERING", payload: false });
                }
                if (stateAfterProcessingUpdate.isProcessing) {
                  dispatch({ type: "SET_PROCESSING", payload: false });
                }
                if (stateAfterProcessingUpdate.streaming?.isActive) {
                  dispatch({ type: "FINISH_STREAMING" });
                }
              }
              break;
            }
            case "queueUpdate": {
              const sessionId = asString(data.sessionId) || null;
              dispatch({
                type: "SET_QUEUE",
                payload: {
                  sessionId,
                  queue: asArray(data.queue, isQueueItem),
                },
              });
              break;
            }
            case "queueExecutionStarted": {
              dispatch({ type: "SET_EXECUTING_QUEUE", payload: { sessionId: asString(data.sessionId), executing: true } });
              break;
            }
            case "queueExecutionFinished": {
              dispatch({ type: "SET_EXECUTING_QUEUE", payload: { sessionId: asString(data.sessionId), executing: false } });
              break;
            }
            case "quotaData":
            case "quotaUpdate": {
              dispatch({ type: "SET_QUOTA_DATA", payload: data.data as QuotaData });
              break;
            }
            case "budgetInfo": {
              dispatch({ type: "SET_BUDGET_INFO", payload: data.data as BudgetInfo });
              break;
            }
            case "mcpStatus": {
              // Payload: { servers: Record<string, { status: string; error?: string }>, toolIds?: string[] }
              const serversRec = asRecord(data.servers);
              const toolIds: string[] = Array.isArray(data.toolIds)
                ? (data.toolIds as unknown[]).filter(
                  (t): t is string => typeof t === "string",
                )
                : [];
              if (serversRec) {
                const mcpServers: McpServerInfo[] = Object.entries(serversRec).map(
                  ([name, raw]) => {
                    const entry = asRecord(raw);
                    const status =
                      (asString(entry?.status) as McpServerStatus) || "disconnected";
                    const error = entry?.error ? asString(entry.error) : undefined;
                    // Associate tools whose ID starts with `name/` convention
                    const serverTools = toolIds.filter(
                      (id) =>
                        id === name ||
                        id.startsWith(`${name}/`) ||
                        id.startsWith(`${name}_`),
                    );
                    return { name, status, error, tools: serverTools };
                  },
                );
                dispatch({ type: "SET_MCP_SERVERS", payload: mcpServers });
              }
              break;
            }
            case "lspStatus": {
              // Payload: { servers: Array<LspStatus> }
              const rawServers = Array.isArray(data.servers) ? data.servers : [];
              const lspServers: LspServerInfo[] = rawServers.map((raw) => {
                const entry = asRecord(raw) ?? {};
                return {
                  id: asString(entry.id),
                  name: asString(entry.name),
                  root: asString(entry.root),
                  status: asString(entry.status) === "error" ? "error" : "connected",
                };
              });
              dispatch({ type: "SET_LSP_SERVERS", payload: lspServers });
              break;
            }
            case "todoUpdate": {
              // Normalize the incoming item to the canonical shape and ingest via
              // the shared ingestion helper so stream-origin and direct postMessage
              // messages produce identical reducer effects.
              try {
                const action = asString(data.action);
                const item = data.item;
                // Guard: ignore malformed or missing items silently.
                if (!item) break;
                const normalized = normalizeTodoRecord(item);
                if (!normalized) break;
    
                // Keep a clear, test-friendly branching for add/update so existing
                // string-based regression tests continue to match the handler body.
                if (action === "add") {
                  dispatch({
                    type: "ADD_TODO_ITEM",
                    payload: {
                      id: normalized.id,
                      text: normalized.text,
                      status: normalized.status,
                      sessionId: normalized.sessionId ?? "",
                    },
                  });
                } else if (action === "update") {
                  const patch: Partial<TodoItem> = {
                    text: normalized.text,
                    status: normalized.status,
                  };
                  if (normalized.sessionId) patch.sessionId = normalized.sessionId;
                  dispatch({ type: "UPDATE_TODO_ITEM", payload: { id: normalized.id, patch } });
                } else {
                  // Unknown action: fall back to unified ingestion which will decide
                  // whether to add or update based on existing state.
                  ingestNormalizedTodo(dispatch, getState, normalized);
                }
              } catch (e) {
                // Defensive: do not allow a malformed postMessage to throw.
                webviewLogger.warn("Failed to process todoUpdate postMessage", { error: String(e) });
              }
              break;
            }
            case "thinkingLevelUpdate": {
              const level = asString(data.level) as any;
              if (level) {
                dispatch({ type: "SET_THINKING_LEVEL", payload: level });
              }
              break;
            }
            case "modelCapabilityUpdate": {
              try {
                const capRec = asRecord(data.capability);
                dispatch({
                  type: "SET_MODEL_CAPABILITY",
                  payload: capRec
                    ? {
                      reasoning: Boolean(capRec.reasoning),
                      variants: Array.isArray(capRec.variants)
                        ? (capRec.variants as string[])
                        : undefined,
                      thinkingConfig: capRec.thinkingConfig as Record<string, unknown> | undefined,
                    }
                    : null,
                });
              } catch (e) {
                // Defensive: do not allow malformed postMessage to throw
                webviewLogger.warn("Failed to process modelCapabilityUpdate postMessage", { error: String(e) });
              }
              break;
            }
            case "addPlanAttachment": {
              const p = asRecord(data.payload);
              if (!p) break;
              dispatch({
                type: "ADD_ATTACHMENT",
                payload: {
                  id: asString(p.id) || `plan-${Date.now()}`,
                  filename: asString(p.filename, "Implementation Plan"),
                  mimeType: asString(p.mimeType, "text/markdown"),
                  dataUrl: asString(p.dataUrl),
                },
              });
              break;
            }
            case "injectThemeCss": {
              const css = asString(data.css);
              if (css) {
                let styleTag = document.getElementById("vscode-theme-icons");
                if (!styleTag) {
                  styleTag = document.createElement("style");
                  styleTag.id = "vscode-theme-icons";
                  document.head.appendChild(styleTag);
                }
                styleTag.textContent = css;
              }
              break;
            }
            case "opencodeConfig": {
              // Handle OpenCode configuration with file list
              const files = asArray(data.files, (item): item is AppState["opencodeConfig"]["files"][number] => {
                const rec = asRecord(item);
                return !!rec && typeof rec.name === 'string' && typeof rec.path === 'string';
              });
    
              dispatch({
                type: 'SET_OPENCODE_CONFIG',
                payload: {
                  content: asString(data.content) || '',
                  filePath: asString(data.filePath) || '',
                  fileName: asString(data.fileName) || '',
                  isGlobal: false, // TODO: determine if global vs workspace
                  files,
                },
              });
              break;
            }
            case "opencodeConfigSaved": {
              dispatch({
                type: 'SET_OPENCODE_CONFIG_SAVE_STATUS',
                payload: {
                  success: asBoolean(data.success, false),
                  filePath: asString(data.filePath) || '',
                  savedAt: Date.now(),
                  message: asString(data.message),
                  error: asString(data.error),
                },
              });
              break;
            }
            case "opencodeConfigError": {
              // Handle error loading config
              dispatch({
                type: 'SET_OPENCODE_CONFIG',
                payload: {
                  content: '',
                  filePath: '',
                  fileName: '',
                  isGlobal: false,
                  error: asString(data.error) || 'Failed to load configuration',
                  files: [],
                },
              });
              break;
            }
            default:
              break;
          }
    
          const candidate = asRecord(data.message);
          if (candidate) {
            const text = extractMessageText(candidate as Message);
            if (text && asString(data.type) === "appendPrompt") {
              const current = getState().inputValue;
              dispatch({
                type: "SET_INPUT_VALUE",
                payload: current ? `${current}\n}${text}` : text,
              });
            }
          }
        } catch (error) {
          webviewLogger.error('Error processing message', {
            error: error instanceof Error ? error.message : String(error),
            stack: error instanceof Error ? error.stack : undefined,
            eventType: asString((event.data as { type?: unknown })?.type),
            eventData: event.data
          });
        }
      };
    }
    
  operator: 'match'
  stack: |-
    TestContext.<anonymous> (file:///E:/Projects/vscode-opencode/tests/webview/interactive-events-contract.test.mjs:434:10)
    Test.runInAsyncScope (node:async_hooks:214:14)
    Test.run (node:internal/test_runner/test:1047:25)
    Test.processPendingSubtests (node:internal/test_runner/test:744:18)
    Test.postRun (node:internal/test_runner/test:1173:19)
    Test.run (node:internal/test_runner/test:1101:12)
    async Test.processPendingSubtests (node:internal/test_runner/test:744:7)
  ...
# Subtest: stream handling clears stale terminal error guard once a new request is processing
ok 1457 - stream handling clears stale terminal error guard once a new request is processing
  ---
  duration_ms: 1.2661
  type: 'test'
  ...
# Subtest: provider treats generic fetch/network failures as interactive transport failures
ok 1458 - provider treats generic fetch/network failures as interactive transport failures
  ---
  duration_ms: 2.6676
  type: 'test'
  ...
# Subtest: provider retries one-shot interactive transport failures before surfacing hard errors
ok 1459 - provider retries one-shot interactive transport failures before surfacing hard errors
  ---
  duration_ms: 19.9415
  type: 'test'
  ...
# Subtest: assistant question responses prioritize question prompt in visible message body
ok 1460 - assistant question responses prioritize question prompt in visible message body
  ---
  duration_ms: 1.8405
  type: 'test'
  ...
# Subtest: structured question contract supports dedicated assistant-bubble display prompt
not ok 1461 - structured question contract supports dedicated assistant-bubble display prompt
  ---
  duration_ms: 2.6505
  type: 'test'
  location: 'E:\\Projects\\vscode-opencode\\tests\\webview\\interactive-events-contract.test.mjs:528:1'
  failureType: 'testCodeFailure'
  error: 'question schema should include displayPrompt for assistant bubble formatting'
  code: 'ERR_ASSERTION'
  name: 'AssertionError'
  expected:
  actual: |-
    /**
     * Simplified Structured Output Schema
     *
     * Following SDK best practices:
     * - Simple structure with clear descriptions
     * - Reduced response types to core use cases
     * - Removed complex conditional validation
     * - Flattened nested structures
     * - Increased retryCount from 1 to 2 (SDK default)
     */
    
    export type StructuredResponseType =
      | "message"
      | "implementation_plan"
      | "question"
      | "progress_update";
    
    export type StructuredOutputSchema = {
      type: "json_schema";
      retryCount?: number;
      schema: {
        type: "object";
        description?: string;
        additionalProperties: boolean;
        required?: string[];
        properties: Record<string, unknown>;
      };
    };
    
    export const structuredOutputSchema: StructuredOutputSchema = {
      type: "json_schema",
      retryCount: 2, // SDK default
      schema: {
        type: "object",
        description:
          "Return a JSON object with a responseType field. Use 'message' for normal responses, 'implementation_plan' for multi-step plans with a plan object, 'question' for user interactions with options, or 'progress_update' for execution steps.",
        additionalProperties: false,
        required: ["responseType"],
        properties: {
          responseType: {
            type: "string",
            enum: ["message", "implementation_plan", "question", "progress_update"],
            description:
              "Response type: 'message' for normal text, 'implementation_plan' for plans, 'question' for user choices, 'progress_update' for steps",
          },
    
          message: {
            type: "string",
            description: "User-facing text response for normal replies",
          },
    
          reasoning: {
            type: "array",
            items: { type: "string" },
            description: "Optional thinking trace for UI timeline",
          },
    
          plan: {
            type: "object",
            description: "Implementation plan with title and content",
            properties: {
              title: { type: "string", description: "Plan title" },
              file: { type: "string", description: "Plan file path if written to disk" },
              content: {
                type: "string",
                description: "Plan markdown content if not written to file",
              },
              summary: { type: "string", description: "One-line plan summary" },
            },
            required: ["title"],
          },
    
          question: {
            type: "object",
            description: "Interactive question requiring user input",
            properties: {
              question: { type: "string", description: "Question text to display" },
              type: {
                type: "string",
                enum: ["question", "confirm", "quick_actions"],
                description: "Interaction type",
              },
              options: {
                type: "array",
                description: "Available choices for the user",
                items: {
                  type: "object",
                  properties: {
                    label: { type: "string", description: "Option label" },
                    value: { type: "string", description: "Option value" },
                  },
                  required: ["label"],
                },
              },
            },
            required: ["question"],
          },
    
          progressUpdates: {
            type: "array",
            description: "Execution progress steps",
            items: {
              type: "object",
              properties: {
                title: { type: "string", description: "Step title" },
                status: {
                  type: "string",
                  enum: ["pending", "done", "error"],
                  description: "Step status",
                },
              },
              required: ["title", "status"],
            },
          },
        },
      },
    };
    
  operator: 'match'
  stack: |-
    TestContext.<anonymous> (file:///E:/Projects/vscode-opencode/tests/webview/interactive-events-contract.test.mjs:533:10)
    Test.runInAsyncScope (node:async_hooks:214:14)
    Test.run (node:internal/test_runner/test:1047:25)
    Test.processPendingSubtests (node:internal/test_runner/test:744:18)
    Test.postRun (node:internal/test_runner/test:1173:19)
    Test.run (node:internal/test_runner/test:1101:12)
    async Test.processPendingSubtests (node:internal/test_runner/test:744:7)
  ...
# Subtest: structured plan file examples avoid hardcoded .sisyphus bias
not ok 1462 - structured plan file examples avoid hardcoded .sisyphus bias
  ---
  duration_ms: 1.4625
  type: 'test'
  location: 'E:\\Projects\\vscode-opencode\\tests\\webview\\interactive-events-contract.test.mjs:550:1'
  failureType: 'testCodeFailure'
  error: 'plan.file examples should use neutral workspace plan paths'
  code: 'ERR_ASSERTION'
  name: 'AssertionError'
  expected:
  actual: |-
    /**
     * Simplified Structured Output Schema
     *
     * Following SDK best practices:
     * - Simple structure with clear descriptions
     * - Reduced response types to core use cases
     * - Removed complex conditional validation
     * - Flattened nested structures
     * - Increased retryCount from 1 to 2 (SDK default)
     */
    
    export type StructuredResponseType =
      | "message"
      | "implementation_plan"
      | "question"
      | "progress_update";
    
    export type StructuredOutputSchema = {
      type: "json_schema";
      retryCount?: number;
      schema: {
        type: "object";
        description?: string;
        additionalProperties: boolean;
        required?: string[];
        properties: Record<string, unknown>;
      };
    };
    
    export const structuredOutputSchema: StructuredOutputSchema = {
      type: "json_schema",
      retryCount: 2, // SDK default
      schema: {
        type: "object",
        description:
          "Return a JSON object with a responseType field. Use 'message' for normal responses, 'implementation_plan' for multi-step plans with a plan object, 'question' for user interactions with options, or 'progress_update' for execution steps.",
        additionalProperties: false,
        required: ["responseType"],
        properties: {
          responseType: {
            type: "string",
            enum: ["message", "implementation_plan", "question", "progress_update"],
            description:
              "Response type: 'message' for normal text, 'implementation_plan' for plans, 'question' for user choices, 'progress_update' for steps",
          },
    
          message: {
            type: "string",
            description: "User-facing text response for normal replies",
          },
    
          reasoning: {
            type: "array",
            items: { type: "string" },
            description: "Optional thinking trace for UI timeline",
          },
    
          plan: {
            type: "object",
            description: "Implementation plan with title and content",
            properties: {
              title: { type: "string", description: "Plan title" },
              file: { type: "string", description: "Plan file path if written to disk" },
              content: {
                type: "string",
                description: "Plan markdown content if not written to file",
              },
              summary: { type: "string", description: "One-line plan summary" },
            },
            required: ["title"],
          },
    
          question: {
            type: "object",
            description: "Interactive question requiring user input",
            properties: {
              question: { type: "string", description: "Question text to display" },
              type: {
                type: "string",
                enum: ["question", "confirm", "quick_actions"],
                description: "Interaction type",
              },
              options: {
                type: "array",
                description: "Available choices for the user",
                items: {
                  type: "object",
                  properties: {
                    label: { type: "string", description: "Option label" },
                    value: { type: "string", description: "Option value" },
                  },
                  required: ["label"],
                },
              },
            },
            required: ["question"],
          },
    
          progressUpdates: {
            type: "array",
            description: "Execution progress steps",
            items: {
              type: "object",
              properties: {
                title: { type: "string", description: "Step title" },
                status: {
                  type: "string",
                  enum: ["pending", "done", "error"],
                  description: "Step status",
                },
              },
              required: ["title", "status"],
            },
          },
        },
      },
    };
    
  operator: 'match'
  stack: |-
    TestContext.<anonymous> (file:///E:/Projects/vscode-opencode/tests/webview/interactive-events-contract.test.mjs:555:10)
    Test.runInAsyncScope (node:async_hooks:214:14)
    Test.run (node:internal/test_runner/test:1047:25)
    Test.processPendingSubtests (node:internal/test_runner/test:744:18)
    Test.postRun (node:internal/test_runner/test:1173:19)
    Test.run (node:internal/test_runner/test:1101:12)
    async Test.processPendingSubtests (node:internal/test_runner/test:744:7)
  ...
# Subtest: interactive event domain types are defined
ok 1463 - interactive event domain types are defined
  ---
  duration_ms: 0.9866
  type: 'test'
  ...
# Subtest: shouldOverrideStreamingContentWithInteractivePrompt function exists and has threshold check
ok 1464 - shouldOverrideStreamingContentWithInteractivePrompt function exists and has threshold check
  ---
  duration_ms: 7.2598
  type: 'test'
  ...
# Subtest: substantial AI responses are preserved when questions are asked
ok 1465 - substantial AI responses are preserved when questions are asked
  ---
  duration_ms: 18.5752
  type: 'test'
  ...
# Subtest: maybeInjectStreamingInteractiveContext uses override check correctly
ok 1466 - maybeInjectStreamingInteractiveContext uses override check correctly
  ---
  duration_ms: 5.7949
  type: 'test'
  ...
# Subtest: content override logic prevents AI response disappearance
ok 1467 - content override logic prevents AI response disappearance
  ---
  duration_ms: 2.1414
  type: 'test'
  ...
# Subtest: normalizeMessage replaces low-signal interactive fragments with synthesized question prompt
ok 1468 - normalizeMessage replaces low-signal interactive fragments with synthesized question prompt
  ---
  duration_ms: 7.0128
  type: 'test'
  ...
# Subtest: UPDATE_STREAMING_CONTENT with append:false is guarded by threshold check
ok 1469 - UPDATE_STREAMING_CONTENT with append:false is guarded by threshold check
  ---
  duration_ms: 3.548
  type: 'test'
  ...
# Subtest: normalizeMessage preserves assistant messages with parts when asRecord returns undefined
ok 1470 - normalizeMessage preserves assistant messages with parts when asRecord returns undefined
  ---
  duration_ms: 1195.1979
  type: 'test'
  ...
# Subtest: normalizeMessage always returns a Message for valid assistant messages
ok 1471 - normalizeMessage always returns a Message for valid assistant messages
  ---
  duration_ms: 6576.6585
  type: 'test'
  ...
# Subtest: normalizeMessage synthesis logic for question messages
ok 1472 - normalizeMessage synthesis logic for question messages
  ---
  duration_ms: 0.6403
  type: 'test'
  ...
# Subtest: InputWrapper uses Stepper UI state for interactive questions
ok 1473 - InputWrapper uses Stepper UI state for interactive questions
  ---
  duration_ms: 8.3218
  type: 'test'
  ...
# Subtest: InputWrapper renders Stepper navigation controls
ok 1474 - InputWrapper renders Stepper navigation controls
  ---
  duration_ms: 5.3101
  type: 'test'
  ...
# Subtest: InputWrapper integrates MarkdownRenderer and Capitalization
ok 1475 - InputWrapper integrates MarkdownRenderer and Capitalization
  ---
  duration_ms: 2.679
  type: 'test'
  ...
# Subtest: InputWrapper supports Custom Answer mode
ok 1476 - InputWrapper supports Custom Answer mode
  ---
  duration_ms: 1.271
  type: 'test'
  ...
# Subtest: InputWrapper batches interactive responses
ok 1477 - InputWrapper batches interactive responses
  ---
  duration_ms: 1.2567
  type: 'test'
  ...
# Subtest: Plain assistant prose with question marks does not auto-generate interactive events
ok 1478 - Plain assistant prose with question marks does not auto-generate interactive events
  ---
  duration_ms: 3.4265
  type: 'test'
  ...
# Subtest: Structured question payload yields interactive events
ok 1479 - Structured question payload yields interactive events
  ---
  duration_ms: 7.4263
  type: 'test'
  ...
# Subtest: preprocessMarkdown removes single blank line between numbered list items
ok 1480 - preprocessMarkdown removes single blank line between numbered list items
  ---
  duration_ms: 6.1028
  type: 'test'
  ...
# Subtest: preprocessMarkdown removes multiple blank lines between numbered list items
ok 1481 - preprocessMarkdown removes multiple blank lines between numbered list items
  ---
  duration_ms: 0.5135
  type: 'test'
  ...
# Subtest: preprocessMarkdown preserves blank lines before first list item
ok 1482 - preprocessMarkdown preserves blank lines before first list item
  ---
  duration_ms: 0.8278
  type: 'test'
  ...
# Subtest: preprocessMarkdown preserves blank lines after last list item
ok 1483 - preprocessMarkdown preserves blank lines after last list item
  ---
  duration_ms: 0.5592
  type: 'test'
  ...
# Subtest: preprocessMarkdown handles numbered lists with inline formatting
ok 1484 - preprocessMarkdown handles numbered lists with inline formatting
  ---
  duration_ms: 4.9512
  type: 'test'
  ...
# Subtest: preprocessMarkdown handles numbered lists with complex content
ok 1485 - preprocessMarkdown handles numbered lists with complex content
  ---
  duration_ms: 0.7326
  type: 'test'
  ...
# Subtest: preprocessMarkdown does not modify unordered lists
ok 1486 - preprocessMarkdown does not modify unordered lists
  ---
  duration_ms: 6.5731
  type: 'test'
  ...
# Subtest: preprocessMarkdown handles mixed numbered and unordered lists
ok 1487 - preprocessMarkdown handles mixed numbered and unordered lists
  ---
  duration_ms: 0.5516
  type: 'test'
  ...
# Subtest: preprocessMarkdown handles lists with blank lines and indentation
ok 1488 - preprocessMarkdown handles lists with blank lines and indentation
  ---
  duration_ms: 3.7167
  type: 'test'
  ...
# Subtest: preprocessMarkdown handles edge case of single list item
ok 1489 - preprocessMarkdown handles edge case of single list item
  ---
  duration_ms: 1.9859
  type: 'test'
  ...
# Subtest: preprocessMarkdown handles real-world AI response format
ok 1490 - preprocessMarkdown handles real-world AI response format
  ---
  duration_ms: 0.8802
  type: 'test'
  ...
# Subtest: marked.parse generates <ol> tags for preprocessed numbered lists
ok 1491 - marked.parse generates <ol> tags for preprocessed numbered lists
  ---
  duration_ms: 40.6703
  type: 'test'
  ...
# Subtest: marked.parse without preprocessing generates <ol> but with extra <p> tags
ok 1492 - marked.parse without preprocessing generates <ol> but with extra <p> tags
  ---
  duration_ms: 3.9797
  type: 'test'
  ...
# Subtest: marked.parse with preprocessing generates cleaner <ol> without extra <p> tags
ok 1493 - marked.parse with preprocessing generates cleaner <ol> without extra <p> tags
  ---
  duration_ms: 2.6124
  type: 'test'
  ...
# Subtest: full integration: preprocess + marked generates correct HTML for complex numbered list
ok 1494 - full integration: preprocess + marked generates correct HTML for complex numbered list
  ---
  duration_ms: 15.0224
  type: 'test'
  ...
# Subtest: preprocessMarkdown is idempotent (running it multiple times produces same result)
ok 1495 - preprocessMarkdown is idempotent (running it multiple times produces same result)
  ---
  duration_ms: 1.313
  type: 'test'
  ...
# Subtest: AssistantMessage uses MarkdownRenderer without isPreParsed flag
not ok 1496 - AssistantMessage uses MarkdownRenderer without isPreParsed flag
  ---
  duration_ms: 41.188
  type: 'test'
  location: 'E:\\Projects\\vscode-opencode\\tests\\webview\\markdown-renderer.test.mjs:17:1'
  failureType: 'testCodeFailure'
  error: 'AssistantMessage must pass raw markdown content to MarkdownRenderer without forcing isPreParsed.'
  code: 'ERR_ASSERTION'
  name: 'AssertionError'
  expected:
  actual: |-
    import {
      useEffect,
      useMemo,
      useRef,
      useState,
      memo,
      type CSSProperties,
    } from "react";
    import {
      Check,
      Copy,
      FileText as FileTextIcon,
      Loader2,
      X,
      Sparkles,
      RotateCw,
      Zap,
      AlertCircle,
      StopCircle,
    } from "lucide-react";
    
    import { Badge } from "@/components/ui/badge";
    import { Stepper, StepperItem } from "@/components/ui/stepper";
    import { TerminalBlock } from "@/components/ui/TerminalBlock";
    import { ExpandableStep } from "@/components/ui/ExpandableStep";
    import { StepIndicator } from "@/components/ui/StepIndicator";
    import { cn, formatDuration } from "@/utils";
    
    import { MarkdownRenderer } from "../components/MarkdownRenderer";
    import { ActivityDiffExcerpt } from "./components/ActivityDiffExcerpt";
    import { CompactDiffPreview } from "./components/CompactDiffPreview";
    import { ImagePreviewModal } from "./ImagePreviewModal";
    import { SubagentDetailModal } from "./SubagentDetailModal";
    
    import type {
      ActivityDetail,
      AppState,
      InteractiveEvent,
      Message,
      MessagePart,
      MessageStep,
      ReasoningEvent,
      StreamingState,
      StreamingStep,
      SubagentDetail,
      SubagentSummary,
      TodoItem,
    } from "./lib/types";
    import { useAppDispatch, useAppState } from "./lib/store";
    import { jumpToMessage } from "./lib/messageJump";
    import vscode from "./lib/vscode";
    
    // File extension color mapping for icons
    const FILE_COLOR_MAP: Record<string, string> = {
      ts: "#3178c6",
      js: "#f1e05a",
      tsx: "#3178c6",
      jsx: "#f1e05a",
      css: "#563d7c",
      html: "#e34c26",
      json: "#f1e05a",
      md: "#083fa1",
      vue: "#41b883",
      py: "#3572A5",
      go: "#00ADD8",
      java: "#b07219",
      rs: "#dea584",
      php: "#4F5D95",
      rb: "#701516",
      swift: "#ffac45",
      kt: "#F18E33",
      c: "#555555",
      cpp: "#f34b7d",
      h: "#a8ff97",
      hpp: "#a8ff97",
    };
    
    // Extract file extension from path
    function getFileExtension(path: string): string {
      const match = path.match(/\.([a-zA-Z0-9]+)(?::|:|$)/);
      return match ? match[1].toLowerCase() : "";
    }
    
    // Get color for file extension
    function getFileColor(ext: string): string {
      return FILE_COLOR_MAP[ext] || "var(--oc-text-muted)";
    }
    
    function isReasoningPart(part: MessagePart): boolean {
      const type = (part.type ?? "").toLowerCase();
      return (
        type === "reasoning" ||
        type === "thinking" ||
        type === "thought" ||
        !!part.reasoning ||
        !!part.thought ||
        !!part.thinking
      );
    }
    
    function isRenderableAssistantTextPart(part: MessagePart): boolean {
      if (isReasoningPart(part)) {
        return false;
      }
      const type = (part.type ?? "").toLowerCase();
      if (!type) {
        return true;
      }
      return type === "text" || type === "message" || type === "output_text";
    }
    
    function isStructuredOutputFailureMessage(value?: string): boolean {
      const normalized = (value || "").trim().toLowerCase();
      if (!normalized) return false;
      return (
        normalized.includes("structured output error") ||
        normalized.includes("empty structured payload") ||
        normalized.includes("valid structured response") ||
        normalized.includes("json_schema") ||
        normalized.includes("structuredoutput")
      );
    }
    
    function patchMessageRetryState(
      message: Message,
      retryWithoutStructuredOutput: boolean,
    ): Message {
      const retryMessage = retryWithoutStructuredOutput
        ? "Retrying without structured output..."
        : "Retrying request...";
      const existingParts = Array.isArray(message.parts) ? [...message.parts] : [];
      const nextParts =
        existingParts.length > 0
          ? existingParts.map((part, index) => {
            if (index === 0 && (part.type === "text" || !part.type)) {
              return { ...part, type: "text", text: retryMessage };
            }
            return part;
          })
          : [{ type: "text", text: retryMessage }];
      return {
        ...message,
        error: undefined,
        content: retryMessage,
        text: retryMessage,
        parts: nextParts,
        retryWithoutStructuredOutput,
        retryState: retryWithoutStructuredOutput
          ? "retrying_without_structured_output"
          : undefined,
        retryMessage,
        retryStartedAt: Date.now(),
      };
    }
    
    // Deterministic accent colors for subagents
    const SUBAGENT_COLORS = [
      "text-oc-orange",
      "text-oc-green",
      "text-oc-yellow",
      "text-oc-red",
      "text-oc-accent",
    ];
    
    const SUBAGENT_HUES = [12, 36, 58, 92, 128, 166, 198, 228, 264, 312, 338];
    
    function getStableHash(value: string): number {
      let hash = 0;
      for (let i = 0; i < value.length; i++) {
        hash = value.charCodeAt(i) + ((hash << 5) - hash);
      }
      return Math.abs(hash);
    }
    
    function getSubagentColor(id: string): string {
      if (!id) return "text-oc-accent";
      const hash = getStableHash(id);
      return SUBAGENT_COLORS[Math.abs(hash) % SUBAGENT_COLORS.length];
    }
    
    function getSubagentHue(id: string): number {
      if (!id) return 210;
      return SUBAGENT_HUES[getStableHash(id) % SUBAGENT_HUES.length];
    }
    
    function getSubagentCardStyle(id: string): CSSProperties {
      const hue = getSubagentHue(id);
      return {
        borderLeftWidth: "3px",
        borderLeftColor: `hsl(${hue}, 78%, 68%)`,
        backgroundImage: `linear-gradient(90deg, hsla(${hue}, 72%, 58%, 0.09) 0%, hsla(${hue}, 72%, 58%, 0.02) 38%, transparent 62%)`,
      };
    }
    
    function getSubagentAccentTextStyle(id: string): CSSProperties {
      const hue = getSubagentHue(id);
      return {
        color: `hsl(${hue}, 80%, 70%)`,
      };
    }
    
    function getSubagentMetaStyle(id: string): CSSProperties {
      const hue = getSubagentHue(id);
      return {
        borderColor: `hsla(${hue}, 75%, 68%, 0.3)`,
        backgroundColor: `hsla(${hue}, 72%, 56%, 0.08)`,
      };
    }
    
    // SVG file icon
    export function FileIcon({
      filePath,
      className,
    }: {
      filePath?: string;
      className?: string;
    }) {
      const ext = filePath ? getFileExtension(filePath) : "";
    
      if (filePath) {
        const fileName = (filePath.split(/[\\/]/).pop() || "").toLowerCase();
        const cleanKey = (key: string) =>
          key
            .replace(/\./g, "-")
            .replace(/\//g, "-")
            .replace(/\+/g, "p")
            .replace(/#/g, "h")
            .replace(/[^a-z0-9_-]/g, "_");
    
        // The library uses .file-icon and .file-icon-type-[ext]
        // We add both filename and extension classes to maximize match chances
        // We also use a more aggressive sanitization to match processor's likely output
        return (
          <div
            className={cn(
              "file-icon",
              `file-icon-type-${cleanKey(fileName)}`,
              `file-icon-type-${cleanKey(ext)}`,
              className,
            )}
            style={{
              width: "16px",
              height: "16px",
              display: "inline-flex",
              alignItems: "center",
              justifyContent: "center",
              flexShrink: 0,
              marginRight: "4px",
              verticalAlign: "text-bottom",
            }}
          />
        );
      }
    
      const color = getFileColor(ext);
      return (
        <svg
          role="img"
          aria-label={filePath ?? "file"}
          width="14"
          height="14"
          viewBox="0 0 24 24"
          fill="none"
          className={cn("file-icon-svg", className)}
        >
          <title>{filePath ?? "file"}</title>
          <path
            d="M14.5 2H6a2 2 0 0 0-2 2v16a2 2 0 0 0 2 2h12a2 2 0 0 0 2-2V7.5L14.5 2z"
            stroke={color}
            strokeWidth="2"
            strokeLinecap="round"
            strokeLinejoin="round"
            fill={color}
            fillOpacity="0.1"
          ></path>
          <polyline
            points="14 2 14 8 20 8"
            stroke={color}
            strokeWidth="2"
            strokeLinecap="round"
            strokeLinejoin="round"
          ></polyline>
        </svg>
      );
    }
    
    function messageBodyFromParts(parts?: MessagePart[]): string {
      if (!parts) {
        return "";
      }
      return parts
        .map((part) => {
          if (!isRenderableAssistantTextPart(part)) {
            return "";
          }
          return part.message ?? part.text ?? part.content ?? "";
        })
        .join("")
        .trim();
    }
    
    function asRecord(value: unknown): Record<string, unknown> | null {
      return typeof value === "object" && value !== null
        ? (value as Record<string, unknown>)
        : null;
    }
    
    function firstNonEmptyString(...values: unknown[]): string | undefined {
      for (const value of values) {
        if (typeof value === "string" && value.trim().length > 0) {
          return value.trim();
        }
      }
      return undefined;
    }
    
    function normalizeComparableText(value: string): string {
      return value.replace(/\r\n/g, "\n").replace(/\s+/g, " ").trim().toLowerCase();
    }
    
    function isLowValueInteractiveBodyText(value: string): boolean {
      const normalized = normalizeComparableText(value);
      if (!normalized) {
        return true;
      }
      return (
        normalized === "running question" ||
        normalized === "question" ||
        normalized === "question for you" ||
        normalized === "quick input" ||
        normalized === "wants" ||
        normalized === "want" ||
        normalized === "wants to" ||
        normalized === "ask" ||
        normalized === "asks" ||
        normalized === "asking" ||
        normalized === "awaiting your answer" ||
        normalized === "awaiting your response" ||
        normalized === "waiting for your answer" ||
        normalized === "waiting for your response"
      );
    }
    
    function formatQuestionPromptForAssistant(
      prompt: string,
      kind: "question" | "confirm" | "message" | "quick_actions" = "question",
    ): string {
      const trimmed = prompt.trim();
      if (!trimmed) {
        return "";
      }
      return trimmed;
    }
    
    function questionPromptFromMessage(message?: Message): string | undefined {
      if (!message) {
        return undefined;
      }
    
      const messageRec = asRecord(message);
      const infoRec = asRecord(messageRec?.info);
      const structured =
        asRecord(messageRec?.structuredOutput) ||
        asRecord(messageRec?.structured_output) ||
        asRecord(infoRec?.structuredOutput) ||
        asRecord(infoRec?.structured_output);
      const question = asRecord(structured?.question);
    
      // displayPrompt is the primary source-of-truth for question chat bubble text.
      const explicitDisplayPrompt = firstNonEmptyString(
        question?.displayPrompt,
        question?.assistantPrompt,
        question?.responseMessage,
      );
      if (explicitDisplayPrompt) {
        return explicitDisplayPrompt;
      }
    
      if (question) {
        const questionType = firstNonEmptyString(question.type)?.toLowerCase();
        if (questionType === "message") {
          return firstNonEmptyString(
            question.message,
            question.content,
            question.question,
            question.title,
          );
        }
        if (questionType === "quick_actions" || questionType === "quick-actions") {
          const prompt = firstNonEmptyString(
            question.question,
            question.title,
            question.message,
            question.content,
          );
          return prompt
            ? formatQuestionPromptForAssistant(prompt, "quick_actions")
            : undefined;
        }
        const prompt = firstNonEmptyString(
          question.question,
          question.message,
          question.content,
          question.title,
        );
        if (prompt) {
          return formatQuestionPromptForAssistant(
            prompt,
            questionType === "confirm" ? "confirm" : "question",
          );
        }
      }
    
      if (Array.isArray(message.interactiveEvents)) {
        for (const event of message.interactiveEvents) {
          if (event.type === "question" || event.type === "confirm") {
            const prompt = firstNonEmptyString(event.question, event.title);
            if (prompt) {
              return formatQuestionPromptForAssistant(prompt, event.type);
            }
          }
          if (event.type === "message") {
            const prompt = firstNonEmptyString(event.message, event.title);
            if (prompt) {
              return prompt;
            }
          }
          if (event.type === "quick_actions") {
            const prompt = firstNonEmptyString(event.title);
            if (prompt) {
              return formatQuestionPromptForAssistant(prompt, "quick_actions");
            }
          }
        }
      }
      return undefined;
    }
    
    function questionPromptFromInteractiveEvents(
      events?: InteractiveEvent[],
    ): string | undefined {
      if (!Array.isArray(events) || events.length === 0) {
        return undefined;
      }
    
      for (const event of events) {
        if (event.type === "question" || event.type === "confirm") {
          const prompt = firstNonEmptyString(
            event.contextMessage,
            event.question,
            event.title,
          );
          if (prompt) {
            return formatQuestionPromptForAssistant(prompt, event.type);
          }
          continue;
        }
        if (event.type === "message") {
          const prompt = firstNonEmptyString(
            event.contextMessage,
            event.message,
            event.title,
          );
          if (prompt) {
            return prompt;
          }
          continue;
        }
        if (event.type === "quick_actions") {
          const prompt = firstNonEmptyString(event.contextMessage, event.title);
          if (prompt) {
            return formatQuestionPromptForAssistant(prompt, "quick_actions");
          }
        }
      }
    
      return undefined;
    }
    
    
    function summaryText(message?: Message): string {
      // Check both nested info and top-level properties (for persisted messages)
      const summary =
        message?.info?.summary ??
        ((message as Record<string, unknown>).summary as
          | { title?: string; body?: string }
          | undefined);
      const title = summary?.title?.trim() ?? "";
      const body = summary?.body?.trim() ?? "";
      if (title && body) {
        return `${title}\n\n${body}`;
      }
      return title || body;
    }
    
    function modelLabel(message?: Message): string {
      if (!message) return "assistant";
      // Check nested info structure first (from streaming)
      const modelObj = message.info?.model;
      if (modelObj && typeof modelObj === "object") {
        const name = (modelObj as Record<string, unknown>).name;
        const modelID = (modelObj as Record<string, unknown>).modelID;
        if (typeof name === "string" && name) return name;
        if (typeof modelID === "string" && modelID) return modelID;
      }
      // Check top-level model object (from persisted messages)
      if (typeof message.model === "object" && message.model !== null) {
        const name = (message.model as Record<string, unknown>).name;
        const modelID = (message.model as Record<string, unknown>).modelID;
        if (typeof name === "string" && name) return name;
        if (typeof modelID === "string" && modelID) return modelID;
      }
      // Check nested info structure
      let model = message.info?.modelID;
      let provider = message.info?.providerID;
      if (model && provider) return `${provider}/${model}`;
      // Check top-level properties (from persisted messages)
      model ??= (message as Record<string, unknown>).modelID as string | undefined;
      provider ??= (message as Record<string, unknown>).providerID as
        | string
        | undefined;
      if (model && provider) return `${provider}/${model}`;
      return model ?? provider ?? "assistant";
    }
    
    function getMessageContent(
      message?: Message,
      streaming?: StreamingState,
    ): string {
      if (streaming) {
        // Filter out reasoning content from streaming content as a safety measure
        // This catches any reasoning that leaked through the event handler
        const content = streaming.content || '';
        const hasRenderableContent = streaming.hasRenderableContent === true;
        const hasReasoningEvents = streaming.reasoningEvents && streaming.reasoningEvents.length > 0;
        const isInReasoningPart = streaming.inReasoningPart || false;
    
        // NOTE: When streaming is no longer active (isActive === false), FINISH_STREAMING has already
        // fired — this happens when a blocking interactive event (e.g. question) is detected mid-stream.
        // At that point, streaming.content holds the final AI response text (e.g. "I have a few
        // questions:"). We must NOT discard it based on length — it is the correct final content.
        // Only apply the reasoning filter while the stream is still actively flowing.
        const streamingFinished = !streaming.isActive;
    
        if (isInReasoningPart) {
          return '';
        }
    
        if (!hasRenderableContent) {
          return '';
        }
    
        if (!streamingFinished && hasReasoningEvents && content.length < 100) {
          // Streaming is live and content is very short — likely reasoning leak, hide it.
          return '';
        }
    
        return content;
      }
      if (!message) {
        return "";
      }
      const messageRec = asRecord(message);
      const infoRec = asRecord(messageRec?.info);
      const structured = asRecord(messageRec?.structuredOutput) || asRecord(infoRec?.structuredOutput);
      const responseType = firstNonEmptyString(message?.responseType, structured?.responseType)?.toLowerCase();
      const partsBody = messageBodyFromParts(message.parts);
      const hasParts = Array.isArray(message.parts) && message.parts.length > 0;
      const isMessageResponseType = responseType === "message";
      const structuredMessage = firstNonEmptyString(structured?.message);
      const candidates = hasParts
        ? [
          partsBody,
          isMessageResponseType ? structuredMessage : "",
          summaryText(message),
        ]
        : [
          partsBody,
          message.content,
          message.text,
          summaryText(message),
        ];
      const baseContent =
        candidates.find(
          (candidate) =>
            typeof candidate === "string" && candidate.trim().length > 0,
        ) ?? "";
      const safeBaseContent = baseContent;
      const questionPrompt = questionPromptFromMessage(message);
      if (!questionPrompt) {
        return safeBaseContent;
      }
      const isQuestionResponseType = responseType === "question";
      const hasInteractiveEvents = Array.isArray(message.interactiveEvents) && message.interactiveEvents.length > 0;
      if (isMessageResponseType) {
        if (structuredMessage) {
          return structuredMessage;
        }
      }
      if (!isQuestionResponseType && !hasInteractiveEvents) {
        return safeBaseContent;
      }
    
      // For explicit question turns, render only the canonical question prompt in the
      // assistant bubble (no assistantMessage/body concatenation).
      if (isQuestionResponseType) {
        return questionPrompt;
      }
    
      if (!safeBaseContent || isLowValueInteractiveBodyText(safeBaseContent)) {
        return questionPrompt;
      }
    
      const promptNorm = normalizeComparableText(questionPrompt);
      const bodyNorm = normalizeComparableText(safeBaseContent);
      if (!promptNorm || bodyNorm === promptNorm) {
        return questionPrompt;
      }
      if (bodyNorm.startsWith(promptNorm)) {
        return safeBaseContent;
      }
      return `${questionPrompt}\n\n${safeBaseContent}`;
    }
    
    type RawDebugParseStatus = "parsed" | "empty" | "unparseable" | "truncated";
    
    type ParsedRawDebugForUi = {
      status: RawDebugParseStatus;
      parts: Array<Record<string, unknown>>;
    };
    
    function parseRawResponseDebugForUi(raw: unknown): ParsedRawDebugForUi {
      if (typeof raw === "undefined" || raw === null) {
        return { status: "empty", parts: [] };
      }
      if (typeof raw === "object") {
        const rec = asRecord(raw);
        const parts = Array.isArray(rec?.parts)
          ? rec.parts
            .map((part) => asRecord(part))
            .filter((part): part is Record<string, unknown> => !!part)
          : [];
        return { status: "parsed", parts };
      }
      if (typeof raw !== "string") {
        return { status: "unparseable", parts: [] };
      }
      const text = raw.trim();
      if (!text) {
        return { status: "empty", parts: [] };
      }
      const truncMatch = text.match(/\.\.\.<truncated\s+\d+\s+chars>\s*$/i);
      const candidate = truncMatch ? text.slice(0, truncMatch.index).trim() : text;
      try {
        const parsed = JSON.parse(candidate);
        const rec = asRecord(parsed);
        const parts = Array.isArray(rec?.parts)
          ? rec.parts
            .map((part) => asRecord(part))
            .filter((part): part is Record<string, unknown> => !!part)
          : [];
        return { status: truncMatch ? "truncated" : "parsed", parts };
      } catch {
        return { status: truncMatch ? "truncated" : "unparseable", parts: [] };
      }
    }
    
    type ThoughtItem = { key: string; text: string };
    type ProgressItem = {
      key: string;
      mergeKey: string;
      id?: string;
      callID?: string;
      title: string;
      status: "pending" | "done" | "error";
      source?: "stream" | "final" | "raw_debug";
      partType?: string;
      internal?: boolean;
      meta?: string;
      filePath?: string;
      diffStats?: { added: number; deleted: number };
      activityDetail?: ActivityDetail;
      /** Arrival-order sequence number from StreamingStep.streamSeq or MessageStep.streamSeq */
      streamSeq?: number;
    };
    
    type ThinkingBlock = { kind: "thinking"; items: ThoughtItem[] };
    type StepsBlock = { kind: "steps"; items: ProgressItem[] };
    type ContentBlock = { kind: "content"; html: string };
    type TimelineBlock = ThinkingBlock | StepsBlock | ContentBlock;
    
    /**
     * Extracts the Date.now() timestamp embedded in a thought-item key.
     * Handles both streaming keys ("stream-{idx}-{createdAt}") and
     * persisted reasoningEvent keys ("evt-{createdAt}").
     * Returns 0 for parts-based keys ("part-{idx}") that have no timestamp.
     */
    function seqFromThoughtKey(key: string): number {
      const evtMatch = key.match(/^evt-(\d+)$/);
      if (evtMatch) return parseInt(evtMatch[1], 10);
      const streamMatch = key.match(/stream-\d+-(\d+)/);
      if (streamMatch) return parseInt(streamMatch[1], 10);
      return 0;
    }
    
    function thoughtItemsFromMessage(message?: Message): ThoughtItem[] {
      const items: ThoughtItem[] = [];
      const seen = new Set<string>();
      const pushUnique = (key: string, text: string) => {
        const cleaned = text.trim();
        if (!cleaned) return;
        const fp = normalizeComparableText(cleaned);
        if (!fp || seen.has(fp)) return;
        seen.add(fp);
        items.push({ key, text: cleaned });
      };
    
      if (Array.isArray(message?.reasoningPayload?.events)) {
        message.reasoningPayload.events.forEach((event, index) => {
          pushUnique(`evt-${event.createdAt}-${index}`, event.text || "");
        });
      }
    
      if (Array.isArray(message?.reasoningEvents)) {
        message.reasoningEvents.forEach((event: ReasoningEvent, index: number) => {
          pushUnique(`evt-${event.createdAt}-${index}`, event.text || "");
        });
      }
    
      if (items.length > 0) {
        return items;
      }
    
      // Do not derive visible thinking text from raw reasoning parts.
      // Some providers include internal instruction/planning traces there.
      return [];
    }
    
    function thoughtItemsFromStreaming(streaming?: StreamingState): ThoughtItem[] {
      if (!streaming) {
        return [];
      }
      if (streaming.reasoningEvents && streaming.reasoningEvents.length > 0) {
        const fromEvents = streaming.reasoningEvents
          .filter((event: ReasoningEvent) => {
            return event.text && event.text.length > 0;
          })
          .map((event: ReasoningEvent, idx: number) => ({
            key: `stream-${idx}-${event.createdAt}`,
            text: event.text.trim(),
          }));
        if (fromEvents.length > 0) {
          return fromEvents;
        }
      }
    
      // Avoid showing raw streaming reasoning fallback text in the UI timeline.
      return [];
    }
    
    function normalizeProgressStatus(
      value?: string | null,
    ): "pending" | "done" | "error" {
      const v = value?.toLowerCase();
      if (
        v === "done" ||
        v === "completed" ||
        v === "success" ||
        v === "finished" ||
        v === "complete"
      ) {
        return "done";
      }
      if (v === "error" || v === "failed") {
        return "error";
      }
      return "pending";
    }
    
    function isActionProgressStep(step: MessageStep | StreamingStep): boolean {
      const type = (step.type ?? "").toLowerCase();
      const partType = ("partType" in step ? step.partType : undefined) || "";
      const normalizedPartType = partType.toString().toLowerCase();
    
      // Filter out reasoning/thinking and internal bookkeeping steps
      if (type === "reasoning" || type === "thinking") {
        return false;
      }
      // Filter out step-start and step-finish events (internal bookkeeping)
      if (
        normalizedPartType === "step-start" ||
        normalizedPartType === "step-finish" ||
        type === "step-start" ||
        type === "step-finish"
      ) {
        return false;
      }
      // Filter out tool wrapper events that just show "tool completed successfully"
      // These are internal system events, not actual user-facing progress
      if (type === "tool" && step.title?.toLowerCase().includes("structuredoutput")) {
        return false;
      }
    
      return true;
    }
    
    function progressItemsFromSteps(
      steps: Array<MessageStep | StreamingStep>,
      prefix: string,
    ): ProgressItem[] {
      const stepMap = new Map<string, ProgressItem>();
    
      steps
        .filter((step) => isActionProgressStep(step))
        .forEach((step, index) => {
          const title = step.title;
          const status = normalizeProgressStatus(step.status);
          const meta = step.meta;
          const stepId =
            "id" in step && typeof step.id === "string" ? step.id : undefined;
          const stepCallId =
            "callID" in step && typeof step.callID === "string"
              ? step.callID
              : undefined;
          const mergeKey = stepCallId
            ? `call:${stepCallId}`
            : stepId
              ? `id:${stepId}`
              : `title:${title.trim().toLowerCase()}`;
          const stepFilePath =
            "filePath" in step
              ? (step as StreamingStep).filePath
              : ((step as MessageStep).content ?? undefined);
          const stepSource =
            "source" in step
              ? (step.source as "stream" | "final" | "raw_debug" | undefined)
              : undefined;
          const stepPartType =
            "partType" in step ? (step.partType as string | undefined) : undefined;
          const stepInternal =
            "internal" in step ? Boolean(step.internal) : false;
    
          if (stepMap.has(mergeKey)) {
            const existing = stepMap.get(mergeKey)!;
            // Do not regress terminal statuses back to pending on noisy updates.
            if (
              status === "error" ||
              status === "done" ||
              existing.status === "pending"
            ) {
              existing.status = status;
            }
            if (title) existing.title = title;
            if (meta) existing.meta = meta;
            if (stepFilePath) existing.filePath = stepFilePath;
            if (!existing.id && stepId) existing.id = stepId;
            if (!existing.callID && stepCallId) existing.callID = stepCallId;
            if (!existing.source && stepSource) existing.source = stepSource;
            if (!existing.partType && stepPartType) existing.partType = stepPartType;
            existing.internal = Boolean(existing.internal || stepInternal);
            if ("diffStats" in step)
              existing.diffStats = step.diffStats as {
                added: number;
                deleted: number;
              };
            if ("activityDetail" in step && step.activityDetail) {
              existing.activityDetail = step.activityDetail as ActivityDetail;
            }
          } else {
            stepMap.set(mergeKey, {
              key: `${prefix}-${index}-${title}`,
              mergeKey,
              id: stepId,
              callID: stepCallId,
              title,
              status,
              source: stepSource,
              partType: stepPartType,
              internal: stepInternal,
              meta,
              filePath: stepFilePath,
              diffStats:
                "diffStats" in step
                  ? (step.diffStats as { added: number; deleted: number })
                  : undefined,
              activityDetail:
                "activityDetail" in step
                  ? (step.activityDetail as ActivityDetail | undefined)
                  : undefined,
              streamSeq:
                "streamSeq" in step
                  ? (step as { streamSeq?: number }).streamSeq
                  : undefined,
            });
          }
        });
    
      return Array.from(stepMap.values());
    }
    
    function progressItemsFromMessage(message?: Message): ProgressItem[] {
      if (!message) {
        return [];
      }
      let items: ProgressItem[] = [];
      if (Array.isArray(message.steps) && message.steps.length > 0) {
        items = progressItemsFromSteps(message.steps, "msg-steps");
      } else if (
        Array.isArray(message.progressEvents) &&
        message.progressEvents.length > 0
      ) {
        items = progressItemsFromSteps(
          message.progressEvents,
          "msg-progress-events",
        );
      }
    
      // For completed messages, any hanging pending steps should be marked as done
      for (const item of items) {
        if (item.status === "pending") {
          item.status = "done";
        }
      }
    
      return items;
    }
    
    function progressItemsFromStreaming(
      streaming?: StreamingState,
    ): ProgressItem[] {
      if (!streaming) {
        return [];
      }
      if (Array.isArray(streaming.steps) && streaming.steps.length > 0) {
        return progressItemsFromSteps(streaming.steps, "stream-steps");
      }
      if (
        Array.isArray(streaming.progressEvents) &&
        streaming.progressEvents.length > 0
      ) {
        return progressItemsFromSteps(
          streaming.progressEvents,
          "stream-progress-events",
        );
      }
      return [];
    }
    
    function formatTodoStatus(status: TodoItem["status"]): string {
      switch (status) {
        case "in_progress":
          return "in progress";
        default:
          return status;
      }
    }
    
    function truncateTodoLabel(text: string, maxLength = 44): string {
      const trimmed = text.trim();
      if (trimmed.length <= maxLength) {
        return trimmed;
      }
      return `${trimmed.slice(0, maxLength - 3)}...`;
    }
    
    function getLatestTodoTransition(items: TodoItem[]): TodoItem | undefined {
      for (let index = items.length - 1; index >= 0; index--) {
        const item = items[index];
        if (item.status !== "pending") {
          return item;
        }
      }
      return items[items.length - 1];
    }
    
    function TodoInlineSummary({ todoItems }: { todoItems: TodoItem[] }) {
      if (todoItems.length === 0) {
        return null;
      }
    
      const inProgressCount = todoItems.reduce(
        (count, item) => (item.status === "in_progress" ? count + 1 : count),
        0,
      );
      const totalCount = todoItems.length;
      const latest = getLatestTodoTransition(todoItems);
    
      return (
        <section
          data-assistant-section="todo-inline-summary"
          className="rounded-md border border-oc-border/70 bg-oc-panel-soft/30 px-2.5 py-2"
        >
          <div className="text-[11px] font-mono text-oc-text-muted">
            {totalCount} {totalCount === 1 ? "task" : "tasks"} - {inProgressCount} in
            progress
          </div>
          {latest && (
            <div className="mt-0.5 truncate text-[11px] text-oc-text-muted/90">
              Latest: "{truncateTodoLabel(latest.text)}" - {formatTodoStatus(latest.status)}
            </div>
          )}
        </section>
      );
    }
    
    function sanitizeUserContent(raw: string): string {
      return raw
        .replace(/<system-reminder>[\s\S]*?<\/system-reminder>/gi, "")
        .replace(/<!--[\s\S]*?-->/g, "")
        .replace(/\[interactive:[^:]+:[^\]]+\]\s*/gi, "")
        .trim();
    }
    
    function normalizedUserMessageText(message?: Message): string {
      const raw =
        message?.content ?? message?.text ?? messageBodyFromParts(message?.parts);
      return sanitizeUserContent(typeof raw === "string" ? raw : "");
    }
    
    function isPlanProceedMessageContent(value: string): boolean {
      return /\bproceed on this plan\./i.test(value);
    }
    
    function isPlanRevisionMessageContent(value: string): boolean {
      return /\brevise this implementation plan\b/i.test(value);
    }
    
    /**
     * Single source of truth for building the Activity timeline.
     *
     * Used for BOTH streaming and completed (persisted) messages. The timeline is
     * built by sorting thoughtItems (by createdAt timestamp from their key) and
     * progressItems (by streamSeq) into arrival order, then grouping consecutive
     * same-kind entries so all steps merge into one StepsBlock and all thinking
     * items merge into one ThinkingBlock.
     *
     * Falls back to a parts-based layout for server-loaded messages where timing
     * data is absent (no streamSeq on steps, no createdAt on thoughts).
     */
    function buildTimeline(
      thoughtItems: ThoughtItem[],
      progressItems: ProgressItem[],
      html: string,
      /** Only used for the parts-based fallback path; null during streaming */
      messageParts?: MessagePart[],
    ): TimelineBlock[] {
      // Check if we have any timing data for sorted interleaving.
      const hasTimedThoughts = thoughtItems.some(
        (t) => seqFromThoughtKey(t.key) > 0,
      );
      const hasTimedSteps = progressItems.some((p) => p.streamSeq != null);
    
      if (hasTimedThoughts || hasTimedSteps || progressItems.length > 0) {
        type RawEntry =
          | { seq: number; kind: "thinking"; item: ThoughtItem }
          | { seq: number; kind: "step"; item: ProgressItem }
          | { seq: number; kind: "content" };
    
        const entries: RawEntry[] = [];
    
        for (const item of thoughtItems) {
          entries.push({
            kind: "thinking",
            item,
            seq: seqFromThoughtKey(item.key),
          });
        }
    
        for (const item of progressItems) {
          entries.push({
            kind: "step",
            item,
            // +1 offset so a step at the same millisecond as a thinking event
            // always sorts after it (consistent with original streaming logic).
            seq:
              item.streamSeq != null
                ? item.streamSeq + 1
                : Number.MAX_SAFE_INTEGER,
          });
        }
    
        if (html) {
          entries.push({ kind: "content", seq: Number.MAX_SAFE_INTEGER });
        }
    
        entries.sort((a, b) => a.seq - b.seq);
    
        const blocks: TimelineBlock[] = [];
        for (const entry of entries) {
          const last = blocks[blocks.length - 1];
          if (entry.kind === "thinking") {
            if (last?.kind === "thinking") {
              (last as ThinkingBlock).items.push(entry.item);
            } else {
              blocks.push({ kind: "thinking", items: [entry.item] });
            }
          } else if (entry.kind === "step") {
            if (last?.kind === "steps") {
              (last as StepsBlock).items.push(entry.item);
            } else {
              blocks.push({ kind: "steps", items: [entry.item] });
            }
          } else {
            blocks.push({ kind: "content", html });
          }
        }
    
        return blocks;
      }
    
      // ── Fallback: parts-based approach for server-loaded messages with no timing ──
      const parts = messageParts;
    
      if (Array.isArray(parts) && parts.length > 0) {
        const blocks: TimelineBlock[] = [];
    
        for (const part of parts) {
          if (isReasoningPart(part)) {
            const text = (
              part.reasoning ??
              part.thought ??
              part.thinking ??
              (isReasoningPart(part) ? (part.text ?? part.content ?? "") : "")
            ).trim();
            if (!text) continue;
            const last = blocks[blocks.length - 1];
            if (last?.kind === "thinking") {
              (last as ThinkingBlock).items.push({
                key: `msg-think-${blocks.length}`,
                text,
              });
            } else {
              blocks.push({
                kind: "thinking",
                items: [{ key: `msg-think-${blocks.length}`, text }],
              });
            }
          } else {
            const partText = (part.text ?? part.content ?? "").trim();
            if (!partText) continue;
            const last = blocks[blocks.length - 1];
            if (last?.kind === "content") {
              (last as ContentBlock).html += partText;
            } else {
              blocks.push({ kind: "content", html: partText });
            }
          }
        }
    
        // Steps don't appear in parts; insert them before the first content block
        if (progressItems.length > 0) {
          const firstContentIdx = blocks.findIndex((b) => b.kind === "content");
          const stepsBlock: TimelineBlock = { kind: "steps", items: progressItems };
          if (firstContentIdx >= 0) {
            blocks.splice(firstContentIdx, 0, stepsBlock);
          } else {
            blocks.push(stepsBlock);
          }
        }
    
        // If parts had no reasoning entries but the message has reasoningEvents,
        // insert them before the first content block.
        const hasThinkingBlock = blocks.some((b) => b.kind === "thinking");
        if (!hasThinkingBlock && thoughtItems.length > 0) {
          const firstContentIdx = blocks.findIndex((b) => b.kind === "content");
          const thinkingBlock: TimelineBlock = {
            kind: "thinking",
            items: thoughtItems,
          };
          if (firstContentIdx >= 0) {
            blocks.splice(firstContentIdx, 0, thinkingBlock);
          } else {
            blocks.unshift(thinkingBlock);
          }
        }
    
        return blocks.filter((b) => {
          if (b.kind === "content") return !!(b as ContentBlock).html;
          return (b as ThinkingBlock | StepsBlock).items.length > 0;
        });
      }
    
      // Fallback for messages with no parts array
      const blocks: TimelineBlock[] = [];
      if (thoughtItems.length > 0)
        blocks.push({ kind: "thinking", items: thoughtItems });
      if (progressItems.length > 0)
        blocks.push({ kind: "steps", items: progressItems });
      if (html) blocks.push({ kind: "content", html });
    
      return blocks;
    }
    
    function buildMessageTimeline(
      message?: Message,
      html = "",
    ): TimelineBlock[] {
      return buildTimeline(
        thoughtItemsFromMessage(message),
        progressItemsFromMessage(message),
        html,
        message?.parts,
      );
    }
    
    function buildStreamingTimeline(
      streaming?: StreamingState,
      html = "",
    ): TimelineBlock[] {
      return buildTimeline(
        thoughtItemsFromStreaming(streaming),
        progressItemsFromStreaming(streaming),
        html,
      );
    }
    
    
    
    
    const MAX_VISIBLE_COMPLETED_ACTIVITY = 5;
    
    type MessageViewState = {
      showActivityDetails: boolean;
      showThinkingDetails: boolean;
      showAllCompletedActivity: boolean;
      showInternalActivity: boolean;
    };
    
    type DisplayEvent = {
      key: string;
      kind: "activity" | "reasoning";
      label: string;
      summary: string;
      description?: string;
      detail?: string;
      status: "pending" | "done" | "error";
      source?: "stream" | "final" | "raw_debug";
      partType?: string;
      internal?: boolean;
      filePath?: string;
      diffStats?: { added: number; deleted: number };
      activityDetail?: ActivityDetail;
      viewDiffFile?: string;
      isImportant?: boolean;
      updateCount: number;
    };
    
    function sourceFromThoughtKey(
      key: string,
    ): "stream" | "final" | "raw_debug" | undefined {
      if (key.startsWith("stream-")) return "stream";
      if (key.startsWith("evt-")) return "final";
      if (key.startsWith("raw-")) return "raw_debug";
      return undefined;
    }
    
    function subagentStatusLabel(status: SubagentSummary["status"]): string {
      switch (status) {
        case "done":
          return "Completed";
        case "running":
          return "Running";
        case "error":
          return "Error";
        case "orphaned":
          return "Orphaned";
        case "pending":
        default:
          return "Pending";
      }
    }
    
    function subagentAgentLabel(
      subagent: SubagentSummary,
      detail?: SubagentDetail,
    ): string {
      // Try explicit agent ID first
      if (subagent.agentId || detail?.agentId) {
        return subagent.agentId || detail?.agentId || "Unknown Agent";
      }
    
      // For orphaned subagents, use childSessionId for unique identifier
      if (subagent.childSessionId && subagent.status === 'orphaned') {
        // Use last 8 chars of child session ID for a unique but readable identifier
        return `Agent ${subagent.childSessionId.slice(-8)}`;
      }
    
      // Last resort: use first 4 chars of subagent ID
      return `Agent ${subagent.id.slice(0, 4)}`;
    }
    
    function subagentModelLabel(
      subagent: SubagentSummary,
      detail?: SubagentDetail,
    ): string {
      const provider = subagent.providerID || detail?.providerID;
      const model = subagent.modelID || detail?.modelID;
      if (provider && model) {
        return `${provider}/${model}`;
      }
      return model || provider || "model pending";
    }
    
    function TypewriterText({
      text,
      className,
      speed = 30,
    }: {
      text: string;
      className?: string;
      speed?: number;
    }) {
      const [displayedText, setDisplayedText] = useState("");
      const [complete, setComplete] = useState(false);
    
      useEffect(() => {
        setDisplayedText("");
        setComplete(false);
        let i = 0;
        const timer = setInterval(() => {
          if (i < text.length) {
            setDisplayedText(text.slice(0, i + 1));
            i++;
          } else {
            clearInterval(timer);
            setComplete(true);
          }
        }, speed);
        return () => clearInterval(timer);
      }, [text, speed]);
    
      return (
        <span className={cn(className, !complete && "after:content-['|'] after:ml-0.5 after:animate-pulse")}>
          {displayedText}
        </span>
      );
    }
    
    function FadeSwapText({
      text,
      className,
      durationMs = 180,
      useTypewriter = false,
    }: {
      text: string;
      className?: string;
      durationMs?: number;
      useTypewriter?: boolean;
    }) {
      const [displayText, setDisplayText] = useState(text);
      const [isFadingOut, setIsFadingOut] = useState(false);
    
      useEffect(() => {
        if (text === displayText) {
          return;
        }
    
        setIsFadingOut(true);
        const outDuration = Math.max(60, Math.round(durationMs * 0.45));
        const outTimer = window.setTimeout(() => {
          setDisplayText(text);
          requestAnimationFrame(() => setIsFadingOut(false));
        }, outDuration);
    
        return () => window.clearTimeout(outTimer);
      }, [text, displayText, durationMs]);
    
      return (
        <span
          className={cn(
            "transition-all will-change-[opacity,transform]",
            isFadingOut ? "opacity-0 translate-y-0.5" : "opacity-100 translate-y-0",
            className,
          )}
          style={{ transitionDuration: `${durationMs}ms` }}
        >
          {useTypewriter ? (
            <TypewriterText text={displayText} speed={40} />
          ) : (
            displayText
          )}
        </span>
      );
    }
    
    const THINKING_LOADING_TEXTS = [
      "Bribing the intern to type faster…",
      "Download more RAM…",
      "Checking for typos I made up…",
      "Looking busy…",
      "Locating the 'any' key…",
      "Brewing virtual coffee…",
      "Herding the bits…",
      "Updating the flux capacitor…",
      "Waiting for the magic smoke to clear…",
      "Generating witty loading messages…",
      "Untangling the spaghetti code…",
      "Asking StackOverflow…",
      "Convincing the compiler to cooperate…",
      "Reversing the polarity…",
    ];
    
    function ThinkingStatusTicker({ className }: { className?: string }) {
      const [messageIndex, setMessageIndex] = useState(() =>
        Math.floor(Math.random() * THINKING_LOADING_TEXTS.length),
      );
    
      useEffect(() => {
        if (THINKING_LOADING_TEXTS.length <= 1) {
          return;
        }
        const timer = window.setInterval(() => {
          setMessageIndex((current) => {
            let next = current;
            while (next === current) {
              next = Math.floor(Math.random() * THINKING_LOADING_TEXTS.length);
            }
            return next;
          });
        }, 2400); // Increased interval for typewriter to complete
    
        return () => window.clearInterval(timer);
      }, []);
    
      return (
        <div
          className={cn(
            "inline-flex items-center font-mono text-[11px]",
            className,
          )}
        >
          <FadeSwapText
            text={THINKING_LOADING_TEXTS[messageIndex]}
            className="italic opacity-85 tracking-wide oc-glowing-text"
            durationMs={220}
            useTypewriter={true}
          />
        </div>
      );
    }
    
    function latestNonEmptyLine(text: string): string {
      const lines = text
        .split(/\r?\n/)
        .map((line) => line.trim())
        .filter(Boolean);
      return lines[lines.length - 1] ?? "";
    }
    
    function parseTimelineStepTitle(rawTitle: string): {
      label: string;
      summary: string;
    } {
      const stripTrailingEllipsis = (value: string) =>
        value.replace(/\s*(?:\.{3}|…)\s*$/u, "").trim();
      const trimOptional = (value?: string) => value?.trim() || "";
      const title = rawTitle.trim();
      if (!title) {
        return { label: "event", summary: "Activity update" };
      }
    
      const runningMatch = title.match(
        /^running(?::\s*|\s+)([a-z0-9_.-]+)(?:\s+(.*))?$/is,
      );
      if (runningMatch) {
        const label = stripTrailingEllipsis(
          runningMatch[1]?.toLowerCase() || "tool",
        );
        const summary = stripTrailingEllipsis(trimOptional(runningMatch[2]));
        return { label, summary };
      }
    
      const bashMatch = title.match(/^bash(?::\s*|\s+)(.*)/is);
      if (bashMatch) {
        return {
          label: "bash",
          summary: stripTrailingEllipsis(trimOptional(bashMatch[1])),
        };
      }
    
      const readMatch = title.match(/^read(?::\s*|\s+)(.*)/is);
      if (readMatch) {
        return {
          label: "read",
          summary: stripTrailingEllipsis(trimOptional(readMatch[1])),
        };
      }
    
      const writeMatch = title.match(
        /^(edit|write|modify|update|patch)(?::\s*|\s+)(.*)/is,
      );
      if (writeMatch) {
        const label = stripTrailingEllipsis(writeMatch[1]?.toLowerCase() || "edit");
        const summary = stripTrailingEllipsis(trimOptional(writeMatch[2]));
        return { label, summary };
      }
    
      const thinkMatch = title.match(/^think(?:ing)?(?::\s*|\s+)?(.*)/is);
      if (thinkMatch) {
        return {
          label: "thinking",
          summary: stripTrailingEllipsis(trimOptional(thinkMatch[1])),
        };
      }
    
      // Hydrated history can include compact tool titles as a single token
      // (for example "read_file" or "shell"). Keep these as explicit labels
      // instead of collapsing to a generic "event" chip.
      const singleToken = stripTrailingEllipsis(title.toLowerCase());
      if (/^[a-z][a-z0-9_.-]{1,40}$/.test(singleToken)) {
        return { label: singleToken, summary: "" };
      }
    
      const spaceIdx = title.indexOf(" ");
      if (spaceIdx > 0 && spaceIdx <= 12) {
        const label = stripTrailingEllipsis(title.slice(0, spaceIdx).toLowerCase());
        const summary = stripTrailingEllipsis(
          trimOptional(title.slice(spaceIdx + 1)),
        );
        return { label, summary };
      }
    
      return { label: "event", summary: stripTrailingEllipsis(title) };
    }
    
    function buildDisplayEvents(
      timelineBlocks: TimelineBlock[],
      message: Message | undefined,
      isStreamingActive: boolean,
    ): DisplayEvent[] {
      const stripTrailingEllipsis = (value?: string) =>
        (value || "").replace(/\s*(?:\.{3}|…)\s*$/u, "").trim();
      const normalizePathForMatch = (value?: string) =>
        (value || "").replace(/\\/g, "/").toLowerCase();
    
      // Clean event labels - remove unwanted prefixes and filter out system noise
      const cleanEventLabel = (label: string): string => {
        const cleaned = label
          .replace(/^final\s+/i, '') // Remove "Final" prefix
          .replace(/^step\s+/i, '') // Remove "Step" prefix
          .trim();
    
        // Filter out system noise events
        const lowerCleaned = cleaned.toLowerCase();
        if (
          lowerCleaned === 'starting' ||
          lowerCleaned === 'finishing' ||
          lowerCleaned.startsWith('starting ') ||
          lowerCleaned.startsWith('finishing ') ||
          lowerCleaned.includes('starting...') ||
          lowerCleaned.includes('finishing...')
        ) {
          return ''; // Return empty to filter out
        }
    
        return cleaned || label;
      };
    
      const rawEvents: DisplayEvent[] = [];
    
      for (const block of timelineBlocks) {
        if (block.kind === "content") {
          continue;
        }
    
        if (block.kind === "thinking") {
          for (const item of block.items) {
            const text = (item.text || "").trim();
            if (!text) continue;
            rawEvents.push({
              key: `reasoning-${item.key}`,
              kind: "reasoning",
              label: "Reasoning",
              summary: text,
              status: "done",
              source: sourceFromThoughtKey(item.key),
              isImportant: false,
              updateCount: 1,
            });
          }
          continue;
        }
    
        for (const event of block.items) {
          const rawTitle = event.title || "";
          const parsed = parseTimelineStepTitle(rawTitle);
          const cleanedRawTitle = stripTrailingEllipsis(rawTitle);
          const activityDetail = event.activityDetail;
          const source = event.source;
          const partType = event.partType;
          const internal = Boolean(event.internal);
          let filePath = event.filePath || activityDetail?.file;
          if (
            !filePath &&
            /edit|writ|modif|updat|patch/i.test(rawTitle) &&
            message?.edits?.length
          ) {
            filePath = message.edits[0].file;
          }
    
          const fileName = filePath ? filePath.split(/[/\\]/).pop() : undefined;
          const fallbackEdit = Array.isArray(message?.edits)
            ? filePath
              ? message.edits.find(
                (edit) =>
                  normalizePathForMatch(edit?.file) ===
                  normalizePathForMatch(filePath),
              )
              : message.edits[0]
            : undefined;
          const fallbackDiffStats =
            fallbackEdit &&
              (typeof fallbackEdit.added === "number" ||
                typeof fallbackEdit.deleted === "number")
              ? {
                added: Math.max(0, Number(fallbackEdit.added) || 0),
                deleted: Math.max(0, Number(fallbackEdit.deleted) || 0),
              }
              : undefined;
          const detailDiffStats =
            activityDetail?.diffExcerpt &&
              (typeof activityDetail.diffExcerpt.added === "number" ||
                typeof activityDetail.diffExcerpt.deleted === "number")
              ? {
                added: Math.max(0, Number(activityDetail.diffExcerpt.added) || 0),
                deleted: Math.max(0, Number(activityDetail.diffExcerpt.deleted) || 0),
              }
              : undefined;
          const diffStats = event.diffStats || fallbackDiffStats || detailDiffStats;
    
          const metaText = stripTrailingEllipsis(event.meta);
          const summary = filePath
            ? fileName || filePath
            : activityDetail?.summary ||
            parsed.summary ||
            metaText ||
            (parsed.label === "event" ? cleanedRawTitle : "");
          const description =
            filePath || parsed.summary || activityDetail?.summary
              ? metaText || activityDetail?.command || activityDetail?.query
              : metaText && metaText !== summary
                ? metaText
                : undefined;
          const detail =
            filePath && fileName && filePath !== fileName ? filePath : undefined;
          const viewDiffFile =
            event.status === "done" &&
              (diffStats || /edit|writ|modif|updat|patch/i.test(rawTitle))
              ? filePath || message?.edits?.[0]?.file
              : undefined;
          const metadataFirstLabel =
            stripTrailingEllipsis(
              (activityDetail?.tool || "").toLowerCase() ||
              (activityDetail?.kind || "").toLowerCase() ||
              (partType || "").toLowerCase(),
            ) || parsed.label;
    
          const cleanedLabel = cleanEventLabel(metadataFirstLabel);
    
          // Skip filtered events (like starting/finishing)
          if (!cleanedLabel) {
            continue;
          }
    
          rawEvents.push({
            key: event.key,
            kind: "activity",
            label: cleanedLabel,
            summary: summary || cleanedRawTitle || "Activity update",
            description,
            detail: detail || undefined,
            status: event.status,
            source,
            partType,
            internal,
            filePath,
            diffStats,
            activityDetail,
            viewDiffFile,
            isImportant: Boolean(
              event.status === 'error' ||
              (event.status === 'done' && (filePath || diffStats || viewDiffFile)) ||
              cleanedLabel === 'error'
            ),
            updateCount: 1,
          });
        }
      }
    
      const collapsed: DisplayEvent[] = [];
      for (const event of rawEvents) {
        const previous = collapsed[collapsed.length - 1];
    
        const isDuplicate =
          !!previous &&
          previous.kind === event.kind &&
          previous.label === event.label &&
          previous.summary === event.summary &&
          previous.status === event.status &&
          (previous.filePath ?? "") === (event.filePath ?? "") &&
          (previous.source ?? "") === (event.source ?? "") &&
          (previous.internal ?? false) === (event.internal ?? false);
    
        if (!isDuplicate || !previous) {
          collapsed.push({ ...event });
          continue;
        }
    
        previous.updateCount += 1;
        if (event.description) previous.description = event.description;
        if (event.detail) previous.detail = event.detail;
        if (event.diffStats) previous.diffStats = event.diffStats;
        if (event.activityDetail) previous.activityDetail = event.activityDetail;
        if (event.viewDiffFile) previous.viewDiffFile = event.viewDiffFile;
        if (event.partType) previous.partType = event.partType;
        if (event.source) previous.source = event.source;
        previous.internal = Boolean(previous.internal || event.internal);
      }
    
      if (isStreamingActive) {
        let latestPendingIndex = -1;
        for (let index = collapsed.length - 1; index >= 0; index -= 1) {
          if (collapsed[index].status === "pending") {
            latestPendingIndex = index;
            break;
          }
        }
    
        if (latestPendingIndex > 0) {
          for (let index = 0; index < latestPendingIndex; index += 1) {
            if (collapsed[index].status === "pending") {
              collapsed[index].status = "done";
            }
          }
        }
      }
    
      return collapsed;
    }
    
    
    
    export const SystemMessage = memo(function SystemMessage({
      content,
      accentColor = "var(--oc-accent)",
    }: {
      content: string;
      accentColor?: string;
    }) {
      return (
        <div className="oc-message-enter mb-6 px-4">
          <div className="opacity-90 transition-opacity hover:opacity-100">
            <div
              className="rounded-r-md border-l pr-2"
              style={{
                borderLeftColor: accentColor,
                backgroundColor: `color-mix(in srgb, ${accentColor} 4%, transparent)`,
              }}
            >
              <pre
                className="max-h-[220px] overflow-y-auto whitespace-pre-wrap break-words bg-transparent py-1 pl-4 pr-2 font-mono text-[10.5px] leading-6 tracking-[0.01em] text-[#aeb7d8] select-text sm:pl-5"
              >
                {content}
              </pre>
            </div>
          </div>
        </div>
      );
    });
    
    export const UserMessage = memo(function UserMessage({ message }: { message?: Message }) {
      const [previewImageSrc, setPreviewImageSrc] = useState<string | null>(null);
      const userMessageRef = useRef<HTMLDivElement>(null);
      const content = normalizedUserMessageText(message);
      const fileChips = (message?.parts ?? [])
        .map((part) => part.filename ?? part.source?.path)
        .filter((value): value is string => !!value);
      const hasImages = Array.isArray(message?.images) && message.images.length > 0;
    
      useEffect(() => {
        const root = userMessageRef.current;
        if (!root) return;
    
        const onClick = (event: MouseEvent) => {
          const target = event.target;
          if (!(target instanceof HTMLImageElement)) return;
    
          const src = target.currentSrc || target.src;
          if (!src) return;
          setPreviewImageSrc(src);
        };
    
        root.addEventListener("click", onClick);
        return () => root.removeEventListener("click", onClick);
      }, []);
    
      if (!message) return null;
    
      if (isPlanProceedMessageContent(content)) {
        return (
          <div className="oc-message-enter mb-5 px-4 flex justify-end">
            <div className="flex items-center gap-1.5 rounded-full border border-oc-green/30 bg-oc-green/10 px-3 py-1.5 text-oc-xs text-oc-green">
              <Check className="h-3.5 w-3.5" />
              <span className="font-medium">Plan Approved</span>
            </div>
          </div>
        );
      }
    
    
      if (!content && fileChips.length === 0 && !hasImages) {
        return null;
      }
    
      return (
        <div className="oc-message-enter mb-5 flex items-end justify-end gap-2.5 px-4">
          <div className="w-fit max-w-[78%]">
            <div className="oc-msg-user" ref={userMessageRef}>
              <div className="whitespace-pre-wrap text-xs leading-relaxed">
                {content && (() => {
                  const match = content.match(/^(\/[a-zA-Z0-9_-]+)(.*)$/s);
                  if (match) {
                    return (
                      <>
                        <span className="text-oc-accent font-medium">{match[1]}</span>
                        {match[2]}
                      </>
                    );
                  }
                  return content;
                })()}
              </div>
              {fileChips.length > 0 && (
                <div className="mt-2 flex flex-wrap gap-1">
                  {fileChips.map((file) => (
                    <span
                      key={file}
                      className="rounded-md border oc-accent-border-faint px-2 py-0.5 text-oc-2xs font-mono text-oc-text-soft opacity-70"
                    >
                      {file}
                    </span>
                  ))}
                </div>
              )}
              {message.images && message.images.length > 0 && (
                <div className="mt-2 flex flex-wrap gap-2">
                  {message.images.map((src: string) => (
                    <img
                      key={src}
                      src={src}
                      alt="attachment"
                      className="max-h-20 rounded-lg border border-oc-border cursor-zoom-in"
                    />
                  ))}
                </div>
              )}
            </div>
          </div>
          <ImagePreviewModal
            isOpen={previewImageSrc !== null}
            imageSrc={previewImageSrc}
            imageAlt="Message image"
            title="Image Preview"
            onClose={() => setPreviewImageSrc(null)}
          />
        </div>
      );
    });
    
    /**
     * Type-safe helper to get agent name from message or streaming state.
     * Checks multiple possible locations for the agent name to support both
     * persisted messages and real-time streaming.
     */
    function getAgentName(
      message: Message | undefined,
      streaming: StreamingState | undefined,
    ): string {
      if (message?.info?.agent && typeof message.info.agent === "string") {
        return message.info.agent;
      }
    
      if (message && "agent" in message) {
        const agent = (message as Record<string, unknown>).agent;
        if (typeof agent === "string" && agent) {
          return agent;
        }
      }
    
      if (streaming?.agent && typeof streaming.agent === "string") {
        return streaming.agent;
      }
    
      return "assistant";
    }
    
    /**
     * Type-safe helper to get token usage info from message.
     * Returns undefined for streaming state since tokens aren't available until completion.
     */
    function getTokenInfo(message: Message | undefined):
      | {
        input?: number;
        output?: number;
        reasoning?: number;
        cache?: { read?: number; write?: number };
      }
      | undefined {
      if (!message) {
        return undefined;
      }
    
      if (message.info?.tokens) {
        return message.info.tokens;
      }
    
      if ("tokens" in message) {
        const tokens = (message as Record<string, unknown>).tokens;
        if (tokens && typeof tokens === "object") {
          return tokens as {
            input?: number;
            output?: number;
            reasoning?: number;
            cache?: { read?: number; write?: number };
          };
        }
      }
    
      return undefined;
    }
    
    /**
     * Type-safe helper to get duration from message or streaming state.
     */
    function getDuration(
      message: Message | undefined,
      streaming: StreamingState | undefined,
    ): number | undefined {
      if (
        streaming?.usage?.duration !== undefined &&
        typeof streaming.usage.duration === "number"
      ) {
        return streaming.usage.duration;
      }
    
      if (!message) {
        return undefined;
      }
    
      if (
        message.info?.duration !== undefined &&
        typeof message.info.duration === "number"
      ) {
        return message.info.duration;
      }
    
      if ("duration" in message) {
        const duration = (message as Record<string, unknown>).duration;
        if (typeof duration === "number") {
          return duration;
        }
      }
    
      if (message.timing && "duration" in message.timing) {
        const timingDuration = message.timing.duration;
        if (typeof timingDuration === "number") {
          return timingDuration;
        }
      }
    
      return undefined;
    }
    
    const AssistantMessageInner = memo(function AssistantMessageInner({
      message,
      streaming,
      isContiguous,
      subagentsByParentMessageId,
      subagentDetailsById,
      availableAgents,
      todoItems = [],
    }: {
      message?: Message;
      streaming?: StreamingState;
      isContiguous?: boolean;
      subagentsByParentMessageId: AppState["subagentsByParentMessageId"];
      subagentDetailsById: AppState["subagentDetailsById"];
      availableAgents: AppState["availableAgents"];
      todoItems?: AppState["todoItems"];
    }) {
      const dispatch = useAppDispatch();
      const state = useAppState();
      const [showSubagents, setShowSubagents] = useState(true);
      const [showAllSubagents, setShowAllSubagents] = useState(false);
      const [selectedSubagentId, setSelectedSubagentId] = useState<string | null>(
        null,
      );
      const [copied, setCopied] = useState(false);
      const [previewImageSrc, setPreviewImageSrc] = useState<string | null>(null);
      const messageBodyRef = useRef<HTMLDivElement>(null);
      const progressTimelineRef = useRef<HTMLDivElement>(null);
      const content = getMessageContent(message, streaming);
      const liveInteractivePrompt = useMemo(
        () => questionPromptFromInteractiveEvents(state.interactiveEvents),
        [state.interactiveEvents],
      );
      const shouldUseInteractivePromptFallback =
        !!streaming?.isActive &&
        content.trim().length === 0 &&
        !!liveInteractivePrompt;
      const resolvedContent = shouldUseInteractivePromptFallback
        ? (liveInteractivePrompt ?? "")
        : content;
      const thoughtItems = useMemo(
        () =>
          streaming
            ? thoughtItemsFromStreaming(streaming)
            : thoughtItemsFromMessage(message),
        [streaming, message],
      );
      const progressItems = useMemo(
        () =>
          streaming
            ? progressItemsFromStreaming(streaming)
            : progressItemsFromMessage(message),
        [streaming, message],
      );
    
      /** Unified chronological list of timeline blocks to render. */
      const timelineBlocks = useMemo<TimelineBlock[]>(() => {
        return buildTimeline(
          thoughtItems,
          progressItems,
          resolvedContent,
          message?.parts,
        );
      }, [thoughtItems, progressItems, resolvedContent, message?.parts]);
      const isStreamingActive = !!streaming?.isActive;
      const displayEvents = useMemo(
        () => buildDisplayEvents(timelineBlocks, message, isStreamingActive),
        [timelineBlocks, message, isStreamingActive],
      );
      const info = message?.info;
      const messageRec = asRecord(message);
      const infoRec = asRecord(messageRec?.info);
      const structured = asRecord(messageRec?.structuredOutput) || asRecord(infoRec?.structuredOutput);
      const responseType = firstNonEmptyString(message?.responseType, structured?.responseType)?.toLowerCase();
      const plan = responseType === "implementation_plan" ? message?.plan : undefined;
      const messageId = info?.id || message?.id || streaming?.messageId;
    
      useEffect(() => {
        const partsBody = messageBodyFromParts(message?.parts);
        const structuredMessage = firstNonEmptyString(structured?.message) ?? "";
        const topLevelContent = (message?.content ?? message?.text ?? "").trim();
        const streamingContent = (streaming?.content ?? "").trim();
        const finalContent = (resolvedContent ?? "").trim();
        const finalNorm = normalizeComparableText(finalContent);
        const sourceMatch = {
          parts: !!partsBody && normalizeComparableText(partsBody) === finalNorm,
          structuredMessage:
            !!structuredMessage &&
            normalizeComparableText(structuredMessage) === finalNorm,
          topLevel:
            !!topLevelContent &&
            normalizeComparableText(topLevelContent) === finalNorm,
          streaming:
            !!streamingContent &&
            normalizeComparableText(streamingContent) === finalNorm,
        };
    
        console.info("[OpenCode][assistant-render-source]", {
          messageId: messageId ?? null,
          role: message?.role ?? message?.info?.role ?? null,
          responseType: responseType ?? null,
          hasParts: Array.isArray(message?.parts) && message.parts.length > 0,
          streamingActive: !!streaming?.isActive,
          streamingHasRenderableContent: streaming?.hasRenderableContent ?? null,
          usedInteractivePromptFallback: shouldUseInteractivePromptFallback,
          sourceMatch,
          finalContentPreview: finalContent.slice(0, 240),
          partsPreview: partsBody.slice(0, 240),
          structuredMessagePreview: structuredMessage.slice(0, 240),
          topLevelPreview: topLevelContent.slice(0, 240),
          streamingPreview: streamingContent.slice(0, 240),
          interactivePromptPreview: (liveInteractivePrompt ?? "").slice(0, 240),
        });
      }, [
        resolvedContent,
        messageId,
        responseType,
        message?.role,
        message?.info?.role,
        message?.content,
        message?.text,
        message?.parts,
        structured?.message,
        streaming?.content,
        streaming?.isActive,
        streaming?.hasRenderableContent,
        shouldUseInteractivePromptFallback,
        liveInteractivePrompt,
      ]);
      const latestAssistantMessageId = useMemo(() => {
        for (let index = state.messages.length - 1; index >= 0; index--) {
          const candidate = state.messages[index];
          const role = candidate.role ?? candidate.info?.role ?? "user";
          if (role === "assistant") {
            return candidate.info?.id ?? candidate.id;
          }
        }
        return undefined;
      }, [state.messages]);
      const isLatestAssistantMessage =
        !!messageId && latestAssistantMessageId === messageId;
      const [viewState, setViewState] = useState<MessageViewState>({
        showActivityDetails: false,
        showThinkingDetails: false,
        showAllCompletedActivity: false,
        showInternalActivity: false,
      });
      const hasCompletedCondensedActivity =
        !isStreamingActive &&
        !isLatestAssistantMessage &&
        displayEvents.length > MAX_VISIBLE_COMPLETED_ACTIVITY &&
        !viewState.showAllCompletedActivity;
      const visibleDisplayEvents = hasCompletedCondensedActivity
        ? displayEvents.slice(-MAX_VISIBLE_COMPLETED_ACTIVITY)
        : displayEvents;
      const userFacingDisplayEvents = visibleDisplayEvents.filter(
        (event) => !event.internal,
      );
      const internalDisplayEvents = visibleDisplayEvents.filter(
        (event) => event.internal,
      );
      const timelineDisplayEvents =
        viewState.showInternalActivity && internalDisplayEvents.length > 0
          ? visibleDisplayEvents
          : userFacingDisplayEvents;
      const hiddenActivityEventCount = Math.max(
        0,
        displayEvents.length - visibleDisplayEvents.length,
      );
      const activityStatusCounts = useMemo(
        () =>
          userFacingDisplayEvents.reduce(
            (acc, event) => {
              if (event.status === "error") acc.error += 1;
              else if (event.status === "done") acc.done += 1;
              else acc.pending += 1;
              return acc;
            },
            { pending: 0, done: 0, error: 0 },
          ),
        [userFacingDisplayEvents],
      );
      const shouldShowTodoInlineSummary =
        todoItems.length > 0 &&
        (!latestAssistantMessageId || latestAssistantMessageId === messageId);
      const { planStatus, isRevisedPlan } = useMemo(() => {
        let status: "Draft" | "Executing" | "Revision Requested" | undefined;
        let revised = false;
    
        if (plan) {
          status = "Draft"; // Default
          const msgIndex = state.messages.findIndex(
            (m) => m === message || (messageId && (m.info?.id === messageId || m.id === messageId))
          );
    
          if (msgIndex !== -1) {
            // Did user ask for a revision before this plan was generated?
            for (let i = msgIndex - 1; i >= 0; i--) {
              const m = state.messages[i];
              if (m.role === "user") {
                const text = normalizedUserMessageText(m);
                if (isPlanRevisionMessageContent(text)) {
                  revised = true;
                }
                break;
              }
            }
    
            // Did user approve or request revision on this plan?
            for (let i = msgIndex + 1; i < state.messages.length; i++) {
              const m = state.messages[i];
              if (m.role === "assistant" && m.plan) {
                break; // Stop checking if a new plan was spawned
              }
              if (m.role === "user") {
                const text = normalizedUserMessageText(m);
                if (isPlanProceedMessageContent(text)) {
                  status = "Executing";
                  break;
                } else if (isPlanRevisionMessageContent(text)) {
                  status = "Revision Requested";
                  break;
                }
              }
            }
          }
        }
        return { planStatus: status, isRevisedPlan: revised };
      }, [plan, message, messageId, state.messages]);
    
      // Merge subagents from message data and from the store lookup by parent message ID.
      // Prefer store-scoped entries so subagent cards cannot bleed into unrelated messages.
      const subagents = useMemo(() => {
        const fromStore = (
          messageId ? (subagentsByParentMessageId[messageId] ?? []) : []
        ).filter((subagent: SubagentSummary) => {
          if (!messageId) {
            return true;
          }
          return subagent.parentMessageId === messageId;
        });
        const fromMessage = (
          Array.isArray(message?.subagents) ? message.subagents : []
        ).filter((subagent: SubagentSummary) => {
          if (!messageId) {
            return true;
          }
          return subagent.parentMessageId === messageId;
        });
    
        if (fromStore.length === 0) return fromMessage;
        if (fromMessage.length === 0) return fromStore;
    
        // Merge: store entries take precedence (more up-to-date), then append
        // message-scoped entries not yet in the store snapshot.
        const storeIds = new Set(fromStore.map((s: SubagentSummary) => s.id));
        const extra = fromMessage.filter((s) => !storeIds.has(s.id));
        return [...fromStore, ...extra];
      }, [message, messageId, subagentsByParentMessageId]);
      const previousSubagentCount = useRef(subagents.length);
    
      useEffect(() => {
        const hasNewSubagent = subagents.length > previousSubagentCount.current;
        previousSubagentCount.current = subagents.length;
        if (streaming && hasNewSubagent) {
          setShowSubagents(true);
        }
      }, [streaming, subagents.length]);
      const visibleSubagents = showAllSubagents
        ? subagents
        : subagents.slice(0, 10);
    
      useEffect(() => {
        if (subagents.length === 0) {
          setSelectedSubagentId(null);
          dispatch({ type: "SELECT_SUBAGENT", payload: null });
        }
      }, [subagents.length, dispatch]);
    
      const subagentStatusCounts = useMemo(
        () =>
          subagents.reduce(
            (acc, subagent) => {
              const key = subagent.status;
              if (key === "running") acc.running += 1;
              else if (key === "done") acc.done += 1;
              else if (key === "error") acc.error += 1;
              else acc.pending += 1;
              return acc;
            },
            { pending: 0, running: 0, done: 0, error: 0 },
          ),
        [subagents],
      );
      const hasStreamingActivity = !!(
        streaming &&
        ((streaming.content && String(streaming.content).trim().length > 0) ||
          (streaming.reasoning && String(streaming.reasoning).trim().length > 0) ||
          (Array.isArray(streaming.reasoningEvents) &&
            streaming.reasoningEvents.length > 0) ||
          (Array.isArray(streaming.progressEvents) &&
            streaming.progressEvents.length > 0) ||
          (Array.isArray(streaming.steps) && streaming.steps.length > 0) ||
          subagents.length > 0)
      );
    
      const showStreamingLoading =
        !message && !!streaming?.isActive && !hasStreamingActivity;
    
      // Use type-safe helpers instead of type assertions
      const agentName = getAgentName(message, streaming);
      const agentColor = useMemo(() => {
        if (!agentName || agentName === "assistant") return undefined;
        const match = availableAgents.find(
          (a) =>
            a.id === agentName || a.name.toLowerCase() === agentName.toLowerCase(),
        );
        return match?.color ?? undefined;
      }, [agentName, availableAgents]);
      const modelName = useMemo(() => {
        if (streaming?.isActive) {
          if (streaming.model?.name) return streaming.model.name;
          if (streaming.providerID && streaming.modelID)
            return `${streaming.providerID}/${streaming.modelID}`;
          if (streaming.modelID) return streaming.modelID;
        }
        return modelLabel(message ?? ({} as Message));
      }, [message, streaming]);
      const tokens = getTokenInfo(message);
      const inputTok = tokens?.input ?? 0;
      const outputTok = tokens?.output ?? 0;
      const reasoningTok = tokens?.reasoning ?? 0;
      const cache = tokens?.cache;
      const cacheRead = cache?.read ?? 0;
      const cacheWrite = cache?.write ?? 0;
      const duration = getDuration(message, streaming);
      const hasTokens = inputTok > 0 || outputTok > 0 || reasoningTok > 0;
      const showThinkingPlaceholder =
        !streaming && thoughtItems.length === 0 && reasoningTok > 0;
      const thinkingPlaceholderText =
        "Reasoning tokens were used, but this provider did not expose reasoning text.";
      const { rawResponseText } = useMemo(() => {
        const maxRawDebugChars = 30000;
        const withCap = (value: string): string =>
          value.length > maxRawDebugChars
            ? `${value.slice(0, maxRawDebugChars)}\n...<truncated ${value.length - maxRawDebugChars
            } chars>`
            : value;
        const raw = message?.rawResponse;
        if (typeof raw === "undefined") {
          return {
            rawResponseText: "",
          };
        }
        if (typeof raw === "string") {
          return {
            rawResponseText: withCap(raw),
          };
        }
        try {
          return {
            rawResponseText: withCap(JSON.stringify(raw, null, 2)),
          };
        } catch {
          return {
            rawResponseText: withCap(String(raw)),
          };
        }
      }, [message?.rawResponse]);
      // Render raw debug whenever payload exists. Do not gate behind stream-debug
      // flags, otherwise streamed + hydrated sessions can silently hide rawResponse.
      const hasRawResponseDebug = rawResponseText.trim().length > 0;
      const hasThinkingEvents = useMemo(
        () => displayEvents.some((event) => event.kind === "reasoning"),
        [displayEvents],
      );
      const hasPrimaryResponseBody = resolvedContent.trim().length > 0 || !!plan;
      const hasResponseContent = hasPrimaryResponseBody || hasRawResponseDebug;
      const isAborted = message?.aborted === true;
      const structuredRetryError =
        !!message?.error &&
        (message.retryWithoutStructuredOutput === true ||
          isStructuredOutputFailureMessage(message.error));
      const plainTextFallback = message?.plainTextFallback === true;
      const plainTextFallbackTooltip = plainTextFallback
        ? [
          message.plainTextFallbackMessage ||
          "Structured output failed for this turn. Showing plain text response.",
          message.plainTextFallbackReason
            ? `Reason: ${message.plainTextFallbackReason}`
            : "",
        ]
          .filter(Boolean)
          .join("\n")
        : "";
      const isLiveStreamingCard = !message && !!streaming?.isActive;
      const responseBodyClass = isLiveStreamingCard
        ? "w-full"
        : "w-full";
      const markdownBodyClass = isLiveStreamingCard
        ? "w-full max-w-none"
        : "w-full";
      const showResponseSection = hasResponseContent || !!plan;
      const handleCopy = async () => {
        await navigator.clipboard.writeText(resolvedContent);
        setCopied(true);
        setTimeout(() => setCopied(false), 1200);
      };
      const retryLastMessage = (retryWithoutStructuredOutput: boolean) => {
        dispatch({ type: "SET_PROCESSING", payload: true });
        const targetMessageIndex = state.messages.findIndex((candidate) => {
          if (messageId) {
            const candidateId = candidate.info?.id ?? candidate.id;
            return candidateId === messageId;
          }
          return candidate === message;
        });
        if (targetMessageIndex >= 0) {
          let persistedPatchedMessage: Message | undefined;
          const nextMessages = state.messages.map((candidate, index) => {
            if (index !== targetMessageIndex) return candidate;
            const patched = patchMessageRetryState(
              candidate,
              retryWithoutStructuredOutput,
            );
            persistedPatchedMessage = patched;
            return patched;
          });
          dispatch({ type: "SET_MESSAGES", payload: nextMessages });
          if (state.currentSessionId && persistedPatchedMessage) {
            vscode.postMessage({
              type: "persistAssistantMessage",
              sessionId: state.currentSessionId,
              message: persistedPatchedMessage,
            });
          }
        }
        vscode.postMessage({
          type: "retryLastMessage",
          retryWithoutStructuredOutput,
        });
      };
      const openSubagentModal = (subagentId: string) => {
        setSelectedSubagentId(subagentId);
        dispatch({ type: "SELECT_SUBAGENT", payload: subagentId });
      };
    
      const closeSubagentModal = () => {
        setSelectedSubagentId(null);
        dispatch({ type: "SELECT_SUBAGENT", payload: null });
      };
      const copyRefs = async (detail: SubagentDetail) => {
        const refs = [
          `parentSessionID=${detail.parentSessionId}`,
          `parentMessageID=${detail.parentMessageId}`,
          detail.childSessionId ? `childSessionID=${detail.childSessionId}` : null,
          ...detail.references.map((ref, index) => {
            const parts = [
              ref.messageID ? `messageID=${ref.messageID}` : null,
              ref.partID ? `partID=${ref.partID}` : null,
              ref.callID ? `callID=${ref.callID}` : null,
            ].filter(Boolean);
            return parts.length > 0 ? `ref${index + 1}: ${parts.join(" ")}` : null;
          }),
        ]
          .filter((item): item is string => !!item)
          .join("\n");
        await navigator.clipboard.writeText(refs);
      };
    
      useEffect(() => {
        const root = messageBodyRef.current;
        if (!root) return;
    
        const onClick = (event: MouseEvent) => {
          const target = event.target;
          if (!(target instanceof HTMLImageElement)) return;
          if (!target.closest(".markdown-body")) return;
    
          const src = target.currentSrc || target.src;
          if (!src) return;
          setPreviewImageSrc(src);
        };
    
        root.addEventListener("click", onClick);
        return () => root.removeEventListener("click", onClick);
      }, []);
    
      const responseEnterClass = streaming
        ? "oc-assistant-streaming-enter"
        : "oc-assistant-response-enter";
    
      return (
        <div
          id={messageId ? `msg-${messageId}` : undefined}
          data-message-id={messageId || undefined}
          className={`oc-message-enter ${responseEnterClass} ${isContiguous ? "mb-4 mt-[-12px]" : "mb-5"} px-4`}
        >
          <div
            className={cn(
              "oc-msg-assistant",
            )}
            ref={messageBodyRef}
          >
            {!isContiguous && (
              <div className="mb-2.5 flex flex-wrap items-start justify-between gap-2">
                <div className="flex min-w-0 flex-1 flex-col gap-1.5 sm:flex-row sm:items-center sm:gap-2">
                  {showStreamingLoading ? (
                    <ThinkingStatusTicker className="text-[#4e648c]" />
                  ) : (
                    <>
                      <div className="oc-msg-header-left flex items-center gap-1.5 min-w-0">
                        <div
                          className="oc-agent-icon flex items-center justify-center rounded-md p-1"
                          style={
                            agentColor
                              ? { backgroundColor: `${agentColor}26` }
                              : { backgroundColor: "var(--oc-accent-soft)" }
                          }
                        >
                          <Zap
                            className="h-4 w-4"
                            style={
                              agentColor
                                ? { color: agentColor }
                                : { color: "var(--oc-accent)" }
                            }
                          />
                        </div>
                        <div className="flex min-w-0 flex-wrap items-center gap-2">
                          <span
                            className="oc-msg-agent-name font-semibold text-oc-sm truncate shrink-0"
                            style={
                              agentColor
                                ? {
                                  color: agentColor,
                                }
                                : undefined
                            }
                          >
                            {agentName !== "assistant" ? agentName : "AI"}
                          </span>
                          {modelName && modelName !== "assistant" && (
                            <div className="flex items-center gap-1.5 opacity-60 min-w-0 truncate">
                              <span className="text-oc-xs font-mono shrink-0">
                                •
                              </span>
                              <span className="oc-msg-model-label truncate text-oc-xs">
                                {modelName}
                              </span>
                            </div>
                          )}
                        </div>
                      </div>
                      {hasTokens && (
                        <div className="oc-msg-token-chips flex min-w-0 flex-wrap items-center gap-2 text-[11px] sm:ml-auto sm:text-[12px]">
                          {/* Prompt - Uses existing oc-yellow for warmth */}
                          <div className="group/token relative inline-flex items-center gap-2 px-2.5 py-1 rounded-lg border border-oc-border bg-oc-panel-soft hover:bg-oc-panel transition-all duration-200 cursor-help">
                            <div className="h-1 w-1 rounded-full bg-oc-yellow" />
                            <div className="flex items-baseline gap-1">
                              <span className="text-[10px] uppercase tracking-wide text-oc-text-muted">
                                prompt
                              </span>
                              <span className="font-mono font-medium text-oc-text tabular-nums">
                                {inputTok.toLocaleString()}
                              </span>
                            </div>
                          </div>
    
                          {/* Response - Uses oc-accent for primary action */}
                          <div className="group/token relative inline-flex items-center gap-2 px-2.5 py-1 rounded-lg border border-oc-border bg-oc-panel-soft hover:bg-oc-panel transition-all duration-200 cursor-help">
                            <div className="h-1 w-1 rounded-full bg-oc-accent" />
                            <div className="flex items-baseline gap-1">
                              <span className="text-[10px] uppercase tracking-wide text-oc-text-muted">
                                response
                              </span>
                              <span className="font-mono font-medium text-oc-text tabular-nums">
                                {outputTok.toLocaleString()}
                              </span>
                            </div>
                          </div>
    
                          {reasoningTok > 0 && (
                            <div className="group/token relative inline-flex items-center gap-2 px-2.5 py-1 rounded-lg border border-oc-border bg-oc-panel-soft hover:bg-oc-panel transition-all duration-200 cursor-help">
                              <div className="h-1 w-1 rounded-full bg-oc-amber-custom" />
                              <div className="flex items-baseline gap-1">
                                <span className="text-[10px] uppercase tracking-wide text-oc-text-muted">
                                  reasoning
                                </span>
                                <span className="font-mono font-medium text-oc-text tabular-nums">
                                  {reasoningTok.toLocaleString()}
                                </span>
                              </div>
                            </div>
                          )}
    
                          {cacheRead > 0 && (
                            <div className="group/token relative inline-flex items-center gap-2 px-2.5 py-1 rounded-lg border border-oc-border bg-oc-panel-soft hover:bg-oc-panel transition-all duration-200 cursor-help">
                              <div className="h-1 w-1 rounded-full bg-oc-green" />
                              <div className="flex items-baseline gap-1">
                                <span className="text-[10px] uppercase tracking-wide text-oc-text-muted">
                                  cache read
                                </span>
                                <span className="font-mono font-medium text-oc-text tabular-nums">
                                  {cacheRead.toLocaleString()}
                                </span>
                              </div>
                            </div>
                          )}
    
                          {cacheWrite > 0 && (
                            <div className="group/token relative inline-flex items-center gap-2 px-2.5 py-1 rounded-lg border border-oc-border bg-oc-panel-soft hover:bg-oc-panel transition-all duration-200 cursor-help">
                              <div className="h-1 w-1 rounded-full bg-oc-orange" />
                              <div className="flex items-baseline gap-1">
                                <span className="text-[10px] uppercase tracking-wide text-oc-text-muted">
                                  cache write
                                </span>
                                <span className="font-mono font-medium text-oc-text tabular-nums">
                                  {cacheWrite.toLocaleString()}
                                </span>
                              </div>
                            </div>
                          )}
    
                          {typeof duration === "number" && (
                            <div className="group/token relative inline-flex items-center gap-2 px-2.5 py-1 rounded-lg border border-oc-border bg-oc-panel-soft hover:bg-oc-panel transition-all duration-200">
                              <svg className="h-3 w-3 text-oc-text-muted opacity-70" viewBox="0 0 24 24" fill="none" stroke="currentColor" strokeWidth="2">
                                <circle cx="12" cy="12" r="10" />
                                <path d="M12 6v6l4 2" />
                              </svg>
                              <span className="font-mono text-oc-text-muted tabular-nums">
                                {duration.toFixed(1)}s
                              </span>
                            </div>
                          )}
                        </div>
                      )}
                    </>
                  )}
                </div>
                <div className="flex shrink-0 items-center gap-1">
                  {plainTextFallback && (
                    <span
                      className="inline-flex h-6 w-6 items-center justify-center rounded-md border border-oc-border text-oc-text-muted"
                      title={plainTextFallbackTooltip}
                    >
                      <AlertCircle className="h-3.5 w-3.5 text-oc-yellow" />
                    </span>
                  )}
                  <button
                    type="button"
                    className="oc-msg-copy-btn h-6 w-6"
                    onClick={handleCopy}
                    title="Copy message"
                  >
                    {copied ? (
                      <Check className="h-3 w-3 text-oc-green" />
                    ) : (
                      <Copy className="h-3 w-3" />
                    )}
                  </button>
                </div>
              </div>
            )}
    
            <div className="space-y-3">
              {shouldShowTodoInlineSummary && <TodoInlineSummary todoItems={todoItems} />}
    
              {(displayEvents.length > 0 || showThinkingPlaceholder) && (
                <section
                  data-assistant-section="activity"
                  className="rounded-md border border-oc-border bg-oc-panel-soft/40"
                >
                  <div className="flex flex-wrap items-center justify-between gap-2 px-3 py-2.5">
                    <div className="inline-flex items-center gap-1.5">
                      <span className="rounded border border-oc-border px-1.5 py-0.5 font-mono text-[10px] text-oc-text-muted">
                        {timelineDisplayEvents.length}
                      </span>
                      {hiddenActivityEventCount > 0 && (
                        <span className="text-xs text-oc-text-muted">
                      +{hiddenActivityEventCount} hidden
                        </span>
                      )}
                    </div>
    
                    <div className="flex flex-wrap items-center gap-1.5">
                      {activityStatusCounts.pending > 0 && (
                        <span className="rounded border border-oc-border px-1.5 py-0.5 font-mono text-[10px] text-oc-accent">
                          pending {activityStatusCounts.pending}
                        </span>
                      )}
                      {activityStatusCounts.done > 0 && (
                        <span className="rounded border border-oc-border px-1.5 py-0.5 font-mono text-[10px] text-oc-green">
                          done {activityStatusCounts.done}
                        </span>
                      )}
                      {activityStatusCounts.error > 0 && (
                        <span className="rounded border border-oc-border px-1.5 py-0.5 font-mono text-[10px] text-oc-red">
                          error {activityStatusCounts.error}
                        </span>
                      )}
                      <button
                        type="button"
                        className="rounded border border-oc-border px-1.5 py-0.5 font-mono text-[10px] text-oc-text-muted hover:text-oc-text-soft"
                        onClick={() =>
                          dispatch({
                            type: "TOGGLE_ACTIVITY_DETAILS",
                            payload: { messageId: message.id || messageId },
                          })
                        }
                      >
                        text {viewState.showActivityDetails ? "full" : "preview"}
                      </button>
                    </div>
                  </div>
    
                  <div className="border-t border-oc-border px-3 py-2.5">
                    {timelineDisplayEvents.length > 0 && (
                      <>
                        <Stepper
                          className="oc-refined-stepper max-h-[400px] overflow-y-auto pl-2"
                          ref={progressTimelineRef}
                          autoScrollToBottom={isStreamingActive}
                        >
                          {timelineDisplayEvents.map((event, index) => {
                            const isLast =
                              index === timelineDisplayEvents.length - 1;
                            const isLatestStreamingEvent =
                              isStreamingActive && isLast;
                            const indicatorNode = <StepIndicator status={event.status} />;
                            const fileName = event.filePath
                              ? event.filePath.split(/[/\\]/).pop()
                              : undefined;
                            const shouldShowDetail = viewState.showActivityDetails;
    
                            return (
                              <StepperItem
                                key={event.key}
                                isLast={isLast}
                                indicator={indicatorNode}
                                className={cn(
                                  "oc-refined-stepper-item group",
                                  isLatestStreamingEvent
                                    ? "is-streaming"
                                    : "",
                                )}
                              >
                                <ExpandableStep>
                                  <div className="flex min-w-0 flex-col items-start gap-2 w-full">
                                  <div className="flex items-center gap-2 flex-wrap">
                                    <span
                                      className={cn(
                                        "oc-refined-event-label",
                                        event.kind === "reasoning" && "reasoning",
                                        // event.kind === "activity" && "uppercase"
                                        event.kind === "activity" && "activity",
                                      )}
                                      data-operation={event.label.toLowerCase()}
                                    >
                                      {event.label}
                                    </span>
                                    {event.kind === "activity" && event.source && (
                                      <span className="oc-refined-meta-badge">
                                        {event.source === "raw_debug"
                                          ? "raw"
                                          : event.source}
                                      </span>
                                    )}
                                    {event.kind === "activity" && event.internal && (
                                      <span className="oc-refined-meta-badge">
                                        internal
                                      </span>
                                    )}
                                  </div>
    
                                  <span className="flex min-w-0 flex-1 flex-col gap-1 oc-refined-event-content w-full">
                                    {event.filePath ? (
                                      <button
                                        type="button"
                                        className="oc-refined-file-link"
                                        title={event.filePath}
                                        onClick={() =>
                                          vscode.postMessage({
                                            type: "openFile",
                                            file: event.filePath!,
                                          })
                                        }
                                      >
                                        <FileIcon filePath={event.filePath} />
                                        <span className="break-words whitespace-pre-wrap">
                                          {fileName || event.summary}
                                        </span>
                                      </button>
                                    ) : (
                                      event.summary && (
                                        <div
                                          className={cn(
                                            "oc-refined-event-summary",
                                            event.kind === "reasoning" &&
                                            !viewState.showThinkingDetails &&
                                            "line-clamp-2",
                                          )}
                                        >
                                          <MarkdownRenderer
                                            content={event.summary}
                                            className="markdown-body"
                                          />
                                        </div>
                                      )
                                    )}
    
                                    {/* Compact diff preview for write/edit operations */}
                                    {event.activityDetail?.diffExcerpt && (
                                      <CompactDiffPreview
                                        excerpt={event.activityDetail.diffExcerpt}
                                        filePath={event.filePath}
                                        maxLines={5}
                                      />
                                    )}
    
                                    {event.description && (
                                      <div className="oc-refined-event-content">
                                        <MarkdownRenderer
                                          content={event.description}
                                          className="markdown-body"
                                        />
                                      </div>
                                    )}
    
                                    {event.updateCount > 1 && (
                                      <span className="oc-refined-update-count">
                                        x{event.updateCount} updates
                                      </span>
                                    )}
    
                                    {shouldShowDetail && event.detail && (
                                      <div className="oc-refined-event-content">
                                        <MarkdownRenderer
                                          content={event.detail}
                                          className="markdown-body"
                                        />
                                      </div>
                                    )}
    
                                    {shouldShowDetail && event.activityDetail && (
                                      <div className="oc-refined-activity-details flex flex-col gap-2">
                                        <div className="flex flex-wrap items-center gap-2">
                                          {event.activityDetail.tool && (
                                            <span className="oc-refined-detail-badge">
                                              tool {event.activityDetail.tool}
                                            </span>
                                          )}
                                          {event.activityDetail.query && (
                                            <span className="oc-refined-detail-badge">
                                              query {event.activityDetail.query}
                                            </span>
                                          )}
                                        </div>
    
                                        {event.activityDetail.command && (
                                          <TerminalBlock command={event.activityDetail.command} />
                                        )}
    
                                        {event.activityDetail.diffExcerpt?.lines?.length ? (
                                          <ActivityDiffExcerpt excerpt={event.activityDetail.diffExcerpt} />
                                        ) : null}
                                      </div>
                                    )}
                                  </span>
    
                                  {event.diffStats &&
                                    (event.diffStats.added > 0 ||
                                      event.diffStats.deleted > 0) && (
                                      <span className="oc-refined-diff-stats">
                                        {event.diffStats.added > 0 && (
                                          <span className="oc-refined-diff-add">
                                            +{event.diffStats.added}
                                          </span>
                                        )}
                                        {event.diffStats.deleted > 0 && (
                                          <span className="oc-refined-diff-del">
                                            -{event.diffStats.deleted}
                                          </span>
                                        )}
                                      </span>
                                    )}
    
                                  {event.viewDiffFile && (
                                    <button
                                      type="button"
                                      className="shrink-0 rounded border border-oc-border px-2 py-0.5 text-[10px] font-medium text-oc-text-muted hover:text-oc-text-soft"
                                      onClick={() =>
                                        vscode.postMessage({
                                          type: "openDiff",
                                          file: event.viewDiffFile,
                                        })
                                      }
                                    >
                                      View diff
                                    </button>
                                  )}
                                </div>
                                </ExpandableStep>
                              </StepperItem>
                            );
                          })}
                        </Stepper>
    
                        {showThinkingPlaceholder && !hasThinkingEvents && (
                          <Stepper className="mt-2 max-h-[120px] overflow-y-auto pl-1 font-sans text-[12px]">
                            <StepperItem
                              isLast={true}
                              indicator={
                                <div className="h-2 w-2 rounded-full border border-oc-accent/70 bg-oc-accent/30 animate-pulse" />
                              }
                            >
                              <div className="flex min-w-0 items-start gap-2.5 pt-[3px]">
                                <span className="inline-block min-w-[64px] shrink-0 rounded border border-oc-border px-1.5 py-[3px] text-center font-mono text-[10px] font-semibold text-oc-text-muted">
                                  Reasoning
                                </span>
                                <span
                                  className={cn(
                                    "flex-1 whitespace-pre-wrap break-words text-[11px] text-oc-text-muted",
                                    !viewState.showThinkingDetails && "line-clamp-2",
                                  )}
                                >
                                  {thinkingPlaceholderText}
                                </span>
                              </div>
                            </StepperItem>
                          </Stepper>
                        )}
    
                        {!isStreamingActive &&
                          displayEvents.length >
                          MAX_VISIBLE_COMPLETED_ACTIVITY && (
                            <button
                              type="button"
                              className="mt-2 text-[11px] font-mono text-oc-accent hover:underline"
                              onClick={() =>
                                setViewState((prev) => ({
                                  ...prev,
                                  showAllCompletedActivity:
                                    !prev.showAllCompletedActivity,
                                }))
                              }
                            >
                              {hasCompletedCondensedActivity
                                ? "Show " +
                                hiddenActivityEventCount +
                                " older events"
                                : "Show fewer events"}
                            </button>
                          )}
                      </>
                    )}
                  </div>
                </section>
              )}
    
              {showResponseSection && (
                <section
                  data-assistant-section="response"
                  className="rounded-md border border-oc-border bg-background p-3.5 shadow-sm"
                >
                  {hasResponseContent && (
                    <div className={responseBodyClass}>
                      <MarkdownRenderer
                        content={resolvedContent}
                        className={markdownBodyClass}
                      />
                    </div>
                  )}
    
                  {plan && !message?.interactiveEvents?.length && (
                    <div
                      className={
                        hasResponseContent
                          ? "mt-3 pt-3 border-t border-oc-border/30"
                          : undefined
                      }
                    >
                      <div className="plan-card flex items-center justify-between gap-2">
                        <div className="flex flex-col gap-0.5 min-w-0">
                          <div className="flex flex-wrap items-center gap-2">
                            <div className="text-oc-xs font-semibold text-oc-text-soft uppercase tracking-widest font-mono">
                              {plan.title || "Implementation Plan"}
                            </div>
                            {isRevisedPlan && (
                              <span className="rounded bg-oc-blue/20 text-oc-blue px-1.5 py-0.5 text-[9px] font-bold uppercase tracking-wider">
                                Revised
                              </span>
                            )}
                            {planStatus === "Executing" && (
                              <span className="rounded bg-oc-green/20 text-oc-green px-1.5 py-0.5 text-[9px] font-bold uppercase tracking-wider">
                                Approved
                              </span>
                            )}
                            {planStatus === "Revision Requested" && (
                              <span className="rounded bg-oc-yellow/20 text-oc-yellow px-1.5 py-0.5 text-[9px] font-bold uppercase tracking-wider">
                                Revision Requested
                              </span>
                            )}
                            {planStatus === "Draft" && (
                              <span className="rounded border border-oc-border text-oc-text-muted px-1.5 py-0.5 text-[9px] font-bold uppercase tracking-wider">
                                Draft
                              </span>
                            )}
                          </div>
                          {plan.file ? (
                            <div className="flex items-center gap-1.5 text-[11px] font-mono text-oc-text-muted">
                              <FileIcon filePath={plan.file} />
                              <span className="truncate" title={plan.file}>{plan.file}</span>
                            </div>
                          ) : (
                            <div className="flex items-center gap-1.5 text-[11px] font-mono text-oc-text-muted/50 italic">
                              (no file)
                            </div>
                          )}
                        </div>
                        <button
                          type="button"
                          title="Core Feature: View Implementation Plan"
                          onClick={() => vscode.postMessage({ type: "viewPlan", plan })}
                          className="oc-plan-btn shrink-0"
                        >
                          <FileTextIcon className="h-3 w-3" />
                          View Plan
                        </button>
                      </div>
                    </div>
                  )}
    
                  {hasRawResponseDebug && (
                    <div
                      data-assistant-section="raw-response-debug"
                      className={
                        hasPrimaryResponseBody
                          ? "mt-3 pt-3 border-t border-oc-border/30"
                          : undefined
                      }
                    >
                      <div className="mb-1.5 flex items-center justify-between gap-2">
                        <div className="text-[11px] font-semibold uppercase tracking-[0.08em] text-oc-text-soft">
                          Raw Response (Debug)
                        </div>
                      </div>
                      <pre className="max-h-[260px] overflow-auto rounded border border-oc-border bg-oc-panel-soft/60 p-2 text-[11px] leading-relaxed text-oc-text-soft whitespace-pre-wrap break-words font-mono">
                        {rawResponseText}
                      </pre>
                    </div>
                  )}
    
                </section>
              )}
            </div>
    
            {isAborted && (
              <div className="mt-2">
                <AbortedBanner onRetry={() => retryLastMessage(false)} />
              </div>
            )}
    
            {message?.error && !structuredRetryError && !isAborted && (
              <div className="mt-2">
                {(() => {
                  const retryWithoutStructuredOutput =
                    message.retryWithoutStructuredOutput === true ||
                    isStructuredOutputFailureMessage(message.error);
                  return (
                    <ErrorBanner
                      message={message.error}
                      retryLabel={
                        retryWithoutStructuredOutput
                          ? "Retry Without Structured Output"
                          : "Retry"
                      }
                      retryHint={
                        retryWithoutStructuredOutput
                          ? "This will resend your last prompt as plain text (no json_schema)."
                          : undefined
                      }
                      onRetry={() => {
                        retryLastMessage(retryWithoutStructuredOutput);
                      }}
                    />
                  );
                })()}
              </div>
            )}
    
            {message?.retryState === "retrying_without_structured_output" && (
              <div className="mt-2">
                <InfoBanner
                  message={
                    message.retryMessage ||
                    "Retrying without structured output..."
                  }
                />
              </div>
            )}
    
            <ImagePreviewModal
              isOpen={previewImageSrc !== null}
              imageSrc={previewImageSrc}
              imageAlt="Conversation image"
              title="Image Preview"
              onClose={() => setPreviewImageSrc(null)}
            />
    
            {selectedSubagentId &&
              (() => {
                const selected = subagents.find(
                  (subagent) => subagent.id === selectedSubagentId,
                );
                if (!selected) return null;
    
                const detailData =
                  (subagentDetailsById[selected.id] as
                    | SubagentDetail
                    | undefined) ||
                  ({
                    ...selected,
                    thinkingEvents: [],
                    progressEvents: [],
                    timelineEvents: [],
                  } as SubagentDetail);
                const providerLabel = subagentModelLabel(selected, detailData);
                const displayTitle = subagentAgentLabel(selected, detailData);
    
                return (
                  <SubagentDetailModal
                    isOpen={Boolean(selectedSubagentId)}
                    title={displayTitle}
                    providerLabel={providerLabel}
                    detail={detailData}
                    colorClass={getSubagentColor(selected.id)}
                    onClose={closeSubagentModal}
                    onCopyRefs={copyRefs}
                    onJumpToParent={() =>
                      jumpToMessage(selected.parentMessageId || messageId || "")
                    }
                  />
                );
              })()}
    
            {subagents.length > 0 && (
              <div className="mt-3 mb-3 overflow-hidden rounded-md border border-oc-border bg-oc-panel-soft">
                <button
                  type="button"
                  className="w-full border-b border-oc-border px-2.5 py-2 text-left hover:bg-oc-panel"
                  onClick={() => setShowSubagents((value) => !value)}
                >
                  <div className="flex items-center justify-between gap-2">
                    <div className="flex min-w-0 items-center gap-2">
                      <Sparkles className="h-3.5 w-3.5 text-oc-accent" />
                      <span className="text-[11px] font-semibold uppercase tracking-wider text-oc-text-soft">
                        Spawned Subagents
                      </span>
                      <span className="rounded-md border border-oc-border px-1.5 py-0.5 font-mono text-oc-2xs text-oc-text-muted">
                        {subagents.length}
                      </span>
                    </div>
                    <div className="flex items-center gap-1.5">
                      {subagentStatusCounts.running > 0 && (
                        <Badge className="h-5 bg-oc-accent/10 px-1.5 text-[10px] text-oc-accent">
                          {subagentStatusCounts.running} running
                        </Badge>
                      )}
                      {subagentStatusCounts.done > 0 && (
                        <Badge className="h-5 bg-oc-green/10 px-1.5 text-[10px] text-oc-green">
                          {subagentStatusCounts.done} done
                        </Badge>
                      )}
                      {subagentStatusCounts.error > 0 && (
                        <Badge className="h-5 bg-oc-red/10 px-1.5 text-[10px] text-oc-red">
                          {subagentStatusCounts.error} error
                        </Badge>
                      )}
                    </div>
                  </div>
                </button>
    
                {showSubagents && (
                  <div className="space-y-2 p-2.5">
                    <div
                      className="max-h-[320px] space-y-1.5 overflow-y-auto pr-1 pb-2"
                      style={{ scrollPaddingBottom: "0.5rem" }}
                    >
                      {visibleSubagents.map((subagent: SubagentSummary) => {
                        const detail = subagentDetailsById[subagent.id] as
                          | SubagentDetail
                          | undefined;
                        const agentLabel = subagentAgentLabel(subagent, detail);
                        const modelInfo = subagentModelLabel(subagent, detail);
                        const cardStyle = getSubagentCardStyle(subagent.id);
                        const accentTextStyle = getSubagentAccentTextStyle(
                          subagent.id,
                        );
                        const metaStyle = getSubagentMetaStyle(subagent.id);
                        const statusText =
                          subagentStatusLabel(subagent.status) || "Pending";
                        const activityText =
                          subagent.latestActivity ||
                          statusText ||
                          "Initializing...";
                        const shouldShowActivity =
                          activityText.trim().toLowerCase() !==
                          statusText.trim().toLowerCase();
    
                        return (
                          <button
                            key={subagent.id}
                            type="button"
                            className={cn(
                              "w-full rounded-md border border-oc-border bg-oc-bg-soft px-2 py-1.5 text-left transition-colors",
                              "hover:bg-oc-panel",
                            )}
                            style={cardStyle}
                            onClick={() => openSubagentModal(subagent.id)}
                          >
                            <div className="flex items-center justify-between gap-2">
                              <div className="flex min-w-0 items-center gap-2">
                                <div
                                  className="oc-agent-icon shrink-0"
                                  style={accentTextStyle}
                                >
                                  {subagent.status === "running" ? (
                                    <Loader2 className="h-3 w-3 animate-spin" />
                                  ) : subagent.status === "error" ? (
                                    <X className="h-3 w-3 text-oc-red" />
                                  ) : (
                                    <Check className="h-3 w-3" />
                                  )}
                                </div>
                                <span className="truncate text-oc-xs font-semibold text-oc-text-soft">
                                  {agentLabel}
                                </span>
                              </div>
                              <span className="font-mono text-oc-2xs text-oc-text-muted">
                                {formatDuration(subagent.durationMs ?? 0)}
                              </span>
                            </div>
                            <div className="mt-1 flex min-w-0 items-center gap-1.5">
                              <span
                                className="truncate rounded-sm border px-1 py-0.5 font-mono text-[10px] leading-none text-oc-text-soft"
                                style={metaStyle}
                                title={modelInfo}
                              >
                                {modelInfo}
                              </span>
                              <span className="text-[10px] font-medium text-oc-text-muted">
                                {statusText}
                              </span>
                            </div>
                            {shouldShowActivity ? (
                              <div className="mt-0.5 min-h-[14px] font-mono text-[10px] text-oc-text-muted">
                                <FadeSwapText
                                  text={activityText}
                                  className="block truncate"
                                  durationMs={220}
                                />
                              </div>
                            ) : null}
                          </button>
                        );
                      })}
                      {subagents.length > 10 ? (
                        <button
                          type="button"
                          className="text-oc-2xs font-mono text-oc-accent hover:underline"
                          onClick={() => setShowAllSubagents((value) => !value)}
                        >
                          {showAllSubagents
                            ? "Show less"
                            : `Show all (${subagents.length})`}
                        </button>
                      ) : null}
                    </div>
                  </div>
                )}
              </div>
            )}
    
            {isStreamingActive && !showResponseSection && hasStreamingActivity && (
              <div className="mt-2 mb-2 px-1">
                <ThinkingStatusTicker className="text-[#4e648c]" />
              </div>
            )}
            {/* Raw Data â€" moved last so it doesn't interrupt the reading flow */}
            {/* {(message || streaming) && (
              <details className="group mb-3">
                <summary className="flex cursor-pointer list-none items-center gap-1.5 text-oc-xs font-mono text-oc-text-muted hover:text-oc-text-soft transition-colors">
                  <span className="inline-block text-oc-2xs transition-transform group-open:rotate-90">
                    â€º
                  </span>
                  <span className="opacity-50">Raw Data</span>
                </summary>
                <div className="mt-2 rounded-md border border-oc-border bg-oc-panel-soft p-2.5">
                  <pre className="overflow-x-auto text-oc-2xs font-mono text-oc-text-soft whitespace-pre-wrap break-words max-h-64 overflow-y-auto">
                    {JSON.stringify(
                      {
                        message: message
                          ? {
                              id: message.id,
                              role: message.role,
                              contentLength:
                                message.content?.length ||
                                message.text?.length ||
                                0,
                              partsCount: message.parts?.length || 0,
                              info: message.info,
                              hasReasoning:
                                !!message.reasoningEvents?.length ||
                                !!message.parts?.some(
                                  (p) => p.reasoning || p.thought || p.thinking,
                                ),
                              hasSteps: !!message.steps?.length,
                              hasProgressEvents: !!message.progressEvents?.length,
                              hasSubagents: !!message.subagents?.length,
                              hasPlan: !!message.plan,
                            edits: message.edits?.map((file: { file: string }) => file.file),
                            createdAt: message.created,
                            duration: message.info?.duration ?? message.duration,
                            }
                          : null,
                        streaming: streaming
                          ? {
                              isActive: streaming.isActive,
                              contentLength: streaming.content?.length || 0,
                              stepsCount: streaming.steps?.length || 0,
                              progressEventsCount:
                                streaming.progressEvents?.length || 0,
                            }
                          : null,
                      },
                      null,
                      2,
                    )}
                  </pre>
                </div>
              </details>
            )} */}
          </div>
        </div>
      );
    });
    
    export function AssistantMessage({
      message,
      streaming,
      isContiguous,
    }: {
      message?: Message;
      streaming?: StreamingState;
      isContiguous?: boolean;
    }) {
      const {
        subagentsByParentMessageId,
        subagentDetailsById,
        availableAgents,
        todoItems = [],
      } = useAppState();
    
      return (
        <AssistantMessageInner
          message={message}
          streaming={streaming}
          isContiguous={isContiguous}
          subagentsByParentMessageId={subagentsByParentMessageId}
          subagentDetailsById={subagentDetailsById}
          availableAgents={availableAgents}
          todoItems={todoItems}
        />
      );
    }
    export function PermissionCard({ perm }: { perm: unknown }) {
      const label = typeof perm === "string" ? perm : JSON.stringify(perm);
      return (
        <div className="oc-message-enter mb-5 px-4">
          <div className="rounded-xl border oc-warning-border oc-warning-bg p-3.5">
            <div className="mb-1.5 flex items-center gap-2">
              <div className="h-4 w-4 rounded-sm bg-[rgba(210,153,34,0.2)] flex items-center justify-center">
                <span className="text-oc-2xs">⚠️</span>
              </div>
              <div className="text-oc-sm font-semibold text-oc-yellow">
                Permission Required
              </div>
            </div>
            <div className="text-oc-sm text-oc-text-soft opacity-70 leading-relaxed">
              {label}
            </div>
          </div>
        </div>
      );
    }
    
    export function ErrorBanner({
      message,
      onRetry,
      retryLabel,
      retryHint,
    }: {
      message: string;
      onRetry?: () => void;
      retryLabel?: string;
      retryHint?: string;
    }) {
      const errorDetails =
        typeof message === "string" && message.trim().length > 0
          ? message.trim()
          : "Unknown error";
    
      return (
        <div className="mb-2 px-4">
          <div className="flex flex-col gap-2 rounded-lg border border-[#dc262680] bg-[#7f1d1d26] p-2.5 text-oc-xs text-[#fee2e2] shadow-[0_4px_14px_rgba(127,29,29,0.18)] transition-all duration-200">
            <div className="flex items-center gap-2">
              <span className="inline-flex h-5 w-5 items-center justify-center rounded-md border border-[#ef444480] bg-[#ef444426]">
                <AlertCircle className="h-3 w-3 shrink-0 text-[#fca5a5]" />
              </span>
              <span className="text-[10px] font-semibold uppercase tracking-[0.07em] text-[#fca5a5]">
                Request failed
              </span>
            </div>
    
            <div className="rounded-md border border-[#ef444440] bg-[#450a0a59] px-2 py-1.5">
              <div className="mb-1 text-[9px] font-semibold uppercase tracking-[0.08em] text-[#fca5a5]">
                Error message
              </div>
              <div className="overflow-hidden text-[11px] leading-snug text-[#fee2e2] whitespace-pre-wrap break-words">
                {errorDetails}
              </div>
            </div>
    
            {onRetry && (
              <div className="flex justify-start">
                <button
                  type="button"
                  onClick={onRetry}
                  className="inline-flex items-center gap-1.5 rounded-md border border-[#ef444480] bg-[#ef444426] px-2.5 py-1 text-[11px] font-medium text-[#fecaca] transition-all hover:bg-[#ef444440] active:scale-95"
                >
                  <RotateCw className="h-3 w-3" />
                  <span>{retryLabel || "Retry"}</span>
                </button>
              </div>
            )}
            {retryHint ? (
              <div className="text-[10px] leading-snug text-[#fca5a5]">{retryHint}</div>
            ) : null}
          </div>
        </div>
      );
    }
    
    export function AbortedBanner({ onRetry }: { onRetry?: () => void }) {
      return (
        <div className="mb-3">
          <div className="relative overflow-hidden rounded-lg border border-[#d9770640] bg-gradient-to-br from-[#d9770615] to-[#b4530910] backdrop-blur-sm">
            {/* Decorative geometric pattern - diagonal stripes */}
            <div className="absolute inset-0 opacity-[0.03]">
              <div className="absolute inset-0" style={{
                backgroundImage: `repeating-linear-gradient(
                  45deg,
                  transparent,
                  transparent 10px,
                  #d97706 10px,
                  #d97706 11px
                )`
              }} />
            </div>
    
            <div className="relative flex items-center justify-between gap-3 px-3 py-3">
              {/* Left side - icon and message */}
              <div className="flex items-center gap-3">
                {/* Refined icon container with glow */}
                <div className="relative">
                  <div className="absolute inset-0 rounded-full bg-[#d9770620] blur-md" />
                  <div className="relative flex h-8 w-8 items-center justify-center rounded-full border border-[#d9770640] bg-[#d9770625] backdrop-blur-sm">
                    <StopCircle className="h-4 w-4 text-[#fbbf24] drop-shadow-sm" />
                  </div>
                </div>
    
                {/* Typography - editorial style with hierarchy */}
                <div className="flex flex-col gap-0.5">
                  <div className="flex items-center gap-2">
                    <span className="text-[11px] font-semibold tracking-wide text-[#fbbf24] uppercase" style={{ fontFamily: "'SF Mono', 'Cascadia Code', monospace" }}>
                      Interrupted
                    </span>
                    <span className="h-3 w-px rounded-full bg-[#d9770640]" />
                  </div>
                  <span className="text-[12px] text-[#d6d3d1]/90 leading-snug" style={{ fontFamily: "-apple-system, BlinkMacSystemFont, 'Segoe UI', sans-serif" }}>
                    Response stopped by user
                  </span>
                </div>
              </div>
    
              {/* Right side - retry button with refined styling */}
              {onRetry && (
                <div className="flex flex-col items-end gap-1.5">
                  <button
                    type="button"
                    onClick={onRetry}
                    className="group relative inline-flex items-center gap-1.5 rounded-md border border-[#d9770650] bg-[#d9770620] px-3 py-1.5 text-[11px] font-medium text-[#fbbf24] backdrop-blur-sm transition-all duration-200 hover:border-[#d9770670] hover:bg-[#d9770630] active:scale-95"
                    style={{ fontFamily: "'SF Mono', 'Cascadia Code', monospace" }}
                  >
                    <RotateCw className="h-3 w-3 transition-transform duration-500 group-hover:rotate-180" />
                    <span className="tracking-wide">RETRY</span>
                  </button>
                  <span className="text-[9px] text-[#d6d3d1]/60 uppercase tracking-wider" style={{ fontFamily: "-apple-system, BlinkMacSystemFont, 'Segoe UI', sans-serif" }}>
                    Resume generation
                  </span>
                </div>
              )}
            </div>
    
            {/* Bottom accent line with subtle gradient */}
            <div className="absolute bottom-0 left-0 right-0 h-px bg-gradient-to-r from-transparent via-[#d9770640] to-transparent" />
          </div>
        </div>
      );
    }
    
    export function InfoBanner({ message }: { message: string }) {
      const infoDetails =
        typeof message === "string" && message.trim().length > 0
          ? message.trim()
          : "Working...";
    
      return (
        <div className="mb-2 px-4">
          <div className="flex flex-col gap-2 rounded-lg border border-[#2563eb80] bg-[#1e3a8a26] p-2.5 text-oc-xs text-[#dbeafe] shadow-[0_4px_14px_rgba(30,58,138,0.18)] transition-all duration-200">
            <div className="flex items-center gap-2">
              <span className="inline-flex h-5 w-5 items-center justify-center rounded-md border border-[#60a5fa80] bg-[#3b82f626]">
                <Loader2 className="h-3 w-3 shrink-0 animate-spin text-[#93c5fd]" />
              </span>
              <span className="text-[10px] font-semibold uppercase tracking-[0.07em] text-[#93c5fd]">
                Retrying
              </span>
            </div>
    
            <div className="rounded-md border border-[#3b82f640] bg-[#1e40af33] px-2 py-1.5">
              <div className="overflow-hidden text-[11px] leading-snug text-[#dbeafe] whitespace-pre-wrap break-words">
                {infoDetails}
              </div>
            </div>
          </div>
        </div>
      );
    }
    
    export function ThinkingBubble() {
      return (
        <div className="mb-4 px-4">
          <ThinkingStatusTicker className="pl-1 text-[#4e648c]" />
        </div>
      );
    }
    
    export function EmptyState() {
      return (
        <div className="flex h-full flex-col items-center justify-center px-6 text-center">
          <div className="oc-empty-icon mb-4">
            <Sparkles className="h-6 w-6" />
          </div>
          <div className="text-xl font-semibold text-oc-text tracking-tight mb-1">
            OpenCode
          </div>
          <div className="text-xs text-oc-text-soft opacity-70 max-w-[240px] leading-relaxed">
            AI-powered coding assistant. Ask anything, build anything.
          </div>
          <div className="mt-6 flex flex-col items-center gap-2 text-oc-xs text-oc-text-soft opacity-70 font-mono">
            <span className="flex items-center gap-2">
              <kbd className="rounded border border-oc-border bg-oc-panel-soft px-1.5 py-0.5 text-oc-2xs">
                Enter
              </kbd>
              send message
            </span>
            <span className="flex items-center gap-2">
              <kbd className="rounded border border-oc-border bg-oc-panel-soft px-1.5 py-0.5 text-oc-2xs">
                @
              </kbd>
              mention files
            </span>
            <span className="flex items-center gap-2">
              <kbd className="rounded border border-oc-border bg-oc-panel-soft px-1.5 py-0.5 text-oc-2xs">
                /
              </kbd>
              commands
            </span>
          </div>
        </div>
      );
    }
    
    export function MessageStatus({
      active,
      failed,
    }: {
      active: boolean;
      failed: boolean;
    }) {
      return (
        <div className="mb-2 px-4 text-xs text-oc-text-soft opacity-70">
          <span className="inline-flex items-center gap-1.5 font-mono">
            {active ? (
              <Loader2 className="h-3 w-3 animate-spin text-oc-accent" />
            ) : failed ? (
              <X className="h-3 w-3 text-oc-red" />
            ) : (
              <Check className="h-3 w-3 text-oc-green" />
            )}
            {active ? "Working..." : failed ? "Failed" : "Done"}
          </span>
        </div>
      );
    }
    
    
    
    
    
  operator: 'match'
  stack: |-
    TestContext.<anonymous> (file:///E:/Projects/vscode-opencode/tests/webview/markdown-renderer.test.mjs:19:10)
    Test.runInAsyncScope (node:async_hooks:214:14)
    Test.run (node:internal/test_runner/test:1047:25)
    Test.start (node:internal/test_runner/test:944:17)
    startSubtestAfterBootstrap (node:internal/test_runner/harness:296:17)
  ...
# Subtest: AssistantMessage renders plain text while stream is active and markdown after completion
ok 1497 - AssistantMessage renders plain text while stream is active and markdown after completion
  ---
  duration_ms: 1.1918
  type: 'test'
  ...
# Subtest: injectFileIcons uses VS Code theme CSS classes and SVG fallback for unrecognised extensions
ok 1498 - injectFileIcons uses VS Code theme CSS classes and SVG fallback for unrecognised extensions
  ---
  duration_ms: 13.4776
  type: 'test'
  ...
# Subtest: icon key sanitization is applied to file names and extensions
ok 1499 - icon key sanitization is applied to file names and extensions
  ---
  duration_ms: 15.145
  type: 'test'
  ...
# Subtest: injectFileIcons skips PRE code blocks
ok 1500 - injectFileIcons skips PRE code blocks
  ---
  duration_ms: 1.4524
  type: 'test'
  ...
# Subtest: injectFileIcons posts openFile message on click
ok 1501 - injectFileIcons posts openFile message on click
  ---
  duration_ms: 1.5023
  type: 'test'
  ...
# Subtest: injectFileIcons uses capture group 2 for file path (not group 1 which is the boundary char)
ok 1502 - injectFileIcons uses capture group 2 for file path (not group 1 which is the boundary char)
  ---
  duration_ms: 1.6568
  type: 'test'
  ...
# Subtest: MarkdownRenderer must NOT call acquireVsCodeApi directly
ok 1503 - MarkdownRenderer must NOT call acquireVsCodeApi directly
  ---
  duration_ms: 1.3579
  type: 'test'
  ...
# Subtest: MarkdownRenderer imports vscode from the shared singleton
ok 1504 - MarkdownRenderer imports vscode from the shared singleton
  ---
  duration_ms: 1.8802
  type: 'test'
  ...
# Subtest: MarkdownRenderer preprocesses markdown to remove blank lines between numbered list items
ok 1505 - MarkdownRenderer preprocesses markdown to remove blank lines between numbered list items
  ---
  duration_ms: 1.4651
  type: 'test'
  ...
# Subtest: MarkdownRenderer applies preprocessing when isPreParsed is false
ok 1506 - MarkdownRenderer applies preprocessing when isPreParsed is false
  ---
  duration_ms: 0.9969
  type: 'test'
  ...
# Subtest: MarkdownRenderer does NOT apply preprocessing when isPreParsed is true
ok 1507 - MarkdownRenderer does NOT apply preprocessing when isPreParsed is true
  ---
  duration_ms: 0.8223
  type: 'test'
  ...
# Subtest: right panel width increased by 15 percent from 320px to 368px
ok 1508 - right panel width increased by 15 percent from 320px to 368px
  ---
  duration_ms: 3.9504
  type: 'test'
  ...
# Subtest: right panel renders TODO MCP and LSP sections in correct order
ok 1509 - right panel renders TODO MCP and LSP sections in correct order
  ---
  duration_ms: 0.9584
  type: 'test'
  ...
# Subtest: MCP panel displays server connection status and tool counts
ok 1510 - MCP panel displays server connection status and tool counts
  ---
  duration_ms: 2.9267
  type: 'test'
  ...
# Subtest: LSP panel displays language server status with versions
ok 1511 - LSP panel displays language server status with versions
  ---
  duration_ms: 1.6902
  type: 'test'
  ...
# Subtest: quota monitor supports collapsible UI with toggle button
ok 1512 - quota monitor supports collapsible UI with toggle button
  ---
  duration_ms: 4.8446
  type: 'test'
  ...
# Subtest: quota monitor sorts platforms alphabetically to prevent reordering on refresh
ok 1513 - quota monitor sorts platforms alphabetically to prevent reordering on refresh
  ---
  duration_ms: 1.8833
  type: 'test'
  ...
# Subtest: quota monitor omits OK badge for healthy providers
ok 1514 - quota monitor omits OK badge for healthy providers
  ---
  duration_ms: 2.9244
  type: 'test'
  ...
# Subtest: all new panels support collapsible UI with consistent toggle behavior
ok 1515 - all new panels support collapsible UI with consistent toggle behavior
  ---
  duration_ms: 16.8731
  type: 'test'
  ...
# Subtest: panel components use improved text colors for better readability
ok 1516 - panel components use improved text colors for better readability
  ---
  duration_ms: 5.8652
  type: 'test'
  ...
# Subtest: LSP panel includes refresh button to manually reload server status
ok 1517 - LSP panel includes refresh button to manually reload server status
  ---
  duration_ms: 2.6399
  type: 'test'
  ...
# Subtest: LSP panel refresh button is positioned before collapse button
ok 1518 - LSP panel refresh button is positioned before collapse button
  ---
  duration_ms: 1.0589
  type: 'test'
  ...
# Subtest: ChatViewProvider passes workspace directory to LSP status SDK call
ok 1519 - ChatViewProvider passes workspace directory to LSP status SDK call
  ---
  duration_ms: 3.7429
  type: 'test'
  ...
# Subtest: ChatViewProvider logs workspace directory in LSP status for debugging
ok 1520 - ChatViewProvider logs workspace directory in LSP status for debugging
  ---
  duration_ms: 5.6819
  type: 'test'
  ...
# Subtest: ChatViewProvider handles getLspStatus webview message
ok 1521 - ChatViewProvider handles getLspStatus webview message
  ---
  duration_ms: 9.3639
  type: 'test'
  ...
# Subtest: buildDisplayEvents adds isImportant flag for error events
ok 1522 - buildDisplayEvents adds isImportant flag for error events
  ---
  duration_ms: 4.7344
  type: 'test'
  ...
# Subtest: buildDisplayEvents adds isImportant flag for events with filePath
ok 1523 - buildDisplayEvents adds isImportant flag for events with filePath
  ---
  duration_ms: 0.897
  type: 'test'
  ...
# Subtest: buildDisplayEvents adds isImportant flag for events with diffStats
ok 1524 - buildDisplayEvents adds isImportant flag for events with diffStats
  ---
  duration_ms: 3.582
  type: 'test'
  ...
# Subtest: buildDisplayEvents adds isImportant flag for events with viewDiffFile
ok 1525 - buildDisplayEvents adds isImportant flag for events with viewDiffFile
  ---
  duration_ms: 1.5547
  type: 'test'
  ...
# Subtest: Message Components Rendering Tests
    # Subtest: UserMessage Component
        # Subtest: should render simple text message
        ok 1 - should render simple text message
          ---
          duration_ms: 9.6961
          type: 'test'
          ...
        # Subtest: should render message with images
        ok 2 - should render message with images
          ---
          duration_ms: 5.4408
          type: 'test'
          ...
        # Subtest: should render message with file attachments
        ok 3 - should render message with file attachments
          ---
          duration_ms: 3.4421
          type: 'test'
          ...
        # Subtest: should render message with code context
        ok 4 - should render message with code context
          ---
          duration_ms: 0.7844
          type: 'test'
          ...
        # Subtest: should handle empty message
        ok 5 - should handle empty message
          ---
          duration_ms: 0.4232
          type: 'test'
          ...
        # Subtest: should handle very long message
        ok 6 - should handle very long message
          ---
          duration_ms: 0.7403
          type: 'test'
          ...
        # Subtest: should handle special characters
        ok 7 - should handle special characters
          ---
          duration_ms: 1.3013
          type: 'test'
          ...
        # Subtest: should handle multiline message
        ok 8 - should handle multiline message
          ---
          duration_ms: 1.6891
          type: 'test'
          ...
        1..8
    ok 1 - UserMessage Component
      ---
      duration_ms: 37.0516
      type: 'suite'
      ...
    # Subtest: AssistantMessage Component
        # Subtest: should render simple text response
        ok 1 - should render simple text response
          ---
          duration_ms: 0.9786
          type: 'test'
          ...
        # Subtest: should render message with structured output
        ok 2 - should render message with structured output
          ---
          duration_ms: 0.5499
          type: 'test'
          ...
        # Subtest: should render message with plan
        ok 3 - should render message with plan
          ---
          duration_ms: 0.55
          type: 'test'
          ...
        # Subtest: should render message with subagents
        not ok 4 - should render message with subagents
          ---
          duration_ms: 0.4513
          type: 'test'
          location: 'E:\\Projects\\vscode-opencode\\tests\\webview\\message-components-rendering.test.mjs:229:9'
          failureType: 'testCodeFailure'
          error: "Cannot access 'message' before initialization"
          code: 'ERR_TEST_FAILURE'
          name: 'ReferenceError'
          stack: |-
            TestContext.<anonymous> (file:///E:/Projects/vscode-opencode/tests/webview/message-components-rendering.test.mjs:234:42)
            Test.runInAsyncScope (node:async_hooks:214:14)
            Test.run (node:internal/test_runner/test:1047:25)
            Suite.processPendingSubtests (node:internal/test_runner/test:744:18)
            Test.postRun (node:internal/test_runner/test:1173:19)
            Test.run (node:internal/test_runner/test:1101:12)
            async Suite.processPendingSubtests (node:internal/test_runner/test:744:7)
          ...
        # Subtest: should render message with reasoning
        ok 5 - should render message with reasoning
          ---
          duration_ms: 0.39
          type: 'test'
          ...
        # Subtest: should render message with progress updates
        ok 6 - should render message with progress updates
          ---
          duration_ms: 0.2915
          type: 'test'
          ...
        # Subtest: should render message with interactive choices
        ok 7 - should render message with interactive choices
          ---
          duration_ms: 0.338
          type: 'test'
          ...
        # Subtest: should render message with todo items
        ok 8 - should render message with todo items
          ---
          duration_ms: 0.3287
          type: 'test'
          ...
        1..8
    not ok 2 - AssistantMessage Component
      ---
      duration_ms: 4.9409
      type: 'suite'
      location: 'E:\\Projects\\vscode-opencode\\tests\\webview\\message-components-rendering.test.mjs:195:5'
      failureType: 'subtestsFailed'
      error: '1 subtest failed'
      code: 'ERR_TEST_FAILURE'
      ...
    # Subtest: SystemMessage Component
        # Subtest: should render system notification
        ok 1 - should render system notification
          ---
          duration_ms: 0.3938
          type: 'test'
          ...
        # Subtest: should render error message
        ok 2 - should render error message
          ---
          duration_ms: 0.2664
          type: 'test'
          ...
        # Subtest: should render warning message
        ok 3 - should render warning message
          ---
          duration_ms: 0.3304
          type: 'test'
          ...
        # Subtest: should render info message
        ok 4 - should render info message
          ---
          duration_ms: 0.2461
          type: 'test'
          ...
        1..4
    ok 3 - SystemMessage Component
      ---
      duration_ms: 1.858
      type: 'suite'
      ...
    # Subtest: ThinkingBubble Component
        # Subtest: should render thinking events
        ok 1 - should render thinking events
          ---
          duration_ms: 0.4516
          type: 'test'
          ...
        # Subtest: should render collapsed thinking
        ok 2 - should render collapsed thinking
          ---
          duration_ms: 0.3341
          type: 'test'
          ...
        # Subtest: should render expanded thinking
        ok 3 - should render expanded thinking
          ---
          duration_ms: 0.4794
          type: 'test'
          ...
        1..3
    ok 4 - ThinkingBubble Component
      ---
      duration_ms: 1.6888
      type: 'suite'
      ...
    # Subtest: PermissionCard Component
        # Subtest: should render file read permission
        ok 1 - should render file read permission
          ---
          duration_ms: 0.5294
          type: 'test'
          ...
        # Subtest: should render file write permission
        ok 2 - should render file write permission
          ---
          duration_ms: 0.515
          type: 'test'
          ...
        # Subtest: should render command execution permission
        ok 3 - should render command execution permission
          ---
          duration_ms: 0.3258
          type: 'test'
          ...
        1..3
    ok 5 - PermissionCard Component
      ---
      duration_ms: 2.0277
      type: 'suite'
      ...
    # Subtest: StreamingCard Component
        # Subtest: should render active streaming state
        ok 1 - should render active streaming state
          ---
          duration_ms: 4.7733
          type: 'test'
          ...
        # Subtest: should render streaming with multiple parts
        ok 2 - should render streaming with multiple parts
          ---
          duration_ms: 0.5525
          type: 'test'
          ...
        # Subtest: should render streaming completion
        ok 3 - should render streaming completion
          ---
          duration_ms: 0.6663
          type: 'test'
          ...
        1..3
    ok 6 - StreamingCard Component
      ---
      duration_ms: 6.6585
      type: 'suite'
      ...
    # Subtest: Message Part Rendering
        # Subtest: should render text part
        ok 1 - should render text part
          ---
          duration_ms: 1.0429
          type: 'test'
          ...
        # Subtest: should render file part
        ok 2 - should render file part
          ---
          duration_ms: 0.4984
          type: 'test'
          ...
        # Subtest: should render image part
        ok 3 - should render image part
          ---
          duration_ms: 0.4307
          type: 'test'
          ...
        # Subtest: should render code block part
        ok 4 - should render code block part
          ---
          duration_ms: 0.6207
          type: 'test'
          ...
        # Subtest: should render markdown part
        ok 5 - should render markdown part
          ---
          duration_ms: 0.98
          type: 'test'
          ...
        1..5
    ok 7 - Message Part Rendering
      ---
      duration_ms: 4.5422
      type: 'suite'
      ...
    # Subtest: Edge Cases
        # Subtest: should handle message with null content
        ok 1 - should handle message with null content
          ---
          duration_ms: 1.9808
          type: 'test'
          ...
        # Subtest: should handle message with empty parts
        ok 2 - should handle message with empty parts
          ---
          duration_ms: 0.9554
          type: 'test'
          ...
        # Subtest: should handle message with very long word
        ok 3 - should handle message with very long word
          ---
          duration_ms: 0.7328
          type: 'test'
          ...
        # Subtest: should handle message with only whitespace
        ok 4 - should handle message with only whitespace
          ---
          duration_ms: 0.57
          type: 'test'
          ...
        # Subtest: should handle message with mixed content types
        ok 5 - should handle message with mixed content types
          ---
          duration_ms: 0.6747
          type: 'test'
          ...
        # Subtest: should handle message with unicode emojis
        ok 6 - should handle message with unicode emojis
          ---
          duration_ms: 0.415
          type: 'test'
          ...
        # Subtest: should handle message with RTL text
        ok 7 - should handle message with RTL text
          ---
          duration_ms: 0.6574
          type: 'test'
          ...
        # Subtest: should handle message with code injection attempt
        ok 8 - should handle message with code injection attempt
          ---
          duration_ms: 0.6873
          type: 'test'
          ...
        # Subtest: should handle message with markdown injection
        ok 9 - should handle message with markdown injection
          ---
          duration_ms: 1.0147
          type: 'test'
          ...
        1..9
    ok 8 - Edge Cases
      ---
      duration_ms: 9.1675
      type: 'suite'
      ...
    # Subtest: Message Timestamps
        # Subtest: should render message with timestamp
        ok 1 - should render message with timestamp
          ---
          duration_ms: 0.5715
          type: 'test'
          ...
        # Subtest: should render message with edited timestamp
        ok 2 - should render message with edited timestamp
          ---
          duration_ms: 2.2654
          type: 'test'
          ...
        # Subtest: should handle message without timestamp
        ok 3 - should handle message without timestamp
          ---
          duration_ms: 1.2935
          type: 'test'
          ...
        1..3
    ok 9 - Message Timestamps
      ---
      duration_ms: 4.8855
      type: 'suite'
      ...
    # Subtest: Message Metadata
        # Subtest: should render message with model info
        ok 1 - should render message with model info
          ---
          duration_ms: 0.6149
          type: 'test'
          ...
        # Subtest: should render message with agent info
        ok 2 - should render message with agent info
          ---
          duration_ms: 0.6253
          type: 'test'
          ...
        # Subtest: should render message with token usage
        ok 3 - should render message with token usage
          ---
          duration_ms: 0.591
          type: 'test'
          ...
        1..3
    ok 10 - Message Metadata
      ---
      duration_ms: 2.606
      type: 'suite'
      ...
    # Subtest: Message Grouping
        # Subtest: should group contiguous messages from same role
        ok 1 - should group contiguous messages from same role
          ---
          duration_ms: 10.3466
          type: 'test'
          ...
        # Subtest: should detect message boundaries
        ok 2 - should detect message boundaries
          ---
          duration_ms: 0.6417
          type: 'test'
          ...
        1..2
    ok 11 - Message Grouping
      ---
      duration_ms: 11.455
      type: 'suite'
      ...
    # Subtest: Message Filtering
        # Subtest: should filter messages by role
        ok 1 - should filter messages by role
          ---
          duration_ms: 2.9791
          type: 'test'
          ...
        # Subtest: should filter messages by content
        ok 2 - should filter messages by content
          ---
          duration_ms: 0.5851
          type: 'test'
          ...
        # Subtest: should filter messages by time range
        ok 3 - should filter messages by time range
          ---
          duration_ms: 0.475
          type: 'test'
          ...
        1..3
    ok 12 - Message Filtering
      ---
      duration_ms: 4.6162
      type: 'suite'
      ...
    # Subtest: Message Transformation
        # Subtest: should transform message to plain text
        ok 1 - should transform message to plain text
          ---
          duration_ms: 1.5326
          type: 'test'
          ...
        # Subtest: should extract message preview
        ok 2 - should extract message preview
          ---
          duration_ms: 0.4232
          type: 'test'
          ...
        # Subtest: should sanitize HTML in message
        ok 3 - should sanitize HTML in message
          ---
          duration_ms: 0.7356
          type: 'test'
          ...
        1..3
    ok 13 - Message Transformation
      ---
      duration_ms: 3.1413
      type: 'suite'
      ...
    1..13
not ok 1526 - Message Components Rendering Tests
  ---
  duration_ms: 100.5583
  type: 'suite'
  location: 'E:\\Projects\\vscode-opencode\\tests\\webview\\message-components-rendering.test.mjs:97:1'
  failureType: 'subtestsFailed'
  error: '1 subtest failed'
  code: 'ERR_TEST_FAILURE'
  ...
# Subtest: Message Handler Tests
    # Subtest: Message Validation
        # Subtest: should validate valid message
        ok 1 - should validate valid message
          ---
          duration_ms: 1.8542
          type: 'test'
          ...
        # Subtest: should reject null message
        ok 2 - should reject null message
          ---
          duration_ms: 0.53
          type: 'test'
          ...
        # Subtest: should reject undefined message
        ok 3 - should reject undefined message
          ---
          duration_ms: 0.8169
          type: 'test'
          ...
        # Subtest: should reject message without type
        ok 4 - should reject message without type
          ---
          duration_ms: 3.9718
          type: 'test'
          ...
        # Subtest: should reject message with non-string type
        ok 5 - should reject message with non-string type
          ---
          duration_ms: 0.9011
          type: 'test'
          ...
        # Subtest: should reject non-object message
        ok 6 - should reject non-object message
          ---
          duration_ms: 0.4717
          type: 'test'
          ...
        1..6
    ok 1 - Message Validation
      ---
      duration_ms: 10.4866
      type: 'suite'
      ...
    # Subtest: Stream Event Processing
        # Subtest: should process valid stream event
        ok 1 - should process valid stream event
          ---
          duration_ms: 0.8899
          type: 'test'
          ...
        # Subtest: should handle stream event without properties
        ok 2 - should handle stream event without properties
          ---
          duration_ms: 0.7284
          type: 'test'
          ...
        # Subtest: should extract sessionId from properties
        ok 3 - should extract sessionId from properties
          ---
          duration_ms: 0.7553
          type: 'test'
          ...
        # Subtest: should extract sessionId from info
        ok 4 - should extract sessionId from info
          ---
          duration_ms: 0.5961
          type: 'test'
          ...
        # Subtest: should handle missing sessionId
        ok 5 - should handle missing sessionId
          ---
          duration_ms: 0.6914
          type: 'test'
          ...
        1..5
    ok 2 - Stream Event Processing
      ---
      duration_ms: 4.5426
      type: 'suite'
      ...
    # Subtest: Chat History Processing
        # Subtest: should process chat history with messages
        ok 1 - should process chat history with messages
          ---
          duration_ms: 0.7626
          type: 'test'
          ...
        # Subtest: should handle empty messages array
        ok 2 - should handle empty messages array
          ---
          duration_ms: 0.4774
          type: 'test'
          ...
        # Subtest: should handle missing messages
        ok 3 - should handle missing messages
          ---
          duration_ms: 0.3847
          type: 'test'
          ...
        # Subtest: should handle non-array messages
        ok 4 - should handle non-array messages
          ---
          duration_ms: 0.6669
          type: 'test'
          ...
        1..4
    ok 3 - Chat History Processing
      ---
      duration_ms: 2.8752
      type: 'suite'
      ...
    # Subtest: Sessions List Processing
        # Subtest: should process sessions list
        ok 1 - should process sessions list
          ---
          duration_ms: 1.0015
          type: 'test'
          ...
        # Subtest: should handle empty sessions list
        ok 2 - should handle empty sessions list
          ---
          duration_ms: 0.5338
          type: 'test'
          ...
        # Subtest: should handle missing sessions
        ok 3 - should handle missing sessions
          ---
          duration_ms: 0.6453
          type: 'test'
          ...
        1..3
    ok 4 - Sessions List Processing
      ---
      duration_ms: 2.7947
      type: 'suite'
      ...
    # Subtest: Quota Data Processing
        # Subtest: should process quota data
        ok 1 - should process quota data
          ---
          duration_ms: 0.9653
          type: 'test'
          ...
        # Subtest: should handle missing quota data
        ok 2 - should handle missing quota data
          ---
          duration_ms: 2.3665
          type: 'test'
          ...
        # Subtest: should handle null quota data
        ok 3 - should handle null quota data
          ---
          duration_ms: 0.8898
          type: 'test'
          ...
        1..3
    ok 5 - Quota Data Processing
      ---
      duration_ms: 4.6239
      type: 'suite'
      ...
    # Subtest: Budget Info Processing
        # Subtest: should process budget info
        ok 1 - should process budget info
          ---
          duration_ms: 0.5671
          type: 'test'
          ...
        # Subtest: should handle missing budget info
        ok 2 - should handle missing budget info
          ---
          duration_ms: 0.4761
          type: 'test'
          ...
        1..2
    ok 6 - Budget Info Processing
      ---
      duration_ms: 1.3135
      type: 'suite'
      ...
    # Subtest: Compaction Status Processing
        # Subtest: should process compaction started
        ok 1 - should process compaction started
          ---
          duration_ms: 0.6468
          type: 'test'
          ...
        # Subtest: should process compaction completed
        ok 2 - should process compaction completed
          ---
          duration_ms: 0.4777
          type: 'test'
          ...
        # Subtest: should process compaction error
        ok 3 - should process compaction error
          ---
          duration_ms: 0.4784
          type: 'test'
          ...
        # Subtest: should handle compaction without status
        ok 4 - should handle compaction without status
          ---
          duration_ms: 0.4943
          type: 'test'
          ...
        1..4
    ok 7 - Compaction Status Processing
      ---
      duration_ms: 2.4819
      type: 'suite'
      ...
    # Subtest: User Message Appended Processing
        # Subtest: should process user message appended
        ok 1 - should process user message appended
          ---
          duration_ms: 0.5187
          type: 'test'
          ...
        # Subtest: should handle missing message
        ok 2 - should handle missing message
          ---
          duration_ms: 0.54
          type: 'test'
          ...
        1..2
    ok 8 - User Message Appended Processing
      ---
      duration_ms: 1.3799
      type: 'suite'
      ...
    # Subtest: Error Message Handling
        # Subtest: should handle error messages gracefully
        ok 1 - should handle error messages gracefully
          ---
          duration_ms: 0.7372
          type: 'test'
          ...
        # Subtest: should handle malformed error messages
        ok 2 - should handle malformed error messages
          ---
          duration_ms: 0.5118
          type: 'test'
          ...
        1..2
    ok 9 - Error Message Handling
      ---
      duration_ms: 1.575
      type: 'suite'
      ...
    # Subtest: Message Transformation
        # Subtest: should transform message types to actions
        ok 1 - should transform message types to actions
          ---
          duration_ms: 0.7773
          type: 'test'
          ...
        # Subtest: should preserve message payload
        ok 2 - should preserve message payload
          ---
          duration_ms: 1.3772
          type: 'test'
          ...
        # Subtest: should add timestamp to processed messages
        ok 3 - should add timestamp to processed messages
          ---
          duration_ms: 0.5445
          type: 'test'
          ...
        1..3
    ok 10 - Message Transformation
      ---
      duration_ms: 3.1704
      type: 'suite'
      ...
    # Subtest: Edge Cases
        # Subtest: should handle message with very large payload
        ok 1 - should handle message with very large payload
          ---
          duration_ms: 0.7133
          type: 'test'
          ...
        # Subtest: should handle message with special characters in type
        ok 2 - should handle message with special characters in type
          ---
          duration_ms: 1.0366
          type: 'test'
          ...
        # Subtest: should handle message with nested objects
        ok 3 - should handle message with nested objects
          ---
          duration_ms: 0.6689
          type: 'test'
          ...
        # Subtest: should handle message with circular references
        ok 4 - should handle message with circular references
          ---
          duration_ms: 0.5297
          type: 'test'
          ...
        1..4
    ok 11 - Edge Cases
      ---
      duration_ms: 3.5392
      type: 'suite'
      ...
    # Subtest: Performance
        # Subtest: should process messages quickly
        ok 1 - should process messages quickly
          ---
          duration_ms: 2.8622
          type: 'test'
          ...
        # Subtest: should handle rapid stream events
        ok 2 - should handle rapid stream events
          ---
          duration_ms: 1.4072
          type: 'test'
          ...
        1..2
    ok 12 - Performance
      ---
      duration_ms: 4.6775
      type: 'suite'
      ...
    # Subtest: State Updates
        # Subtest: should dispatch actions in correct order
        ok 1 - should dispatch actions in correct order
          ---
          duration_ms: 0.8512
          type: 'test'
          ...
        # Subtest: should handle state transitions
        ok 2 - should handle state transitions
          ---
          duration_ms: 0.5438
          type: 'test'
          ...
        1..2
    ok 13 - State Updates
      ---
      duration_ms: 1.7514
      type: 'suite'
      ...
    1..13
ok 1527 - Message Handler Tests
  ---
  duration_ms: 52.4622
  type: 'suite'
  ...
# Subtest: chat shell keeps three-panel responsive layout with mobile and desktop support
ok 1528 - chat shell keeps three-panel responsive layout with mobile and desktop support
  ---
  duration_ms: 5.3242
  type: 'test'
  ...
# Subtest: composer controls render model, agent, and thinking controls in input footer
ok 1529 - composer controls render model, agent, and thinking controls in input footer
  ---
  duration_ms: 4.9215
  type: 'test'
  ...
# Subtest: thinking, model, and agent controls post selection events and expose common error-safe behavior
ok 1530 - thinking, model, and agent controls post selection events and expose common error-safe behavior
  ---
  duration_ms: 3.6555
  type: 'test'
  ...
# Subtest: history sidebar shows loading state when switching sessions
ok 1531 - history sidebar shows loading state when switching sessions
  ---
  duration_ms: 2.3694
  type: 'test'
  ...
# Subtest: conversation area shows full-page loading state when switching sessions
ok 1532 - conversation area shows full-page loading state when switching sessions
  ---
  duration_ms: 2.9173
  type: 'test'
  ...
# Subtest: plan viewer HTML wiring injects plan payload and required bundled assets
ok 1533 - plan viewer HTML wiring injects plan payload and required bundled assets
  ---
  duration_ms: 4.4517
  type: 'test'
  ...
# Subtest: plan shell adheres to centralized VS Code API acquisition safety
ok 1534 - plan shell adheres to centralized VS Code API acquisition safety
  ---
  duration_ms: 1.6943
  type: 'test'
  ...
# Subtest: plan viewer supports interactive comment mutation events and updates comments stream
ok 1535 - plan viewer supports interactive comment mutation events and updates comments stream
  ---
  duration_ms: 2.0702
  type: 'test'
  ...
# Subtest: proceed flow forwards plan payload, returns status feedback, and sends explicit proceed-on-plan prompt
ok 1536 - proceed flow forwards plan payload, returns status feedback, and sends explicit proceed-on-plan prompt
  ---
  duration_ms: 5.4096
  type: 'test'
  ...
# Subtest: plan viewer read-path has error fallback for unreadable plan files
ok 1537 - plan viewer read-path has error fallback for unreadable plan files
  ---
  duration_ms: 1.6288
  type: 'test'
  ...
# Subtest: viewPlan enforces disk-first content when plan.file is present
ok 1538 - viewPlan enforces disk-first content when plan.file is present
  ---
  duration_ms: 1.6344
  type: 'test'
  ...
# Subtest: plan viewer payload carries source file metadata for traceability
ok 1539 - plan viewer payload carries source file metadata for traceability
  ---
  duration_ms: 1.1184
  type: 'test'
  ...
# Subtest: chat provider routes viewPlan to handleViewPlan
ok 1540 - chat provider routes viewPlan to handleViewPlan
  ---
  duration_ms: 2.6016
  type: 'test'
  ...
# Subtest: enrichMessageWithPlan cleanses background noise from perceived plans
ok 1541 - enrichMessageWithPlan cleanses background noise from perceived plans
  ---
  duration_ms: 2.7211
  type: 'test'
  ...
# Subtest: structured implementation plan parsing uses plan.content as source of truth
ok 1542 - structured implementation plan parsing uses plan.content as source of truth
  ---
  duration_ms: 2.2481
  type: 'test'
  ...
# Subtest: plan shell provides "Proceed" action
ok 1543 - plan shell provides "Proceed" action
  ---
  duration_ms: 0.7123
  type: 'test'
  ...
# Subtest: Session loading: ChatShell imports Loader2 component
ok 1544 - Session loading: ChatShell imports Loader2 component
  ---
  duration_ms: 5.6675
  type: 'test'
  ...
# Subtest: Session loading: ChatContent detects session loading state
ok 1545 - Session loading: ChatContent detects session loading state
  ---
  duration_ms: 4.9783
  type: 'test'
  ...
# Subtest: Session loading: ChatContent shows loading spinner when session is loading
ok 1546 - Session loading: ChatContent shows loading spinner when session is loading
  ---
  duration_ms: 3.2364
  type: 'test'
  ...
# Subtest: Session loading: ChatContent hides messages during session switch
ok 1547 - Session loading: ChatContent hides messages during session switch
  ---
  duration_ms: 4.0636
  type: 'test'
  ...
# Subtest: Session loading: Loading spinner is centered and prominent
ok 1548 - Session loading: Loading spinner is centered and prominent
  ---
  duration_ms: 2.7812
  type: 'test'
  ...
# Subtest: Session loading: Loading state only shows when switching sessions with messages
ok 1549 - Session loading: Loading state only shows when switching sessions with messages
  ---
  duration_ms: 1.0804
  type: 'test'
  ...
# Subtest: Session loading: Preserves other UI elements during loading
ok 1550 - Session loading: Preserves other UI elements during loading
  ---
  duration_ms: 1.3138
  type: 'test'
  ...
# Subtest: Session loading: MessageHandler sets switchingSessionId when loading different session
ok 1551 - Session loading: MessageHandler sets switchingSessionId when loading different session
  ---
  duration_ms: 7.7045
  type: 'test'
  ...
# Subtest: Skills Shell exports React component with window.__SKILLS_DATA__ consumption
ok 1552 - Skills Shell exports React component with window.__SKILLS_DATA__ consumption
  ---
  duration_ms: 3.7716
  type: 'test'
  ...
# Subtest: Skills Shell renders stats pills and presets row
ok 1553 - Skills Shell renders stats pills and presets row
  ---
  duration_ms: 0.5943
  type: 'test'
  ...
# Subtest: Skills Shell includes search input with clear button
ok 1554 - Skills Shell includes search input with clear button
  ---
  duration_ms: 0.8698
  type: 'test'
  ...
# Subtest: Skills Shell renders batch actions with multi-select
ok 1555 - Skills Shell renders batch actions with multi-select
  ---
  duration_ms: 0.7411
  type: 'test'
  ...
# Subtest: Skills Shell implements vscodeApi message protocol for skill operations
ok 1556 - Skills Shell implements vscodeApi message protocol for skill operations
  ---
  duration_ms: 0.9083
  type: 'test'
  ...
# Subtest: Skills Shell renders scrollable skill list with name, source badge, and toggle
ok 1557 - Skills Shell renders scrollable skill list with name, source badge, and toggle
  ---
  duration_ms: 1.6461
  type: 'test'
  ...
# Subtest: Skills Shell displays notifications for user feedback
ok 1558 - Skills Shell displays notifications for user feedback
  ---
  duration_ms: 0.8949
  type: 'test'
  ...
# Subtest: skills/index.tsx mounts SkillsShell into \#root with CSS import
ok 1559 - skills/index.tsx mounts SkillsShell into \#root with CSS import
  ---
  duration_ms: 0.8985
  type: 'test'
  ...
# Subtest: SkillsPanelProvider._getHtmlForWebview includes shared chat.css and skills.js
ok 1560 - SkillsPanelProvider._getHtmlForWebview includes shared chat.css and skills.js
  ---
  duration_ms: 1.3786
  type: 'test'
  ...
# Subtest: SkillsPanelProvider initializes window.__SKILLS_DATA__ with skills and stats
ok 1561 - SkillsPanelProvider initializes window.__SKILLS_DATA__ with skills and stats
  ---
  duration_ms: 1.2659
  type: 'test'
  ...
# Subtest: SkillsPanelProvider implements message protocol handlers
ok 1562 - SkillsPanelProvider implements message protocol handlers
  ---
  duration_ms: 0.8038
  type: 'test'
  ...
# Subtest: SkillsPanelProvider applies CSP with proper nonce for scripts and styles
ok 1563 - SkillsPanelProvider applies CSP with proper nonce for scripts and styles
  ---
  duration_ms: 0.6882
  type: 'test'
  ...
# Subtest: Stepper accepts autoScrollToBottom prop
ok 1564 - Stepper accepts autoScrollToBottom prop
  ---
  duration_ms: 5.6484
  type: 'test'
  ...
# Subtest: Stepper scrolls to bottom when autoScrollToBottom is true
ok 1565 - Stepper scrolls to bottom when autoScrollToBottom is true
  ---
  duration_ms: 1.0149
  type: 'test'
  ...
# Subtest: Stepper auto-scroll effect runs after every render (no dependency array)
ok 1566 - Stepper auto-scroll effect runs after every render (no dependency array)
  ---
  duration_ms: 1.3101
  type: 'test'
  ...
# Subtest: Stepper forwards external ref via setRefs callback to keep callers in sync
ok 1567 - Stepper forwards external ref via setRefs callback to keep callers in sync
  ---
  duration_ms: 1.2016
  type: 'test'
  ...
# Subtest: AssistantMessage passes autoScrollToBottom={isStreamingActive} to the progress Stepper
ok 1568 - AssistantMessage passes autoScrollToBottom={isStreamingActive} to the progress Stepper
  ---
  duration_ms: 1.1144
  type: 'test'
  ...
# Subtest: AssistantMessage still keeps progressTimelineRef on the activity Stepper
ok 1569 - AssistantMessage still keeps progressTimelineRef on the activity Stepper
  ---
  duration_ms: 0.6965
  type: 'test'
  ...
# Subtest: progressTimelineRef is declared with useRef<HTMLDivElement>
ok 1570 - progressTimelineRef is declared with useRef<HTMLDivElement>
  ---
  duration_ms: 1.5927
  type: 'test'
  ...
# Subtest: progressItemsFromStreaming prefers steps over progressEvents
ok 1571 - progressItemsFromStreaming prefers steps over progressEvents
  ---
  duration_ms: 1.3241
  type: 'test'
  ...
# Subtest: progressItemsFromMessage promotes any remaining pending steps to done
ok 1572 - progressItemsFromMessage promotes any remaining pending steps to done
  ---
  duration_ms: 2.7696
  type: 'test'
  ...
# Subtest: progressItemsFromSteps deduplicates by title using a Map
ok 1573 - progressItemsFromSteps deduplicates by title using a Map
  ---
  duration_ms: 2.0512
  type: 'test'
  ...
# Subtest: thoughtItemsFromStreaming derives thought items from reasoningEvents first
ok 1574 - thoughtItemsFromStreaming derives thought items from reasoningEvents first
  ---
  duration_ms: 1.915
  type: 'test'
  ...
# Subtest: thoughtItemsFromMessage deduplicates reasoning text via normalised fingerprints
ok 1575 - thoughtItemsFromMessage deduplicates reasoning text via normalised fingerprints
  ---
  duration_ms: 0.8145
  type: 'test'
  ...
# Subtest: buildTimeline sorts thinking and step entries by arrival sequence
ok 1576 - buildTimeline sorts thinking and step entries by arrival sequence
  ---
  duration_ms: 5.2962
  type: 'test'
  ...
# Subtest: buildTimeline groups consecutive same-kind entries into blocks
ok 1577 - buildTimeline groups consecutive same-kind entries into blocks
  ---
  duration_ms: 1.2708
  type: 'test'
  ...
# Subtest: buildTimeline falls back to parts-based layout for persisted messages without timing
ok 1578 - buildTimeline falls back to parts-based layout for persisted messages without timing
  ---
  duration_ms: 1.7326
  type: 'test'
  ...
# Subtest: buildDisplayEvents skips content blocks
ok 1579 - buildDisplayEvents skips content blocks
  ---
  duration_ms: 2.827
  type: 'test'
  ...
# Subtest: buildDisplayEvents emits reasoning display events from thinking blocks
ok 1580 - buildDisplayEvents emits reasoning display events from thinking blocks
  ---
  duration_ms: 1.3591
  type: 'test'
  ...
# Subtest: buildDisplayEvents suppresses noise labels like "Starting" and "Finishing"
ok 1581 - buildDisplayEvents suppresses noise labels like "Starting" and "Finishing"
  ---
  duration_ms: 2.8175
  type: 'test'
  ...
# Subtest: buildDisplayEvents strips "Final" and "Step" prefix from labels
ok 1582 - buildDisplayEvents strips "Final" and "Step" prefix from labels
  ---
  duration_ms: 0.8257
  type: 'test'
  ...
# Subtest: AssistantMessage renders activity steps via StepperItem components
ok 1583 - AssistantMessage renders activity steps via StepperItem components
  ---
  duration_ms: 0.912
  type: 'test'
  ...
# Subtest: last StepperItem has isLast=true
ok 1584 - last StepperItem has isLast=true
  ---
  duration_ms: 0.7363
  type: 'test'
  ...
# Subtest: latest streaming event is marked with is-streaming class
ok 1585 - latest streaming event is marked with is-streaming class
  ---
  duration_ms: 0.7728
  type: 'test'
  ...
# Subtest: pending step indicator shows animated pulse dot
ok 1586 - pending step indicator shows animated pulse dot
  ---
  duration_ms: 0.6667
  type: 'test'
  ...
# Subtest: done step indicator shows a check icon
ok 1587 - done step indicator shows a check icon
  ---
  duration_ms: 0.9776
  type: 'test'
  ...
# Subtest: AssistantMessage initialises viewState with showActivityDetails false
ok 1588 - AssistantMessage initialises viewState with showActivityDetails false
  ---
  duration_ms: 2.7908
  type: 'test'
  ...
# Subtest: AssistantMessage initialises viewState with showThinkingDetails false
ok 1589 - AssistantMessage initialises viewState with showThinkingDetails false
  ---
  duration_ms: 1.4032
  type: 'test'
  ...
# Subtest: AssistantMessage initialises viewState with showAllCompletedActivity false
ok 1590 - AssistantMessage initialises viewState with showAllCompletedActivity false
  ---
  duration_ms: 1.0908
  type: 'test'
  ...
# Subtest: AssistantMessage initialises viewState with showInternalActivity false
ok 1591 - AssistantMessage initialises viewState with showInternalActivity false
  ---
  duration_ms: 0.6075
  type: 'test'
  ...
# Subtest: showInternalActivity toggle reveals internal display events in timelineDisplayEvents
ok 1592 - showInternalActivity toggle reveals internal display events in timelineDisplayEvents
  ---
  duration_ms: 0.5398
  type: 'test'
  ...
# Subtest: completed activity is condensed to MAX_VISIBLE_COMPLETED_ACTIVITY=5
ok 1593 - completed activity is condensed to MAX_VISIBLE_COMPLETED_ACTIVITY=5
  ---
  duration_ms: 0.69
  type: 'test'
  ...
# Subtest: activityStatusCounts derives pending/done/error counts from userFacingDisplayEvents
ok 1594 - activityStatusCounts derives pending/done/error counts from userFacingDisplayEvents
  ---
  duration_ms: 1.2429
  type: 'test'
  ...
# Subtest: AssistantMessage computes displayEvents from timelineBlocks via buildDisplayEvents
ok 1595 - AssistantMessage computes displayEvents from timelineBlocks via buildDisplayEvents
  ---
  duration_ms: 0.7514
  type: 'test'
  ...
# Subtest: AssistantMessage builds timelineBlocks from both streaming and message data
ok 1596 - AssistantMessage builds timelineBlocks from both streaming and message data
  ---
  duration_ms: 0.8469
  type: 'test'
  ...
# Subtest: AssistantMessage reads structured output from message.structuredOutput
ok 1597 - AssistantMessage reads structured output from message.structuredOutput
  ---
  duration_ms: 0.4169
  type: 'test'
  ...
# Subtest: AssistantMessage renders structured output in a dedicated section
ok 1598 - AssistantMessage renders structured output in a dedicated section
  ---
  duration_ms: 0.5967
  type: 'test'
  ...
# Subtest: streamEvent case in MessageHandler routes to handleStreamEvent
ok 1599 - streamEvent case in MessageHandler routes to handleStreamEvent
  ---
  duration_ms: 1.5399
  type: 'test'
  ...
# Subtest: upsertStreamingStep adds new steps to streaming.steps
ok 1600 - upsertStreamingStep adds new steps to streaming.steps
  ---
  duration_ms: 0.9171
  type: 'test'
  ...
# Subtest: handleStreamEvent accumulates activity steps into streaming state on message.part.updated
ok 1601 - handleStreamEvent accumulates activity steps into streaming state on message.part.updated
  ---
  duration_ms: 1.2635
  type: 'test'
  ...
# Subtest: handleStreamEvent accumulates reasoning events into streaming.reasoningEvents
ok 1602 - handleStreamEvent accumulates reasoning events into streaming.reasoningEvents
  ---
  duration_ms: 1.1274
  type: 'test'
  ...
# Subtest: store streaming state includes steps array
ok 1603 - store streaming state includes steps array
  ---
  duration_ms: 0.7337
  type: 'test'
  ...
# Subtest: UPDATE_STREAMING_STEP action patches individual steps by callID
ok 1604 - UPDATE_STREAMING_STEP action patches individual steps by callID
  ---
  duration_ms: 14.6848
  type: 'test'
  ...
# Subtest: display event label attribute reflects operation type via data-operation
ok 1605 - display event label attribute reflects operation type via data-operation
  ---
  duration_ms: 2.121
  type: 'test'
  ...
# Subtest: reasoning display events receive a "reasoning" CSS class on the label span
ok 1606 - reasoning display events receive a "reasoning" CSS class on the label span
  ---
  duration_ms: 1.5243
  type: 'test'
  ...
# Subtest: activity display events receive an "activity" CSS class on the label span
ok 1607 - activity display events receive an "activity" CSS class on the label span
  ---
  duration_ms: 1.6264
  type: 'test'
  ...
# Subtest: step with a filePath renders an openFile button instead of plain summary
ok 1608 - step with a filePath renders an openFile button instead of plain summary
  ---
  duration_ms: 1.9545
  type: 'test'
  ...
# Subtest: viewDiffFile step renders a "View diff" button
ok 1609 - viewDiffFile step renders a "View diff" button
  ---
  duration_ms: 0.9823
  type: 'test'
  ...
# Subtest: merged steps show an update count badge when updateCount > 1
ok 1610 - merged steps show an update count badge when updateCount > 1
  ---
  duration_ms: 3.792
  type: 'test'
  ...
# Subtest: AssistantMessage imports new UI components
ok 1611 - AssistantMessage imports new UI components
  ---
  duration_ms: 2.2319
  type: 'test'
  ...
# Subtest: AssistantMessage uses StepIndicator for step indicators
ok 1612 - AssistantMessage uses StepIndicator for step indicators
  ---
  duration_ms: 5.9181
  type: 'test'
  ...
# Subtest: AssistantMessage wraps command content in TerminalBlock
ok 1613 - AssistantMessage wraps command content in TerminalBlock
  ---
  duration_ms: 5.0823
  type: 'test'
  ...
# Subtest: AssistantMessage wraps step content in ExpandableStep
ok 1614 - AssistantMessage wraps step content in ExpandableStep
  ---
  duration_ms: 2.041
  type: 'test'
  ...
# Subtest: StickyHeader renders session title on left side only
ok 1615 - StickyHeader renders session title on left side only
  ---
  duration_ms: 5.3431
  type: 'test'
  ...
# Subtest: StickyHeader renders action buttons on right side
ok 1616 - StickyHeader renders action buttons on right side
  ---
  duration_ms: 1.7794
  type: 'test'
  ...
# Subtest: StickyHeader action buttons are in correct order
ok 1617 - StickyHeader action buttons are in correct order
  ---
  duration_ms: 1.4314
  type: 'test'
  ...
# Subtest: StickyHeader uses justify-between for left/right layout
ok 1618 - StickyHeader uses justify-between for left/right layout
  ---
  duration_ms: 1.7845
  type: 'test'
  ...
# Subtest: StickyHeader action buttons have correct handlers
ok 1619 - StickyHeader action buttons have correct handlers
  ---
  duration_ms: 0.7961
  type: 'test'
  ...
# Subtest: ChatShell does not import or render MobileRightSummary
ok 1620 - ChatShell does not import or render MobileRightSummary
  ---
  duration_ms: 0.8967
  type: 'test'
  ...
# Subtest: StickyHeader directly follows header opening in ChatShell
ok 1621 - StickyHeader directly follows header opening in ChatShell
  ---
  duration_ms: 4.7789
  type: 'test'
  ...
# Subtest: StickyHeader left section contains no action buttons
ok 1622 - StickyHeader left section contains no action buttons
  ---
  duration_ms: 1.5742
  type: 'test'
  ...
# Subtest: StickyHeader right section contains only action buttons
ok 1623 - StickyHeader right section contains only action buttons
  ---
  duration_ms: 1.5323
  type: 'test'
  ...
# Subtest: StickyHeader quota button is hidden when extended panel is visible
ok 1624 - StickyHeader quota button is hidden when extended panel is visible
  ---
  duration_ms: 1.627
  type: 'test'
  ...
# Subtest: Store/Reducer Logic Tests
    # Subtest: Message State Management
        # Subtest: should set messages
        ok 1 - should set messages
          ---
          duration_ms: 13.8736
          type: 'test'
          ...
        # Subtest: should append message
        ok 2 - should append message
          ---
          duration_ms: 4.4012
          type: 'test'
          ...
        # Subtest: should not mutate original state when setting messages
        ok 3 - should not mutate original state when setting messages
          ---
          duration_ms: 2.347
          type: 'test'
          ...
        1..3
    ok 1 - Message State Management
      ---
      duration_ms: 27.578
      type: 'suite'
      ...
    # Subtest: Processing State Management
        # Subtest: should set processing state
        ok 1 - should set processing state
          ---
          duration_ms: 2.2334
          type: 'test'
          ...
        # Subtest: should set steering state
        ok 2 - should set steering state
          ---
          duration_ms: 1.1358
          type: 'test'
          ...
        # Subtest: should handle concurrent processing and steering
        ok 3 - should handle concurrent processing and steering
          ---
          duration_ms: 0.8773
          type: 'test'
          ...
        1..3
    ok 2 - Processing State Management
      ---
      duration_ms: 5.2852
      type: 'suite'
      ...
    # Subtest: Session State Management
        # Subtest: should set current session
        ok 1 - should set current session
          ---
          duration_ms: 1.3633
          type: 'test'
          ...
        # Subtest: should update sessions list
        ok 2 - should update sessions list
          ---
          duration_ms: 1.0581
          type: 'test'
          ...
        # Subtest: should switch sessions
        ok 3 - should switch sessions
          ---
          duration_ms: 1.3428
          type: 'test'
          ...
        1..3
    ok 3 - Session State Management
      ---
      duration_ms: 4.8209
      type: 'suite'
      ...
    # Subtest: Streaming State Management
        # Subtest: should set streaming state
        ok 1 - should set streaming state
          ---
          duration_ms: 1.0428
          type: 'test'
          ...
        # Subtest: should update streaming state
        ok 2 - should update streaming state
          ---
          duration_ms: 0.8096
          type: 'test'
          ...
        # Subtest: should clear streaming state
        ok 3 - should clear streaming state
          ---
          duration_ms: 0.6744
          type: 'test'
          ...
        1..3
    ok 4 - Streaming State Management
      ---
      duration_ms: 3.0369
      type: 'suite'
      ...
    # Subtest: Queue Management
        # Subtest: should add item to queue
        ok 1 - should add item to queue
          ---
          duration_ms: 0.7892
          type: 'test'
          ...
        # Subtest: should remove item from queue
        ok 2 - should remove item from queue
          ---
          duration_ms: 3.1563
          type: 'test'
          ...
        # Subtest: should clear queue
        ok 3 - should clear queue
          ---
          duration_ms: 1.0037
          type: 'test'
          ...
        1..3
    ok 5 - Queue Management
      ---
      duration_ms: 5.4891
      type: 'suite'
      ...
    # Subtest: Input Management
        # Subtest: should set input value
        ok 1 - should set input value
          ---
          duration_ms: 3.6348
          type: 'test'
          ...
        # Subtest: should clear input
        ok 2 - should clear input
          ---
          duration_ms: 0.9292
          type: 'test'
          ...
        # Subtest: should update input value
        ok 3 - should update input value
          ---
          duration_ms: 1.2126
          type: 'test'
          ...
        1..3
    ok 6 - Input Management
      ---
      duration_ms: 6.4348
      type: 'suite'
      ...
    # Subtest: Attachment Management
        # Subtest: should set selected files
        ok 1 - should set selected files
          ---
          duration_ms: 1.8828
          type: 'test'
          ...
        # Subtest: should set selected contexts
        ok 2 - should set selected contexts
          ---
          duration_ms: 0.7494
          type: 'test'
          ...
        # Subtest: should add attachment
        ok 3 - should add attachment
          ---
          duration_ms: 0.7521
          type: 'test'
          ...
        # Subtest: should clear attachments
        ok 4 - should clear attachments
          ---
          duration_ms: 0.8451
          type: 'test'
          ...
        1..4
    ok 7 - Attachment Management
      ---
      duration_ms: 4.7886
      type: 'suite'
      ...
    # Subtest: Model and Agent Management
        # Subtest: should set available models
        ok 1 - should set available models
          ---
          duration_ms: 0.9354
          type: 'test'
          ...
        # Subtest: should set selected model
        ok 2 - should set selected model
          ---
          duration_ms: 1.7613
          type: 'test'
          ...
        # Subtest: should set available agents
        ok 3 - should set available agents
          ---
          duration_ms: 1.2998
          type: 'test'
          ...
        # Subtest: should set selected agent
        ok 4 - should set selected agent
          ---
          duration_ms: 1.2133
          type: 'test'
          ...
        1..4
    ok 8 - Model and Agent Management
      ---
      duration_ms: 5.9259
      type: 'suite'
      ...
    # Subtest: Budget and Quota Management
        # Subtest: should set budget info
        ok 1 - should set budget info
          ---
          duration_ms: 1.2658
          type: 'test'
          ...
        # Subtest: should set quota data
        ok 2 - should set quota data
          ---
          duration_ms: 1.1926
          type: 'test'
          ...
        1..2
    ok 9 - Budget and Quota Management
      ---
      duration_ms: 3.3622
      type: 'suite'
      ...
    # Subtest: Subagent Management
        # Subtest: should upsert subagent summaries
        ok 1 - should upsert subagent summaries
          ---
          duration_ms: 2.3366
          type: 'test'
          ...
        # Subtest: should upsert subagent details
        ok 2 - should upsert subagent details
          ---
          duration_ms: 1.7741
          type: 'test'
          ...
        # Subtest: should merge subagent summaries
        ok 3 - should merge subagent summaries
          ---
          duration_ms: 1.1062
          type: 'test'
          ...
        1..3
    ok 10 - Subagent Management
      ---
      duration_ms: 5.9811
      type: 'suite'
      ...
    # Subtest: Todo Management
        # Subtest: should add todo item
        ok 1 - should add todo item
          ---
          duration_ms: 1.1255
          type: 'test'
          ...
        # Subtest: should update todo item
        ok 2 - should update todo item
          ---
          duration_ms: 1.6492
          type: 'test'
          ...
        # Subtest: should remove todo item
        ok 3 - should remove todo item
          ---
          duration_ms: 1.6725
          type: 'test'
          ...
        1..3
    ok 11 - Todo Management
      ---
      duration_ms: 5.1604
      type: 'suite'
      ...
    # Subtest: Session Statistics
        # Subtest: should update session stats
        ok 1 - should update session stats
          ---
          duration_ms: 0.8812
          type: 'test'
          ...
        # Subtest: should merge session stats
        ok 2 - should merge session stats
          ---
          duration_ms: 1.0475
          type: 'test'
          ...
        1..2
    ok 12 - Session Statistics
      ---
      duration_ms: 2.8266
      type: 'suite'
      ...
    # Subtest: Server Status Management
        # Subtest: should set server status
        ok 1 - should set server status
          ---
          duration_ms: 6.0623
          type: 'test'
          ...
        # Subtest: should track status transitions
        ok 2 - should track status transitions
          ---
          duration_ms: 0.8348
          type: 'test'
          ...
        1..2
    ok 13 - Server Status Management
      ---
      duration_ms: 7.4661
      type: 'suite'
      ...
    # Subtest: Unknown Actions
        # Subtest: should return unchanged state for unknown action
        ok 1 - should return unchanged state for unknown action
          ---
          duration_ms: 0.7995
          type: 'test'
          ...
        1..1
    ok 14 - Unknown Actions
      ---
      duration_ms: 1.0351
      type: 'suite'
      ...
    # Subtest: Immutability
        # Subtest: should not mutate messages array
        ok 1 - should not mutate messages array
          ---
          duration_ms: 0.7611
          type: 'test'
          ...
        # Subtest: should not mutate prompt queue
        ok 2 - should not mutate prompt queue
          ---
          duration_ms: 0.7045
          type: 'test'
          ...
        # Subtest: should create new object for every action
        ok 3 - should create new object for every action
          ---
          duration_ms: 0.5836
          type: 'test'
          ...
        1..3
    ok 15 - Immutability
      ---
      duration_ms: 2.6388
      type: 'suite'
      ...
    # Subtest: Complex State Transitions
        # Subtest: should handle complete message flow
        ok 1 - should handle complete message flow
          ---
          duration_ms: 2.6124
          type: 'test'
          ...
        # Subtest: should handle queue execution flow
        ok 2 - should handle queue execution flow
          ---
          duration_ms: 0.8309
          type: 'test'
          ...
        1..2
    ok 16 - Complex State Transitions
      ---
      duration_ms: 4.0066
      type: 'suite'
      ...
    # Subtest: Edge Cases
        # Subtest: should handle null payload
        ok 1 - should handle null payload
          ---
          duration_ms: 2.0413
          type: 'test'
          ...
        # Subtest: should handle undefined payload
        ok 2 - should handle undefined payload
          ---
          duration_ms: 2.2613
          type: 'test'
          ...
        # Subtest: should handle empty array
        ok 3 - should handle empty array
          ---
          duration_ms: 1.49
          type: 'test'
          ...
        # Subtest: should handle very large state
        ok 4 - should handle very large state
          ---
          duration_ms: 7.1434
          type: 'test'
          ...
        1..4
    ok 17 - Edge Cases
      ---
      duration_ms: 13.82
      type: 'suite'
      ...
    1..17
ok 1625 - Store/Reducer Logic Tests
  ---
  duration_ms: 119.4353
  type: 'suite'
  ...
# Subtest: normalizeProgressStatus maps done/completed/success/finished/complete to "done"
ok 1626 - normalizeProgressStatus maps done/completed/success/finished/complete to "done"
  ---
  duration_ms: 5.6748
  type: 'test'
  ...
# Subtest: normalizeProgressStatus maps error/failed to "error"
ok 1627 - normalizeProgressStatus maps error/failed to "error"
  ---
  duration_ms: 0.9539
  type: 'test'
  ...
# Subtest: normalizeProgressStatus returns "pending" as default
ok 1628 - normalizeProgressStatus returns "pending" as default
  ---
  duration_ms: 0.6353
  type: 'test'
  ...
# Subtest: normalizePartType maps thinking/thought to "reasoning"
ok 1629 - normalizePartType maps thinking/thought to "reasoning"
  ---
  duration_ms: 0.8815
  type: 'test'
  ...
# Subtest: normalizePartType maps stepstart/step_start to "step-start"
ok 1630 - normalizePartType maps stepstart/step_start to "step-start"
  ---
  duration_ms: 1.0309
  type: 'test'
  ...
# Subtest: normalizePartType maps stepfinish/step_finish to "step-finish"
ok 1631 - normalizePartType maps stepfinish/step_finish to "step-finish"
  ---
  duration_ms: 0.7914
  type: 'test'
  ...
# Subtest: normalizePartType maps toolcall/tool_call/tool-call to "tool"
ok 1632 - normalizePartType maps toolcall/tool_call/tool-call to "tool"
  ---
  duration_ms: 1.2085
  type: 'test'
  ...
# Subtest: isInternalToolName detects structuredoutput tool names
ok 1633 - isInternalToolName detects structuredoutput tool names
  ---
  duration_ms: 0.9469
  type: 'test'
  ...
# Subtest: isInternalToolName detects structured_output tool names
ok 1634 - isInternalToolName detects structured_output tool names
  ---
  duration_ms: 1.401
  type: 'test'
  ...
# Subtest: isInternalToolName detects transport tool names
ok 1635 - isInternalToolName detects transport tool names
  ---
  duration_ms: 2.3704
  type: 'test'
  ...
# Subtest: upsertStreamingStep uses findIndex checking id, then callID, then title
ok 1636 - upsertStreamingStep uses findIndex checking id, then callID, then title
  ---
  duration_ms: 1.3591
  type: 'test'
  ...
# Subtest: upsertStreamingStep dispatches ADD_STREAMING_STEP when step not found (idx < 0)
ok 1637 - upsertStreamingStep dispatches ADD_STREAMING_STEP when step not found (idx < 0)
  ---
  duration_ms: 1.899
  type: 'test'
  ...
# Subtest: upsertStreamingStep dispatches UPDATE_STREAMING_STEP when step found
ok 1638 - upsertStreamingStep dispatches UPDATE_STREAMING_STEP when step found
  ---
  duration_ms: 1.0046
  type: 'test'
  ...
# Subtest: upsertStreamingStep preserves done/error status when incoming is pending (no regression)
ok 1639 - upsertStreamingStep preserves done/error status when incoming is pending (no regression)
  ---
  duration_ms: 0.9297
  type: 'test'
  ...
# Subtest: handleStreamEvent has a bootstrap guard that returns early on stray events
ok 1640 - handleStreamEvent has a bootstrap guard that returns early on stray events
  ---
  duration_ms: 9.7788
  type: 'test'
  ...
# Subtest: handleStreamEvent classifies start/streamStart as isExplicitStart
ok 1641 - handleStreamEvent classifies start/streamStart as isExplicitStart
  ---
  duration_ms: 2.1456
  type: 'test'
  ...
# Subtest: handleStreamEvent bootstrap block dispatches SET_STREAMING with isActive: true
ok 1642 - handleStreamEvent bootstrap block dispatches SET_STREAMING with isActive: true
  ---
  duration_ms: 2.0514
  type: 'test'
  ...
# Subtest: handleStreamEvent bootstrap SET_STREAMING includes content, steps, reasoningEvents
ok 1643 - handleStreamEvent bootstrap SET_STREAMING includes content, steps, reasoningEvents
  ---
  duration_ms: 1.2197
  type: 'test'
  ...
# Subtest: handleStreamEvent 'start'/'streamStart' case is present in switch
ok 1644 - handleStreamEvent 'start'/'streamStart' case is present in switch
  ---
  duration_ms: 1.1866
  type: 'test'
  ...
# Subtest: handleStreamEvent 'start' case dispatches SET_STREAMING with all required fields
ok 1645 - handleStreamEvent 'start' case dispatches SET_STREAMING with all required fields
  ---
  duration_ms: 1.5684
  type: 'test'
  ...
# Subtest: handleStreamEvent has 'session.error' and 'error' cases
ok 1646 - handleStreamEvent has 'session.error' and 'error' cases
  ---
  duration_ms: 1.7444
  type: 'test'
  ...
# Subtest: handleStreamEvent error case dispatches SET_PROCESSING false then FINISH_STREAMING
ok 1647 - handleStreamEvent error case dispatches SET_PROCESSING false then FINISH_STREAMING
  ---
  duration_ms: 1.6726
  type: 'test'
  ...
# Subtest: handleStreamEvent message.updated dispatches FINISH_STREAMING when finish=true
ok 1648 - handleStreamEvent message.updated dispatches FINISH_STREAMING when finish=true
  ---
  duration_ms: 1.4522
  type: 'test'
  ...
# Subtest: handleStreamEvent message.updated dispatches SET_PROCESSING false when finish=true
ok 1649 - handleStreamEvent message.updated dispatches SET_PROCESSING false when finish=true
  ---
  duration_ms: 1.4592
  type: 'test'
  ...
# Subtest: handleStreamEvent message.updated dispatches SET_PROCESSING true when finish=false
ok 1650 - handleStreamEvent message.updated dispatches SET_PROCESSING true when finish=false
  ---
  duration_ms: 1.8909
  type: 'test'
  ...
# Subtest: handleStreamEvent routes structuredOutput.progressUpdates to upsertStreamingStep
ok 1651 - handleStreamEvent routes structuredOutput.progressUpdates to upsertStreamingStep
  ---
  duration_ms: 8.629
  type: 'test'
  ...
# Subtest: handleStreamEvent structuredOutput.progressUpdates forEach passes title and status
ok 1652 - handleStreamEvent structuredOutput.progressUpdates forEach passes title and status
  ---
  duration_ms: 1.046
  type: 'test'
  ...
# Subtest: handleStreamEvent routes structuredOutput.reasoning chunks to UPDATE_STREAMING_REASONING
ok 1653 - handleStreamEvent routes structuredOutput.reasoning chunks to UPDATE_STREAMING_REASONING
  ---
  duration_ms: 1.4506
  type: 'test'
  ...
# Subtest: handleStreamEvent sanitizes reasoning chunks before dispatching
ok 1654 - handleStreamEvent sanitizes reasoning chunks before dispatching
  ---
  duration_ms: 3.3599
  type: 'test'
  ...
# Subtest: handleStreamEvent checks for system message patterns in message.part.updated
ok 1655 - handleStreamEvent checks for system message patterns in message.part.updated
  ---
  duration_ms: 0.9833
  type: 'test'
  ...
# Subtest: handleStreamEvent dispatches SET_MESSAGES when system message pattern detected
ok 1656 - handleStreamEvent dispatches SET_MESSAGES when system message pattern detected
  ---
  duration_ms: 1.1129
  type: 'test'
  ...
# Subtest: handleStreamEvent system message is added with role=system
ok 1657 - handleStreamEvent system message is added with role=system
  ---
  duration_ms: 1.21
  type: 'test'
  ...
# Subtest: handleStreamEvent dispatches FINISH_STREAMING when hasBlockingInteractive in message.part.updated
ok 1658 - handleStreamEvent dispatches FINISH_STREAMING when hasBlockingInteractive in message.part.updated
  ---
  duration_ms: 1.4192
  type: 'test'
  ...
# Subtest: handleStreamEvent dispatches SET_PROCESSING false when hasBlockingInteractive mid-stream
ok 1659 - handleStreamEvent dispatches SET_PROCESSING false when hasBlockingInteractive mid-stream
  ---
  duration_ms: 1.5694
  type: 'test'
  ...
# Subtest: shouldBootstrapStreamingFromPart returns true for reasoning parts
ok 1660 - shouldBootstrapStreamingFromPart returns true for reasoning parts
  ---
  duration_ms: 2.9738
  type: 'test'
  ...
# Subtest: shouldBootstrapStreamingFromPart returns true for step-start parts
ok 1661 - shouldBootstrapStreamingFromPart returns true for step-start parts
  ---
  duration_ms: 2.0671
  type: 'test'
  ...
# Subtest: shouldBootstrapStreamingFromPart returns true for tool parts
ok 1662 - shouldBootstrapStreamingFromPart returns true for tool parts
  ---
  duration_ms: 2.6112
  type: 'test'
  ...
# Subtest: shouldBootstrapStreamingFromPart returns true for text parts
ok 1663 - shouldBootstrapStreamingFromPart returns true for text parts
  ---
  duration_ms: 0.6206
  type: 'test'
  ...
# Subtest: shouldBootstrapStreamingFromPart returns true for subtask parts
ok 1664 - shouldBootstrapStreamingFromPart returns true for subtask parts
  ---
  duration_ms: 2.0856
  type: 'test'
  ...
# Subtest: ADD_STREAMING_STEP stamps streamSeq with Date.now()
ok 1665 - ADD_STREAMING_STEP stamps streamSeq with Date.now()
  ---
  duration_ms: 7.2603
  type: 'test'
  ...
# Subtest: ADD_STREAMING_STEP appends to both steps and progressEvents
ok 1666 - ADD_STREAMING_STEP appends to both steps and progressEvents
  ---
  duration_ms: 0.8367
  type: 'test'
  ...
# Subtest: UPDATE_STREAMING_STEP resolves index from payload.index, then id, then callID
ok 1667 - UPDATE_STREAMING_STEP resolves index from payload.index, then id, then callID
  ---
  duration_ms: 1.4584
  type: 'test'
  ...
# Subtest: UPDATE_STREAMING_STEP also appends updated step to progressEvents
ok 1668 - UPDATE_STREAMING_STEP also appends updated step to progressEvents
  ---
  duration_ms: 1.4513
  type: 'test'
  ...
# Subtest: UPDATE_STREAMING_STEP returns unchanged state when idx < 0
ok 1669 - UPDATE_STREAMING_STEP returns unchanged state when idx < 0
  ---
  duration_ms: 4.0666
  type: 'test'
  ...
# Subtest: FINISH_STREAMING sets isActive: false in streaming state
ok 1670 - FINISH_STREAMING sets isActive: false in streaming state
  ---
  duration_ms: 1.5175
  type: 'test'
  ...
# Subtest: FINISH_STREAMING preserves rest of streaming state using spread
ok 1671 - FINISH_STREAMING preserves rest of streaming state using spread
  ---
  duration_ms: 1.1261
  type: 'test'
  ...
# Subtest: FINISH_STREAMING returns unchanged state when streaming is null
ok 1672 - FINISH_STREAMING returns unchanged state when streaming is null
  ---
  duration_ms: 1.3105
  type: 'test'
  ...
# Subtest: UPDATE_STREAMING_CONTENT concatenates content when append is true
ok 1673 - UPDATE_STREAMING_CONTENT concatenates content when append is true
  ---
  duration_ms: 0.6565
  type: 'test'
  ...
# Subtest: UPDATE_STREAMING_CONTENT records contentStartSeq on first non-empty content
ok 1674 - UPDATE_STREAMING_CONTENT records contentStartSeq on first non-empty content
  ---
  duration_ms: 0.9601
  type: 'test'
  ...
# Subtest: UPDATE_STREAMING_CONTENT sets hasRenderableContent when renderable flag is truthy
ok 1675 - UPDATE_STREAMING_CONTENT sets hasRenderableContent when renderable flag is truthy
  ---
  duration_ms: 0.7724
  type: 'test'
  ...
# Subtest: UPDATE_STREAMING_REASONING appends events using appendWithCap
ok 1676 - UPDATE_STREAMING_REASONING appends events using appendWithCap
  ---
  duration_ms: 0.5697
  type: 'test'
  ...
# Subtest: UPDATE_STREAMING_REASONING updates inReasoningPart flag
ok 1677 - UPDATE_STREAMING_REASONING updates inReasoningPart flag
  ---
  duration_ms: 0.4486
  type: 'test'
  ...
# Subtest: UPDATE_STREAMING_REASONING deduplicates last event chunk
ok 1678 - UPDATE_STREAMING_REASONING deduplicates last event chunk
  ---
  duration_ms: 1.4318
  type: 'test'
  ...
# Subtest: ADD_STREAMING_EDIT returns unchanged state for duplicate file paths
ok 1679 - ADD_STREAMING_EDIT returns unchanged state for duplicate file paths
  ---
  duration_ms: 8.367
  type: 'test'
  ...
# Subtest: SET_PROCESSING creates an eager StreamingState when hasValidModel is true
ok 1680 - SET_PROCESSING creates an eager StreamingState when hasValidModel is true
  ---
  duration_ms: 0.7874
  type: 'test'
  ...
# Subtest: SET_PROCESSING eager StreamingState initializes isActive: true
ok 1681 - SET_PROCESSING eager StreamingState initializes isActive: true
  ---
  duration_ms: 0.9522
  type: 'test'
  ...
# Subtest: SET_PROCESSING skips eager init when model is invalid (just sets isProcessing)
ok 1682 - SET_PROCESSING skips eager init when model is invalid (just sets isProcessing)
  ---
  duration_ms: 0.7675
  type: 'test'
  ...
# Subtest: createMessageHandler routes sessionsList to SET_SESSIONS_LIST
ok 1683 - createMessageHandler routes sessionsList to SET_SESSIONS_LIST
  ---
  duration_ms: 1.8676
  type: 'test'
  ...
# Subtest: createMessageHandler routes streamEvent to handleStreamEvent
ok 1684 - createMessageHandler routes streamEvent to handleStreamEvent
  ---
  duration_ms: 1.4317
  type: 'test'
  ...
# Subtest: createMessageHandler error case dispatches FINISH_STREAMING
ok 1685 - createMessageHandler error case dispatches FINISH_STREAMING
  ---
  duration_ms: 0.9732
  type: 'test'
  ...
# Subtest: createMessageHandler sessionsList also dispatches SET_SESSION_ID when currentSessionId present
ok 1686 - createMessageHandler sessionsList also dispatches SET_SESSION_ID when currentSessionId present
  ---
  duration_ms: 1.1346
  type: 'test'
  ...
# Subtest: sanitizeReasoningChunk returns empty string for opaque ID-like values
ok 1687 - sanitizeReasoningChunk returns empty string for opaque ID-like values
  ---
  duration_ms: 3.7073
  type: 'test'
  ...
# Subtest: resolveStreamingContentUpdate returns append: true for deltas
ok 1688 - resolveStreamingContentUpdate returns append: true for deltas
  ---
  duration_ms: 0.76
  type: 'test'
  ...
# Subtest: resolveStreamingContentUpdate returns null for unchanged content
ok 1689 - resolveStreamingContentUpdate returns null for unchanged content
  ---
  duration_ms: 1.0348
  type: 'test'
  ...
# Subtest: resolveStreamingContentUpdate returns null for empty incoming chunk
ok 1690 - resolveStreamingContentUpdate returns null for empty incoming chunk
  ---
  duration_ms: 0.8192
  type: 'test'
  ...
# Subtest: handleStreamEvent filters out events from mismatched sessions
ok 1691 - handleStreamEvent filters out events from mismatched sessions
  ---
  duration_ms: 1.6462
  type: 'test'
  ...
# Subtest: handleStreamEvent filters out non-assistant non-user roles early
ok 1692 - handleStreamEvent filters out non-assistant non-user roles early
  ---
  duration_ms: 2.0244
  type: 'test'
  ...
# Subtest: SET_PROCESSING reducer creates streaming state when processing starts
ok 1693 - SET_PROCESSING reducer creates streaming state when processing starts
  ---
  duration_ms: 6.888
  type: 'test'
  ...
# Subtest: SET_PROCESSING keeps completed streaming state when processing ends
ok 1694 - SET_PROCESSING keeps completed streaming state when processing ends
  ---
  duration_ms: 1.3924
  type: 'test'
  ...
# Subtest: shouldBootstrapStreamingFromPart includes text parts
ok 1695 - shouldBootstrapStreamingFromPart includes text parts
  ---
  duration_ms: 1.6232
  type: 'test'
  ...
# Subtest: createMessageHandler sets processing before handling message types
ok 1696 - createMessageHandler sets processing before handling message types
  ---
  duration_ms: 7.4077
  type: 'test'
  ...
# Subtest: createMessageHandler handles stopRequestHandled by finalizing streaming
ok 1697 - createMessageHandler handles stopRequestHandled by finalizing streaming
  ---
  duration_ms: 4.5243
  type: 'test'
  ...
# Subtest: getAgentName helper provides type-safe agent name extraction
ok 1698 - getAgentName helper provides type-safe agent name extraction
  ---
  duration_ms: 2.8088
  type: 'test'
  ...
# Subtest: getTokenInfo helper provides type-safe token extraction
ok 1699 - getTokenInfo helper provides type-safe token extraction
  ---
  duration_ms: 1.4712
  type: 'test'
  ...
# Subtest: getDuration helper provides type-safe duration extraction
ok 1700 - getDuration helper provides type-safe duration extraction
  ---
  duration_ms: 3.0099
  type: 'test'
  ...
# Subtest: AssistantMessage uses type-safe helpers instead of type assertions
ok 1701 - AssistantMessage uses type-safe helpers instead of type assertions
  ---
  duration_ms: 1.9102
  type: 'test'
  ...
# Subtest: StreamingCard visibility is enhanced for early display
ok 1702 - StreamingCard visibility is enhanced for early display
  ---
  duration_ms: 1.9992
  type: 'test'
  ...
# Subtest: ChatViewProvider has logger with error handling
ok 1703 - ChatViewProvider has logger with error handling
  ---
  duration_ms: 1.4568
  type: 'test'
  ...
# Subtest: buildStreamingMessage includes model/agent metadata
ok 1704 - buildStreamingMessage includes model/agent metadata
  ---
  duration_ms: 1.8698
  type: 'test'
  ...
# Subtest: StreamingState type includes model/agent metadata fields
ok 1705 - StreamingState type includes model/agent metadata fields
  ---
  duration_ms: 2.0794
  type: 'test'
  ...
# Subtest: modelLabel function handles both nested and top-level model properties
ok 1706 - modelLabel function handles both nested and top-level model properties
  ---
  duration_ms: 0.6547
  type: 'test'
  ...
# Subtest: subagent modal logic uses openSubagentModal and closeSubagentModal
ok 1707 - subagent modal logic uses openSubagentModal and closeSubagentModal
  ---
  duration_ms: 7.788
  type: 'test'
  ...
# Subtest: token usage tooltips provide context
ok 1708 - token usage tooltips provide context
  ---
  duration_ms: 1.9129
  type: 'test'
  ...
# Subtest: diffStats are rendered in progress events
ok 1709 - diffStats are rendered in progress events
  ---
  duration_ms: 1.7142
  type: 'test'
  ...
# Subtest: AssistantMessage component types subagent data to SubagentDetail
ok 1710 - AssistantMessage component types subagent data to SubagentDetail
  ---
  duration_ms: 6.5293
  type: 'test'
  ...
# Subtest: inline subagent rows are integrated into the assistant item loop
ok 1711 - inline subagent rows are integrated into the assistant item loop
  ---
  duration_ms: 1.435
  type: 'test'
  ...
# Subtest: subagent list container is scrollable for large agent batches
ok 1712 - subagent list container is scrollable for large agent batches
  ---
  duration_ms: 1.4634
  type: 'test'
  ...
# Subtest: subagent detail modal is wired for selected subagents
ok 1713 - subagent detail modal is wired for selected subagents
  ---
  duration_ms: 0.9565
  type: 'test'
  ...
# Subtest: subagent color differentiation is applied deterministically
ok 1714 - subagent color differentiation is applied deterministically
  ---
  duration_ms: 4.7353
  type: 'test'
  ...
# Subtest: subagent sessions are filtered out of History Sidebar
ok 1715 - subagent sessions are filtered out of History Sidebar
  ---
  duration_ms: 1.2389
  type: 'test'
  ...
# Subtest: ThinkingStatusTicker renders below the spawned subagents UI
ok 1716 - ThinkingStatusTicker renders below the spawned subagents UI
  ---
  duration_ms: 1.8715
  type: 'test'
  ...
# Subtest: subagent detail modal is responsive and visually aligned with chat surfaces
ok 1717 - subagent detail modal is responsive and visually aligned with chat surfaces
  ---
  duration_ms: 2.221
  type: 'test'
  ...
# Subtest: SystemMessage component has max-height constraint for long content
ok 1718 - SystemMessage component has max-height constraint for long content
  ---
  duration_ms: 2.8325
  type: 'test'
  ...
# Subtest: SystemMessage component maintains proper styling structure
ok 1719 - SystemMessage component maintains proper styling structure
  ---
  duration_ms: 1.0251
  type: 'test'
  ...
# Subtest: deferred merge: pendingSystemMessages storage or similar mechanism exists
ok 1720 - deferred merge: pendingSystemMessages storage or similar mechanism exists
  ---
  duration_ms: 5.2827
  type: 'test'
  ...
# Subtest: deferred merge: helper function or mechanism for flushing messages exists
ok 1721 - deferred merge: helper function or mechanism for flushing messages exists
  ---
  duration_ms: 0.511
  type: 'test'
  ...
# Subtest: deferred merge: early return logic for empty pending state
ok 1722 - deferred merge: early return logic for empty pending state
  ---
  duration_ms: 1.0657
  type: 'test'
  ...
# Subtest: deferred merge: conversion and clearing of pending messages
ok 1723 - deferred merge: conversion and clearing of pending messages
  ---
  duration_ms: 0.6259
  type: 'test'
  ...
# Subtest: deferred merge: flush function dispatches messages appropriately
ok 1724 - deferred merge: flush function dispatches messages appropriately
  ---
  duration_ms: 1.5253
  type: 'test'
  ...
# Subtest: deferred merge: system messages during streaming are stored, not dispatched
ok 1725 - deferred merge: system messages during streaming are stored, not dispatched
  ---
  duration_ms: 0.8273
  type: 'test'
  ...
# Subtest: deferred merge: flush is called on messageResponse (completion)
ok 1726 - deferred merge: flush is called on messageResponse (completion)
  ---
  duration_ms: 1.0161
  type: 'test'
  ...
# Subtest: deferred merge: flush is called on finish/done events
ok 1727 - deferred merge: flush is called on finish/done events
  ---
  duration_ms: 0.637
  type: 'test'
  ...
# Subtest: deferred merge: flush is called on done events
ok 1728 - deferred merge: flush is called on done events
  ---
  duration_ms: 1.711
  type: 'test'
  ...
# Subtest: deferred merge: flush is called on error events
ok 1729 - deferred merge: flush is called on error events
  ---
  duration_ms: 1.5112
  type: 'test'
  ...
# Subtest: deferred merge: flush is called on stopRequestHandled
ok 1730 - deferred merge: flush is called on stopRequestHandled
  ---
  duration_ms: 1.6936
  type: 'test'
  ...
# Subtest: deferred merge: implementation prevents race conditions
ok 1731 - deferred merge: implementation prevents race conditions
  ---
  duration_ms: 0.7755
  type: 'test'
  ...
# Subtest: deferred merge: multiple system messages during streaming are all handled
ok 1732 - deferred merge: multiple system messages during streaming are all handled
  ---
  duration_ms: 0.6493
  type: 'test'
  ...
# Subtest: deferred merge: pending messages are cleared after flush
ok 1733 - deferred merge: pending messages are cleared after flush
  ---
  duration_ms: 0.582
  type: 'test'
  ...
# Subtest: deferred merge: flush guards against empty pending state
ok 1734 - deferred merge: flush guards against empty pending state
  ---
  duration_ms: 0.6091
  type: 'test'
  ...
# Subtest: deferred merge: system message uses pattern-based detection
ok 1735 - deferred merge: system message uses pattern-based detection
  ---
  duration_ms: 0.7412
  type: 'test'
  ...
# Subtest: deferred merge: system messages have correct role property
ok 1736 - deferred merge: system messages have correct role property
  ---
  duration_ms: 0.801
  type: 'test'
  ...
# Subtest: deferred merge: message events are properly routed
ok 1737 - deferred merge: message events are properly routed
  ---
  duration_ms: 11.7763
  type: 'test'
  ...
# Subtest: deferred merge: implementation maintains pattern-based filtering
ok 1738 - deferred merge: implementation maintains pattern-based filtering
  ---
  duration_ms: 4.0795
  type: 'test'
  ...
# Subtest: deferred merge: prevents duplicate messages
ok 1739 - deferred merge: prevents duplicate messages
  ---
  duration_ms: 1.6488
  type: 'test'
  ...
# Subtest: deferred merge: system message dispatching logic
ok 1740 - deferred merge: system message dispatching logic
  ---
  duration_ms: 0.8329
  type: 'test'
  ...
# Subtest: deferred merge: handles streaming state properly
ok 1741 - deferred merge: handles streaming state properly
  ---
  duration_ms: 1.8534
  type: 'test'
  ...
# Subtest: deferred merge: processes messages across all exit paths
ok 1742 - deferred merge: processes messages across all exit paths
  ---
  duration_ms: 0.9286
  type: 'test'
  ...
# Subtest: system messages are added during streaming (not blocked by !current check)
ok 1743 - system messages are added during streaming (not blocked by !current check)
  ---
  duration_ms: 5.3573
  type: 'test'
  ...
# Subtest: system message streaming does not interfere with streaming state
ok 1744 - system message streaming does not interfere with streaming state
  ---
  duration_ms: 1.4884
  type: 'test'
  ...
# Subtest: system messages break out of processing after being added
ok 1745 - system messages break out of processing after being added
  ---
  duration_ms: 5.4869
  type: 'test'
  ...
# Subtest: system message detection uses hasSystemMessagePatternInText function
ok 1746 - system message detection uses hasSystemMessagePatternInText function
  ---
  duration_ms: 2.0782
  type: 'test'
  ...
# Subtest: MessageComponents declares hasStreamingActivity and guards 'Thinking...' UI
ok 1747 - MessageComponents declares hasStreamingActivity and guards 'Thinking...' UI
  ---
  duration_ms: 5.2267
  type: 'test'
  ...
# Subtest: MessageComponents uses rotating thinking status text and handles response visibility
ok 1748 - MessageComponents uses rotating thinking status text and handles response visibility
  ---
  duration_ms: 2.0721
  type: 'test'
  ...
# Subtest: todo event stream handling supports add and update operations
ok 1749 - todo event stream handling supports add and update operations
  ---
  duration_ms: 16.4653
  type: 'test'
  ...
# Subtest: todo state reducer exposes item list set, append, and patch transitions
ok 1750 - todo state reducer exposes item list set, append, and patch transitions
  ---
  duration_ms: 2.1885
  type: 'test'
  ...
# Subtest: todo panel renders status icons and empty-state fallback
ok 1751 - todo panel renders status icons and empty-state fallback
  ---
  duration_ms: 2.0097
  type: 'test'
  ...
# Subtest: provider should forward todo_update stream events as todoUpdate postMessage to webview
ok 1752 - provider should forward todo_update stream events as todoUpdate postMessage to webview
  ---
  duration_ms: 16.6494
  type: 'test'
  ...
# Subtest: todo reducer should upsert existing todo items instead of blindly appending on duplicate id
ok 1753 - todo reducer should upsert existing todo items instead of blindly appending on duplicate id
  ---
  duration_ms: 2.9708
  type: 'test'
  ...
# Subtest: structured output schema simplified - todos handled via UI state
ok 1754 - structured output schema simplified - todos handled via UI state
  ---
  duration_ms: 1.4401
  type: 'test'
  ...
# Subtest: initState payload sent to webview includes state for session rehydration
ok 1755 - initState payload sent to webview includes state for session rehydration
  ---
  duration_ms: 4.9917
  type: 'test'
  ...
# Subtest: messageHandler exposes normalizeTodoRecord and ingestNormalizedTodo for unified todo ingestion
ok 1756 - messageHandler exposes normalizeTodoRecord and ingestNormalizedTodo for unified todo ingestion
  ---
  duration_ms: 0.9749
  type: 'test'
  ...
# Subtest: store lifecycle rank, upsert and terminal-immutability exist for todo reducer
ok 1757 - store lifecycle rank, upsert and terminal-immutability exist for todo reducer
  ---
  duration_ms: 2.2423
  type: 'test'
  ...
# Subtest: types still include cancelled todo status (regression guard)
ok 1758 - types still include cancelled todo status (regression guard)
  ---
  duration_ms: 2.2214
  type: 'test'
  ...
# Subtest: PanelComponents still renders failed/cancelled icon for todo statuses
ok 1759 - PanelComponents still renders failed/cancelled icon for todo statuses
  ---
  duration_ms: 1.0444
  type: 'test'
  ...
# Subtest: ProgressItem type includes diffStats field
ok 1760 - ProgressItem type includes diffStats field
  ---
  duration_ms: 6.0827
  type: 'test'
  ...
# Subtest: progressItemsFromSteps extracts diffStats from steps
ok 1761 - progressItemsFromSteps extracts diffStats from steps
  ---
  duration_ms: 0.8976
  type: 'test'
  ...
# Subtest: AssistantMessage renders diff stats when present
ok 1762 - AssistantMessage renders diff stats when present
  ---
  duration_ms: 0.8521
  type: 'test'
  ...
# Subtest: AssistantMessage falls back to message edits diff stats for edit steps
ok 1763 - AssistantMessage falls back to message edits diff stats for edit steps
  ---
  duration_ms: 1.0381
  type: 'test'
  ...
# Subtest: AssistantMessage renders structured activityDetail chips and diff excerpt component
ok 1764 - AssistantMessage renders structured activityDetail chips and diff excerpt component
  ---
  duration_ms: 0.6789
  type: 'test'
  ...
# Subtest: Subagent detail rendering uses inline rows and modal (not popovers)
ok 1765 - Subagent detail rendering uses inline rows and modal (not popovers)
  ---
  duration_ms: 0.5898
  type: 'test'
  ...
# Subtest: AssistantMessage subagent rows render activity and open detail modal
ok 1766 - AssistantMessage subagent rows render activity and open detail modal
  ---
  duration_ms: 1.2235
  type: 'test'
  ...
# Subtest: Raw data rendering handles typed edits
ok 1767 - Raw data rendering handles typed edits
  ---
  duration_ms: 1.4375
  type: 'test'
  ...
# Subtest: AssistantMessage renders activity source badges and toggles internal rows into the same stepper
ok 1768 - AssistantMessage renders activity source badges and toggles internal rows into the same stepper
  ---
  duration_ms: 1.68
  type: 'test'
  ...
# Subtest: AssistantMessage renders unified stepper reasoning rows and raw-debug parse status
ok 1769 - AssistantMessage renders unified stepper reasoning rows and raw-debug parse status
  ---
  duration_ms: 2.9081
  type: 'test'
  ...
# Subtest: webview history normalization drops internal system-reminder transport messages
ok 1770 - webview history normalization drops internal system-reminder transport messages
  ---
  duration_ms: 4.8246
  type: 'test'
  ...
# Subtest: webview store exports isInternalTransportReminderMessage function
ok 1771 - webview store exports isInternalTransportReminderMessage function
  ---
  duration_ms: 4.5639
  type: 'test'
  ...
# Subtest: webview store isInternalTransportReminderMessage detects square-bracketed system messages
ok 1772 - webview store isInternalTransportReminderMessage detects square-bracketed system messages
  ---
  duration_ms: 1.2713
  type: 'test'
  ...
# Subtest: webview store isInternalTransportReminderMessage detects angle-bracketed system messages
ok 1773 - webview store isInternalTransportReminderMessage detects angle-bracketed system messages
  ---
  duration_ms: 0.8699
  type: 'test'
  ...
# Subtest: webview store isInternalTransportReminderMessage detects comment-style system messages
ok 1774 - webview store isInternalTransportReminderMessage detects comment-style system messages
  ---
  duration_ms: 1.5717
  type: 'test'
  ...
# Subtest: webview store isInternalTransportReminderMessage uses dynamic pattern matching
ok 1775 - webview store isInternalTransportReminderMessage uses dynamic pattern matching
  ---
  duration_ms: 1.6667
  type: 'test'
  ...
# Subtest: webview store isInternalTransportReminderMessage checks role before checking patterns
ok 1776 - webview store isInternalTransportReminderMessage checks role before checking patterns
  ---
  duration_ms: 12.227
  type: 'test'
  ...
# Subtest: webview store exports hasSystemMessagePatternInText helper function
ok 1777 - webview store exports hasSystemMessagePatternInText helper function
  ---
  duration_ms: 1.3527
  type: 'test'
  ...
# Subtest: webview store hasSystemMessagePatternInText uses same pattern matching logic
ok 1778 - webview store hasSystemMessagePatternInText uses same pattern matching logic
  ---
  duration_ms: 1.1152
  type: 'test'
  ...
# Subtest: webview store hasSystemMessagePatternInText checks for empty text
ok 1779 - webview store hasSystemMessagePatternInText checks for empty text
  ---
  duration_ms: 2.1646
  type: 'test'
  ...
# Subtest: webview messageHandler imports hasSystemMessagePatternInText from store
ok 1780 - webview messageHandler imports hasSystemMessagePatternInText from store
  ---
  duration_ms: 1.1882
  type: 'test'
  ...
# Subtest: webview messageHandler checks for system messages in message.part.updated events
ok 1781 - webview messageHandler checks for system messages in message.part.updated events
  ---
  duration_ms: 1.3727
  type: 'test'
  ...
# Subtest: webview messageHandler creates system message when pattern detected
ok 1782 - webview messageHandler creates system message when pattern detected
  ---
  duration_ms: 1.13
  type: 'test'
  ...
# Subtest: webview messageHandler allows user messages through role filter for system pattern detection
ok 1783 - webview messageHandler allows user messages through role filter for system pattern detection
  ---
  duration_ms: 7.6872
  type: 'test'
  ...
# Subtest: webview messageHandler checks system patterns early in message.part.updated flow
ok 1784 - webview messageHandler checks system patterns early in message.part.updated flow
  ---
  duration_ms: 4.1322
  type: 'test'
  ...
1..1784
# tests 2174
# suites 125
# pass 1880
# fail 144
# cancelled 125
# skipped 25
# todo 0
# duration_ms 13465.1737
